生成启动时间为 2025/8/18 01:33:56。
     1>项目“/root/WorkSpace/CSharp/BannerlordModEditor/BannerlordModEditor.Common.Tests/BannerlordModEditor.Common.Tests.csproj”在节点 1 上(Restore 个目标)。
     1>_GetAllRestoreProjectPathItems:
         正在确定要还原的项目…
       Restore:
         X.509 证书链验证将使用 "/usr/local/bin/sdk/9.0.303/trustedroots/codesignctl.pem" 处的回退证书捆绑包。
         X.509 证书链验证将使用 "/usr/local/bin/sdk/9.0.303/trustedroots/timestampctl.pem" 处的回退证书捆绑包。
         资产文件未改变。跳过资产文件写入。路径: /root/WorkSpace/CSharp/BannerlordModEditor/BannerlordModEditor.Common.Tests/obj/project.assets.json
         资产文件未改变。跳过资产文件写入。路径: /root/WorkSpace/CSharp/BannerlordModEditor/BannerlordModEditor.Common/obj/project.assets.json
         已还原 /root/WorkSpace/CSharp/BannerlordModEditor/BannerlordModEditor.Common/BannerlordModEditor.Common.csproj (用时 40 毫秒)。
         已还原 /root/WorkSpace/CSharp/BannerlordModEditor/BannerlordModEditor.Common.Tests/BannerlordModEditor.Common.Tests.csproj (用时 40 毫秒)。
         
         使用的 NuGet 配置文件:
             /root/.nuget/NuGet/NuGet.Config
         
         使用的源:
             https://api.nuget.org/v3/index.json
         所有项目均是最新的，无法还原。
     1>已完成生成项目“/root/WorkSpace/CSharp/BannerlordModEditor/BannerlordModEditor.Common.Tests/BannerlordModEditor.Common.Tests.csproj”(Restore 个目标)的操作。
   1:7>项目“/root/WorkSpace/CSharp/BannerlordModEditor/BannerlordModEditor.Common.Tests/BannerlordModEditor.Common.Tests.csproj”在节点 1 上(VSTest 个目标)。
     1>BuildProject:
         已开始生成，请等待...
   1:7>项目“/root/WorkSpace/CSharp/BannerlordModEditor/BannerlordModEditor.Common.Tests/BannerlordModEditor.Common.Tests.csproj”(1:7)正在节点 1 上生成“/root/WorkSpace/CSharp/BannerlordModEditor/BannerlordModEditor.Common.Tests/BannerlordModEditor.Common.Tests.csproj”(1:8) (默认目标)。
   1:8>项目“/root/WorkSpace/CSharp/BannerlordModEditor/BannerlordModEditor.Common.Tests/BannerlordModEditor.Common.Tests.csproj”(1:8)正在节点 1 上生成“/root/WorkSpace/CSharp/BannerlordModEditor/BannerlordModEditor.Common/BannerlordModEditor.Common.csproj”(2:6) (默认目标)。
     2>GenerateTargetFrameworkMonikerAttribute:
       正在跳过目标“GenerateTargetFrameworkMonikerAttribute”，因为所有输出文件相对于输入文件而言都是最新的。
       _GenerateSourceLinkFile:
         正在更新 Source Link 文件 "obj/Debug/net9.0/BannerlordModEditor.Common.sourcelink.json"。
       CoreCompile:
         /usr/local/bin/dotnet exec "/usr/local/bin/sdk/9.0.303/Roslyn/bincore/csc.dll" /noconfig /unsafe- /checked- /nowarn:1701,1702,1701,1702 /fullpaths /nostdlib+ /errorreport:prompt /warn:9 /define:TRACE;DEBUG;NET;NET9_0;NETCOREAPP;NET5_0_OR_GREATER;NET6_0_OR_GREATER;NET7_0_OR_GREATER;NET8_0_OR_GREATER;NET9_0_OR_GREATER;NETCOREAPP1_0_OR_GREATER;NETCOREAPP1_1_OR_GREATER;NETCOREAPP2_0_OR_GREATER;NETCOREAPP2_1_OR_GREATER;NETCOREAPP2_2_OR_GREATER;NETCOREAPP3_0_OR_GREATER;NETCOREAPP3_1_OR_GREATER /highentropyva+ /nullable:enable /reference:/usr/local/bin/packs/Microsoft.NETCore.App.Ref/9.0.7/ref/net9.0/Microsoft.CSharp.dll /reference:/usr/local/bin/packs/Microsoft.NETCore.App.Ref/9.0.7/ref/net9.0/Microsoft.VisualBasic.Core.dll /reference:/usr/local/bin/packs/Microsoft.NETCore.App.Ref/9.0.7/ref/net9.0/Microsoft.VisualBasic.dll /reference:/usr/local/bin/packs/Microsoft.NETCore.App.Ref/9.0.7/ref/net9.0/Microsoft.Win32.Primitives.dll /reference:/usr/local/bin/packs/Microsoft.NETCore.App.Ref/9.0.7/ref/net9.0/Microsoft.Win32.Registry.dll /reference:/usr/local/bin/packs/Microsoft.NETCore.App.Ref/9.0.7/ref/net9.0/mscorlib.dll /reference:/usr/local/bin/packs/Microsoft.NETCore.App.Ref/9.0.7/ref/net9.0/netstandard.dll /reference:/usr/local/bin/packs/Microsoft.NETCore.App.Ref/9.0.7/ref/net9.0/System.AppContext.dll /reference:/usr/local/bin/packs/Microsoft.NETCore.App.Ref/9.0.7/ref/net9.0/System.Buffers.dll /reference:/usr/local/bin/packs/Microsoft.NETCore.App.Ref/9.0.7/ref/net9.0/System.Collections.Concurrent.dll /reference:/usr/local/bin/packs/Microsoft.NETCore.App.Ref/9.0.7/ref/net9.0/System.Collections.dll /reference:/usr/local/bin/packs/Microsoft.NETCore.App.Ref/9.0.7/ref/net9.0/System.Collections.Immutable.dll /reference:/usr/local/bin/packs/Microsoft.NETCore.App.Ref/9.0.7/ref/net9.0/System.Collections.NonGeneric.dll /reference:/usr/local/bin/packs/Microsoft.NETCore.App.Ref/9.0.7/ref/net9.0/System.Collections.Specialized.dll /reference:/usr/local/bin/packs/Microsoft.NETCore.App.Ref/9.0.7/ref/net9.0/System.ComponentModel.Annotations.dll /reference:/usr/local/bin/packs/Microsoft.NETCore.App.Ref/9.0.7/ref/net9.0/System.ComponentModel.DataAnnotations.dll /reference:/usr/local/bin/packs/Microsoft.NETCore.App.Ref/9.0.7/ref/net9.0/System.ComponentModel.dll /reference:/usr/local/bin/packs/Microsoft.NETCore.App.Ref/9.0.7/ref/net9.0/System.ComponentModel.EventBasedAsync.dll /reference:/usr/local/bin/packs/Microsoft.NETCore.App.Ref/9.0.7/ref/net9.0/System.ComponentModel.Primitives.dll /reference:/usr/local/bin/packs/Microsoft.NETCore.App.Ref/9.0.7/ref/net9.0/System.ComponentModel.TypeConverter.dll /reference:/usr/local/bin/packs/Microsoft.NETCore.App.Ref/9.0.7/ref/net9.0/System.Configuration.dll /reference:/usr/local/bin/packs/Microsoft.NETCore.App.Ref/9.0.7/ref/net9.0/System.Console.dll /reference:/usr/local/bin/packs/Microsoft.NETCore.App.Ref/9.0.7/ref/net9.0/System.Core.dll /reference:/usr/local/bin/packs/Microsoft.NETCore.App.Ref/9.0.7/ref/net9.0/System.Data.Common.dll /reference:/usr/local/bin/packs/Microsoft.NETCore.App.Ref/9.0.7/ref/net9.0/System.Data.DataSetExtensions.dll /reference:/usr/local/bin/packs/Microsoft.NETCore.App.Ref/9.0.7/ref/net9.0/System.Data.dll /reference:/usr/local/bin/packs/Microsoft.NETCore.App.Ref/9.0.7/ref/net9.0/System.Diagnostics.Contracts.dll /reference:/usr/local/bin/packs/Microsoft.NETCore.App.Ref/9.0.7/ref/net9.0/System.Diagnostics.Debug.dll /reference:/usr/local/bin/packs/Microsoft.NETCore.App.Ref/9.0.7/ref/net9.0/System.Diagnostics.DiagnosticSource.dll /reference:/usr/local/bin/packs/Microsoft.NETCore.App.Ref/9.0.7/ref/net9.0/System.Diagnostics.FileVersionInfo.dll /reference:/usr/local/bin/packs/Microsoft.NETCore.App.Ref/9.0.7/ref/net9.0/System.Diagnostics.Process.dll /reference:/usr/local/bin/packs/Microsoft.NETCore.App.Ref/9.0.7/ref/net9.0/System.Diagnostics.StackTrace.dll /reference:/usr/local/bin/packs/Microsoft.NETCore.App.Ref/9.0.7/ref/net9.0/System.Diagnostics.TextWriterTraceListener.dll /reference:/usr/local/bin/packs/Microsoft.NETCore.App.Ref/9.0.7/ref/net9.0/System.Diagnostics.Tools.dll /reference:/usr/local/bin/packs/Microsoft.NETCore.App.Ref/9.0.7/ref/net9.0/System.Diagnostics.TraceSource.dll /reference:/usr/local/bin/packs/Microsoft.NETCore.App.Ref/9.0.7/ref/net9.0/System.Diagnostics.Tracing.dll /reference:/usr/local/bin/packs/Microsoft.NETCore.App.Ref/9.0.7/ref/net9.0/System.dll /reference:/usr/local/bin/packs/Microsoft.NETCore.App.Ref/9.0.7/ref/net9.0/System.Drawing.dll /reference:/usr/local/bin/packs/Microsoft.NETCore.App.Ref/9.0.7/ref/net9.0/System.Drawing.Primitives.dll /reference:/usr/local/bin/packs/Microsoft.NETCore.App.Ref/9.0.7/ref/net9.0/System.Dynamic.Runtime.dll /reference:/usr/local/bin/packs/Microsoft.NETCore.App.Ref/9.0.7/ref/net9.0/System.Formats.Asn1.dll /reference:/usr/local/bin/packs/Microsoft.NETCore.App.Ref/9.0.7/ref/net9.0/System.Formats.Tar.dll /reference:/usr/local/bin/packs/Microsoft.NETCore.App.Ref/9.0.7/ref/net9.0/System.Globalization.Calendars.dll /reference:/usr/local/bin/packs/Microsoft.NETCore.App.Ref/9.0.7/ref/net9.0/System.Globalization.dll /reference:/usr/local/bin/packs/Microsoft.NETCore.App.Ref/9.0.7/ref/net9.0/System.Globalization.Extensions.dll /reference:/usr/local/bin/packs/Microsoft.NETCore.App.Ref/9.0.7/ref/net9.0/System.IO.Compression.Brotli.dll /reference:/usr/local/bin/packs/Microsoft.NETCore.App.Ref/9.0.7/ref/net9.0/System.IO.Compression.dll /reference:/usr/local/bin/packs/Microsoft.NETCore.App.Ref/9.0.7/ref/net9.0/System.IO.Compression.FileSystem.dll /reference:/usr/local/bin/packs/Microsoft.NETCore.App.Ref/9.0.7/ref/net9.0/System.IO.Compression.ZipFile.dll /reference:/usr/local/bin/packs/Microsoft.NETCore.App.Ref/9.0.7/ref/net9.0/System.IO.dll /reference:/usr/local/bin/packs/Microsoft.NETCore.App.Ref/9.0.7/ref/net9.0/System.IO.FileSystem.AccessControl.dll /reference:/usr/local/bin/packs/Microsoft.NETCore.App.Ref/9.0.7/ref/net9.0/System.IO.FileSystem.dll /reference:/usr/local/bin/packs/Microsoft.NETCore.App.Ref/9.0.7/ref/net9.0/System.IO.FileSystem.DriveInfo.dll /reference:/usr/local/bin/packs/Microsoft.NETCore.App.Ref/9.0.7/ref/net9.0/System.IO.FileSystem.Primitives.dll /reference:/usr/local/bin/packs/Microsoft.NETCore.App.Ref/9.0.7/ref/net9.0/System.IO.FileSystem.Watcher.dll /reference:/usr/local/bin/packs/Microsoft.NETCore.App.Ref/9.0.7/ref/net9.0/System.IO.IsolatedStorage.dll /reference:/usr/local/bin/packs/Microsoft.NETCore.App.Ref/9.0.7/ref/net9.0/System.IO.MemoryMappedFiles.dll /reference:/usr/local/bin/packs/Microsoft.NETCore.App.Ref/9.0.7/ref/net9.0/System.IO.Pipelines.dll /reference:/usr/local/bin/packs/Microsoft.NETCore.App.Ref/9.0.7/ref/net9.0/System.IO.Pipes.AccessControl.dll /reference:/usr/local/bin/packs/Microsoft.NETCore.App.Ref/9.0.7/ref/net9.0/System.IO.Pipes.dll /reference:/usr/local/bin/packs/Microsoft.NETCore.App.Ref/9.0.7/ref/net9.0/System.IO.UnmanagedMemoryStream.dll /reference:/usr/local/bin/packs/Microsoft.NETCore.App.Ref/9.0.7/ref/net9.0/System.Linq.dll /reference:/usr/local/bin/packs/Microsoft.NETCore.App.Ref/9.0.7/ref/net9.0/System.Linq.Expressions.dll /reference:/usr/local/bin/packs/Microsoft.NETCore.App.Ref/9.0.7/ref/net9.0/System.Linq.Parallel.dll /reference:/usr/local/bin/packs/Microsoft.NETCore.App.Ref/9.0.7/ref/net9.0/System.Linq.Queryable.dll /reference:/usr/local/bin/packs/Microsoft.NETCore.App.Ref/9.0.7/ref/net9.0/System.Memory.dll /reference:/usr/local/bin/packs/Microsoft.NETCore.App.Ref/9.0.7/ref/net9.0/System.Net.dll /reference:/usr/local/bin/packs/Microsoft.NETCore.App.Ref/9.0.7/ref/net9.0/System.Net.Http.dll /reference:/usr/local/bin/packs/Microsoft.NETCore.App.Ref/9.0.7/ref/net9.0/System.Net.Http.Json.dll /reference:/usr/local/bin/packs/Microsoft.NETCore.App.Ref/9.0.7/ref/net9.0/System.Net.HttpListener.dll /reference:/usr/local/bin/packs/Microsoft.NETCore.App.Ref/9.0.7/ref/net9.0/System.Net.Mail.dll /reference:/usr/local/bin/packs/Microsoft.NETCore.App.Ref/9.0.7/ref/net9.0/System.Net.NameResolution.dll /reference:/usr/local/bin/packs/Microsoft.NETCore.App.Ref/9.0.7/ref/net9.0/System.Net.NetworkInformation.dll /reference:/usr/local/bin/packs/Microsoft.NETCore.App.Ref/9.0.7/ref/net9.0/System.Net.Ping.dll /reference:/usr/local/bin/packs/Microsoft.NETCore.App.Ref/9.0.7/ref/net9.0/System.Net.Primitives.dll /reference:/usr/local/bin/packs/Microsoft.NETCore.App.Ref/9.0.7/ref/net9.0/System.Net.Quic.dll /reference:/usr/local/bin/packs/Microsoft.NETCore.App.Ref/9.0.7/ref/net9.0/System.Net.Requests.dll /reference:/usr/local/bin/packs/Microsoft.NETCore.App.Ref/9.0.7/ref/net9.0/System.Net.Security.dll /reference:/usr/local/bin/packs/Microsoft.NETCore.App.Ref/9.0.7/ref/net9.0/System.Net.ServicePoint.dll /reference:/usr/local/bin/packs/Microsoft.NETCore.App.Ref/9.0.7/ref/net9.0/System.Net.Sockets.dll /reference:/usr/local/bin/packs/Microsoft.NETCore.App.Ref/9.0.7/ref/net9.0/System.Net.WebClient.dll /reference:/usr/local/bin/packs/Microsoft.NETCore.App.Ref/9.0.7/ref/net9.0/System.Net.WebHeaderCollection.dll /reference:/usr/local/bin/packs/Microsoft.NETCore.App.Ref/9.0.7/ref/net9.0/System.Net.WebProxy.dll /reference:/usr/local/bin/packs/Microsoft.NETCore.App.Ref/9.0.7/ref/net9.0/System.Net.WebSockets.Client.dll /reference:/usr/local/bin/packs/Microsoft.NETCore.App.Ref/9.0.7/ref/net9.0/System.Net.WebSockets.dll /reference:/usr/local/bin/packs/Microsoft.NETCore.App.Ref/9.0.7/ref/net9.0/System.Numerics.dll /reference:/usr/local/bin/packs/Microsoft.NETCore.App.Ref/9.0.7/ref/net9.0/System.Numerics.Vectors.dll /reference:/usr/local/bin/packs/Microsoft.NETCore.App.Ref/9.0.7/ref/net9.0/System.ObjectModel.dll /reference:/usr/local/bin/packs/Microsoft.NETCore.App.Ref/9.0.7/ref/net9.0/System.Reflection.DispatchProxy.dll /reference:/usr/local/bin/packs/Microsoft.NETCore.App.Ref/9.0.7/ref/net9.0/System.Reflection.dll /reference:/usr/local/bin/packs/Microsoft.NETCore.App.Ref/9.0.7/ref/net9.0/System.Reflection.Emit.dll /reference:/usr/local/bin/packs/Microsoft.NETCore.App.Ref/9.0.7/ref/net9.0/System.Reflection.Emit.ILGeneration.dll /reference:/usr/local/bin/packs/Microsoft.NETCore.App.Ref/9.0.7/ref/net9.0/System.Reflection.Emit.Lightweight.dll /reference:/usr/local/bin/packs/Microsoft.NETCore.App.Ref/9.0.7/ref/net9.0/System.Reflection.Extensions.dll /reference:/usr/local/bin/packs/Microsoft.NETCore.App.Ref/9.0.7/ref/net9.0/System.Reflection.Metadata.dll /reference:/usr/local/bin/packs/Microsoft.NETCore.App.Ref/9.0.7/ref/net9.0/System.Reflection.Primitives.dll /reference:/usr/local/bin/packs/Microsoft.NETCore.App.Ref/9.0.7/ref/net9.0/System.Reflection.TypeExtensions.dll /reference:/usr/local/bin/packs/Microsoft.NETCore.App.Ref/9.0.7/ref/net9.0/System.Resources.Reader.dll /reference:/usr/local/bin/packs/Microsoft.NETCore.App.Ref/9.0.7/ref/net9.0/System.Resources.ResourceManager.dll /reference:/usr/local/bin/packs/Microsoft.NETCore.App.Ref/9.0.7/ref/net9.0/System.Resources.Writer.dll /reference:/usr/local/bin/packs/Microsoft.NETCore.App.Ref/9.0.7/ref/net9.0/System.Runtime.CompilerServices.Unsafe.dll /reference:/usr/local/bin/packs/Microsoft.NETCore.App.Ref/9.0.7/ref/net9.0/System.Runtime.CompilerServices.VisualC.dll /reference:/usr/local/bin/packs/Microsoft.NETCore.App.Ref/9.0.7/ref/net9.0/System.Runtime.dll /reference:/usr/local/bin/packs/Microsoft.NETCore.App.Ref/9.0.7/ref/net9.0/System.Runtime.Extensions.dll /reference:/usr/local/bin/packs/Microsoft.NETCore.App.Ref/9.0.7/ref/net9.0/System.Runtime.Handles.dll /reference:/usr/local/bin/packs/Microsoft.NETCore.App.Ref/9.0.7/ref/net9.0/System.Runtime.InteropServices.dll /reference:/usr/local/bin/packs/Microsoft.NETCore.App.Ref/9.0.7/ref/net9.0/System.Runtime.InteropServices.JavaScript.dll /reference:/usr/local/bin/packs/Microsoft.NETCore.App.Ref/9.0.7/ref/net9.0/System.Runtime.InteropServices.RuntimeInformation.dll /reference:/usr/local/bin/packs/Microsoft.NETCore.App.Ref/9.0.7/ref/net9.0/System.Runtime.Intrinsics.dll /reference:/usr/local/bin/packs/Microsoft.NETCore.App.Ref/9.0.7/ref/net9.0/System.Runtime.Loader.dll /reference:/usr/local/bin/packs/Microsoft.NETCore.App.Ref/9.0.7/ref/net9.0/System.Runtime.Numerics.dll /reference:/usr/local/bin/packs/Microsoft.NETCore.App.Ref/9.0.7/ref/net9.0/System.Runtime.Serialization.dll /reference:/usr/local/bin/packs/Microsoft.NETCore.App.Ref/9.0.7/ref/net9.0/System.Runtime.Serialization.Formatters.dll /reference:/usr/local/bin/packs/Microsoft.NETCore.App.Ref/9.0.7/ref/net9.0/System.Runtime.Serialization.Json.dll /reference:/usr/local/bin/packs/Microsoft.NETCore.App.Ref/9.0.7/ref/net9.0/System.Runtime.Serialization.Primitives.dll /reference:/usr/local/bin/packs/Microsoft.NETCore.App.Ref/9.0.7/ref/net9.0/System.Runtime.Serialization.Xml.dll /reference:/usr/local/bin/packs/Microsoft.NETCore.App.Ref/9.0.7/ref/net9.0/System.Security.AccessControl.dll /reference:/usr/local/bin/packs/Microsoft.NETCore.App.Ref/9.0.7/ref/net9.0/System.Security.Claims.dll /reference:/usr/local/bin/packs/Microsoft.NETCore.App.Ref/9.0.7/ref/net9.0/System.Security.Cryptography.Algorithms.dll /reference:/usr/local/bin/packs/Microsoft.NETCore.App.Ref/9.0.7/ref/net9.0/System.Security.Cryptography.Cng.dll /reference:/usr/local/bin/packs/Microsoft.NETCore.App.Ref/9.0.7/ref/net9.0/System.Security.Cryptography.Csp.dll /reference:/usr/local/bin/packs/Microsoft.NETCore.App.Ref/9.0.7/ref/net9.0/System.Security.Cryptography.dll /reference:/usr/local/bin/packs/Microsoft.NETCore.App.Ref/9.0.7/ref/net9.0/System.Security.Cryptography.Encoding.dll /reference:/usr/local/bin/packs/Microsoft.NETCore.App.Ref/9.0.7/ref/net9.0/System.Security.Cryptography.OpenSsl.dll /reference:/usr/local/bin/packs/Microsoft.NETCore.App.Ref/9.0.7/ref/net9.0/System.Security.Cryptography.Primitives.dll /reference:/usr/local/bin/packs/Microsoft.NETCore.App.Ref/9.0.7/ref/net9.0/System.Security.Cryptography.X509Certificates.dll /reference:/usr/local/bin/packs/Microsoft.NETCore.App.Ref/9.0.7/ref/net9.0/System.Security.dll /reference:/usr/local/bin/packs/Microsoft.NETCore.App.Ref/9.0.7/ref/net9.0/System.Security.Principal.dll /reference:/usr/local/bin/packs/Microsoft.NETCore.App.Ref/9.0.7/ref/net9.0/System.Security.Principal.Windows.dll /reference:/usr/local/bin/packs/Microsoft.NETCore.App.Ref/9.0.7/ref/net9.0/System.Security.SecureString.dll /reference:/usr/local/bin/packs/Microsoft.NETCore.App.Ref/9.0.7/ref/net9.0/System.ServiceModel.Web.dll /reference:/usr/local/bin/packs/Microsoft.NETCore.App.Ref/9.0.7/ref/net9.0/System.ServiceProcess.dll /reference:/usr/local/bin/packs/Microsoft.NETCore.App.Ref/9.0.7/ref/net9.0/System.Text.Encoding.CodePages.dll /reference:/usr/local/bin/packs/Microsoft.NETCore.App.Ref/9.0.7/ref/net9.0/System.Text.Encoding.dll /reference:/usr/local/bin/packs/Microsoft.NETCore.App.Ref/9.0.7/ref/net9.0/System.Text.Encoding.Extensions.dll /reference:/usr/local/bin/packs/Microsoft.NETCore.App.Ref/9.0.7/ref/net9.0/System.Text.Encodings.Web.dll /reference:/usr/local/bin/packs/Microsoft.NETCore.App.Ref/9.0.7/ref/net9.0/System.Text.Json.dll /reference:/usr/local/bin/packs/Microsoft.NETCore.App.Ref/9.0.7/ref/net9.0/System.Text.RegularExpressions.dll /reference:/usr/local/bin/packs/Microsoft.NETCore.App.Ref/9.0.7/ref/net9.0/System.Threading.Channels.dll /reference:/usr/local/bin/packs/Microsoft.NETCore.App.Ref/9.0.7/ref/net9.0/System.Threading.dll /reference:/usr/local/bin/packs/Microsoft.NETCore.App.Ref/9.0.7/ref/net9.0/System.Threading.Overlapped.dll /reference:/usr/local/bin/packs/Microsoft.NETCore.App.Ref/9.0.7/ref/net9.0/System.Threading.Tasks.Dataflow.dll /reference:/usr/local/bin/packs/Microsoft.NETCore.App.Ref/9.0.7/ref/net9.0/System.Threading.Tasks.dll /reference:/usr/local/bin/packs/Microsoft.NETCore.App.Ref/9.0.7/ref/net9.0/System.Threading.Tasks.Extensions.dll /reference:/usr/local/bin/packs/Microsoft.NETCore.App.Ref/9.0.7/ref/net9.0/System.Threading.Tasks.Parallel.dll /reference:/usr/local/bin/packs/Microsoft.NETCore.App.Ref/9.0.7/ref/net9.0/System.Threading.Thread.dll /reference:/usr/local/bin/packs/Microsoft.NETCore.App.Ref/9.0.7/ref/net9.0/System.Threading.ThreadPool.dll /reference:/usr/local/bin/packs/Microsoft.NETCore.App.Ref/9.0.7/ref/net9.0/System.Threading.Timer.dll /reference:/usr/local/bin/packs/Microsoft.NETCore.App.Ref/9.0.7/ref/net9.0/System.Transactions.dll /reference:/usr/local/bin/packs/Microsoft.NETCore.App.Ref/9.0.7/ref/net9.0/System.Transactions.Local.dll /reference:/usr/local/bin/packs/Microsoft.NETCore.App.Ref/9.0.7/ref/net9.0/System.ValueTuple.dll /reference:/usr/local/bin/packs/Microsoft.NETCore.App.Ref/9.0.7/ref/net9.0/System.Web.dll /reference:/usr/local/bin/packs/Microsoft.NETCore.App.Ref/9.0.7/ref/net9.0/System.Web.HttpUtility.dll /reference:/usr/local/bin/packs/Microsoft.NETCore.App.Ref/9.0.7/ref/net9.0/System.Windows.dll /reference:/usr/local/bin/packs/Microsoft.NETCore.App.Ref/9.0.7/ref/net9.0/System.Xml.dll /reference:/usr/local/bin/packs/Microsoft.NETCore.App.Ref/9.0.7/ref/net9.0/System.Xml.Linq.dll /reference:/usr/local/bin/packs/Microsoft.NETCore.App.Ref/9.0.7/ref/net9.0/System.Xml.ReaderWriter.dll /reference:/usr/local/bin/packs/Microsoft.NETCore.App.Ref/9.0.7/ref/net9.0/System.Xml.Serialization.dll /reference:/usr/local/bin/packs/Microsoft.NETCore.App.Ref/9.0.7/ref/net9.0/System.Xml.XDocument.dll /reference:/usr/local/bin/packs/Microsoft.NETCore.App.Ref/9.0.7/ref/net9.0/System.Xml.XmlDocument.dll /reference:/usr/local/bin/packs/Microsoft.NETCore.App.Ref/9.0.7/ref/net9.0/System.Xml.XmlSerializer.dll /reference:/usr/local/bin/packs/Microsoft.NETCore.App.Ref/9.0.7/ref/net9.0/System.Xml.XPath.dll /reference:/usr/local/bin/packs/Microsoft.NETCore.App.Ref/9.0.7/ref/net9.0/System.Xml.XPath.XDocument.dll /reference:/usr/local/bin/packs/Microsoft.NETCore.App.Ref/9.0.7/ref/net9.0/WindowsBase.dll /debug+ /debug:portable /filealign:512 /optimize- /out:obj/Debug/net9.0/BannerlordModEditor.Common.dll /refout:obj/Debug/net9.0/refint/BannerlordModEditor.Common.dll /target:library /warnaserror- /utf8output /deterministic+ /sourcelink:obj/Debug/net9.0/BannerlordModEditor.Common.sourcelink.json /langversion:13.0 /embed:obj/Debug/net9.0/BannerlordModEditor.Common.GlobalUsings.g.cs /embed:"obj/Debug/net9.0/.NETCoreApp,Version=v9.0.AssemblyAttributes.cs" /embed:obj/Debug/net9.0/BannerlordModEditor.Common.AssemblyInfo.cs /analyzerconfig:/root/WorkSpace/CSharp/BannerlordModEditor/.editorconfig /analyzerconfig:obj/Debug/net9.0/BannerlordModEditor.Common.GeneratedMSBuildEditorConfig.editorconfig /analyzerconfig:/usr/local/bin/sdk/9.0.303/Sdks/Microsoft.NET.Sdk/analyzers/build/config/analysislevel_9_default.globalconfig /analyzer:/usr/local/bin/sdk/9.0.303/Sdks/Microsoft.NET.Sdk/targets/../analyzers/Microsoft.CodeAnalysis.CSharp.NetAnalyzers.dll /analyzer:/usr/local/bin/sdk/9.0.303/Sdks/Microsoft.NET.Sdk/targets/../analyzers/Microsoft.CodeAnalysis.NetAnalyzers.dll /analyzer:/usr/local/bin/packs/Microsoft.NETCore.App.Ref/9.0.7/analyzers/dotnet/cs/Microsoft.Interop.ComInterfaceGenerator.dll /analyzer:/usr/local/bin/packs/Microsoft.NETCore.App.Ref/9.0.7/analyzers/dotnet/cs/Microsoft.Interop.JavaScript.JSImportGenerator.dll /analyzer:/usr/local/bin/packs/Microsoft.NETCore.App.Ref/9.0.7/analyzers/dotnet/cs/Microsoft.Interop.LibraryImportGenerator.dll /analyzer:/usr/local/bin/packs/Microsoft.NETCore.App.Ref/9.0.7/analyzers/dotnet/cs/Microsoft.Interop.SourceGeneration.dll /analyzer:/usr/local/bin/packs/Microsoft.NETCore.App.Ref/9.0.7/analyzers/dotnet/cs/System.Text.Json.SourceGeneration.dll /analyzer:/usr/local/bin/packs/Microsoft.NETCore.App.Ref/9.0.7/analyzers/dotnet/cs/System.Text.RegularExpressions.Generator.dll Loaders/EnhancedXmlLoader.cs Loaders/GenericXmlLoader.cs Mappers/ActionSetsMapper.cs Mappers/ActionTypesMapper.cs Mappers/AttributesMapper.cs Mappers/BannerIconsMapper.cs Mappers/BoneBodyTypesMapper.cs Mappers/CollisionInfosMapper.cs Mappers/CombatParametersMapper.cs Mappers/CraftingPiecesMapper.cs Mappers/CraftingTemplatesMapper.cs Mappers/CreditsMapper.cs Mappers/FloraKindsLayoutMapper.cs Mappers/ItemHolstersLayoutMapper.cs Mappers/ItemHolstersMapper.cs Mappers/ItemModifiersMapper.cs Mappers/ItemUsageSetsMapper.cs Mappers/LayoutsBaseMapper.cs Mappers/LooknfeelMapper.cs Mappers/MapIconsMapper.cs Mappers/MonsterUsageSetsMapper.cs Mappers/MPClassDivisionsMapper.cs Mappers/MpcosmeticsMapper.cs Mappers/MpCraftingPiecesMapper.cs Mappers/MpItemsMapper.cs Mappers/ParticleSystemLayoutMapper.cs Mappers/ParticleSystemsMapper.cs Mappers/PhysicsMaterialsLayoutMapper.cs Mappers/PostfxGraphsMapper.cs Mappers/SkeletonsLayoutMapper.cs Mappers/VoiceDefinitionsMapper.cs Models/AdditionalSimpleTypes.cs Models/Attributes.cs Models/Audio/ModuleSounds.cs Models/Audio/SoundFiles.cs Models/Audio/VoiceDefinitions.cs Models/Configuration/CreditsExternalPartnersXBox.cs Models/Configuration/ManagedCoreParameters.cs Models/Configuration/NativeParameters.cs Models/Configuration/ProjectConfiguration.cs Models/Data/AchievementData.cs Models/Data/ActionSetsData.cs Models/Data/ActionTypesModel.cs Models/Data/Adjustables.cs Models/Data/AdjustablesDataModel.cs Models/Data/AttributesDataModel.cs Models/Data/BannerIconsModel.cs Models/Data/BeforeTransparentsGraph.cs Models/Data/BoneBodyTypes.cs Models/Data/BooleanWrapper.cs Models/Data/ClothBodiesModel.cs Models/Data/ClothMaterials.cs Models/Data/CollisionInfosModel.cs Models/Data/CombatParameters.cs Models/Data/CombatParametersModel.cs Models/Data/CraftingPieces.cs Models/Data/CraftingTemplates.cs Models/Data/Credits.cs Models/Data/CreditsExternalPartnersPC.cs Models/Data/CreditsExternalPartnersPlayStation.cs Models/Data/CreditsLegalConsole.cs Models/Data/CreditsLegalPC.cs Models/Data/CreditsXmlModel.cs Models/Data/DecalSets.cs Models/Data/DecalTexturesAll.cs Models/Data/DecalTexturesBattle.cs Models/Data/DecalTexturesMultiplayer.cs Models/Data/DecalTexturesTown.cs Models/Data/DecalTexturesWorldmap.cs Models/Data/FloraGroups.cs Models/Data/FloraKinds.cs Models/Data/FloraLayerSets.cs Models/Data/FullMovementSets.cs Models/Data/GlobalStrings.cs Models/Data/GogAchievementData.cs Models/Data/HardCodedSounds.cs Models/Data/ItemHolsters.cs Models/Data/ItemModifiers.cs Models/Data/ItemModifiersGroups.cs Models/Data/ItemUsageSets.cs Models/Data/Looknfeel.cs Models/Data/ManagedCampaignParameters.cs Models/Data/MapIcons.cs Models/Data/MapTreeTypes.cs Models/Data/ModuleSounds.cs Models/Data/ModuleStrings.cs Models/Data/Monsters.cs Models/Data/MonsterUsageSets.cs Models/Data/MovementSets.cs Models/Data/MPBadges.cs Models/Data/MPCharacters.cs Models/Data/Mpcosmetics.cs Models/Data/MpCraftingPieces.cs Models/Data/Mpcultures.cs Models/Data/Mpitems.cs Models/Data/MultiplayerScenes.cs Models/Data/MultiplayerStrings.cs Models/Data/Music.cs Models/Data/MusicParameters.cs Models/Data/NativeEquipmentSets.cs Models/Data/NativeSkillSets.cs Models/Data/NativeStrings.cs Models/Data/ParticleSystems.cs Models/Data/ParticleSystemsMapIcon.cs Models/Data/PhotoModeStrings.cs Models/Data/PrebakedAnimations.cs Models/Data/Prerender.cs Models/Data/RandomTerrainTemplates.cs Models/Data/Scenes.cs Models/Data/SkeletonScales.cs Models/Data/Skills.cs Models/Data/SkinnedDecals.cs Models/Data/Skins.cs Models/Data/SoundFiles.cs Models/Data/SpecialMeshes.cs Models/Data/TauntUsageSets.cs Models/Data/Voices.cs Models/Data/WaterPrefabs.cs Models/Data/WeaponDescriptions.cs Models/Data/WorldmapColorGrades.cs Models/DO/ActionSetsDO.cs Models/DO/ActionTypesDO.cs Models/DO/AttributesDO.cs Models/DO/Audio/VoiceDefinitionsDO.cs Models/DO/BannerIconsDO.cs Models/DO/BoneBodyTypesDO.cs Models/DO/CollisionInfosDO.cs Models/DO/CombatParametersDO.cs Models/DO/CraftingPiecesDO.cs Models/DO/CraftingTemplatesDO.cs Models/DO/CreditsDO.cs Models/DO/Engine/PostfxGraphsDO.cs Models/DO/Game/MonsterUsageSetsDO.cs Models/DO/ItemHolstersDO.cs Models/DO/ItemModifiersDO.cs Models/DO/ItemUsageSetsDO.cs Models/DO/Layouts/FloraKindsLayoutDO.cs Models/DO/Layouts/ItemHolstersLayoutDO.cs Models/DO/Layouts/LayoutsBaseDO.cs Models/DO/Layouts/ParticleSystemLayoutDO.cs Models/DO/Layouts/PhysicsMaterialsLayoutDO.cs Models/DO/Layouts/SkeletonsLayoutDO.cs Models/DO/LooknfeelDO.cs Models/DO/MapIconsDO.cs Models/DO/MpcosmeticsDO.cs Models/DO/MpCraftingPiecesDO.cs Models/DO/MpItemsDO.cs Models/DO/Multiplayer/MPClassDivisionsDO.cs Models/DO/ParticleSystemsDO.cs Models/DTO/ActionSetsDTO.cs Models/DTO/ActionTypesDTO.cs Models/DTO/AttributesDTO.cs Models/DTO/Audio/VoiceDefinitionsDTO.cs Models/DTO/BannerIconsDTO.cs Models/DTO/BoneBodyTypesDTO.cs Models/DTO/CollisionInfosDTO.cs Models/DTO/CombatParametersDTO.cs Models/DTO/CraftingPiecesDTO.cs Models/DTO/CraftingTemplatesDTO.cs Models/DTO/CreditsDTO.cs Models/DTO/Engine/PostfxGraphsDTO.cs Models/DTO/Game/MonsterUsageSetsDTO.cs Models/DTO/ItemHolstersDTO.cs Models/DTO/ItemModifiersDTO.cs Models/DTO/ItemUsageSetsDTO.cs Models/DTO/Layouts/FloraKindsLayoutDTO.cs Models/DTO/Layouts/ItemHolstersLayoutDTO.cs Models/DTO/Layouts/LayoutsBaseDTO.cs Models/DTO/Layouts/ParticleSystemLayoutDTO.cs Models/DTO/Layouts/PhysicsMaterialsLayoutDTO.cs Models/DTO/Layouts/SkeletonsLayoutDTO.cs Models/DTO/LooknfeelDTO.cs Models/DTO/MapIconsDTO.cs Models/DTO/MpcosmeticsDTO.cs Models/DTO/MpCraftingPiecesDTO.cs Models/DTO/MpItemsDTO.cs Models/DTO/Multiplayer/MPClassDivisionsDTO.cs Models/DTO/ParticleSystemsDTO.cs Models/Engine/ActionSets.cs Models/Engine/ActionTypes.cs Models/Engine/BeforeTransparentsGraph.cs Models/Engine/ClothBodies.cs Models/Engine/ClothMaterials.cs Models/Engine/CollisionInfos.cs Models/Engine/CombatParameters.cs Models/Engine/CoreParameters.cs Models/Engine/DecalTextures.cs Models/Engine/EnhancedActionTypes.cs Models/Engine/EnhancedFloraKinds.cs Models/Engine/FloraKinds.cs Models/Engine/PostfxGraphs.cs Models/Engine/SpecialMeshes.cs Models/Engine/TerrainMaterials.cs Models/Game/CraftingPieces.cs Models/Game/CraftingTemplates.cs Models/Game/ItemHolsters.cs Models/Game/ItemModifiers.cs Models/Game/ItemModifiersGroups.cs Models/Game/ManagedCampaignParameters.cs Models/Game/Parties.cs Models/Map/MapIcons.cs Models/Misc/Adjustables.cs Models/MpCultures.cs Models/MpItems.cs Models/Multiplayer/MultiplayerScenes.cs Models/Multiplayer/TauntUsageSets.cs Models/Objects.cs Models/PhysicsMaterials.cs Models/SiegeEngines.cs Models/SimpleParametersAndSystems.cs Models/SimpleXmlTypes.cs Models/SkillData.cs Models/XmlModelBase.cs Services/FileDiscoveryService.cs Services/HybridXml/Dto/LooknfeelEditDto.cs Services/HybridXml/IHybridXmlServices.cs Services/HybridXml/Mappers/LooknfeelMapper.cs Services/HybridXml/XmlDocumentMerger.cs Services/IFileDiscoveryService.cs Services/NamingConventionMapper.cs Services/UnadaptedFile.cs obj/Debug/net9.0/BannerlordModEditor.Common.GlobalUsings.g.cs "obj/Debug/net9.0/.NETCoreApp,Version=v9.0.AssemblyAttributes.cs" obj/Debug/net9.0/BannerlordModEditor.Common.AssemblyInfo.cs /warnaserror+:NU1605,SYSLIB0011
     2>/root/WorkSpace/CSharp/BannerlordModEditor/BannerlordModEditor.Common/Mappers/VoiceDefinitionsMapper.cs(121,36): warning CS8603: 可能返回 null 引用。 [/root/WorkSpace/CSharp/BannerlordModEditor/BannerlordModEditor.Common/BannerlordModEditor.Common.csproj]
     2>/root/WorkSpace/CSharp/BannerlordModEditor/BannerlordModEditor.Common/Mappers/AttributesMapper.cs(39,40): warning CS8603: 可能返回 null 引用。 [/root/WorkSpace/CSharp/BannerlordModEditor/BannerlordModEditor.Common/BannerlordModEditor.Common.csproj]
     2>/root/WorkSpace/CSharp/BannerlordModEditor/BannerlordModEditor.Common/Mappers/VoiceDefinitionsMapper.cs(133,36): warning CS8603: 可能返回 null 引用。 [/root/WorkSpace/CSharp/BannerlordModEditor/BannerlordModEditor.Common/BannerlordModEditor.Common.csproj]
     2>/root/WorkSpace/CSharp/BannerlordModEditor/BannerlordModEditor.Common/Mappers/AttributesMapper.cs(52,40): warning CS8603: 可能返回 null 引用。 [/root/WorkSpace/CSharp/BannerlordModEditor/BannerlordModEditor.Common/BannerlordModEditor.Common.csproj]
     2>/root/WorkSpace/CSharp/BannerlordModEditor/BannerlordModEditor.Common/Mappers/BannerIconsMapper.cs(12,40): warning CS8603: 可能返回 null 引用。 [/root/WorkSpace/CSharp/BannerlordModEditor/BannerlordModEditor.Common/BannerlordModEditor.Common.csproj]
     2>/root/WorkSpace/CSharp/BannerlordModEditor/BannerlordModEditor.Common/Mappers/BannerIconsMapper.cs(17,61): warning CS8604: “BannerIconDataDTO BannerIconDataMapper.ToDTO(BannerIconDataDO source)”中的形参“source”可能传入 null 引用实参。 [/root/WorkSpace/CSharp/BannerlordModEditor/BannerlordModEditor.Common/BannerlordModEditor.Common.csproj]
     2>/root/WorkSpace/CSharp/BannerlordModEditor/BannerlordModEditor.Common/Mappers/AttributesMapper.cs(12,40): warning CS8603: 可能返回 null 引用。 [/root/WorkSpace/CSharp/BannerlordModEditor/BannerlordModEditor.Common/BannerlordModEditor.Common.csproj]
     2>/root/WorkSpace/CSharp/BannerlordModEditor/BannerlordModEditor.Common/Mappers/ActionTypesMapper.cs(15,40): warning CS8603: 可能返回 null 引用。 [/root/WorkSpace/CSharp/BannerlordModEditor/BannerlordModEditor.Common/BannerlordModEditor.Common.csproj]
     2>/root/WorkSpace/CSharp/BannerlordModEditor/BannerlordModEditor.Common/Mappers/ActionSetsMapper.cs(15,40): warning CS8603: 可能返回 null 引用。 [/root/WorkSpace/CSharp/BannerlordModEditor/BannerlordModEditor.Common/BannerlordModEditor.Common.csproj]
     2>/root/WorkSpace/CSharp/BannerlordModEditor/BannerlordModEditor.Common/Mappers/BannerIconsMapper.cs(23,40): warning CS8603: 可能返回 null 引用。 [/root/WorkSpace/CSharp/BannerlordModEditor/BannerlordModEditor.Common/BannerlordModEditor.Common.csproj]
     2>/root/WorkSpace/CSharp/BannerlordModEditor/BannerlordModEditor.Common/Mappers/BannerIconsMapper.cs(28,60): warning CS8604: “BannerIconDataDO BannerIconDataMapper.ToDO(BannerIconDataDTO source)”中的形参“source”可能传入 null 引用实参。 [/root/WorkSpace/CSharp/BannerlordModEditor/BannerlordModEditor.Common/BannerlordModEditor.Common.csproj]
     2>/root/WorkSpace/CSharp/BannerlordModEditor/BannerlordModEditor.Common/Mappers/ActionTypesMapper.cs(25,40): warning CS8603: 可能返回 null 引用。 [/root/WorkSpace/CSharp/BannerlordModEditor/BannerlordModEditor.Common/BannerlordModEditor.Common.csproj]
     2>/root/WorkSpace/CSharp/BannerlordModEditor/BannerlordModEditor.Common/Mappers/BannerIconsMapper.cs(38,40): warning CS8603: 可能返回 null 引用。 [/root/WorkSpace/CSharp/BannerlordModEditor/BannerlordModEditor.Common/BannerlordModEditor.Common.csproj]
     2>/root/WorkSpace/CSharp/BannerlordModEditor/BannerlordModEditor.Common/Mappers/BannerIconsMapper.cs(45,57): warning CS8604: “BannerColorsDTO BannerColorsMapper.ToDTO(BannerColorsDO source)”中的形参“source”可能传入 null 引用实参。 [/root/WorkSpace/CSharp/BannerlordModEditor/BannerlordModEditor.Common/BannerlordModEditor.Common.csproj]
     2>/root/WorkSpace/CSharp/BannerlordModEditor/BannerlordModEditor.Common/Mappers/AttributesMapper.cs(24,40): warning CS8603: 可能返回 null 引用。 [/root/WorkSpace/CSharp/BannerlordModEditor/BannerlordModEditor.Common/BannerlordModEditor.Common.csproj]
     2>/root/WorkSpace/CSharp/BannerlordModEditor/BannerlordModEditor.Common/Mappers/ActionTypesMapper.cs(42,40): warning CS8603: 可能返回 null 引用。 [/root/WorkSpace/CSharp/BannerlordModEditor/BannerlordModEditor.Common/BannerlordModEditor.Common.csproj]
     2>/root/WorkSpace/CSharp/BannerlordModEditor/BannerlordModEditor.Common/Mappers/ActionTypesMapper.cs(52,40): warning CS8603: 可能返回 null 引用。 [/root/WorkSpace/CSharp/BannerlordModEditor/BannerlordModEditor.Common/BannerlordModEditor.Common.csproj]
     2>/root/WorkSpace/CSharp/BannerlordModEditor/BannerlordModEditor.Common/Mappers/ActionSetsMapper.cs(25,40): warning CS8603: 可能返回 null 引用。 [/root/WorkSpace/CSharp/BannerlordModEditor/BannerlordModEditor.Common/BannerlordModEditor.Common.csproj]
     2>/root/WorkSpace/CSharp/BannerlordModEditor/BannerlordModEditor.Common/Mappers/VoiceDefinitionsMapper.cs(74,36): warning CS8603: 可能返回 null 引用。 [/root/WorkSpace/CSharp/BannerlordModEditor/BannerlordModEditor.Common/BannerlordModEditor.Common.csproj]
     2>/root/WorkSpace/CSharp/BannerlordModEditor/BannerlordModEditor.Common/Mappers/BannerIconsMapper.cs(112,40): warning CS8603: 可能返回 null 引用。 [/root/WorkSpace/CSharp/BannerlordModEditor/BannerlordModEditor.Common/BannerlordModEditor.Common.csproj]
     2>/root/WorkSpace/CSharp/BannerlordModEditor/BannerlordModEditor.Common/Mappers/BannerIconsMapper.cs(51,40): warning CS8603: 可能返回 null 引用。 [/root/WorkSpace/CSharp/BannerlordModEditor/BannerlordModEditor.Common/BannerlordModEditor.Common.csproj]
     2>/root/WorkSpace/CSharp/BannerlordModEditor/BannerlordModEditor.Common/Mappers/BannerIconsMapper.cs(58,56): warning CS8604: “BannerColorsDO BannerColorsMapper.ToDO(BannerColorsDTO source)”中的形参“source”可能传入 null 引用实参。 [/root/WorkSpace/CSharp/BannerlordModEditor/BannerlordModEditor.Common/BannerlordModEditor.Common.csproj]
     2>/root/WorkSpace/CSharp/BannerlordModEditor/BannerlordModEditor.Common/Mappers/ActionSetsMapper.cs(39,40): warning CS8603: 可能返回 null 引用。 [/root/WorkSpace/CSharp/BannerlordModEditor/BannerlordModEditor.Common/BannerlordModEditor.Common.csproj]
     2>/root/WorkSpace/CSharp/BannerlordModEditor/BannerlordModEditor.Common/Mappers/BannerIconsMapper.cs(124,40): warning CS8603: 可能返回 null 引用。 [/root/WorkSpace/CSharp/BannerlordModEditor/BannerlordModEditor.Common/BannerlordModEditor.Common.csproj]
     2>/root/WorkSpace/CSharp/BannerlordModEditor/BannerlordModEditor.Common/Mappers/BannerIconsMapper.cs(70,40): warning CS8603: 可能返回 null 引用。 [/root/WorkSpace/CSharp/BannerlordModEditor/BannerlordModEditor.Common/BannerlordModEditor.Common.csproj]
     2>/root/WorkSpace/CSharp/BannerlordModEditor/BannerlordModEditor.Common/Mappers/VoiceDefinitionsMapper.cs(86,36): warning CS8603: 可能返回 null 引用。 [/root/WorkSpace/CSharp/BannerlordModEditor/BannerlordModEditor.Common/BannerlordModEditor.Common.csproj]
     2>/root/WorkSpace/CSharp/BannerlordModEditor/BannerlordModEditor.Common/Mappers/VoiceDefinitionsMapper.cs(98,36): warning CS8603: 可能返回 null 引用。 [/root/WorkSpace/CSharp/BannerlordModEditor/BannerlordModEditor.Common/BannerlordModEditor.Common.csproj]
     2>/root/WorkSpace/CSharp/BannerlordModEditor/BannerlordModEditor.Common/Mappers/ActionSetsMapper.cs(55,40): warning CS8603: 可能返回 null 引用。 [/root/WorkSpace/CSharp/BannerlordModEditor/BannerlordModEditor.Common/BannerlordModEditor.Common.csproj]
     2>/root/WorkSpace/CSharp/BannerlordModEditor/BannerlordModEditor.Common/Mappers/VoiceDefinitionsMapper.cs(108,36): warning CS8603: 可能返回 null 引用。 [/root/WorkSpace/CSharp/BannerlordModEditor/BannerlordModEditor.Common/BannerlordModEditor.Common.csproj]
     2>/root/WorkSpace/CSharp/BannerlordModEditor/BannerlordModEditor.Common/Mappers/VoiceDefinitionsMapper.cs(10,36): warning CS8603: 可能返回 null 引用。 [/root/WorkSpace/CSharp/BannerlordModEditor/BannerlordModEditor.Common/BannerlordModEditor.Common.csproj]
     2>/root/WorkSpace/CSharp/BannerlordModEditor/BannerlordModEditor.Common/Mappers/BannerIconsMapper.cs(139,40): warning CS8603: 可能返回 null 引用。 [/root/WorkSpace/CSharp/BannerlordModEditor/BannerlordModEditor.Common/BannerlordModEditor.Common.csproj]
     2>/root/WorkSpace/CSharp/BannerlordModEditor/BannerlordModEditor.Common/Mappers/BannerIconsMapper.cs(197,40): warning CS8603: 可能返回 null 引用。 [/root/WorkSpace/CSharp/BannerlordModEditor/BannerlordModEditor.Common/BannerlordModEditor.Common.csproj]
     2>/root/WorkSpace/CSharp/BannerlordModEditor/BannerlordModEditor.Common/Mappers/BannerIconsMapper.cs(168,40): warning CS8603: 可能返回 null 引用。 [/root/WorkSpace/CSharp/BannerlordModEditor/BannerlordModEditor.Common/BannerlordModEditor.Common.csproj]
     2>/root/WorkSpace/CSharp/BannerlordModEditor/BannerlordModEditor.Common/Mappers/BannerIconsMapper.cs(152,40): warning CS8603: 可能返回 null 引用。 [/root/WorkSpace/CSharp/BannerlordModEditor/BannerlordModEditor.Common/BannerlordModEditor.Common.csproj]
     2>/root/WorkSpace/CSharp/BannerlordModEditor/BannerlordModEditor.Common/Mappers/ActionSetsMapper.cs(65,40): warning CS8603: 可能返回 null 引用。 [/root/WorkSpace/CSharp/BannerlordModEditor/BannerlordModEditor.Common/BannerlordModEditor.Common.csproj]
     2>/root/WorkSpace/CSharp/BannerlordModEditor/BannerlordModEditor.Common/Mappers/BannerIconsMapper.cs(210,40): warning CS8603: 可能返回 null 引用。 [/root/WorkSpace/CSharp/BannerlordModEditor/BannerlordModEditor.Common/BannerlordModEditor.Common.csproj]
     2>/root/WorkSpace/CSharp/BannerlordModEditor/BannerlordModEditor.Common/Mappers/VoiceDefinitionsMapper.cs(23,36): warning CS8603: 可能返回 null 引用。 [/root/WorkSpace/CSharp/BannerlordModEditor/BannerlordModEditor.Common/BannerlordModEditor.Common.csproj]
     2>/root/WorkSpace/CSharp/BannerlordModEditor/BannerlordModEditor.Common/Mappers/BoneBodyTypesMapper.cs(15,40): warning CS8603: 可能返回 null 引用。 [/root/WorkSpace/CSharp/BannerlordModEditor/BannerlordModEditor.Common/BannerlordModEditor.Common.csproj]
     2>/root/WorkSpace/CSharp/BannerlordModEditor/BannerlordModEditor.Common/Mappers/ActionSetsMapper.cs(79,40): warning CS8603: 可能返回 null 引用。 [/root/WorkSpace/CSharp/BannerlordModEditor/BannerlordModEditor.Common/BannerlordModEditor.Common.csproj]
     2>/root/WorkSpace/CSharp/BannerlordModEditor/BannerlordModEditor.Common/Mappers/CollisionInfosMapper.cs(12,40): warning CS8603: 可能返回 null 引用。 [/root/WorkSpace/CSharp/BannerlordModEditor/BannerlordModEditor.Common/BannerlordModEditor.Common.csproj]
     2>/root/WorkSpace/CSharp/BannerlordModEditor/BannerlordModEditor.Common/Mappers/CollisionInfosMapper.cs(17,40): warning CS8604: “CollisionInfosDTO CollisionInfosMapper.ToDTO(CollisionInfosDO source)”中的形参“source”可能传入 null 引用实参。 [/root/WorkSpace/CSharp/BannerlordModEditor/BannerlordModEditor.Common/BannerlordModEditor.Common.csproj]
     2>/root/WorkSpace/CSharp/BannerlordModEditor/BannerlordModEditor.Common/Mappers/BoneBodyTypesMapper.cs(25,40): warning CS8603: 可能返回 null 引用。 [/root/WorkSpace/CSharp/BannerlordModEditor/BannerlordModEditor.Common/BannerlordModEditor.Common.csproj]
     2>/root/WorkSpace/CSharp/BannerlordModEditor/BannerlordModEditor.Common/Mappers/BannerIconsMapper.cs(180,40): warning CS8603: 可能返回 null 引用。 [/root/WorkSpace/CSharp/BannerlordModEditor/BannerlordModEditor.Common/BannerlordModEditor.Common.csproj]
     2>/root/WorkSpace/CSharp/BannerlordModEditor/BannerlordModEditor.Common/Mappers/CraftingPiecesMapper.cs(13,40): warning CS8603: 可能返回 null 引用。 [/root/WorkSpace/CSharp/BannerlordModEditor/BannerlordModEditor.Common/BannerlordModEditor.Common.csproj]
     2>/root/WorkSpace/CSharp/BannerlordModEditor/BannerlordModEditor.Common/Mappers/CollisionInfosMapper.cs(23,40): warning CS8603: 可能返回 null 引用。 [/root/WorkSpace/CSharp/BannerlordModEditor/BannerlordModEditor.Common/BannerlordModEditor.Common.csproj]
     2>/root/WorkSpace/CSharp/BannerlordModEditor/BannerlordModEditor.Common/Mappers/CollisionInfosMapper.cs(28,39): warning CS8604: “CollisionInfosDO CollisionInfosMapper.ToDO(CollisionInfosDTO source)”中的形参“source”可能传入 null 引用实参。 [/root/WorkSpace/CSharp/BannerlordModEditor/BannerlordModEditor.Common/BannerlordModEditor.Common.csproj]
     2>/root/WorkSpace/CSharp/BannerlordModEditor/BannerlordModEditor.Common/Mappers/VoiceDefinitionsMapper.cs(37,36): warning CS8603: 可能返回 null 引用。 [/root/WorkSpace/CSharp/BannerlordModEditor/BannerlordModEditor.Common/BannerlordModEditor.Common.csproj]
     2>/root/WorkSpace/CSharp/BannerlordModEditor/BannerlordModEditor.Common/Mappers/BoneBodyTypesMapper.cs(43,40): warning CS8603: 可能返回 null 引用。 [/root/WorkSpace/CSharp/BannerlordModEditor/BannerlordModEditor.Common/BannerlordModEditor.Common.csproj]
     2>/root/WorkSpace/CSharp/BannerlordModEditor/BannerlordModEditor.Common/Mappers/CombatParametersMapper.cs(15,40): warning CS8603: 可能返回 null 引用。 [/root/WorkSpace/CSharp/BannerlordModEditor/BannerlordModEditor.Common/BannerlordModEditor.Common.csproj]
     2>/root/WorkSpace/CSharp/BannerlordModEditor/BannerlordModEditor.Common/Mappers/CraftingTemplatesMapper.cs(13,40): warning CS8603: 可能返回 null 引用。 [/root/WorkSpace/CSharp/BannerlordModEditor/BannerlordModEditor.Common/BannerlordModEditor.Common.csproj]
     2>/root/WorkSpace/CSharp/BannerlordModEditor/BannerlordModEditor.Common/Mappers/CreditsMapper.cs(14,40): warning CS8603: 可能返回 null 引用。 [/root/WorkSpace/CSharp/BannerlordModEditor/BannerlordModEditor.Common/BannerlordModEditor.Common.csproj]
     2>/root/WorkSpace/CSharp/BannerlordModEditor/BannerlordModEditor.Common/Mappers/FloraKindsLayoutMapper.cs(14,40): warning CS8603: 可能返回 null 引用。 [/root/WorkSpace/CSharp/BannerlordModEditor/BannerlordModEditor.Common/BannerlordModEditor.Common.csproj]
     2>/root/WorkSpace/CSharp/BannerlordModEditor/BannerlordModEditor.Common/Mappers/BoneBodyTypesMapper.cs(53,40): warning CS8603: 可能返回 null 引用。 [/root/WorkSpace/CSharp/BannerlordModEditor/BannerlordModEditor.Common/BannerlordModEditor.Common.csproj]
     2>/root/WorkSpace/CSharp/BannerlordModEditor/BannerlordModEditor.Common/Mappers/FloraKindsLayoutMapper.cs(25,40): warning CS8603: 可能返回 null 引用。 [/root/WorkSpace/CSharp/BannerlordModEditor/BannerlordModEditor.Common/BannerlordModEditor.Common.csproj]
     2>/root/WorkSpace/CSharp/BannerlordModEditor/BannerlordModEditor.Common/Mappers/CombatParametersMapper.cs(27,40): warning CS8603: 可能返回 null 引用。 [/root/WorkSpace/CSharp/BannerlordModEditor/BannerlordModEditor.Common/BannerlordModEditor.Common.csproj]
     2>/root/WorkSpace/CSharp/BannerlordModEditor/BannerlordModEditor.Common/Mappers/VoiceDefinitionsMapper.cs(54,36): warning CS8603: 可能返回 null 引用。 [/root/WorkSpace/CSharp/BannerlordModEditor/BannerlordModEditor.Common/BannerlordModEditor.Common.csproj]
     2>/root/WorkSpace/CSharp/BannerlordModEditor/BannerlordModEditor.Common/Mappers/CraftingTemplatesMapper.cs(25,40): warning CS8603: 可能返回 null 引用。 [/root/WorkSpace/CSharp/BannerlordModEditor/BannerlordModEditor.Common/BannerlordModEditor.Common.csproj]
     2>/root/WorkSpace/CSharp/BannerlordModEditor/BannerlordModEditor.Common/Mappers/CombatParametersMapper.cs(37,40): warning CS8603: 可能返回 null 引用。 [/root/WorkSpace/CSharp/BannerlordModEditor/BannerlordModEditor.Common/BannerlordModEditor.Common.csproj]
     2>/root/WorkSpace/CSharp/BannerlordModEditor/BannerlordModEditor.Common/Mappers/ItemHolstersLayoutMapper.cs(14,40): warning CS8603: 可能返回 null 引用。 [/root/WorkSpace/CSharp/BannerlordModEditor/BannerlordModEditor.Common/BannerlordModEditor.Common.csproj]
     2>/root/WorkSpace/CSharp/BannerlordModEditor/BannerlordModEditor.Common/Mappers/SkeletonsLayoutMapper.cs(17,40): warning CS8603: 可能返回 null 引用。 [/root/WorkSpace/CSharp/BannerlordModEditor/BannerlordModEditor.Common/BannerlordModEditor.Common.csproj]
     2>/root/WorkSpace/CSharp/BannerlordModEditor/BannerlordModEditor.Common/Mappers/CollisionInfosMapper.cs(34,40): warning CS8603: 可能返回 null 引用。 [/root/WorkSpace/CSharp/BannerlordModEditor/BannerlordModEditor.Common/BannerlordModEditor.Common.csproj]
     2>/root/WorkSpace/CSharp/BannerlordModEditor/BannerlordModEditor.Common/Mappers/ItemHolstersLayoutMapper.cs(25,40): warning CS8603: 可能返回 null 引用。 [/root/WorkSpace/CSharp/BannerlordModEditor/BannerlordModEditor.Common/BannerlordModEditor.Common.csproj]
     2>/root/WorkSpace/CSharp/BannerlordModEditor/BannerlordModEditor.Common/Mappers/CreditsMapper.cs(25,40): warning CS8603: 可能返回 null 引用。 [/root/WorkSpace/CSharp/BannerlordModEditor/BannerlordModEditor.Common/BannerlordModEditor.Common.csproj]
     2>/root/WorkSpace/CSharp/BannerlordModEditor/BannerlordModEditor.Common/Mappers/CombatParametersMapper.cs(48,40): warning CS8603: 可能返回 null 引用。 [/root/WorkSpace/CSharp/BannerlordModEditor/BannerlordModEditor.Common/BannerlordModEditor.Common.csproj]
     2>/root/WorkSpace/CSharp/BannerlordModEditor/BannerlordModEditor.Common/Mappers/CombatParametersMapper.cs(73,48): warning CS8604: “CustomCollisionCapsuleDTO CombatParametersMapper.ToDTO(CustomCollisionCapsuleDO source)”中的形参“source”可能传入 null 引用实参。 [/root/WorkSpace/CSharp/BannerlordModEditor/BannerlordModEditor.Common/BannerlordModEditor.Common.csproj]
     2>/root/WorkSpace/CSharp/BannerlordModEditor/BannerlordModEditor.Common/Mappers/SkeletonsLayoutMapper.cs(31,40): warning CS8603: 可能返回 null 引用。 [/root/WorkSpace/CSharp/BannerlordModEditor/BannerlordModEditor.Common/BannerlordModEditor.Common.csproj]
     2>/root/WorkSpace/CSharp/BannerlordModEditor/BannerlordModEditor.Common/Mappers/CraftingTemplatesMapper.cs(37,40): warning CS8603: 可能返回 null 引用。 [/root/WorkSpace/CSharp/BannerlordModEditor/BannerlordModEditor.Common/BannerlordModEditor.Common.csproj]
     2>/root/WorkSpace/CSharp/BannerlordModEditor/BannerlordModEditor.Common/Mappers/CombatParametersMapper.cs(79,40): warning CS8603: 可能返回 null 引用。 [/root/WorkSpace/CSharp/BannerlordModEditor/BannerlordModEditor.Common/BannerlordModEditor.Common.csproj]
     2>/root/WorkSpace/CSharp/BannerlordModEditor/BannerlordModEditor.Common/Mappers/ItemHolstersMapper.cs(14,24): warning CS8603: 可能返回 null 引用。 [/root/WorkSpace/CSharp/BannerlordModEditor/BannerlordModEditor.Common/BannerlordModEditor.Common.csproj]
     2>/root/WorkSpace/CSharp/BannerlordModEditor/BannerlordModEditor.Common/Mappers/PostfxGraphsMapper.cs(223,36): warning CS8603: 可能返回 null 引用。 [/root/WorkSpace/CSharp/BannerlordModEditor/BannerlordModEditor.Common/BannerlordModEditor.Common.csproj]
     2>/root/WorkSpace/CSharp/BannerlordModEditor/BannerlordModEditor.Common/Mappers/PostfxGraphsMapper.cs(233,36): warning CS8603: 可能返回 null 引用。 [/root/WorkSpace/CSharp/BannerlordModEditor/BannerlordModEditor.Common/BannerlordModEditor.Common.csproj]
     2>/root/WorkSpace/CSharp/BannerlordModEditor/BannerlordModEditor.Common/Mappers/CreditsMapper.cs(40,40): warning CS8603: 可能返回 null 引用。 [/root/WorkSpace/CSharp/BannerlordModEditor/BannerlordModEditor.Common/BannerlordModEditor.Common.csproj]
     2>/root/WorkSpace/CSharp/BannerlordModEditor/BannerlordModEditor.Common/Mappers/CombatParametersMapper.cs(95,40): warning CS8603: 可能返回 null 引用。 [/root/WorkSpace/CSharp/BannerlordModEditor/BannerlordModEditor.Common/BannerlordModEditor.Common.csproj]
     2>/root/WorkSpace/CSharp/BannerlordModEditor/BannerlordModEditor.Common/Mappers/ItemHolstersMapper.cs(25,24): warning CS8603: 可能返回 null 引用。 [/root/WorkSpace/CSharp/BannerlordModEditor/BannerlordModEditor.Common/BannerlordModEditor.Common.csproj]
     2>/root/WorkSpace/CSharp/BannerlordModEditor/BannerlordModEditor.Common/Mappers/PostfxGraphsMapper.cs(196,36): warning CS8603: 可能返回 null 引用。 [/root/WorkSpace/CSharp/BannerlordModEditor/BannerlordModEditor.Common/BannerlordModEditor.Common.csproj]
     2>/root/WorkSpace/CSharp/BannerlordModEditor/BannerlordModEditor.Common/Mappers/CraftingTemplatesMapper.cs(61,40): warning CS8603: 可能返回 null 引用。 [/root/WorkSpace/CSharp/BannerlordModEditor/BannerlordModEditor.Common/BannerlordModEditor.Common.csproj]
     2>/root/WorkSpace/CSharp/BannerlordModEditor/BannerlordModEditor.Common/Mappers/CreditsMapper.cs(52,40): warning CS8603: 可能返回 null 引用。 [/root/WorkSpace/CSharp/BannerlordModEditor/BannerlordModEditor.Common/BannerlordModEditor.Common.csproj]
     2>/root/WorkSpace/CSharp/BannerlordModEditor/BannerlordModEditor.Common/Mappers/CollisionInfosMapper.cs(45,40): warning CS8603: 可能返回 null 引用。 [/root/WorkSpace/CSharp/BannerlordModEditor/BannerlordModEditor.Common/BannerlordModEditor.Common.csproj]
     2>/root/WorkSpace/CSharp/BannerlordModEditor/BannerlordModEditor.Common/Mappers/CreditsMapper.cs(63,40): warning CS8603: 可能返回 null 引用。 [/root/WorkSpace/CSharp/BannerlordModEditor/BannerlordModEditor.Common/BannerlordModEditor.Common.csproj]
     2>/root/WorkSpace/CSharp/BannerlordModEditor/BannerlordModEditor.Common/Mappers/CombatParametersMapper.cs(107,40): warning CS8603: 可能返回 null 引用。 [/root/WorkSpace/CSharp/BannerlordModEditor/BannerlordModEditor.Common/BannerlordModEditor.Common.csproj]
     2>/root/WorkSpace/CSharp/BannerlordModEditor/BannerlordModEditor.Common/Mappers/PostfxGraphsMapper.cs(208,36): warning CS8603: 可能返回 null 引用。 [/root/WorkSpace/CSharp/BannerlordModEditor/BannerlordModEditor.Common/BannerlordModEditor.Common.csproj]
     2>/root/WorkSpace/CSharp/BannerlordModEditor/BannerlordModEditor.Common/Mappers/CreditsMapper.cs(70,40): warning CS8603: 可能返回 null 引用。 [/root/WorkSpace/CSharp/BannerlordModEditor/BannerlordModEditor.Common/BannerlordModEditor.Common.csproj]
     2>/root/WorkSpace/CSharp/BannerlordModEditor/BannerlordModEditor.Common/Mappers/BannerIconsMapper.cs(88,40): warning CS8603: 可能返回 null 引用。 [/root/WorkSpace/CSharp/BannerlordModEditor/BannerlordModEditor.Common/BannerlordModEditor.Common.csproj]
     2>/root/WorkSpace/CSharp/BannerlordModEditor/BannerlordModEditor.Common/Mappers/CombatParametersMapper.cs(117,40): warning CS8603: 可能返回 null 引用。 [/root/WorkSpace/CSharp/BannerlordModEditor/BannerlordModEditor.Common/BannerlordModEditor.Common.csproj]
     2>/root/WorkSpace/CSharp/BannerlordModEditor/BannerlordModEditor.Common/Mappers/CreditsMapper.cs(82,40): warning CS8603: 可能返回 null 引用。 [/root/WorkSpace/CSharp/BannerlordModEditor/BannerlordModEditor.Common/BannerlordModEditor.Common.csproj]
     2>/root/WorkSpace/CSharp/BannerlordModEditor/BannerlordModEditor.Common/Mappers/ItemUsageSetsMapper.cs(12,40): warning CS8603: 可能返回 null 引用。 [/root/WorkSpace/CSharp/BannerlordModEditor/BannerlordModEditor.Common/BannerlordModEditor.Common.csproj]
     2>/root/WorkSpace/CSharp/BannerlordModEditor/BannerlordModEditor.Common/Mappers/LayoutsBaseMapper.cs(17,40): warning CS8603: 可能返回 null 引用。 [/root/WorkSpace/CSharp/BannerlordModEditor/BannerlordModEditor.Common/BannerlordModEditor.Common.csproj]
     2>/root/WorkSpace/CSharp/BannerlordModEditor/BannerlordModEditor.Common/Mappers/ItemModifiersMapper.cs(13,40): warning CS8603: 可能返回 null 引用。 [/root/WorkSpace/CSharp/BannerlordModEditor/BannerlordModEditor.Common/BannerlordModEditor.Common.csproj]
     2>/root/WorkSpace/CSharp/BannerlordModEditor/BannerlordModEditor.Common/Mappers/CollisionInfosMapper.cs(56,40): warning CS8603: 可能返回 null 引用。 [/root/WorkSpace/CSharp/BannerlordModEditor/BannerlordModEditor.Common/BannerlordModEditor.Common.csproj]
     2>/root/WorkSpace/CSharp/BannerlordModEditor/BannerlordModEditor.Common/Mappers/CombatParametersMapper.cs(128,40): warning CS8603: 可能返回 null 引用。 [/root/WorkSpace/CSharp/BannerlordModEditor/BannerlordModEditor.Common/BannerlordModEditor.Common.csproj]
     2>/root/WorkSpace/CSharp/BannerlordModEditor/BannerlordModEditor.Common/Mappers/CombatParametersMapper.cs(153,47): warning CS8604: “CustomCollisionCapsuleDO CombatParametersMapper.ToDO(CustomCollisionCapsuleDTO source)”中的形参“source”可能传入 null 引用实参。 [/root/WorkSpace/CSharp/BannerlordModEditor/BannerlordModEditor.Common/BannerlordModEditor.Common.csproj]
     2>/root/WorkSpace/CSharp/BannerlordModEditor/BannerlordModEditor.Common/Mappers/LayoutsBaseMapper.cs(31,40): warning CS8603: 可能返回 null 引用。 [/root/WorkSpace/CSharp/BannerlordModEditor/BannerlordModEditor.Common/BannerlordModEditor.Common.csproj]
     2>/root/WorkSpace/CSharp/BannerlordModEditor/BannerlordModEditor.Common/Mappers/CombatParametersMapper.cs(159,40): warning CS8603: 可能返回 null 引用。 [/root/WorkSpace/CSharp/BannerlordModEditor/BannerlordModEditor.Common/BannerlordModEditor.Common.csproj]
     2>/root/WorkSpace/CSharp/BannerlordModEditor/BannerlordModEditor.Common/Mappers/ItemHolstersMapper.cs(36,24): warning CS8603: 可能返回 null 引用。 [/root/WorkSpace/CSharp/BannerlordModEditor/BannerlordModEditor.Common/BannerlordModEditor.Common.csproj]
     2>/root/WorkSpace/CSharp/BannerlordModEditor/BannerlordModEditor.Common/Mappers/LayoutsBaseMapper.cs(48,40): warning CS8603: 可能返回 null 引用。 [/root/WorkSpace/CSharp/BannerlordModEditor/BannerlordModEditor.Common/BannerlordModEditor.Common.csproj]
     2>/root/WorkSpace/CSharp/BannerlordModEditor/BannerlordModEditor.Common/Mappers/CreditsMapper.cs(96,40): warning CS8603: 可能返回 null 引用。 [/root/WorkSpace/CSharp/BannerlordModEditor/BannerlordModEditor.Common/BannerlordModEditor.Common.csproj]
     2>/root/WorkSpace/CSharp/BannerlordModEditor/BannerlordModEditor.Common/Mappers/ItemUsageSetsMapper.cs(24,40): warning CS8603: 可能返回 null 引用。 [/root/WorkSpace/CSharp/BannerlordModEditor/BannerlordModEditor.Common/BannerlordModEditor.Common.csproj]
     2>/root/WorkSpace/CSharp/BannerlordModEditor/BannerlordModEditor.Common/Mappers/ItemHolstersMapper.cs(58,24): warning CS8603: 可能返回 null 引用。 [/root/WorkSpace/CSharp/BannerlordModEditor/BannerlordModEditor.Common/BannerlordModEditor.Common.csproj]
     2>/root/WorkSpace/CSharp/BannerlordModEditor/BannerlordModEditor.Common/Mappers/ItemModifiersMapper.cs(25,40): warning CS8603: 可能返回 null 引用。 [/root/WorkSpace/CSharp/BannerlordModEditor/BannerlordModEditor.Common/BannerlordModEditor.Common.csproj]
     2>/root/WorkSpace/CSharp/BannerlordModEditor/BannerlordModEditor.Common/Mappers/CraftingTemplatesMapper.cs(109,40): warning CS8603: 可能返回 null 引用。 [/root/WorkSpace/CSharp/BannerlordModEditor/BannerlordModEditor.Common/BannerlordModEditor.Common.csproj]
     2>/root/WorkSpace/CSharp/BannerlordModEditor/BannerlordModEditor.Common/Mappers/CraftingPiecesMapper.cs(24,40): warning CS8603: 可能返回 null 引用。 [/root/WorkSpace/CSharp/BannerlordModEditor/BannerlordModEditor.Common/BannerlordModEditor.Common.csproj]
     2>/root/WorkSpace/CSharp/BannerlordModEditor/BannerlordModEditor.Common/Mappers/CollisionInfosMapper.cs(67,40): warning CS8603: 可能返回 null 引用。 [/root/WorkSpace/CSharp/BannerlordModEditor/BannerlordModEditor.Common/BannerlordModEditor.Common.csproj]
     2>/root/WorkSpace/CSharp/BannerlordModEditor/BannerlordModEditor.Common/Mappers/ItemUsageSetsMapper.cs(36,40): warning CS8603: 可能返回 null 引用。 [/root/WorkSpace/CSharp/BannerlordModEditor/BannerlordModEditor.Common/BannerlordModEditor.Common.csproj]
     2>/root/WorkSpace/CSharp/BannerlordModEditor/BannerlordModEditor.Common/Mappers/ItemHolstersMapper.cs(69,24): warning CS8603: 可能返回 null 引用。 [/root/WorkSpace/CSharp/BannerlordModEditor/BannerlordModEditor.Common/BannerlordModEditor.Common.csproj]
     2>/root/WorkSpace/CSharp/BannerlordModEditor/BannerlordModEditor.Common/Mappers/CraftingTemplatesMapper.cs(120,40): warning CS8603: 可能返回 null 引用。 [/root/WorkSpace/CSharp/BannerlordModEditor/BannerlordModEditor.Common/BannerlordModEditor.Common.csproj]
     2>/root/WorkSpace/CSharp/BannerlordModEditor/BannerlordModEditor.Common/Mappers/ItemModifiersMapper.cs(37,40): warning CS8603: 可能返回 null 引用。 [/root/WorkSpace/CSharp/BannerlordModEditor/BannerlordModEditor.Common/BannerlordModEditor.Common.csproj]
     2>/root/WorkSpace/CSharp/BannerlordModEditor/BannerlordModEditor.Common/Mappers/ItemHolstersMapper.cs(80,24): warning CS8603: 可能返回 null 引用。 [/root/WorkSpace/CSharp/BannerlordModEditor/BannerlordModEditor.Common/BannerlordModEditor.Common.csproj]
     2>/root/WorkSpace/CSharp/BannerlordModEditor/BannerlordModEditor.Common/Mappers/PostfxGraphsMapper.cs(169,36): warning CS8603: 可能返回 null 引用。 [/root/WorkSpace/CSharp/BannerlordModEditor/BannerlordModEditor.Common/BannerlordModEditor.Common.csproj]
     2>/root/WorkSpace/CSharp/BannerlordModEditor/BannerlordModEditor.Common/Mappers/ItemUsageSetsMapper.cs(57,40): warning CS8603: 可能返回 null 引用。 [/root/WorkSpace/CSharp/BannerlordModEditor/BannerlordModEditor.Common/BannerlordModEditor.Common.csproj]
     2>/root/WorkSpace/CSharp/BannerlordModEditor/BannerlordModEditor.Common/Mappers/PostfxGraphsMapper.cs(181,36): warning CS8603: 可能返回 null 引用。 [/root/WorkSpace/CSharp/BannerlordModEditor/BannerlordModEditor.Common/BannerlordModEditor.Common.csproj]
     2>/root/WorkSpace/CSharp/BannerlordModEditor/BannerlordModEditor.Common/Mappers/CollisionInfosMapper.cs(78,40): warning CS8603: 可能返回 null 引用。 [/root/WorkSpace/CSharp/BannerlordModEditor/BannerlordModEditor.Common/BannerlordModEditor.Common.csproj]
     2>/root/WorkSpace/CSharp/BannerlordModEditor/BannerlordModEditor.Common/Mappers/ItemModifiersMapper.cs(63,40): warning CS8603: 可能返回 null 引用。 [/root/WorkSpace/CSharp/BannerlordModEditor/BannerlordModEditor.Common/BannerlordModEditor.Common.csproj]
     2>/root/WorkSpace/CSharp/BannerlordModEditor/BannerlordModEditor.Common/Mappers/LayoutsBaseMapper.cs(78,40): warning CS8603: 可能返回 null 引用。 [/root/WorkSpace/CSharp/BannerlordModEditor/BannerlordModEditor.Common/BannerlordModEditor.Common.csproj]
     2>/root/WorkSpace/CSharp/BannerlordModEditor/BannerlordModEditor.Common/Mappers/CraftingPiecesMapper.cs(35,40): warning CS8603: 可能返回 null 引用。 [/root/WorkSpace/CSharp/BannerlordModEditor/BannerlordModEditor.Common/BannerlordModEditor.Common.csproj]
     2>/root/WorkSpace/CSharp/BannerlordModEditor/BannerlordModEditor.Common/Mappers/LayoutsBaseMapper.cs(120,40): warning CS8603: 可能返回 null 引用。 [/root/WorkSpace/CSharp/BannerlordModEditor/BannerlordModEditor.Common/BannerlordModEditor.Common.csproj]
     2>/root/WorkSpace/CSharp/BannerlordModEditor/BannerlordModEditor.Common/Mappers/LayoutsBaseMapper.cs(96,40): warning CS8603: 可能返回 null 引用。 [/root/WorkSpace/CSharp/BannerlordModEditor/BannerlordModEditor.Common/BannerlordModEditor.Common.csproj]
     2>/root/WorkSpace/CSharp/BannerlordModEditor/BannerlordModEditor.Common/Mappers/CraftingTemplatesMapper.cs(155,40): warning CS8603: 可能返回 null 引用。 [/root/WorkSpace/CSharp/BannerlordModEditor/BannerlordModEditor.Common/BannerlordModEditor.Common.csproj]
     2>/root/WorkSpace/CSharp/BannerlordModEditor/BannerlordModEditor.Common/Mappers/LayoutsBaseMapper.cs(150,40): warning CS8603: 可能返回 null 引用。 [/root/WorkSpace/CSharp/BannerlordModEditor/BannerlordModEditor.Common/BannerlordModEditor.Common.csproj]
     2>/root/WorkSpace/CSharp/BannerlordModEditor/BannerlordModEditor.Common/Mappers/CollisionInfosMapper.cs(89,40): warning CS8603: 可能返回 null 引用。 [/root/WorkSpace/CSharp/BannerlordModEditor/BannerlordModEditor.Common/BannerlordModEditor.Common.csproj]
     2>/root/WorkSpace/CSharp/BannerlordModEditor/BannerlordModEditor.Common/Mappers/PostfxGraphsMapper.cs(142,36): warning CS8603: 可能返回 null 引用。 [/root/WorkSpace/CSharp/BannerlordModEditor/BannerlordModEditor.Common/BannerlordModEditor.Common.csproj]
     2>/root/WorkSpace/CSharp/BannerlordModEditor/BannerlordModEditor.Common/Mappers/CraftingTemplatesMapper.cs(165,40): warning CS8603: 可能返回 null 引用。 [/root/WorkSpace/CSharp/BannerlordModEditor/BannerlordModEditor.Common/BannerlordModEditor.Common.csproj]
     2>/root/WorkSpace/CSharp/BannerlordModEditor/BannerlordModEditor.Common/Mappers/LayoutsBaseMapper.cs(208,40): warning CS8603: 可能返回 null 引用。 [/root/WorkSpace/CSharp/BannerlordModEditor/BannerlordModEditor.Common/BannerlordModEditor.Common.csproj]
     2>/root/WorkSpace/CSharp/BannerlordModEditor/BannerlordModEditor.Common/Mappers/CreditsMapper.cs(107,40): warning CS8603: 可能返回 null 引用。 [/root/WorkSpace/CSharp/BannerlordModEditor/BannerlordModEditor.Common/BannerlordModEditor.Common.csproj]
     2>/root/WorkSpace/CSharp/BannerlordModEditor/BannerlordModEditor.Common/Mappers/LayoutsBaseMapper.cs(161,40): warning CS8603: 可能返回 null 引用。 [/root/WorkSpace/CSharp/BannerlordModEditor/BannerlordModEditor.Common/BannerlordModEditor.Common.csproj]
     2>/root/WorkSpace/CSharp/BannerlordModEditor/BannerlordModEditor.Common/Mappers/PostfxGraphsMapper.cs(154,36): warning CS8603: 可能返回 null 引用。 [/root/WorkSpace/CSharp/BannerlordModEditor/BannerlordModEditor.Common/BannerlordModEditor.Common.csproj]
     2>/root/WorkSpace/CSharp/BannerlordModEditor/BannerlordModEditor.Common/Mappers/CraftingPiecesMapper.cs(47,40): warning CS8603: 可能返回 null 引用。 [/root/WorkSpace/CSharp/BannerlordModEditor/BannerlordModEditor.Common/BannerlordModEditor.Common.csproj]
     2>/root/WorkSpace/CSharp/BannerlordModEditor/BannerlordModEditor.Common/Mappers/LayoutsBaseMapper.cs(220,40): warning CS8603: 可能返回 null 引用。 [/root/WorkSpace/CSharp/BannerlordModEditor/BannerlordModEditor.Common/BannerlordModEditor.Common.csproj]
     2>/root/WorkSpace/CSharp/BannerlordModEditor/BannerlordModEditor.Common/Mappers/LayoutsBaseMapper.cs(132,40): warning CS8603: 可能返回 null 引用。 [/root/WorkSpace/CSharp/BannerlordModEditor/BannerlordModEditor.Common/BannerlordModEditor.Common.csproj]
     2>/root/WorkSpace/CSharp/BannerlordModEditor/BannerlordModEditor.Common/Mappers/LayoutsBaseMapper.cs(178,40): warning CS8603: 可能返回 null 引用。 [/root/WorkSpace/CSharp/BannerlordModEditor/BannerlordModEditor.Common/BannerlordModEditor.Common.csproj]
     2>/root/WorkSpace/CSharp/BannerlordModEditor/BannerlordModEditor.Common/Mappers/CraftingTemplatesMapper.cs(175,40): warning CS8603: 可能返回 null 引用。 [/root/WorkSpace/CSharp/BannerlordModEditor/BannerlordModEditor.Common/BannerlordModEditor.Common.csproj]
     2>/root/WorkSpace/CSharp/BannerlordModEditor/BannerlordModEditor.Common/Mappers/CreditsMapper.cs(141,40): warning CS8603: 可能返回 null 引用。 [/root/WorkSpace/CSharp/BannerlordModEditor/BannerlordModEditor.Common/BannerlordModEditor.Common.csproj]
     2>/root/WorkSpace/CSharp/BannerlordModEditor/BannerlordModEditor.Common/Mappers/CollisionInfosMapper.cs(100,40): warning CS8603: 可能返回 null 引用。 [/root/WorkSpace/CSharp/BannerlordModEditor/BannerlordModEditor.Common/BannerlordModEditor.Common.csproj]
     2>/root/WorkSpace/CSharp/BannerlordModEditor/BannerlordModEditor.Common/Mappers/LayoutsBaseMapper.cs(238,40): warning CS8603: 可能返回 null 引用。 [/root/WorkSpace/CSharp/BannerlordModEditor/BannerlordModEditor.Common/BannerlordModEditor.Common.csproj]
     2>/root/WorkSpace/CSharp/BannerlordModEditor/BannerlordModEditor.Common/Mappers/LayoutsBaseMapper.cs(190,40): warning CS8603: 可能返回 null 引用。 [/root/WorkSpace/CSharp/BannerlordModEditor/BannerlordModEditor.Common/BannerlordModEditor.Common.csproj]
     2>/root/WorkSpace/CSharp/BannerlordModEditor/BannerlordModEditor.Common/Mappers/LayoutsBaseMapper.cs(60,40): warning CS8603: 可能返回 null 引用。 [/root/WorkSpace/CSharp/BannerlordModEditor/BannerlordModEditor.Common/BannerlordModEditor.Common.csproj]
     2>/root/WorkSpace/CSharp/BannerlordModEditor/BannerlordModEditor.Common/Mappers/LayoutsBaseMapper.cs(248,40): warning CS8603: 可能返回 null 引用。 [/root/WorkSpace/CSharp/BannerlordModEditor/BannerlordModEditor.Common/BannerlordModEditor.Common.csproj]
     2>/root/WorkSpace/CSharp/BannerlordModEditor/BannerlordModEditor.Common/Mappers/CraftingPiecesMapper.cs(59,40): warning CS8603: 可能返回 null 引用。 [/root/WorkSpace/CSharp/BannerlordModEditor/BannerlordModEditor.Common/BannerlordModEditor.Common.csproj]
     2>/root/WorkSpace/CSharp/BannerlordModEditor/BannerlordModEditor.Common/Mappers/LayoutsBaseMapper.cs(264,40): warning CS8603: 可能返回 null 引用。 [/root/WorkSpace/CSharp/BannerlordModEditor/BannerlordModEditor.Common/BannerlordModEditor.Common.csproj]
     2>/root/WorkSpace/CSharp/BannerlordModEditor/BannerlordModEditor.Common/Mappers/LayoutsBaseMapper.cs(294,40): warning CS8603: 可能返回 null 引用。 [/root/WorkSpace/CSharp/BannerlordModEditor/BannerlordModEditor.Common/BannerlordModEditor.Common.csproj]
     2>/root/WorkSpace/CSharp/BannerlordModEditor/BannerlordModEditor.Common/Mappers/CollisionInfosMapper.cs(112,40): warning CS8603: 可能返回 null 引用。 [/root/WorkSpace/CSharp/BannerlordModEditor/BannerlordModEditor.Common/BannerlordModEditor.Common.csproj]
     2>/root/WorkSpace/CSharp/BannerlordModEditor/BannerlordModEditor.Common/Mappers/LayoutsBaseMapper.cs(322,40): warning CS8603: 可能返回 null 引用。 [/root/WorkSpace/CSharp/BannerlordModEditor/BannerlordModEditor.Common/BannerlordModEditor.Common.csproj]
     2>/root/WorkSpace/CSharp/BannerlordModEditor/BannerlordModEditor.Common/Mappers/LayoutsBaseMapper.cs(305,40): warning CS8603: 可能返回 null 引用。 [/root/WorkSpace/CSharp/BannerlordModEditor/BannerlordModEditor.Common/BannerlordModEditor.Common.csproj]
     2>/root/WorkSpace/CSharp/BannerlordModEditor/BannerlordModEditor.Common/Mappers/LayoutsBaseMapper.cs(352,40): warning CS8603: 可能返回 null 引用。 [/root/WorkSpace/CSharp/BannerlordModEditor/BannerlordModEditor.Common/BannerlordModEditor.Common.csproj]
     2>/root/WorkSpace/CSharp/BannerlordModEditor/BannerlordModEditor.Common/Mappers/LayoutsBaseMapper.cs(276,40): warning CS8603: 可能返回 null 引用。 [/root/WorkSpace/CSharp/BannerlordModEditor/BannerlordModEditor.Common/BannerlordModEditor.Common.csproj]
     2>/root/WorkSpace/CSharp/BannerlordModEditor/BannerlordModEditor.Common/Mappers/CollisionInfosMapper.cs(124,40): warning CS8603: 可能返回 null 引用。 [/root/WorkSpace/CSharp/BannerlordModEditor/BannerlordModEditor.Common/BannerlordModEditor.Common.csproj]
     2>/root/WorkSpace/CSharp/BannerlordModEditor/BannerlordModEditor.Common/Mappers/LayoutsBaseMapper.cs(420,40): warning CS8603: 可能返回 null 引用。 [/root/WorkSpace/CSharp/BannerlordModEditor/BannerlordModEditor.Common/BannerlordModEditor.Common.csproj]
     2>/root/WorkSpace/CSharp/BannerlordModEditor/BannerlordModEditor.Common/Mappers/LayoutsBaseMapper.cs(390,40): warning CS8603: 可能返回 null 引用。 [/root/WorkSpace/CSharp/BannerlordModEditor/BannerlordModEditor.Common/BannerlordModEditor.Common.csproj]
     2>/root/WorkSpace/CSharp/BannerlordModEditor/BannerlordModEditor.Common/Mappers/CraftingPiecesMapper.cs(85,40): warning CS8603: 可能返回 null 引用。 [/root/WorkSpace/CSharp/BannerlordModEditor/BannerlordModEditor.Common/BannerlordModEditor.Common.csproj]
     2>/root/WorkSpace/CSharp/BannerlordModEditor/BannerlordModEditor.Common/Mappers/PostfxGraphsMapper.cs(92,36): warning CS8603: 可能返回 null 引用。 [/root/WorkSpace/CSharp/BannerlordModEditor/BannerlordModEditor.Common/BannerlordModEditor.Common.csproj]
     2>/root/WorkSpace/CSharp/BannerlordModEditor/BannerlordModEditor.Common/Mappers/LayoutsBaseMapper.cs(431,40): warning CS8603: 可能返回 null 引用。 [/root/WorkSpace/CSharp/BannerlordModEditor/BannerlordModEditor.Common/BannerlordModEditor.Common.csproj]
     2>/root/WorkSpace/CSharp/BannerlordModEditor/BannerlordModEditor.Common/Mappers/LayoutsBaseMapper.cs(334,40): warning CS8603: 可能返回 null 引用。 [/root/WorkSpace/CSharp/BannerlordModEditor/BannerlordModEditor.Common/BannerlordModEditor.Common.csproj]
     2>/root/WorkSpace/CSharp/BannerlordModEditor/BannerlordModEditor.Common/Mappers/LayoutsBaseMapper.cs(368,40): warning CS8603: 可能返回 null 引用。 [/root/WorkSpace/CSharp/BannerlordModEditor/BannerlordModEditor.Common/BannerlordModEditor.Common.csproj]
     2>/root/WorkSpace/CSharp/BannerlordModEditor/BannerlordModEditor.Common/Mappers/CollisionInfosMapper.cs(143,40): warning CS8603: 可能返回 null 引用。 [/root/WorkSpace/CSharp/BannerlordModEditor/BannerlordModEditor.Common/BannerlordModEditor.Common.csproj]
     2>/root/WorkSpace/CSharp/BannerlordModEditor/BannerlordModEditor.Common/Mappers/LooknfeelMapper.cs(12,40): warning CS8603: 可能返回 null 引用。 [/root/WorkSpace/CSharp/BannerlordModEditor/BannerlordModEditor.Common/BannerlordModEditor.Common.csproj]
     2>/root/WorkSpace/CSharp/BannerlordModEditor/BannerlordModEditor.Common/Mappers/LayoutsBaseMapper.cs(402,40): warning CS8603: 可能返回 null 引用。 [/root/WorkSpace/CSharp/BannerlordModEditor/BannerlordModEditor.Common/BannerlordModEditor.Common.csproj]
     2>/root/WorkSpace/CSharp/BannerlordModEditor/BannerlordModEditor.Common/Mappers/LooknfeelMapper.cs(24,40): warning CS8603: 可能返回 null 引用。 [/root/WorkSpace/CSharp/BannerlordModEditor/BannerlordModEditor.Common/BannerlordModEditor.Common.csproj]
     2>/root/WorkSpace/CSharp/BannerlordModEditor/BannerlordModEditor.Common/Mappers/LooknfeelMapper.cs(39,40): warning CS8603: 可能返回 null 引用。 [/root/WorkSpace/CSharp/BannerlordModEditor/BannerlordModEditor.Common/BannerlordModEditor.Common.csproj]
     2>/root/WorkSpace/CSharp/BannerlordModEditor/BannerlordModEditor.Common/Mappers/PostfxGraphsMapper.cs(115,36): warning CS8603: 可能返回 null 引用。 [/root/WorkSpace/CSharp/BannerlordModEditor/BannerlordModEditor.Common/BannerlordModEditor.Common.csproj]
     2>/root/WorkSpace/CSharp/BannerlordModEditor/BannerlordModEditor.Common/Mappers/LooknfeelMapper.cs(66,40): warning CS8603: 可能返回 null 引用。 [/root/WorkSpace/CSharp/BannerlordModEditor/BannerlordModEditor.Common/BannerlordModEditor.Common.csproj]
     2>/root/WorkSpace/CSharp/BannerlordModEditor/BannerlordModEditor.Common/Mappers/LooknfeelMapper.cs(51,40): warning CS8603: 可能返回 null 引用。 [/root/WorkSpace/CSharp/BannerlordModEditor/BannerlordModEditor.Common/BannerlordModEditor.Common.csproj]
     2>/root/WorkSpace/CSharp/BannerlordModEditor/BannerlordModEditor.Common/Mappers/CreditsMapper.cs(153,40): warning CS8603: 可能返回 null 引用。 [/root/WorkSpace/CSharp/BannerlordModEditor/BannerlordModEditor.Common/BannerlordModEditor.Common.csproj]
     2>/root/WorkSpace/CSharp/BannerlordModEditor/BannerlordModEditor.Common/Mappers/CraftingTemplatesMapper.cs(188,40): warning CS8603: 可能返回 null 引用。 [/root/WorkSpace/CSharp/BannerlordModEditor/BannerlordModEditor.Common/BannerlordModEditor.Common.csproj]
     2>/root/WorkSpace/CSharp/BannerlordModEditor/BannerlordModEditor.Common/Mappers/CreditsMapper.cs(164,40): warning CS8603: 可能返回 null 引用。 [/root/WorkSpace/CSharp/BannerlordModEditor/BannerlordModEditor.Common/BannerlordModEditor.Common.csproj]
     2>/root/WorkSpace/CSharp/BannerlordModEditor/BannerlordModEditor.Common/Mappers/ItemUsageSetsMapper.cs(104,40): warning CS8603: 可能返回 null 引用。 [/root/WorkSpace/CSharp/BannerlordModEditor/BannerlordModEditor.Common/BannerlordModEditor.Common.csproj]
     2>/root/WorkSpace/CSharp/BannerlordModEditor/BannerlordModEditor.Common/Mappers/CraftingTemplatesMapper.cs(201,40): warning CS8603: 可能返回 null 引用。 [/root/WorkSpace/CSharp/BannerlordModEditor/BannerlordModEditor.Common/BannerlordModEditor.Common.csproj]
     2>/root/WorkSpace/CSharp/BannerlordModEditor/BannerlordModEditor.Common/Mappers/LooknfeelMapper.cs(232,40): warning CS8603: 可能返回 null 引用。 [/root/WorkSpace/CSharp/BannerlordModEditor/BannerlordModEditor.Common/BannerlordModEditor.Common.csproj]
     2>/root/WorkSpace/CSharp/BannerlordModEditor/BannerlordModEditor.Common/Mappers/CreditsMapper.cs(171,40): warning CS8603: 可能返回 null 引用。 [/root/WorkSpace/CSharp/BannerlordModEditor/BannerlordModEditor.Common/BannerlordModEditor.Common.csproj]
     2>/root/WorkSpace/CSharp/BannerlordModEditor/BannerlordModEditor.Common/Mappers/CraftingTemplatesMapper.cs(212,40): warning CS8603: 可能返回 null 引用。 [/root/WorkSpace/CSharp/BannerlordModEditor/BannerlordModEditor.Common/BannerlordModEditor.Common.csproj]
     2>/root/WorkSpace/CSharp/BannerlordModEditor/BannerlordModEditor.Common/Mappers/ItemUsageSetsMapper.cs(117,40): warning CS8603: 可能返回 null 引用。 [/root/WorkSpace/CSharp/BannerlordModEditor/BannerlordModEditor.Common/BannerlordModEditor.Common.csproj]
     2>/root/WorkSpace/CSharp/BannerlordModEditor/BannerlordModEditor.Common/Mappers/CreditsMapper.cs(183,40): warning CS8603: 可能返回 null 引用。 [/root/WorkSpace/CSharp/BannerlordModEditor/BannerlordModEditor.Common/BannerlordModEditor.Common.csproj]
     2>/root/WorkSpace/CSharp/BannerlordModEditor/BannerlordModEditor.Common/Mappers/LooknfeelMapper.cs(245,40): warning CS8603: 可能返回 null 引用。 [/root/WorkSpace/CSharp/BannerlordModEditor/BannerlordModEditor.Common/BannerlordModEditor.Common.csproj]
     2>/root/WorkSpace/CSharp/BannerlordModEditor/BannerlordModEditor.Common/Services/HybridXml/IHybridXmlServices.cs(319,52): warning CS8604: “XmlNode? XmlNode.SelectSingleNode(string xpath)”中的形参“xpath”可能传入 null 引用实参。 [/root/WorkSpace/CSharp/BannerlordModEditor/BannerlordModEditor.Common/BannerlordModEditor.Common.csproj]
     2>/root/WorkSpace/CSharp/BannerlordModEditor/BannerlordModEditor.Common/Mappers/LooknfeelMapper.cs(116,40): warning CS8603: 可能返回 null 引用。 [/root/WorkSpace/CSharp/BannerlordModEditor/BannerlordModEditor.Common/BannerlordModEditor.Common.csproj]
     2>/root/WorkSpace/CSharp/BannerlordModEditor/BannerlordModEditor.Common/Mappers/CraftingPiecesMapper.cs(181,40): warning CS8603: 可能返回 null 引用。 [/root/WorkSpace/CSharp/BannerlordModEditor/BannerlordModEditor.Common/BannerlordModEditor.Common.csproj]
     2>/root/WorkSpace/CSharp/BannerlordModEditor/BannerlordModEditor.Common/Mappers/LooknfeelMapper.cs(261,40): warning CS8603: 可能返回 null 引用。 [/root/WorkSpace/CSharp/BannerlordModEditor/BannerlordModEditor.Common/BannerlordModEditor.Common.csproj]
     2>/root/WorkSpace/CSharp/BannerlordModEditor/BannerlordModEditor.Common/Mappers/CraftingPiecesMapper.cs(193,40): warning CS8603: 可能返回 null 引用。 [/root/WorkSpace/CSharp/BannerlordModEditor/BannerlordModEditor.Common/BannerlordModEditor.Common.csproj]
     2>/root/WorkSpace/CSharp/BannerlordModEditor/BannerlordModEditor.Common/Mappers/MapIconsMapper.cs(15,40): warning CS8603: 可能返回 null 引用。 [/root/WorkSpace/CSharp/BannerlordModEditor/BannerlordModEditor.Common/BannerlordModEditor.Common.csproj]
     2>/root/WorkSpace/CSharp/BannerlordModEditor/BannerlordModEditor.Common/Mappers/LooknfeelMapper.cs(273,40): warning CS8603: 可能返回 null 引用。 [/root/WorkSpace/CSharp/BannerlordModEditor/BannerlordModEditor.Common/BannerlordModEditor.Common.csproj]
     2>/root/WorkSpace/CSharp/BannerlordModEditor/BannerlordModEditor.Common/Mappers/MapIconsMapper.cs(26,40): warning CS8603: 可能返回 null 引用。 [/root/WorkSpace/CSharp/BannerlordModEditor/BannerlordModEditor.Common/BannerlordModEditor.Common.csproj]
     2>/root/WorkSpace/CSharp/BannerlordModEditor/BannerlordModEditor.Common/Mappers/CraftingTemplatesMapper.cs(247,40): warning CS8603: 可能返回 null 引用。 [/root/WorkSpace/CSharp/BannerlordModEditor/BannerlordModEditor.Common/BannerlordModEditor.Common.csproj]
     2>/root/WorkSpace/CSharp/BannerlordModEditor/BannerlordModEditor.Common/Mappers/ItemUsageSetsMapper.cs(154,40): warning CS8603: 可能返回 null 引用。 [/root/WorkSpace/CSharp/BannerlordModEditor/BannerlordModEditor.Common/BannerlordModEditor.Common.csproj]
     2>/root/WorkSpace/CSharp/BannerlordModEditor/BannerlordModEditor.Common/Mappers/LooknfeelMapper.cs(288,40): warning CS8603: 可能返回 null 引用。 [/root/WorkSpace/CSharp/BannerlordModEditor/BannerlordModEditor.Common/BannerlordModEditor.Common.csproj]
     2>/root/WorkSpace/CSharp/BannerlordModEditor/BannerlordModEditor.Common/Mappers/MapIconsMapper.cs(36,40): warning CS8603: 可能返回 null 引用。 [/root/WorkSpace/CSharp/BannerlordModEditor/BannerlordModEditor.Common/BannerlordModEditor.Common.csproj]
     2>/root/WorkSpace/CSharp/BannerlordModEditor/BannerlordModEditor.Common/Mappers/CraftingTemplatesMapper.cs(258,40): warning CS8603: 可能返回 null 引用。 [/root/WorkSpace/CSharp/BannerlordModEditor/BannerlordModEditor.Common/BannerlordModEditor.Common.csproj]
     2>/root/WorkSpace/CSharp/BannerlordModEditor/BannerlordModEditor.Common/Mappers/ItemUsageSetsMapper.cs(165,40): warning CS8603: 可能返回 null 引用。 [/root/WorkSpace/CSharp/BannerlordModEditor/BannerlordModEditor.Common/BannerlordModEditor.Common.csproj]
     2>/root/WorkSpace/CSharp/BannerlordModEditor/BannerlordModEditor.Common/Mappers/MapIconsMapper.cs(57,40): warning CS8603: 可能返回 null 引用。 [/root/WorkSpace/CSharp/BannerlordModEditor/BannerlordModEditor.Common/BannerlordModEditor.Common.csproj]
     2>/root/WorkSpace/CSharp/BannerlordModEditor/BannerlordModEditor.Common/Mappers/MapIconsMapper.cs(68,40): warning CS8603: 可能返回 null 引用。 [/root/WorkSpace/CSharp/BannerlordModEditor/BannerlordModEditor.Common/BannerlordModEditor.Common.csproj]
     2>/root/WorkSpace/CSharp/BannerlordModEditor/BannerlordModEditor.Common/Mappers/MapIconsMapper.cs(78,40): warning CS8603: 可能返回 null 引用。 [/root/WorkSpace/CSharp/BannerlordModEditor/BannerlordModEditor.Common/BannerlordModEditor.Common.csproj]
     2>/root/WorkSpace/CSharp/BannerlordModEditor/BannerlordModEditor.Common/Mappers/CraftingPiecesMapper.cs(229,40): warning CS8603: 可能返回 null 引用。 [/root/WorkSpace/CSharp/BannerlordModEditor/BannerlordModEditor.Common/BannerlordModEditor.Common.csproj]
     2>/root/WorkSpace/CSharp/BannerlordModEditor/BannerlordModEditor.Common/Mappers/MonsterUsageSetsMapper.cs(10,36): warning CS8603: 可能返回 null 引用。 [/root/WorkSpace/CSharp/BannerlordModEditor/BannerlordModEditor.Common/BannerlordModEditor.Common.csproj]
     2>/root/WorkSpace/CSharp/BannerlordModEditor/BannerlordModEditor.Common/Mappers/ItemUsageSetsMapper.cs(200,40): warning CS8603: 可能返回 null 引用。 [/root/WorkSpace/CSharp/BannerlordModEditor/BannerlordModEditor.Common/BannerlordModEditor.Common.csproj]
     2>/root/WorkSpace/CSharp/BannerlordModEditor/BannerlordModEditor.Common/Mappers/MpcosmeticsMapper.cs(39,40): warning CS8603: 可能返回 null 引用。 [/root/WorkSpace/CSharp/BannerlordModEditor/BannerlordModEditor.Common/BannerlordModEditor.Common.csproj]
     2>/root/WorkSpace/CSharp/BannerlordModEditor/BannerlordModEditor.Common/Mappers/MpcosmeticsMapper.cs(47,47): warning CS8604: “ReplaceDTO ReplaceMapper.ToDTO(ReplaceDO source)”中的形参“source”可能传入 null 引用实参。 [/root/WorkSpace/CSharp/BannerlordModEditor/BannerlordModEditor.Common/BannerlordModEditor.Common.csproj]
     2>/root/WorkSpace/CSharp/BannerlordModEditor/BannerlordModEditor.Common/Mappers/MonsterUsageSetsMapper.cs(23,36): warning CS8603: 可能返回 null 引用。 [/root/WorkSpace/CSharp/BannerlordModEditor/BannerlordModEditor.Common/BannerlordModEditor.Common.csproj]
     2>/root/WorkSpace/CSharp/BannerlordModEditor/BannerlordModEditor.Common/Mappers/MpcosmeticsMapper.cs(12,40): warning CS8603: 可能返回 null 引用。 [/root/WorkSpace/CSharp/BannerlordModEditor/BannerlordModEditor.Common/BannerlordModEditor.Common.csproj]
     2>/root/WorkSpace/CSharp/BannerlordModEditor/BannerlordModEditor.Common/Mappers/MPClassDivisionsMapper.cs(10,36): warning CS8603: 可能返回 null 引用。 [/root/WorkSpace/CSharp/BannerlordModEditor/BannerlordModEditor.Common/BannerlordModEditor.Common.csproj]
     2>/root/WorkSpace/CSharp/BannerlordModEditor/BannerlordModEditor.Common/Mappers/MonsterUsageSetsMapper.cs(36,36): warning CS8603: 可能返回 null 引用。 [/root/WorkSpace/CSharp/BannerlordModEditor/BannerlordModEditor.Common/BannerlordModEditor.Common.csproj]
     2>/root/WorkSpace/CSharp/BannerlordModEditor/BannerlordModEditor.Common/Mappers/MpcosmeticsMapper.cs(53,40): warning CS8603: 可能返回 null 引用。 [/root/WorkSpace/CSharp/BannerlordModEditor/BannerlordModEditor.Common/BannerlordModEditor.Common.csproj]
     2>/root/WorkSpace/CSharp/BannerlordModEditor/BannerlordModEditor.Common/Mappers/MpcosmeticsMapper.cs(61,46): warning CS8604: “ReplaceDO ReplaceMapper.ToDO(ReplaceDTO source)”中的形参“source”可能传入 null 引用实参。 [/root/WorkSpace/CSharp/BannerlordModEditor/BannerlordModEditor.Common/BannerlordModEditor.Common.csproj]
     2>/root/WorkSpace/CSharp/BannerlordModEditor/BannerlordModEditor.Common/Mappers/ItemUsageSetsMapper.cs(222,40): warning CS8603: 可能返回 null 引用。 [/root/WorkSpace/CSharp/BannerlordModEditor/BannerlordModEditor.Common/BannerlordModEditor.Common.csproj]
     2>/root/WorkSpace/CSharp/BannerlordModEditor/BannerlordModEditor.Common/Mappers/MpcosmeticsMapper.cs(70,40): warning CS8603: 可能返回 null 引用。 [/root/WorkSpace/CSharp/BannerlordModEditor/BannerlordModEditor.Common/BannerlordModEditor.Common.csproj]
     2>/root/WorkSpace/CSharp/BannerlordModEditor/BannerlordModEditor.Common/Mappers/PostfxGraphsMapper.cs(63,36): warning CS8603: 可能返回 null 引用。 [/root/WorkSpace/CSharp/BannerlordModEditor/BannerlordModEditor.Common/BannerlordModEditor.Common.csproj]
     2>/root/WorkSpace/CSharp/BannerlordModEditor/BannerlordModEditor.Common/Mappers/CraftingPiecesMapper.cs(242,40): warning CS8603: 可能返回 null 引用。 [/root/WorkSpace/CSharp/BannerlordModEditor/BannerlordModEditor.Common/BannerlordModEditor.Common.csproj]
     2>/root/WorkSpace/CSharp/BannerlordModEditor/BannerlordModEditor.Common/Mappers/MpcosmeticsMapper.cs(24,40): warning CS8603: 可能返回 null 引用。 [/root/WorkSpace/CSharp/BannerlordModEditor/BannerlordModEditor.Common/BannerlordModEditor.Common.csproj]
     2>/root/WorkSpace/CSharp/BannerlordModEditor/BannerlordModEditor.Common/Mappers/MonsterUsageSetsMapper.cs(53,36): warning CS8603: 可能返回 null 引用。 [/root/WorkSpace/CSharp/BannerlordModEditor/BannerlordModEditor.Common/BannerlordModEditor.Common.csproj]
     2>/root/WorkSpace/CSharp/BannerlordModEditor/BannerlordModEditor.Common/Mappers/PostfxGraphsMapper.cs(76,36): warning CS8603: 可能返回 null 引用。 [/root/WorkSpace/CSharp/BannerlordModEditor/BannerlordModEditor.Common/BannerlordModEditor.Common.csproj]
     2>/root/WorkSpace/CSharp/BannerlordModEditor/BannerlordModEditor.Common/Mappers/MpcosmeticsMapper.cs(85,40): warning CS8603: 可能返回 null 引用。 [/root/WorkSpace/CSharp/BannerlordModEditor/BannerlordModEditor.Common/BannerlordModEditor.Common.csproj]
     2>/root/WorkSpace/CSharp/BannerlordModEditor/BannerlordModEditor.Common/Mappers/MPClassDivisionsMapper.cs(22,36): warning CS8603: 可能返回 null 引用。 [/root/WorkSpace/CSharp/BannerlordModEditor/BannerlordModEditor.Common/BannerlordModEditor.Common.csproj]
     2>/root/WorkSpace/CSharp/BannerlordModEditor/BannerlordModEditor.Common/Mappers/MpcosmeticsMapper.cs(103,40): warning CS8603: 可能返回 null 引用。 [/root/WorkSpace/CSharp/BannerlordModEditor/BannerlordModEditor.Common/BannerlordModEditor.Common.csproj]
     2>/root/WorkSpace/CSharp/BannerlordModEditor/BannerlordModEditor.Common/Mappers/MpcosmeticsMapper.cs(113,40): warning CS8603: 可能返回 null 引用。 [/root/WorkSpace/CSharp/BannerlordModEditor/BannerlordModEditor.Common/BannerlordModEditor.Common.csproj]
     2>/root/WorkSpace/CSharp/BannerlordModEditor/BannerlordModEditor.Common/Mappers/MPClassDivisionsMapper.cs(34,36): warning CS8603: 可能返回 null 引用。 [/root/WorkSpace/CSharp/BannerlordModEditor/BannerlordModEditor.Common/BannerlordModEditor.Common.csproj]
     2>/root/WorkSpace/CSharp/BannerlordModEditor/BannerlordModEditor.Common/Mappers/PostfxGraphsMapper.cs(36,36): warning CS8603: 可能返回 null 引用。 [/root/WorkSpace/CSharp/BannerlordModEditor/BannerlordModEditor.Common/BannerlordModEditor.Common.csproj]
     2>/root/WorkSpace/CSharp/BannerlordModEditor/BannerlordModEditor.Common/Mappers/LooknfeelMapper.cs(169,40): warning CS8603: 可能返回 null 引用。 [/root/WorkSpace/CSharp/BannerlordModEditor/BannerlordModEditor.Common/BannerlordModEditor.Common.csproj]
     2>/root/WorkSpace/CSharp/BannerlordModEditor/BannerlordModEditor.Common/Mappers/MpcosmeticsMapper.cs(126,40): warning CS8603: 可能返回 null 引用。 [/root/WorkSpace/CSharp/BannerlordModEditor/BannerlordModEditor.Common/BannerlordModEditor.Common.csproj]
     2>/root/WorkSpace/CSharp/BannerlordModEditor/BannerlordModEditor.Common/Mappers/ItemUsageSetsMapper.cs(268,40): warning CS8603: 可能返回 null 引用。 [/root/WorkSpace/CSharp/BannerlordModEditor/BannerlordModEditor.Common/BannerlordModEditor.Common.csproj]
     2>/root/WorkSpace/CSharp/BannerlordModEditor/BannerlordModEditor.Common/Mappers/MpcosmeticsMapper.cs(137,40): warning CS8603: 可能返回 null 引用。 [/root/WorkSpace/CSharp/BannerlordModEditor/BannerlordModEditor.Common/BannerlordModEditor.Common.csproj]
     2>/root/WorkSpace/CSharp/BannerlordModEditor/BannerlordModEditor.Common/Mappers/ItemUsageSetsMapper.cs(278,40): warning CS8603: 可能返回 null 引用。 [/root/WorkSpace/CSharp/BannerlordModEditor/BannerlordModEditor.Common/BannerlordModEditor.Common.csproj]
     2>/root/WorkSpace/CSharp/BannerlordModEditor/BannerlordModEditor.Common/Mappers/MPClassDivisionsMapper.cs(59,36): warning CS8603: 可能返回 null 引用。 [/root/WorkSpace/CSharp/BannerlordModEditor/BannerlordModEditor.Common/BannerlordModEditor.Common.csproj]
     2>/root/WorkSpace/CSharp/BannerlordModEditor/BannerlordModEditor.Common/Mappers/CraftingPiecesMapper.cs(279,40): warning CS8603: 可能返回 null 引用。 [/root/WorkSpace/CSharp/BannerlordModEditor/BannerlordModEditor.Common/BannerlordModEditor.Common.csproj]
     2>/root/WorkSpace/CSharp/BannerlordModEditor/BannerlordModEditor.Common/Mappers/CraftingPiecesMapper.cs(290,40): warning CS8603: 可能返回 null 引用。 [/root/WorkSpace/CSharp/BannerlordModEditor/BannerlordModEditor.Common/BannerlordModEditor.Common.csproj]
     2>/root/WorkSpace/CSharp/BannerlordModEditor/BannerlordModEditor.Common/Mappers/PostfxGraphsMapper.cs(48,36): warning CS8603: 可能返回 null 引用。 [/root/WorkSpace/CSharp/BannerlordModEditor/BannerlordModEditor.Common/BannerlordModEditor.Common.csproj]
     2>/root/WorkSpace/CSharp/BannerlordModEditor/BannerlordModEditor.Common/Models/Data/ActionSetsData.cs(11,32): warning CS8618: 在退出构造函数时，不可为 null 的 属性 "ActionSets" 必须包含非 null 值。请考虑添加 "required" 修饰符或将该 属性 声明为可为 null。 [/root/WorkSpace/CSharp/BannerlordModEditor/BannerlordModEditor.Common/BannerlordModEditor.Common.csproj]
     2>/root/WorkSpace/CSharp/BannerlordModEditor/BannerlordModEditor.Common/Mappers/LooknfeelMapper.cs(317,40): warning CS8603: 可能返回 null 引用。 [/root/WorkSpace/CSharp/BannerlordModEditor/BannerlordModEditor.Common/BannerlordModEditor.Common.csproj]
     2>/root/WorkSpace/CSharp/BannerlordModEditor/BannerlordModEditor.Common/Mappers/PostfxGraphsMapper.cs(10,36): warning CS8603: 可能返回 null 引用。 [/root/WorkSpace/CSharp/BannerlordModEditor/BannerlordModEditor.Common/BannerlordModEditor.Common.csproj]
     2>/root/WorkSpace/CSharp/BannerlordModEditor/BannerlordModEditor.Common/Mappers/MPClassDivisionsMapper.cs(85,36): warning CS8603: 可能返回 null 引用。 [/root/WorkSpace/CSharp/BannerlordModEditor/BannerlordModEditor.Common/BannerlordModEditor.Common.csproj]
     2>/root/WorkSpace/CSharp/BannerlordModEditor/BannerlordModEditor.Common/Mappers/ParticleSystemLayoutMapper.cs(14,40): warning CS8603: 可能返回 null 引用。 [/root/WorkSpace/CSharp/BannerlordModEditor/BannerlordModEditor.Common/BannerlordModEditor.Common.csproj]
     2>/root/WorkSpace/CSharp/BannerlordModEditor/BannerlordModEditor.Common/Mappers/PostfxGraphsMapper.cs(21,36): warning CS8603: 可能返回 null 引用。 [/root/WorkSpace/CSharp/BannerlordModEditor/BannerlordModEditor.Common/BannerlordModEditor.Common.csproj]
     2>/root/WorkSpace/CSharp/BannerlordModEditor/BannerlordModEditor.Common/Mappers/ParticleSystemLayoutMapper.cs(25,40): warning CS8603: 可能返回 null 引用。 [/root/WorkSpace/CSharp/BannerlordModEditor/BannerlordModEditor.Common/BannerlordModEditor.Common.csproj]
     2>/root/WorkSpace/CSharp/BannerlordModEditor/BannerlordModEditor.Common/Models/Data/ActionSetsData.cs(19,23): warning CS8618: 在退出构造函数时，不可为 null 的 属性 "Id" 必须包含非 null 值。请考虑添加 "required" 修饰符或将该 属性 声明为可为 null。 [/root/WorkSpace/CSharp/BannerlordModEditor/BannerlordModEditor.Common/BannerlordModEditor.Common.csproj]
     2>/root/WorkSpace/CSharp/BannerlordModEditor/BannerlordModEditor.Common/Models/Data/ActionSetsData.cs(22,23): warning CS8618: 在退出构造函数时，不可为 null 的 属性 "Skeleton" 必须包含非 null 值。请考虑添加 "required" 修饰符或将该 属性 声明为可为 null。 [/root/WorkSpace/CSharp/BannerlordModEditor/BannerlordModEditor.Common/BannerlordModEditor.Common.csproj]
     2>/root/WorkSpace/CSharp/BannerlordModEditor/BannerlordModEditor.Common/Models/Data/ActionSetsData.cs(25,23): warning CS8618: 在退出构造函数时，不可为 null 的 属性 "MovementSystem" 必须包含非 null 值。请考虑添加 "required" 修饰符或将该 属性 声明为可为 null。 [/root/WorkSpace/CSharp/BannerlordModEditor/BannerlordModEditor.Common/BannerlordModEditor.Common.csproj]
     2>/root/WorkSpace/CSharp/BannerlordModEditor/BannerlordModEditor.Common/Models/Data/ActionSetsData.cs(28,29): warning CS8618: 在退出构造函数时，不可为 null 的 属性 "Actions" 必须包含非 null 值。请考虑添加 "required" 修饰符或将该 属性 声明为可为 null。 [/root/WorkSpace/CSharp/BannerlordModEditor/BannerlordModEditor.Common/BannerlordModEditor.Common.csproj]
     2>/root/WorkSpace/CSharp/BannerlordModEditor/BannerlordModEditor.Common/Mappers/PhysicsMaterialsLayoutMapper.cs(14,40): warning CS8603: 可能返回 null 引用。 [/root/WorkSpace/CSharp/BannerlordModEditor/BannerlordModEditor.Common/BannerlordModEditor.Common.csproj]
     2>/root/WorkSpace/CSharp/BannerlordModEditor/BannerlordModEditor.Common/Mappers/MPClassDivisionsMapper.cs(97,36): warning CS8603: 可能返回 null 引用。 [/root/WorkSpace/CSharp/BannerlordModEditor/BannerlordModEditor.Common/BannerlordModEditor.Common.csproj]
     2>/root/WorkSpace/CSharp/BannerlordModEditor/BannerlordModEditor.Common/Mappers/CraftingPiecesMapper.cs(325,40): warning CS8603: 可能返回 null 引用。 [/root/WorkSpace/CSharp/BannerlordModEditor/BannerlordModEditor.Common/BannerlordModEditor.Common.csproj]
     2>/root/WorkSpace/CSharp/BannerlordModEditor/BannerlordModEditor.Common/Mappers/PhysicsMaterialsLayoutMapper.cs(25,40): warning CS8603: 可能返回 null 引用。 [/root/WorkSpace/CSharp/BannerlordModEditor/BannerlordModEditor.Common/BannerlordModEditor.Common.csproj]
     2>/root/WorkSpace/CSharp/BannerlordModEditor/BannerlordModEditor.Common/Models/Data/ActionSetsData.cs(39,23): warning CS8618: 在退出构造函数时，不可为 null 的 属性 "Type" 必须包含非 null 值。请考虑添加 "required" 修饰符或将该 属性 声明为可为 null。 [/root/WorkSpace/CSharp/BannerlordModEditor/BannerlordModEditor.Common/BannerlordModEditor.Common.csproj]
     2>/root/WorkSpace/CSharp/BannerlordModEditor/BannerlordModEditor.Common/Models/Data/ActionSetsData.cs(42,23): warning CS8618: 在退出构造函数时，不可为 null 的 属性 "Animation" 必须包含非 null 值。请考虑添加 "required" 修饰符或将该 属性 声明为可为 null。 [/root/WorkSpace/CSharp/BannerlordModEditor/BannerlordModEditor.Common/BannerlordModEditor.Common.csproj]
     2>/root/WorkSpace/CSharp/BannerlordModEditor/BannerlordModEditor.Common/Mappers/CraftingPiecesMapper.cs(337,40): warning CS8603: 可能返回 null 引用。 [/root/WorkSpace/CSharp/BannerlordModEditor/BannerlordModEditor.Common/BannerlordModEditor.Common.csproj]
     2>/root/WorkSpace/CSharp/BannerlordModEditor/BannerlordModEditor.Common/Mappers/LooknfeelMapper.cs(199,40): warning CS8603: 可能返回 null 引用。 [/root/WorkSpace/CSharp/BannerlordModEditor/BannerlordModEditor.Common/BannerlordModEditor.Common.csproj]
     2>/root/WorkSpace/CSharp/BannerlordModEditor/BannerlordModEditor.Common/Models/Data/ActionTypesModel.cs(19,23): warning CS8618: 在退出构造函数时，不可为 null 的 属性 "Name" 必须包含非 null 值。请考虑添加 "required" 修饰符或将该 属性 声明为可为 null。 [/root/WorkSpace/CSharp/BannerlordModEditor/BannerlordModEditor.Common/BannerlordModEditor.Common.csproj]
     2>/root/WorkSpace/CSharp/BannerlordModEditor/BannerlordModEditor.Common/Models/Data/ActionTypesModel.cs(22,23): warning CS8618: 在退出构造函数时，不可为 null 的 属性 "Type" 必须包含非 null 值。请考虑添加 "required" 修饰符或将该 属性 声明为可为 null。 [/root/WorkSpace/CSharp/BannerlordModEditor/BannerlordModEditor.Common/BannerlordModEditor.Common.csproj]
     2>/root/WorkSpace/CSharp/BannerlordModEditor/BannerlordModEditor.Common/Models/Data/ActionTypesModel.cs(25,23): warning CS8618: 在退出构造函数时，不可为 null 的 属性 "UsageDirection" 必须包含非 null 值。请考虑添加 "required" 修饰符或将该 属性 声明为可为 null。 [/root/WorkSpace/CSharp/BannerlordModEditor/BannerlordModEditor.Common/BannerlordModEditor.Common.csproj]
     2>/root/WorkSpace/CSharp/BannerlordModEditor/BannerlordModEditor.Common/Mappers/ParticleSystemsMapper.cs(15,40): warning CS8603: 可能返回 null 引用。 [/root/WorkSpace/CSharp/BannerlordModEditor/BannerlordModEditor.Common/BannerlordModEditor.Common.csproj]
     2>/root/WorkSpace/CSharp/BannerlordModEditor/BannerlordModEditor.Common/Models/Data/AdjustablesDataModel.cs(19,23): warning CS8618: 在退出构造函数时，不可为 null 的 属性 "Name" 必须包含非 null 值。请考虑添加 "required" 修饰符或将该 属性 声明为可为 null。 [/root/WorkSpace/CSharp/BannerlordModEditor/BannerlordModEditor.Common/BannerlordModEditor.Common.csproj]
     2>/root/WorkSpace/CSharp/BannerlordModEditor/BannerlordModEditor.Common/Models/Data/AdjustablesDataModel.cs(22,23): warning CS8618: 在退出构造函数时，不可为 null 的 属性 "Value" 必须包含非 null 值。请考虑添加 "required" 修饰符或将该 属性 声明为可为 null。 [/root/WorkSpace/CSharp/BannerlordModEditor/BannerlordModEditor.Common/BannerlordModEditor.Common.csproj]
     2>/root/WorkSpace/CSharp/BannerlordModEditor/BannerlordModEditor.Common/Models/Data/Adjustables.cs(19,23): warning CS8618: 在退出构造函数时，不可为 null 的 属性 "Name" 必须包含非 null 值。请考虑添加 "required" 修饰符或将该 属性 声明为可为 null。 [/root/WorkSpace/CSharp/BannerlordModEditor/BannerlordModEditor.Common/BannerlordModEditor.Common.csproj]
     2>/root/WorkSpace/CSharp/BannerlordModEditor/BannerlordModEditor.Common/Models/Data/Adjustables.cs(22,23): warning CS8618: 在退出构造函数时，不可为 null 的 属性 "Value" 必须包含非 null 值。请考虑添加 "required" 修饰符或将该 属性 声明为可为 null。 [/root/WorkSpace/CSharp/BannerlordModEditor/BannerlordModEditor.Common/BannerlordModEditor.Common.csproj]
     2>/root/WorkSpace/CSharp/BannerlordModEditor/BannerlordModEditor.Common/Mappers/ParticleSystemsMapper.cs(25,40): warning CS8603: 可能返回 null 引用。 [/root/WorkSpace/CSharp/BannerlordModEditor/BannerlordModEditor.Common/BannerlordModEditor.Common.csproj]
     2>/root/WorkSpace/CSharp/BannerlordModEditor/BannerlordModEditor.Common/Mappers/ParticleSystemsMapper.cs(32,34): warning CS8604: “EmittersDTO ParticleSystemsMapper.ToDTO(EmittersDO source)”中的形参“source”可能传入 null 引用实参。 [/root/WorkSpace/CSharp/BannerlordModEditor/BannerlordModEditor.Common/BannerlordModEditor.Common.csproj]
     2>/root/WorkSpace/CSharp/BannerlordModEditor/BannerlordModEditor.Common/Mappers/ParticleSystemsMapper.cs(38,40): warning CS8603: 可能返回 null 引用。 [/root/WorkSpace/CSharp/BannerlordModEditor/BannerlordModEditor.Common/BannerlordModEditor.Common.csproj]
     2>/root/WorkSpace/CSharp/BannerlordModEditor/BannerlordModEditor.Common/Models/Data/BannerIconsModel.cs(71,23): warning CS8618: 在退出构造函数时，不可为 null 的 属性 "MaterialName" 必须包含非 null 值。请考虑添加 "required" 修饰符或将该 属性 声明为可为 null。 [/root/WorkSpace/CSharp/BannerlordModEditor/BannerlordModEditor.Common/BannerlordModEditor.Common.csproj]
     2>/root/WorkSpace/CSharp/BannerlordModEditor/BannerlordModEditor.Common/Mappers/MonsterUsageSetsMapper.cs(74,36): warning CS8603: 可能返回 null 引用。 [/root/WorkSpace/CSharp/BannerlordModEditor/BannerlordModEditor.Common/BannerlordModEditor.Common.csproj]
     2>/root/WorkSpace/CSharp/BannerlordModEditor/BannerlordModEditor.Common/Models/Data/BeforeTransparentsGraph.cs(11,23): warning CS8618: 在退出构造函数时，不可为 null 的 属性 "Type" 必须包含非 null 值。请考虑添加 "required" 修饰符或将该 属性 声明为可为 null。 [/root/WorkSpace/CSharp/BannerlordModEditor/BannerlordModEditor.Common/BannerlordModEditor.Common.csproj]
     2>/root/WorkSpace/CSharp/BannerlordModEditor/BannerlordModEditor.Common/Models/Data/BeforeTransparentsGraph.cs(14,29): warning CS8618: 在退出构造函数时，不可为 null 的 属性 "PostfxGraphs" 必须包含非 null 值。请考虑添加 "required" 修饰符或将该 属性 声明为可为 null。 [/root/WorkSpace/CSharp/BannerlordModEditor/BannerlordModEditor.Common/BannerlordModEditor.Common.csproj]
     2>/root/WorkSpace/CSharp/BannerlordModEditor/BannerlordModEditor.Common/Mappers/ParticleSystemsMapper.cs(48,40): warning CS8603: 可能返回 null 引用。 [/root/WorkSpace/CSharp/BannerlordModEditor/BannerlordModEditor.Common/BannerlordModEditor.Common.csproj]
     2>/root/WorkSpace/CSharp/BannerlordModEditor/BannerlordModEditor.Common/Mappers/ParticleSystemsMapper.cs(54,34): warning CS8604: “ChildrenDTO ParticleSystemsMapper.ToDTO(ChildrenDO source)”中的形参“source”可能传入 null 引用实参。 [/root/WorkSpace/CSharp/BannerlordModEditor/BannerlordModEditor.Common/BannerlordModEditor.Common.csproj]
     2>/root/WorkSpace/CSharp/BannerlordModEditor/BannerlordModEditor.Common/Mappers/ParticleSystemsMapper.cs(55,31): warning CS8604: “ParticleFlagsDTO ParticleSystemsMapper.ToDTO(ParticleFlagsDO source)”中的形参“source”可能传入 null 引用实参。 [/root/WorkSpace/CSharp/BannerlordModEditor/BannerlordModEditor.Common/BannerlordModEditor.Common.csproj]
     2>/root/WorkSpace/CSharp/BannerlordModEditor/BannerlordModEditor.Common/Mappers/ParticleSystemsMapper.cs(56,36): warning CS8604: “ParametersDTO ParticleSystemsMapper.ToDTO(ParametersDO source)”中的形参“source”可能传入 null 引用实参。 [/root/WorkSpace/CSharp/BannerlordModEditor/BannerlordModEditor.Common/BannerlordModEditor.Common.csproj]
     2>/root/WorkSpace/CSharp/BannerlordModEditor/BannerlordModEditor.Common/Mappers/MpItemsMapper.cs(15,40): warning CS8603: 可能返回 null 引用。 [/root/WorkSpace/CSharp/BannerlordModEditor/BannerlordModEditor.Common/BannerlordModEditor.Common.csproj]
     2>/root/WorkSpace/CSharp/BannerlordModEditor/BannerlordModEditor.Common/Mappers/MonsterUsageSetsMapper.cs(86,36): warning CS8603: 可能返回 null 引用。 [/root/WorkSpace/CSharp/BannerlordModEditor/BannerlordModEditor.Common/BannerlordModEditor.Common.csproj]
     2>/root/WorkSpace/CSharp/BannerlordModEditor/BannerlordModEditor.Common/Models/Data/BeforeTransparentsGraph.cs(23,34): warning CS8618: 在退出构造函数时，不可为 null 的 属性 "PostfxGraphList" 必须包含非 null 值。请考虑添加 "required" 修饰符或将该 属性 声明为可为 null。 [/root/WorkSpace/CSharp/BannerlordModEditor/BannerlordModEditor.Common/BannerlordModEditor.Common.csproj]
     2>/root/WorkSpace/CSharp/BannerlordModEditor/BannerlordModEditor.Common/Mappers/MonsterUsageSetsMapper.cs(98,36): warning CS8603: 可能返回 null 引用。 [/root/WorkSpace/CSharp/BannerlordModEditor/BannerlordModEditor.Common/BannerlordModEditor.Common.csproj]
     2>/root/WorkSpace/CSharp/BannerlordModEditor/BannerlordModEditor.Common/Models/Data/BeforeTransparentsGraph.cs(31,23): warning CS8618: 在退出构造函数时，不可为 null 的 属性 "Id" 必须包含非 null 值。请考虑添加 "required" 修饰符或将该 属性 声明为可为 null。 [/root/WorkSpace/CSharp/BannerlordModEditor/BannerlordModEditor.Common/BannerlordModEditor.Common.csproj]
     2>/root/WorkSpace/CSharp/BannerlordModEditor/BannerlordModEditor.Common/Models/Data/BeforeTransparentsGraph.cs(34,33): warning CS8618: 在退出构造函数时，不可为 null 的 属性 "PostfxNodes" 必须包含非 null 值。请考虑添加 "required" 修饰符或将该 属性 声明为可为 null。 [/root/WorkSpace/CSharp/BannerlordModEditor/BannerlordModEditor.Common/BannerlordModEditor.Common.csproj]
     2>/root/WorkSpace/CSharp/BannerlordModEditor/BannerlordModEditor.Common/Mappers/ParticleSystemsMapper.cs(62,40): warning CS8603: 可能返回 null 引用。 [/root/WorkSpace/CSharp/BannerlordModEditor/BannerlordModEditor.Common/BannerlordModEditor.Common.csproj]
     2>/root/WorkSpace/CSharp/BannerlordModEditor/BannerlordModEditor.Common/Mappers/MonsterUsageSetsMapper.cs(113,36): warning CS8603: 可能返回 null 引用。 [/root/WorkSpace/CSharp/BannerlordModEditor/BannerlordModEditor.Common/BannerlordModEditor.Common.csproj]
     2>/root/WorkSpace/CSharp/BannerlordModEditor/BannerlordModEditor.Common/Models/Data/BeforeTransparentsGraph.cs(87,23): warning CS8618: 在退出构造函数时，不可为 null 的 属性 "Index" 必须包含非 null 值。请考虑添加 "required" 修饰符或将该 属性 声明为可为 null。 [/root/WorkSpace/CSharp/BannerlordModEditor/BannerlordModEditor.Common/BannerlordModEditor.Common.csproj]
     2>/root/WorkSpace/CSharp/BannerlordModEditor/BannerlordModEditor.Common/Models/Data/BeforeTransparentsGraph.cs(90,23): warning CS8618: 在退出构造函数时，不可为 null 的 属性 "Type" 必须包含非 null 值。请考虑添加 "required" 修饰符或将该 属性 声明为可为 null。 [/root/WorkSpace/CSharp/BannerlordModEditor/BannerlordModEditor.Common/BannerlordModEditor.Common.csproj]
     2>/root/WorkSpace/CSharp/BannerlordModEditor/BannerlordModEditor.Common/Models/Data/BeforeTransparentsGraph.cs(93,23): warning CS8618: 在退出构造函数时，不可为 null 的 属性 "Source" 必须包含非 null 值。请考虑添加 "required" 修饰符或将该 属性 声明为可为 null。 [/root/WorkSpace/CSharp/BannerlordModEditor/BannerlordModEditor.Common/BannerlordModEditor.Common.csproj]
     2>/root/WorkSpace/CSharp/BannerlordModEditor/BannerlordModEditor.Common/Mappers/MpItemsMapper.cs(26,40): warning CS8603: 可能返回 null 引用。 [/root/WorkSpace/CSharp/BannerlordModEditor/BannerlordModEditor.Common/BannerlordModEditor.Common.csproj]
     2>/root/WorkSpace/CSharp/BannerlordModEditor/BannerlordModEditor.Common/Mappers/MpItemsMapper.cs(57,39): warning CS8604: “ItemComponentDTO MpItemsMapper.ToDTO(ItemComponentDO source)”中的形参“source”可能传入 null 引用实参。 [/root/WorkSpace/CSharp/BannerlordModEditor/BannerlordModEditor.Common/BannerlordModEditor.Common.csproj]
     2>/root/WorkSpace/CSharp/BannerlordModEditor/BannerlordModEditor.Common/Mappers/MpItemsMapper.cs(58,31): warning CS8604: “ItemFlagsDTO MpItemsMapper.ToDTO(ItemFlagsDO source)”中的形参“source”可能传入 null 引用实参。 [/root/WorkSpace/CSharp/BannerlordModEditor/BannerlordModEditor.Common/BannerlordModEditor.Common.csproj]
     2>/root/WorkSpace/CSharp/BannerlordModEditor/BannerlordModEditor.Common/Models/Data/BeforeTransparentsGraph.cs(103,23): warning CS8618: 在退出构造函数时，不可为 null 的 属性 "Index" 必须包含非 null 值。请考虑添加 "required" 修饰符或将该 属性 声明为可为 null。 [/root/WorkSpace/CSharp/BannerlordModEditor/BannerlordModEditor.Common/BannerlordModEditor.Common.csproj]
     2>/root/WorkSpace/CSharp/BannerlordModEditor/BannerlordModEditor.Common/Models/Data/BeforeTransparentsGraph.cs(106,23): warning CS8618: 在退出构造函数时，不可为 null 的 属性 "Type" 必须包含非 null 值。请考虑添加 "required" 修饰符或将该 属性 声明为可为 null。 [/root/WorkSpace/CSharp/BannerlordModEditor/BannerlordModEditor.Common/BannerlordModEditor.Common.csproj]
     2>/root/WorkSpace/CSharp/BannerlordModEditor/BannerlordModEditor.Common/Models/Data/BeforeTransparentsGraph.cs(109,23): warning CS8618: 在退出构造函数时，不可为 null 的 属性 "Name" 必须包含非 null 值。请考虑添加 "required" 修饰符或将该 属性 声明为可为 null。 [/root/WorkSpace/CSharp/BannerlordModEditor/BannerlordModEditor.Common/BannerlordModEditor.Common.csproj]
     2>/root/WorkSpace/CSharp/BannerlordModEditor/BannerlordModEditor.Common/Models/Data/BeforeTransparentsGraph.cs(127,23): warning CS8618: 在退出构造函数时，不可为 null 的 属性 "Name" 必须包含非 null 值。请考虑添加 "required" 修饰符或将该 属性 声明为可为 null。 [/root/WorkSpace/CSharp/BannerlordModEditor/BannerlordModEditor.Common/BannerlordModEditor.Common.csproj]
     2>/root/WorkSpace/CSharp/BannerlordModEditor/BannerlordModEditor.Common/Models/Data/BeforeTransparentsGraph.cs(119,39): warning CS8618: 在退出构造函数时，不可为 null 的 属性 "Configs" 必须包含非 null 值。请考虑添加 "required" 修饰符或将该 属性 声明为可为 null。 [/root/WorkSpace/CSharp/BannerlordModEditor/BannerlordModEditor.Common/BannerlordModEditor.Common.csproj]
     2>/root/WorkSpace/CSharp/BannerlordModEditor/BannerlordModEditor.Common/Mappers/ParticleSystemsMapper.cs(72,40): warning CS8603: 可能返回 null 引用。 [/root/WorkSpace/CSharp/BannerlordModEditor/BannerlordModEditor.Common/BannerlordModEditor.Common.csproj]
     2>/root/WorkSpace/CSharp/BannerlordModEditor/BannerlordModEditor.Common/Mappers/ParticleSystemsMapper.cs(82,40): warning CS8603: 可能返回 null 引用。 [/root/WorkSpace/CSharp/BannerlordModEditor/BannerlordModEditor.Common/BannerlordModEditor.Common.csproj]
     2>/root/WorkSpace/CSharp/BannerlordModEditor/BannerlordModEditor.Common/Mappers/MpItemsMapper.cs(64,40): warning CS8603: 可能返回 null 引用。 [/root/WorkSpace/CSharp/BannerlordModEditor/BannerlordModEditor.Common/BannerlordModEditor.Common.csproj]
     2>/root/WorkSpace/CSharp/BannerlordModEditor/BannerlordModEditor.Common/Mappers/MpItemsMapper.cs(75,32): warning CS8604: “PiecesDTO MpItemsMapper.ToDTO(PiecesDO source)”中的形参“source”可能传入 null 引用实参。 [/root/WorkSpace/CSharp/BannerlordModEditor/BannerlordModEditor.Common/BannerlordModEditor.Common.csproj]
     2>/root/WorkSpace/CSharp/BannerlordModEditor/BannerlordModEditor.Common/Models/Data/BeforeTransparentsGraph.cs(43,23): warning CS8618: 在退出构造函数时，不可为 null 的 属性 "Id" 必须包含非 null 值。请考虑添加 "required" 修饰符或将该 属性 声明为可为 null。 [/root/WorkSpace/CSharp/BannerlordModEditor/BannerlordModEditor.Common/BannerlordModEditor.Common.csproj]
     2>/root/WorkSpace/CSharp/BannerlordModEditor/BannerlordModEditor.Common/Models/Data/BeforeTransparentsGraph.cs(46,23): warning CS8618: 在退出构造函数时，不可为 null 的 属性 "Class" 必须包含非 null 值。请考虑添加 "required" 修饰符或将该 属性 声明为可为 null。 [/root/WorkSpace/CSharp/BannerlordModEditor/BannerlordModEditor.Common/BannerlordModEditor.Common.csproj]
     2>/root/WorkSpace/CSharp/BannerlordModEditor/BannerlordModEditor.Common/Models/Data/BeforeTransparentsGraph.cs(49,23): warning CS8618: 在退出构造函数时，不可为 null 的 属性 "Shader" 必须包含非 null 值。请考虑添加 "required" 修饰符或将该 属性 声明为可为 null。 [/root/WorkSpace/CSharp/BannerlordModEditor/BannerlordModEditor.Common/BannerlordModEditor.Common.csproj]
     2>/root/WorkSpace/CSharp/BannerlordModEditor/BannerlordModEditor.Common/Models/Data/BeforeTransparentsGraph.cs(52,23): warning CS8618: 在退出构造函数时，不可为 null 的 属性 "Format" 必须包含非 null 值。请考虑添加 "required" 修饰符或将该 属性 声明为可为 null。 [/root/WorkSpace/CSharp/BannerlordModEditor/BannerlordModEditor.Common/BannerlordModEditor.Common.csproj]
     2>/root/WorkSpace/CSharp/BannerlordModEditor/BannerlordModEditor.Common/Models/Data/BeforeTransparentsGraph.cs(55,23): warning CS8618: 在退出构造函数时，不可为 null 的 属性 "Size" 必须包含非 null 值。请考虑添加 "required" 修饰符或将该 属性 声明为可为 null。 [/root/WorkSpace/CSharp/BannerlordModEditor/BannerlordModEditor.Common/BannerlordModEditor.Common.csproj]
     2>/root/WorkSpace/CSharp/BannerlordModEditor/BannerlordModEditor.Common/Models/Data/BeforeTransparentsGraph.cs(58,23): warning CS8618: 在退出构造函数时，不可为 null 的 属性 "Width" 必须包含非 null 值。请考虑添加 "required" 修饰符或将该 属性 声明为可为 null。 [/root/WorkSpace/CSharp/BannerlordModEditor/BannerlordModEditor.Common/BannerlordModEditor.Common.csproj]
     2>/root/WorkSpace/CSharp/BannerlordModEditor/BannerlordModEditor.Common/Models/Data/BeforeTransparentsGraph.cs(61,23): warning CS8618: 在退出构造函数时，不可为 null 的 属性 "Height" 必须包含非 null 值。请考虑添加 "required" 修饰符或将该 属性 声明为可为 null。 [/root/WorkSpace/CSharp/BannerlordModEditor/BannerlordModEditor.Common/BannerlordModEditor.Common.csproj]
     2>/root/WorkSpace/CSharp/BannerlordModEditor/BannerlordModEditor.Common/Models/Data/BeforeTransparentsGraph.cs(64,39): warning CS8618: 在退出构造函数时，不可为 null 的 属性 "Outputs" 必须包含非 null 值。请考虑添加 "required" 修饰符或将该 属性 声明为可为 null。 [/root/WorkSpace/CSharp/BannerlordModEditor/BannerlordModEditor.Common/BannerlordModEditor.Common.csproj]
     2>/root/WorkSpace/CSharp/BannerlordModEditor/BannerlordModEditor.Common/Models/Data/BeforeTransparentsGraph.cs(67,38): warning CS8618: 在退出构造函数时，不可为 null 的 属性 "Inputs" 必须包含非 null 值。请考虑添加 "required" 修饰符或将该 属性 声明为可为 null。 [/root/WorkSpace/CSharp/BannerlordModEditor/BannerlordModEditor.Common/BannerlordModEditor.Common.csproj]
     2>/root/WorkSpace/CSharp/BannerlordModEditor/BannerlordModEditor.Common/Models/Data/BeforeTransparentsGraph.cs(70,40): warning CS8618: 在退出构造函数时，不可为 null 的 属性 "Preconditions" 必须包含非 null 值。请考虑添加 "required" 修饰符或将该 属性 声明为可为 null。 [/root/WorkSpace/CSharp/BannerlordModEditor/BannerlordModEditor.Common/BannerlordModEditor.Common.csproj]
     2>/root/WorkSpace/CSharp/BannerlordModEditor/BannerlordModEditor.Common/Models/Data/BannerIconsModel.cs(11,23): warning CS8618: 在退出构造函数时，不可为 null 的 属性 "Type" 必须包含非 null 值。请考虑添加 "required" 修饰符或将该 属性 声明为可为 null。 [/root/WorkSpace/CSharp/BannerlordModEditor/BannerlordModEditor.Common/BannerlordModEditor.Common.csproj]
     2>/root/WorkSpace/CSharp/BannerlordModEditor/BannerlordModEditor.Common/Models/Data/BannerIconsModel.cs(14,31): warning CS8618: 在退出构造函数时，不可为 null 的 属性 "BannerIconData" 必须包含非 null 值。请考虑添加 "required" 修饰符或将该 属性 声明为可为 null。 [/root/WorkSpace/CSharp/BannerlordModEditor/BannerlordModEditor.Common/BannerlordModEditor.Common.csproj]
     2>/root/WorkSpace/CSharp/BannerlordModEditor/BannerlordModEditor.Common/Models/Data/BoneBodyTypes.cs(17,23): warning CS8618: 在退出构造函数时，不可为 null 的 属性 "Type" 必须包含非 null 值。请考虑添加 "required" 修饰符或将该 属性 声明为可为 null。 [/root/WorkSpace/CSharp/BannerlordModEditor/BannerlordModEditor.Common/BannerlordModEditor.Common.csproj]
     2>/root/WorkSpace/CSharp/BannerlordModEditor/BannerlordModEditor.Common/Models/Data/ClothBodiesModel.cs(19,23): warning CS8618: 在退出构造函数时，不可为 null 的 属性 "Name" 必须包含非 null 值。请考虑添加 "required" 修饰符或将该 属性 声明为可为 null。 [/root/WorkSpace/CSharp/BannerlordModEditor/BannerlordModEditor.Common/BannerlordModEditor.Common.csproj]
     2>/root/WorkSpace/CSharp/BannerlordModEditor/BannerlordModEditor.Common/Models/Data/ClothBodiesModel.cs(22,23): warning CS8618: 在退出构造函数时，不可为 null 的 属性 "OwnerSkeleton" 必须包含非 null 值。请考虑添加 "required" 修饰符或将该 属性 声明为可为 null。 [/root/WorkSpace/CSharp/BannerlordModEditor/BannerlordModEditor.Common/BannerlordModEditor.Common.csproj]
     2>/root/WorkSpace/CSharp/BannerlordModEditor/BannerlordModEditor.Common/Models/Data/ClothBodiesModel.cs(27,30): warning CS8618: 在退出构造函数时，不可为 null 的 属性 "Capsules" 必须包含非 null 值。请考虑添加 "required" 修饰符或将该 属性 声明为可为 null。 [/root/WorkSpace/CSharp/BannerlordModEditor/BannerlordModEditor.Common/BannerlordModEditor.Common.csproj]
     2>/root/WorkSpace/CSharp/BannerlordModEditor/BannerlordModEditor.Common/Models/Data/ClothBodiesModel.cs(43,23): warning CS8618: 在退出构造函数时，不可为 null 的 属性 "Name" 必须包含非 null 值。请考虑添加 "required" 修饰符或将该 属性 声明为可为 null。 [/root/WorkSpace/CSharp/BannerlordModEditor/BannerlordModEditor.Common/BannerlordModEditor.Common.csproj]
     2>/root/WorkSpace/CSharp/BannerlordModEditor/BannerlordModEditor.Common/Models/Data/ClothBodiesModel.cs(46,23): warning CS8618: 在退出构造函数时，不可为 null 的 属性 "Length" 必须包含非 null 值。请考虑添加 "required" 修饰符或将该 属性 声明为可为 null。 [/root/WorkSpace/CSharp/BannerlordModEditor/BannerlordModEditor.Common/BannerlordModEditor.Common.csproj]
     2>/root/WorkSpace/CSharp/BannerlordModEditor/BannerlordModEditor.Common/Models/Data/ClothBodiesModel.cs(49,23): warning CS8618: 在退出构造函数时，不可为 null 的 属性 "Origin" 必须包含非 null 值。请考虑添加 "required" 修饰符或将该 属性 声明为可为 null。 [/root/WorkSpace/CSharp/BannerlordModEditor/BannerlordModEditor.Common/BannerlordModEditor.Common.csproj]
     2>/root/WorkSpace/CSharp/BannerlordModEditor/BannerlordModEditor.Common/Models/Data/ClothBodiesModel.cs(52,23): warning CS8618: 在退出构造函数时，不可为 null 的 属性 "Frame" 必须包含非 null 值。请考虑添加 "required" 修饰符或将该 属性 声明为可为 null。 [/root/WorkSpace/CSharp/BannerlordModEditor/BannerlordModEditor.Common/BannerlordModEditor.Common.csproj]
     2>/root/WorkSpace/CSharp/BannerlordModEditor/BannerlordModEditor.Common/Models/Data/ClothBodiesModel.cs(55,28): warning CS8618: 在退出构造函数时，不可为 null 的 属性 "Points" 必须包含非 null 值。请考虑添加 "required" 修饰符或将该 属性 声明为可为 null。 [/root/WorkSpace/CSharp/BannerlordModEditor/BannerlordModEditor.Common/BannerlordModEditor.Common.csproj]
     2>/root/WorkSpace/CSharp/BannerlordModEditor/BannerlordModEditor.Common/Mappers/ParticleSystemsMapper.cs(93,40): warning CS8603: 可能返回 null 引用。 [/root/WorkSpace/CSharp/BannerlordModEditor/BannerlordModEditor.Common/BannerlordModEditor.Common.csproj]
     2>/root/WorkSpace/CSharp/BannerlordModEditor/BannerlordModEditor.Common/Mappers/ParticleSystemsMapper.cs(98,40): warning CS8604: “DecalMaterialsDTO ParticleSystemsMapper.ToDTO(DecalMaterialsDO source)”中的形参“source”可能传入 null 引用实参。 [/root/WorkSpace/CSharp/BannerlordModEditor/BannerlordModEditor.Common/BannerlordModEditor.Common.csproj]
     2>/root/WorkSpace/CSharp/BannerlordModEditor/BannerlordModEditor.Common/Mappers/MpItemsMapper.cs(81,40): warning CS8603: 可能返回 null 引用。 [/root/WorkSpace/CSharp/BannerlordModEditor/BannerlordModEditor.Common/BannerlordModEditor.Common.csproj]
     2>/root/WorkSpace/CSharp/BannerlordModEditor/BannerlordModEditor.Common/Models/Data/ClothBodiesModel.cs(71,23): warning CS8618: 在退出构造函数时，不可为 null 的 属性 "Radius" 必须包含非 null 值。请考虑添加 "required" 修饰符或将该 属性 声明为可为 null。 [/root/WorkSpace/CSharp/BannerlordModEditor/BannerlordModEditor.Common/BannerlordModEditor.Common.csproj]
     2>/root/WorkSpace/CSharp/BannerlordModEditor/BannerlordModEditor.Common/Models/Data/ClothBodiesModel.cs(74,27): warning CS8618: 在退出构造函数时，不可为 null 的 属性 "Bones" 必须包含非 null 值。请考虑添加 "required" 修饰符或将该 属性 声明为可为 null。 [/root/WorkSpace/CSharp/BannerlordModEditor/BannerlordModEditor.Common/BannerlordModEditor.Common.csproj]
     2>/root/WorkSpace/CSharp/BannerlordModEditor/BannerlordModEditor.Common/Mappers/MpItemsMapper.cs(91,40): warning CS8603: 可能返回 null 引用。 [/root/WorkSpace/CSharp/BannerlordModEditor/BannerlordModEditor.Common/BannerlordModEditor.Common.csproj]
     2>/root/WorkSpace/CSharp/BannerlordModEditor/BannerlordModEditor.Common/Models/Data/BannerIconsModel.cs(94,23): warning CS8618: 在退出构造函数时，不可为 null 的 属性 "Hex" 必须包含非 null 值。请考虑添加 "required" 修饰符或将该 属性 声明为可为 null。 [/root/WorkSpace/CSharp/BannerlordModEditor/BannerlordModEditor.Common/BannerlordModEditor.Common.csproj]
     2>/root/WorkSpace/CSharp/BannerlordModEditor/BannerlordModEditor.Common/Models/Data/ClothMaterials.cs(11,31): warning CS8618: 在退出构造函数时，不可为 null 的 属性 "Materials" 必须包含非 null 值。请考虑添加 "required" 修饰符或将该 属性 声明为可为 null。 [/root/WorkSpace/CSharp/BannerlordModEditor/BannerlordModEditor.Common/BannerlordModEditor.Common.csproj]
     2>/root/WorkSpace/CSharp/BannerlordModEditor/BannerlordModEditor.Common/Models/Data/ClothMaterials.cs(19,36): warning CS8618: 在退出构造函数时，不可为 null 的 属性 "MaterialList" 必须包含非 null 值。请考虑添加 "required" 修饰符或将该 属性 声明为可为 null。 [/root/WorkSpace/CSharp/BannerlordModEditor/BannerlordModEditor.Common/BannerlordModEditor.Common.csproj]
     2>/root/WorkSpace/CSharp/BannerlordModEditor/BannerlordModEditor.Common/Models/Data/ClothBodiesModel.cs(90,23): warning CS8618: 在退出构造函数时，不可为 null 的 属性 "Name" 必须包含非 null 值。请考虑添加 "required" 修饰符或将该 属性 声明为可为 null。 [/root/WorkSpace/CSharp/BannerlordModEditor/BannerlordModEditor.Common/BannerlordModEditor.Common.csproj]
     2>/root/WorkSpace/CSharp/BannerlordModEditor/BannerlordModEditor.Common/Models/Data/ClothBodiesModel.cs(93,23): warning CS8618: 在退出构造函数时，不可为 null 的 属性 "Weight" 必须包含非 null 值。请考虑添加 "required" 修饰符或将该 属性 声明为可为 null。 [/root/WorkSpace/CSharp/BannerlordModEditor/BannerlordModEditor.Common/BannerlordModEditor.Common.csproj]
     2>/root/WorkSpace/CSharp/BannerlordModEditor/BannerlordModEditor.Common/Models/Data/ClothMaterials.cs(27,23): warning CS8618: 在退出构造函数时，不可为 null 的 属性 "Name" 必须包含非 null 值。请考虑添加 "required" 修饰符或将该 属性 声明为可为 null。 [/root/WorkSpace/CSharp/BannerlordModEditor/BannerlordModEditor.Common/BannerlordModEditor.Common.csproj]
     2>/root/WorkSpace/CSharp/BannerlordModEditor/BannerlordModEditor.Common/Models/Data/ClothMaterials.cs(30,40): warning CS8618: 在退出构造函数时，不可为 null 的 属性 "Simulation" 必须包含非 null 值。请考虑添加 "required" 修饰符或将该 属性 声明为可为 null。 [/root/WorkSpace/CSharp/BannerlordModEditor/BannerlordModEditor.Common/BannerlordModEditor.Common.csproj]
     2>/root/WorkSpace/CSharp/BannerlordModEditor/BannerlordModEditor.Common/Mappers/ParticleSystemsMapper.cs(104,40): warning CS8603: 可能返回 null 引用。 [/root/WorkSpace/CSharp/BannerlordModEditor/BannerlordModEditor.Common/BannerlordModEditor.Common.csproj]
     2>/root/WorkSpace/CSharp/BannerlordModEditor/BannerlordModEditor.Common/Mappers/ParticleSystemsMapper.cs(113,91): warning CS8604: “CurveDTO ParticleSystemsMapper.ToDTO(CurveDO source)”中的形参“source”可能传入 null 引用实参。 [/root/WorkSpace/CSharp/BannerlordModEditor/BannerlordModEditor.Common/BannerlordModEditor.Common.csproj]
     2>/root/WorkSpace/CSharp/BannerlordModEditor/BannerlordModEditor.Common/Mappers/ParticleSystemsMapper.cs(114,38): warning CS8604: “ColorDTO ParticleSystemsMapper.ToDTO(ColorDO source)”中的形参“source”可能传入 null 引用实参。 [/root/WorkSpace/CSharp/BannerlordModEditor/BannerlordModEditor.Common/BannerlordModEditor.Common.csproj]
     2>/root/WorkSpace/CSharp/BannerlordModEditor/BannerlordModEditor.Common/Mappers/ParticleSystemsMapper.cs(115,38): warning CS8604: “AlphaDTO ParticleSystemsMapper.ToDTO(AlphaDO source)”中的形参“source”可能传入 null 引用实参。 [/root/WorkSpace/CSharp/BannerlordModEditor/BannerlordModEditor.Common/BannerlordModEditor.Common.csproj]
     2>/root/WorkSpace/CSharp/BannerlordModEditor/BannerlordModEditor.Common/Models/Data/CollisionInfosModel.cs(23,40): warning CS8618: 在退出构造函数时，不可为 null 的 属性 "Materials" 必须包含非 null 值。请考虑添加 "required" 修饰符或将该 属性 声明为可为 null。 [/root/WorkSpace/CSharp/BannerlordModEditor/BannerlordModEditor.Common/BannerlordModEditor.Common.csproj]
     2>/root/WorkSpace/CSharp/BannerlordModEditor/BannerlordModEditor.Common/Models/Data/BannerIconsModel.cs(57,23): warning CS8618: 在退出构造函数时，不可为 null 的 属性 "MeshName" 必须包含非 null 值。请考虑添加 "required" 修饰符或将该 属性 声明为可为 null。 [/root/WorkSpace/CSharp/BannerlordModEditor/BannerlordModEditor.Common/BannerlordModEditor.Common.csproj]
     2>/root/WorkSpace/CSharp/BannerlordModEditor/BannerlordModEditor.Common/Mappers/ParticleSystemsMapper.cs(121,40): warning CS8603: 可能返回 null 引用。 [/root/WorkSpace/CSharp/BannerlordModEditor/BannerlordModEditor.Common/BannerlordModEditor.Common.csproj]
     2>/root/WorkSpace/CSharp/BannerlordModEditor/BannerlordModEditor.Common/Mappers/ParticleSystemsMapper.cs(129,30): warning CS8604: “KeysDTO ParticleSystemsMapper.ToDTO(KeysDO source)”中的形参“source”可能传入 null 引用实参。 [/root/WorkSpace/CSharp/BannerlordModEditor/BannerlordModEditor.Common/BannerlordModEditor.Common.csproj]
     2>/root/WorkSpace/CSharp/BannerlordModEditor/BannerlordModEditor.Common/Models/Data/CollisionInfosModel.cs(43,23): warning CS8618: 在退出构造函数时，不可为 null 的 属性 "SecondMaterial" 必须包含非 null 值。请考虑添加 "required" 修饰符或将该 属性 声明为可为 null。 [/root/WorkSpace/CSharp/BannerlordModEditor/BannerlordModEditor.Common/BannerlordModEditor.Common.csproj]
     2>/root/WorkSpace/CSharp/BannerlordModEditor/BannerlordModEditor.Common/Models/Data/CollisionInfosModel.cs(46,32): warning CS8618: 在退出构造函数时，不可为 null 的 属性 "CollisionEffect" 必须包含非 null 值。请考虑添加 "required" 修饰符或将该 属性 声明为可为 null。 [/root/WorkSpace/CSharp/BannerlordModEditor/BannerlordModEditor.Common/BannerlordModEditor.Common.csproj]
     2>/root/WorkSpace/CSharp/BannerlordModEditor/BannerlordModEditor.Common/Models/Data/CollisionInfosModel.cs(31,23): warning CS8618: 在退出构造函数时，不可为 null 的 属性 "Id" 必须包含非 null 值。请考虑添加 "required" 修饰符或将该 属性 声明为可为 null。 [/root/WorkSpace/CSharp/BannerlordModEditor/BannerlordModEditor.Common/BannerlordModEditor.Common.csproj]
     2>/root/WorkSpace/CSharp/BannerlordModEditor/BannerlordModEditor.Common/Models/Data/CollisionInfosModel.cs(34,36): warning CS8618: 在退出构造函数时，不可为 null 的 属性 "CollisionInfos" 必须包含非 null 值。请考虑添加 "required" 修饰符或将该 属性 声明为可为 null。 [/root/WorkSpace/CSharp/BannerlordModEditor/BannerlordModEditor.Common/BannerlordModEditor.Common.csproj]
     2>/root/WorkSpace/CSharp/BannerlordModEditor/BannerlordModEditor.Common/Models/Data/CollisionInfosModel.cs(55,23): warning CS8618: 在退出构造函数时，不可为 null 的 属性 "Particle" 必须包含非 null 值。请考虑添加 "required" 修饰符或将该 属性 声明为可为 null。 [/root/WorkSpace/CSharp/BannerlordModEditor/BannerlordModEditor.Common/BannerlordModEditor.Common.csproj]
     2>/root/WorkSpace/CSharp/BannerlordModEditor/BannerlordModEditor.Common/Models/Data/CollisionInfosModel.cs(58,23): warning CS8618: 在退出构造函数时，不可为 null 的 属性 "Decal" 必须包含非 null 值。请考虑添加 "required" 修饰符或将该 属性 声明为可为 null。 [/root/WorkSpace/CSharp/BannerlordModEditor/BannerlordModEditor.Common/BannerlordModEditor.Common.csproj]
     2>/root/WorkSpace/CSharp/BannerlordModEditor/BannerlordModEditor.Common/Models/Data/CombatParameters.cs(27,26): warning CS8618: 在退出构造函数时，不可为 null 的 属性 "Defs" 必须包含非 null 值。请考虑添加 "required" 修饰符或将该 属性 声明为可为 null。 [/root/WorkSpace/CSharp/BannerlordModEditor/BannerlordModEditor.Common/BannerlordModEditor.Common.csproj]
     2>/root/WorkSpace/CSharp/BannerlordModEditor/BannerlordModEditor.Common/Models/Data/CombatParameters.cs(34,23): warning CS8618: 在退出构造函数时，不可为 null 的 属性 "Name" 必须包含非 null 值。请考虑添加 "required" 修饰符或将该 属性 声明为可为 null。 [/root/WorkSpace/CSharp/BannerlordModEditor/BannerlordModEditor.Common/BannerlordModEditor.Common.csproj]
     2>/root/WorkSpace/CSharp/BannerlordModEditor/BannerlordModEditor.Common/Models/Data/CombatParameters.cs(37,23): warning CS8618: 在退出构造函数时，不可为 null 的 属性 "Value" 必须包含非 null 值。请考虑添加 "required" 修饰符或将该 属性 声明为可为 null。 [/root/WorkSpace/CSharp/BannerlordModEditor/BannerlordModEditor.Common/BannerlordModEditor.Common.csproj]
     2>/root/WorkSpace/CSharp/BannerlordModEditor/BannerlordModEditor.Common/Models/Data/CombatParameters.cs(11,23): warning CS8618: 在退出构造函数时，不可为 null 的 属性 "Type" 必须包含非 null 值。请考虑添加 "required" 修饰符或将该 属性 声明为可为 null。 [/root/WorkSpace/CSharp/BannerlordModEditor/BannerlordModEditor.Common/BannerlordModEditor.Common.csproj]
     2>/root/WorkSpace/CSharp/BannerlordModEditor/BannerlordModEditor.Common/Models/Data/CombatParameters.cs(14,28): warning CS8618: 在退出构造函数时，不可为 null 的 属性 "Definitions" 必须包含非 null 值。请考虑添加 "required" 修饰符或将该 属性 声明为可为 null。 [/root/WorkSpace/CSharp/BannerlordModEditor/BannerlordModEditor.Common/BannerlordModEditor.Common.csproj]
     2>/root/WorkSpace/CSharp/BannerlordModEditor/BannerlordModEditor.Common/Models/Data/CombatParameters.cs(18,42): warning CS8618: 在退出构造函数时，不可为 null 的 属性 "CombatParametersList" 必须包含非 null 值。请考虑添加 "required" 修饰符或将该 属性 声明为可为 null。 [/root/WorkSpace/CSharp/BannerlordModEditor/BannerlordModEditor.Common/BannerlordModEditor.Common.csproj]
     2>/root/WorkSpace/CSharp/BannerlordModEditor/BannerlordModEditor.Common/Models/Data/CombatParameters.cs(133,23): warning CS8618: 在退出构造函数时，不可为 null 的 属性 "P1" 必须包含非 null 值。请考虑添加 "required" 修饰符或将该 属性 声明为可为 null。 [/root/WorkSpace/CSharp/BannerlordModEditor/BannerlordModEditor.Common/BannerlordModEditor.Common.csproj]
     2>/root/WorkSpace/CSharp/BannerlordModEditor/BannerlordModEditor.Common/Models/Data/CombatParameters.cs(136,23): warning CS8618: 在退出构造函数时，不可为 null 的 属性 "P2" 必须包含非 null 值。请考虑添加 "required" 修饰符或将该 属性 声明为可为 null。 [/root/WorkSpace/CSharp/BannerlordModEditor/BannerlordModEditor.Common/BannerlordModEditor.Common.csproj]
     2>/root/WorkSpace/CSharp/BannerlordModEditor/BannerlordModEditor.Common/Models/Data/CombatParameters.cs(139,23): warning CS8618: 在退出构造函数时，不可为 null 的 属性 "R" 必须包含非 null 值。请考虑添加 "required" 修饰符或将该 属性 声明为可为 null。 [/root/WorkSpace/CSharp/BannerlordModEditor/BannerlordModEditor.Common/BannerlordModEditor.Common.csproj]
     2>/root/WorkSpace/CSharp/BannerlordModEditor/BannerlordModEditor.Common/Mappers/MpItemsMapper.cs(103,40): warning CS8603: 可能返回 null 引用。 [/root/WorkSpace/CSharp/BannerlordModEditor/BannerlordModEditor.Common/BannerlordModEditor.Common.csproj]
     2>/root/WorkSpace/CSharp/BannerlordModEditor/BannerlordModEditor.Common/Models/Data/CombatParametersModel.cs(27,32): warning CS8618: 在退出构造函数时，不可为 null 的 属性 "Defs" 必须包含非 null 值。请考虑添加 "required" 修饰符或将该 属性 声明为可为 null。 [/root/WorkSpace/CSharp/BannerlordModEditor/BannerlordModEditor.Common/BannerlordModEditor.Common.csproj]
     2>/root/WorkSpace/CSharp/BannerlordModEditor/BannerlordModEditor.Common/Models/Data/CombatParametersModel.cs(11,23): warning CS8618: 在退出构造函数时，不可为 null 的 属性 "Type" 必须包含非 null 值。请考虑添加 "required" 修饰符或将该 属性 声明为可为 null。 [/root/WorkSpace/CSharp/BannerlordModEditor/BannerlordModEditor.Common/BannerlordModEditor.Common.csproj]
     2>/root/WorkSpace/CSharp/BannerlordModEditor/BannerlordModEditor.Common/Models/Data/CombatParametersModel.cs(14,34): warning CS8618: 在退出构造函数时，不可为 null 的 属性 "Definitions" 必须包含非 null 值。请考虑添加 "required" 修饰符或将该 属性 声明为可为 null。 [/root/WorkSpace/CSharp/BannerlordModEditor/BannerlordModEditor.Common/BannerlordModEditor.Common.csproj]
     2>/root/WorkSpace/CSharp/BannerlordModEditor/BannerlordModEditor.Common/Models/Data/CombatParametersModel.cs(17,42): warning CS8618: 在退出构造函数时，不可为 null 的 属性 "CombatParameters" 必须包含非 null 值。请考虑添加 "required" 修饰符或将该 属性 声明为可为 null。 [/root/WorkSpace/CSharp/BannerlordModEditor/BannerlordModEditor.Common/BannerlordModEditor.Common.csproj]
     2>/root/WorkSpace/CSharp/BannerlordModEditor/BannerlordModEditor.Common/Mappers/ParticleSystemsMapper.cs(135,40): warning CS8603: 可能返回 null 引用。 [/root/WorkSpace/CSharp/BannerlordModEditor/BannerlordModEditor.Common/BannerlordModEditor.Common.csproj]
     2>/root/WorkSpace/CSharp/BannerlordModEditor/BannerlordModEditor.Common/Models/Data/BannerIconsModel.cs(19,16): warning CS8618: 在退出构造函数时，不可为 null 的 属性 "BannerColors" 必须包含非 null 值。请考虑添加 "required" 修饰符或将该 属性 声明为可为 null。 [/root/WorkSpace/CSharp/BannerlordModEditor/BannerlordModEditor.Common/BannerlordModEditor.Common.csproj]
     2>/root/WorkSpace/CSharp/BannerlordModEditor/BannerlordModEditor.Common/Models/Data/CombatParametersModel.cs(35,23): warning CS8618: 在退出构造函数时，不可为 null 的 属性 "Name" 必须包含非 null 值。请考虑添加 "required" 修饰符或将该 属性 声明为可为 null。 [/root/WorkSpace/CSharp/BannerlordModEditor/BannerlordModEditor.Common/BannerlordModEditor.Common.csproj]
     2>/root/WorkSpace/CSharp/BannerlordModEditor/BannerlordModEditor.Common/Models/Data/CombatParametersModel.cs(38,23): warning CS8618: 在退出构造函数时，不可为 null 的 属性 "Value" 必须包含非 null 值。请考虑添加 "required" 修饰符或将该 属性 声明为可为 null。 [/root/WorkSpace/CSharp/BannerlordModEditor/BannerlordModEditor.Common/BannerlordModEditor.Common.csproj]
     2>/root/WorkSpace/CSharp/BannerlordModEditor/BannerlordModEditor.Common/Mappers/ParticleSystemsMapper.cs(145,40): warning CS8603: 可能返回 null 引用。 [/root/WorkSpace/CSharp/BannerlordModEditor/BannerlordModEditor.Common/BannerlordModEditor.Common.csproj]
     2>/root/WorkSpace/CSharp/BannerlordModEditor/BannerlordModEditor.Common/Models/Data/CombatParametersModel.cs(47,43): warning CS8618: 在退出构造函数时，不可为 null 的 属性 "Parameters" 必须包含非 null 值。请考虑添加 "required" 修饰符或将该 属性 声明为可为 null。 [/root/WorkSpace/CSharp/BannerlordModEditor/BannerlordModEditor.Common/BannerlordModEditor.Common.csproj]
     2>/root/WorkSpace/CSharp/BannerlordModEditor/BannerlordModEditor.Common/Mappers/MpItemsMapper.cs(120,40): warning CS8603: 可能返回 null 引用。 [/root/WorkSpace/CSharp/BannerlordModEditor/BannerlordModEditor.Common/BannerlordModEditor.Common.csproj]
     2>/root/WorkSpace/CSharp/BannerlordModEditor/BannerlordModEditor.Common/Mappers/ParticleSystemsMapper.cs(158,40): warning CS8603: 可能返回 null 引用。 [/root/WorkSpace/CSharp/BannerlordModEditor/BannerlordModEditor.Common/BannerlordModEditor.Common.csproj]
     2>/root/WorkSpace/CSharp/BannerlordModEditor/BannerlordModEditor.Common/Mappers/ParticleSystemsMapper.cs(162,30): warning CS8604: “KeysDTO ParticleSystemsMapper.ToDTO(KeysDO source)”中的形参“source”可能传入 null 引用实参。 [/root/WorkSpace/CSharp/BannerlordModEditor/BannerlordModEditor.Common/BannerlordModEditor.Common.csproj]
     2>/root/WorkSpace/CSharp/BannerlordModEditor/BannerlordModEditor.Common/Mappers/ParticleSystemsMapper.cs(168,40): warning CS8603: 可能返回 null 引用。 [/root/WorkSpace/CSharp/BannerlordModEditor/BannerlordModEditor.Common/BannerlordModEditor.Common.csproj]
     2>/root/WorkSpace/CSharp/BannerlordModEditor/BannerlordModEditor.Common/Mappers/ParticleSystemsMapper.cs(172,30): warning CS8604: “KeysDTO ParticleSystemsMapper.ToDTO(KeysDO source)”中的形参“source”可能传入 null 引用实参。 [/root/WorkSpace/CSharp/BannerlordModEditor/BannerlordModEditor.Common/BannerlordModEditor.Common.csproj]
     2>/root/WorkSpace/CSharp/BannerlordModEditor/BannerlordModEditor.Common/Models/Data/CombatParametersModel.cs(147,23): warning CS8618: 在退出构造函数时，不可为 null 的 属性 "P1" 必须包含非 null 值。请考虑添加 "required" 修饰符或将该 属性 声明为可为 null。 [/root/WorkSpace/CSharp/BannerlordModEditor/BannerlordModEditor.Common/BannerlordModEditor.Common.csproj]
     2>/root/WorkSpace/CSharp/BannerlordModEditor/BannerlordModEditor.Common/Models/Data/CombatParametersModel.cs(150,23): warning CS8618: 在退出构造函数时，不可为 null 的 属性 "P2" 必须包含非 null 值。请考虑添加 "required" 修饰符或将该 属性 声明为可为 null。 [/root/WorkSpace/CSharp/BannerlordModEditor/BannerlordModEditor.Common/BannerlordModEditor.Common.csproj]
     2>/root/WorkSpace/CSharp/BannerlordModEditor/BannerlordModEditor.Common/Models/Data/CombatParametersModel.cs(153,23): warning CS8618: 在退出构造函数时，不可为 null 的 属性 "R" 必须包含非 null 值。请考虑添加 "required" 修饰符或将该 属性 声明为可为 null。 [/root/WorkSpace/CSharp/BannerlordModEditor/BannerlordModEditor.Common/BannerlordModEditor.Common.csproj]
     2>/root/WorkSpace/CSharp/BannerlordModEditor/BannerlordModEditor.Common/Mappers/MpItemsMapper.cs(149,40): warning CS8603: 可能返回 null 引用。 [/root/WorkSpace/CSharp/BannerlordModEditor/BannerlordModEditor.Common/BannerlordModEditor.Common.csproj]
     2>/root/WorkSpace/CSharp/BannerlordModEditor/BannerlordModEditor.Common/Mappers/MpItemsMapper.cs(182,37): warning CS8604: “WeaponFlagsDTO MpItemsMapper.ToDTO(WeaponFlagsDO source)”中的形参“source”可能传入 null 引用实参。 [/root/WorkSpace/CSharp/BannerlordModEditor/BannerlordModEditor.Common/BannerlordModEditor.Common.csproj]
     2>/root/WorkSpace/CSharp/BannerlordModEditor/BannerlordModEditor.Common/Models/Data/CollisionInfosModel.cs(11,23): warning CS8618: 在退出构造函数时，不可为 null 的 属性 "Type" 必须包含非 null 值。请考虑添加 "required" 修饰符或将该 属性 声明为可为 null。 [/root/WorkSpace/CSharp/BannerlordModEditor/BannerlordModEditor.Common/BannerlordModEditor.Common.csproj]
     2>/root/WorkSpace/CSharp/BannerlordModEditor/BannerlordModEditor.Common/Models/Data/CollisionInfosModel.cs(14,31): warning CS8618: 在退出构造函数时，不可为 null 的 属性 "CollisionInfos" 必须包含非 null 值。请考虑添加 "required" 修饰符或将该 属性 声明为可为 null。 [/root/WorkSpace/CSharp/BannerlordModEditor/BannerlordModEditor.Common/BannerlordModEditor.Common.csproj]
     2>/root/WorkSpace/CSharp/BannerlordModEditor/BannerlordModEditor.Common/Mappers/ParticleSystemsMapper.cs(178,40): warning CS8603: 可能返回 null 引用。 [/root/WorkSpace/CSharp/BannerlordModEditor/BannerlordModEditor.Common/BannerlordModEditor.Common.csproj]
     2>/root/WorkSpace/CSharp/BannerlordModEditor/BannerlordModEditor.Common/Models/Data/CraftingPieces.cs(154,23): warning CS8618: 在退出构造函数时，不可为 null 的 属性 "Id" 必须包含非 null 值。请考虑添加 "required" 修饰符或将该 属性 声明为可为 null。 [/root/WorkSpace/CSharp/BannerlordModEditor/BannerlordModEditor.Common/BannerlordModEditor.Common.csproj]
     2>/root/WorkSpace/CSharp/BannerlordModEditor/BannerlordModEditor.Common/Models/Data/CraftingPieces.cs(157,23): warning CS8618: 在退出构造函数时，不可为 null 的 属性 "Count" 必须包含非 null 值。请考虑添加 "required" 修饰符或将该 属性 声明为可为 null。 [/root/WorkSpace/CSharp/BannerlordModEditor/BannerlordModEditor.Common/BannerlordModEditor.Common.csproj]
     2>/root/WorkSpace/CSharp/BannerlordModEditor/BannerlordModEditor.Common/Models/Data/CraftingPieces.cs(161,23): warning CS8618: 在退出构造函数时，不可为 null 的 属性 "MaterialType" 必须包含非 null 值。请考虑添加 "required" 修饰符或将该 属性 声明为可为 null。 [/root/WorkSpace/CSharp/BannerlordModEditor/BannerlordModEditor.Common/BannerlordModEditor.Common.csproj]
     2>/root/WorkSpace/CSharp/BannerlordModEditor/BannerlordModEditor.Common/Models/Data/CraftingPieces.cs(200,23): warning CS8618: 在退出构造函数时，不可为 null 的 属性 "Name" 必须包含非 null 值。请考虑添加 "required" 修饰符或将该 属性 声明为可为 null。 [/root/WorkSpace/CSharp/BannerlordModEditor/BannerlordModEditor.Common/BannerlordModEditor.Common.csproj]
     2>/root/WorkSpace/CSharp/BannerlordModEditor/BannerlordModEditor.Common/Models/Data/CraftingPieces.cs(203,23): warning CS8618: 在退出构造函数时，不可为 null 的 属性 "Value" 必须包含非 null 值。请考虑添加 "required" 修饰符或将该 属性 声明为可为 null。 [/root/WorkSpace/CSharp/BannerlordModEditor/BannerlordModEditor.Common/BannerlordModEditor.Common.csproj]
     2>/root/WorkSpace/CSharp/BannerlordModEditor/BannerlordModEditor.Common/Mappers/ParticleSystemsMapper.cs(188,40): warning CS8603: 可能返回 null 引用。 [/root/WorkSpace/CSharp/BannerlordModEditor/BannerlordModEditor.Common/BannerlordModEditor.Common.csproj]
     2>/root/WorkSpace/CSharp/BannerlordModEditor/BannerlordModEditor.Common/Models/Data/CraftingPieces.cs(176,23): warning CS8618: 在退出构造函数时，不可为 null 的 属性 "Attribute" 必须包含非 null 值。请考虑添加 "required" 修饰符或将该 属性 声明为可为 null。 [/root/WorkSpace/CSharp/BannerlordModEditor/BannerlordModEditor.Common/BannerlordModEditor.Common.csproj]
     2>/root/WorkSpace/CSharp/BannerlordModEditor/BannerlordModEditor.Common/Models/Data/CraftingPieces.cs(179,23): warning CS8618: 在退出构造函数时，不可为 null 的 属性 "Operation" 必须包含非 null 值。请考虑添加 "required" 修饰符或将该 属性 声明为可为 null。 [/root/WorkSpace/CSharp/BannerlordModEditor/BannerlordModEditor.Common/BannerlordModEditor.Common.csproj]
     2>/root/WorkSpace/CSharp/BannerlordModEditor/BannerlordModEditor.Common/Models/Data/CraftingPieces.cs(182,23): warning CS8618: 在退出构造函数时，不可为 null 的 属性 "Value" 必须包含非 null 值。请考虑添加 "required" 修饰符或将该 属性 声明为可为 null。 [/root/WorkSpace/CSharp/BannerlordModEditor/BannerlordModEditor.Common/BannerlordModEditor.Common.csproj]
     2>/root/WorkSpace/CSharp/BannerlordModEditor/BannerlordModEditor.Common/Models/Data/CraftingPieces.cs(185,23): warning CS8618: 在退出构造函数时，不可为 null 的 属性 "Condition" 必须包含非 null 值。请考虑添加 "required" 修饰符或将该 属性 声明为可为 null。 [/root/WorkSpace/CSharp/BannerlordModEditor/BannerlordModEditor.Common/BannerlordModEditor.Common.csproj]
     2>/root/WorkSpace/CSharp/BannerlordModEditor/BannerlordModEditor.Common/Models/Data/CraftingPieces.cs(217,23): warning CS8618: 在退出构造函数时，不可为 null 的 属性 "Type" 必须包含非 null 值。请考虑添加 "required" 修饰符或将该 属性 声明为可为 null。 [/root/WorkSpace/CSharp/BannerlordModEditor/BannerlordModEditor.Common/BannerlordModEditor.Common.csproj]
     2>/root/WorkSpace/CSharp/BannerlordModEditor/BannerlordModEditor.Common/Models/Data/CraftingPieces.cs(220,23): warning CS8618: 在退出构造函数时，不可为 null 的 属性 "Id" 必须包含非 null 值。请考虑添加 "required" 修饰符或将该 属性 声明为可为 null。 [/root/WorkSpace/CSharp/BannerlordModEditor/BannerlordModEditor.Common/BannerlordModEditor.Common.csproj]
     2>/root/WorkSpace/CSharp/BannerlordModEditor/BannerlordModEditor.Common/Models/Data/CraftingPieces.cs(223,23): warning CS8618: 在退出构造函数时，不可为 null 的 属性 "Level" 必须包含非 null 值。请考虑添加 "required" 修饰符或将该 属性 声明为可为 null。 [/root/WorkSpace/CSharp/BannerlordModEditor/BannerlordModEditor.Common/BannerlordModEditor.Common.csproj]
     2>/root/WorkSpace/CSharp/BannerlordModEditor/BannerlordModEditor.Common/Models/Data/CraftingTemplates.cs(11,39): warning CS8618: 在退出构造函数时，不可为 null 的 属性 "CraftingTemplateList" 必须包含非 null 值。请考虑添加 "required" 修饰符或将该 属性 声明为可为 null。 [/root/WorkSpace/CSharp/BannerlordModEditor/BannerlordModEditor.Common/BannerlordModEditor.Common.csproj]
     2>/root/WorkSpace/CSharp/BannerlordModEditor/BannerlordModEditor.Common/Models/Data/CraftingTemplates.cs(73,23): warning CS8618: 在退出构造函数时，不可为 null 的 属性 "PieceType" 必须包含非 null 值。请考虑添加 "required" 修饰符或将该 属性 声明为可为 null。 [/root/WorkSpace/CSharp/BannerlordModEditor/BannerlordModEditor.Common/BannerlordModEditor.Common.csproj]
     2>/root/WorkSpace/CSharp/BannerlordModEditor/BannerlordModEditor.Common/Models/Data/CraftingTemplates.cs(76,23): warning CS8618: 在退出构造函数时，不可为 null 的 属性 "BuildOrder" 必须包含非 null 值。请考虑添加 "required" 修饰符或将该 属性 声明为可为 null。 [/root/WorkSpace/CSharp/BannerlordModEditor/BannerlordModEditor.Common/BannerlordModEditor.Common.csproj]
     2>/root/WorkSpace/CSharp/BannerlordModEditor/BannerlordModEditor.Common/Models/Data/CraftingTemplates.cs(89,23): warning CS8618: 在退出构造函数时，不可为 null 的 属性 "Id" 必须包含非 null 值。请考虑添加 "required" 修饰符或将该 属性 声明为可为 null。 [/root/WorkSpace/CSharp/BannerlordModEditor/BannerlordModEditor.Common/BannerlordModEditor.Common.csproj]
     2>/root/WorkSpace/CSharp/BannerlordModEditor/BannerlordModEditor.Common/Models/Data/CraftingTemplates.cs(82,48): warning CS8618: 在退出构造函数时，不可为 null 的 属性 "WeaponDescriptionList" 必须包含非 null 值。请考虑添加 "required" 修饰符或将该 属性 声明为可为 null。 [/root/WorkSpace/CSharp/BannerlordModEditor/BannerlordModEditor.Common/BannerlordModEditor.Common.csproj]
     2>/root/WorkSpace/CSharp/BannerlordModEditor/BannerlordModEditor.Common/Models/Data/CraftingTemplates.cs(106,23): warning CS8618: 在退出构造函数时，不可为 null 的 属性 "StatType" 必须包含非 null 值。请考虑添加 "required" 修饰符或将该 属性 声明为可为 null。 [/root/WorkSpace/CSharp/BannerlordModEditor/BannerlordModEditor.Common/BannerlordModEditor.Common.csproj]
     2>/root/WorkSpace/CSharp/BannerlordModEditor/BannerlordModEditor.Common/Models/Data/CraftingTemplates.cs(109,23): warning CS8618: 在退出构造函数时，不可为 null 的 属性 "MaxValue" 必须包含非 null 值。请考虑添加 "required" 修饰符或将该 属性 声明为可为 null。 [/root/WorkSpace/CSharp/BannerlordModEditor/BannerlordModEditor.Common/BannerlordModEditor.Common.csproj]
     2>/root/WorkSpace/CSharp/BannerlordModEditor/BannerlordModEditor.Common/Models/Data/CraftingPieces.cs(28,23): warning CS8618: 在退出构造函数时，不可为 null 的 属性 "Id" 必须包含非 null 值。请考虑添加 "required" 修饰符或将该 属性 声明为可为 null。 [/root/WorkSpace/CSharp/BannerlordModEditor/BannerlordModEditor.Common/BannerlordModEditor.Common.csproj]
     2>/root/WorkSpace/CSharp/BannerlordModEditor/BannerlordModEditor.Common/Models/Data/CraftingPieces.cs(31,23): warning CS8618: 在退出构造函数时，不可为 null 的 属性 "Name" 必须包含非 null 值。请考虑添加 "required" 修饰符或将该 属性 声明为可为 null。 [/root/WorkSpace/CSharp/BannerlordModEditor/BannerlordModEditor.Common/BannerlordModEditor.Common.csproj]
     2>/root/WorkSpace/CSharp/BannerlordModEditor/BannerlordModEditor.Common/Models/Data/CraftingPieces.cs(34,23): warning CS8618: 在退出构造函数时，不可为 null 的 属性 "PieceType" 必须包含非 null 值。请考虑添加 "required" 修饰符或将该 属性 声明为可为 null。 [/root/WorkSpace/CSharp/BannerlordModEditor/BannerlordModEditor.Common/BannerlordModEditor.Common.csproj]
     2>/root/WorkSpace/CSharp/BannerlordModEditor/BannerlordModEditor.Common/Models/Data/CraftingPieces.cs(37,23): warning CS8618: 在退出构造函数时，不可为 null 的 属性 "Tier" 必须包含非 null 值。请考虑添加 "required" 修饰符或将该 属性 声明为可为 null。 [/root/WorkSpace/CSharp/BannerlordModEditor/BannerlordModEditor.Common/BannerlordModEditor.Common.csproj]
     2>/root/WorkSpace/CSharp/BannerlordModEditor/BannerlordModEditor.Common/Models/Data/CraftingPieces.cs(40,23): warning CS8618: 在退出构造函数时，不可为 null 的 属性 "PieceTier" 必须包含非 null 值。请考虑添加 "required" 修饰符或将该 属性 声明为可为 null。 [/root/WorkSpace/CSharp/BannerlordModEditor/BannerlordModEditor.Common/BannerlordModEditor.Common.csproj]
     2>/root/WorkSpace/CSharp/BannerlordModEditor/BannerlordModEditor.Common/Models/Data/CraftingPieces.cs(44,23): warning CS8618: 在退出构造函数时，不可为 null 的 属性 "Culture" 必须包含非 null 值。请考虑添加 "required" 修饰符或将该 属性 声明为可为 null。 [/root/WorkSpace/CSharp/BannerlordModEditor/BannerlordModEditor.Common/BannerlordModEditor.Common.csproj]
     2>/root/WorkSpace/CSharp/BannerlordModEditor/BannerlordModEditor.Common/Models/Data/CraftingPieces.cs(47,23): warning CS8618: 在退出构造函数时，不可为 null 的 属性 "Mesh" 必须包含非 null 值。请考虑添加 "required" 修饰符或将该 属性 声明为可为 null。 [/root/WorkSpace/CSharp/BannerlordModEditor/BannerlordModEditor.Common/BannerlordModEditor.Common.csproj]
     2>/root/WorkSpace/CSharp/BannerlordModEditor/BannerlordModEditor.Common/Models/Data/CraftingPieces.cs(50,23): warning CS8618: 在退出构造函数时，不可为 null 的 属性 "PhysicsMaterial" 必须包含非 null 值。请考虑添加 "required" 修饰符或将该 属性 声明为可为 null。 [/root/WorkSpace/CSharp/BannerlordModEditor/BannerlordModEditor.Common/BannerlordModEditor.Common.csproj]
     2>/root/WorkSpace/CSharp/BannerlordModEditor/BannerlordModEditor.Common/Models/Data/CraftingPieces.cs(53,23): warning CS8618: 在退出构造函数时，不可为 null 的 属性 "IsHidden" 必须包含非 null 值。请考虑添加 "required" 修饰符或将该 属性 声明为可为 null。 [/root/WorkSpace/CSharp/BannerlordModEditor/BannerlordModEditor.Common/BannerlordModEditor.Common.csproj]
     2>/root/WorkSpace/CSharp/BannerlordModEditor/BannerlordModEditor.Common/Models/Data/CraftingPieces.cs(56,23): warning CS8618: 在退出构造函数时，不可为 null 的 属性 "ScaleFactor" 必须包含非 null 值。请考虑添加 "required" 修饰符或将该 属性 声明为可为 null。 [/root/WorkSpace/CSharp/BannerlordModEditor/BannerlordModEditor.Common/BannerlordModEditor.Common.csproj]
     2>/root/WorkSpace/CSharp/BannerlordModEditor/BannerlordModEditor.Common/Models/Data/CraftingPieces.cs(60,23): warning CS8618: 在退出构造函数时，不可为 null 的 属性 "CraftingPieceType" 必须包含非 null 值。请考虑添加 "required" 修饰符或将该 属性 声明为可为 null。 [/root/WorkSpace/CSharp/BannerlordModEditor/BannerlordModEditor.Common/BannerlordModEditor.Common.csproj]
     2>/root/WorkSpace/CSharp/BannerlordModEditor/BannerlordModEditor.Common/Models/Data/CraftingPieces.cs(64,34): warning CS8618: 在退出构造函数时，不可为 null 的 属性 "PieceData" 必须包含非 null 值。请考虑添加 "required" 修饰符或将该 属性 声明为可为 null。 [/root/WorkSpace/CSharp/BannerlordModEditor/BannerlordModEditor.Common/BannerlordModEditor.Common.csproj]
     2>/root/WorkSpace/CSharp/BannerlordModEditor/BannerlordModEditor.Common/Models/Data/CraftingPieces.cs(68,26): warning CS8618: 在退出构造函数时，不可为 null 的 属性 "Materials" 必须包含非 null 值。请考虑添加 "required" 修饰符或将该 属性 声明为可为 null。 [/root/WorkSpace/CSharp/BannerlordModEditor/BannerlordModEditor.Common/BannerlordModEditor.Common.csproj]
     2>/root/WorkSpace/CSharp/BannerlordModEditor/BannerlordModEditor.Common/Models/Data/CraftingPieces.cs(72,34): warning CS8618: 在退出构造函数时，不可为 null 的 属性 "Modifiers" 必须包含非 null 值。请考虑添加 "required" 修饰符或将该 属性 声明为可为 null。 [/root/WorkSpace/CSharp/BannerlordModEditor/BannerlordModEditor.Common/BannerlordModEditor.Common.csproj]
     2>/root/WorkSpace/CSharp/BannerlordModEditor/BannerlordModEditor.Common/Models/Data/CraftingPieces.cs(76,22): warning CS8618: 在退出构造函数时，不可为 null 的 属性 "Flags" 必须包含非 null 值。请考虑添加 "required" 修饰符或将该 属性 声明为可为 null。 [/root/WorkSpace/CSharp/BannerlordModEditor/BannerlordModEditor.Common/BannerlordModEditor.Common.csproj]
     2>/root/WorkSpace/CSharp/BannerlordModEditor/BannerlordModEditor.Common/Models/Data/CraftingPieces.cs(80,29): warning CS8618: 在退出构造函数时，不可为 null 的 属性 "Availability" 必须包含非 null 值。请考虑添加 "required" 修饰符或将该 属性 声明为可为 null。 [/root/WorkSpace/CSharp/BannerlordModEditor/BannerlordModEditor.Common/BannerlordModEditor.Common.csproj]
     2>/root/WorkSpace/CSharp/BannerlordModEditor/BannerlordModEditor.Common/Models/Data/CraftingTemplates.cs(115,34): warning CS8618: 在退出构造函数时，不可为 null 的 属性 "UsablePieceList" 必须包含非 null 值。请考虑添加 "required" 修饰符或将该 属性 声明为可为 null。 [/root/WorkSpace/CSharp/BannerlordModEditor/BannerlordModEditor.Common/BannerlordModEditor.Common.csproj]
     2>/root/WorkSpace/CSharp/BannerlordModEditor/BannerlordModEditor.Common/Models/Data/CraftingTemplates.cs(95,23): warning CS8618: 在退出构造函数时，不可为 null 的 属性 "WeaponDescription" 必须包含非 null 值。请考虑添加 "required" 修饰符或将该 属性 声明为可为 null。 [/root/WorkSpace/CSharp/BannerlordModEditor/BannerlordModEditor.Common/BannerlordModEditor.Common.csproj]
     2>/root/WorkSpace/CSharp/BannerlordModEditor/BannerlordModEditor.Common/Models/Data/CraftingTemplates.cs(98,31): warning CS8618: 在退出构造函数时，不可为 null 的 属性 "StatDataList" 必须包含非 null 值。请考虑添加 "required" 修饰符或将该 属性 声明为可为 null。 [/root/WorkSpace/CSharp/BannerlordModEditor/BannerlordModEditor.Common/BannerlordModEditor.Common.csproj]
     2>/root/WorkSpace/CSharp/BannerlordModEditor/BannerlordModEditor.Common/Mappers/ParticleSystemsMapper.cs(202,40): warning CS8603: 可能返回 null 引用。 [/root/WorkSpace/CSharp/BannerlordModEditor/BannerlordModEditor.Common/BannerlordModEditor.Common.csproj]
     2>/root/WorkSpace/CSharp/BannerlordModEditor/BannerlordModEditor.Common/Models/Data/CraftingPieces.cs(87,23): warning CS8618: 在退出构造函数时，不可为 null 的 属性 "ThrustDamage" 必须包含非 null 值。请考虑添加 "required" 修饰符或将该 属性 声明为可为 null。 [/root/WorkSpace/CSharp/BannerlordModEditor/BannerlordModEditor.Common/BannerlordModEditor.Common.csproj]
     2>/root/WorkSpace/CSharp/BannerlordModEditor/BannerlordModEditor.Common/Models/Data/CraftingPieces.cs(91,23): warning CS8618: 在退出构造函数时，不可为 null 的 属性 "ThrustDamageType" 必须包含非 null 值。请考虑添加 "required" 修饰符或将该 属性 声明为可为 null。 [/root/WorkSpace/CSharp/BannerlordModEditor/BannerlordModEditor.Common/BannerlordModEditor.Common.csproj]
     2>/root/WorkSpace/CSharp/BannerlordModEditor/BannerlordModEditor.Common/Models/Data/CraftingPieces.cs(95,23): warning CS8618: 在退出构造函数时，不可为 null 的 属性 "SwingDamage" 必须包含非 null 值。请考虑添加 "required" 修饰符或将该 属性 声明为可为 null。 [/root/WorkSpace/CSharp/BannerlordModEditor/BannerlordModEditor.Common/BannerlordModEditor.Common.csproj]
     2>/root/WorkSpace/CSharp/BannerlordModEditor/BannerlordModEditor.Common/Models/Data/CraftingPieces.cs(99,23): warning CS8618: 在退出构造函数时，不可为 null 的 属性 "SwingDamageType" 必须包含非 null 值。请考虑添加 "required" 修饰符或将该 属性 声明为可为 null。 [/root/WorkSpace/CSharp/BannerlordModEditor/BannerlordModEditor.Common/BannerlordModEditor.Common.csproj]
     2>/root/WorkSpace/CSharp/BannerlordModEditor/BannerlordModEditor.Common/Models/Data/CraftingPieces.cs(103,23): warning CS8618: 在退出构造函数时，不可为 null 的 属性 "ThrustSpeed" 必须包含非 null 值。请考虑添加 "required" 修饰符或将该 属性 声明为可为 null。 [/root/WorkSpace/CSharp/BannerlordModEditor/BannerlordModEditor.Common/BannerlordModEditor.Common.csproj]
     2>/root/WorkSpace/CSharp/BannerlordModEditor/BannerlordModEditor.Common/Models/Data/CraftingPieces.cs(107,23): warning CS8618: 在退出构造函数时，不可为 null 的 属性 "SwingSpeed" 必须包含非 null 值。请考虑添加 "required" 修饰符或将该 属性 声明为可为 null。 [/root/WorkSpace/CSharp/BannerlordModEditor/BannerlordModEditor.Common/BannerlordModEditor.Common.csproj]
     2>/root/WorkSpace/CSharp/BannerlordModEditor/BannerlordModEditor.Common/Models/Data/CraftingPieces.cs(111,23): warning CS8618: 在退出构造函数时，不可为 null 的 属性 "WeaponLength" 必须包含非 null 值。请考虑添加 "required" 修饰符或将该 属性 声明为可为 null。 [/root/WorkSpace/CSharp/BannerlordModEditor/BannerlordModEditor.Common/BannerlordModEditor.Common.csproj]
     2>/root/WorkSpace/CSharp/BannerlordModEditor/BannerlordModEditor.Common/Models/Data/CraftingPieces.cs(115,23): warning CS8618: 在退出构造函数时，不可为 null 的 属性 "WeaponBalance" 必须包含非 null 值。请考虑添加 "required" 修饰符或将该 属性 声明为可为 null。 [/root/WorkSpace/CSharp/BannerlordModEditor/BannerlordModEditor.Common/BannerlordModEditor.Common.csproj]
     2>/root/WorkSpace/CSharp/BannerlordModEditor/BannerlordModEditor.Common/Models/Data/CraftingPieces.cs(119,23): warning CS8618: 在退出构造函数时，不可为 null 的 属性 "Weight" 必须包含非 null 值。请考虑添加 "required" 修饰符或将该 属性 声明为可为 null。 [/root/WorkSpace/CSharp/BannerlordModEditor/BannerlordModEditor.Common/BannerlordModEditor.Common.csproj]
     2>/root/WorkSpace/CSharp/BannerlordModEditor/BannerlordModEditor.Common/Models/Data/CraftingPieces.cs(123,23): warning CS8618: 在退出构造函数时，不可为 null 的 属性 "HitPoints" 必须包含非 null 值。请考虑添加 "required" 修饰符或将该 属性 声明为可为 null。 [/root/WorkSpace/CSharp/BannerlordModEditor/BannerlordModEditor.Common/BannerlordModEditor.Common.csproj]
     2>/root/WorkSpace/CSharp/BannerlordModEditor/BannerlordModEditor.Common/Models/Data/CraftingPieces.cs(127,23): warning CS8618: 在退出构造函数时，不可为 null 的 属性 "Handling" 必须包含非 null 值。请考虑添加 "required" 修饰符或将该 属性 声明为可为 null。 [/root/WorkSpace/CSharp/BannerlordModEditor/BannerlordModEditor.Common/BannerlordModEditor.Common.csproj]
     2>/root/WorkSpace/CSharp/BannerlordModEditor/BannerlordModEditor.Common/Models/Data/CraftingPieces.cs(131,23): warning CS8618: 在退出构造函数时，不可为 null 的 属性 "MissileSpeed" 必须包含非 null 值。请考虑添加 "required" 修饰符或将该 属性 声明为可为 null。 [/root/WorkSpace/CSharp/BannerlordModEditor/BannerlordModEditor.Common/BannerlordModEditor.Common.csproj]
     2>/root/WorkSpace/CSharp/BannerlordModEditor/BannerlordModEditor.Common/Models/Data/CraftingPieces.cs(135,23): warning CS8618: 在退出构造函数时，不可为 null 的 属性 "Accuracy" 必须包含非 null 值。请考虑添加 "required" 修饰符或将该 属性 声明为可为 null。 [/root/WorkSpace/CSharp/BannerlordModEditor/BannerlordModEditor.Common/BannerlordModEditor.Common.csproj]
     2>/root/WorkSpace/CSharp/BannerlordModEditor/BannerlordModEditor.Common/Models/Data/CraftingPieces.cs(139,23): warning CS8618: 在退出构造函数时，不可为 null 的 属性 "BodyArmor" 必须包含非 null 值。请考虑添加 "required" 修饰符或将该 属性 声明为可为 null。 [/root/WorkSpace/CSharp/BannerlordModEditor/BannerlordModEditor.Common/BannerlordModEditor.Common.csproj]
     2>/root/WorkSpace/CSharp/BannerlordModEditor/BannerlordModEditor.Common/Models/Data/CombatParametersModel.cs(55,23): warning CS8618: 在退出构造函数时，不可为 null 的 属性 "Id" 必须包含非 null 值。请考虑添加 "required" 修饰符或将该 属性 声明为可为 null。 [/root/WorkSpace/CSharp/BannerlordModEditor/BannerlordModEditor.Common/BannerlordModEditor.Common.csproj]
     2>/root/WorkSpace/CSharp/BannerlordModEditor/BannerlordModEditor.Common/Models/Data/CombatParametersModel.cs(58,23): warning CS8618: 在退出构造函数时，不可为 null 的 属性 "WeaponOffset" 必须包含非 null 值。请考虑添加 "required" 修饰符或将该 属性 声明为可为 null。 [/root/WorkSpace/CSharp/BannerlordModEditor/BannerlordModEditor.Common/BannerlordModEditor.Common.csproj]
     2>/root/WorkSpace/CSharp/BannerlordModEditor/BannerlordModEditor.Common/Models/Data/CombatParametersModel.cs(61,23): warning CS8618: 在退出构造函数时，不可为 null 的 属性 "VerticalRotLimitMultiplierUp" 必须包含非 null 值。请考虑添加 "required" 修饰符或将该 属性 声明为可为 null。 [/root/WorkSpace/CSharp/BannerlordModEditor/BannerlordModEditor.Common/BannerlordModEditor.Common.csproj]
     2>/root/WorkSpace/CSharp/BannerlordModEditor/BannerlordModEditor.Common/Models/Data/CombatParametersModel.cs(64,23): warning CS8618: 在退出构造函数时，不可为 null 的 属性 "VerticalRotLimitMultiplierDown" 必须包含非 null 值。请考虑添加 "required" 修饰符或将该 属性 声明为可为 null。 [/root/WorkSpace/CSharp/BannerlordModEditor/BannerlordModEditor.Common/BannerlordModEditor.Common.csproj]
     2>/root/WorkSpace/CSharp/BannerlordModEditor/BannerlordModEditor.Common/Models/Data/CombatParametersModel.cs(67,23): warning CS8618: 在退出构造函数时，不可为 null 的 属性 "LeftRiderRotLimit" 必须包含非 null 值。请考虑添加 "required" 修饰符或将该 属性 声明为可为 null。 [/root/WorkSpace/CSharp/BannerlordModEditor/BannerlordModEditor.Common/BannerlordModEditor.Common.csproj]
     2>/root/WorkSpace/CSharp/BannerlordModEditor/BannerlordModEditor.Common/Models/Data/CombatParametersModel.cs(70,23): warning CS8618: 在退出构造函数时，不可为 null 的 属性 "RightRiderRotLimit" 必须包含非 null 值。请考虑添加 "required" 修饰符或将该 属性 声明为可为 null。 [/root/WorkSpace/CSharp/BannerlordModEditor/BannerlordModEditor.Common/BannerlordModEditor.Common.csproj]
     2>/root/WorkSpace/CSharp/BannerlordModEditor/BannerlordModEditor.Common/Models/Data/CombatParametersModel.cs(73,23): warning CS8618: 在退出构造函数时，不可为 null 的 属性 "LeftRiderMinRotLimit" 必须包含非 null 值。请考虑添加 "required" 修饰符或将该 属性 声明为可为 null。 [/root/WorkSpace/CSharp/BannerlordModEditor/BannerlordModEditor.Common/BannerlordModEditor.Common.csproj]
     2>/root/WorkSpace/CSharp/BannerlordModEditor/BannerlordModEditor.Common/Models/Data/CombatParametersModel.cs(76,23): warning CS8618: 在退出构造函数时，不可为 null 的 属性 "RightRiderMinRotLimit" 必须包含非 null 值。请考虑添加 "required" 修饰符或将该 属性 声明为可为 null。 [/root/WorkSpace/CSharp/BannerlordModEditor/BannerlordModEditor.Common/BannerlordModEditor.Common.csproj]
     2>/root/WorkSpace/CSharp/BannerlordModEditor/BannerlordModEditor.Common/Models/Data/CombatParametersModel.cs(79,23): warning CS8618: 在退出构造函数时，不可为 null 的 属性 "RiderLookDownLimit" 必须包含非 null 值。请考虑添加 "required" 修饰符或将该 属性 声明为可为 null。 [/root/WorkSpace/CSharp/BannerlordModEditor/BannerlordModEditor.Common/BannerlordModEditor.Common.csproj]
     2>/root/WorkSpace/CSharp/BannerlordModEditor/BannerlordModEditor.Common/Models/Data/CombatParametersModel.cs(82,23): warning CS8618: 在退出构造函数时，不可为 null 的 属性 "LeftLadderRotLimit" 必须包含非 null 值。请考虑添加 "required" 修饰符或将该 属性 声明为可为 null。 [/root/WorkSpace/CSharp/BannerlordModEditor/BannerlordModEditor.Common/BannerlordModEditor.Common.csproj]
     2>/root/WorkSpace/CSharp/BannerlordModEditor/BannerlordModEditor.Common/Models/Data/CombatParametersModel.cs(85,23): warning CS8618: 在退出构造函数时，不可为 null 的 属性 "RightLadderRotLimit" 必须包含非 null 值。请考虑添加 "required" 修饰符或将该 属性 声明为可为 null。 [/root/WorkSpace/CSharp/BannerlordModEditor/BannerlordModEditor.Common/BannerlordModEditor.Common.csproj]
     2>/root/WorkSpace/CSharp/BannerlordModEditor/BannerlordModEditor.Common/Models/Data/CombatParametersModel.cs(88,23): warning CS8618: 在退出构造函数时，不可为 null 的 属性 "CollisionCheckStartingPercent" 必须包含非 null 值。请考虑添加 "required" 修饰符或将该 属性 声明为可为 null。 [/root/WorkSpace/CSharp/BannerlordModEditor/BannerlordModEditor.Common/BannerlordModEditor.Common.csproj]
     2>/root/WorkSpace/CSharp/BannerlordModEditor/BannerlordModEditor.Common/Models/Data/CombatParametersModel.cs(91,23): warning CS8618: 在退出构造函数时，不可为 null 的 属性 "CollisionCheckEndingPercent" 必须包含非 null 值。请考虑添加 "required" 修饰符或将该 属性 声明为可为 null。 [/root/WorkSpace/CSharp/BannerlordModEditor/BannerlordModEditor.Common/BannerlordModEditor.Common.csproj]
     2>/root/WorkSpace/CSharp/BannerlordModEditor/BannerlordModEditor.Common/Models/Data/CombatParametersModel.cs(94,23): warning CS8618: 在退出构造函数时，不可为 null 的 属性 "CollisionDamageStartingPercent" 必须包含非 null 值。请考虑添加 "required" 修饰符或将该 属性 声明为可为 null。 [/root/WorkSpace/CSharp/BannerlordModEditor/BannerlordModEditor.Common/BannerlordModEditor.Common.csproj]
     2>/root/WorkSpace/CSharp/BannerlordModEditor/BannerlordModEditor.Common/Models/Data/CombatParametersModel.cs(97,23): warning CS8618: 在退出构造函数时，不可为 null 的 属性 "CollisionRadius" 必须包含非 null 值。请考虑添加 "required" 修饰符或将该 属性 声明为可为 null。 [/root/WorkSpace/CSharp/BannerlordModEditor/BannerlordModEditor.Common/BannerlordModEditor.Common.csproj]
     2>/root/WorkSpace/CSharp/BannerlordModEditor/BannerlordModEditor.Common/Models/Data/CombatParametersModel.cs(100,23): warning CS8618: 在退出构造函数时，不可为 null 的 属性 "AlternativeAttackCooldownPeriod" 必须包含非 null 值。请考虑添加 "required" 修饰符或将该 属性 声明为可为 null。 [/root/WorkSpace/CSharp/BannerlordModEditor/BannerlordModEditor.Common/BannerlordModEditor.Common.csproj]
     2>/root/WorkSpace/CSharp/BannerlordModEditor/BannerlordModEditor.Common/Models/Data/CombatParametersModel.cs(103,23): warning CS8618: 在退出构造函数时，不可为 null 的 属性 "HitBoneIndex" 必须包含非 null 值。请考虑添加 "required" 修饰符或将该 属性 声明为可为 null。 [/root/WorkSpace/CSharp/BannerlordModEditor/BannerlordModEditor.Common/BannerlordModEditor.Common.csproj]
     2>/root/WorkSpace/CSharp/BannerlordModEditor/BannerlordModEditor.Common/Models/Data/CombatParametersModel.cs(106,23): warning CS8618: 在退出构造函数时，不可为 null 的 属性 "ShoulderHitBoneIndex" 必须包含非 null 值。请考虑添加 "required" 修饰符或将该 属性 声明为可为 null。 [/root/WorkSpace/CSharp/BannerlordModEditor/BannerlordModEditor.Common/BannerlordModEditor.Common.csproj]
     2>/root/WorkSpace/CSharp/BannerlordModEditor/BannerlordModEditor.Common/Models/Data/CombatParametersModel.cs(109,23): warning CS8618: 在退出构造函数时，不可为 null 的 属性 "LookSlopeBlendFactorUpLimit" 必须包含非 null 值。请考虑添加 "required" 修饰符或将该 属性 声明为可为 null。 [/root/WorkSpace/CSharp/BannerlordModEditor/BannerlordModEditor.Common/BannerlordModEditor.Common.csproj]
     2>/root/WorkSpace/CSharp/BannerlordModEditor/BannerlordModEditor.Common/Models/Data/CombatParametersModel.cs(112,23): warning CS8618: 在退出构造函数时，不可为 null 的 属性 "LookSlopeBlendFactorDownLimit" 必须包含非 null 值。请考虑添加 "required" 修饰符或将该 属性 声明为可为 null。 [/root/WorkSpace/CSharp/BannerlordModEditor/BannerlordModEditor.Common/BannerlordModEditor.Common.csproj]
     2>/root/WorkSpace/CSharp/BannerlordModEditor/BannerlordModEditor.Common/Models/Data/CombatParametersModel.cs(115,23): warning CS8618: 在退出构造函数时，不可为 null 的 属性 "LookSlopeBlendSpeedFactor" 必须包含非 null 值。请考虑添加 "required" 修饰符或将该 属性 声明为可为 null。 [/root/WorkSpace/CSharp/BannerlordModEditor/BannerlordModEditor.Common/BannerlordModEditor.Common.csproj]
     2>/root/WorkSpace/CSharp/BannerlordModEditor/BannerlordModEditor.Common/Models/Data/CombatParametersModel.cs(118,44): warning CS8618: 在退出构造函数时，不可为 null 的 属性 "CustomCollisionCapsule" 必须包含非 null 值。请考虑添加 "required" 修饰符或将该 属性 声明为可为 null。 [/root/WorkSpace/CSharp/BannerlordModEditor/BannerlordModEditor.Common/BannerlordModEditor.Common.csproj]
     2>/root/WorkSpace/CSharp/BannerlordModEditor/BannerlordModEditor.Common/Mappers/MpItemsMapper.cs(188,40): warning CS8603: 可能返回 null 引用。 [/root/WorkSpace/CSharp/BannerlordModEditor/BannerlordModEditor.Common/BannerlordModEditor.Common.csproj]
     2>/root/WorkSpace/CSharp/BannerlordModEditor/BannerlordModEditor.Common/Mappers/MPClassDivisionsMapper.cs(109,36): warning CS8603: 可能返回 null 引用。 [/root/WorkSpace/CSharp/BannerlordModEditor/BannerlordModEditor.Common/BannerlordModEditor.Common.csproj]
     2>/root/WorkSpace/CSharp/BannerlordModEditor/BannerlordModEditor.Common/Models/Data/CraftingTemplates.cs(122,23): warning CS8618: 在退出构造函数时，不可为 null 的 属性 "PieceId" 必须包含非 null 值。请考虑添加 "required" 修饰符或将该 属性 声明为可为 null。 [/root/WorkSpace/CSharp/BannerlordModEditor/BannerlordModEditor.Common/BannerlordModEditor.Common.csproj]
     2>/root/WorkSpace/CSharp/BannerlordModEditor/BannerlordModEditor.Common/Models/Data/CraftingTemplates.cs(125,23): warning CS8618: 在退出构造函数时，不可为 null 的 属性 "MpPiece" 必须包含非 null 值。请考虑添加 "required" 修饰符或将该 属性 声明为可为 null。 [/root/WorkSpace/CSharp/BannerlordModEditor/BannerlordModEditor.Common/BannerlordModEditor.Common.csproj]
     2>/root/WorkSpace/CSharp/BannerlordModEditor/BannerlordModEditor.Common/Mappers/MpItemsMapper.cs(225,40): warning CS8603: 可能返回 null 引用。 [/root/WorkSpace/CSharp/BannerlordModEditor/BannerlordModEditor.Common/BannerlordModEditor.Common.csproj]
     2>/root/WorkSpace/CSharp/BannerlordModEditor/BannerlordModEditor.Common/Mappers/MpItemsMapper.cs(239,42): warning CS8604: “AdditionalMeshesDTO MpItemsMapper.ToDTO(AdditionalMeshesDO source)”中的形参“source”可能传入 null 引用实参。 [/root/WorkSpace/CSharp/BannerlordModEditor/BannerlordModEditor.Common/BannerlordModEditor.Common.csproj]
     2>/root/WorkSpace/CSharp/BannerlordModEditor/BannerlordModEditor.Common/Mappers/MpItemsMapper.cs(240,35): warning CS8604: “MpItemMaterialsDTO MpItemsMapper.ToDTO(MpItemMaterialsDO source)”中的形参“source”可能传入 null 引用实参。 [/root/WorkSpace/CSharp/BannerlordModEditor/BannerlordModEditor.Common/BannerlordModEditor.Common.csproj]
     2>/root/WorkSpace/CSharp/BannerlordModEditor/BannerlordModEditor.Common/Mappers/MpItemsMapper.cs(246,40): warning CS8603: 可能返回 null 引用。 [/root/WorkSpace/CSharp/BannerlordModEditor/BannerlordModEditor.Common/BannerlordModEditor.Common.csproj]
     2>/root/WorkSpace/CSharp/BannerlordModEditor/BannerlordModEditor.Common/Models/Data/CombatParameters.cs(43,23): warning CS8618: 在退出构造函数时，不可为 null 的 属性 "Id" 必须包含非 null 值。请考虑添加 "required" 修饰符或将该 属性 声明为可为 null。 [/root/WorkSpace/CSharp/BannerlordModEditor/BannerlordModEditor.Common/BannerlordModEditor.Common.csproj]
     2>/root/WorkSpace/CSharp/BannerlordModEditor/BannerlordModEditor.Common/Models/Data/CombatParameters.cs(46,23): warning CS8618: 在退出构造函数时，不可为 null 的 属性 "CollisionCheckStartingPercent" 必须包含非 null 值。请考虑添加 "required" 修饰符或将该 属性 声明为可为 null。 [/root/WorkSpace/CSharp/BannerlordModEditor/BannerlordModEditor.Common/BannerlordModEditor.Common.csproj]
     2>/root/WorkSpace/CSharp/BannerlordModEditor/BannerlordModEditor.Common/Models/Data/CombatParameters.cs(50,23): warning CS8618: 在退出构造函数时，不可为 null 的 属性 "CollisionDamageStartingPercent" 必须包含非 null 值。请考虑添加 "required" 修饰符或将该 属性 声明为可为 null。 [/root/WorkSpace/CSharp/BannerlordModEditor/BannerlordModEditor.Common/BannerlordModEditor.Common.csproj]
     2>/root/WorkSpace/CSharp/BannerlordModEditor/BannerlordModEditor.Common/Models/Data/CombatParameters.cs(54,23): warning CS8618: 在退出构造函数时，不可为 null 的 属性 "CollisionCheckEndingPercent" 必须包含非 null 值。请考虑添加 "required" 修饰符或将该 属性 声明为可为 null。 [/root/WorkSpace/CSharp/BannerlordModEditor/BannerlordModEditor.Common/BannerlordModEditor.Common.csproj]
     2>/root/WorkSpace/CSharp/BannerlordModEditor/BannerlordModEditor.Common/Models/Data/CombatParameters.cs(58,23): warning CS8618: 在退出构造函数时，不可为 null 的 属性 "VerticalRotLimitMultiplierUp" 必须包含非 null 值。请考虑添加 "required" 修饰符或将该 属性 声明为可为 null。 [/root/WorkSpace/CSharp/BannerlordModEditor/BannerlordModEditor.Common/BannerlordModEditor.Common.csproj]
     2>/root/WorkSpace/CSharp/BannerlordModEditor/BannerlordModEditor.Common/Models/Data/CombatParameters.cs(62,23): warning CS8618: 在退出构造函数时，不可为 null 的 属性 "VerticalRotLimitMultiplierDown" 必须包含非 null 值。请考虑添加 "required" 修饰符或将该 属性 声明为可为 null。 [/root/WorkSpace/CSharp/BannerlordModEditor/BannerlordModEditor.Common/BannerlordModEditor.Common.csproj]
     2>/root/WorkSpace/CSharp/BannerlordModEditor/BannerlordModEditor.Common/Models/Data/CombatParameters.cs(66,23): warning CS8618: 在退出构造函数时，不可为 null 的 属性 "LeftRiderRotLimit" 必须包含非 null 值。请考虑添加 "required" 修饰符或将该 属性 声明为可为 null。 [/root/WorkSpace/CSharp/BannerlordModEditor/BannerlordModEditor.Common/BannerlordModEditor.Common.csproj]
     2>/root/WorkSpace/CSharp/BannerlordModEditor/BannerlordModEditor.Common/Models/Data/CombatParameters.cs(70,23): warning CS8618: 在退出构造函数时，不可为 null 的 属性 "LeftRiderMinRotLimit" 必须包含非 null 值。请考虑添加 "required" 修饰符或将该 属性 声明为可为 null。 [/root/WorkSpace/CSharp/BannerlordModEditor/BannerlordModEditor.Common/BannerlordModEditor.Common.csproj]
     2>/root/WorkSpace/CSharp/BannerlordModEditor/BannerlordModEditor.Common/Models/Data/CombatParameters.cs(74,23): warning CS8618: 在退出构造函数时，不可为 null 的 属性 "RightRiderRotLimit" 必须包含非 null 值。请考虑添加 "required" 修饰符或将该 属性 声明为可为 null。 [/root/WorkSpace/CSharp/BannerlordModEditor/BannerlordModEditor.Common/BannerlordModEditor.Common.csproj]
     2>/root/WorkSpace/CSharp/BannerlordModEditor/BannerlordModEditor.Common/Models/Data/CombatParameters.cs(78,23): warning CS8618: 在退出构造函数时，不可为 null 的 属性 "RightRiderMinRotLimit" 必须包含非 null 值。请考虑添加 "required" 修饰符或将该 属性 声明为可为 null。 [/root/WorkSpace/CSharp/BannerlordModEditor/BannerlordModEditor.Common/BannerlordModEditor.Common.csproj]
     2>/root/WorkSpace/CSharp/BannerlordModEditor/BannerlordModEditor.Common/Models/Data/CombatParameters.cs(82,23): warning CS8618: 在退出构造函数时，不可为 null 的 属性 "RiderLookDownLimit" 必须包含非 null 值。请考虑添加 "required" 修饰符或将该 属性 声明为可为 null。 [/root/WorkSpace/CSharp/BannerlordModEditor/BannerlordModEditor.Common/BannerlordModEditor.Common.csproj]
     2>/root/WorkSpace/CSharp/BannerlordModEditor/BannerlordModEditor.Common/Models/Data/CombatParameters.cs(86,23): warning CS8618: 在退出构造函数时，不可为 null 的 属性 "LeftLadderRotLimit" 必须包含非 null 值。请考虑添加 "required" 修饰符或将该 属性 声明为可为 null。 [/root/WorkSpace/CSharp/BannerlordModEditor/BannerlordModEditor.Common/BannerlordModEditor.Common.csproj]
     2>/root/WorkSpace/CSharp/BannerlordModEditor/BannerlordModEditor.Common/Models/Data/CombatParameters.cs(90,23): warning CS8618: 在退出构造函数时，不可为 null 的 属性 "RightLadderRotLimit" 必须包含非 null 值。请考虑添加 "required" 修饰符或将该 属性 声明为可为 null。 [/root/WorkSpace/CSharp/BannerlordModEditor/BannerlordModEditor.Common/BannerlordModEditor.Common.csproj]
     2>/root/WorkSpace/CSharp/BannerlordModEditor/BannerlordModEditor.Common/Models/Data/CombatParameters.cs(94,23): warning CS8618: 在退出构造函数时，不可为 null 的 属性 "WeaponOffset" 必须包含非 null 值。请考虑添加 "required" 修饰符或将该 属性 声明为可为 null。 [/root/WorkSpace/CSharp/BannerlordModEditor/BannerlordModEditor.Common/BannerlordModEditor.Common.csproj]
     2>/root/WorkSpace/CSharp/BannerlordModEditor/BannerlordModEditor.Common/Models/Data/CombatParameters.cs(98,23): warning CS8618: 在退出构造函数时，不可为 null 的 属性 "CollisionRadius" 必须包含非 null 值。请考虑添加 "required" 修饰符或将该 属性 声明为可为 null。 [/root/WorkSpace/CSharp/BannerlordModEditor/BannerlordModEditor.Common/BannerlordModEditor.Common.csproj]
     2>/root/WorkSpace/CSharp/BannerlordModEditor/BannerlordModEditor.Common/Models/Data/CombatParameters.cs(102,23): warning CS8618: 在退出构造函数时，不可为 null 的 属性 "AlternativeAttackCooldownPeriod" 必须包含非 null 值。请考虑添加 "required" 修饰符或将该 属性 声明为可为 null。 [/root/WorkSpace/CSharp/BannerlordModEditor/BannerlordModEditor.Common/BannerlordModEditor.Common.csproj]
     2>/root/WorkSpace/CSharp/BannerlordModEditor/BannerlordModEditor.Common/Models/Data/CombatParameters.cs(106,23): warning CS8618: 在退出构造函数时，不可为 null 的 属性 "HitBoneIndex" 必须包含非 null 值。请考虑添加 "required" 修饰符或将该 属性 声明为可为 null。 [/root/WorkSpace/CSharp/BannerlordModEditor/BannerlordModEditor.Common/BannerlordModEditor.Common.csproj]
     2>/root/WorkSpace/CSharp/BannerlordModEditor/BannerlordModEditor.Common/Models/Data/CombatParameters.cs(110,23): warning CS8618: 在退出构造函数时，不可为 null 的 属性 "ShoulderHitBoneIndex" 必须包含非 null 值。请考虑添加 "required" 修饰符或将该 属性 声明为可为 null。 [/root/WorkSpace/CSharp/BannerlordModEditor/BannerlordModEditor.Common/BannerlordModEditor.Common.csproj]
     2>/root/WorkSpace/CSharp/BannerlordModEditor/BannerlordModEditor.Common/Models/Data/CombatParameters.cs(114,23): warning CS8618: 在退出构造函数时，不可为 null 的 属性 "LookSlopeBlendFactorUpLimit" 必须包含非 null 值。请考虑添加 "required" 修饰符或将该 属性 声明为可为 null。 [/root/WorkSpace/CSharp/BannerlordModEditor/BannerlordModEditor.Common/BannerlordModEditor.Common.csproj]
     2>/root/WorkSpace/CSharp/BannerlordModEditor/BannerlordModEditor.Common/Models/Data/CombatParameters.cs(118,23): warning CS8618: 在退出构造函数时，不可为 null 的 属性 "LookSlopeBlendFactorDownLimit" 必须包含非 null 值。请考虑添加 "required" 修饰符或将该 属性 声明为可为 null。 [/root/WorkSpace/CSharp/BannerlordModEditor/BannerlordModEditor.Common/BannerlordModEditor.Common.csproj]
     2>/root/WorkSpace/CSharp/BannerlordModEditor/BannerlordModEditor.Common/Models/Data/CombatParameters.cs(122,23): warning CS8618: 在退出构造函数时，不可为 null 的 属性 "LookSlopeBlendSpeedFactor" 必须包含非 null 值。请考虑添加 "required" 修饰符或将该 属性 声明为可为 null。 [/root/WorkSpace/CSharp/BannerlordModEditor/BannerlordModEditor.Common/BannerlordModEditor.Common.csproj]
     2>/root/WorkSpace/CSharp/BannerlordModEditor/BannerlordModEditor.Common/Models/Data/CombatParameters.cs(126,39): warning CS8618: 在退出构造函数时，不可为 null 的 属性 "CustomCollisionCapsule" 必须包含非 null 值。请考虑添加 "required" 修饰符或将该 属性 声明为可为 null。 [/root/WorkSpace/CSharp/BannerlordModEditor/BannerlordModEditor.Common/BannerlordModEditor.Common.csproj]
     2>/root/WorkSpace/CSharp/BannerlordModEditor/BannerlordModEditor.Common/Mappers/MpItemsMapper.cs(256,40): warning CS8603: 可能返回 null 引用。 [/root/WorkSpace/CSharp/BannerlordModEditor/BannerlordModEditor.Common/BannerlordModEditor.Common.csproj]
     2>/root/WorkSpace/CSharp/BannerlordModEditor/BannerlordModEditor.Common/Mappers/MPClassDivisionsMapper.cs(133,36): warning CS8603: 可能返回 null 引用。 [/root/WorkSpace/CSharp/BannerlordModEditor/BannerlordModEditor.Common/BannerlordModEditor.Common.csproj]
     2>/root/WorkSpace/CSharp/BannerlordModEditor/BannerlordModEditor.Common/Models/Data/CraftingTemplates.cs(66,32): warning CS8618: 在退出构造函数时，不可为 null 的 属性 "PieceDataList" 必须包含非 null 值。请考虑添加 "required" 修饰符或将该 属性 声明为可为 null。 [/root/WorkSpace/CSharp/BannerlordModEditor/BannerlordModEditor.Common/BannerlordModEditor.Common.csproj]
     2>/root/WorkSpace/CSharp/BannerlordModEditor/BannerlordModEditor.Common/Mappers/MPClassDivisionsMapper.cs(157,36): warning CS8603: 可能返回 null 引用。 [/root/WorkSpace/CSharp/BannerlordModEditor/BannerlordModEditor.Common/BannerlordModEditor.Common.csproj]
     2>/root/WorkSpace/CSharp/BannerlordModEditor/BannerlordModEditor.Common/Mappers/MPClassDivisionsMapper.cs(171,36): warning CS8603: 可能返回 null 引用。 [/root/WorkSpace/CSharp/BannerlordModEditor/BannerlordModEditor.Common/BannerlordModEditor.Common.csproj]
     2>/root/WorkSpace/CSharp/BannerlordModEditor/BannerlordModEditor.Common/Mappers/MpItemsMapper.cs(267,40): warning CS8603: 可能返回 null 引用。 [/root/WorkSpace/CSharp/BannerlordModEditor/BannerlordModEditor.Common/BannerlordModEditor.Common.csproj]
     2>/root/WorkSpace/CSharp/BannerlordModEditor/BannerlordModEditor.Common/Mappers/ParticleSystemsMapper.cs(212,40): warning CS8603: 可能返回 null 引用。 [/root/WorkSpace/CSharp/BannerlordModEditor/BannerlordModEditor.Common/BannerlordModEditor.Common.csproj]
     2>/root/WorkSpace/CSharp/BannerlordModEditor/BannerlordModEditor.Common/Mappers/ParticleSystemsMapper.cs(219,33): warning CS8604: “EmittersDO ParticleSystemsMapper.ToDO(EmittersDTO source)”中的形参“source”可能传入 null 引用实参。 [/root/WorkSpace/CSharp/BannerlordModEditor/BannerlordModEditor.Common/BannerlordModEditor.Common.csproj]
     2>/root/WorkSpace/CSharp/BannerlordModEditor/BannerlordModEditor.Common/Mappers/MpItemsMapper.cs(277,40): warning CS8603: 可能返回 null 引用。 [/root/WorkSpace/CSharp/BannerlordModEditor/BannerlordModEditor.Common/BannerlordModEditor.Common.csproj]
     2>/root/WorkSpace/CSharp/BannerlordModEditor/BannerlordModEditor.Common/Mappers/MpItemsMapper.cs(282,41): warning CS8604: “MpItemMeshMultipliersDTO MpItemsMapper.ToDTO(MpItemMeshMultipliersDO source)”中的形参“source”可能传入 null 引用实参。 [/root/WorkSpace/CSharp/BannerlordModEditor/BannerlordModEditor.Common/BannerlordModEditor.Common.csproj]
     2>/root/WorkSpace/CSharp/BannerlordModEditor/BannerlordModEditor.Common/Models/Data/CraftingTemplates.cs(19,23): warning CS8618: 在退出构造函数时，不可为 null 的 属性 "Id" 必须包含非 null 值。请考虑添加 "required" 修饰符或将该 属性 声明为可为 null。 [/root/WorkSpace/CSharp/BannerlordModEditor/BannerlordModEditor.Common/BannerlordModEditor.Common.csproj]
     2>/root/WorkSpace/CSharp/BannerlordModEditor/BannerlordModEditor.Common/Models/Data/CraftingTemplates.cs(22,23): warning CS8618: 在退出构造函数时，不可为 null 的 属性 "ItemType" 必须包含非 null 值。请考虑添加 "required" 修饰符或将该 属性 声明为可为 null。 [/root/WorkSpace/CSharp/BannerlordModEditor/BannerlordModEditor.Common/BannerlordModEditor.Common.csproj]
     2>/root/WorkSpace/CSharp/BannerlordModEditor/BannerlordModEditor.Common/Models/Data/CraftingTemplates.cs(25,23): warning CS8618: 在退出构造函数时，不可为 null 的 属性 "ModifierGroup" 必须包含非 null 值。请考虑添加 "required" 修饰符或将该 属性 声明为可为 null。 [/root/WorkSpace/CSharp/BannerlordModEditor/BannerlordModEditor.Common/BannerlordModEditor.Common.csproj]
     2>/root/WorkSpace/CSharp/BannerlordModEditor/BannerlordModEditor.Common/Models/Data/CraftingTemplates.cs(28,23): warning CS8618: 在退出构造函数时，不可为 null 的 属性 "ItemHolsters" 必须包含非 null 值。请考虑添加 "required" 修饰符或将该 属性 声明为可为 null。 [/root/WorkSpace/CSharp/BannerlordModEditor/BannerlordModEditor.Common/BannerlordModEditor.Common.csproj]
     2>/root/WorkSpace/CSharp/BannerlordModEditor/BannerlordModEditor.Common/Models/Data/CraftingTemplates.cs(31,23): warning CS8618: 在退出构造函数时，不可为 null 的 属性 "PieceTypeToScaleHolsterWith" 必须包含非 null 值。请考虑添加 "required" 修饰符或将该 属性 声明为可为 null。 [/root/WorkSpace/CSharp/BannerlordModEditor/BannerlordModEditor.Common/BannerlordModEditor.Common.csproj]
     2>/root/WorkSpace/CSharp/BannerlordModEditor/BannerlordModEditor.Common/Models/Data/CraftingTemplates.cs(34,23): warning CS8618: 在退出构造函数时，不可为 null 的 属性 "HiddenPieceTypesOnHolster" 必须包含非 null 值。请考虑添加 "required" 修饰符或将该 属性 声明为可为 null。 [/root/WorkSpace/CSharp/BannerlordModEditor/BannerlordModEditor.Common/BannerlordModEditor.Common.csproj]
     2>/root/WorkSpace/CSharp/BannerlordModEditor/BannerlordModEditor.Common/Models/Data/CraftingTemplates.cs(37,23): warning CS8618: 在退出构造函数时，不可为 null 的 属性 "DefaultItemHolsterPositionOffset" 必须包含非 null 值。请考虑添加 "required" 修饰符或将该 属性 声明为可为 null。 [/root/WorkSpace/CSharp/BannerlordModEditor/BannerlordModEditor.Common/BannerlordModEditor.Common.csproj]
     2>/root/WorkSpace/CSharp/BannerlordModEditor/BannerlordModEditor.Common/Models/Data/CraftingTemplates.cs(40,23): warning CS8618: 在退出构造函数时，不可为 null 的 属性 "AlwaysShowHolsterWithWeapon" 必须包含非 null 值。请考虑添加 "required" 修饰符或将该 属性 声明为可为 null。 [/root/WorkSpace/CSharp/BannerlordModEditor/BannerlordModEditor.Common/BannerlordModEditor.Common.csproj]
     2>/root/WorkSpace/CSharp/BannerlordModEditor/BannerlordModEditor.Common/Models/Data/CraftingTemplates.cs(43,23): warning CS8618: 在退出构造函数时，不可为 null 的 属性 "UseWeaponAsHolsterMesh" 必须包含非 null 值。请考虑添加 "required" 修饰符或将该 属性 声明为可为 null。 [/root/WorkSpace/CSharp/BannerlordModEditor/BannerlordModEditor.Common/BannerlordModEditor.Common.csproj]
     2>/root/WorkSpace/CSharp/BannerlordModEditor/BannerlordModEditor.Common/Models/Data/CraftingTemplates.cs(46,27): warning CS8618: 在退出构造函数时，不可为 null 的 属性 "PieceDatas" 必须包含非 null 值。请考虑添加 "required" 修饰符或将该 属性 声明为可为 null。 [/root/WorkSpace/CSharp/BannerlordModEditor/BannerlordModEditor.Common/BannerlordModEditor.Common.csproj]
     2>/root/WorkSpace/CSharp/BannerlordModEditor/BannerlordModEditor.Common/Models/Data/CraftingTemplates.cs(49,43): warning CS8618: 在退出构造函数时，不可为 null 的 属性 "WeaponDescriptions" 必须包含非 null 值。请考虑添加 "required" 修饰符或将该 属性 声明为可为 null。 [/root/WorkSpace/CSharp/BannerlordModEditor/BannerlordModEditor.Common/BannerlordModEditor.Common.csproj]
     2>/root/WorkSpace/CSharp/BannerlordModEditor/BannerlordModEditor.Common/Models/Data/CraftingTemplates.cs(52,32): warning CS8618: 在退出构造函数时，不可为 null 的 属性 "StatsDataList" 必须包含非 null 值。请考虑添加 "required" 修饰符或将该 属性 声明为可为 null。 [/root/WorkSpace/CSharp/BannerlordModEditor/BannerlordModEditor.Common/BannerlordModEditor.Common.csproj]
     2>/root/WorkSpace/CSharp/BannerlordModEditor/BannerlordModEditor.Common/Models/Data/CraftingTemplates.cs(55,29): warning CS8618: 在退出构造函数时，不可为 null 的 属性 "UsablePieces" 必须包含非 null 值。请考虑添加 "required" 修饰符或将该 属性 声明为可为 null。 [/root/WorkSpace/CSharp/BannerlordModEditor/BannerlordModEditor.Common/BannerlordModEditor.Common.csproj]
     2>/root/WorkSpace/CSharp/BannerlordModEditor/BannerlordModEditor.Common/Models/Data/CreditsLegalPC.cs(11,31): warning CS8618: 在退出构造函数时，不可为 null 的 属性 "Categories" 必须包含非 null 值。请考虑添加 "required" 修饰符或将该 属性 声明为可为 null。 [/root/WorkSpace/CSharp/BannerlordModEditor/BannerlordModEditor.Common/BannerlordModEditor.Common.csproj]
     2>/root/WorkSpace/CSharp/BannerlordModEditor/BannerlordModEditor.Common/Models/Data/CreditsLegalPC.cs(42,23): warning CS8618: 在退出构造函数时，不可为 null 的 属性 "Text" 必须包含非 null 值。请考虑添加 "required" 修饰符或将该 属性 声明为可为 null。 [/root/WorkSpace/CSharp/BannerlordModEditor/BannerlordModEditor.Common/BannerlordModEditor.Common.csproj]
     2>/root/WorkSpace/CSharp/BannerlordModEditor/BannerlordModEditor.Common/Models/Data/CreditsLegalPC.cs(45,28): warning CS8618: 在退出构造函数时，不可为 null 的 属性 "Entries" 必须包含非 null 值。请考虑添加 "required" 修饰符或将该 属性 声明为可为 null。 [/root/WorkSpace/CSharp/BannerlordModEditor/BannerlordModEditor.Common/BannerlordModEditor.Common.csproj]
     2>/root/WorkSpace/CSharp/BannerlordModEditor/BannerlordModEditor.Common/Models/Data/CreditsLegalPC.cs(61,23): warning CS8618: 在退出构造函数时，不可为 null 的 属性 "Text" 必须包含非 null 值。请考虑添加 "required" 修饰符或将该 属性 声明为可为 null。 [/root/WorkSpace/CSharp/BannerlordModEditor/BannerlordModEditor.Common/BannerlordModEditor.Common.csproj]
     2>/root/WorkSpace/CSharp/BannerlordModEditor/BannerlordModEditor.Common/Mappers/ParticleSystemsMapper.cs(225,40): warning CS8603: 可能返回 null 引用。 [/root/WorkSpace/CSharp/BannerlordModEditor/BannerlordModEditor.Common/BannerlordModEditor.Common.csproj]
     2>/root/WorkSpace/CSharp/BannerlordModEditor/BannerlordModEditor.Common/Models/Data/CreditsLegalPC.cs(53,23): warning CS8618: 在退出构造函数时，不可为 null 的 属性 "Text" 必须包含非 null 值。请考虑添加 "required" 修饰符或将该 属性 声明为可为 null。 [/root/WorkSpace/CSharp/BannerlordModEditor/BannerlordModEditor.Common/BannerlordModEditor.Common.csproj]
     2>/root/WorkSpace/CSharp/BannerlordModEditor/BannerlordModEditor.Common/Models/Data/CreditsXmlModel.cs(61,23): warning CS8618: 在退出构造函数时，不可为 null 的 属性 "Text" 必须包含非 null 值。请考虑添加 "required" 修饰符或将该 属性 声明为可为 null。 [/root/WorkSpace/CSharp/BannerlordModEditor/BannerlordModEditor.Common/BannerlordModEditor.Common.csproj]
     2>/root/WorkSpace/CSharp/BannerlordModEditor/BannerlordModEditor.Common/Mappers/MpItemsMapper.cs(288,40): warning CS8603: 可能返回 null 引用。 [/root/WorkSpace/CSharp/BannerlordModEditor/BannerlordModEditor.Common/BannerlordModEditor.Common.csproj]
     2>/root/WorkSpace/CSharp/BannerlordModEditor/BannerlordModEditor.Common/Models/Data/CreditsXmlModel.cs(72,23): warning CS8618: 在退出构造函数时，不可为 null 的 属性 "Name" 必须包含非 null 值。请考虑添加 "required" 修饰符或将该 属性 声明为可为 null。 [/root/WorkSpace/CSharp/BannerlordModEditor/BannerlordModEditor.Common/BannerlordModEditor.Common.csproj]
     2>/root/WorkSpace/CSharp/BannerlordModEditor/BannerlordModEditor.Common/Models/Data/CreditsXmlModel.cs(75,23): warning CS8618: 在退出构造函数时，不可为 null 的 属性 "PlatformSpecific" 必须包含非 null 值。请考虑添加 "required" 修饰符或将该 属性 声明为可为 null。 [/root/WorkSpace/CSharp/BannerlordModEditor/BannerlordModEditor.Common/BannerlordModEditor.Common.csproj]
     2>/root/WorkSpace/CSharp/BannerlordModEditor/BannerlordModEditor.Common/Models/Data/CreditsXmlModel.cs(78,23): warning CS8618: 在退出构造函数时，不可为 null 的 属性 "ConsoleSpecific" 必须包含非 null 值。请考虑添加 "required" 修饰符或将该 属性 声明为可为 null。 [/root/WorkSpace/CSharp/BannerlordModEditor/BannerlordModEditor.Common/BannerlordModEditor.Common.csproj]
     2>/root/WorkSpace/CSharp/BannerlordModEditor/BannerlordModEditor.Common/Mappers/MpItemsMapper.cs(298,40): warning CS8603: 可能返回 null 引用。 [/root/WorkSpace/CSharp/BannerlordModEditor/BannerlordModEditor.Common/BannerlordModEditor.Common.csproj]
     2>/root/WorkSpace/CSharp/BannerlordModEditor/BannerlordModEditor.Common/Models/Data/DecalSets.cs(23,31): warning CS8618: 在退出构造函数时，不可为 null 的 属性 "Items" 必须包含非 null 值。请考虑添加 "required" 修饰符或将该 属性 声明为可为 null。 [/root/WorkSpace/CSharp/BannerlordModEditor/BannerlordModEditor.Common/BannerlordModEditor.Common.csproj]
     2>/root/WorkSpace/CSharp/BannerlordModEditor/BannerlordModEditor.Common/Models/Data/DecalSets.cs(11,23): warning CS8618: 在退出构造函数时，不可为 null 的 属性 "Type" 必须包含非 null 值。请考虑添加 "required" 修饰符或将该 属性 声明为可为 null。 [/root/WorkSpace/CSharp/BannerlordModEditor/BannerlordModEditor.Common/BannerlordModEditor.Common.csproj]
     2>/root/WorkSpace/CSharp/BannerlordModEditor/BannerlordModEditor.Common/Models/Data/DecalSets.cs(14,26): warning CS8618: 在退出构造函数时，不可为 null 的 属性 "DecalSets" 必须包含非 null 值。请考虑添加 "required" 修饰符或将该 属性 声明为可为 null。 [/root/WorkSpace/CSharp/BannerlordModEditor/BannerlordModEditor.Common/BannerlordModEditor.Common.csproj]
     2>/root/WorkSpace/CSharp/BannerlordModEditor/BannerlordModEditor.Common/Models/Data/CreditsXmlModel.cs(46,23): warning CS8618: 在退出构造函数时，不可为 null 的 属性 "Text" 必须包含非 null 值。请考虑添加 "required" 修饰符或将该 属性 声明为可为 null。 [/root/WorkSpace/CSharp/BannerlordModEditor/BannerlordModEditor.Common/BannerlordModEditor.Common.csproj]
     2>/root/WorkSpace/CSharp/BannerlordModEditor/BannerlordModEditor.Common/Models/Data/CreditsXmlModel.cs(49,35): warning CS8618: 在退出构造函数时，不可为 null 的 属性 "Entries" 必须包含非 null 值。请考虑添加 "required" 修饰符或将该 属性 声明为可为 null。 [/root/WorkSpace/CSharp/BannerlordModEditor/BannerlordModEditor.Common/BannerlordModEditor.Common.csproj]
     2>/root/WorkSpace/CSharp/BannerlordModEditor/BannerlordModEditor.Common/Models/Data/CreditsXmlModel.cs(52,39): warning CS8618: 在退出构造函数时，不可为 null 的 属性 "EmptyLines" 必须包含非 null 值。请考虑添加 "required" 修饰符或将该 属性 声明为可为 null。 [/root/WorkSpace/CSharp/BannerlordModEditor/BannerlordModEditor.Common/BannerlordModEditor.Common.csproj]
     2>/root/WorkSpace/CSharp/BannerlordModEditor/BannerlordModEditor.Common/Mappers/ParticleSystemsMapper.cs(235,40): warning CS8603: 可能返回 null 引用。 [/root/WorkSpace/CSharp/BannerlordModEditor/BannerlordModEditor.Common/BannerlordModEditor.Common.csproj]
     2>/root/WorkSpace/CSharp/BannerlordModEditor/BannerlordModEditor.Common/Mappers/ParticleSystemsMapper.cs(241,33): warning CS8604: “ChildrenDO ParticleSystemsMapper.ToDO(ChildrenDTO source)”中的形参“source”可能传入 null 引用实参。 [/root/WorkSpace/CSharp/BannerlordModEditor/BannerlordModEditor.Common/BannerlordModEditor.Common.csproj]
     2>/root/WorkSpace/CSharp/BannerlordModEditor/BannerlordModEditor.Common/Mappers/ParticleSystemsMapper.cs(242,30): warning CS8604: “ParticleFlagsDO ParticleSystemsMapper.ToDO(ParticleFlagsDTO source)”中的形参“source”可能传入 null 引用实参。 [/root/WorkSpace/CSharp/BannerlordModEditor/BannerlordModEditor.Common/BannerlordModEditor.Common.csproj]
     2>/root/WorkSpace/CSharp/BannerlordModEditor/BannerlordModEditor.Common/Mappers/ParticleSystemsMapper.cs(243,35): warning CS8604: “ParametersDO ParticleSystemsMapper.ToDO(ParametersDTO source)”中的形参“source”可能传入 null 引用实参。 [/root/WorkSpace/CSharp/BannerlordModEditor/BannerlordModEditor.Common/BannerlordModEditor.Common.csproj]
     2>/root/WorkSpace/CSharp/BannerlordModEditor/BannerlordModEditor.Common/Mappers/MpItemsMapper.cs(309,40): warning CS8603: 可能返回 null 引用。 [/root/WorkSpace/CSharp/BannerlordModEditor/BannerlordModEditor.Common/BannerlordModEditor.Common.csproj]
     2>/root/WorkSpace/CSharp/BannerlordModEditor/BannerlordModEditor.Common/Models/Data/DecalSets.cs(31,23): warning CS8618: 在退出构造函数时，不可为 null 的 属性 "Name" 必须包含非 null 值。请考虑添加 "required" 修饰符或将该 属性 声明为可为 null。 [/root/WorkSpace/CSharp/BannerlordModEditor/BannerlordModEditor.Common/BannerlordModEditor.Common.csproj]
     2>/root/WorkSpace/CSharp/BannerlordModEditor/BannerlordModEditor.Common/Models/Data/DecalSets.cs(34,23): warning CS8618: 在退出构造函数时，不可为 null 的 属性 "TotalDecalLifeBase" 必须包含非 null 值。请考虑添加 "required" 修饰符或将该 属性 声明为可为 null。 [/root/WorkSpace/CSharp/BannerlordModEditor/BannerlordModEditor.Common/BannerlordModEditor.Common.csproj]
     2>/root/WorkSpace/CSharp/BannerlordModEditor/BannerlordModEditor.Common/Models/Data/DecalSets.cs(37,23): warning CS8618: 在退出构造函数时，不可为 null 的 属性 "VisibleDecalLifeBase" 必须包含非 null 值。请考虑添加 "required" 修饰符或将该 属性 声明为可为 null。 [/root/WorkSpace/CSharp/BannerlordModEditor/BannerlordModEditor.Common/BannerlordModEditor.Common.csproj]
     2>/root/WorkSpace/CSharp/BannerlordModEditor/BannerlordModEditor.Common/Models/Data/DecalSets.cs(43,23): warning CS8618: 在退出构造函数时，不可为 null 的 属性 "MinVisibilityArea" 必须包含非 null 值。请考虑添加 "required" 修饰符或将该 属性 声明为可为 null。 [/root/WorkSpace/CSharp/BannerlordModEditor/BannerlordModEditor.Common/BannerlordModEditor.Common.csproj]
     2>/root/WorkSpace/CSharp/BannerlordModEditor/BannerlordModEditor.Common/Models/Data/DecalTexturesBattle.cs(23,35): warning CS8618: 在退出构造函数时，不可为 null 的 属性 "DecalTextureList" 必须包含非 null 值。请考虑添加 "required" 修饰符或将该 属性 声明为可为 null。 [/root/WorkSpace/CSharp/BannerlordModEditor/BannerlordModEditor.Common/BannerlordModEditor.Common.csproj]
     2>/root/WorkSpace/CSharp/BannerlordModEditor/BannerlordModEditor.Common/Models/Data/DecalTexturesBattle.cs(11,23): warning CS8618: 在退出构造函数时，不可为 null 的 属性 "Type" 必须包含非 null 值。请考虑添加 "required" 修饰符或将该 属性 声明为可为 null。 [/root/WorkSpace/CSharp/BannerlordModEditor/BannerlordModEditor.Common/BannerlordModEditor.Common.csproj]
     2>/root/WorkSpace/CSharp/BannerlordModEditor/BannerlordModEditor.Common/Models/Data/DecalTexturesBattle.cs(14,39): warning CS8618: 在退出构造函数时，不可为 null 的 属性 "DecalTextures" 必须包含非 null 值。请考虑添加 "required" 修饰符或将该 属性 声明为可为 null。 [/root/WorkSpace/CSharp/BannerlordModEditor/BannerlordModEditor.Common/BannerlordModEditor.Common.csproj]
     2>/root/WorkSpace/CSharp/BannerlordModEditor/BannerlordModEditor.Common/Mappers/ParticleSystemsMapper.cs(249,40): warning CS8603: 可能返回 null 引用。 [/root/WorkSpace/CSharp/BannerlordModEditor/BannerlordModEditor.Common/BannerlordModEditor.Common.csproj]
     2>/root/WorkSpace/CSharp/BannerlordModEditor/BannerlordModEditor.Common/Models/Data/DecalTexturesBattle.cs(31,23): warning CS8618: 在退出构造函数时，不可为 null 的 属性 "Name" 必须包含非 null 值。请考虑添加 "required" 修饰符或将该 属性 声明为可为 null。 [/root/WorkSpace/CSharp/BannerlordModEditor/BannerlordModEditor.Common/BannerlordModEditor.Common.csproj]
     2>/root/WorkSpace/CSharp/BannerlordModEditor/BannerlordModEditor.Common/Models/Data/DecalTexturesBattle.cs(34,23): warning CS8618: 在退出构造函数时，不可为 null 的 属性 "AtlasPos" 必须包含非 null 值。请考虑添加 "required" 修饰符或将该 属性 声明为可为 null。 [/root/WorkSpace/CSharp/BannerlordModEditor/BannerlordModEditor.Common/BannerlordModEditor.Common.csproj]
     2>/root/WorkSpace/CSharp/BannerlordModEditor/BannerlordModEditor.Common/Models/Data/DecalTexturesBattle.cs(37,23): warning CS8618: 在退出构造函数时，不可为 null 的 属性 "IsDynamic" 必须包含非 null 值。请考虑添加 "required" 修饰符或将该 属性 声明为可为 null。 [/root/WorkSpace/CSharp/BannerlordModEditor/BannerlordModEditor.Common/BannerlordModEditor.Common.csproj]
     2>/root/WorkSpace/CSharp/BannerlordModEditor/BannerlordModEditor.Common/Models/Data/DecalTexturesMultiplayer.cs(11,23): warning CS8618: 在退出构造函数时，不可为 null 的 属性 "Type" 必须包含非 null 值。请考虑添加 "required" 修饰符或将该 属性 声明为可为 null。 [/root/WorkSpace/CSharp/BannerlordModEditor/BannerlordModEditor.Common/BannerlordModEditor.Common.csproj]
     2>/root/WorkSpace/CSharp/BannerlordModEditor/BannerlordModEditor.Common/Models/Data/DecalTexturesMultiplayer.cs(14,57): warning CS8618: 在退出构造函数时，不可为 null 的 属性 "DecalTextures" 必须包含非 null 值。请考虑添加 "required" 修饰符或将该 属性 声明为可为 null。 [/root/WorkSpace/CSharp/BannerlordModEditor/BannerlordModEditor.Common/BannerlordModEditor.Common.csproj]
     2>/root/WorkSpace/CSharp/BannerlordModEditor/BannerlordModEditor.Common/Models/Data/DecalTexturesMultiplayer.cs(23,59): warning CS8618: 在退出构造函数时，不可为 null 的 属性 "Items" 必须包含非 null 值。请考虑添加 "required" 修饰符或将该 属性 声明为可为 null。 [/root/WorkSpace/CSharp/BannerlordModEditor/BannerlordModEditor.Common/BannerlordModEditor.Common.csproj]
     2>/root/WorkSpace/CSharp/BannerlordModEditor/BannerlordModEditor.Common/Models/Data/DecalTexturesTown.cs(23,52): warning CS8618: 在退出构造函数时，不可为 null 的 属性 "Items" 必须包含非 null 值。请考虑添加 "required" 修饰符或将该 属性 声明为可为 null。 [/root/WorkSpace/CSharp/BannerlordModEditor/BannerlordModEditor.Common/BannerlordModEditor.Common.csproj]
     2>/root/WorkSpace/CSharp/BannerlordModEditor/BannerlordModEditor.Common/Models/Data/DecalTexturesMultiplayer.cs(31,23): warning CS8618: 在退出构造函数时，不可为 null 的 属性 "Name" 必须包含非 null 值。请考虑添加 "required" 修饰符或将该 属性 声明为可为 null。 [/root/WorkSpace/CSharp/BannerlordModEditor/BannerlordModEditor.Common/BannerlordModEditor.Common.csproj]
     2>/root/WorkSpace/CSharp/BannerlordModEditor/BannerlordModEditor.Common/Models/Data/DecalTexturesMultiplayer.cs(34,23): warning CS8618: 在退出构造函数时，不可为 null 的 属性 "AtlasPos" 必须包含非 null 值。请考虑添加 "required" 修饰符或将该 属性 声明为可为 null。 [/root/WorkSpace/CSharp/BannerlordModEditor/BannerlordModEditor.Common/BannerlordModEditor.Common.csproj]
     2>/root/WorkSpace/CSharp/BannerlordModEditor/BannerlordModEditor.Common/Models/Data/DecalTexturesMultiplayer.cs(37,23): warning CS8618: 在退出构造函数时，不可为 null 的 属性 "IsDynamic" 必须包含非 null 值。请考虑添加 "required" 修饰符或将该 属性 声明为可为 null。 [/root/WorkSpace/CSharp/BannerlordModEditor/BannerlordModEditor.Common/BannerlordModEditor.Common.csproj]
     2>/root/WorkSpace/CSharp/BannerlordModEditor/BannerlordModEditor.Common/Mappers/MpItemsMapper.cs(321,40): warning CS8603: 可能返回 null 引用。 [/root/WorkSpace/CSharp/BannerlordModEditor/BannerlordModEditor.Common/BannerlordModEditor.Common.csproj]
     2>/root/WorkSpace/CSharp/BannerlordModEditor/BannerlordModEditor.Common/Models/Data/DecalTexturesTown.cs(11,23): warning CS8618: 在退出构造函数时，不可为 null 的 属性 "Type" 必须包含非 null 值。请考虑添加 "required" 修饰符或将该 属性 声明为可为 null。 [/root/WorkSpace/CSharp/BannerlordModEditor/BannerlordModEditor.Common/BannerlordModEditor.Common.csproj]
     2>/root/WorkSpace/CSharp/BannerlordModEditor/BannerlordModEditor.Common/Models/Data/DecalTexturesTown.cs(14,50): warning CS8618: 在退出构造函数时，不可为 null 的 属性 "DecalTextures" 必须包含非 null 值。请考虑添加 "required" 修饰符或将该 属性 声明为可为 null。 [/root/WorkSpace/CSharp/BannerlordModEditor/BannerlordModEditor.Common/BannerlordModEditor.Common.csproj]
     2>/root/WorkSpace/CSharp/BannerlordModEditor/BannerlordModEditor.Common/Models/Data/DecalTexturesTown.cs(31,23): warning CS8618: 在退出构造函数时，不可为 null 的 属性 "Name" 必须包含非 null 值。请考虑添加 "required" 修饰符或将该 属性 声明为可为 null。 [/root/WorkSpace/CSharp/BannerlordModEditor/BannerlordModEditor.Common/BannerlordModEditor.Common.csproj]
     2>/root/WorkSpace/CSharp/BannerlordModEditor/BannerlordModEditor.Common/Models/Data/DecalTexturesTown.cs(34,23): warning CS8618: 在退出构造函数时，不可为 null 的 属性 "AtlasPos" 必须包含非 null 值。请考虑添加 "required" 修饰符或将该 属性 声明为可为 null。 [/root/WorkSpace/CSharp/BannerlordModEditor/BannerlordModEditor.Common/BannerlordModEditor.Common.csproj]
     2>/root/WorkSpace/CSharp/BannerlordModEditor/BannerlordModEditor.Common/Models/Data/DecalTexturesTown.cs(37,23): warning CS8618: 在退出构造函数时，不可为 null 的 属性 "IsDynamic" 必须包含非 null 值。请考虑添加 "required" 修饰符或将该 属性 声明为可为 null。 [/root/WorkSpace/CSharp/BannerlordModEditor/BannerlordModEditor.Common/BannerlordModEditor.Common.csproj]
     2>/root/WorkSpace/CSharp/BannerlordModEditor/BannerlordModEditor.Common/Models/Data/CreditsXmlModel.cs(11,38): warning CS8618: 在退出构造函数时，不可为 null 的 属性 "Categories" 必须包含非 null 值。请考虑添加 "required" 修饰符或将该 属性 声明为可为 null。 [/root/WorkSpace/CSharp/BannerlordModEditor/BannerlordModEditor.Common/BannerlordModEditor.Common.csproj]
     2>/root/WorkSpace/CSharp/BannerlordModEditor/BannerlordModEditor.Common/Models/Data/CreditsXmlModel.cs(14,42): warning CS8618: 在退出构造函数时，不可为 null 的 属性 "LoadFromFile" 必须包含非 null 值。请考虑添加 "required" 修饰符或将该 属性 声明为可为 null。 [/root/WorkSpace/CSharp/BannerlordModEditor/BannerlordModEditor.Common/BannerlordModEditor.Common.csproj]
     2>/root/WorkSpace/CSharp/BannerlordModEditor/BannerlordModEditor.Common/Mappers/ParticleSystemsMapper.cs(259,40): warning CS8603: 可能返回 null 引用。 [/root/WorkSpace/CSharp/BannerlordModEditor/BannerlordModEditor.Common/BannerlordModEditor.Common.csproj]
     2>/root/WorkSpace/CSharp/BannerlordModEditor/BannerlordModEditor.Common/Models/Data/DecalTexturesWorldmap.cs(23,56): warning CS8618: 在退出构造函数时，不可为 null 的 属性 "DecalTextureList" 必须包含非 null 值。请考虑添加 "required" 修饰符或将该 属性 声明为可为 null。 [/root/WorkSpace/CSharp/BannerlordModEditor/BannerlordModEditor.Common/BannerlordModEditor.Common.csproj]
     2>/root/WorkSpace/CSharp/BannerlordModEditor/BannerlordModEditor.Common/Models/Data/BannerIconsModel.cs(39,23): warning CS8618: 在退出构造函数时，不可为 null 的 属性 "Name" 必须包含非 null 值。请考虑添加 "required" 修饰符或将该 属性 声明为可为 null。 [/root/WorkSpace/CSharp/BannerlordModEditor/BannerlordModEditor.Common/BannerlordModEditor.Common.csproj]
     2>/root/WorkSpace/CSharp/BannerlordModEditor/BannerlordModEditor.Common/Mappers/ParticleSystemsMapper.cs(269,40): warning CS8603: 可能返回 null 引用。 [/root/WorkSpace/CSharp/BannerlordModEditor/BannerlordModEditor.Common/BannerlordModEditor.Common.csproj]
     2>/root/WorkSpace/CSharp/BannerlordModEditor/BannerlordModEditor.Common/Models/Data/DecalTexturesWorldmap.cs(31,23): warning CS8618: 在退出构造函数时，不可为 null 的 属性 "Name" 必须包含非 null 值。请考虑添加 "required" 修饰符或将该 属性 声明为可为 null。 [/root/WorkSpace/CSharp/BannerlordModEditor/BannerlordModEditor.Common/BannerlordModEditor.Common.csproj]
     2>/root/WorkSpace/CSharp/BannerlordModEditor/BannerlordModEditor.Common/Models/Data/DecalTexturesWorldmap.cs(34,23): warning CS8618: 在退出构造函数时，不可为 null 的 属性 "AtlasPos" 必须包含非 null 值。请考虑添加 "required" 修饰符或将该 属性 声明为可为 null。 [/root/WorkSpace/CSharp/BannerlordModEditor/BannerlordModEditor.Common/BannerlordModEditor.Common.csproj]
     2>/root/WorkSpace/CSharp/BannerlordModEditor/BannerlordModEditor.Common/Models/Data/DecalTexturesWorldmap.cs(37,23): warning CS8618: 在退出构造函数时，不可为 null 的 属性 "IsDynamic" 必须包含非 null 值。请考虑添加 "required" 修饰符或将该 属性 声明为可为 null。 [/root/WorkSpace/CSharp/BannerlordModEditor/BannerlordModEditor.Common/BannerlordModEditor.Common.csproj]
     2>/root/WorkSpace/CSharp/BannerlordModEditor/BannerlordModEditor.Common/Models/Data/CreditsXmlModel.cs(23,23): warning CS8618: 在退出构造函数时，不可为 null 的 属性 "Text" 必须包含非 null 值。请考虑添加 "required" 修饰符或将该 属性 声明为可为 null。 [/root/WorkSpace/CSharp/BannerlordModEditor/BannerlordModEditor.Common/BannerlordModEditor.Common.csproj]
     2>/root/WorkSpace/CSharp/BannerlordModEditor/BannerlordModEditor.Common/Models/Data/CreditsXmlModel.cs(26,37): warning CS8618: 在退出构造函数时，不可为 null 的 属性 "Sections" 必须包含非 null 值。请考虑添加 "required" 修饰符或将该 属性 声明为可为 null。 [/root/WorkSpace/CSharp/BannerlordModEditor/BannerlordModEditor.Common/BannerlordModEditor.Common.csproj]
     2>/root/WorkSpace/CSharp/BannerlordModEditor/BannerlordModEditor.Common/Models/Data/CreditsXmlModel.cs(29,35): warning CS8618: 在退出构造函数时，不可为 null 的 属性 "Entries" 必须包含非 null 值。请考虑添加 "required" 修饰符或将该 属性 声明为可为 null。 [/root/WorkSpace/CSharp/BannerlordModEditor/BannerlordModEditor.Common/BannerlordModEditor.Common.csproj]
     2>/root/WorkSpace/CSharp/BannerlordModEditor/BannerlordModEditor.Common/Models/Data/CreditsXmlModel.cs(32,39): warning CS8618: 在退出构造函数时，不可为 null 的 属性 "EmptyLines" 必须包含非 null 值。请考虑添加 "required" 修饰符或将该 属性 声明为可为 null。 [/root/WorkSpace/CSharp/BannerlordModEditor/BannerlordModEditor.Common/BannerlordModEditor.Common.csproj]
     2>/root/WorkSpace/CSharp/BannerlordModEditor/BannerlordModEditor.Common/Models/Data/CreditsXmlModel.cs(35,42): warning CS8618: 在退出构造函数时，不可为 null 的 属性 "LoadFromFile" 必须包含非 null 值。请考虑添加 "required" 修饰符或将该 属性 声明为可为 null。 [/root/WorkSpace/CSharp/BannerlordModEditor/BannerlordModEditor.Common/BannerlordModEditor.Common.csproj]
     2>/root/WorkSpace/CSharp/BannerlordModEditor/BannerlordModEditor.Common/Mappers/ParticleSystemsMapper.cs(280,40): warning CS8603: 可能返回 null 引用。 [/root/WorkSpace/CSharp/BannerlordModEditor/BannerlordModEditor.Common/BannerlordModEditor.Common.csproj]
     2>/root/WorkSpace/CSharp/BannerlordModEditor/BannerlordModEditor.Common/Mappers/ParticleSystemsMapper.cs(285,39): warning CS8604: “DecalMaterialsDO ParticleSystemsMapper.ToDO(DecalMaterialsDTO source)”中的形参“source”可能传入 null 引用实参。 [/root/WorkSpace/CSharp/BannerlordModEditor/BannerlordModEditor.Common/BannerlordModEditor.Common.csproj]
     2>/root/WorkSpace/CSharp/BannerlordModEditor/BannerlordModEditor.Common/Models/Data/FloraKinds.cs(56,23): warning CS8618: 在退出构造函数时，不可为 null 的 属性 "Name" 必须包含非 null 值。请考虑添加 "required" 修饰符或将该 属性 声明为可为 null。 [/root/WorkSpace/CSharp/BannerlordModEditor/BannerlordModEditor.Common/BannerlordModEditor.Common.csproj]
     2>/root/WorkSpace/CSharp/BannerlordModEditor/BannerlordModEditor.Common/Models/Data/FloraKinds.cs(59,23): warning CS8618: 在退出构造函数时，不可为 null 的 属性 "Value" 必须包含非 null 值。请考虑添加 "required" 修饰符或将该 属性 声明为可为 null。 [/root/WorkSpace/CSharp/BannerlordModEditor/BannerlordModEditor.Common/BannerlordModEditor.Common.csproj]
     2>/root/WorkSpace/CSharp/BannerlordModEditor/BannerlordModEditor.Common/Mappers/MpItemsMapper.cs(346,40): warning CS8603: 可能返回 null 引用。 [/root/WorkSpace/CSharp/BannerlordModEditor/BannerlordModEditor.Common/BannerlordModEditor.Common.csproj]
     2>/root/WorkSpace/CSharp/BannerlordModEditor/BannerlordModEditor.Common/Models/Data/FloraKinds.cs(29,20): warning CS8603: 可能返回 null 引用。 [/root/WorkSpace/CSharp/BannerlordModEditor/BannerlordModEditor.Common/BannerlordModEditor.Common.csproj]
     2>/root/WorkSpace/CSharp/BannerlordModEditor/BannerlordModEditor.Common/Mappers/MPClassDivisionsMapper.cs(185,36): warning CS8603: 可能返回 null 引用。 [/root/WorkSpace/CSharp/BannerlordModEditor/BannerlordModEditor.Common/BannerlordModEditor.Common.csproj]
     2>/root/WorkSpace/CSharp/BannerlordModEditor/BannerlordModEditor.Common/Models/Data/CreditsLegalPC.cs(19,23): warning CS8618: 在退出构造函数时，不可为 null 的 属性 "Text" 必须包含非 null 值。请考虑添加 "required" 修饰符或将该 属性 声明为可为 null。 [/root/WorkSpace/CSharp/BannerlordModEditor/BannerlordModEditor.Common/BannerlordModEditor.Common.csproj]
     2>/root/WorkSpace/CSharp/BannerlordModEditor/BannerlordModEditor.Common/Models/Data/CreditsLegalPC.cs(22,30): warning CS8618: 在退出构造函数时，不可为 null 的 属性 "Sections" 必须包含非 null 值。请考虑添加 "required" 修饰符或将该 属性 声明为可为 null。 [/root/WorkSpace/CSharp/BannerlordModEditor/BannerlordModEditor.Common/BannerlordModEditor.Common.csproj]
     2>/root/WorkSpace/CSharp/BannerlordModEditor/BannerlordModEditor.Common/Models/Data/CreditsLegalPC.cs(25,28): warning CS8618: 在退出构造函数时，不可为 null 的 属性 "Entries" 必须包含非 null 值。请考虑添加 "required" 修饰符或将该 属性 声明为可为 null。 [/root/WorkSpace/CSharp/BannerlordModEditor/BannerlordModEditor.Common/BannerlordModEditor.Common.csproj]
     2>/root/WorkSpace/CSharp/BannerlordModEditor/BannerlordModEditor.Common/Models/Data/CreditsLegalPC.cs(28,28): warning CS8618: 在退出构造函数时，不可为 null 的 属性 "Images" 必须包含非 null 值。请考虑添加 "required" 修饰符或将该 属性 声明为可为 null。 [/root/WorkSpace/CSharp/BannerlordModEditor/BannerlordModEditor.Common/BannerlordModEditor.Common.csproj]
     2>/root/WorkSpace/CSharp/BannerlordModEditor/BannerlordModEditor.Common/Models/Data/CreditsLegalPC.cs(31,46): warning CS8618: 在退出构造函数时，不可为 null 的 属性 "EmptyLines" 必须包含非 null 值。请考虑添加 "required" 修饰符或将该 属性 声明为可为 null。 [/root/WorkSpace/CSharp/BannerlordModEditor/BannerlordModEditor.Common/BannerlordModEditor.Common.csproj]
     2>/root/WorkSpace/CSharp/BannerlordModEditor/BannerlordModEditor.Common/Mappers/ParticleSystemsMapper.cs(291,40): warning CS8603: 可能返回 null 引用。 [/root/WorkSpace/CSharp/BannerlordModEditor/BannerlordModEditor.Common/BannerlordModEditor.Common.csproj]
     2>/root/WorkSpace/CSharp/BannerlordModEditor/BannerlordModEditor.Common/Mappers/ParticleSystemsMapper.cs(301,37): warning CS8604: “ColorDO ParticleSystemsMapper.ToDO(ColorDTO source)”中的形参“source”可能传入 null 引用实参。 [/root/WorkSpace/CSharp/BannerlordModEditor/BannerlordModEditor.Common/BannerlordModEditor.Common.csproj]
     2>/root/WorkSpace/CSharp/BannerlordModEditor/BannerlordModEditor.Common/Mappers/ParticleSystemsMapper.cs(302,37): warning CS8604: “AlphaDO ParticleSystemsMapper.ToDO(AlphaDTO source)”中的形参“source”可能传入 null 引用实参。 [/root/WorkSpace/CSharp/BannerlordModEditor/BannerlordModEditor.Common/BannerlordModEditor.Common.csproj]
     2>/root/WorkSpace/CSharp/BannerlordModEditor/BannerlordModEditor.Common/Models/Data/DecalTexturesWorldmap.cs(11,23): warning CS8618: 在退出构造函数时，不可为 null 的 属性 "Type" 必须包含非 null 值。请考虑添加 "required" 修饰符或将该 属性 声明为可为 null。 [/root/WorkSpace/CSharp/BannerlordModEditor/BannerlordModEditor.Common/BannerlordModEditor.Common.csproj]
     2>/root/WorkSpace/CSharp/BannerlordModEditor/BannerlordModEditor.Common/Models/Data/DecalTexturesWorldmap.cs(14,51): warning CS8618: 在退出构造函数时，不可为 null 的 属性 "DecalTextures" 必须包含非 null 值。请考虑添加 "required" 修饰符或将该 属性 声明为可为 null。 [/root/WorkSpace/CSharp/BannerlordModEditor/BannerlordModEditor.Common/BannerlordModEditor.Common.csproj]
     2>/root/WorkSpace/CSharp/BannerlordModEditor/BannerlordModEditor.Common/Models/Data/AttributesDataModel.cs(19,23): warning CS8618: 在退出构造函数时，不可为 null 的 属性 "Id" 必须包含非 null 值。请考虑添加 "required" 修饰符或将该 属性 声明为可为 null。 [/root/WorkSpace/CSharp/BannerlordModEditor/BannerlordModEditor.Common/BannerlordModEditor.Common.csproj]
     2>/root/WorkSpace/CSharp/BannerlordModEditor/BannerlordModEditor.Common/Models/Data/AttributesDataModel.cs(24,23): warning CS8618: 在退出构造函数时，不可为 null 的 属性 "Name" 必须包含非 null 值。请考虑添加 "required" 修饰符或将该 属性 声明为可为 null。 [/root/WorkSpace/CSharp/BannerlordModEditor/BannerlordModEditor.Common/BannerlordModEditor.Common.csproj]
     2>/root/WorkSpace/CSharp/BannerlordModEditor/BannerlordModEditor.Common/Models/Data/AttributesDataModel.cs(29,23): warning CS8618: 在退出构造函数时，不可为 null 的 属性 "Source" 必须包含非 null 值。请考虑添加 "required" 修饰符或将该 属性 声明为可为 null。 [/root/WorkSpace/CSharp/BannerlordModEditor/BannerlordModEditor.Common/BannerlordModEditor.Common.csproj]
     2>/root/WorkSpace/CSharp/BannerlordModEditor/BannerlordModEditor.Common/Models/Data/AttributesDataModel.cs(34,23): warning CS8618: 在退出构造函数时，不可为 null 的 属性 "Documentation" 必须包含非 null 值。请考虑添加 "required" 修饰符或将该 属性 声明为可为 null。 [/root/WorkSpace/CSharp/BannerlordModEditor/BannerlordModEditor.Common/BannerlordModEditor.Common.csproj]
     2>/root/WorkSpace/CSharp/BannerlordModEditor/BannerlordModEditor.Common/Mappers/MpCraftingPiecesMapper.cs(14,24): warning CS8603: 可能返回 null 引用。 [/root/WorkSpace/CSharp/BannerlordModEditor/BannerlordModEditor.Common/BannerlordModEditor.Common.csproj]
     2>/root/WorkSpace/CSharp/BannerlordModEditor/BannerlordModEditor.Common/Mappers/ParticleSystemsMapper.cs(308,40): warning CS8603: 可能返回 null 引用。 [/root/WorkSpace/CSharp/BannerlordModEditor/BannerlordModEditor.Common/BannerlordModEditor.Common.csproj]
     2>/root/WorkSpace/CSharp/BannerlordModEditor/BannerlordModEditor.Common/Mappers/ParticleSystemsMapper.cs(316,29): warning CS8604: “KeysDO ParticleSystemsMapper.ToDO(KeysDTO source)”中的形参“source”可能传入 null 引用实参。 [/root/WorkSpace/CSharp/BannerlordModEditor/BannerlordModEditor.Common/BannerlordModEditor.Common.csproj]
     2>/root/WorkSpace/CSharp/BannerlordModEditor/BannerlordModEditor.Common/Models/Data/FloraKinds.cs(24,23): warning CS8618: 在退出构造函数时，不可为 null 的 属性 "Name" 必须包含非 null 值。请考虑添加 "required" 修饰符或将该 属性 声明为可为 null。 [/root/WorkSpace/CSharp/BannerlordModEditor/BannerlordModEditor.Common/BannerlordModEditor.Common.csproj]
     2>/root/WorkSpace/CSharp/BannerlordModEditor/BannerlordModEditor.Common/Models/Data/FloraKinds.cs(36,27): warning CS8618: 在退出构造函数时，不可为 null 的 属性 "Flags" 必须包含非 null 值。请考虑添加 "required" 修饰符或将该 属性 声明为可为 null。 [/root/WorkSpace/CSharp/BannerlordModEditor/BannerlordModEditor.Common/BannerlordModEditor.Common.csproj]
     2>/root/WorkSpace/CSharp/BannerlordModEditor/BannerlordModEditor.Common/Mappers/MpCraftingPiecesMapper.cs(25,24): warning CS8603: 可能返回 null 引用。 [/root/WorkSpace/CSharp/BannerlordModEditor/BannerlordModEditor.Common/BannerlordModEditor.Common.csproj]
     2>/root/WorkSpace/CSharp/BannerlordModEditor/BannerlordModEditor.Common/Mappers/MPClassDivisionsMapper.cs(199,36): warning CS8603: 可能返回 null 引用。 [/root/WorkSpace/CSharp/BannerlordModEditor/BannerlordModEditor.Common/BannerlordModEditor.Common.csproj]
     2>/root/WorkSpace/CSharp/BannerlordModEditor/BannerlordModEditor.Common/Mappers/MpItemsMapper.cs(357,40): warning CS8603: 可能返回 null 引用。 [/root/WorkSpace/CSharp/BannerlordModEditor/BannerlordModEditor.Common/BannerlordModEditor.Common.csproj]
     2>/root/WorkSpace/CSharp/BannerlordModEditor/BannerlordModEditor.Common/Mappers/MpItemsMapper.cs(388,38): warning CS8604: “ItemComponentDO MpItemsMapper.ToDO(ItemComponentDTO source)”中的形参“source”可能传入 null 引用实参。 [/root/WorkSpace/CSharp/BannerlordModEditor/BannerlordModEditor.Common/BannerlordModEditor.Common.csproj]
     2>/root/WorkSpace/CSharp/BannerlordModEditor/BannerlordModEditor.Common/Mappers/MpItemsMapper.cs(389,30): warning CS8604: “ItemFlagsDO MpItemsMapper.ToDO(ItemFlagsDTO source)”中的形参“source”可能传入 null 引用实参。 [/root/WorkSpace/CSharp/BannerlordModEditor/BannerlordModEditor.Common/BannerlordModEditor.Common.csproj]
     2>/root/WorkSpace/CSharp/BannerlordModEditor/BannerlordModEditor.Common/Mappers/ParticleSystemsMapper.cs(322,40): warning CS8603: 可能返回 null 引用。 [/root/WorkSpace/CSharp/BannerlordModEditor/BannerlordModEditor.Common/BannerlordModEditor.Common.csproj]
     2>/root/WorkSpace/CSharp/BannerlordModEditor/BannerlordModEditor.Common/Mappers/MpCraftingPiecesMapper.cs(42,24): warning CS8603: 可能返回 null 引用。 [/root/WorkSpace/CSharp/BannerlordModEditor/BannerlordModEditor.Common/BannerlordModEditor.Common.csproj]
     2>/root/WorkSpace/CSharp/BannerlordModEditor/BannerlordModEditor.Common/Mappers/MPClassDivisionsMapper.cs(213,36): warning CS8603: 可能返回 null 引用。 [/root/WorkSpace/CSharp/BannerlordModEditor/BannerlordModEditor.Common/BannerlordModEditor.Common.csproj]
     2>/root/WorkSpace/CSharp/BannerlordModEditor/BannerlordModEditor.Common/Mappers/ParticleSystemsMapper.cs(332,40): warning CS8603: 可能返回 null 引用。 [/root/WorkSpace/CSharp/BannerlordModEditor/BannerlordModEditor.Common/BannerlordModEditor.Common.csproj]
     2>/root/WorkSpace/CSharp/BannerlordModEditor/BannerlordModEditor.Common/Mappers/MpCraftingPiecesMapper.cs(53,24): warning CS8603: 可能返回 null 引用。 [/root/WorkSpace/CSharp/BannerlordModEditor/BannerlordModEditor.Common/BannerlordModEditor.Common.csproj]
     2>/root/WorkSpace/CSharp/BannerlordModEditor/BannerlordModEditor.Common/Mappers/MPClassDivisionsMapper.cs(224,36): warning CS8603: 可能返回 null 引用。 [/root/WorkSpace/CSharp/BannerlordModEditor/BannerlordModEditor.Common/BannerlordModEditor.Common.csproj]
     2>/root/WorkSpace/CSharp/BannerlordModEditor/BannerlordModEditor.Common/Mappers/ParticleSystemsMapper.cs(345,40): warning CS8603: 可能返回 null 引用。 [/root/WorkSpace/CSharp/BannerlordModEditor/BannerlordModEditor.Common/BannerlordModEditor.Common.csproj]
     2>/root/WorkSpace/CSharp/BannerlordModEditor/BannerlordModEditor.Common/Mappers/ParticleSystemsMapper.cs(349,29): warning CS8604: “KeysDO ParticleSystemsMapper.ToDO(KeysDTO source)”中的形参“source”可能传入 null 引用实参。 [/root/WorkSpace/CSharp/BannerlordModEditor/BannerlordModEditor.Common/BannerlordModEditor.Common.csproj]
     2>/root/WorkSpace/CSharp/BannerlordModEditor/BannerlordModEditor.Common/Mappers/MpItemsMapper.cs(395,40): warning CS8603: 可能返回 null 引用。 [/root/WorkSpace/CSharp/BannerlordModEditor/BannerlordModEditor.Common/BannerlordModEditor.Common.csproj]
     2>/root/WorkSpace/CSharp/BannerlordModEditor/BannerlordModEditor.Common/Mappers/MpItemsMapper.cs(406,31): warning CS8604: “PiecesDO MpItemsMapper.ToDO(PiecesDTO source)”中的形参“source”可能传入 null 引用实参。 [/root/WorkSpace/CSharp/BannerlordModEditor/BannerlordModEditor.Common/BannerlordModEditor.Common.csproj]
     2>/root/WorkSpace/CSharp/BannerlordModEditor/BannerlordModEditor.Common/Mappers/ParticleSystemsMapper.cs(355,40): warning CS8603: 可能返回 null 引用。 [/root/WorkSpace/CSharp/BannerlordModEditor/BannerlordModEditor.Common/BannerlordModEditor.Common.csproj]
     2>/root/WorkSpace/CSharp/BannerlordModEditor/BannerlordModEditor.Common/Mappers/ParticleSystemsMapper.cs(359,29): warning CS8604: “KeysDO ParticleSystemsMapper.ToDO(KeysDTO source)”中的形参“source”可能传入 null 引用实参。 [/root/WorkSpace/CSharp/BannerlordModEditor/BannerlordModEditor.Common/BannerlordModEditor.Common.csproj]
     2>/root/WorkSpace/CSharp/BannerlordModEditor/BannerlordModEditor.Common/Mappers/MPClassDivisionsMapper.cs(235,36): warning CS8603: 可能返回 null 引用。 [/root/WorkSpace/CSharp/BannerlordModEditor/BannerlordModEditor.Common/BannerlordModEditor.Common.csproj]
     2>/root/WorkSpace/CSharp/BannerlordModEditor/BannerlordModEditor.Common/Mappers/ParticleSystemsMapper.cs(365,40): warning CS8603: 可能返回 null 引用。 [/root/WorkSpace/CSharp/BannerlordModEditor/BannerlordModEditor.Common/BannerlordModEditor.Common.csproj]
     2>/root/WorkSpace/CSharp/BannerlordModEditor/BannerlordModEditor.Common/Mappers/MpItemsMapper.cs(412,40): warning CS8603: 可能返回 null 引用。 [/root/WorkSpace/CSharp/BannerlordModEditor/BannerlordModEditor.Common/BannerlordModEditor.Common.csproj]
     2>/root/WorkSpace/CSharp/BannerlordModEditor/BannerlordModEditor.Common/Mappers/ParticleSystemsMapper.cs(375,40): warning CS8603: 可能返回 null 引用。 [/root/WorkSpace/CSharp/BannerlordModEditor/BannerlordModEditor.Common/BannerlordModEditor.Common.csproj]
     2>/root/WorkSpace/CSharp/BannerlordModEditor/BannerlordModEditor.Common/Mappers/MpItemsMapper.cs(422,40): warning CS8603: 可能返回 null 引用。 [/root/WorkSpace/CSharp/BannerlordModEditor/BannerlordModEditor.Common/BannerlordModEditor.Common.csproj]
     2>/root/WorkSpace/CSharp/BannerlordModEditor/BannerlordModEditor.Common/Mappers/MPClassDivisionsMapper.cs(247,36): warning CS8603: 可能返回 null 引用。 [/root/WorkSpace/CSharp/BannerlordModEditor/BannerlordModEditor.Common/BannerlordModEditor.Common.csproj]
     2>/root/WorkSpace/CSharp/BannerlordModEditor/BannerlordModEditor.Common/Models/Data/TauntUsageSets.cs(116,23): warning CS8618: 在退出构造函数时，不可为 null 的 属性 "Action" 必须包含非 null 值。请考虑添加 "required" 修饰符或将该 属性 声明为可为 null。 [/root/WorkSpace/CSharp/BannerlordModEditor/BannerlordModEditor.Common/BannerlordModEditor.Common.csproj]
     2>/root/WorkSpace/CSharp/BannerlordModEditor/BannerlordModEditor.Common/Mappers/MPClassDivisionsMapper.cs(259,36): warning CS8603: 可能返回 null 引用。 [/root/WorkSpace/CSharp/BannerlordModEditor/BannerlordModEditor.Common/BannerlordModEditor.Common.csproj]
     2>/root/WorkSpace/CSharp/BannerlordModEditor/BannerlordModEditor.Common/Mappers/MPClassDivisionsMapper.cs(270,36): warning CS8603: 可能返回 null 引用。 [/root/WorkSpace/CSharp/BannerlordModEditor/BannerlordModEditor.Common/BannerlordModEditor.Common.csproj]
     2>/root/WorkSpace/CSharp/BannerlordModEditor/BannerlordModEditor.Common/Models/DO/MpCraftingPiecesDO.cs(215,23): warning CS8618: 在退出构造函数时，不可为 null 的 属性 "Id" 必须包含非 null 值。请考虑添加 "required" 修饰符或将该 属性 声明为可为 null。 [/root/WorkSpace/CSharp/BannerlordModEditor/BannerlordModEditor.Common/BannerlordModEditor.Common.csproj]
     2>/root/WorkSpace/CSharp/BannerlordModEditor/BannerlordModEditor.Common/Models/DO/MpCraftingPiecesDO.cs(218,23): warning CS8618: 在退出构造函数时，不可为 null 的 属性 "Count" 必须包含非 null 值。请考虑添加 "required" 修饰符或将该 属性 声明为可为 null。 [/root/WorkSpace/CSharp/BannerlordModEditor/BannerlordModEditor.Common/BannerlordModEditor.Common.csproj]
     2>/root/WorkSpace/CSharp/BannerlordModEditor/BannerlordModEditor.Common/Models/DO/MpCraftingPiecesDO.cs(195,23): warning CS8618: 在退出构造函数时，不可为 null 的 属性 "Name" 必须包含非 null 值。请考虑添加 "required" 修饰符或将该 属性 声明为可为 null。 [/root/WorkSpace/CSharp/BannerlordModEditor/BannerlordModEditor.Common/BannerlordModEditor.Common.csproj]
     2>/root/WorkSpace/CSharp/BannerlordModEditor/BannerlordModEditor.Common/Models/DO/MpCraftingPiecesDO.cs(198,23): warning CS8618: 在退出构造函数时，不可为 null 的 属性 "Type" 必须包含非 null 值。请考虑添加 "required" 修饰符或将该 属性 声明为可为 null。 [/root/WorkSpace/CSharp/BannerlordModEditor/BannerlordModEditor.Common/BannerlordModEditor.Common.csproj]
     2>/root/WorkSpace/CSharp/BannerlordModEditor/BannerlordModEditor.Common/Models/Data/TauntUsageSets.cs(17,23): warning CS8618: 在退出构造函数时，不可为 null 的 属性 "Id" 必须包含非 null 值。请考虑添加 "required" 修饰符或将该 属性 声明为可为 null。 [/root/WorkSpace/CSharp/BannerlordModEditor/BannerlordModEditor.Common/BannerlordModEditor.Common.csproj]
     2>/root/WorkSpace/CSharp/BannerlordModEditor/BannerlordModEditor.Common/Models/DO/MpCraftingPiecesDO.cs(175,23): warning CS8618: 在退出构造函数时，不可为 null 的 属性 "DamageType" 必须包含非 null 值。请考虑添加 "required" 修饰符或将该 属性 声明为可为 null。 [/root/WorkSpace/CSharp/BannerlordModEditor/BannerlordModEditor.Common/BannerlordModEditor.Common.csproj]
     2>/root/WorkSpace/CSharp/BannerlordModEditor/BannerlordModEditor.Common/Models/DO/MpCraftingPiecesDO.cs(178,23): warning CS8618: 在退出构造函数时，不可为 null 的 属性 "DamageFactor" 必须包含非 null 值。请考虑添加 "required" 修饰符或将该 属性 声明为可为 null。 [/root/WorkSpace/CSharp/BannerlordModEditor/BannerlordModEditor.Common/BannerlordModEditor.Common.csproj]
     2>/root/WorkSpace/CSharp/BannerlordModEditor/BannerlordModEditor.Common/Models/DO/MpCraftingPiecesDO.cs(163,23): warning CS8618: 在退出构造函数时，不可为 null 的 属性 "DamageType" 必须包含非 null 值。请考虑添加 "required" 修饰符或将该 属性 声明为可为 null。 [/root/WorkSpace/CSharp/BannerlordModEditor/BannerlordModEditor.Common/BannerlordModEditor.Common.csproj]
     2>/root/WorkSpace/CSharp/BannerlordModEditor/BannerlordModEditor.Common/Models/DO/MpCraftingPiecesDO.cs(166,23): warning CS8618: 在退出构造函数时，不可为 null 的 属性 "DamageFactor" 必须包含非 null 值。请考虑添加 "required" 修饰符或将该 属性 声明为可为 null。 [/root/WorkSpace/CSharp/BannerlordModEditor/BannerlordModEditor.Common/BannerlordModEditor.Common.csproj]
     2>/root/WorkSpace/CSharp/BannerlordModEditor/BannerlordModEditor.Common/Models/DO/MpCraftingPiecesDO.cs(103,23): warning CS8618: 在退出构造函数时，不可为 null 的 属性 "PieceOffset" 必须包含非 null 值。请考虑添加 "required" 修饰符或将该 属性 声明为可为 null。 [/root/WorkSpace/CSharp/BannerlordModEditor/BannerlordModEditor.Common/BannerlordModEditor.Common.csproj]
     2>/root/WorkSpace/CSharp/BannerlordModEditor/BannerlordModEditor.Common/Models/DO/MpCraftingPiecesDO.cs(106,23): warning CS8618: 在退出构造函数时，不可为 null 的 属性 "PreviousPieceOffset" 必须包含非 null 值。请考虑添加 "required" 修饰符或将该 属性 声明为可为 null。 [/root/WorkSpace/CSharp/BannerlordModEditor/BannerlordModEditor.Common/BannerlordModEditor.Common.csproj]
     2>/root/WorkSpace/CSharp/BannerlordModEditor/BannerlordModEditor.Common/Models/DO/MpCraftingPiecesDO.cs(109,23): warning CS8618: 在退出构造函数时，不可为 null 的 属性 "NextPieceOffset" 必须包含非 null 值。请考虑添加 "required" 修饰符或将该 属性 声明为可为 null。 [/root/WorkSpace/CSharp/BannerlordModEditor/BannerlordModEditor.Common/BannerlordModEditor.Common.csproj]
     2>/root/WorkSpace/CSharp/BannerlordModEditor/BannerlordModEditor.Common/Models/DO/LooknfeelDO.cs(282,34): warning CS8618: 在退出构造函数时，不可为 null 的 属性 "SubWidgetList" 必须包含非 null 值。请考虑添加 "required" 修饰符或将该 属性 声明为可为 null。 [/root/WorkSpace/CSharp/BannerlordModEditor/BannerlordModEditor.Common/BannerlordModEditor.Common.csproj]
     2>/root/WorkSpace/CSharp/BannerlordModEditor/BannerlordModEditor.Common/Models/DO/LooknfeelDO.cs(29,31): warning CS8618: 在退出构造函数时，不可为 null 的 属性 "WidgetList" 必须包含非 null 值。请考虑添加 "required" 修饰符或将该 属性 声明为可为 null。 [/root/WorkSpace/CSharp/BannerlordModEditor/BannerlordModEditor.Common/BannerlordModEditor.Common.csproj]
     2>/root/WorkSpace/CSharp/BannerlordModEditor/BannerlordModEditor.Common/Models/DO/LooknfeelDO.cs(262,23): warning CS8618: 在退出构造函数时，不可为 null 的 属性 "Name" 必须包含非 null 值。请考虑添加 "required" 修饰符或将该 属性 声明为可为 null。 [/root/WorkSpace/CSharp/BannerlordModEditor/BannerlordModEditor.Common/BannerlordModEditor.Common.csproj]
     2>/root/WorkSpace/CSharp/BannerlordModEditor/BannerlordModEditor.Common/Models/DO/LooknfeelDO.cs(265,23): warning CS8618: 在退出构造函数时，不可为 null 的 属性 "Tiling" 必须包含非 null 值。请考虑添加 "required" 修饰符或将该 属性 声明为可为 null。 [/root/WorkSpace/CSharp/BannerlordModEditor/BannerlordModEditor.Common/BannerlordModEditor.Common.csproj]
     2>/root/WorkSpace/CSharp/BannerlordModEditor/BannerlordModEditor.Common/Models/DO/LooknfeelDO.cs(268,23): warning CS8618: 在退出构造函数时，不可为 null 的 属性 "MainMesh" 必须包含非 null 值。请考虑添加 "required" 修饰符或将该 属性 声明为可为 null。 [/root/WorkSpace/CSharp/BannerlordModEditor/BannerlordModEditor.Common/BannerlordModEditor.Common.csproj]
     2>/root/WorkSpace/CSharp/BannerlordModEditor/BannerlordModEditor.Common/Models/DO/LooknfeelDO.cs(271,23): warning CS8618: 在退出构造函数时，不可为 null 的 属性 "Position" 必须包含非 null 值。请考虑添加 "required" 修饰符或将该 属性 声明为可为 null。 [/root/WorkSpace/CSharp/BannerlordModEditor/BannerlordModEditor.Common/BannerlordModEditor.Common.csproj]
     2>/root/WorkSpace/CSharp/BannerlordModEditor/BannerlordModEditor.Common/Models/DO/LooknfeelDO.cs(10,23): warning CS8618: 在退出构造函数时，不可为 null 的 属性 "Type" 必须包含非 null 值。请考虑添加 "required" 修饰符或将该 属性 声明为可为 null。 [/root/WorkSpace/CSharp/BannerlordModEditor/BannerlordModEditor.Common/BannerlordModEditor.Common.csproj]
     2>/root/WorkSpace/CSharp/BannerlordModEditor/BannerlordModEditor.Common/Models/DO/LooknfeelDO.cs(13,23): warning CS8618: 在退出构造函数时，不可为 null 的 属性 "VirtualResolution" 必须包含非 null 值。请考虑添加 "required" 修饰符或将该 属性 声明为可为 null。 [/root/WorkSpace/CSharp/BannerlordModEditor/BannerlordModEditor.Common/BannerlordModEditor.Common.csproj]
     2>/root/WorkSpace/CSharp/BannerlordModEditor/BannerlordModEditor.Common/Models/DO/LooknfeelDO.cs(16,35): warning CS8618: 在退出构造函数时，不可为 null 的 属性 "Widgets" 必须包含非 null 值。请考虑添加 "required" 修饰符或将该 属性 声明为可为 null。 [/root/WorkSpace/CSharp/BannerlordModEditor/BannerlordModEditor.Common/BannerlordModEditor.Common.csproj]
     2>/root/WorkSpace/CSharp/BannerlordModEditor/BannerlordModEditor.Common/Models/DO/MpCraftingPiecesDO.cs(119,23): warning CS8618: 在退出构造函数时，不可为 null 的 属性 "StackAmount" 必须包含非 null 值。请考虑添加 "required" 修饰符或将该 属性 声明为可为 null。 [/root/WorkSpace/CSharp/BannerlordModEditor/BannerlordModEditor.Common/BannerlordModEditor.Common.csproj]
     2>/root/WorkSpace/CSharp/BannerlordModEditor/BannerlordModEditor.Common/Models/DO/MpCraftingPiecesDO.cs(122,23): warning CS8618: 在退出构造函数时，不可为 null 的 属性 "BladeLength" 必须包含非 null 值。请考虑添加 "required" 修饰符或将该 属性 声明为可为 null。 [/root/WorkSpace/CSharp/BannerlordModEditor/BannerlordModEditor.Common/BannerlordModEditor.Common.csproj]
     2>/root/WorkSpace/CSharp/BannerlordModEditor/BannerlordModEditor.Common/Models/DO/MpCraftingPiecesDO.cs(125,23): warning CS8618: 在退出构造函数时，不可为 null 的 属性 "BladeWidth" 必须包含非 null 值。请考虑添加 "required" 修饰符或将该 属性 声明为可为 null。 [/root/WorkSpace/CSharp/BannerlordModEditor/BannerlordModEditor.Common/BannerlordModEditor.Common.csproj]
     2>/root/WorkSpace/CSharp/BannerlordModEditor/BannerlordModEditor.Common/Models/DO/MpCraftingPiecesDO.cs(128,23): warning CS8618: 在退出构造函数时，不可为 null 的 属性 "PhysicsMaterial" 必须包含非 null 值。请考虑添加 "required" 修饰符或将该 属性 声明为可为 null。 [/root/WorkSpace/CSharp/BannerlordModEditor/BannerlordModEditor.Common/BannerlordModEditor.Common.csproj]
     2>/root/WorkSpace/CSharp/BannerlordModEditor/BannerlordModEditor.Common/Models/DO/MpCraftingPiecesDO.cs(131,23): warning CS8618: 在退出构造函数时，不可为 null 的 属性 "BodyName" 必须包含非 null 值。请考虑添加 "required" 修饰符或将该 属性 声明为可为 null。 [/root/WorkSpace/CSharp/BannerlordModEditor/BannerlordModEditor.Common/BannerlordModEditor.Common.csproj]
     2>/root/WorkSpace/CSharp/BannerlordModEditor/BannerlordModEditor.Common/Models/DO/MpCraftingPiecesDO.cs(134,23): warning CS8618: 在退出构造函数时，不可为 null 的 属性 "HolsterMesh" 必须包含非 null 值。请考虑添加 "required" 修饰符或将该 属性 声明为可为 null。 [/root/WorkSpace/CSharp/BannerlordModEditor/BannerlordModEditor.Common/BannerlordModEditor.Common.csproj]
     2>/root/WorkSpace/CSharp/BannerlordModEditor/BannerlordModEditor.Common/Models/DO/MpCraftingPiecesDO.cs(137,23): warning CS8618: 在退出构造函数时，不可为 null 的 属性 "HolsterMeshLength" 必须包含非 null 值。请考虑添加 "required" 修饰符或将该 属性 声明为可为 null。 [/root/WorkSpace/CSharp/BannerlordModEditor/BannerlordModEditor.Common/BannerlordModEditor.Common.csproj]
     2>/root/WorkSpace/CSharp/BannerlordModEditor/BannerlordModEditor.Common/Models/DO/MpCraftingPiecesDO.cs(140,23): warning CS8618: 在退出构造函数时，不可为 null 的 属性 "HolsterBodyName" 必须包含非 null 值。请考虑添加 "required" 修饰符或将该 属性 声明为可为 null。 [/root/WorkSpace/CSharp/BannerlordModEditor/BannerlordModEditor.Common/BannerlordModEditor.Common.csproj]
     2>/root/WorkSpace/CSharp/BannerlordModEditor/BannerlordModEditor.Common/Models/DO/MpCraftingPiecesDO.cs(143,27): warning CS8618: 在退出构造函数时，不可为 null 的 属性 "Thrust" 必须包含非 null 值。请考虑添加 "required" 修饰符或将该 属性 声明为可为 null。 [/root/WorkSpace/CSharp/BannerlordModEditor/BannerlordModEditor.Common/BannerlordModEditor.Common.csproj]
     2>/root/WorkSpace/CSharp/BannerlordModEditor/BannerlordModEditor.Common/Models/DO/MpCraftingPiecesDO.cs(146,26): warning CS8618: 在退出构造函数时，不可为 null 的 属性 "Swing" 必须包含非 null 值。请考虑添加 "required" 修饰符或将该 属性 声明为可为 null。 [/root/WorkSpace/CSharp/BannerlordModEditor/BannerlordModEditor.Common/BannerlordModEditor.Common.csproj]
     2>/root/WorkSpace/CSharp/BannerlordModEditor/BannerlordModEditor.Common/Models/DO/MpCraftingPiecesDO.cs(19,23): warning CS8618: 在退出构造函数时，不可为 null 的 属性 "Id" 必须包含非 null 值。请考虑添加 "required" 修饰符或将该 属性 声明为可为 null。 [/root/WorkSpace/CSharp/BannerlordModEditor/BannerlordModEditor.Common/BannerlordModEditor.Common.csproj]
     2>/root/WorkSpace/CSharp/BannerlordModEditor/BannerlordModEditor.Common/Models/DO/MpCraftingPiecesDO.cs(22,23): warning CS8618: 在退出构造函数时，不可为 null 的 属性 "Name" 必须包含非 null 值。请考虑添加 "required" 修饰符或将该 属性 声明为可为 null。 [/root/WorkSpace/CSharp/BannerlordModEditor/BannerlordModEditor.Common/BannerlordModEditor.Common.csproj]
     2>/root/WorkSpace/CSharp/BannerlordModEditor/BannerlordModEditor.Common/Models/DO/MpCraftingPiecesDO.cs(25,23): warning CS8618: 在退出构造函数时，不可为 null 的 属性 "Tier" 必须包含非 null 值。请考虑添加 "required" 修饰符或将该 属性 声明为可为 null。 [/root/WorkSpace/CSharp/BannerlordModEditor/BannerlordModEditor.Common/BannerlordModEditor.Common.csproj]
     2>/root/WorkSpace/CSharp/BannerlordModEditor/BannerlordModEditor.Common/Models/DO/MpCraftingPiecesDO.cs(28,23): warning CS8618: 在退出构造函数时，不可为 null 的 属性 "PieceType" 必须包含非 null 值。请考虑添加 "required" 修饰符或将该 属性 声明为可为 null。 [/root/WorkSpace/CSharp/BannerlordModEditor/BannerlordModEditor.Common/BannerlordModEditor.Common.csproj]
     2>/root/WorkSpace/CSharp/BannerlordModEditor/BannerlordModEditor.Common/Models/DO/MpCraftingPiecesDO.cs(31,23): warning CS8618: 在退出构造函数时，不可为 null 的 属性 "Mesh" 必须包含非 null 值。请考虑添加 "required" 修饰符或将该 属性 声明为可为 null。 [/root/WorkSpace/CSharp/BannerlordModEditor/BannerlordModEditor.Common/BannerlordModEditor.Common.csproj]
     2>/root/WorkSpace/CSharp/BannerlordModEditor/BannerlordModEditor.Common/Models/DO/MpCraftingPiecesDO.cs(34,23): warning CS8618: 在退出构造函数时，不可为 null 的 属性 "DistanceToNextPiece" 必须包含非 null 值。请考虑添加 "required" 修饰符或将该 属性 声明为可为 null。 [/root/WorkSpace/CSharp/BannerlordModEditor/BannerlordModEditor.Common/BannerlordModEditor.Common.csproj]
     2>/root/WorkSpace/CSharp/BannerlordModEditor/BannerlordModEditor.Common/Models/DO/MpCraftingPiecesDO.cs(37,23): warning CS8618: 在退出构造函数时，不可为 null 的 属性 "DistanceToPreviousPiece" 必须包含非 null 值。请考虑添加 "required" 修饰符或将该 属性 声明为可为 null。 [/root/WorkSpace/CSharp/BannerlordModEditor/BannerlordModEditor.Common/BannerlordModEditor.Common.csproj]
     2>/root/WorkSpace/CSharp/BannerlordModEditor/BannerlordModEditor.Common/Models/DO/MpCraftingPiecesDO.cs(40,23): warning CS8618: 在退出构造函数时，不可为 null 的 属性 "Weight" 必须包含非 null 值。请考虑添加 "required" 修饰符或将该 属性 声明为可为 null。 [/root/WorkSpace/CSharp/BannerlordModEditor/BannerlordModEditor.Common/BannerlordModEditor.Common.csproj]
     2>/root/WorkSpace/CSharp/BannerlordModEditor/BannerlordModEditor.Common/Models/DO/MpCraftingPiecesDO.cs(43,23): warning CS8618: 在退出构造函数时，不可为 null 的 属性 "ExcludedItemUsageFeatures" 必须包含非 null 值。请考虑添加 "required" 修饰符或将该 属性 声明为可为 null。 [/root/WorkSpace/CSharp/BannerlordModEditor/BannerlordModEditor.Common/BannerlordModEditor.Common.csproj]
     2>/root/WorkSpace/CSharp/BannerlordModEditor/BannerlordModEditor.Common/Models/DO/MpCraftingPiecesDO.cs(46,23): warning CS8618: 在退出构造函数时，不可为 null 的 属性 "Length" 必须包含非 null 值。请考虑添加 "required" 修饰符或将该 属性 声明为可为 null。 [/root/WorkSpace/CSharp/BannerlordModEditor/BannerlordModEditor.Common/BannerlordModEditor.Common.csproj]
     2>/root/WorkSpace/CSharp/BannerlordModEditor/BannerlordModEditor.Common/Models/DO/MpCraftingPiecesDO.cs(49,23): warning CS8618: 在退出构造函数时，不可为 null 的 属性 "FullScale" 必须包含非 null 值。请考虑添加 "required" 修饰符或将该 属性 声明为可为 null。 [/root/WorkSpace/CSharp/BannerlordModEditor/BannerlordModEditor.Common/BannerlordModEditor.Common.csproj]
     2>/root/WorkSpace/CSharp/BannerlordModEditor/BannerlordModEditor.Common/Models/DO/MpCraftingPiecesDO.cs(52,23): warning CS8618: 在退出构造函数时，不可为 null 的 属性 "Culture" 必须包含非 null 值。请考虑添加 "required" 修饰符或将该 属性 声明为可为 null。 [/root/WorkSpace/CSharp/BannerlordModEditor/BannerlordModEditor.Common/BannerlordModEditor.Common.csproj]
     2>/root/WorkSpace/CSharp/BannerlordModEditor/BannerlordModEditor.Common/Models/DO/MpCraftingPiecesDO.cs(55,23): warning CS8618: 在退出构造函数时，不可为 null 的 属性 "Scale" 必须包含非 null 值。请考虑添加 "required" 修饰符或将该 属性 声明为可为 null。 [/root/WorkSpace/CSharp/BannerlordModEditor/BannerlordModEditor.Common/BannerlordModEditor.Common.csproj]
     2>/root/WorkSpace/CSharp/BannerlordModEditor/BannerlordModEditor.Common/Models/DO/MpCraftingPiecesDO.cs(58,23): warning CS8618: 在退出构造函数时，不可为 null 的 属性 "IsCraftable" 必须包含非 null 值。请考虑添加 "required" 修饰符或将该 属性 声明为可为 null。 [/root/WorkSpace/CSharp/BannerlordModEditor/BannerlordModEditor.Common/BannerlordModEditor.Common.csproj]
     2>/root/WorkSpace/CSharp/BannerlordModEditor/BannerlordModEditor.Common/Models/DO/MpCraftingPiecesDO.cs(61,23): warning CS8618: 在退出构造函数时，不可为 null 的 属性 "ItemHolsterPosShift" 必须包含非 null 值。请考虑添加 "required" 修饰符或将该 属性 声明为可为 null。 [/root/WorkSpace/CSharp/BannerlordModEditor/BannerlordModEditor.Common/BannerlordModEditor.Common.csproj]
     2>/root/WorkSpace/CSharp/BannerlordModEditor/BannerlordModEditor.Common/Models/DO/MpCraftingPiecesDO.cs(64,23): warning CS8618: 在退出构造函数时，不可为 null 的 属性 "CraftingCost" 必须包含非 null 值。请考虑添加 "required" 修饰符或将该 属性 声明为可为 null。 [/root/WorkSpace/CSharp/BannerlordModEditor/BannerlordModEditor.Common/BannerlordModEditor.Common.csproj]
     2>/root/WorkSpace/CSharp/BannerlordModEditor/BannerlordModEditor.Common/Models/DO/MpCraftingPiecesDO.cs(67,30): warning CS8618: 在退出构造函数时，不可为 null 的 属性 "BuildData" 必须包含非 null 值。请考虑添加 "required" 修饰符或将该 属性 声明为可为 null。 [/root/WorkSpace/CSharp/BannerlordModEditor/BannerlordModEditor.Common/BannerlordModEditor.Common.csproj]
     2>/root/WorkSpace/CSharp/BannerlordModEditor/BannerlordModEditor.Common/Models/DO/MpCraftingPiecesDO.cs(70,30): warning CS8618: 在退出构造函数时，不可为 null 的 属性 "BladeData" 必须包含非 null 值。请考虑添加 "required" 修饰符或将该 属性 声明为可为 null。 [/root/WorkSpace/CSharp/BannerlordModEditor/BannerlordModEditor.Common/BannerlordModEditor.Common.csproj]
     2>/root/WorkSpace/CSharp/BannerlordModEditor/BannerlordModEditor.Common/Models/DO/MpCraftingPiecesDO.cs(73,34): warning CS8618: 在退出构造函数时，不可为 null 的 属性 "Flags" 必须包含非 null 值。请考虑添加 "required" 修饰符或将该 属性 声明为可为 null。 [/root/WorkSpace/CSharp/BannerlordModEditor/BannerlordModEditor.Common/BannerlordModEditor.Common.csproj]
     2>/root/WorkSpace/CSharp/BannerlordModEditor/BannerlordModEditor.Common/Models/DO/MpCraftingPiecesDO.cs(76,38): warning CS8618: 在退出构造函数时，不可为 null 的 属性 "Materials" 必须包含非 null 值。请考虑添加 "required" 修饰符或将该 属性 声明为可为 null。 [/root/WorkSpace/CSharp/BannerlordModEditor/BannerlordModEditor.Common/BannerlordModEditor.Common.csproj]
     2>/root/WorkSpace/CSharp/BannerlordModEditor/BannerlordModEditor.Common/Models/DO/LooknfeelDO.cs(215,38): warning CS8618: 在退出构造函数时，不可为 null 的 属性 "BackgroundMeshes" 必须包含非 null 值。请考虑添加 "required" 修饰符或将该 属性 声明为可为 null。 [/root/WorkSpace/CSharp/BannerlordModEditor/BannerlordModEditor.Common/BannerlordModEditor.Common.csproj]
     2>/root/WorkSpace/CSharp/BannerlordModEditor/BannerlordModEditor.Common/Models/DO/LooknfeelDO.cs(218,38): warning CS8618: 在退出构造函数时，不可为 null 的 属性 "ButtonMeshes" 必须包含非 null 值。请考虑添加 "required" 修饰符或将该 属性 声明为可为 null。 [/root/WorkSpace/CSharp/BannerlordModEditor/BannerlordModEditor.Common/BannerlordModEditor.Common.csproj]
     2>/root/WorkSpace/CSharp/BannerlordModEditor/BannerlordModEditor.Common/Models/DO/LooknfeelDO.cs(221,38): warning CS8618: 在退出构造函数时，不可为 null 的 属性 "ButtonPressedMeshes" 必须包含非 null 值。请考虑添加 "required" 修饰符或将该 属性 声明为可为 null。 [/root/WorkSpace/CSharp/BannerlordModEditor/BannerlordModEditor.Common/BannerlordModEditor.Common.csproj]
     2>/root/WorkSpace/CSharp/BannerlordModEditor/BannerlordModEditor.Common/Models/DO/LooknfeelDO.cs(224,38): warning CS8618: 在退出构造函数时，不可为 null 的 属性 "HighlightMeshes" 必须包含非 null 值。请考虑添加 "required" 修饰符或将该 属性 声明为可为 null。 [/root/WorkSpace/CSharp/BannerlordModEditor/BannerlordModEditor.Common/BannerlordModEditor.Common.csproj]
     2>/root/WorkSpace/CSharp/BannerlordModEditor/BannerlordModEditor.Common/Models/DO/LooknfeelDO.cs(227,38): warning CS8618: 在退出构造函数时，不可为 null 的 属性 "CursorMeshes" 必须包含非 null 值。请考虑添加 "required" 修饰符或将该 属性 声明为可为 null。 [/root/WorkSpace/CSharp/BannerlordModEditor/BannerlordModEditor.Common/BannerlordModEditor.Common.csproj]
     2>/root/WorkSpace/CSharp/BannerlordModEditor/BannerlordModEditor.Common/Models/DO/LooknfeelDO.cs(230,38): warning CS8618: 在退出构造函数时，不可为 null 的 属性 "LeftBorderMeshes" 必须包含非 null 值。请考虑添加 "required" 修饰符或将该 属性 声明为可为 null。 [/root/WorkSpace/CSharp/BannerlordModEditor/BannerlordModEditor.Common/BannerlordModEditor.Common.csproj]
     2>/root/WorkSpace/CSharp/BannerlordModEditor/BannerlordModEditor.Common/Models/DO/LooknfeelDO.cs(233,38): warning CS8618: 在退出构造函数时，不可为 null 的 属性 "RightBorderMeshes" 必须包含非 null 值。请考虑添加 "required" 修饰符或将该 属性 声明为可为 null。 [/root/WorkSpace/CSharp/BannerlordModEditor/BannerlordModEditor.Common/BannerlordModEditor.Common.csproj]
     2>/root/WorkSpace/CSharp/BannerlordModEditor/BannerlordModEditor.Common/Models/DO/LooknfeelDO.cs(293,23): warning CS8618: 在退出构造函数时，不可为 null 的 属性 "Ref" 必须包含非 null 值。请考虑添加 "required" 修饰符或将该 属性 声明为可为 null。 [/root/WorkSpace/CSharp/BannerlordModEditor/BannerlordModEditor.Common/BannerlordModEditor.Common.csproj]
     2>/root/WorkSpace/CSharp/BannerlordModEditor/BannerlordModEditor.Common/Models/DO/LooknfeelDO.cs(296,23): warning CS8618: 在退出构造函数时，不可为 null 的 属性 "Name" 必须包含非 null 值。请考虑添加 "required" 修饰符或将该 属性 声明为可为 null。 [/root/WorkSpace/CSharp/BannerlordModEditor/BannerlordModEditor.Common/BannerlordModEditor.Common.csproj]
     2>/root/WorkSpace/CSharp/BannerlordModEditor/BannerlordModEditor.Common/Models/DO/LooknfeelDO.cs(299,23): warning CS8618: 在退出构造函数时，不可为 null 的 属性 "Size" 必须包含非 null 值。请考虑添加 "required" 修饰符或将该 属性 声明为可为 null。 [/root/WorkSpace/CSharp/BannerlordModEditor/BannerlordModEditor.Common/BannerlordModEditor.Common.csproj]
     2>/root/WorkSpace/CSharp/BannerlordModEditor/BannerlordModEditor.Common/Models/DO/LooknfeelDO.cs(302,23): warning CS8618: 在退出构造函数时，不可为 null 的 属性 "Position" 必须包含非 null 值。请考虑添加 "required" 修饰符或将该 属性 声明为可为 null。 [/root/WorkSpace/CSharp/BannerlordModEditor/BannerlordModEditor.Common/BannerlordModEditor.Common.csproj]
     2>/root/WorkSpace/CSharp/BannerlordModEditor/BannerlordModEditor.Common/Models/DO/LooknfeelDO.cs(305,23): warning CS8618: 在退出构造函数时，不可为 null 的 属性 "Style" 必须包含非 null 值。请考虑添加 "required" 修饰符或将该 属性 声明为可为 null。 [/root/WorkSpace/CSharp/BannerlordModEditor/BannerlordModEditor.Common/BannerlordModEditor.Common.csproj]
     2>/root/WorkSpace/CSharp/BannerlordModEditor/BannerlordModEditor.Common/Models/DO/LooknfeelDO.cs(308,23): warning CS8618: 在退出构造函数时，不可为 null 的 属性 "VerticalAlignment" 必须包含非 null 值。请考虑添加 "required" 修饰符或将该 属性 声明为可为 null。 [/root/WorkSpace/CSharp/BannerlordModEditor/BannerlordModEditor.Common/BannerlordModEditor.Common.csproj]
     2>/root/WorkSpace/CSharp/BannerlordModEditor/BannerlordModEditor.Common/Models/DO/LooknfeelDO.cs(311,23): warning CS8618: 在退出构造函数时，不可为 null 的 属性 "HorizontalAlignment" 必须包含非 null 值。请考虑添加 "required" 修饰符或将该 属性 声明为可为 null。 [/root/WorkSpace/CSharp/BannerlordModEditor/BannerlordModEditor.Common/BannerlordModEditor.Common.csproj]
     2>/root/WorkSpace/CSharp/BannerlordModEditor/BannerlordModEditor.Common/Models/DO/LooknfeelDO.cs(321,23): warning CS8618: 在退出构造函数时，不可为 null 的 属性 "ScrollSpeed" 必须包含非 null 值。请考虑添加 "required" 修饰符或将该 属性 声明为可为 null。 [/root/WorkSpace/CSharp/BannerlordModEditor/BannerlordModEditor.Common/BannerlordModEditor.Common.csproj]
     2>/root/WorkSpace/CSharp/BannerlordModEditor/BannerlordModEditor.Common/Models/DO/LooknfeelDO.cs(324,23): warning CS8618: 在退出构造函数时，不可为 null 的 属性 "CellSize" 必须包含非 null 值。请考虑添加 "required" 修饰符或将该 属性 声明为可为 null。 [/root/WorkSpace/CSharp/BannerlordModEditor/BannerlordModEditor.Common/BannerlordModEditor.Common.csproj]
     2>/root/WorkSpace/CSharp/BannerlordModEditor/BannerlordModEditor.Common/Models/DO/LooknfeelDO.cs(327,23): warning CS8618: 在退出构造函数时，不可为 null 的 属性 "LayoutStyle" 必须包含非 null 值。请考虑添加 "required" 修饰符或将该 属性 声明为可为 null。 [/root/WorkSpace/CSharp/BannerlordModEditor/BannerlordModEditor.Common/BannerlordModEditor.Common.csproj]
     2>/root/WorkSpace/CSharp/BannerlordModEditor/BannerlordModEditor.Common/Models/DO/LooknfeelDO.cs(330,23): warning CS8618: 在退出构造函数时，不可为 null 的 属性 "LayoutAlignment" 必须包含非 null 值。请考虑添加 "required" 修饰符或将该 属性 声明为可为 null。 [/root/WorkSpace/CSharp/BannerlordModEditor/BannerlordModEditor.Common/BannerlordModEditor.Common.csproj]
     2>/root/WorkSpace/CSharp/BannerlordModEditor/BannerlordModEditor.Common/Models/DO/LooknfeelDO.cs(333,23): warning CS8618: 在退出构造函数时，不可为 null 的 属性 "Text" 必须包含非 null 值。请考虑添加 "required" 修饰符或将该 属性 声明为可为 null。 [/root/WorkSpace/CSharp/BannerlordModEditor/BannerlordModEditor.Common/BannerlordModEditor.Common.csproj]
     2>/root/WorkSpace/CSharp/BannerlordModEditor/BannerlordModEditor.Common/Models/DO/LooknfeelDO.cs(336,23): warning CS8618: 在退出构造函数时，不可为 null 的 属性 "TextColor" 必须包含非 null 值。请考虑添加 "required" 修饰符或将该 属性 声明为可为 null。 [/root/WorkSpace/CSharp/BannerlordModEditor/BannerlordModEditor.Common/BannerlordModEditor.Common.csproj]
     2>/root/WorkSpace/CSharp/BannerlordModEditor/BannerlordModEditor.Common/Models/DO/LooknfeelDO.cs(339,23): warning CS8618: 在退出构造函数时，不可为 null 的 属性 "TextHighlightColor" 必须包含非 null 值。请考虑添加 "required" 修饰符或将该 属性 声明为可为 null。 [/root/WorkSpace/CSharp/BannerlordModEditor/BannerlordModEditor.Common/BannerlordModEditor.Common.csproj]
     2>/root/WorkSpace/CSharp/BannerlordModEditor/BannerlordModEditor.Common/Models/DO/LooknfeelDO.cs(342,23): warning CS8618: 在退出构造函数时，不可为 null 的 属性 "FontSize" 必须包含非 null 值。请考虑添加 "required" 修饰符或将该 属性 声明为可为 null。 [/root/WorkSpace/CSharp/BannerlordModEditor/BannerlordModEditor.Common/BannerlordModEditor.Common.csproj]
     2>/root/WorkSpace/CSharp/BannerlordModEditor/BannerlordModEditor.Common/Models/DO/LooknfeelDO.cs(346,43): warning CS8618: 在退出构造函数时，不可为 null 的 属性 "Meshes" 必须包含非 null 值。请考虑添加 "required" 修饰符或将该 属性 声明为可为 null。 [/root/WorkSpace/CSharp/BannerlordModEditor/BannerlordModEditor.Common/BannerlordModEditor.Common.csproj]
     2>/root/WorkSpace/CSharp/BannerlordModEditor/BannerlordModEditor.Common/Models/DO/LooknfeelDO.cs(349,44): warning CS8618: 在退出构造函数时，不可为 null 的 属性 "SubWidgetsList" 必须包含非 null 值。请考虑添加 "required" 修饰符或将该 属性 声明为可为 null。 [/root/WorkSpace/CSharp/BannerlordModEditor/BannerlordModEditor.Common/BannerlordModEditor.Common.csproj]
     2>/root/WorkSpace/CSharp/BannerlordModEditor/BannerlordModEditor.Common/Models/DO/ItemHolstersDO.cs(11,40): warning CS8618: 在退出构造函数时，不可为 null 的 属性 "ItemHolstersContainer" 必须包含非 null 值。请考虑添加 "required" 修饰符或将该 属性 声明为可为 null。 [/root/WorkSpace/CSharp/BannerlordModEditor/BannerlordModEditor.Common/BannerlordModEditor.Common.csproj]
     2>/root/WorkSpace/CSharp/BannerlordModEditor/BannerlordModEditor.Common/Mappers/MpItemsMapper.cs(434,40): warning CS8603: 可能返回 null 引用。 [/root/WorkSpace/CSharp/BannerlordModEditor/BannerlordModEditor.Common/BannerlordModEditor.Common.csproj]
     2>/root/WorkSpace/CSharp/BannerlordModEditor/BannerlordModEditor.Common/Models/DO/ItemHolstersDO.cs(31,23): warning CS8618: 在退出构造函数时，不可为 null 的 属性 "Id" 必须包含非 null 值。请考虑添加 "required" 修饰符或将该 属性 声明为可为 null。 [/root/WorkSpace/CSharp/BannerlordModEditor/BannerlordModEditor.Common/BannerlordModEditor.Common.csproj]
     2>/root/WorkSpace/CSharp/BannerlordModEditor/BannerlordModEditor.Common/Models/DO/ItemHolstersDO.cs(34,23): warning CS8618: 在退出构造函数时，不可为 null 的 属性 "EquipAction" 必须包含非 null 值。请考虑添加 "required" 修饰符或将该 属性 声明为可为 null。 [/root/WorkSpace/CSharp/BannerlordModEditor/BannerlordModEditor.Common/BannerlordModEditor.Common.csproj]
     2>/root/WorkSpace/CSharp/BannerlordModEditor/BannerlordModEditor.Common/Models/DO/ItemHolstersDO.cs(37,23): warning CS8618: 在退出构造函数时，不可为 null 的 属性 "EquipActionLeftStance" 必须包含非 null 值。请考虑添加 "required" 修饰符或将该 属性 声明为可为 null。 [/root/WorkSpace/CSharp/BannerlordModEditor/BannerlordModEditor.Common/BannerlordModEditor.Common.csproj]
     2>/root/WorkSpace/CSharp/BannerlordModEditor/BannerlordModEditor.Common/Models/DO/ItemHolstersDO.cs(40,23): warning CS8618: 在退出构造函数时，不可为 null 的 属性 "UnequipAction" 必须包含非 null 值。请考虑添加 "required" 修饰符或将该 属性 声明为可为 null。 [/root/WorkSpace/CSharp/BannerlordModEditor/BannerlordModEditor.Common/BannerlordModEditor.Common.csproj]
     2>/root/WorkSpace/CSharp/BannerlordModEditor/BannerlordModEditor.Common/Models/DO/ItemHolstersDO.cs(43,23): warning CS8618: 在退出构造函数时，不可为 null 的 属性 "UnequipActionLeftStance" 必须包含非 null 值。请考虑添加 "required" 修饰符或将该 属性 声明为可为 null。 [/root/WorkSpace/CSharp/BannerlordModEditor/BannerlordModEditor.Common/BannerlordModEditor.Common.csproj]
     2>/root/WorkSpace/CSharp/BannerlordModEditor/BannerlordModEditor.Common/Models/DO/ItemHolstersDO.cs(46,23): warning CS8618: 在退出构造函数时，不可为 null 的 属性 "ShowHolsterWhenDrawn" 必须包含非 null 值。请考虑添加 "required" 修饰符或将该 属性 声明为可为 null。 [/root/WorkSpace/CSharp/BannerlordModEditor/BannerlordModEditor.Common/BannerlordModEditor.Common.csproj]
     2>/root/WorkSpace/CSharp/BannerlordModEditor/BannerlordModEditor.Common/Models/DO/ItemHolstersDO.cs(49,23): warning CS8618: 在退出构造函数时，不可为 null 的 属性 "GroupName" 必须包含非 null 值。请考虑添加 "required" 修饰符或将该 属性 声明为可为 null。 [/root/WorkSpace/CSharp/BannerlordModEditor/BannerlordModEditor.Common/BannerlordModEditor.Common.csproj]
     2>/root/WorkSpace/CSharp/BannerlordModEditor/BannerlordModEditor.Common/Models/DO/ItemHolstersDO.cs(52,23): warning CS8618: 在退出构造函数时，不可为 null 的 属性 "HolsterSkeleton" 必须包含非 null 值。请考虑添加 "required" 修饰符或将该 属性 声明为可为 null。 [/root/WorkSpace/CSharp/BannerlordModEditor/BannerlordModEditor.Common/BannerlordModEditor.Common.csproj]
     2>/root/WorkSpace/CSharp/BannerlordModEditor/BannerlordModEditor.Common/Models/DO/ItemHolstersDO.cs(55,23): warning CS8618: 在退出构造函数时，不可为 null 的 属性 "HolsterBone" 必须包含非 null 值。请考虑添加 "required" 修饰符或将该 属性 声明为可为 null。 [/root/WorkSpace/CSharp/BannerlordModEditor/BannerlordModEditor.Common/BannerlordModEditor.Common.csproj]
     2>/root/WorkSpace/CSharp/BannerlordModEditor/BannerlordModEditor.Common/Models/DO/ItemHolstersDO.cs(58,23): warning CS8618: 在退出构造函数时，不可为 null 的 属性 "BaseSet" 必须包含非 null 值。请考虑添加 "required" 修饰符或将该 属性 声明为可为 null。 [/root/WorkSpace/CSharp/BannerlordModEditor/BannerlordModEditor.Common/BannerlordModEditor.Common.csproj]
     2>/root/WorkSpace/CSharp/BannerlordModEditor/BannerlordModEditor.Common/Models/DO/ItemHolstersDO.cs(61,23): warning CS8618: 在退出构造函数时，不可为 null 的 属性 "HolsterPosition" 必须包含非 null 值。请考虑添加 "required" 修饰符或将该 属性 声明为可为 null。 [/root/WorkSpace/CSharp/BannerlordModEditor/BannerlordModEditor.Common/BannerlordModEditor.Common.csproj]
     2>/root/WorkSpace/CSharp/BannerlordModEditor/BannerlordModEditor.Common/Models/DO/ItemHolstersDO.cs(64,23): warning CS8618: 在退出构造函数时，不可为 null 的 属性 "HolsterRotationYawPitchRoll" 必须包含非 null 值。请考虑添加 "required" 修饰符或将该 属性 声明为可为 null。 [/root/WorkSpace/CSharp/BannerlordModEditor/BannerlordModEditor.Common/BannerlordModEditor.Common.csproj]
     2>/root/WorkSpace/CSharp/BannerlordModEditor/BannerlordModEditor.Common/Models/DO/CreditsDO.cs(99,23): warning CS8618: 在退出构造函数时，不可为 null 的 属性 "Text" 必须包含非 null 值。请考虑添加 "required" 修饰符或将该 属性 声明为可为 null。 [/root/WorkSpace/CSharp/BannerlordModEditor/BannerlordModEditor.Common/BannerlordModEditor.Common.csproj]
     2>/root/WorkSpace/CSharp/BannerlordModEditor/BannerlordModEditor.Common/Mappers/MpItemsMapper.cs(451,40): warning CS8603: 可能返回 null 引用。 [/root/WorkSpace/CSharp/BannerlordModEditor/BannerlordModEditor.Common/BannerlordModEditor.Common.csproj]
     2>/root/WorkSpace/CSharp/BannerlordModEditor/BannerlordModEditor.Common/Models/DO/CreditsDO.cs(87,23): warning CS8618: 在退出构造函数时，不可为 null 的 属性 "Name" 必须包含非 null 值。请考虑添加 "required" 修饰符或将该 属性 声明为可为 null。 [/root/WorkSpace/CSharp/BannerlordModEditor/BannerlordModEditor.Common/BannerlordModEditor.Common.csproj]
     2>/root/WorkSpace/CSharp/BannerlordModEditor/BannerlordModEditor.Common/Models/DO/CreditsDO.cs(90,23): warning CS8618: 在退出构造函数时，不可为 null 的 属性 "PlatformSpecific" 必须包含非 null 值。请考虑添加 "required" 修饰符或将该 属性 声明为可为 null。 [/root/WorkSpace/CSharp/BannerlordModEditor/BannerlordModEditor.Common/BannerlordModEditor.Common.csproj]
     2>/root/WorkSpace/CSharp/BannerlordModEditor/BannerlordModEditor.Common/Models/DO/CreditsDO.cs(93,23): warning CS8618: 在退出构造函数时，不可为 null 的 属性 "ConsoleSpecific" 必须包含非 null 值。请考虑添加 "required" 修饰符或将该 属性 声明为可为 null。 [/root/WorkSpace/CSharp/BannerlordModEditor/BannerlordModEditor.Common/BannerlordModEditor.Common.csproj]
     2>/root/WorkSpace/CSharp/BannerlordModEditor/BannerlordModEditor.Common/Models/DO/CreditsDO.cs(71,23): warning CS8618: 在退出构造函数时，不可为 null 的 属性 "Text" 必须包含非 null 值。请考虑添加 "required" 修饰符或将该 属性 声明为可为 null。 [/root/WorkSpace/CSharp/BannerlordModEditor/BannerlordModEditor.Common/BannerlordModEditor.Common.csproj]
     2>/root/WorkSpace/CSharp/BannerlordModEditor/BannerlordModEditor.Common/Models/DO/CreditsDO.cs(56,23): warning CS8618: 在退出构造函数时，不可为 null 的 属性 "Text" 必须包含非 null 值。请考虑添加 "required" 修饰符或将该 属性 声明为可为 null。 [/root/WorkSpace/CSharp/BannerlordModEditor/BannerlordModEditor.Common/BannerlordModEditor.Common.csproj]
     2>/root/WorkSpace/CSharp/BannerlordModEditor/BannerlordModEditor.Common/Mappers/MpItemsMapper.cs(480,40): warning CS8603: 可能返回 null 引用。 [/root/WorkSpace/CSharp/BannerlordModEditor/BannerlordModEditor.Common/BannerlordModEditor.Common.csproj]
     2>/root/WorkSpace/CSharp/BannerlordModEditor/BannerlordModEditor.Common/Mappers/MpItemsMapper.cs(513,36): warning CS8604: “WeaponFlagsDO MpItemsMapper.ToDO(WeaponFlagsDTO source)”中的形参“source”可能传入 null 引用实参。 [/root/WorkSpace/CSharp/BannerlordModEditor/BannerlordModEditor.Common/BannerlordModEditor.Common.csproj]
     2>/root/WorkSpace/CSharp/BannerlordModEditor/BannerlordModEditor.Common/Models/DO/CreditsDO.cs(23,23): warning CS8618: 在退出构造函数时，不可为 null 的 属性 "Text" 必须包含非 null 值。请考虑添加 "required" 修饰符或将该 属性 声明为可为 null。 [/root/WorkSpace/CSharp/BannerlordModEditor/BannerlordModEditor.Common/BannerlordModEditor.Common.csproj]
     2>/root/WorkSpace/CSharp/BannerlordModEditor/BannerlordModEditor.Common/Models/DO/LooknfeelDO.cs(40,23): warning CS8618: 在退出构造函数时，不可为 null 的 属性 "Type" 必须包含非 null 值。请考虑添加 "required" 修饰符或将该 属性 声明为可为 null。 [/root/WorkSpace/CSharp/BannerlordModEditor/BannerlordModEditor.Common/BannerlordModEditor.Common.csproj]
     2>/root/WorkSpace/CSharp/BannerlordModEditor/BannerlordModEditor.Common/Models/DO/LooknfeelDO.cs(43,23): warning CS8618: 在退出构造函数时，不可为 null 的 属性 "Name" 必须包含非 null 值。请考虑添加 "required" 修饰符或将该 属性 声明为可为 null。 [/root/WorkSpace/CSharp/BannerlordModEditor/BannerlordModEditor.Common/BannerlordModEditor.Common.csproj]
     2>/root/WorkSpace/CSharp/BannerlordModEditor/BannerlordModEditor.Common/Models/DO/LooknfeelDO.cs(46,23): warning CS8618: 在退出构造函数时，不可为 null 的 属性 "TilingBorderSize" 必须包含非 null 值。请考虑添加 "required" 修饰符或将该 属性 声明为可为 null。 [/root/WorkSpace/CSharp/BannerlordModEditor/BannerlordModEditor.Common/BannerlordModEditor.Common.csproj]
     2>/root/WorkSpace/CSharp/BannerlordModEditor/BannerlordModEditor.Common/Models/DO/LooknfeelDO.cs(49,23): warning CS8618: 在退出构造函数时，不可为 null 的 属性 "TileBackgroundAccordingToBorder" 必须包含非 null 值。请考虑添加 "required" 修饰符或将该 属性 声明为可为 null。 [/root/WorkSpace/CSharp/BannerlordModEditor/BannerlordModEditor.Common/BannerlordModEditor.Common.csproj]
     2>/root/WorkSpace/CSharp/BannerlordModEditor/BannerlordModEditor.Common/Models/DO/LooknfeelDO.cs(52,23): warning CS8618: 在退出构造函数时，不可为 null 的 属性 "BackgroundTileSize" 必须包含非 null 值。请考虑添加 "required" 修饰符或将该 属性 声明为可为 null。 [/root/WorkSpace/CSharp/BannerlordModEditor/BannerlordModEditor.Common/BannerlordModEditor.Common.csproj]
     2>/root/WorkSpace/CSharp/BannerlordModEditor/BannerlordModEditor.Common/Models/DO/LooknfeelDO.cs(55,23): warning CS8618: 在退出构造函数时，不可为 null 的 属性 "Focusable" 必须包含非 null 值。请考虑添加 "required" 修饰符或将该 属性 声明为可为 null。 [/root/WorkSpace/CSharp/BannerlordModEditor/BannerlordModEditor.Common/BannerlordModEditor.Common.csproj]
     2>/root/WorkSpace/CSharp/BannerlordModEditor/BannerlordModEditor.Common/Models/DO/LooknfeelDO.cs(58,23): warning CS8618: 在退出构造函数时，不可为 null 的 属性 "Style" 必须包含非 null 值。请考虑添加 "required" 修饰符或将该 属性 声明为可为 null。 [/root/WorkSpace/CSharp/BannerlordModEditor/BannerlordModEditor.Common/BannerlordModEditor.Common.csproj]
     2>/root/WorkSpace/CSharp/BannerlordModEditor/BannerlordModEditor.Common/Models/DO/LooknfeelDO.cs(61,23): warning CS8618: 在退出构造函数时，不可为 null 的 属性 "TrackAreaInset" 必须包含非 null 值。请考虑添加 "required" 修饰符或将该 属性 声明为可为 null。 [/root/WorkSpace/CSharp/BannerlordModEditor/BannerlordModEditor.Common/BannerlordModEditor.Common.csproj]
     2>/root/WorkSpace/CSharp/BannerlordModEditor/BannerlordModEditor.Common/Models/DO/LooknfeelDO.cs(64,23): warning CS8618: 在退出构造函数时，不可为 null 的 属性 "Text" 必须包含非 null 值。请考虑添加 "required" 修饰符或将该 属性 声明为可为 null。 [/root/WorkSpace/CSharp/BannerlordModEditor/BannerlordModEditor.Common/BannerlordModEditor.Common.csproj]
     2>/root/WorkSpace/CSharp/BannerlordModEditor/BannerlordModEditor.Common/Models/DO/LooknfeelDO.cs(67,23): warning CS8618: 在退出构造函数时，不可为 null 的 属性 "InitialState" 必须包含非 null 值。请考虑添加 "required" 修饰符或将该 属性 声明为可为 null。 [/root/WorkSpace/CSharp/BannerlordModEditor/BannerlordModEditor.Common/BannerlordModEditor.Common.csproj]
     2>/root/WorkSpace/CSharp/BannerlordModEditor/BannerlordModEditor.Common/Models/DO/LooknfeelDO.cs(70,23): warning CS8618: 在退出构造函数时，不可为 null 的 属性 "NumOfCols" 必须包含非 null 值。请考虑添加 "required" 修饰符或将该 属性 声明为可为 null。 [/root/WorkSpace/CSharp/BannerlordModEditor/BannerlordModEditor.Common/BannerlordModEditor.Common.csproj]
     2>/root/WorkSpace/CSharp/BannerlordModEditor/BannerlordModEditor.Common/Models/DO/LooknfeelDO.cs(73,23): warning CS8618: 在退出构造函数时，不可为 null 的 属性 "NumOfRows" 必须包含非 null 值。请考虑添加 "required" 修饰符或将该 属性 声明为可为 null。 [/root/WorkSpace/CSharp/BannerlordModEditor/BannerlordModEditor.Common/BannerlordModEditor.Common.csproj]
     2>/root/WorkSpace/CSharp/BannerlordModEditor/BannerlordModEditor.Common/Models/DO/LooknfeelDO.cs(76,23): warning CS8618: 在退出构造函数时，不可为 null 的 属性 "MaxNumOfRows" 必须包含非 null 值。请考虑添加 "required" 修饰符或将该 属性 声明为可为 null。 [/root/WorkSpace/CSharp/BannerlordModEditor/BannerlordModEditor.Common/BannerlordModEditor.Common.csproj]
     2>/root/WorkSpace/CSharp/BannerlordModEditor/BannerlordModEditor.Common/Models/DO/LooknfeelDO.cs(79,23): warning CS8618: 在退出构造函数时，不可为 null 的 属性 "BorderSize" 必须包含非 null 值。请考虑添加 "required" 修饰符或将该 属性 声明为可为 null。 [/root/WorkSpace/CSharp/BannerlordModEditor/BannerlordModEditor.Common/BannerlordModEditor.Common.csproj]
     2>/root/WorkSpace/CSharp/BannerlordModEditor/BannerlordModEditor.Common/Models/DO/LooknfeelDO.cs(82,23): warning CS8618: 在退出构造函数时，不可为 null 的 属性 "ShowScrollBars" 必须包含非 null 值。请考虑添加 "required" 修饰符或将该 属性 声明为可为 null。 [/root/WorkSpace/CSharp/BannerlordModEditor/BannerlordModEditor.Common/BannerlordModEditor.Common.csproj]
     2>/root/WorkSpace/CSharp/BannerlordModEditor/BannerlordModEditor.Common/Models/DO/LooknfeelDO.cs(85,23): warning CS8618: 在退出构造函数时，不可为 null 的 属性 "ScrollAreaInset" 必须包含非 null 值。请考虑添加 "required" 修饰符或将该 属性 声明为可为 null。 [/root/WorkSpace/CSharp/BannerlordModEditor/BannerlordModEditor.Common/BannerlordModEditor.Common.csproj]
     2>/root/WorkSpace/CSharp/BannerlordModEditor/BannerlordModEditor.Common/Models/DO/LooknfeelDO.cs(88,23): warning CS8618: 在退出构造函数时，不可为 null 的 属性 "CellSize" 必须包含非 null 值。请考虑添加 "required" 修饰符或将该 属性 声明为可为 null。 [/root/WorkSpace/CSharp/BannerlordModEditor/BannerlordModEditor.Common/BannerlordModEditor.Common.csproj]
     2>/root/WorkSpace/CSharp/BannerlordModEditor/BannerlordModEditor.Common/Models/DO/LooknfeelDO.cs(91,23): warning CS8618: 在退出构造函数时，不可为 null 的 属性 "LayoutStyle" 必须包含非 null 值。请考虑添加 "required" 修饰符或将该 属性 声明为可为 null。 [/root/WorkSpace/CSharp/BannerlordModEditor/BannerlordModEditor.Common/BannerlordModEditor.Common.csproj]
     2>/root/WorkSpace/CSharp/BannerlordModEditor/BannerlordModEditor.Common/Models/DO/LooknfeelDO.cs(94,23): warning CS8618: 在退出构造函数时，不可为 null 的 属性 "LayoutAlignment" 必须包含非 null 值。请考虑添加 "required" 修饰符或将该 属性 声明为可为 null。 [/root/WorkSpace/CSharp/BannerlordModEditor/BannerlordModEditor.Common/BannerlordModEditor.Common.csproj]
     2>/root/WorkSpace/CSharp/BannerlordModEditor/BannerlordModEditor.Common/Models/DO/LooknfeelDO.cs(97,23): warning CS8618: 在退出构造函数时，不可为 null 的 属性 "AutoShowScrollBars" 必须包含非 null 值。请考虑添加 "required" 修饰符或将该 属性 声明为可为 null。 [/root/WorkSpace/CSharp/BannerlordModEditor/BannerlordModEditor.Common/BannerlordModEditor.Common.csproj]
     2>/root/WorkSpace/CSharp/BannerlordModEditor/BannerlordModEditor.Common/Models/DO/LooknfeelDO.cs(100,23): warning CS8618: 在退出构造函数时，不可为 null 的 属性 "IncrementVec" 必须包含非 null 值。请考虑添加 "required" 修饰符或将该 属性 声明为可为 null。 [/root/WorkSpace/CSharp/BannerlordModEditor/BannerlordModEditor.Common/BannerlordModEditor.Common.csproj]
     2>/root/WorkSpace/CSharp/BannerlordModEditor/BannerlordModEditor.Common/Models/DO/LooknfeelDO.cs(103,23): warning CS8618: 在退出构造函数时，不可为 null 的 属性 "InitialValue" 必须包含非 null 值。请考虑添加 "required" 修饰符或将该 属性 声明为可为 null。 [/root/WorkSpace/CSharp/BannerlordModEditor/BannerlordModEditor.Common/BannerlordModEditor.Common.csproj]
     2>/root/WorkSpace/CSharp/BannerlordModEditor/BannerlordModEditor.Common/Models/DO/LooknfeelDO.cs(106,23): warning CS8618: 在退出构造函数时，不可为 null 的 属性 "MaxAllowedDigit" 必须包含非 null 值。请考虑添加 "required" 修饰符或将该 属性 声明为可为 null。 [/root/WorkSpace/CSharp/BannerlordModEditor/BannerlordModEditor.Common/BannerlordModEditor.Common.csproj]
     2>/root/WorkSpace/CSharp/BannerlordModEditor/BannerlordModEditor.Common/Models/DO/LooknfeelDO.cs(109,23): warning CS8618: 在退出构造函数时，不可为 null 的 属性 "MinAllowedValue" 必须包含非 null 值。请考虑添加 "required" 修饰符或将该 属性 声明为可为 null。 [/root/WorkSpace/CSharp/BannerlordModEditor/BannerlordModEditor.Common/BannerlordModEditor.Common.csproj]
     2>/root/WorkSpace/CSharp/BannerlordModEditor/BannerlordModEditor.Common/Models/DO/LooknfeelDO.cs(112,23): warning CS8618: 在退出构造函数时，不可为 null 的 属性 "MaxAllowedValue" 必须包含非 null 值。请考虑添加 "required" 修饰符或将该 属性 声明为可为 null。 [/root/WorkSpace/CSharp/BannerlordModEditor/BannerlordModEditor.Common/BannerlordModEditor.Common.csproj]
     2>/root/WorkSpace/CSharp/BannerlordModEditor/BannerlordModEditor.Common/Models/DO/LooknfeelDO.cs(115,23): warning CS8618: 在退出构造函数时，不可为 null 的 属性 "StepValue" 必须包含非 null 值。请考虑添加 "required" 修饰符或将该 属性 声明为可为 null。 [/root/WorkSpace/CSharp/BannerlordModEditor/BannerlordModEditor.Common/BannerlordModEditor.Common.csproj]
     2>/root/WorkSpace/CSharp/BannerlordModEditor/BannerlordModEditor.Common/Models/DO/LooknfeelDO.cs(118,23): warning CS8618: 在退出构造函数时，不可为 null 的 属性 "MinValue" 必须包含非 null 值。请考虑添加 "required" 修饰符或将该 属性 声明为可为 null。 [/root/WorkSpace/CSharp/BannerlordModEditor/BannerlordModEditor.Common/BannerlordModEditor.Common.csproj]
     2>/root/WorkSpace/CSharp/BannerlordModEditor/BannerlordModEditor.Common/Models/DO/LooknfeelDO.cs(121,23): warning CS8618: 在退出构造函数时，不可为 null 的 属性 "MaxValue" 必须包含非 null 值。请考虑添加 "required" 修饰符或将该 属性 声明为可为 null。 [/root/WorkSpace/CSharp/BannerlordModEditor/BannerlordModEditor.Common/BannerlordModEditor.Common.csproj]
     2>/root/WorkSpace/CSharp/BannerlordModEditor/BannerlordModEditor.Common/Models/DO/LooknfeelDO.cs(124,23): warning CS8618: 在退出构造函数时，不可为 null 的 属性 "VerticalAlignment" 必须包含非 null 值。请考虑添加 "required" 修饰符或将该 属性 声明为可为 null。 [/root/WorkSpace/CSharp/BannerlordModEditor/BannerlordModEditor.Common/BannerlordModEditor.Common.csproj]
     2>/root/WorkSpace/CSharp/BannerlordModEditor/BannerlordModEditor.Common/Models/DO/LooknfeelDO.cs(127,23): warning CS8618: 在退出构造函数时，不可为 null 的 属性 "HorizontalAlignment" 必须包含非 null 值。请考虑添加 "required" 修饰符或将该 属性 声明为可为 null。 [/root/WorkSpace/CSharp/BannerlordModEditor/BannerlordModEditor.Common/BannerlordModEditor.Common.csproj]
     2>/root/WorkSpace/CSharp/BannerlordModEditor/BannerlordModEditor.Common/Models/DO/LooknfeelDO.cs(137,23): warning CS8618: 在退出构造函数时，不可为 null 的 属性 "TextHighlightColor" 必须包含非 null 值。请考虑添加 "required" 修饰符或将该 属性 声明为可为 null。 [/root/WorkSpace/CSharp/BannerlordModEditor/BannerlordModEditor.Common/BannerlordModEditor.Common.csproj]
     2>/root/WorkSpace/CSharp/BannerlordModEditor/BannerlordModEditor.Common/Models/DO/LooknfeelDO.cs(140,23): warning CS8618: 在退出构造函数时，不可为 null 的 属性 "TextColor" 必须包含非 null 值。请考虑添加 "required" 修饰符或将该 属性 声明为可为 null。 [/root/WorkSpace/CSharp/BannerlordModEditor/BannerlordModEditor.Common/BannerlordModEditor.Common.csproj]
     2>/root/WorkSpace/CSharp/BannerlordModEditor/BannerlordModEditor.Common/Models/DO/LooknfeelDO.cs(143,23): warning CS8618: 在退出构造函数时，不可为 null 的 属性 "FontSize" 必须包含非 null 值。请考虑添加 "required" 修饰符或将该 属性 声明为可为 null。 [/root/WorkSpace/CSharp/BannerlordModEditor/BannerlordModEditor.Common/BannerlordModEditor.Common.csproj]
     2>/root/WorkSpace/CSharp/BannerlordModEditor/BannerlordModEditor.Common/Models/DO/LooknfeelDO.cs(146,23): warning CS8618: 在退出构造函数时，不可为 null 的 属性 "Size" 必须包含非 null 值。请考虑添加 "required" 修饰符或将该 属性 声明为可为 null。 [/root/WorkSpace/CSharp/BannerlordModEditor/BannerlordModEditor.Common/BannerlordModEditor.Common.csproj]
     2>/root/WorkSpace/CSharp/BannerlordModEditor/BannerlordModEditor.Common/Models/DO/LooknfeelDO.cs(149,23): warning CS8618: 在退出构造函数时，不可为 null 的 属性 "Position" 必须包含非 null 值。请考虑添加 "required" 修饰符或将该 属性 声明为可为 null。 [/root/WorkSpace/CSharp/BannerlordModEditor/BannerlordModEditor.Common/BannerlordModEditor.Common.csproj]
     2>/root/WorkSpace/CSharp/BannerlordModEditor/BannerlordModEditor.Common/Models/DO/LooknfeelDO.cs(152,23): warning CS8618: 在退出构造函数时，不可为 null 的 属性 "ButtonMesh" 必须包含非 null 值。请考虑添加 "required" 修饰符或将该 属性 声明为可为 null。 [/root/WorkSpace/CSharp/BannerlordModEditor/BannerlordModEditor.Common/BannerlordModEditor.Common.csproj]
     2>/root/WorkSpace/CSharp/BannerlordModEditor/BannerlordModEditor.Common/Models/DO/LooknfeelDO.cs(156,43): warning CS8618: 在退出构造函数时，不可为 null 的 属性 "Meshes" 必须包含非 null 值。请考虑添加 "required" 修饰符或将该 属性 声明为可为 null。 [/root/WorkSpace/CSharp/BannerlordModEditor/BannerlordModEditor.Common/BannerlordModEditor.Common.csproj]
     2>/root/WorkSpace/CSharp/BannerlordModEditor/BannerlordModEditor.Common/Models/DO/LooknfeelDO.cs(159,44): warning CS8618: 在退出构造函数时，不可为 null 的 属性 "SubWidgetsList" 必须包含非 null 值。请考虑添加 "required" 修饰符或将该 属性 声明为可为 null。 [/root/WorkSpace/CSharp/BannerlordModEditor/BannerlordModEditor.Common/BannerlordModEditor.Common.csproj]
     2>/root/WorkSpace/CSharp/BannerlordModEditor/BannerlordModEditor.Common/Mappers/MpItemsMapper.cs(519,40): warning CS8603: 可能返回 null 引用。 [/root/WorkSpace/CSharp/BannerlordModEditor/BannerlordModEditor.Common/BannerlordModEditor.Common.csproj]
     2>/root/WorkSpace/CSharp/BannerlordModEditor/BannerlordModEditor.Common/Mappers/MpItemsMapper.cs(556,40): warning CS8603: 可能返回 null 引用。 [/root/WorkSpace/CSharp/BannerlordModEditor/BannerlordModEditor.Common/BannerlordModEditor.Common.csproj]
     2>/root/WorkSpace/CSharp/BannerlordModEditor/BannerlordModEditor.Common/Mappers/MpItemsMapper.cs(570,41): warning CS8604: “AdditionalMeshesDO MpItemsMapper.ToDO(AdditionalMeshesDTO source)”中的形参“source”可能传入 null 引用实参。 [/root/WorkSpace/CSharp/BannerlordModEditor/BannerlordModEditor.Common/BannerlordModEditor.Common.csproj]
     2>/root/WorkSpace/CSharp/BannerlordModEditor/BannerlordModEditor.Common/Mappers/MpItemsMapper.cs(571,34): warning CS8604: “MpItemMaterialsDO MpItemsMapper.ToDO(MpItemMaterialsDTO source)”中的形参“source”可能传入 null 引用实参。 [/root/WorkSpace/CSharp/BannerlordModEditor/BannerlordModEditor.Common/BannerlordModEditor.Common.csproj]
     2>/root/WorkSpace/CSharp/BannerlordModEditor/BannerlordModEditor.Common/Models/Data/Prerender.cs(119,23): warning CS8618: 在退出构造函数时，不可为 null 的 属性 "Name" 必须包含非 null 值。请考虑添加 "required" 修饰符或将该 属性 声明为可为 null。 [/root/WorkSpace/CSharp/BannerlordModEditor/BannerlordModEditor.Common/BannerlordModEditor.Common.csproj]
     2>/root/WorkSpace/CSharp/BannerlordModEditor/BannerlordModEditor.Common/Models/Data/FloraKinds.cs(68,23): warning CS8618: 在退出构造函数时，不可为 null 的 属性 "Season" 必须包含非 null 值。请考虑添加 "required" 修饰符或将该 属性 声明为可为 null。 [/root/WorkSpace/CSharp/BannerlordModEditor/BannerlordModEditor.Common/BannerlordModEditor.Common.csproj]
     2>/root/WorkSpace/CSharp/BannerlordModEditor/BannerlordModEditor.Common/Models/Data/FloraKinds.cs(71,32): warning CS8618: 在退出构造函数时，不可为 null 的 属性 "FloraVariations" 必须包含非 null 值。请考虑添加 "required" 修饰符或将该 属性 声明为可为 null。 [/root/WorkSpace/CSharp/BannerlordModEditor/BannerlordModEditor.Common/BannerlordModEditor.Common.csproj]
     2>/root/WorkSpace/CSharp/BannerlordModEditor/BannerlordModEditor.Common/Models/Data/Prerender.cs(111,29): warning CS8618: 在退出构造函数时，不可为 null 的 属性 "Configs" 必须包含非 null 值。请考虑添加 "required" 修饰符或将该 属性 声明为可为 null。 [/root/WorkSpace/CSharp/BannerlordModEditor/BannerlordModEditor.Common/BannerlordModEditor.Common.csproj]
     2>/root/WorkSpace/CSharp/BannerlordModEditor/BannerlordModEditor.Common/Models/Data/FloraKinds.cs(92,20): warning CS8603: 可能返回 null 引用。 [/root/WorkSpace/CSharp/BannerlordModEditor/BannerlordModEditor.Common/BannerlordModEditor.Common.csproj]
     2>/root/WorkSpace/CSharp/BannerlordModEditor/BannerlordModEditor.Common/Mappers/MpItemsMapper.cs(577,40): warning CS8603: 可能返回 null 引用。 [/root/WorkSpace/CSharp/BannerlordModEditor/BannerlordModEditor.Common/BannerlordModEditor.Common.csproj]
     2>/root/WorkSpace/CSharp/BannerlordModEditor/BannerlordModEditor.Common/Models/Data/FloraKinds.cs(126,23): warning CS8618: 在退出构造函数时，不可为 null 的 属性 "Name" 必须包含非 null 值。请考虑添加 "required" 修饰符或将该 属性 声明为可为 null。 [/root/WorkSpace/CSharp/BannerlordModEditor/BannerlordModEditor.Common/BannerlordModEditor.Common.csproj]
     2>/root/WorkSpace/CSharp/BannerlordModEditor/BannerlordModEditor.Common/Models/Data/FloraKinds.cs(129,23): warning CS8618: 在退出构造函数时，不可为 null 的 属性 "Material" 必须包含非 null 值。请考虑添加 "required" 修饰符或将该 属性 声明为可为 null。 [/root/WorkSpace/CSharp/BannerlordModEditor/BannerlordModEditor.Common/BannerlordModEditor.Common.csproj]
     2>/root/WorkSpace/CSharp/BannerlordModEditor/BannerlordModEditor.Common/Models/Data/Prerender.cs(95,23): warning CS8618: 在退出构造函数时，不可为 null 的 属性 "Index" 必须包含非 null 值。请考虑添加 "required" 修饰符或将该 属性 声明为可为 null。 [/root/WorkSpace/CSharp/BannerlordModEditor/BannerlordModEditor.Common/BannerlordModEditor.Common.csproj]
     2>/root/WorkSpace/CSharp/BannerlordModEditor/BannerlordModEditor.Common/Models/Data/Prerender.cs(98,23): warning CS8618: 在退出构造函数时，不可为 null 的 属性 "Type" 必须包含非 null 值。请考虑添加 "required" 修饰符或将该 属性 声明为可为 null。 [/root/WorkSpace/CSharp/BannerlordModEditor/BannerlordModEditor.Common/BannerlordModEditor.Common.csproj]
     2>/root/WorkSpace/CSharp/BannerlordModEditor/BannerlordModEditor.Common/Models/Data/Prerender.cs(101,23): warning CS8618: 在退出构造函数时，不可为 null 的 属性 "Source" 必须包含非 null 值。请考虑添加 "required" 修饰符或将该 属性 声明为可为 null。 [/root/WorkSpace/CSharp/BannerlordModEditor/BannerlordModEditor.Common/BannerlordModEditor.Common.csproj]
     2>/root/WorkSpace/CSharp/BannerlordModEditor/BannerlordModEditor.Common/Mappers/MpItemsMapper.cs(587,40): warning CS8603: 可能返回 null 引用。 [/root/WorkSpace/CSharp/BannerlordModEditor/BannerlordModEditor.Common/BannerlordModEditor.Common.csproj]
     2>/root/WorkSpace/CSharp/BannerlordModEditor/BannerlordModEditor.Common/Models/Data/FloraKinds.cs(101,20): warning CS8603: 可能返回 null 引用。 [/root/WorkSpace/CSharp/BannerlordModEditor/BannerlordModEditor.Common/BannerlordModEditor.Common.csproj]
     2>/root/WorkSpace/CSharp/BannerlordModEditor/BannerlordModEditor.Common/Models/Data/FloraLayerSets.cs(30,31): warning CS8618: 在退出构造函数时，不可为 null 的 属性 "Mesh" 必须包含非 null 值。请考虑添加 "required" 修饰符或将该 属性 声明为可为 null。 [/root/WorkSpace/CSharp/BannerlordModEditor/BannerlordModEditor.Common/BannerlordModEditor.Common.csproj]
     2>/root/WorkSpace/CSharp/BannerlordModEditor/BannerlordModEditor.Common/Models/Data/FloraLayerSets.cs(19,23): warning CS8618: 在退出构造函数时，不可为 null 的 属性 "Name" 必须包含非 null 值。请考虑添加 "required" 修饰符或将该 属性 声明为可为 null。 [/root/WorkSpace/CSharp/BannerlordModEditor/BannerlordModEditor.Common/BannerlordModEditor.Common.csproj]
     2>/root/WorkSpace/CSharp/BannerlordModEditor/BannerlordModEditor.Common/Mappers/MpItemsMapper.cs(598,40): warning CS8603: 可能返回 null 引用。 [/root/WorkSpace/CSharp/BannerlordModEditor/BannerlordModEditor.Common/BannerlordModEditor.Common.csproj]
     2>/root/WorkSpace/CSharp/BannerlordModEditor/BannerlordModEditor.Common/Models/Data/GogAchievementData.cs(17,23): warning CS8618: 在退出构造函数时，不可为 null 的 属性 "Name" 必须包含非 null 值。请考虑添加 "required" 修饰符或将该 属性 声明为可为 null。 [/root/WorkSpace/CSharp/BannerlordModEditor/BannerlordModEditor.Common/BannerlordModEditor.Common.csproj]
     2>/root/WorkSpace/CSharp/BannerlordModEditor/BannerlordModEditor.Common/Models/Data/GogAchievementData.cs(20,43): warning CS8618: 在退出构造函数时，不可为 null 的 属性 "Requirements" 必须包含非 null 值。请考虑添加 "required" 修饰符或将该 属性 声明为可为 null。 [/root/WorkSpace/CSharp/BannerlordModEditor/BannerlordModEditor.Common/BannerlordModEditor.Common.csproj]
     2>/root/WorkSpace/CSharp/BannerlordModEditor/BannerlordModEditor.Common/Mappers/MpItemsMapper.cs(608,40): warning CS8603: 可能返回 null 引用。 [/root/WorkSpace/CSharp/BannerlordModEditor/BannerlordModEditor.Common/BannerlordModEditor.Common.csproj]
     2>/root/WorkSpace/CSharp/BannerlordModEditor/BannerlordModEditor.Common/Mappers/MpItemsMapper.cs(613,40): warning CS8604: “MpItemMeshMultipliersDO MpItemsMapper.ToDO(MpItemMeshMultipliersDTO source)”中的形参“source”可能传入 null 引用实参。 [/root/WorkSpace/CSharp/BannerlordModEditor/BannerlordModEditor.Common/BannerlordModEditor.Common.csproj]
     2>/root/WorkSpace/CSharp/BannerlordModEditor/BannerlordModEditor.Common/Models/Data/FloraKinds.cs(87,23): warning CS8618: 在退出构造函数时，不可为 null 的 属性 "Name" 必须包含非 null 值。请考虑添加 "required" 修饰符或将该 属性 声明为可为 null。 [/root/WorkSpace/CSharp/BannerlordModEditor/BannerlordModEditor.Common/BannerlordModEditor.Common.csproj]
     2>/root/WorkSpace/CSharp/BannerlordModEditor/BannerlordModEditor.Common/Models/Data/FloraKinds.cs(111,23): warning CS8618: 在退出构造函数时，不可为 null 的 属性 "BodyName" 必须包含非 null 值。请考虑添加 "required" 修饰符或将该 属性 声明为可为 null。 [/root/WorkSpace/CSharp/BannerlordModEditor/BannerlordModEditor.Common/BannerlordModEditor.Common.csproj]
     2>/root/WorkSpace/CSharp/BannerlordModEditor/BannerlordModEditor.Common/Models/Data/FloraLayerSets.cs(38,23): warning CS8618: 在退出构造函数时，不可为 null 的 属性 "Name" 必须包含非 null 值。请考虑添加 "required" 修饰符或将该 属性 声明为可为 null。 [/root/WorkSpace/CSharp/BannerlordModEditor/BannerlordModEditor.Common/BannerlordModEditor.Common.csproj]
     2>/root/WorkSpace/CSharp/BannerlordModEditor/BannerlordModEditor.Common/Models/Data/FloraLayerSets.cs(56,23): warning CS8618: 在退出构造函数时，不可为 null 的 属性 "SizeMin" 必须包含非 null 值。请考虑添加 "required" 修饰符或将该 属性 声明为可为 null。 [/root/WorkSpace/CSharp/BannerlordModEditor/BannerlordModEditor.Common/BannerlordModEditor.Common.csproj]
     2>/root/WorkSpace/CSharp/BannerlordModEditor/BannerlordModEditor.Common/Models/Data/FloraLayerSets.cs(59,23): warning CS8618: 在退出构造函数时，不可为 null 的 属性 "SizeMax" 必须包含非 null 值。请考虑添加 "required" 修饰符或将该 属性 声明为可为 null。 [/root/WorkSpace/CSharp/BannerlordModEditor/BannerlordModEditor.Common/BannerlordModEditor.Common.csproj]
     2>/root/WorkSpace/CSharp/BannerlordModEditor/BannerlordModEditor.Common/Models/Data/FloraLayerSets.cs(62,23): warning CS8618: 在退出构造函数时，不可为 null 的 属性 "AlbedoMultiplier" 必须包含非 null 值。请考虑添加 "required" 修饰符或将该 属性 声明为可为 null。 [/root/WorkSpace/CSharp/BannerlordModEditor/BannerlordModEditor.Common/BannerlordModEditor.Common.csproj]
     2>/root/WorkSpace/CSharp/BannerlordModEditor/BannerlordModEditor.Common/Models/Data/GogAchievementData.cs(32,23): warning CS8618: 在退出构造函数时，不可为 null 的 属性 "StatName" 必须包含非 null 值。请考虑添加 "required" 修饰符或将该 属性 声明为可为 null。 [/root/WorkSpace/CSharp/BannerlordModEditor/BannerlordModEditor.Common/BannerlordModEditor.Common.csproj]
     2>/root/WorkSpace/CSharp/BannerlordModEditor/BannerlordModEditor.Common/Models/Data/ItemHolsters.cs(11,38): warning CS8618: 在退出构造函数时，不可为 null 的 属性 "ItemHolstersContainer" 必须包含非 null 值。请考虑添加 "required" 修饰符或将该 属性 声明为可为 null。 [/root/WorkSpace/CSharp/BannerlordModEditor/BannerlordModEditor.Common/BannerlordModEditor.Common.csproj]
     2>/root/WorkSpace/CSharp/BannerlordModEditor/BannerlordModEditor.Common/Models/DTO/CreditsDTO.cs(42,23): warning CS8618: 在退出构造函数时，不可为 null 的 属性 "Text" 必须包含非 null 值。请考虑添加 "required" 修饰符或将该 属性 声明为可为 null。 [/root/WorkSpace/CSharp/BannerlordModEditor/BannerlordModEditor.Common/BannerlordModEditor.Common.csproj]
     2>/root/WorkSpace/CSharp/BannerlordModEditor/BannerlordModEditor.Common/Models/DTO/CreditsDTO.cs(55,23): warning CS8618: 在退出构造函数时，不可为 null 的 属性 "Name" 必须包含非 null 值。请考虑添加 "required" 修饰符或将该 属性 声明为可为 null。 [/root/WorkSpace/CSharp/BannerlordModEditor/BannerlordModEditor.Common/BannerlordModEditor.Common.csproj]
     2>/root/WorkSpace/CSharp/BannerlordModEditor/BannerlordModEditor.Common/Models/DTO/CreditsDTO.cs(56,23): warning CS8618: 在退出构造函数时，不可为 null 的 属性 "PlatformSpecific" 必须包含非 null 值。请考虑添加 "required" 修饰符或将该 属性 声明为可为 null。 [/root/WorkSpace/CSharp/BannerlordModEditor/BannerlordModEditor.Common/BannerlordModEditor.Common.csproj]
     2>/root/WorkSpace/CSharp/BannerlordModEditor/BannerlordModEditor.Common/Models/DTO/CreditsDTO.cs(57,23): warning CS8618: 在退出构造函数时，不可为 null 的 属性 "ConsoleSpecific" 必须包含非 null 值。请考虑添加 "required" 修饰符或将该 属性 声明为可为 null。 [/root/WorkSpace/CSharp/BannerlordModEditor/BannerlordModEditor.Common/BannerlordModEditor.Common.csproj]
     2>/root/WorkSpace/CSharp/BannerlordModEditor/BannerlordModEditor.Common/Models/DTO/CreditsDTO.cs(66,23): warning CS8618: 在退出构造函数时，不可为 null 的 属性 "Text" 必须包含非 null 值。请考虑添加 "required" 修饰符或将该 属性 声明为可为 null。 [/root/WorkSpace/CSharp/BannerlordModEditor/BannerlordModEditor.Common/BannerlordModEditor.Common.csproj]
     2>/root/WorkSpace/CSharp/BannerlordModEditor/BannerlordModEditor.Common/Models/Data/Prerender.cs(43,23): warning CS8618: 在退出构造函数时，不可为 null 的 属性 "Id" 必须包含非 null 值。请考虑添加 "required" 修饰符或将该 属性 声明为可为 null。 [/root/WorkSpace/CSharp/BannerlordModEditor/BannerlordModEditor.Common/BannerlordModEditor.Common.csproj]
     2>/root/WorkSpace/CSharp/BannerlordModEditor/BannerlordModEditor.Common/Models/Data/Prerender.cs(46,23): warning CS8618: 在退出构造函数时，不可为 null 的 属性 "Class" 必须包含非 null 值。请考虑添加 "required" 修饰符或将该 属性 声明为可为 null。 [/root/WorkSpace/CSharp/BannerlordModEditor/BannerlordModEditor.Common/BannerlordModEditor.Common.csproj]
     2>/root/WorkSpace/CSharp/BannerlordModEditor/BannerlordModEditor.Common/Models/Data/Prerender.cs(49,23): warning CS8618: 在退出构造函数时，不可为 null 的 属性 "Shader" 必须包含非 null 值。请考虑添加 "required" 修饰符或将该 属性 声明为可为 null。 [/root/WorkSpace/CSharp/BannerlordModEditor/BannerlordModEditor.Common/BannerlordModEditor.Common.csproj]
     2>/root/WorkSpace/CSharp/BannerlordModEditor/BannerlordModEditor.Common/Models/Data/Prerender.cs(52,23): warning CS8618: 在退出构造函数时，不可为 null 的 属性 "Format" 必须包含非 null 值。请考虑添加 "required" 修饰符或将该 属性 声明为可为 null。 [/root/WorkSpace/CSharp/BannerlordModEditor/BannerlordModEditor.Common/BannerlordModEditor.Common.csproj]
     2>/root/WorkSpace/CSharp/BannerlordModEditor/BannerlordModEditor.Common/Models/Data/Prerender.cs(55,23): warning CS8618: 在退出构造函数时，不可为 null 的 属性 "Size" 必须包含非 null 值。请考虑添加 "required" 修饰符或将该 属性 声明为可为 null。 [/root/WorkSpace/CSharp/BannerlordModEditor/BannerlordModEditor.Common/BannerlordModEditor.Common.csproj]
     2>/root/WorkSpace/CSharp/BannerlordModEditor/BannerlordModEditor.Common/Models/Data/Prerender.cs(58,23): warning CS8618: 在退出构造函数时，不可为 null 的 属性 "Width" 必须包含非 null 值。请考虑添加 "required" 修饰符或将该 属性 声明为可为 null。 [/root/WorkSpace/CSharp/BannerlordModEditor/BannerlordModEditor.Common/BannerlordModEditor.Common.csproj]
     2>/root/WorkSpace/CSharp/BannerlordModEditor/BannerlordModEditor.Common/Models/Data/Prerender.cs(61,23): warning CS8618: 在退出构造函数时，不可为 null 的 属性 "Height" 必须包含非 null 值。请考虑添加 "required" 修饰符或将该 属性 声明为可为 null。 [/root/WorkSpace/CSharp/BannerlordModEditor/BannerlordModEditor.Common/BannerlordModEditor.Common.csproj]
     2>/root/WorkSpace/CSharp/BannerlordModEditor/BannerlordModEditor.Common/Models/Data/Prerender.cs(64,23): warning CS8618: 在退出构造函数时，不可为 null 的 属性 "Compute" 必须包含非 null 值。请考虑添加 "required" 修饰符或将该 属性 声明为可为 null。 [/root/WorkSpace/CSharp/BannerlordModEditor/BannerlordModEditor.Common/BannerlordModEditor.Common.csproj]
     2>/root/WorkSpace/CSharp/BannerlordModEditor/BannerlordModEditor.Common/Models/Data/Prerender.cs(67,23): warning CS8618: 在退出构造函数时，不可为 null 的 属性 "ComputeTgSizeX" 必须包含非 null 值。请考虑添加 "required" 修饰符或将该 属性 声明为可为 null。 [/root/WorkSpace/CSharp/BannerlordModEditor/BannerlordModEditor.Common/BannerlordModEditor.Common.csproj]
     2>/root/WorkSpace/CSharp/BannerlordModEditor/BannerlordModEditor.Common/Models/Data/Prerender.cs(70,23): warning CS8618: 在退出构造函数时，不可为 null 的 属性 "ComputeTgSizeY" 必须包含非 null 值。请考虑添加 "required" 修饰符或将该 属性 声明为可为 null。 [/root/WorkSpace/CSharp/BannerlordModEditor/BannerlordModEditor.Common/BannerlordModEditor.Common.csproj]
     2>/root/WorkSpace/CSharp/BannerlordModEditor/BannerlordModEditor.Common/Models/Data/Prerender.cs(73,28): warning CS8618: 在退出构造函数时，不可为 null 的 属性 "Inputs" 必须包含非 null 值。请考虑添加 "required" 修饰符或将该 属性 声明为可为 null。 [/root/WorkSpace/CSharp/BannerlordModEditor/BannerlordModEditor.Common/BannerlordModEditor.Common.csproj]
     2>/root/WorkSpace/CSharp/BannerlordModEditor/BannerlordModEditor.Common/Models/Data/Prerender.cs(76,30): warning CS8618: 在退出构造函数时，不可为 null 的 属性 "Preconditions" 必须包含非 null 值。请考虑添加 "required" 修饰符或将该 属性 声明为可为 null。 [/root/WorkSpace/CSharp/BannerlordModEditor/BannerlordModEditor.Common/BannerlordModEditor.Common.csproj]
     2>/root/WorkSpace/CSharp/BannerlordModEditor/BannerlordModEditor.Common/Models/DTO/CreditsDTO.cs(17,23): warning CS8618: 在退出构造函数时，不可为 null 的 属性 "Text" 必须包含非 null 值。请考虑添加 "required" 修饰符或将该 属性 声明为可为 null。 [/root/WorkSpace/CSharp/BannerlordModEditor/BannerlordModEditor.Common/BannerlordModEditor.Common.csproj]
     2>/root/WorkSpace/CSharp/BannerlordModEditor/BannerlordModEditor.Common/Models/DTO/CreditsDTO.cs(32,23): warning CS8618: 在退出构造函数时，不可为 null 的 属性 "Text" 必须包含非 null 值。请考虑添加 "required" 修饰符或将该 属性 声明为可为 null。 [/root/WorkSpace/CSharp/BannerlordModEditor/BannerlordModEditor.Common/BannerlordModEditor.Common.csproj]
     2>/root/WorkSpace/CSharp/BannerlordModEditor/BannerlordModEditor.Common/Models/DTO/ItemHolstersDTO.cs(11,41): warning CS8618: 在退出构造函数时，不可为 null 的 属性 "ItemHolstersContainer" 必须包含非 null 值。请考虑添加 "required" 修饰符或将该 属性 声明为可为 null。 [/root/WorkSpace/CSharp/BannerlordModEditor/BannerlordModEditor.Common/BannerlordModEditor.Common.csproj]
     2>/root/WorkSpace/CSharp/BannerlordModEditor/BannerlordModEditor.Common/Models/Data/ItemModifiers.cs(31,20): warning CS8603: 可能返回 null 引用。 [/root/WorkSpace/CSharp/BannerlordModEditor/BannerlordModEditor.Common/BannerlordModEditor.Common.csproj]
     2>/root/WorkSpace/CSharp/BannerlordModEditor/BannerlordModEditor.Common/Models/Data/ItemModifiersGroups.cs(19,23): warning CS8618: 在退出构造函数时，不可为 null 的 属性 "Id" 必须包含非 null 值。请考虑添加 "required" 修饰符或将该 属性 声明为可为 null。 [/root/WorkSpace/CSharp/BannerlordModEditor/BannerlordModEditor.Common/BannerlordModEditor.Common.csproj]
     2>/root/WorkSpace/CSharp/BannerlordModEditor/BannerlordModEditor.Common/Mappers/MpItemsMapper.cs(619,40): warning CS8603: 可能返回 null 引用。 [/root/WorkSpace/CSharp/BannerlordModEditor/BannerlordModEditor.Common/BannerlordModEditor.Common.csproj]
     2>/root/WorkSpace/CSharp/BannerlordModEditor/BannerlordModEditor.Common/Mappers/MpItemsMapper.cs(629,40): warning CS8603: 可能返回 null 引用。 [/root/WorkSpace/CSharp/BannerlordModEditor/BannerlordModEditor.Common/BannerlordModEditor.Common.csproj]
     2>/root/WorkSpace/CSharp/BannerlordModEditor/BannerlordModEditor.Common/Models/Data/ItemModifiers.cs(41,20): warning CS8603: 可能返回 null 引用。 [/root/WorkSpace/CSharp/BannerlordModEditor/BannerlordModEditor.Common/BannerlordModEditor.Common.csproj]
     2>/root/WorkSpace/CSharp/BannerlordModEditor/BannerlordModEditor.Common/Mappers/MpItemsMapper.cs(640,40): warning CS8603: 可能返回 null 引用。 [/root/WorkSpace/CSharp/BannerlordModEditor/BannerlordModEditor.Common/BannerlordModEditor.Common.csproj]
     2>/root/WorkSpace/CSharp/BannerlordModEditor/BannerlordModEditor.Common/Models/Data/ItemHolsters.cs(25,23): warning CS8618: 在退出构造函数时，不可为 null 的 属性 "Id" 必须包含非 null 值。请考虑添加 "required" 修饰符或将该 属性 声明为可为 null。 [/root/WorkSpace/CSharp/BannerlordModEditor/BannerlordModEditor.Common/BannerlordModEditor.Common.csproj]
     2>/root/WorkSpace/CSharp/BannerlordModEditor/BannerlordModEditor.Common/Models/Data/ItemHolsters.cs(28,23): warning CS8618: 在退出构造函数时，不可为 null 的 属性 "EquipAction" 必须包含非 null 值。请考虑添加 "required" 修饰符或将该 属性 声明为可为 null。 [/root/WorkSpace/CSharp/BannerlordModEditor/BannerlordModEditor.Common/BannerlordModEditor.Common.csproj]
     2>/root/WorkSpace/CSharp/BannerlordModEditor/BannerlordModEditor.Common/Models/Data/ItemHolsters.cs(31,23): warning CS8618: 在退出构造函数时，不可为 null 的 属性 "EquipActionLeftStance" 必须包含非 null 值。请考虑添加 "required" 修饰符或将该 属性 声明为可为 null。 [/root/WorkSpace/CSharp/BannerlordModEditor/BannerlordModEditor.Common/BannerlordModEditor.Common.csproj]
     2>/root/WorkSpace/CSharp/BannerlordModEditor/BannerlordModEditor.Common/Models/Data/ItemHolsters.cs(34,23): warning CS8618: 在退出构造函数时，不可为 null 的 属性 "UnequipAction" 必须包含非 null 值。请考虑添加 "required" 修饰符或将该 属性 声明为可为 null。 [/root/WorkSpace/CSharp/BannerlordModEditor/BannerlordModEditor.Common/BannerlordModEditor.Common.csproj]
     2>/root/WorkSpace/CSharp/BannerlordModEditor/BannerlordModEditor.Common/Models/Data/ItemHolsters.cs(37,23): warning CS8618: 在退出构造函数时，不可为 null 的 属性 "UnequipActionLeftStance" 必须包含非 null 值。请考虑添加 "required" 修饰符或将该 属性 声明为可为 null。 [/root/WorkSpace/CSharp/BannerlordModEditor/BannerlordModEditor.Common/BannerlordModEditor.Common.csproj]
     2>/root/WorkSpace/CSharp/BannerlordModEditor/BannerlordModEditor.Common/Models/Data/ItemHolsters.cs(40,23): warning CS8618: 在退出构造函数时，不可为 null 的 属性 "ShowHolsterWhenDrawn" 必须包含非 null 值。请考虑添加 "required" 修饰符或将该 属性 声明为可为 null。 [/root/WorkSpace/CSharp/BannerlordModEditor/BannerlordModEditor.Common/BannerlordModEditor.Common.csproj]
     2>/root/WorkSpace/CSharp/BannerlordModEditor/BannerlordModEditor.Common/Models/Data/ItemHolsters.cs(43,23): warning CS8618: 在退出构造函数时，不可为 null 的 属性 "GroupName" 必须包含非 null 值。请考虑添加 "required" 修饰符或将该 属性 声明为可为 null。 [/root/WorkSpace/CSharp/BannerlordModEditor/BannerlordModEditor.Common/BannerlordModEditor.Common.csproj]
     2>/root/WorkSpace/CSharp/BannerlordModEditor/BannerlordModEditor.Common/Models/Data/ItemHolsters.cs(46,23): warning CS8618: 在退出构造函数时，不可为 null 的 属性 "HolsterSkeleton" 必须包含非 null 值。请考虑添加 "required" 修饰符或将该 属性 声明为可为 null。 [/root/WorkSpace/CSharp/BannerlordModEditor/BannerlordModEditor.Common/BannerlordModEditor.Common.csproj]
     2>/root/WorkSpace/CSharp/BannerlordModEditor/BannerlordModEditor.Common/Models/Data/ItemHolsters.cs(49,23): warning CS8618: 在退出构造函数时，不可为 null 的 属性 "HolsterBone" 必须包含非 null 值。请考虑添加 "required" 修饰符或将该 属性 声明为可为 null。 [/root/WorkSpace/CSharp/BannerlordModEditor/BannerlordModEditor.Common/BannerlordModEditor.Common.csproj]
     2>/root/WorkSpace/CSharp/BannerlordModEditor/BannerlordModEditor.Common/Models/Data/ItemHolsters.cs(52,23): warning CS8618: 在退出构造函数时，不可为 null 的 属性 "BaseSet" 必须包含非 null 值。请考虑添加 "required" 修饰符或将该 属性 声明为可为 null。 [/root/WorkSpace/CSharp/BannerlordModEditor/BannerlordModEditor.Common/BannerlordModEditor.Common.csproj]
     2>/root/WorkSpace/CSharp/BannerlordModEditor/BannerlordModEditor.Common/Models/Data/ItemHolsters.cs(55,23): warning CS8618: 在退出构造函数时，不可为 null 的 属性 "HolsterPosition" 必须包含非 null 值。请考虑添加 "required" 修饰符或将该 属性 声明为可为 null。 [/root/WorkSpace/CSharp/BannerlordModEditor/BannerlordModEditor.Common/BannerlordModEditor.Common.csproj]
     2>/root/WorkSpace/CSharp/BannerlordModEditor/BannerlordModEditor.Common/Models/Data/ItemHolsters.cs(58,23): warning CS8618: 在退出构造函数时，不可为 null 的 属性 "HolsterRotationYawPitchRoll" 必须包含非 null 值。请考虑添加 "required" 修饰符或将该 属性 声明为可为 null。 [/root/WorkSpace/CSharp/BannerlordModEditor/BannerlordModEditor.Common/BannerlordModEditor.Common.csproj]
     2>/root/WorkSpace/CSharp/BannerlordModEditor/BannerlordModEditor.Common/Models/Data/ItemModifiers.cs(51,20): warning CS8603: 可能返回 null 引用。 [/root/WorkSpace/CSharp/BannerlordModEditor/BannerlordModEditor.Common/BannerlordModEditor.Common.csproj]
     2>/root/WorkSpace/CSharp/BannerlordModEditor/BannerlordModEditor.Common/Mappers/MpItemsMapper.cs(652,40): warning CS8603: 可能返回 null 引用。 [/root/WorkSpace/CSharp/BannerlordModEditor/BannerlordModEditor.Common/BannerlordModEditor.Common.csproj]
     2>/root/WorkSpace/CSharp/BannerlordModEditor/BannerlordModEditor.Common/Models/Data/Prerender.cs(31,23): warning CS8618: 在退出构造函数时，不可为 null 的 属性 "Id" 必须包含非 null 值。请考虑添加 "required" 修饰符或将该 属性 声明为可为 null。 [/root/WorkSpace/CSharp/BannerlordModEditor/BannerlordModEditor.Common/BannerlordModEditor.Common.csproj]
     2>/root/WorkSpace/CSharp/BannerlordModEditor/BannerlordModEditor.Common/Models/Data/Prerender.cs(34,42): warning CS8618: 在退出构造函数时，不可为 null 的 属性 "PostfxNodes" 必须包含非 null 值。请考虑添加 "required" 修饰符或将该 属性 声明为可为 null。 [/root/WorkSpace/CSharp/BannerlordModEditor/BannerlordModEditor.Common/BannerlordModEditor.Common.csproj]
     2>/root/WorkSpace/CSharp/BannerlordModEditor/BannerlordModEditor.Common/Models/Data/ItemModifiers.cs(61,20): warning CS8603: 可能返回 null 引用。 [/root/WorkSpace/CSharp/BannerlordModEditor/BannerlordModEditor.Common/BannerlordModEditor.Common.csproj]
     2>/root/WorkSpace/CSharp/BannerlordModEditor/BannerlordModEditor.Common/Models/DTO/ItemHolstersDTO.cs(27,23): warning CS8618: 在退出构造函数时，不可为 null 的 属性 "Id" 必须包含非 null 值。请考虑添加 "required" 修饰符或将该 属性 声明为可为 null。 [/root/WorkSpace/CSharp/BannerlordModEditor/BannerlordModEditor.Common/BannerlordModEditor.Common.csproj]
     2>/root/WorkSpace/CSharp/BannerlordModEditor/BannerlordModEditor.Common/Models/DTO/ItemHolstersDTO.cs(30,23): warning CS8618: 在退出构造函数时，不可为 null 的 属性 "EquipAction" 必须包含非 null 值。请考虑添加 "required" 修饰符或将该 属性 声明为可为 null。 [/root/WorkSpace/CSharp/BannerlordModEditor/BannerlordModEditor.Common/BannerlordModEditor.Common.csproj]
     2>/root/WorkSpace/CSharp/BannerlordModEditor/BannerlordModEditor.Common/Models/DTO/ItemHolstersDTO.cs(33,23): warning CS8618: 在退出构造函数时，不可为 null 的 属性 "EquipActionLeftStance" 必须包含非 null 值。请考虑添加 "required" 修饰符或将该 属性 声明为可为 null。 [/root/WorkSpace/CSharp/BannerlordModEditor/BannerlordModEditor.Common/BannerlordModEditor.Common.csproj]
     2>/root/WorkSpace/CSharp/BannerlordModEditor/BannerlordModEditor.Common/Models/DTO/ItemHolstersDTO.cs(36,23): warning CS8618: 在退出构造函数时，不可为 null 的 属性 "UnequipAction" 必须包含非 null 值。请考虑添加 "required" 修饰符或将该 属性 声明为可为 null。 [/root/WorkSpace/CSharp/BannerlordModEditor/BannerlordModEditor.Common/BannerlordModEditor.Common.csproj]
     2>/root/WorkSpace/CSharp/BannerlordModEditor/BannerlordModEditor.Common/Models/DTO/ItemHolstersDTO.cs(39,23): warning CS8618: 在退出构造函数时，不可为 null 的 属性 "UnequipActionLeftStance" 必须包含非 null 值。请考虑添加 "required" 修饰符或将该 属性 声明为可为 null。 [/root/WorkSpace/CSharp/BannerlordModEditor/BannerlordModEditor.Common/BannerlordModEditor.Common.csproj]
     2>/root/WorkSpace/CSharp/BannerlordModEditor/BannerlordModEditor.Common/Models/DTO/ItemHolstersDTO.cs(42,23): warning CS8618: 在退出构造函数时，不可为 null 的 属性 "ShowHolsterWhenDrawn" 必须包含非 null 值。请考虑添加 "required" 修饰符或将该 属性 声明为可为 null。 [/root/WorkSpace/CSharp/BannerlordModEditor/BannerlordModEditor.Common/BannerlordModEditor.Common.csproj]
     2>/root/WorkSpace/CSharp/BannerlordModEditor/BannerlordModEditor.Common/Models/DTO/ItemHolstersDTO.cs(45,23): warning CS8618: 在退出构造函数时，不可为 null 的 属性 "GroupName" 必须包含非 null 值。请考虑添加 "required" 修饰符或将该 属性 声明为可为 null。 [/root/WorkSpace/CSharp/BannerlordModEditor/BannerlordModEditor.Common/BannerlordModEditor.Common.csproj]
     2>/root/WorkSpace/CSharp/BannerlordModEditor/BannerlordModEditor.Common/Models/DTO/ItemHolstersDTO.cs(48,23): warning CS8618: 在退出构造函数时，不可为 null 的 属性 "HolsterSkeleton" 必须包含非 null 值。请考虑添加 "required" 修饰符或将该 属性 声明为可为 null。 [/root/WorkSpace/CSharp/BannerlordModEditor/BannerlordModEditor.Common/BannerlordModEditor.Common.csproj]
     2>/root/WorkSpace/CSharp/BannerlordModEditor/BannerlordModEditor.Common/Models/DTO/ItemHolstersDTO.cs(51,23): warning CS8618: 在退出构造函数时，不可为 null 的 属性 "HolsterBone" 必须包含非 null 值。请考虑添加 "required" 修饰符或将该 属性 声明为可为 null。 [/root/WorkSpace/CSharp/BannerlordModEditor/BannerlordModEditor.Common/BannerlordModEditor.Common.csproj]
     2>/root/WorkSpace/CSharp/BannerlordModEditor/BannerlordModEditor.Common/Models/DTO/ItemHolstersDTO.cs(54,23): warning CS8618: 在退出构造函数时，不可为 null 的 属性 "BaseSet" 必须包含非 null 值。请考虑添加 "required" 修饰符或将该 属性 声明为可为 null。 [/root/WorkSpace/CSharp/BannerlordModEditor/BannerlordModEditor.Common/BannerlordModEditor.Common.csproj]
     2>/root/WorkSpace/CSharp/BannerlordModEditor/BannerlordModEditor.Common/Models/DTO/ItemHolstersDTO.cs(57,23): warning CS8618: 在退出构造函数时，不可为 null 的 属性 "HolsterPosition" 必须包含非 null 值。请考虑添加 "required" 修饰符或将该 属性 声明为可为 null。 [/root/WorkSpace/CSharp/BannerlordModEditor/BannerlordModEditor.Common/BannerlordModEditor.Common.csproj]
     2>/root/WorkSpace/CSharp/BannerlordModEditor/BannerlordModEditor.Common/Models/DTO/ItemHolstersDTO.cs(60,23): warning CS8618: 在退出构造函数时，不可为 null 的 属性 "HolsterRotationYawPitchRoll" 必须包含非 null 值。请考虑添加 "required" 修饰符或将该 属性 声明为可为 null。 [/root/WorkSpace/CSharp/BannerlordModEditor/BannerlordModEditor.Common/BannerlordModEditor.Common.csproj]
     2>/root/WorkSpace/CSharp/BannerlordModEditor/BannerlordModEditor.Common/Models/Data/Prerender.cs(23,43): warning CS8618: 在退出构造函数时，不可为 null 的 属性 "PostfxGraphList" 必须包含非 null 值。请考虑添加 "required" 修饰符或将该 属性 声明为可为 null。 [/root/WorkSpace/CSharp/BannerlordModEditor/BannerlordModEditor.Common/BannerlordModEditor.Common.csproj]
     2>/root/WorkSpace/CSharp/BannerlordModEditor/BannerlordModEditor.Common/Models/DTO/LooknfeelDTO.cs(26,32): warning CS8618: 在退出构造函数时，不可为 null 的 属性 "WidgetList" 必须包含非 null 值。请考虑添加 "required" 修饰符或将该 属性 声明为可为 null。 [/root/WorkSpace/CSharp/BannerlordModEditor/BannerlordModEditor.Common/BannerlordModEditor.Common.csproj]
     2>/root/WorkSpace/CSharp/BannerlordModEditor/BannerlordModEditor.Common/Models/Data/ItemModifiers.cs(71,20): warning CS8603: 可能返回 null 引用。 [/root/WorkSpace/CSharp/BannerlordModEditor/BannerlordModEditor.Common/BannerlordModEditor.Common.csproj]
     2>/root/WorkSpace/CSharp/BannerlordModEditor/BannerlordModEditor.Common/Models/Data/Looknfeel.cs(27,29): warning CS8618: 在退出构造函数时，不可为 null 的 属性 "WidgetList" 必须包含非 null 值。请考虑添加 "required" 修饰符或将该 属性 声明为可为 null。 [/root/WorkSpace/CSharp/BannerlordModEditor/BannerlordModEditor.Common/BannerlordModEditor.Common.csproj]
     2>/root/WorkSpace/CSharp/BannerlordModEditor/BannerlordModEditor.Common/Models/Data/Prerender.cs(11,23): warning CS8618: 在退出构造函数时，不可为 null 的 属性 "Type" 必须包含非 null 值。请考虑添加 "required" 修饰符或将该 属性 声明为可为 null。 [/root/WorkSpace/CSharp/BannerlordModEditor/BannerlordModEditor.Common/BannerlordModEditor.Common.csproj]
     2>/root/WorkSpace/CSharp/BannerlordModEditor/BannerlordModEditor.Common/Models/Data/Prerender.cs(14,38): warning CS8618: 在退出构造函数时，不可为 null 的 属性 "PostfxGraphs" 必须包含非 null 值。请考虑添加 "required" 修饰符或将该 属性 声明为可为 null。 [/root/WorkSpace/CSharp/BannerlordModEditor/BannerlordModEditor.Common/BannerlordModEditor.Common.csproj]
     2>/root/WorkSpace/CSharp/BannerlordModEditor/BannerlordModEditor.Common/Models/Data/Looknfeel.cs(11,23): warning CS8618: 在退出构造函数时，不可为 null 的 属性 "Type" 必须包含非 null 值。请考虑添加 "required" 修饰符或将该 属性 声明为可为 null。 [/root/WorkSpace/CSharp/BannerlordModEditor/BannerlordModEditor.Common/BannerlordModEditor.Common.csproj]
     2>/root/WorkSpace/CSharp/BannerlordModEditor/BannerlordModEditor.Common/Models/Data/Looknfeel.cs(14,23): warning CS8618: 在退出构造函数时，不可为 null 的 属性 "VirtualResolution" 必须包含非 null 值。请考虑添加 "required" 修饰符或将该 属性 声明为可为 null。 [/root/WorkSpace/CSharp/BannerlordModEditor/BannerlordModEditor.Common/BannerlordModEditor.Common.csproj]
     2>/root/WorkSpace/CSharp/BannerlordModEditor/BannerlordModEditor.Common/Models/Data/Looknfeel.cs(17,33): warning CS8618: 在退出构造函数时，不可为 null 的 属性 "Widgets" 必须包含非 null 值。请考虑添加 "required" 修饰符或将该 属性 声明为可为 null。 [/root/WorkSpace/CSharp/BannerlordModEditor/BannerlordModEditor.Common/BannerlordModEditor.Common.csproj]
     2>/root/WorkSpace/CSharp/BannerlordModEditor/BannerlordModEditor.Common/Models/DTO/LooknfeelDTO.cs(10,23): warning CS8618: 在退出构造函数时，不可为 null 的 属性 "Type" 必须包含非 null 值。请考虑添加 "required" 修饰符或将该 属性 声明为可为 null。 [/root/WorkSpace/CSharp/BannerlordModEditor/BannerlordModEditor.Common/BannerlordModEditor.Common.csproj]
     2>/root/WorkSpace/CSharp/BannerlordModEditor/BannerlordModEditor.Common/Models/DTO/LooknfeelDTO.cs(13,23): warning CS8618: 在退出构造函数时，不可为 null 的 属性 "VirtualResolution" 必须包含非 null 值。请考虑添加 "required" 修饰符或将该 属性 声明为可为 null。 [/root/WorkSpace/CSharp/BannerlordModEditor/BannerlordModEditor.Common/BannerlordModEditor.Common.csproj]
     2>/root/WorkSpace/CSharp/BannerlordModEditor/BannerlordModEditor.Common/Models/DTO/LooknfeelDTO.cs(16,36): warning CS8618: 在退出构造函数时，不可为 null 的 属性 "Widgets" 必须包含非 null 值。请考虑添加 "required" 修饰符或将该 属性 声明为可为 null。 [/root/WorkSpace/CSharp/BannerlordModEditor/BannerlordModEditor.Common/BannerlordModEditor.Common.csproj]
     2>/root/WorkSpace/CSharp/BannerlordModEditor/BannerlordModEditor.Common/Models/Data/ItemModifiers.cs(81,20): warning CS8603: 可能返回 null 引用。 [/root/WorkSpace/CSharp/BannerlordModEditor/BannerlordModEditor.Common/BannerlordModEditor.Common.csproj]
     2>/root/WorkSpace/CSharp/BannerlordModEditor/BannerlordModEditor.Common/Models/DTO/LooknfeelDTO.cs(235,23): warning CS8618: 在退出构造函数时，不可为 null 的 属性 "Name" 必须包含非 null 值。请考虑添加 "required" 修饰符或将该 属性 声明为可为 null。 [/root/WorkSpace/CSharp/BannerlordModEditor/BannerlordModEditor.Common/BannerlordModEditor.Common.csproj]
     2>/root/WorkSpace/CSharp/BannerlordModEditor/BannerlordModEditor.Common/Models/DTO/LooknfeelDTO.cs(238,23): warning CS8618: 在退出构造函数时，不可为 null 的 属性 "Tiling" 必须包含非 null 值。请考虑添加 "required" 修饰符或将该 属性 声明为可为 null。 [/root/WorkSpace/CSharp/BannerlordModEditor/BannerlordModEditor.Common/BannerlordModEditor.Common.csproj]
     2>/root/WorkSpace/CSharp/BannerlordModEditor/BannerlordModEditor.Common/Models/DTO/LooknfeelDTO.cs(241,23): warning CS8618: 在退出构造函数时，不可为 null 的 属性 "MainMesh" 必须包含非 null 值。请考虑添加 "required" 修饰符或将该 属性 声明为可为 null。 [/root/WorkSpace/CSharp/BannerlordModEditor/BannerlordModEditor.Common/BannerlordModEditor.Common.csproj]
     2>/root/WorkSpace/CSharp/BannerlordModEditor/BannerlordModEditor.Common/Models/DTO/LooknfeelDTO.cs(244,23): warning CS8618: 在退出构造函数时，不可为 null 的 属性 "Position" 必须包含非 null 值。请考虑添加 "required" 修饰符或将该 属性 声明为可为 null。 [/root/WorkSpace/CSharp/BannerlordModEditor/BannerlordModEditor.Common/BannerlordModEditor.Common.csproj]
     2>/root/WorkSpace/CSharp/BannerlordModEditor/BannerlordModEditor.Common/Models/DTO/LooknfeelDTO.cs(255,35): warning CS8618: 在退出构造函数时，不可为 null 的 属性 "SubWidgetList" 必须包含非 null 值。请考虑添加 "required" 修饰符或将该 属性 声明为可为 null。 [/root/WorkSpace/CSharp/BannerlordModEditor/BannerlordModEditor.Common/BannerlordModEditor.Common.csproj]
     2>/root/WorkSpace/CSharp/BannerlordModEditor/BannerlordModEditor.Common/Models/Data/PrebakedAnimations.cs(50,23): warning CS8618: 在退出构造函数时，不可为 null 的 属性 "KeyList" 必须包含非 null 值。请考虑添加 "required" 修饰符或将该 属性 声明为可为 null。 [/root/WorkSpace/CSharp/BannerlordModEditor/BannerlordModEditor.Common/BannerlordModEditor.Common.csproj]
     2>/root/WorkSpace/CSharp/BannerlordModEditor/BannerlordModEditor.Common/Models/Data/ItemModifiers.cs(97,20): warning CS8603: 可能返回 null 引用。 [/root/WorkSpace/CSharp/BannerlordModEditor/BannerlordModEditor.Common/BannerlordModEditor.Common.csproj]
     2>/root/WorkSpace/CSharp/BannerlordModEditor/BannerlordModEditor.Common/Models/DTO/LooknfeelDTO.cs(203,39): warning CS8618: 在退出构造函数时，不可为 null 的 属性 "BackgroundMeshes" 必须包含非 null 值。请考虑添加 "required" 修饰符或将该 属性 声明为可为 null。 [/root/WorkSpace/CSharp/BannerlordModEditor/BannerlordModEditor.Common/BannerlordModEditor.Common.csproj]
     2>/root/WorkSpace/CSharp/BannerlordModEditor/BannerlordModEditor.Common/Models/DTO/LooknfeelDTO.cs(206,39): warning CS8618: 在退出构造函数时，不可为 null 的 属性 "ButtonMeshes" 必须包含非 null 值。请考虑添加 "required" 修饰符或将该 属性 声明为可为 null。 [/root/WorkSpace/CSharp/BannerlordModEditor/BannerlordModEditor.Common/BannerlordModEditor.Common.csproj]
     2>/root/WorkSpace/CSharp/BannerlordModEditor/BannerlordModEditor.Common/Models/DTO/LooknfeelDTO.cs(209,39): warning CS8618: 在退出构造函数时，不可为 null 的 属性 "ButtonPressedMeshes" 必须包含非 null 值。请考虑添加 "required" 修饰符或将该 属性 声明为可为 null。 [/root/WorkSpace/CSharp/BannerlordModEditor/BannerlordModEditor.Common/BannerlordModEditor.Common.csproj]
     2>/root/WorkSpace/CSharp/BannerlordModEditor/BannerlordModEditor.Common/Models/DTO/LooknfeelDTO.cs(212,39): warning CS8618: 在退出构造函数时，不可为 null 的 属性 "HighlightMeshes" 必须包含非 null 值。请考虑添加 "required" 修饰符或将该 属性 声明为可为 null。 [/root/WorkSpace/CSharp/BannerlordModEditor/BannerlordModEditor.Common/BannerlordModEditor.Common.csproj]
     2>/root/WorkSpace/CSharp/BannerlordModEditor/BannerlordModEditor.Common/Models/DTO/LooknfeelDTO.cs(215,39): warning CS8618: 在退出构造函数时，不可为 null 的 属性 "CursorMeshes" 必须包含非 null 值。请考虑添加 "required" 修饰符或将该 属性 声明为可为 null。 [/root/WorkSpace/CSharp/BannerlordModEditor/BannerlordModEditor.Common/BannerlordModEditor.Common.csproj]
     2>/root/WorkSpace/CSharp/BannerlordModEditor/BannerlordModEditor.Common/Models/DTO/LooknfeelDTO.cs(218,39): warning CS8618: 在退出构造函数时，不可为 null 的 属性 "LeftBorderMeshes" 必须包含非 null 值。请考虑添加 "required" 修饰符或将该 属性 声明为可为 null。 [/root/WorkSpace/CSharp/BannerlordModEditor/BannerlordModEditor.Common/BannerlordModEditor.Common.csproj]
     2>/root/WorkSpace/CSharp/BannerlordModEditor/BannerlordModEditor.Common/Models/DTO/LooknfeelDTO.cs(221,39): warning CS8618: 在退出构造函数时，不可为 null 的 属性 "RightBorderMeshes" 必须包含非 null 值。请考虑添加 "required" 修饰符或将该 属性 声明为可为 null。 [/root/WorkSpace/CSharp/BannerlordModEditor/BannerlordModEditor.Common/BannerlordModEditor.Common.csproj]
     2>/root/WorkSpace/CSharp/BannerlordModEditor/BannerlordModEditor.Common/Models/Data/PrebakedAnimations.cs(31,23): warning CS8618: 在退出构造函数时，不可为 null 的 属性 "Id" 必须包含非 null 值。请考虑添加 "required" 修饰符或将该 属性 声明为可为 null。 [/root/WorkSpace/CSharp/BannerlordModEditor/BannerlordModEditor.Common/BannerlordModEditor.Common.csproj]
     2>/root/WorkSpace/CSharp/BannerlordModEditor/BannerlordModEditor.Common/Models/Data/PrebakedAnimations.cs(34,23): warning CS8618: 在退出构造函数时，不可为 null 的 属性 "SkeletonName" 必须包含非 null 值。请考虑添加 "required" 修饰符或将该 属性 声明为可为 null。 [/root/WorkSpace/CSharp/BannerlordModEditor/BannerlordModEditor.Common/BannerlordModEditor.Common.csproj]
     2>/root/WorkSpace/CSharp/BannerlordModEditor/BannerlordModEditor.Common/Models/Data/PrebakedAnimations.cs(37,27): warning CS8618: 在退出构造函数时，不可为 null 的 属性 "Bones" 必须包含非 null 值。请考虑添加 "required" 修饰符或将该 属性 声明为可为 null。 [/root/WorkSpace/CSharp/BannerlordModEditor/BannerlordModEditor.Common/BannerlordModEditor.Common.csproj]
     2>/root/WorkSpace/CSharp/BannerlordModEditor/BannerlordModEditor.Common/Models/Data/ManagedCampaignParameters.cs(23,47): warning CS8618: 在退出构造函数时，不可为 null 的 属性 "Parameters" 必须包含非 null 值。请考虑添加 "required" 修饰符或将该 属性 声明为可为 null。 [/root/WorkSpace/CSharp/BannerlordModEditor/BannerlordModEditor.Common/BannerlordModEditor.Common.csproj]
     2>/root/WorkSpace/CSharp/BannerlordModEditor/BannerlordModEditor.Common/Models/Data/MapIcons.cs(11,23): warning CS8618: 在退出构造函数时，不可为 null 的 属性 "Type" 必须包含非 null 值。请考虑添加 "required" 修饰符或将该 属性 声明为可为 null。 [/root/WorkSpace/CSharp/BannerlordModEditor/BannerlordModEditor.Common/BannerlordModEditor.Common.csproj]
     2>/root/WorkSpace/CSharp/BannerlordModEditor/BannerlordModEditor.Common/Models/Data/MapIcons.cs(14,34): warning CS8618: 在退出构造函数时，不可为 null 的 属性 "MapIconsContainer" 必须包含非 null 值。请考虑添加 "required" 修饰符或将该 属性 声明为可为 null。 [/root/WorkSpace/CSharp/BannerlordModEditor/BannerlordModEditor.Common/BannerlordModEditor.Common.csproj]
     2>/root/WorkSpace/CSharp/BannerlordModEditor/BannerlordModEditor.Common/Models/Data/Looknfeel.cs(195,36): warning CS8618: 在退出构造函数时，不可为 null 的 属性 "BackgroundMeshes" 必须包含非 null 值。请考虑添加 "required" 修饰符或将该 属性 声明为可为 null。 [/root/WorkSpace/CSharp/BannerlordModEditor/BannerlordModEditor.Common/BannerlordModEditor.Common.csproj]
     2>/root/WorkSpace/CSharp/BannerlordModEditor/BannerlordModEditor.Common/Models/Data/Looknfeel.cs(198,36): warning CS8618: 在退出构造函数时，不可为 null 的 属性 "ButtonMeshes" 必须包含非 null 值。请考虑添加 "required" 修饰符或将该 属性 声明为可为 null。 [/root/WorkSpace/CSharp/BannerlordModEditor/BannerlordModEditor.Common/BannerlordModEditor.Common.csproj]
     2>/root/WorkSpace/CSharp/BannerlordModEditor/BannerlordModEditor.Common/Models/Data/Looknfeel.cs(201,36): warning CS8618: 在退出构造函数时，不可为 null 的 属性 "ButtonPressedMeshes" 必须包含非 null 值。请考虑添加 "required" 修饰符或将该 属性 声明为可为 null。 [/root/WorkSpace/CSharp/BannerlordModEditor/BannerlordModEditor.Common/BannerlordModEditor.Common.csproj]
     2>/root/WorkSpace/CSharp/BannerlordModEditor/BannerlordModEditor.Common/Models/Data/Looknfeel.cs(204,36): warning CS8618: 在退出构造函数时，不可为 null 的 属性 "HighlightMeshes" 必须包含非 null 值。请考虑添加 "required" 修饰符或将该 属性 声明为可为 null。 [/root/WorkSpace/CSharp/BannerlordModEditor/BannerlordModEditor.Common/BannerlordModEditor.Common.csproj]
     2>/root/WorkSpace/CSharp/BannerlordModEditor/BannerlordModEditor.Common/Models/Data/Looknfeel.cs(207,36): warning CS8618: 在退出构造函数时，不可为 null 的 属性 "CursorMeshes" 必须包含非 null 值。请考虑添加 "required" 修饰符或将该 属性 声明为可为 null。 [/root/WorkSpace/CSharp/BannerlordModEditor/BannerlordModEditor.Common/BannerlordModEditor.Common.csproj]
     2>/root/WorkSpace/CSharp/BannerlordModEditor/BannerlordModEditor.Common/Models/Data/Looknfeel.cs(210,36): warning CS8618: 在退出构造函数时，不可为 null 的 属性 "LeftBorderMeshes" 必须包含非 null 值。请考虑添加 "required" 修饰符或将该 属性 声明为可为 null。 [/root/WorkSpace/CSharp/BannerlordModEditor/BannerlordModEditor.Common/BannerlordModEditor.Common.csproj]
     2>/root/WorkSpace/CSharp/BannerlordModEditor/BannerlordModEditor.Common/Models/Data/Looknfeel.cs(213,36): warning CS8618: 在退出构造函数时，不可为 null 的 属性 "RightBorderMeshes" 必须包含非 null 值。请考虑添加 "required" 修饰符或将该 属性 声明为可为 null。 [/root/WorkSpace/CSharp/BannerlordModEditor/BannerlordModEditor.Common/BannerlordModEditor.Common.csproj]
     2>/root/WorkSpace/CSharp/BannerlordModEditor/BannerlordModEditor.Common/Models/Data/MapIcons.cs(28,23): warning CS8618: 在退出构造函数时，不可为 null 的 属性 "Id" 必须包含非 null 值。请考虑添加 "required" 修饰符或将该 属性 声明为可为 null。 [/root/WorkSpace/CSharp/BannerlordModEditor/BannerlordModEditor.Common/BannerlordModEditor.Common.csproj]
     2>/root/WorkSpace/CSharp/BannerlordModEditor/BannerlordModEditor.Common/Models/Data/MapIcons.cs(31,23): warning CS8618: 在退出构造函数时，不可为 null 的 属性 "IdStr" 必须包含非 null 值。请考虑添加 "required" 修饰符或将该 属性 声明为可为 null。 [/root/WorkSpace/CSharp/BannerlordModEditor/BannerlordModEditor.Common/BannerlordModEditor.Common.csproj]
     2>/root/WorkSpace/CSharp/BannerlordModEditor/BannerlordModEditor.Common/Models/Data/MapIcons.cs(34,23): warning CS8618: 在退出构造函数时，不可为 null 的 属性 "Flags" 必须包含非 null 值。请考虑添加 "required" 修饰符或将该 属性 声明为可为 null。 [/root/WorkSpace/CSharp/BannerlordModEditor/BannerlordModEditor.Common/BannerlordModEditor.Common.csproj]
     2>/root/WorkSpace/CSharp/BannerlordModEditor/BannerlordModEditor.Common/Models/Data/MapIcons.cs(37,23): warning CS8618: 在退出构造函数时，不可为 null 的 属性 "MeshName" 必须包含非 null 值。请考虑添加 "required" 修饰符或将该 属性 声明为可为 null。 [/root/WorkSpace/CSharp/BannerlordModEditor/BannerlordModEditor.Common/BannerlordModEditor.Common.csproj]
     2>/root/WorkSpace/CSharp/BannerlordModEditor/BannerlordModEditor.Common/Models/Data/MapIcons.cs(46,23): warning CS8618: 在退出构造函数时，不可为 null 的 属性 "OffsetPos" 必须包含非 null 值。请考虑添加 "required" 修饰符或将该 属性 声明为可为 null。 [/root/WorkSpace/CSharp/BannerlordModEditor/BannerlordModEditor.Common/BannerlordModEditor.Common.csproj]
     2>/root/WorkSpace/CSharp/BannerlordModEditor/BannerlordModEditor.Common/Models/Data/Looknfeel.cs(255,23): warning CS8618: 在退出构造函数时，不可为 null 的 属性 "Ref" 必须包含非 null 值。请考虑添加 "required" 修饰符或将该 属性 声明为可为 null。 [/root/WorkSpace/CSharp/BannerlordModEditor/BannerlordModEditor.Common/BannerlordModEditor.Common.csproj]
     2>/root/WorkSpace/CSharp/BannerlordModEditor/BannerlordModEditor.Common/Models/Data/Looknfeel.cs(258,23): warning CS8618: 在退出构造函数时，不可为 null 的 属性 "Name" 必须包含非 null 值。请考虑添加 "required" 修饰符或将该 属性 声明为可为 null。 [/root/WorkSpace/CSharp/BannerlordModEditor/BannerlordModEditor.Common/BannerlordModEditor.Common.csproj]
     2>/root/WorkSpace/CSharp/BannerlordModEditor/BannerlordModEditor.Common/Models/Data/Looknfeel.cs(261,23): warning CS8618: 在退出构造函数时，不可为 null 的 属性 "Size" 必须包含非 null 值。请考虑添加 "required" 修饰符或将该 属性 声明为可为 null。 [/root/WorkSpace/CSharp/BannerlordModEditor/BannerlordModEditor.Common/BannerlordModEditor.Common.csproj]
     2>/root/WorkSpace/CSharp/BannerlordModEditor/BannerlordModEditor.Common/Models/Data/Looknfeel.cs(264,23): warning CS8618: 在退出构造函数时，不可为 null 的 属性 "Position" 必须包含非 null 值。请考虑添加 "required" 修饰符或将该 属性 声明为可为 null。 [/root/WorkSpace/CSharp/BannerlordModEditor/BannerlordModEditor.Common/BannerlordModEditor.Common.csproj]
     2>/root/WorkSpace/CSharp/BannerlordModEditor/BannerlordModEditor.Common/Models/Data/Looknfeel.cs(267,23): warning CS8618: 在退出构造函数时，不可为 null 的 属性 "Style" 必须包含非 null 值。请考虑添加 "required" 修饰符或将该 属性 声明为可为 null。 [/root/WorkSpace/CSharp/BannerlordModEditor/BannerlordModEditor.Common/BannerlordModEditor.Common.csproj]
     2>/root/WorkSpace/CSharp/BannerlordModEditor/BannerlordModEditor.Common/Models/Data/Looknfeel.cs(270,23): warning CS8618: 在退出构造函数时，不可为 null 的 属性 "VerticalAlignment" 必须包含非 null 值。请考虑添加 "required" 修饰符或将该 属性 声明为可为 null。 [/root/WorkSpace/CSharp/BannerlordModEditor/BannerlordModEditor.Common/BannerlordModEditor.Common.csproj]
     2>/root/WorkSpace/CSharp/BannerlordModEditor/BannerlordModEditor.Common/Models/Data/Looknfeel.cs(273,23): warning CS8618: 在退出构造函数时，不可为 null 的 属性 "HorizontalAlignment" 必须包含非 null 值。请考虑添加 "required" 修饰符或将该 属性 声明为可为 null。 [/root/WorkSpace/CSharp/BannerlordModEditor/BannerlordModEditor.Common/BannerlordModEditor.Common.csproj]
     2>/root/WorkSpace/CSharp/BannerlordModEditor/BannerlordModEditor.Common/Models/Data/Looknfeel.cs(276,23): warning CS8618: 在退出构造函数时，不可为 null 的 属性 "HorizontalAligment" 必须包含非 null 值。请考虑添加 "required" 修饰符或将该 属性 声明为可为 null。 [/root/WorkSpace/CSharp/BannerlordModEditor/BannerlordModEditor.Common/BannerlordModEditor.Common.csproj]
     2>/root/WorkSpace/CSharp/BannerlordModEditor/BannerlordModEditor.Common/Models/Data/Looknfeel.cs(279,23): warning CS8618: 在退出构造函数时，不可为 null 的 属性 "ScrollSpeed" 必须包含非 null 值。请考虑添加 "required" 修饰符或将该 属性 声明为可为 null。 [/root/WorkSpace/CSharp/BannerlordModEditor/BannerlordModEditor.Common/BannerlordModEditor.Common.csproj]
     2>/root/WorkSpace/CSharp/BannerlordModEditor/BannerlordModEditor.Common/Models/Data/Looknfeel.cs(282,23): warning CS8618: 在退出构造函数时，不可为 null 的 属性 "CellSize" 必须包含非 null 值。请考虑添加 "required" 修饰符或将该 属性 声明为可为 null。 [/root/WorkSpace/CSharp/BannerlordModEditor/BannerlordModEditor.Common/BannerlordModEditor.Common.csproj]
     2>/root/WorkSpace/CSharp/BannerlordModEditor/BannerlordModEditor.Common/Models/Data/Looknfeel.cs(285,23): warning CS8618: 在退出构造函数时，不可为 null 的 属性 "LayoutStyle" 必须包含非 null 值。请考虑添加 "required" 修饰符或将该 属性 声明为可为 null。 [/root/WorkSpace/CSharp/BannerlordModEditor/BannerlordModEditor.Common/BannerlordModEditor.Common.csproj]
     2>/root/WorkSpace/CSharp/BannerlordModEditor/BannerlordModEditor.Common/Models/Data/Looknfeel.cs(288,23): warning CS8618: 在退出构造函数时，不可为 null 的 属性 "LayoutAlignment" 必须包含非 null 值。请考虑添加 "required" 修饰符或将该 属性 声明为可为 null。 [/root/WorkSpace/CSharp/BannerlordModEditor/BannerlordModEditor.Common/BannerlordModEditor.Common.csproj]
     2>/root/WorkSpace/CSharp/BannerlordModEditor/BannerlordModEditor.Common/Models/Data/Looknfeel.cs(291,23): warning CS8618: 在退出构造函数时，不可为 null 的 属性 "Text" 必须包含非 null 值。请考虑添加 "required" 修饰符或将该 属性 声明为可为 null。 [/root/WorkSpace/CSharp/BannerlordModEditor/BannerlordModEditor.Common/BannerlordModEditor.Common.csproj]
     2>/root/WorkSpace/CSharp/BannerlordModEditor/BannerlordModEditor.Common/Models/Data/Looknfeel.cs(294,23): warning CS8618: 在退出构造函数时，不可为 null 的 属性 "TextColor" 必须包含非 null 值。请考虑添加 "required" 修饰符或将该 属性 声明为可为 null。 [/root/WorkSpace/CSharp/BannerlordModEditor/BannerlordModEditor.Common/BannerlordModEditor.Common.csproj]
     2>/root/WorkSpace/CSharp/BannerlordModEditor/BannerlordModEditor.Common/Models/Data/Looknfeel.cs(297,23): warning CS8618: 在退出构造函数时，不可为 null 的 属性 "TextHighlightColor" 必须包含非 null 值。请考虑添加 "required" 修饰符或将该 属性 声明为可为 null。 [/root/WorkSpace/CSharp/BannerlordModEditor/BannerlordModEditor.Common/BannerlordModEditor.Common.csproj]
     2>/root/WorkSpace/CSharp/BannerlordModEditor/BannerlordModEditor.Common/Models/Data/Looknfeel.cs(300,23): warning CS8618: 在退出构造函数时，不可为 null 的 属性 "FontSize" 必须包含非 null 值。请考虑添加 "required" 修饰符或将该 属性 声明为可为 null。 [/root/WorkSpace/CSharp/BannerlordModEditor/BannerlordModEditor.Common/BannerlordModEditor.Common.csproj]
     2>/root/WorkSpace/CSharp/BannerlordModEditor/BannerlordModEditor.Common/Models/Data/Looknfeel.cs(303,41): warning CS8618: 在退出构造函数时，不可为 null 的 属性 "Meshes" 必须包含非 null 值。请考虑添加 "required" 修饰符或将该 属性 声明为可为 null。 [/root/WorkSpace/CSharp/BannerlordModEditor/BannerlordModEditor.Common/BannerlordModEditor.Common.csproj]
     2>/root/WorkSpace/CSharp/BannerlordModEditor/BannerlordModEditor.Common/Models/Data/Looknfeel.cs(306,36): warning CS8618: 在退出构造函数时，不可为 null 的 属性 "SubWidgets" 必须包含非 null 值。请考虑添加 "required" 修饰符或将该 属性 声明为可为 null。 [/root/WorkSpace/CSharp/BannerlordModEditor/BannerlordModEditor.Common/BannerlordModEditor.Common.csproj]
     2>/root/WorkSpace/CSharp/BannerlordModEditor/BannerlordModEditor.Common/Models/Data/Looknfeel.cs(247,32): warning CS8618: 在退出构造函数时，不可为 null 的 属性 "SubWidgetList" 必须包含非 null 值。请考虑添加 "required" 修饰符或将该 属性 声明为可为 null。 [/root/WorkSpace/CSharp/BannerlordModEditor/BannerlordModEditor.Common/BannerlordModEditor.Common.csproj]
     2>/root/WorkSpace/CSharp/BannerlordModEditor/BannerlordModEditor.Common/Models/Data/ManagedCampaignParameters.cs(11,23): warning CS8618: 在退出构造函数时，不可为 null 的 属性 "Type" 必须包含非 null 值。请考虑添加 "required" 修饰符或将该 属性 声明为可为 null。 [/root/WorkSpace/CSharp/BannerlordModEditor/BannerlordModEditor.Common/BannerlordModEditor.Common.csproj]
     2>/root/WorkSpace/CSharp/BannerlordModEditor/BannerlordModEditor.Common/Models/Data/ManagedCampaignParameters.cs(14,51): warning CS8618: 在退出构造函数时，不可为 null 的 属性 "ParametersContainer" 必须包含非 null 值。请考虑添加 "required" 修饰符或将该 属性 声明为可为 null。 [/root/WorkSpace/CSharp/BannerlordModEditor/BannerlordModEditor.Common/BannerlordModEditor.Common.csproj]
     2>/root/WorkSpace/CSharp/BannerlordModEditor/BannerlordModEditor.Common/Models/Data/ManagedCampaignParameters.cs(31,23): warning CS8618: 在退出构造函数时，不可为 null 的 属性 "Id" 必须包含非 null 值。请考虑添加 "required" 修饰符或将该 属性 声明为可为 null。 [/root/WorkSpace/CSharp/BannerlordModEditor/BannerlordModEditor.Common/BannerlordModEditor.Common.csproj]
     2>/root/WorkSpace/CSharp/BannerlordModEditor/BannerlordModEditor.Common/Models/Data/ManagedCampaignParameters.cs(34,23): warning CS8618: 在退出构造函数时，不可为 null 的 属性 "Value" 必须包含非 null 值。请考虑添加 "required" 修饰符或将该 属性 声明为可为 null。 [/root/WorkSpace/CSharp/BannerlordModEditor/BannerlordModEditor.Common/BannerlordModEditor.Common.csproj]
     2>/root/WorkSpace/CSharp/BannerlordModEditor/BannerlordModEditor.Common/Models/Data/Looknfeel.cs(227,23): warning CS8618: 在退出构造函数时，不可为 null 的 属性 "Name" 必须包含非 null 值。请考虑添加 "required" 修饰符或将该 属性 声明为可为 null。 [/root/WorkSpace/CSharp/BannerlordModEditor/BannerlordModEditor.Common/BannerlordModEditor.Common.csproj]
     2>/root/WorkSpace/CSharp/BannerlordModEditor/BannerlordModEditor.Common/Models/Data/Looknfeel.cs(230,23): warning CS8618: 在退出构造函数时，不可为 null 的 属性 "Tiling" 必须包含非 null 值。请考虑添加 "required" 修饰符或将该 属性 声明为可为 null。 [/root/WorkSpace/CSharp/BannerlordModEditor/BannerlordModEditor.Common/BannerlordModEditor.Common.csproj]
     2>/root/WorkSpace/CSharp/BannerlordModEditor/BannerlordModEditor.Common/Models/Data/Looknfeel.cs(233,23): warning CS8618: 在退出构造函数时，不可为 null 的 属性 "MainMesh" 必须包含非 null 值。请考虑添加 "required" 修饰符或将该 属性 声明为可为 null。 [/root/WorkSpace/CSharp/BannerlordModEditor/BannerlordModEditor.Common/BannerlordModEditor.Common.csproj]
     2>/root/WorkSpace/CSharp/BannerlordModEditor/BannerlordModEditor.Common/Models/Data/Looknfeel.cs(236,23): warning CS8618: 在退出构造函数时，不可为 null 的 属性 "Position" 必须包含非 null 值。请考虑添加 "required" 修饰符或将该 属性 声明为可为 null。 [/root/WorkSpace/CSharp/BannerlordModEditor/BannerlordModEditor.Common/BannerlordModEditor.Common.csproj]
     2>/root/WorkSpace/CSharp/BannerlordModEditor/BannerlordModEditor.Common/Models/DTO/MpCraftingPiecesDTO.cs(19,23): warning CS8618: 在退出构造函数时，不可为 null 的 属性 "Id" 必须包含非 null 值。请考虑添加 "required" 修饰符或将该 属性 声明为可为 null。 [/root/WorkSpace/CSharp/BannerlordModEditor/BannerlordModEditor.Common/BannerlordModEditor.Common.csproj]
     2>/root/WorkSpace/CSharp/BannerlordModEditor/BannerlordModEditor.Common/Models/DTO/MpCraftingPiecesDTO.cs(22,23): warning CS8618: 在退出构造函数时，不可为 null 的 属性 "Name" 必须包含非 null 值。请考虑添加 "required" 修饰符或将该 属性 声明为可为 null。 [/root/WorkSpace/CSharp/BannerlordModEditor/BannerlordModEditor.Common/BannerlordModEditor.Common.csproj]
     2>/root/WorkSpace/CSharp/BannerlordModEditor/BannerlordModEditor.Common/Models/DTO/MpCraftingPiecesDTO.cs(25,23): warning CS8618: 在退出构造函数时，不可为 null 的 属性 "Tier" 必须包含非 null 值。请考虑添加 "required" 修饰符或将该 属性 声明为可为 null。 [/root/WorkSpace/CSharp/BannerlordModEditor/BannerlordModEditor.Common/BannerlordModEditor.Common.csproj]
     2>/root/WorkSpace/CSharp/BannerlordModEditor/BannerlordModEditor.Common/Models/DTO/MpCraftingPiecesDTO.cs(28,23): warning CS8618: 在退出构造函数时，不可为 null 的 属性 "PieceType" 必须包含非 null 值。请考虑添加 "required" 修饰符或将该 属性 声明为可为 null。 [/root/WorkSpace/CSharp/BannerlordModEditor/BannerlordModEditor.Common/BannerlordModEditor.Common.csproj]
     2>/root/WorkSpace/CSharp/BannerlordModEditor/BannerlordModEditor.Common/Models/DTO/MpCraftingPiecesDTO.cs(31,23): warning CS8618: 在退出构造函数时，不可为 null 的 属性 "Mesh" 必须包含非 null 值。请考虑添加 "required" 修饰符或将该 属性 声明为可为 null。 [/root/WorkSpace/CSharp/BannerlordModEditor/BannerlordModEditor.Common/BannerlordModEditor.Common.csproj]
     2>/root/WorkSpace/CSharp/BannerlordModEditor/BannerlordModEditor.Common/Models/DTO/MpCraftingPiecesDTO.cs(34,23): warning CS8618: 在退出构造函数时，不可为 null 的 属性 "Scale" 必须包含非 null 值。请考虑添加 "required" 修饰符或将该 属性 声明为可为 null。 [/root/WorkSpace/CSharp/BannerlordModEditor/BannerlordModEditor.Common/BannerlordModEditor.Common.csproj]
     2>/root/WorkSpace/CSharp/BannerlordModEditor/BannerlordModEditor.Common/Models/DTO/MpCraftingPiecesDTO.cs(37,23): warning CS8618: 在退出构造函数时，不可为 null 的 属性 "IsCraftable" 必须包含非 null 值。请考虑添加 "required" 修饰符或将该 属性 声明为可为 null。 [/root/WorkSpace/CSharp/BannerlordModEditor/BannerlordModEditor.Common/BannerlordModEditor.Common.csproj]
     2>/root/WorkSpace/CSharp/BannerlordModEditor/BannerlordModEditor.Common/Models/Data/Mpcosmetics.cs(62,23): warning CS8618: 在退出构造函数时，不可为 null 的 属性 "Id" 必须包含非 null 值。请考虑添加 "required" 修饰符或将该 属性 声明为可为 null。 [/root/WorkSpace/CSharp/BannerlordModEditor/BannerlordModEditor.Common/BannerlordModEditor.Common.csproj]
     2>/root/WorkSpace/CSharp/BannerlordModEditor/BannerlordModEditor.Common/Models/Data/Mpcosmetics.cs(70,23): warning CS8618: 在退出构造函数时，不可为 null 的 属性 "Troop" 必须包含非 null 值。请考虑添加 "required" 修饰符或将该 属性 声明为可为 null。 [/root/WorkSpace/CSharp/BannerlordModEditor/BannerlordModEditor.Common/BannerlordModEditor.Common.csproj]
     2>/root/WorkSpace/CSharp/BannerlordModEditor/BannerlordModEditor.Common/Models/Data/Mpcosmetics.cs(73,23): warning CS8618: 在退出构造函数时，不可为 null 的 属性 "Slot" 必须包含非 null 值。请考虑添加 "required" 修饰符或将该 属性 声明为可为 null。 [/root/WorkSpace/CSharp/BannerlordModEditor/BannerlordModEditor.Common/BannerlordModEditor.Common.csproj]
     2>/root/WorkSpace/CSharp/BannerlordModEditor/BannerlordModEditor.Common/Models/Data/Mpcosmetics.cs(19,23): warning CS8618: 在退出构造函数时，不可为 null 的 属性 "Type" 必须包含非 null 值。请考虑添加 "required" 修饰符或将该 属性 声明为可为 null。 [/root/WorkSpace/CSharp/BannerlordModEditor/BannerlordModEditor.Common/BannerlordModEditor.Common.csproj]
     2>/root/WorkSpace/CSharp/BannerlordModEditor/BannerlordModEditor.Common/Models/Data/Mpcosmetics.cs(22,23): warning CS8618: 在退出构造函数时，不可为 null 的 属性 "Id" 必须包含非 null 值。请考虑添加 "required" 修饰符或将该 属性 声明为可为 null。 [/root/WorkSpace/CSharp/BannerlordModEditor/BannerlordModEditor.Common/BannerlordModEditor.Common.csproj]
     2>/root/WorkSpace/CSharp/BannerlordModEditor/BannerlordModEditor.Common/Models/Data/Mpcosmetics.cs(25,23): warning CS8618: 在退出构造函数时，不可为 null 的 属性 "Rarity" 必须包含非 null 值。请考虑添加 "required" 修饰符或将该 属性 声明为可为 null。 [/root/WorkSpace/CSharp/BannerlordModEditor/BannerlordModEditor.Common/BannerlordModEditor.Common.csproj]
     2>/root/WorkSpace/CSharp/BannerlordModEditor/BannerlordModEditor.Common/Models/Data/Mpcosmetics.cs(28,23): warning CS8618: 在退出构造函数时，不可为 null 的 属性 "Cost" 必须包含非 null 值。请考虑添加 "required" 修饰符或将该 属性 声明为可为 null。 [/root/WorkSpace/CSharp/BannerlordModEditor/BannerlordModEditor.Common/BannerlordModEditor.Common.csproj]
     2>/root/WorkSpace/CSharp/BannerlordModEditor/BannerlordModEditor.Common/Models/Data/Mpcosmetics.cs(31,24): warning CS8618: 在退出构造函数时，不可为 null 的 属性 "Replace" 必须包含非 null 值。请考虑添加 "required" 修饰符或将该 属性 声明为可为 null。 [/root/WorkSpace/CSharp/BannerlordModEditor/BannerlordModEditor.Common/BannerlordModEditor.Common.csproj]
     2>/root/WorkSpace/CSharp/BannerlordModEditor/BannerlordModEditor.Common/Models/Data/MpCraftingPieces.cs(78,23): warning CS8618: 在退出构造函数时，不可为 null 的 属性 "PieceOffset" 必须包含非 null 值。请考虑添加 "required" 修饰符或将该 属性 声明为可为 null。 [/root/WorkSpace/CSharp/BannerlordModEditor/BannerlordModEditor.Common/BannerlordModEditor.Common.csproj]
     2>/root/WorkSpace/CSharp/BannerlordModEditor/BannerlordModEditor.Common/Models/Data/MpCraftingPieces.cs(81,23): warning CS8618: 在退出构造函数时，不可为 null 的 属性 "PreviousPieceOffset" 必须包含非 null 值。请考虑添加 "required" 修饰符或将该 属性 声明为可为 null。 [/root/WorkSpace/CSharp/BannerlordModEditor/BannerlordModEditor.Common/BannerlordModEditor.Common.csproj]
     2>/root/WorkSpace/CSharp/BannerlordModEditor/BannerlordModEditor.Common/Models/Data/MpCraftingPieces.cs(126,23): warning CS8618: 在退出构造函数时，不可为 null 的 属性 "DamageType" 必须包含非 null 值。请考虑添加 "required" 修饰符或将该 属性 声明为可为 null。 [/root/WorkSpace/CSharp/BannerlordModEditor/BannerlordModEditor.Common/BannerlordModEditor.Common.csproj]
     2>/root/WorkSpace/CSharp/BannerlordModEditor/BannerlordModEditor.Common/Models/Data/MpCraftingPieces.cs(129,23): warning CS8618: 在退出构造函数时，不可为 null 的 属性 "DamageFactor" 必须包含非 null 值。请考虑添加 "required" 修饰符或将该 属性 声明为可为 null。 [/root/WorkSpace/CSharp/BannerlordModEditor/BannerlordModEditor.Common/BannerlordModEditor.Common.csproj]
     2>/root/WorkSpace/CSharp/BannerlordModEditor/BannerlordModEditor.Common/Models/Data/MpCraftingPieces.cs(138,23): warning CS8618: 在退出构造函数时，不可为 null 的 属性 "DamageType" 必须包含非 null 值。请考虑添加 "required" 修饰符或将该 属性 声明为可为 null。 [/root/WorkSpace/CSharp/BannerlordModEditor/BannerlordModEditor.Common/BannerlordModEditor.Common.csproj]
     2>/root/WorkSpace/CSharp/BannerlordModEditor/BannerlordModEditor.Common/Models/Data/MpCraftingPieces.cs(141,23): warning CS8618: 在退出构造函数时，不可为 null 的 属性 "DamageFactor" 必须包含非 null 值。请考虑添加 "required" 修饰符或将该 属性 声明为可为 null。 [/root/WorkSpace/CSharp/BannerlordModEditor/BannerlordModEditor.Common/BannerlordModEditor.Common.csproj]
     2>/root/WorkSpace/CSharp/BannerlordModEditor/BannerlordModEditor.Common/Models/Data/MpCraftingPieces.cs(158,23): warning CS8618: 在退出构造函数时，不可为 null 的 属性 "Name" 必须包含非 null 值。请考虑添加 "required" 修饰符或将该 属性 声明为可为 null。 [/root/WorkSpace/CSharp/BannerlordModEditor/BannerlordModEditor.Common/BannerlordModEditor.Common.csproj]
     2>/root/WorkSpace/CSharp/BannerlordModEditor/BannerlordModEditor.Common/Models/Data/MpCraftingPieces.cs(161,23): warning CS8618: 在退出构造函数时，不可为 null 的 属性 "Type" 必须包含非 null 值。请考虑添加 "required" 修饰符或将该 属性 声明为可为 null。 [/root/WorkSpace/CSharp/BannerlordModEditor/BannerlordModEditor.Common/BannerlordModEditor.Common.csproj]
     2>/root/WorkSpace/CSharp/BannerlordModEditor/BannerlordModEditor.Common/Models/Data/Mpitems.cs(76,29): warning CS8618: 在退出构造函数时，不可为 null 的 属性 "Armor" 必须包含非 null 值。请考虑添加 "required" 修饰符或将该 属性 声明为可为 null。 [/root/WorkSpace/CSharp/BannerlordModEditor/BannerlordModEditor.Common/BannerlordModEditor.Common.csproj]
     2>/root/WorkSpace/CSharp/BannerlordModEditor/BannerlordModEditor.Common/Models/Data/MpCraftingPieces.cs(19,23): warning CS8618: 在退出构造函数时，不可为 null 的 属性 "Id" 必须包含非 null 值。请考虑添加 "required" 修饰符或将该 属性 声明为可为 null。 [/root/WorkSpace/CSharp/BannerlordModEditor/BannerlordModEditor.Common/BannerlordModEditor.Common.csproj]
     2>/root/WorkSpace/CSharp/BannerlordModEditor/BannerlordModEditor.Common/Models/Data/MpCraftingPieces.cs(22,23): warning CS8618: 在退出构造函数时，不可为 null 的 属性 "Name" 必须包含非 null 值。请考虑添加 "required" 修饰符或将该 属性 声明为可为 null。 [/root/WorkSpace/CSharp/BannerlordModEditor/BannerlordModEditor.Common/BannerlordModEditor.Common.csproj]
     2>/root/WorkSpace/CSharp/BannerlordModEditor/BannerlordModEditor.Common/Models/Data/MpCraftingPieces.cs(25,23): warning CS8618: 在退出构造函数时，不可为 null 的 属性 "Tier" 必须包含非 null 值。请考虑添加 "required" 修饰符或将该 属性 声明为可为 null。 [/root/WorkSpace/CSharp/BannerlordModEditor/BannerlordModEditor.Common/BannerlordModEditor.Common.csproj]
     2>/root/WorkSpace/CSharp/BannerlordModEditor/BannerlordModEditor.Common/Models/Data/MpCraftingPieces.cs(28,23): warning CS8618: 在退出构造函数时，不可为 null 的 属性 "PieceType" 必须包含非 null 值。请考虑添加 "required" 修饰符或将该 属性 声明为可为 null。 [/root/WorkSpace/CSharp/BannerlordModEditor/BannerlordModEditor.Common/BannerlordModEditor.Common.csproj]
     2>/root/WorkSpace/CSharp/BannerlordModEditor/BannerlordModEditor.Common/Models/Data/MpCraftingPieces.cs(31,23): warning CS8618: 在退出构造函数时，不可为 null 的 属性 "Mesh" 必须包含非 null 值。请考虑添加 "required" 修饰符或将该 属性 声明为可为 null。 [/root/WorkSpace/CSharp/BannerlordModEditor/BannerlordModEditor.Common/BannerlordModEditor.Common.csproj]
     2>/root/WorkSpace/CSharp/BannerlordModEditor/BannerlordModEditor.Common/Models/Data/MpCraftingPieces.cs(34,23): warning CS8618: 在退出构造函数时，不可为 null 的 属性 "DistanceToNextPiece" 必须包含非 null 值。请考虑添加 "required" 修饰符或将该 属性 声明为可为 null。 [/root/WorkSpace/CSharp/BannerlordModEditor/BannerlordModEditor.Common/BannerlordModEditor.Common.csproj]
     2>/root/WorkSpace/CSharp/BannerlordModEditor/BannerlordModEditor.Common/Models/Data/MpCraftingPieces.cs(37,23): warning CS8618: 在退出构造函数时，不可为 null 的 属性 "DistanceToPreviousPiece" 必须包含非 null 值。请考虑添加 "required" 修饰符或将该 属性 声明为可为 null。 [/root/WorkSpace/CSharp/BannerlordModEditor/BannerlordModEditor.Common/BannerlordModEditor.Common.csproj]
     2>/root/WorkSpace/CSharp/BannerlordModEditor/BannerlordModEditor.Common/Models/Data/MpCraftingPieces.cs(40,23): warning CS8618: 在退出构造函数时，不可为 null 的 属性 "Weight" 必须包含非 null 值。请考虑添加 "required" 修饰符或将该 属性 声明为可为 null。 [/root/WorkSpace/CSharp/BannerlordModEditor/BannerlordModEditor.Common/BannerlordModEditor.Common.csproj]
     2>/root/WorkSpace/CSharp/BannerlordModEditor/BannerlordModEditor.Common/Models/Data/MpCraftingPieces.cs(43,23): warning CS8618: 在退出构造函数时，不可为 null 的 属性 "ExcludedItemUsageFeatures" 必须包含非 null 值。请考虑添加 "required" 修饰符或将该 属性 声明为可为 null。 [/root/WorkSpace/CSharp/BannerlordModEditor/BannerlordModEditor.Common/BannerlordModEditor.Common.csproj]
     2>/root/WorkSpace/CSharp/BannerlordModEditor/BannerlordModEditor.Common/Models/Data/MpCraftingPieces.cs(46,23): warning CS8618: 在退出构造函数时，不可为 null 的 属性 "Length" 必须包含非 null 值。请考虑添加 "required" 修饰符或将该 属性 声明为可为 null。 [/root/WorkSpace/CSharp/BannerlordModEditor/BannerlordModEditor.Common/BannerlordModEditor.Common.csproj]
     2>/root/WorkSpace/CSharp/BannerlordModEditor/BannerlordModEditor.Common/Models/Data/MpCraftingPieces.cs(49,23): warning CS8618: 在退出构造函数时，不可为 null 的 属性 "FullScale" 必须包含非 null 值。请考虑添加 "required" 修饰符或将该 属性 声明为可为 null。 [/root/WorkSpace/CSharp/BannerlordModEditor/BannerlordModEditor.Common/BannerlordModEditor.Common.csproj]
     2>/root/WorkSpace/CSharp/BannerlordModEditor/BannerlordModEditor.Common/Models/Data/MpCraftingPieces.cs(52,23): warning CS8618: 在退出构造函数时，不可为 null 的 属性 "Culture" 必须包含非 null 值。请考虑添加 "required" 修饰符或将该 属性 声明为可为 null。 [/root/WorkSpace/CSharp/BannerlordModEditor/BannerlordModEditor.Common/BannerlordModEditor.Common.csproj]
     2>/root/WorkSpace/CSharp/BannerlordModEditor/BannerlordModEditor.Common/Models/Data/MpCraftingPieces.cs(55,28): warning CS8618: 在退出构造函数时，不可为 null 的 属性 "BuildData" 必须包含非 null 值。请考虑添加 "required" 修饰符或将该 属性 声明为可为 null。 [/root/WorkSpace/CSharp/BannerlordModEditor/BannerlordModEditor.Common/BannerlordModEditor.Common.csproj]
     2>/root/WorkSpace/CSharp/BannerlordModEditor/BannerlordModEditor.Common/Models/Data/MpCraftingPieces.cs(58,28): warning CS8618: 在退出构造函数时，不可为 null 的 属性 "BladeData" 必须包含非 null 值。请考虑添加 "required" 修饰符或将该 属性 声明为可为 null。 [/root/WorkSpace/CSharp/BannerlordModEditor/BannerlordModEditor.Common/BannerlordModEditor.Common.csproj]
     2>/root/WorkSpace/CSharp/BannerlordModEditor/BannerlordModEditor.Common/Models/Data/MpCraftingPieces.cs(61,32): warning CS8618: 在退出构造函数时，不可为 null 的 属性 "Flags" 必须包含非 null 值。请考虑添加 "required" 修饰符或将该 属性 声明为可为 null。 [/root/WorkSpace/CSharp/BannerlordModEditor/BannerlordModEditor.Common/BannerlordModEditor.Common.csproj]
     2>/root/WorkSpace/CSharp/BannerlordModEditor/BannerlordModEditor.Common/Models/Data/MpCraftingPieces.cs(90,23): warning CS8618: 在退出构造函数时，不可为 null 的 属性 "StackAmount" 必须包含非 null 值。请考虑添加 "required" 修饰符或将该 属性 声明为可为 null。 [/root/WorkSpace/CSharp/BannerlordModEditor/BannerlordModEditor.Common/BannerlordModEditor.Common.csproj]
     2>/root/WorkSpace/CSharp/BannerlordModEditor/BannerlordModEditor.Common/Models/Data/MpCraftingPieces.cs(93,23): warning CS8618: 在退出构造函数时，不可为 null 的 属性 "BladeLength" 必须包含非 null 值。请考虑添加 "required" 修饰符或将该 属性 声明为可为 null。 [/root/WorkSpace/CSharp/BannerlordModEditor/BannerlordModEditor.Common/BannerlordModEditor.Common.csproj]
     2>/root/WorkSpace/CSharp/BannerlordModEditor/BannerlordModEditor.Common/Models/Data/MpCraftingPieces.cs(96,23): warning CS8618: 在退出构造函数时，不可为 null 的 属性 "BladeWidth" 必须包含非 null 值。请考虑添加 "required" 修饰符或将该 属性 声明为可为 null。 [/root/WorkSpace/CSharp/BannerlordModEditor/BannerlordModEditor.Common/BannerlordModEditor.Common.csproj]
     2>/root/WorkSpace/CSharp/BannerlordModEditor/BannerlordModEditor.Common/Models/Data/MpCraftingPieces.cs(99,23): warning CS8618: 在退出构造函数时，不可为 null 的 属性 "PhysicsMaterial" 必须包含非 null 值。请考虑添加 "required" 修饰符或将该 属性 声明为可为 null。 [/root/WorkSpace/CSharp/BannerlordModEditor/BannerlordModEditor.Common/BannerlordModEditor.Common.csproj]
     2>/root/WorkSpace/CSharp/BannerlordModEditor/BannerlordModEditor.Common/Models/Data/MpCraftingPieces.cs(102,23): warning CS8618: 在退出构造函数时，不可为 null 的 属性 "BodyName" 必须包含非 null 值。请考虑添加 "required" 修饰符或将该 属性 声明为可为 null。 [/root/WorkSpace/CSharp/BannerlordModEditor/BannerlordModEditor.Common/BannerlordModEditor.Common.csproj]
     2>/root/WorkSpace/CSharp/BannerlordModEditor/BannerlordModEditor.Common/Models/Data/MpCraftingPieces.cs(105,23): warning CS8618: 在退出构造函数时，不可为 null 的 属性 "HolsterMesh" 必须包含非 null 值。请考虑添加 "required" 修饰符或将该 属性 声明为可为 null。 [/root/WorkSpace/CSharp/BannerlordModEditor/BannerlordModEditor.Common/BannerlordModEditor.Common.csproj]
     2>/root/WorkSpace/CSharp/BannerlordModEditor/BannerlordModEditor.Common/Models/Data/MpCraftingPieces.cs(108,25): warning CS8618: 在退出构造函数时，不可为 null 的 属性 "Thrust" 必须包含非 null 值。请考虑添加 "required" 修饰符或将该 属性 声明为可为 null。 [/root/WorkSpace/CSharp/BannerlordModEditor/BannerlordModEditor.Common/BannerlordModEditor.Common.csproj]
     2>/root/WorkSpace/CSharp/BannerlordModEditor/BannerlordModEditor.Common/Models/Data/MpCraftingPieces.cs(111,24): warning CS8618: 在退出构造函数时，不可为 null 的 属性 "Swing" 必须包含非 null 值。请考虑添加 "required" 修饰符或将该 属性 声明为可为 null。 [/root/WorkSpace/CSharp/BannerlordModEditor/BannerlordModEditor.Common/BannerlordModEditor.Common.csproj]
     2>/root/WorkSpace/CSharp/BannerlordModEditor/BannerlordModEditor.Common/Models/Data/MultiplayerScenes.cs(40,23): warning CS8618: 在退出构造函数时，不可为 null 的 属性 "Name" 必须包含非 null 值。请考虑添加 "required" 修饰符或将该 属性 声明为可为 null。 [/root/WorkSpace/CSharp/BannerlordModEditor/BannerlordModEditor.Common/BannerlordModEditor.Common.csproj]
     2>/root/WorkSpace/CSharp/BannerlordModEditor/BannerlordModEditor.Common/Models/Data/PrebakedAnimations.cs(23,32): warning CS8618: 在退出构造函数时，不可为 null 的 属性 "Animations" 必须包含非 null 值。请考虑添加 "required" 修饰符或将该 属性 声明为可为 null。 [/root/WorkSpace/CSharp/BannerlordModEditor/BannerlordModEditor.Common/BannerlordModEditor.Common.csproj]
     2>/root/WorkSpace/CSharp/BannerlordModEditor/BannerlordModEditor.Common/Models/DTO/LooknfeelDTO.cs(263,23): warning CS8618: 在退出构造函数时，不可为 null 的 属性 "Ref" 必须包含非 null 值。请考虑添加 "required" 修饰符或将该 属性 声明为可为 null。 [/root/WorkSpace/CSharp/BannerlordModEditor/BannerlordModEditor.Common/BannerlordModEditor.Common.csproj]
     2>/root/WorkSpace/CSharp/BannerlordModEditor/BannerlordModEditor.Common/Models/DTO/LooknfeelDTO.cs(266,23): warning CS8618: 在退出构造函数时，不可为 null 的 属性 "Name" 必须包含非 null 值。请考虑添加 "required" 修饰符或将该 属性 声明为可为 null。 [/root/WorkSpace/CSharp/BannerlordModEditor/BannerlordModEditor.Common/BannerlordModEditor.Common.csproj]
     2>/root/WorkSpace/CSharp/BannerlordModEditor/BannerlordModEditor.Common/Models/DTO/LooknfeelDTO.cs(269,23): warning CS8618: 在退出构造函数时，不可为 null 的 属性 "Size" 必须包含非 null 值。请考虑添加 "required" 修饰符或将该 属性 声明为可为 null。 [/root/WorkSpace/CSharp/BannerlordModEditor/BannerlordModEditor.Common/BannerlordModEditor.Common.csproj]
     2>/root/WorkSpace/CSharp/BannerlordModEditor/BannerlordModEditor.Common/Models/DTO/LooknfeelDTO.cs(272,23): warning CS8618: 在退出构造函数时，不可为 null 的 属性 "Position" 必须包含非 null 值。请考虑添加 "required" 修饰符或将该 属性 声明为可为 null。 [/root/WorkSpace/CSharp/BannerlordModEditor/BannerlordModEditor.Common/BannerlordModEditor.Common.csproj]
     2>/root/WorkSpace/CSharp/BannerlordModEditor/BannerlordModEditor.Common/Models/DTO/LooknfeelDTO.cs(275,23): warning CS8618: 在退出构造函数时，不可为 null 的 属性 "Style" 必须包含非 null 值。请考虑添加 "required" 修饰符或将该 属性 声明为可为 null。 [/root/WorkSpace/CSharp/BannerlordModEditor/BannerlordModEditor.Common/BannerlordModEditor.Common.csproj]
     2>/root/WorkSpace/CSharp/BannerlordModEditor/BannerlordModEditor.Common/Models/DTO/LooknfeelDTO.cs(278,23): warning CS8618: 在退出构造函数时，不可为 null 的 属性 "VerticalAlignment" 必须包含非 null 值。请考虑添加 "required" 修饰符或将该 属性 声明为可为 null。 [/root/WorkSpace/CSharp/BannerlordModEditor/BannerlordModEditor.Common/BannerlordModEditor.Common.csproj]
     2>/root/WorkSpace/CSharp/BannerlordModEditor/BannerlordModEditor.Common/Models/DTO/LooknfeelDTO.cs(281,23): warning CS8618: 在退出构造函数时，不可为 null 的 属性 "HorizontalAlignment" 必须包含非 null 值。请考虑添加 "required" 修饰符或将该 属性 声明为可为 null。 [/root/WorkSpace/CSharp/BannerlordModEditor/BannerlordModEditor.Common/BannerlordModEditor.Common.csproj]
     2>/root/WorkSpace/CSharp/BannerlordModEditor/BannerlordModEditor.Common/Models/DTO/LooknfeelDTO.cs(291,23): warning CS8618: 在退出构造函数时，不可为 null 的 属性 "ScrollSpeed" 必须包含非 null 值。请考虑添加 "required" 修饰符或将该 属性 声明为可为 null。 [/root/WorkSpace/CSharp/BannerlordModEditor/BannerlordModEditor.Common/BannerlordModEditor.Common.csproj]
     2>/root/WorkSpace/CSharp/BannerlordModEditor/BannerlordModEditor.Common/Models/DTO/LooknfeelDTO.cs(294,23): warning CS8618: 在退出构造函数时，不可为 null 的 属性 "CellSize" 必须包含非 null 值。请考虑添加 "required" 修饰符或将该 属性 声明为可为 null。 [/root/WorkSpace/CSharp/BannerlordModEditor/BannerlordModEditor.Common/BannerlordModEditor.Common.csproj]
     2>/root/WorkSpace/CSharp/BannerlordModEditor/BannerlordModEditor.Common/Models/DTO/LooknfeelDTO.cs(297,23): warning CS8618: 在退出构造函数时，不可为 null 的 属性 "LayoutStyle" 必须包含非 null 值。请考虑添加 "required" 修饰符或将该 属性 声明为可为 null。 [/root/WorkSpace/CSharp/BannerlordModEditor/BannerlordModEditor.Common/BannerlordModEditor.Common.csproj]
     2>/root/WorkSpace/CSharp/BannerlordModEditor/BannerlordModEditor.Common/Models/DTO/LooknfeelDTO.cs(300,23): warning CS8618: 在退出构造函数时，不可为 null 的 属性 "LayoutAlignment" 必须包含非 null 值。请考虑添加 "required" 修饰符或将该 属性 声明为可为 null。 [/root/WorkSpace/CSharp/BannerlordModEditor/BannerlordModEditor.Common/BannerlordModEditor.Common.csproj]
     2>/root/WorkSpace/CSharp/BannerlordModEditor/BannerlordModEditor.Common/Models/DTO/LooknfeelDTO.cs(303,23): warning CS8618: 在退出构造函数时，不可为 null 的 属性 "Text" 必须包含非 null 值。请考虑添加 "required" 修饰符或将该 属性 声明为可为 null。 [/root/WorkSpace/CSharp/BannerlordModEditor/BannerlordModEditor.Common/BannerlordModEditor.Common.csproj]
     2>/root/WorkSpace/CSharp/BannerlordModEditor/BannerlordModEditor.Common/Models/DTO/LooknfeelDTO.cs(306,23): warning CS8618: 在退出构造函数时，不可为 null 的 属性 "TextColor" 必须包含非 null 值。请考虑添加 "required" 修饰符或将该 属性 声明为可为 null。 [/root/WorkSpace/CSharp/BannerlordModEditor/BannerlordModEditor.Common/BannerlordModEditor.Common.csproj]
     2>/root/WorkSpace/CSharp/BannerlordModEditor/BannerlordModEditor.Common/Models/DTO/LooknfeelDTO.cs(309,23): warning CS8618: 在退出构造函数时，不可为 null 的 属性 "TextHighlightColor" 必须包含非 null 值。请考虑添加 "required" 修饰符或将该 属性 声明为可为 null。 [/root/WorkSpace/CSharp/BannerlordModEditor/BannerlordModEditor.Common/BannerlordModEditor.Common.csproj]
     2>/root/WorkSpace/CSharp/BannerlordModEditor/BannerlordModEditor.Common/Models/DTO/LooknfeelDTO.cs(312,23): warning CS8618: 在退出构造函数时，不可为 null 的 属性 "FontSize" 必须包含非 null 值。请考虑添加 "required" 修饰符或将该 属性 声明为可为 null。 [/root/WorkSpace/CSharp/BannerlordModEditor/BannerlordModEditor.Common/BannerlordModEditor.Common.csproj]
     2>/root/WorkSpace/CSharp/BannerlordModEditor/BannerlordModEditor.Common/Models/DTO/LooknfeelDTO.cs(316,44): warning CS8618: 在退出构造函数时，不可为 null 的 属性 "Meshes" 必须包含非 null 值。请考虑添加 "required" 修饰符或将该 属性 声明为可为 null。 [/root/WorkSpace/CSharp/BannerlordModEditor/BannerlordModEditor.Common/BannerlordModEditor.Common.csproj]
     2>/root/WorkSpace/CSharp/BannerlordModEditor/BannerlordModEditor.Common/Models/DTO/LooknfeelDTO.cs(319,45): warning CS8618: 在退出构造函数时，不可为 null 的 属性 "SubWidgetsList" 必须包含非 null 值。请考虑添加 "required" 修饰符或将该 属性 声明为可为 null。 [/root/WorkSpace/CSharp/BannerlordModEditor/BannerlordModEditor.Common/BannerlordModEditor.Common.csproj]
     2>/root/WorkSpace/CSharp/BannerlordModEditor/BannerlordModEditor.Common/Models/Data/PrebakedAnimations.cs(11,23): warning CS8618: 在退出构造函数时，不可为 null 的 属性 "Type" 必须包含非 null 值。请考虑添加 "required" 修饰符或将该 属性 声明为可为 null。 [/root/WorkSpace/CSharp/BannerlordModEditor/BannerlordModEditor.Common/BannerlordModEditor.Common.csproj]
     2>/root/WorkSpace/CSharp/BannerlordModEditor/BannerlordModEditor.Common/Models/Data/PrebakedAnimations.cs(14,39): warning CS8618: 在退出构造函数时，不可为 null 的 属性 "PrebakedAnimationsList" 必须包含非 null 值。请考虑添加 "required" 修饰符或将该 属性 声明为可为 null。 [/root/WorkSpace/CSharp/BannerlordModEditor/BannerlordModEditor.Common/BannerlordModEditor.Common.csproj]
     2>/root/WorkSpace/CSharp/BannerlordModEditor/BannerlordModEditor.Common/Models/Data/Mpitems.cs(21,23): warning CS8618: 在退出构造函数时，不可为 null 的 属性 "Id" 必须包含非 null 值。请考虑添加 "required" 修饰符或将该 属性 声明为可为 null。 [/root/WorkSpace/CSharp/BannerlordModEditor/BannerlordModEditor.Common/BannerlordModEditor.Common.csproj]
     2>/root/WorkSpace/CSharp/BannerlordModEditor/BannerlordModEditor.Common/Models/Data/Mpitems.cs(25,23): warning CS8618: 在退出构造函数时，不可为 null 的 属性 "Name" 必须包含非 null 值。请考虑添加 "required" 修饰符或将该 属性 声明为可为 null。 [/root/WorkSpace/CSharp/BannerlordModEditor/BannerlordModEditor.Common/BannerlordModEditor.Common.csproj]
     2>/root/WorkSpace/CSharp/BannerlordModEditor/BannerlordModEditor.Common/Models/Data/Mpitems.cs(29,23): warning CS8618: 在退出构造函数时，不可为 null 的 属性 "Subtype" 必须包含非 null 值。请考虑添加 "required" 修饰符或将该 属性 声明为可为 null。 [/root/WorkSpace/CSharp/BannerlordModEditor/BannerlordModEditor.Common/BannerlordModEditor.Common.csproj]
     2>/root/WorkSpace/CSharp/BannerlordModEditor/BannerlordModEditor.Common/Models/Data/Mpitems.cs(33,23): warning CS8618: 在退出构造函数时，不可为 null 的 属性 "Mesh" 必须包含非 null 值。请考虑添加 "required" 修饰符或将该 属性 声明为可为 null。 [/root/WorkSpace/CSharp/BannerlordModEditor/BannerlordModEditor.Common/BannerlordModEditor.Common.csproj]
     2>/root/WorkSpace/CSharp/BannerlordModEditor/BannerlordModEditor.Common/Models/Data/Mpitems.cs(37,23): warning CS8618: 在退出构造函数时，不可为 null 的 属性 "Culture" 必须包含非 null 值。请考虑添加 "required" 修饰符或将该 属性 声明为可为 null。 [/root/WorkSpace/CSharp/BannerlordModEditor/BannerlordModEditor.Common/BannerlordModEditor.Common.csproj]
     2>/root/WorkSpace/CSharp/BannerlordModEditor/BannerlordModEditor.Common/Models/Data/Mpitems.cs(61,23): warning CS8618: 在退出构造函数时，不可为 null 的 属性 "Type" 必须包含非 null 值。请考虑添加 "required" 修饰符或将该 属性 声明为可为 null。 [/root/WorkSpace/CSharp/BannerlordModEditor/BannerlordModEditor.Common/BannerlordModEditor.Common.csproj]
     2>/root/WorkSpace/CSharp/BannerlordModEditor/BannerlordModEditor.Common/Models/Data/Mpitems.cs(65,37): warning CS8618: 在退出构造函数时，不可为 null 的 属性 "ItemComponent" 必须包含非 null 值。请考虑添加 "required" 修饰符或将该 属性 声明为可为 null。 [/root/WorkSpace/CSharp/BannerlordModEditor/BannerlordModEditor.Common/BannerlordModEditor.Common.csproj]
     2>/root/WorkSpace/CSharp/BannerlordModEditor/BannerlordModEditor.Common/Models/Data/Mpitems.cs(69,29): warning CS8618: 在退出构造函数时，不可为 null 的 属性 "Flags" 必须包含非 null 值。请考虑添加 "required" 修饰符或将该 属性 声明为可为 null。 [/root/WorkSpace/CSharp/BannerlordModEditor/BannerlordModEditor.Common/BannerlordModEditor.Common.csproj]
     2>/root/WorkSpace/CSharp/BannerlordModEditor/BannerlordModEditor.Common/Models/Data/ParticleSystems.cs(71,23): warning CS8618: 在退出构造函数时，不可为 null 的 属性 "Name" 必须包含非 null 值。请考虑添加 "required" 修饰符或将该 属性 声明为可为 null。 [/root/WorkSpace/CSharp/BannerlordModEditor/BannerlordModEditor.Common/BannerlordModEditor.Common.csproj]
     2>/root/WorkSpace/CSharp/BannerlordModEditor/BannerlordModEditor.Common/Models/Data/ParticleSystems.cs(74,23): warning CS8618: 在退出构造函数时，不可为 null 的 属性 "Value" 必须包含非 null 值。请考虑添加 "required" 修饰符或将该 属性 声明为可为 null。 [/root/WorkSpace/CSharp/BannerlordModEditor/BannerlordModEditor.Common/BannerlordModEditor.Common.csproj]
     2>/root/WorkSpace/CSharp/BannerlordModEditor/BannerlordModEditor.Common/Models/Data/ParticleSystems.cs(44,23): warning CS8618: 在退出构造函数时，不可为 null 的 属性 "Name" 必须包含非 null 值。请考虑添加 "required" 修饰符或将该 属性 声明为可为 null。 [/root/WorkSpace/CSharp/BannerlordModEditor/BannerlordModEditor.Common/BannerlordModEditor.Common.csproj]
     2>/root/WorkSpace/CSharp/BannerlordModEditor/BannerlordModEditor.Common/Models/Data/ParticleSystems.cs(50,30): warning CS8618: 在退出构造函数时，不可为 null 的 属性 "Flags" 必须包含非 null 值。请考虑添加 "required" 修饰符或将该 属性 声明为可为 null。 [/root/WorkSpace/CSharp/BannerlordModEditor/BannerlordModEditor.Common/BannerlordModEditor.Common.csproj]
     2>/root/WorkSpace/CSharp/BannerlordModEditor/BannerlordModEditor.Common/Models/Data/ParticleSystems.cs(53,27): warning CS8618: 在退出构造函数时，不可为 null 的 属性 "Parameters" 必须包含非 null 值。请考虑添加 "required" 修饰符或将该 属性 声明为可为 null。 [/root/WorkSpace/CSharp/BannerlordModEditor/BannerlordModEditor.Common/BannerlordModEditor.Common.csproj]
     2>/root/WorkSpace/CSharp/BannerlordModEditor/BannerlordModEditor.Common/Models/Data/Looknfeel.cs(35,23): warning CS8618: 在退出构造函数时，不可为 null 的 属性 "Type" 必须包含非 null 值。请考虑添加 "required" 修饰符或将该 属性 声明为可为 null。 [/root/WorkSpace/CSharp/BannerlordModEditor/BannerlordModEditor.Common/BannerlordModEditor.Common.csproj]
     2>/root/WorkSpace/CSharp/BannerlordModEditor/BannerlordModEditor.Common/Models/Data/Looknfeel.cs(38,23): warning CS8618: 在退出构造函数时，不可为 null 的 属性 "Name" 必须包含非 null 值。请考虑添加 "required" 修饰符或将该 属性 声明为可为 null。 [/root/WorkSpace/CSharp/BannerlordModEditor/BannerlordModEditor.Common/BannerlordModEditor.Common.csproj]
     2>/root/WorkSpace/CSharp/BannerlordModEditor/BannerlordModEditor.Common/Models/Data/Looknfeel.cs(41,23): warning CS8618: 在退出构造函数时，不可为 null 的 属性 "TilingBorderSize" 必须包含非 null 值。请考虑添加 "required" 修饰符或将该 属性 声明为可为 null。 [/root/WorkSpace/CSharp/BannerlordModEditor/BannerlordModEditor.Common/BannerlordModEditor.Common.csproj]
     2>/root/WorkSpace/CSharp/BannerlordModEditor/BannerlordModEditor.Common/Models/Data/Looknfeel.cs(44,23): warning CS8618: 在退出构造函数时，不可为 null 的 属性 "TileBackgroundAccordingToBorder" 必须包含非 null 值。请考虑添加 "required" 修饰符或将该 属性 声明为可为 null。 [/root/WorkSpace/CSharp/BannerlordModEditor/BannerlordModEditor.Common/BannerlordModEditor.Common.csproj]
     2>/root/WorkSpace/CSharp/BannerlordModEditor/BannerlordModEditor.Common/Models/Data/Looknfeel.cs(47,23): warning CS8618: 在退出构造函数时，不可为 null 的 属性 "BackgroundTileSize" 必须包含非 null 值。请考虑添加 "required" 修饰符或将该 属性 声明为可为 null。 [/root/WorkSpace/CSharp/BannerlordModEditor/BannerlordModEditor.Common/BannerlordModEditor.Common.csproj]
     2>/root/WorkSpace/CSharp/BannerlordModEditor/BannerlordModEditor.Common/Models/Data/Looknfeel.cs(50,23): warning CS8618: 在退出构造函数时，不可为 null 的 属性 "Focusable" 必须包含非 null 值。请考虑添加 "required" 修饰符或将该 属性 声明为可为 null。 [/root/WorkSpace/CSharp/BannerlordModEditor/BannerlordModEditor.Common/BannerlordModEditor.Common.csproj]
     2>/root/WorkSpace/CSharp/BannerlordModEditor/BannerlordModEditor.Common/Models/Data/Looknfeel.cs(53,23): warning CS8618: 在退出构造函数时，不可为 null 的 属性 "Style" 必须包含非 null 值。请考虑添加 "required" 修饰符或将该 属性 声明为可为 null。 [/root/WorkSpace/CSharp/BannerlordModEditor/BannerlordModEditor.Common/BannerlordModEditor.Common.csproj]
     2>/root/WorkSpace/CSharp/BannerlordModEditor/BannerlordModEditor.Common/Models/Data/Looknfeel.cs(56,23): warning CS8618: 在退出构造函数时，不可为 null 的 属性 "TrackAreaInset" 必须包含非 null 值。请考虑添加 "required" 修饰符或将该 属性 声明为可为 null。 [/root/WorkSpace/CSharp/BannerlordModEditor/BannerlordModEditor.Common/BannerlordModEditor.Common.csproj]
     2>/root/WorkSpace/CSharp/BannerlordModEditor/BannerlordModEditor.Common/Models/Data/Looknfeel.cs(59,23): warning CS8618: 在退出构造函数时，不可为 null 的 属性 "Text" 必须包含非 null 值。请考虑添加 "required" 修饰符或将该 属性 声明为可为 null。 [/root/WorkSpace/CSharp/BannerlordModEditor/BannerlordModEditor.Common/BannerlordModEditor.Common.csproj]
     2>/root/WorkSpace/CSharp/BannerlordModEditor/BannerlordModEditor.Common/Models/Data/Looknfeel.cs(62,23): warning CS8618: 在退出构造函数时，不可为 null 的 属性 "InitialState" 必须包含非 null 值。请考虑添加 "required" 修饰符或将该 属性 声明为可为 null。 [/root/WorkSpace/CSharp/BannerlordModEditor/BannerlordModEditor.Common/BannerlordModEditor.Common.csproj]
     2>/root/WorkSpace/CSharp/BannerlordModEditor/BannerlordModEditor.Common/Models/Data/Looknfeel.cs(65,23): warning CS8618: 在退出构造函数时，不可为 null 的 属性 "NumOfCols" 必须包含非 null 值。请考虑添加 "required" 修饰符或将该 属性 声明为可为 null。 [/root/WorkSpace/CSharp/BannerlordModEditor/BannerlordModEditor.Common/BannerlordModEditor.Common.csproj]
     2>/root/WorkSpace/CSharp/BannerlordModEditor/BannerlordModEditor.Common/Models/Data/Looknfeel.cs(68,23): warning CS8618: 在退出构造函数时，不可为 null 的 属性 "NumOfRows" 必须包含非 null 值。请考虑添加 "required" 修饰符或将该 属性 声明为可为 null。 [/root/WorkSpace/CSharp/BannerlordModEditor/BannerlordModEditor.Common/BannerlordModEditor.Common.csproj]
     2>/root/WorkSpace/CSharp/BannerlordModEditor/BannerlordModEditor.Common/Models/Data/Looknfeel.cs(71,23): warning CS8618: 在退出构造函数时，不可为 null 的 属性 "MaxNumOfRows" 必须包含非 null 值。请考虑添加 "required" 修饰符或将该 属性 声明为可为 null。 [/root/WorkSpace/CSharp/BannerlordModEditor/BannerlordModEditor.Common/BannerlordModEditor.Common.csproj]
     2>/root/WorkSpace/CSharp/BannerlordModEditor/BannerlordModEditor.Common/Models/Data/Looknfeel.cs(74,23): warning CS8618: 在退出构造函数时，不可为 null 的 属性 "BorderSize" 必须包含非 null 值。请考虑添加 "required" 修饰符或将该 属性 声明为可为 null。 [/root/WorkSpace/CSharp/BannerlordModEditor/BannerlordModEditor.Common/BannerlordModEditor.Common.csproj]
     2>/root/WorkSpace/CSharp/BannerlordModEditor/BannerlordModEditor.Common/Models/Data/Looknfeel.cs(77,23): warning CS8618: 在退出构造函数时，不可为 null 的 属性 "ShowScrollBars" 必须包含非 null 值。请考虑添加 "required" 修饰符或将该 属性 声明为可为 null。 [/root/WorkSpace/CSharp/BannerlordModEditor/BannerlordModEditor.Common/BannerlordModEditor.Common.csproj]
     2>/root/WorkSpace/CSharp/BannerlordModEditor/BannerlordModEditor.Common/Models/Data/Looknfeel.cs(80,23): warning CS8618: 在退出构造函数时，不可为 null 的 属性 "ScrollAreaInset" 必须包含非 null 值。请考虑添加 "required" 修饰符或将该 属性 声明为可为 null。 [/root/WorkSpace/CSharp/BannerlordModEditor/BannerlordModEditor.Common/BannerlordModEditor.Common.csproj]
     2>/root/WorkSpace/CSharp/BannerlordModEditor/BannerlordModEditor.Common/Models/Data/Looknfeel.cs(83,23): warning CS8618: 在退出构造函数时，不可为 null 的 属性 "CellSize" 必须包含非 null 值。请考虑添加 "required" 修饰符或将该 属性 声明为可为 null。 [/root/WorkSpace/CSharp/BannerlordModEditor/BannerlordModEditor.Common/BannerlordModEditor.Common.csproj]
     2>/root/WorkSpace/CSharp/BannerlordModEditor/BannerlordModEditor.Common/Models/Data/Looknfeel.cs(86,23): warning CS8618: 在退出构造函数时，不可为 null 的 属性 "LayoutStyle" 必须包含非 null 值。请考虑添加 "required" 修饰符或将该 属性 声明为可为 null。 [/root/WorkSpace/CSharp/BannerlordModEditor/BannerlordModEditor.Common/BannerlordModEditor.Common.csproj]
     2>/root/WorkSpace/CSharp/BannerlordModEditor/BannerlordModEditor.Common/Models/Data/Looknfeel.cs(89,23): warning CS8618: 在退出构造函数时，不可为 null 的 属性 "LayoutAlignment" 必须包含非 null 值。请考虑添加 "required" 修饰符或将该 属性 声明为可为 null。 [/root/WorkSpace/CSharp/BannerlordModEditor/BannerlordModEditor.Common/BannerlordModEditor.Common.csproj]
     2>/root/WorkSpace/CSharp/BannerlordModEditor/BannerlordModEditor.Common/Models/Data/Looknfeel.cs(92,23): warning CS8618: 在退出构造函数时，不可为 null 的 属性 "AutoShowScrollBars" 必须包含非 null 值。请考虑添加 "required" 修饰符或将该 属性 声明为可为 null。 [/root/WorkSpace/CSharp/BannerlordModEditor/BannerlordModEditor.Common/BannerlordModEditor.Common.csproj]
     2>/root/WorkSpace/CSharp/BannerlordModEditor/BannerlordModEditor.Common/Models/Data/Looknfeel.cs(95,23): warning CS8618: 在退出构造函数时，不可为 null 的 属性 "IncrementVec" 必须包含非 null 值。请考虑添加 "required" 修饰符或将该 属性 声明为可为 null。 [/root/WorkSpace/CSharp/BannerlordModEditor/BannerlordModEditor.Common/BannerlordModEditor.Common.csproj]
     2>/root/WorkSpace/CSharp/BannerlordModEditor/BannerlordModEditor.Common/Models/Data/Looknfeel.cs(98,23): warning CS8618: 在退出构造函数时，不可为 null 的 属性 "InitialValue" 必须包含非 null 值。请考虑添加 "required" 修饰符或将该 属性 声明为可为 null。 [/root/WorkSpace/CSharp/BannerlordModEditor/BannerlordModEditor.Common/BannerlordModEditor.Common.csproj]
     2>/root/WorkSpace/CSharp/BannerlordModEditor/BannerlordModEditor.Common/Models/Data/Looknfeel.cs(101,23): warning CS8618: 在退出构造函数时，不可为 null 的 属性 "MaxAllowedDigit" 必须包含非 null 值。请考虑添加 "required" 修饰符或将该 属性 声明为可为 null。 [/root/WorkSpace/CSharp/BannerlordModEditor/BannerlordModEditor.Common/BannerlordModEditor.Common.csproj]
     2>/root/WorkSpace/CSharp/BannerlordModEditor/BannerlordModEditor.Common/Models/Data/Looknfeel.cs(104,23): warning CS8618: 在退出构造函数时，不可为 null 的 属性 "MinAllowedValue" 必须包含非 null 值。请考虑添加 "required" 修饰符或将该 属性 声明为可为 null。 [/root/WorkSpace/CSharp/BannerlordModEditor/BannerlordModEditor.Common/BannerlordModEditor.Common.csproj]
     2>/root/WorkSpace/CSharp/BannerlordModEditor/BannerlordModEditor.Common/Models/Data/Looknfeel.cs(107,23): warning CS8618: 在退出构造函数时，不可为 null 的 属性 "MaxAllowedValue" 必须包含非 null 值。请考虑添加 "required" 修饰符或将该 属性 声明为可为 null。 [/root/WorkSpace/CSharp/BannerlordModEditor/BannerlordModEditor.Common/BannerlordModEditor.Common.csproj]
     2>/root/WorkSpace/CSharp/BannerlordModEditor/BannerlordModEditor.Common/Models/Data/Looknfeel.cs(110,23): warning CS8618: 在退出构造函数时，不可为 null 的 属性 "StepValue" 必须包含非 null 值。请考虑添加 "required" 修饰符或将该 属性 声明为可为 null。 [/root/WorkSpace/CSharp/BannerlordModEditor/BannerlordModEditor.Common/BannerlordModEditor.Common.csproj]
     2>/root/WorkSpace/CSharp/BannerlordModEditor/BannerlordModEditor.Common/Models/Data/Looknfeel.cs(113,23): warning CS8618: 在退出构造函数时，不可为 null 的 属性 "MinValue" 必须包含非 null 值。请考虑添加 "required" 修饰符或将该 属性 声明为可为 null。 [/root/WorkSpace/CSharp/BannerlordModEditor/BannerlordModEditor.Common/BannerlordModEditor.Common.csproj]
     2>/root/WorkSpace/CSharp/BannerlordModEditor/BannerlordModEditor.Common/Models/Data/Looknfeel.cs(116,23): warning CS8618: 在退出构造函数时，不可为 null 的 属性 "MaxValue" 必须包含非 null 值。请考虑添加 "required" 修饰符或将该 属性 声明为可为 null。 [/root/WorkSpace/CSharp/BannerlordModEditor/BannerlordModEditor.Common/BannerlordModEditor.Common.csproj]
     2>/root/WorkSpace/CSharp/BannerlordModEditor/BannerlordModEditor.Common/Models/Data/Looknfeel.cs(119,23): warning CS8618: 在退出构造函数时，不可为 null 的 属性 "VerticalAlignment" 必须包含非 null 值。请考虑添加 "required" 修饰符或将该 属性 声明为可为 null。 [/root/WorkSpace/CSharp/BannerlordModEditor/BannerlordModEditor.Common/BannerlordModEditor.Common.csproj]
     2>/root/WorkSpace/CSharp/BannerlordModEditor/BannerlordModEditor.Common/Models/Data/Looknfeel.cs(122,23): warning CS8618: 在退出构造函数时，不可为 null 的 属性 "HorizontalAlignment" 必须包含非 null 值。请考虑添加 "required" 修饰符或将该 属性 声明为可为 null。 [/root/WorkSpace/CSharp/BannerlordModEditor/BannerlordModEditor.Common/BannerlordModEditor.Common.csproj]
     2>/root/WorkSpace/CSharp/BannerlordModEditor/BannerlordModEditor.Common/Models/Data/Looknfeel.cs(125,23): warning CS8618: 在退出构造函数时，不可为 null 的 属性 "HorizontalAligment" 必须包含非 null 值。请考虑添加 "required" 修饰符或将该 属性 声明为可为 null。 [/root/WorkSpace/CSharp/BannerlordModEditor/BannerlordModEditor.Common/BannerlordModEditor.Common.csproj]
     2>/root/WorkSpace/CSharp/BannerlordModEditor/BannerlordModEditor.Common/Models/Data/Looknfeel.cs(128,23): warning CS8618: 在退出构造函数时，不可为 null 的 属性 "TextHighlightColor" 必须包含非 null 值。请考虑添加 "required" 修饰符或将该 属性 声明为可为 null。 [/root/WorkSpace/CSharp/BannerlordModEditor/BannerlordModEditor.Common/BannerlordModEditor.Common.csproj]
     2>/root/WorkSpace/CSharp/BannerlordModEditor/BannerlordModEditor.Common/Models/Data/Looknfeel.cs(131,23): warning CS8618: 在退出构造函数时，不可为 null 的 属性 "TextColor" 必须包含非 null 值。请考虑添加 "required" 修饰符或将该 属性 声明为可为 null。 [/root/WorkSpace/CSharp/BannerlordModEditor/BannerlordModEditor.Common/BannerlordModEditor.Common.csproj]
     2>/root/WorkSpace/CSharp/BannerlordModEditor/BannerlordModEditor.Common/Models/Data/Looknfeel.cs(134,23): warning CS8618: 在退出构造函数时，不可为 null 的 属性 "FontSize" 必须包含非 null 值。请考虑添加 "required" 修饰符或将该 属性 声明为可为 null。 [/root/WorkSpace/CSharp/BannerlordModEditor/BannerlordModEditor.Common/BannerlordModEditor.Common.csproj]
     2>/root/WorkSpace/CSharp/BannerlordModEditor/BannerlordModEditor.Common/Models/Data/Looknfeel.cs(137,23): warning CS8618: 在退出构造函数时，不可为 null 的 属性 "Size" 必须包含非 null 值。请考虑添加 "required" 修饰符或将该 属性 声明为可为 null。 [/root/WorkSpace/CSharp/BannerlordModEditor/BannerlordModEditor.Common/BannerlordModEditor.Common.csproj]
     2>/root/WorkSpace/CSharp/BannerlordModEditor/BannerlordModEditor.Common/Models/Data/Looknfeel.cs(140,23): warning CS8618: 在退出构造函数时，不可为 null 的 属性 "Position" 必须包含非 null 值。请考虑添加 "required" 修饰符或将该 属性 声明为可为 null。 [/root/WorkSpace/CSharp/BannerlordModEditor/BannerlordModEditor.Common/BannerlordModEditor.Common.csproj]
     2>/root/WorkSpace/CSharp/BannerlordModEditor/BannerlordModEditor.Common/Models/Data/Looknfeel.cs(143,41): warning CS8618: 在退出构造函数时，不可为 null 的 属性 "Meshes" 必须包含非 null 值。请考虑添加 "required" 修饰符或将该 属性 声明为可为 null。 [/root/WorkSpace/CSharp/BannerlordModEditor/BannerlordModEditor.Common/BannerlordModEditor.Common.csproj]
     2>/root/WorkSpace/CSharp/BannerlordModEditor/BannerlordModEditor.Common/Models/Data/Looknfeel.cs(146,23): warning CS8618: 在退出构造函数时，不可为 null 的 属性 "ButtonMesh" 必须包含非 null 值。请考虑添加 "required" 修饰符或将该 属性 声明为可为 null。 [/root/WorkSpace/CSharp/BannerlordModEditor/BannerlordModEditor.Common/BannerlordModEditor.Common.csproj]
     2>/root/WorkSpace/CSharp/BannerlordModEditor/BannerlordModEditor.Common/Models/Data/Looknfeel.cs(149,36): warning CS8618: 在退出构造函数时，不可为 null 的 属性 "SubWidgets" 必须包含非 null 值。请考虑添加 "required" 修饰符或将该 属性 声明为可为 null。 [/root/WorkSpace/CSharp/BannerlordModEditor/BannerlordModEditor.Common/BannerlordModEditor.Common.csproj]
     2>/root/WorkSpace/CSharp/BannerlordModEditor/BannerlordModEditor.Common/Models/Data/ParticleSystems.cs(155,23): warning CS8618: 在退出构造函数时，不可为 null 的 属性 "Value" 必须包含非 null 值。请考虑添加 "required" 修饰符或将该 属性 声明为可为 null。 [/root/WorkSpace/CSharp/BannerlordModEditor/BannerlordModEditor.Common/BannerlordModEditor.Common.csproj]
     2>/root/WorkSpace/CSharp/BannerlordModEditor/BannerlordModEditor.Common/Models/Data/ParticleSystems.cs(158,23): warning CS8618: 在退出构造函数时，不可为 null 的 属性 "Position" 必须包含非 null 值。请考虑添加 "required" 修饰符或将该 属性 声明为可为 null。 [/root/WorkSpace/CSharp/BannerlordModEditor/BannerlordModEditor.Common/BannerlordModEditor.Common.csproj]
     2>/root/WorkSpace/CSharp/BannerlordModEditor/BannerlordModEditor.Common/Models/Data/ParticleSystems.cs(161,23): warning CS8618: 在退出构造函数时，不可为 null 的 属性 "Tangent" 必须包含非 null 值。请考虑添加 "required" 修饰符或将该 属性 声明为可为 null。 [/root/WorkSpace/CSharp/BannerlordModEditor/BannerlordModEditor.Common/BannerlordModEditor.Common.csproj]
     2>/root/WorkSpace/CSharp/BannerlordModEditor/BannerlordModEditor.Common/Models/Data/ParticleSystems.cs(91,23): warning CS8618: 在退出构造函数时，不可为 null 的 属性 "Name" 必须包含非 null 值。请考虑添加 "required" 修饰符或将该 属性 声明为可为 null。 [/root/WorkSpace/CSharp/BannerlordModEditor/BannerlordModEditor.Common/BannerlordModEditor.Common.csproj]
     2>/root/WorkSpace/CSharp/BannerlordModEditor/BannerlordModEditor.Common/Models/Data/ParticleSystems.cs(94,23): warning CS8618: 在退出构造函数时，不可为 null 的 属性 "Value" 必须包含非 null 值。请考虑添加 "required" 修饰符或将该 属性 声明为可为 null。 [/root/WorkSpace/CSharp/BannerlordModEditor/BannerlordModEditor.Common/BannerlordModEditor.Common.csproj]
     2>/root/WorkSpace/CSharp/BannerlordModEditor/BannerlordModEditor.Common/Models/Data/ParticleSystems.cs(97,23): warning CS8618: 在退出构造函数时，不可为 null 的 属性 "Bias" 必须包含非 null 值。请考虑添加 "required" 修饰符或将该 属性 声明为可为 null。 [/root/WorkSpace/CSharp/BannerlordModEditor/BannerlordModEditor.Common/BannerlordModEditor.Common.csproj]
     2>/root/WorkSpace/CSharp/BannerlordModEditor/BannerlordModEditor.Common/Models/Data/ParticleSystems.cs(100,23): warning CS8618: 在退出构造函数时，不可为 null 的 属性 "Curve" 必须包含非 null 值。请考虑添加 "required" 修饰符或将该 属性 声明为可为 null。 [/root/WorkSpace/CSharp/BannerlordModEditor/BannerlordModEditor.Common/BannerlordModEditor.Common.csproj]
     2>/root/WorkSpace/CSharp/BannerlordModEditor/BannerlordModEditor.Common/Models/Data/ParticleSystems.cs(103,23): warning CS8618: 在退出构造函数时，不可为 null 的 属性 "Color" 必须包含非 null 值。请考虑添加 "required" 修饰符或将该 属性 声明为可为 null。 [/root/WorkSpace/CSharp/BannerlordModEditor/BannerlordModEditor.Common/BannerlordModEditor.Common.csproj]
     2>/root/WorkSpace/CSharp/BannerlordModEditor/BannerlordModEditor.Common/Models/Data/ParticleSystems.cs(106,23): warning CS8618: 在退出构造函数时，不可为 null 的 属性 "Alpha" 必须包含非 null 值。请考虑添加 "required" 修饰符或将该 属性 声明为可为 null。 [/root/WorkSpace/CSharp/BannerlordModEditor/BannerlordModEditor.Common/BannerlordModEditor.Common.csproj]
     2>/root/WorkSpace/CSharp/BannerlordModEditor/BannerlordModEditor.Common/Models/Data/ParticleSystems.cs(109,22): warning CS8618: 在退出构造函数时，不可为 null 的 属性 "ParameterCurve" 必须包含非 null 值。请考虑添加 "required" 修饰符或将该 属性 声明为可为 null。 [/root/WorkSpace/CSharp/BannerlordModEditor/BannerlordModEditor.Common/BannerlordModEditor.Common.csproj]
     2>/root/WorkSpace/CSharp/BannerlordModEditor/BannerlordModEditor.Common/Models/Data/ParticleSystems.cs(19,23): warning CS8618: 在退出构造函数时，不可为 null 的 属性 "Name" 必须包含非 null 值。请考虑添加 "required" 修饰符或将该 属性 声明为可为 null。 [/root/WorkSpace/CSharp/BannerlordModEditor/BannerlordModEditor.Common/BannerlordModEditor.Common.csproj]
     2>/root/WorkSpace/CSharp/BannerlordModEditor/BannerlordModEditor.Common/Models/Data/ParticleSystems.cs(22,23): warning CS8618: 在退出构造函数时，不可为 null 的 属性 "Guid" 必须包含非 null 值。请考虑添加 "required" 修饰符或将该 属性 声明为可为 null。 [/root/WorkSpace/CSharp/BannerlordModEditor/BannerlordModEditor.Common/BannerlordModEditor.Common.csproj]
     2>/root/WorkSpace/CSharp/BannerlordModEditor/BannerlordModEditor.Common/Models/Data/ParticleSystems.cs(25,23): warning CS8618: 在退出构造函数时，不可为 null 的 属性 "SoundCode" 必须包含非 null 值。请考虑添加 "required" 修饰符或将该 属性 声明为可为 null。 [/root/WorkSpace/CSharp/BannerlordModEditor/BannerlordModEditor.Common/BannerlordModEditor.Common.csproj]
     2>/root/WorkSpace/CSharp/BannerlordModEditor/BannerlordModEditor.Common/Models/Data/ParticleSystems.cs(28,25): warning CS8618: 在退出构造函数时，不可为 null 的 属性 "Emitters" 必须包含非 null 值。请考虑添加 "required" 修饰符或将该 属性 声明为可为 null。 [/root/WorkSpace/CSharp/BannerlordModEditor/BannerlordModEditor.Common/BannerlordModEditor.Common.csproj]
     2>/root/WorkSpace/CSharp/BannerlordModEditor/BannerlordModEditor.Common/Models/Data/ParticleSystems.cs(123,23): warning CS8618: 在退出构造函数时，不可为 null 的 属性 "Name" 必须包含非 null 值。请考虑添加 "required" 修饰符或将该 属性 声明为可为 null。 [/root/WorkSpace/CSharp/BannerlordModEditor/BannerlordModEditor.Common/BannerlordModEditor.Common.csproj]
     2>/root/WorkSpace/CSharp/BannerlordModEditor/BannerlordModEditor.Common/Models/Data/ParticleSystems.cs(126,23): warning CS8618: 在退出构造函数时，不可为 null 的 属性 "Version" 必须包含非 null 值。请考虑添加 "required" 修饰符或将该 属性 声明为可为 null。 [/root/WorkSpace/CSharp/BannerlordModEditor/BannerlordModEditor.Common/BannerlordModEditor.Common.csproj]
     2>/root/WorkSpace/CSharp/BannerlordModEditor/BannerlordModEditor.Common/Models/Data/ParticleSystems.cs(129,23): warning CS8618: 在退出构造函数时，不可为 null 的 属性 "Default" 必须包含非 null 值。请考虑添加 "required" 修饰符或将该 属性 声明为可为 null。 [/root/WorkSpace/CSharp/BannerlordModEditor/BannerlordModEditor.Common/BannerlordModEditor.Common.csproj]
     2>/root/WorkSpace/CSharp/BannerlordModEditor/BannerlordModEditor.Common/Models/Data/ParticleSystems.cs(132,23): warning CS8618: 在退出构造函数时，不可为 null 的 属性 "CurveMultiplier" 必须包含非 null 值。请考虑添加 "required" 修饰符或将该 属性 声明为可为 null。 [/root/WorkSpace/CSharp/BannerlordModEditor/BannerlordModEditor.Common/BannerlordModEditor.Common.csproj]
     2>/root/WorkSpace/CSharp/BannerlordModEditor/BannerlordModEditor.Common/Models/Data/ParticleSystems.cs(135,21): warning CS8618: 在退出构造函数时，不可为 null 的 属性 "Keys" 必须包含非 null 值。请考虑添加 "required" 修饰符或将该 属性 声明为可为 null。 [/root/WorkSpace/CSharp/BannerlordModEditor/BannerlordModEditor.Common/BannerlordModEditor.Common.csproj]
     2>/root/WorkSpace/CSharp/BannerlordModEditor/BannerlordModEditor.Common/Models/Data/ItemModifiers.cs(105,20): warning CS8603: 可能返回 null 引用。 [/root/WorkSpace/CSharp/BannerlordModEditor/BannerlordModEditor.Common/BannerlordModEditor.Common.csproj]
     2>/root/WorkSpace/CSharp/BannerlordModEditor/BannerlordModEditor.Common/Models/Data/ItemModifiers.cs(113,20): warning CS8603: 可能返回 null 引用。 [/root/WorkSpace/CSharp/BannerlordModEditor/BannerlordModEditor.Common/BannerlordModEditor.Common.csproj]
     2>/root/WorkSpace/CSharp/BannerlordModEditor/BannerlordModEditor.Common/Models/Data/Mpcultures.cs(17,23): warning CS8618: 在退出构造函数时，不可为 null 的 属性 "Id" 必须包含非 null 值。请考虑添加 "required" 修饰符或将该 属性 声明为可为 null。 [/root/WorkSpace/CSharp/BannerlordModEditor/BannerlordModEditor.Common/BannerlordModEditor.Common.csproj]
     2>/root/WorkSpace/CSharp/BannerlordModEditor/BannerlordModEditor.Common/Models/Data/Mpcultures.cs(20,23): warning CS8618: 在退出构造函数时，不可为 null 的 属性 "Name" 必须包含非 null 值。请考虑添加 "required" 修饰符或将该 属性 声明为可为 null。 [/root/WorkSpace/CSharp/BannerlordModEditor/BannerlordModEditor.Common/BannerlordModEditor.Common.csproj]
     2>/root/WorkSpace/CSharp/BannerlordModEditor/BannerlordModEditor.Common/Models/Data/Mpcultures.cs(27,23): warning CS8618: 在退出构造函数时，不可为 null 的 属性 "DefaultFaceKey" 必须包含非 null 值。请考虑添加 "required" 修饰符或将该 属性 声明为可为 null。 [/root/WorkSpace/CSharp/BannerlordModEditor/BannerlordModEditor.Common/BannerlordModEditor.Common.csproj]
     2>/root/WorkSpace/CSharp/BannerlordModEditor/BannerlordModEditor.Common/Models/Data/Mpcultures.cs(30,23): warning CS8618: 在退出构造函数时，不可为 null 的 属性 "Color" 必须包含非 null 值。请考虑添加 "required" 修饰符或将该 属性 声明为可为 null。 [/root/WorkSpace/CSharp/BannerlordModEditor/BannerlordModEditor.Common/BannerlordModEditor.Common.csproj]
     2>/root/WorkSpace/CSharp/BannerlordModEditor/BannerlordModEditor.Common/Models/Data/Mpcultures.cs(34,23): warning CS8618: 在退出构造函数时，不可为 null 的 属性 "Color2" 必须包含非 null 值。请考虑添加 "required" 修饰符或将该 属性 声明为可为 null。 [/root/WorkSpace/CSharp/BannerlordModEditor/BannerlordModEditor.Common/BannerlordModEditor.Common.csproj]
     2>/root/WorkSpace/CSharp/BannerlordModEditor/BannerlordModEditor.Common/Models/Data/Mpcultures.cs(38,23): warning CS8618: 在退出构造函数时，不可为 null 的 属性 "ClothAlternativeColor1" 必须包含非 null 值。请考虑添加 "required" 修饰符或将该 属性 声明为可为 null。 [/root/WorkSpace/CSharp/BannerlordModEditor/BannerlordModEditor.Common/BannerlordModEditor.Common.csproj]
     2>/root/WorkSpace/CSharp/BannerlordModEditor/BannerlordModEditor.Common/Models/Data/Mpcultures.cs(42,23): warning CS8618: 在退出构造函数时，不可为 null 的 属性 "ClothAlternativeColor2" 必须包含非 null 值。请考虑添加 "required" 修饰符或将该 属性 声明为可为 null。 [/root/WorkSpace/CSharp/BannerlordModEditor/BannerlordModEditor.Common/BannerlordModEditor.Common.csproj]
     2>/root/WorkSpace/CSharp/BannerlordModEditor/BannerlordModEditor.Common/Models/Data/Mpcultures.cs(46,23): warning CS8618: 在退出构造函数时，不可为 null 的 属性 "BannerBackgroundColor1" 必须包含非 null 值。请考虑添加 "required" 修饰符或将该 属性 声明为可为 null。 [/root/WorkSpace/CSharp/BannerlordModEditor/BannerlordModEditor.Common/BannerlordModEditor.Common.csproj]
     2>/root/WorkSpace/CSharp/BannerlordModEditor/BannerlordModEditor.Common/Models/Data/Mpcultures.cs(50,23): warning CS8618: 在退出构造函数时，不可为 null 的 属性 "BannerForegroundColor1" 必须包含非 null 值。请考虑添加 "required" 修饰符或将该 属性 声明为可为 null。 [/root/WorkSpace/CSharp/BannerlordModEditor/BannerlordModEditor.Common/BannerlordModEditor.Common.csproj]
     2>/root/WorkSpace/CSharp/BannerlordModEditor/BannerlordModEditor.Common/Models/Data/Mpcultures.cs(54,23): warning CS8618: 在退出构造函数时，不可为 null 的 属性 "BannerBackgroundColor2" 必须包含非 null 值。请考虑添加 "required" 修饰符或将该 属性 声明为可为 null。 [/root/WorkSpace/CSharp/BannerlordModEditor/BannerlordModEditor.Common/BannerlordModEditor.Common.csproj]
     2>/root/WorkSpace/CSharp/BannerlordModEditor/BannerlordModEditor.Common/Models/Data/Mpcultures.cs(58,23): warning CS8618: 在退出构造函数时，不可为 null 的 属性 "BannerForegroundColor2" 必须包含非 null 值。请考虑添加 "required" 修饰符或将该 属性 声明为可为 null。 [/root/WorkSpace/CSharp/BannerlordModEditor/BannerlordModEditor.Common/BannerlordModEditor.Common.csproj]
     2>/root/WorkSpace/CSharp/BannerlordModEditor/BannerlordModEditor.Common/Models/Data/Mpcultures.cs(62,23): warning CS8618: 在退出构造函数时，不可为 null 的 属性 "FactionBannerKey" 必须包含非 null 值。请考虑添加 "required" 修饰符或将该 属性 声明为可为 null。 [/root/WorkSpace/CSharp/BannerlordModEditor/BannerlordModEditor.Common/BannerlordModEditor.Common.csproj]
     2>/root/WorkSpace/CSharp/BannerlordModEditor/BannerlordModEditor.Common/Models/Data/ItemModifiers.cs(121,20): warning CS8603: 可能返回 null 引用。 [/root/WorkSpace/CSharp/BannerlordModEditor/BannerlordModEditor.Common/BannerlordModEditor.Common.csproj]
     2>/root/WorkSpace/CSharp/BannerlordModEditor/BannerlordModEditor.Common/Models/Data/Mpitems.cs(103,23): warning CS8618: 在退出构造函数时，不可为 null 的 属性 "HairCoverType" 必须包含非 null 值。请考虑添加 "required" 修饰符或将该 属性 声明为可为 null。 [/root/WorkSpace/CSharp/BannerlordModEditor/BannerlordModEditor.Common/BannerlordModEditor.Common.csproj]
     2>/root/WorkSpace/CSharp/BannerlordModEditor/BannerlordModEditor.Common/Models/Data/Mpitems.cs(107,23): warning CS8618: 在退出构造函数时，不可为 null 的 属性 "BeardCoverType" 必须包含非 null 值。请考虑添加 "required" 修饰符或将该 属性 声明为可为 null。 [/root/WorkSpace/CSharp/BannerlordModEditor/BannerlordModEditor.Common/BannerlordModEditor.Common.csproj]
     2>/root/WorkSpace/CSharp/BannerlordModEditor/BannerlordModEditor.Common/Models/Data/Mpitems.cs(111,23): warning CS8618: 在退出构造函数时，不可为 null 的 属性 "ModifierGroup" 必须包含非 null 值。请考虑添加 "required" 修饰符或将该 属性 声明为可为 null。 [/root/WorkSpace/CSharp/BannerlordModEditor/BannerlordModEditor.Common/BannerlordModEditor.Common.csproj]
     2>/root/WorkSpace/CSharp/BannerlordModEditor/BannerlordModEditor.Common/Models/Data/Mpitems.cs(115,23): warning CS8618: 在退出构造函数时，不可为 null 的 属性 "MaterialType" 必须包含非 null 值。请考虑添加 "required" 修饰符或将该 属性 声明为可为 null。 [/root/WorkSpace/CSharp/BannerlordModEditor/BannerlordModEditor.Common/BannerlordModEditor.Common.csproj]
     2>/root/WorkSpace/CSharp/BannerlordModEditor/BannerlordModEditor.Common/Models/Data/ItemModifiers.cs(135,20): warning CS8603: 可能返回 null 引用。 [/root/WorkSpace/CSharp/BannerlordModEditor/BannerlordModEditor.Common/BannerlordModEditor.Common.csproj]
     2>/root/WorkSpace/CSharp/BannerlordModEditor/BannerlordModEditor.Common/Models/DTO/LooknfeelDTO.cs(34,23): warning CS8618: 在退出构造函数时，不可为 null 的 属性 "Type" 必须包含非 null 值。请考虑添加 "required" 修饰符或将该 属性 声明为可为 null。 [/root/WorkSpace/CSharp/BannerlordModEditor/BannerlordModEditor.Common/BannerlordModEditor.Common.csproj]
     2>/root/WorkSpace/CSharp/BannerlordModEditor/BannerlordModEditor.Common/Models/DTO/LooknfeelDTO.cs(37,23): warning CS8618: 在退出构造函数时，不可为 null 的 属性 "Name" 必须包含非 null 值。请考虑添加 "required" 修饰符或将该 属性 声明为可为 null。 [/root/WorkSpace/CSharp/BannerlordModEditor/BannerlordModEditor.Common/BannerlordModEditor.Common.csproj]
     2>/root/WorkSpace/CSharp/BannerlordModEditor/BannerlordModEditor.Common/Models/DTO/LooknfeelDTO.cs(40,23): warning CS8618: 在退出构造函数时，不可为 null 的 属性 "TilingBorderSize" 必须包含非 null 值。请考虑添加 "required" 修饰符或将该 属性 声明为可为 null。 [/root/WorkSpace/CSharp/BannerlordModEditor/BannerlordModEditor.Common/BannerlordModEditor.Common.csproj]
     2>/root/WorkSpace/CSharp/BannerlordModEditor/BannerlordModEditor.Common/Models/DTO/LooknfeelDTO.cs(43,23): warning CS8618: 在退出构造函数时，不可为 null 的 属性 "TileBackgroundAccordingToBorder" 必须包含非 null 值。请考虑添加 "required" 修饰符或将该 属性 声明为可为 null。 [/root/WorkSpace/CSharp/BannerlordModEditor/BannerlordModEditor.Common/BannerlordModEditor.Common.csproj]
     2>/root/WorkSpace/CSharp/BannerlordModEditor/BannerlordModEditor.Common/Models/DTO/LooknfeelDTO.cs(46,23): warning CS8618: 在退出构造函数时，不可为 null 的 属性 "BackgroundTileSize" 必须包含非 null 值。请考虑添加 "required" 修饰符或将该 属性 声明为可为 null。 [/root/WorkSpace/CSharp/BannerlordModEditor/BannerlordModEditor.Common/BannerlordModEditor.Common.csproj]
     2>/root/WorkSpace/CSharp/BannerlordModEditor/BannerlordModEditor.Common/Models/DTO/LooknfeelDTO.cs(49,23): warning CS8618: 在退出构造函数时，不可为 null 的 属性 "Focusable" 必须包含非 null 值。请考虑添加 "required" 修饰符或将该 属性 声明为可为 null。 [/root/WorkSpace/CSharp/BannerlordModEditor/BannerlordModEditor.Common/BannerlordModEditor.Common.csproj]
     2>/root/WorkSpace/CSharp/BannerlordModEditor/BannerlordModEditor.Common/Models/DTO/LooknfeelDTO.cs(52,23): warning CS8618: 在退出构造函数时，不可为 null 的 属性 "Style" 必须包含非 null 值。请考虑添加 "required" 修饰符或将该 属性 声明为可为 null。 [/root/WorkSpace/CSharp/BannerlordModEditor/BannerlordModEditor.Common/BannerlordModEditor.Common.csproj]
     2>/root/WorkSpace/CSharp/BannerlordModEditor/BannerlordModEditor.Common/Models/DTO/LooknfeelDTO.cs(55,23): warning CS8618: 在退出构造函数时，不可为 null 的 属性 "TrackAreaInset" 必须包含非 null 值。请考虑添加 "required" 修饰符或将该 属性 声明为可为 null。 [/root/WorkSpace/CSharp/BannerlordModEditor/BannerlordModEditor.Common/BannerlordModEditor.Common.csproj]
     2>/root/WorkSpace/CSharp/BannerlordModEditor/BannerlordModEditor.Common/Models/DTO/LooknfeelDTO.cs(58,23): warning CS8618: 在退出构造函数时，不可为 null 的 属性 "Text" 必须包含非 null 值。请考虑添加 "required" 修饰符或将该 属性 声明为可为 null。 [/root/WorkSpace/CSharp/BannerlordModEditor/BannerlordModEditor.Common/BannerlordModEditor.Common.csproj]
     2>/root/WorkSpace/CSharp/BannerlordModEditor/BannerlordModEditor.Common/Models/DTO/LooknfeelDTO.cs(61,23): warning CS8618: 在退出构造函数时，不可为 null 的 属性 "InitialState" 必须包含非 null 值。请考虑添加 "required" 修饰符或将该 属性 声明为可为 null。 [/root/WorkSpace/CSharp/BannerlordModEditor/BannerlordModEditor.Common/BannerlordModEditor.Common.csproj]
     2>/root/WorkSpace/CSharp/BannerlordModEditor/BannerlordModEditor.Common/Models/DTO/LooknfeelDTO.cs(64,23): warning CS8618: 在退出构造函数时，不可为 null 的 属性 "NumOfCols" 必须包含非 null 值。请考虑添加 "required" 修饰符或将该 属性 声明为可为 null。 [/root/WorkSpace/CSharp/BannerlordModEditor/BannerlordModEditor.Common/BannerlordModEditor.Common.csproj]
     2>/root/WorkSpace/CSharp/BannerlordModEditor/BannerlordModEditor.Common/Models/DTO/LooknfeelDTO.cs(67,23): warning CS8618: 在退出构造函数时，不可为 null 的 属性 "NumOfRows" 必须包含非 null 值。请考虑添加 "required" 修饰符或将该 属性 声明为可为 null。 [/root/WorkSpace/CSharp/BannerlordModEditor/BannerlordModEditor.Common/BannerlordModEditor.Common.csproj]
     2>/root/WorkSpace/CSharp/BannerlordModEditor/BannerlordModEditor.Common/Models/DTO/LooknfeelDTO.cs(70,23): warning CS8618: 在退出构造函数时，不可为 null 的 属性 "MaxNumOfRows" 必须包含非 null 值。请考虑添加 "required" 修饰符或将该 属性 声明为可为 null。 [/root/WorkSpace/CSharp/BannerlordModEditor/BannerlordModEditor.Common/BannerlordModEditor.Common.csproj]
     2>/root/WorkSpace/CSharp/BannerlordModEditor/BannerlordModEditor.Common/Models/DTO/LooknfeelDTO.cs(73,23): warning CS8618: 在退出构造函数时，不可为 null 的 属性 "BorderSize" 必须包含非 null 值。请考虑添加 "required" 修饰符或将该 属性 声明为可为 null。 [/root/WorkSpace/CSharp/BannerlordModEditor/BannerlordModEditor.Common/BannerlordModEditor.Common.csproj]
     2>/root/WorkSpace/CSharp/BannerlordModEditor/BannerlordModEditor.Common/Models/DTO/LooknfeelDTO.cs(76,23): warning CS8618: 在退出构造函数时，不可为 null 的 属性 "ShowScrollBars" 必须包含非 null 值。请考虑添加 "required" 修饰符或将该 属性 声明为可为 null。 [/root/WorkSpace/CSharp/BannerlordModEditor/BannerlordModEditor.Common/BannerlordModEditor.Common.csproj]
     2>/root/WorkSpace/CSharp/BannerlordModEditor/BannerlordModEditor.Common/Models/DTO/LooknfeelDTO.cs(79,23): warning CS8618: 在退出构造函数时，不可为 null 的 属性 "ScrollAreaInset" 必须包含非 null 值。请考虑添加 "required" 修饰符或将该 属性 声明为可为 null。 [/root/WorkSpace/CSharp/BannerlordModEditor/BannerlordModEditor.Common/BannerlordModEditor.Common.csproj]
     2>/root/WorkSpace/CSharp/BannerlordModEditor/BannerlordModEditor.Common/Models/DTO/LooknfeelDTO.cs(82,23): warning CS8618: 在退出构造函数时，不可为 null 的 属性 "CellSize" 必须包含非 null 值。请考虑添加 "required" 修饰符或将该 属性 声明为可为 null。 [/root/WorkSpace/CSharp/BannerlordModEditor/BannerlordModEditor.Common/BannerlordModEditor.Common.csproj]
     2>/root/WorkSpace/CSharp/BannerlordModEditor/BannerlordModEditor.Common/Models/DTO/LooknfeelDTO.cs(85,23): warning CS8618: 在退出构造函数时，不可为 null 的 属性 "LayoutStyle" 必须包含非 null 值。请考虑添加 "required" 修饰符或将该 属性 声明为可为 null。 [/root/WorkSpace/CSharp/BannerlordModEditor/BannerlordModEditor.Common/BannerlordModEditor.Common.csproj]
     2>/root/WorkSpace/CSharp/BannerlordModEditor/BannerlordModEditor.Common/Models/DTO/LooknfeelDTO.cs(88,23): warning CS8618: 在退出构造函数时，不可为 null 的 属性 "LayoutAlignment" 必须包含非 null 值。请考虑添加 "required" 修饰符或将该 属性 声明为可为 null。 [/root/WorkSpace/CSharp/BannerlordModEditor/BannerlordModEditor.Common/BannerlordModEditor.Common.csproj]
     2>/root/WorkSpace/CSharp/BannerlordModEditor/BannerlordModEditor.Common/Models/DTO/LooknfeelDTO.cs(91,23): warning CS8618: 在退出构造函数时，不可为 null 的 属性 "AutoShowScrollBars" 必须包含非 null 值。请考虑添加 "required" 修饰符或将该 属性 声明为可为 null。 [/root/WorkSpace/CSharp/BannerlordModEditor/BannerlordModEditor.Common/BannerlordModEditor.Common.csproj]
     2>/root/WorkSpace/CSharp/BannerlordModEditor/BannerlordModEditor.Common/Models/DTO/LooknfeelDTO.cs(94,23): warning CS8618: 在退出构造函数时，不可为 null 的 属性 "IncrementVec" 必须包含非 null 值。请考虑添加 "required" 修饰符或将该 属性 声明为可为 null。 [/root/WorkSpace/CSharp/BannerlordModEditor/BannerlordModEditor.Common/BannerlordModEditor.Common.csproj]
     2>/root/WorkSpace/CSharp/BannerlordModEditor/BannerlordModEditor.Common/Models/DTO/LooknfeelDTO.cs(97,23): warning CS8618: 在退出构造函数时，不可为 null 的 属性 "InitialValue" 必须包含非 null 值。请考虑添加 "required" 修饰符或将该 属性 声明为可为 null。 [/root/WorkSpace/CSharp/BannerlordModEditor/BannerlordModEditor.Common/BannerlordModEditor.Common.csproj]
     2>/root/WorkSpace/CSharp/BannerlordModEditor/BannerlordModEditor.Common/Models/DTO/LooknfeelDTO.cs(100,23): warning CS8618: 在退出构造函数时，不可为 null 的 属性 "MaxAllowedDigit" 必须包含非 null 值。请考虑添加 "required" 修饰符或将该 属性 声明为可为 null。 [/root/WorkSpace/CSharp/BannerlordModEditor/BannerlordModEditor.Common/BannerlordModEditor.Common.csproj]
     2>/root/WorkSpace/CSharp/BannerlordModEditor/BannerlordModEditor.Common/Models/DTO/LooknfeelDTO.cs(103,23): warning CS8618: 在退出构造函数时，不可为 null 的 属性 "MinAllowedValue" 必须包含非 null 值。请考虑添加 "required" 修饰符或将该 属性 声明为可为 null。 [/root/WorkSpace/CSharp/BannerlordModEditor/BannerlordModEditor.Common/BannerlordModEditor.Common.csproj]
     2>/root/WorkSpace/CSharp/BannerlordModEditor/BannerlordModEditor.Common/Models/DTO/LooknfeelDTO.cs(106,23): warning CS8618: 在退出构造函数时，不可为 null 的 属性 "MaxAllowedValue" 必须包含非 null 值。请考虑添加 "required" 修饰符或将该 属性 声明为可为 null。 [/root/WorkSpace/CSharp/BannerlordModEditor/BannerlordModEditor.Common/BannerlordModEditor.Common.csproj]
     2>/root/WorkSpace/CSharp/BannerlordModEditor/BannerlordModEditor.Common/Models/DTO/LooknfeelDTO.cs(109,23): warning CS8618: 在退出构造函数时，不可为 null 的 属性 "StepValue" 必须包含非 null 值。请考虑添加 "required" 修饰符或将该 属性 声明为可为 null。 [/root/WorkSpace/CSharp/BannerlordModEditor/BannerlordModEditor.Common/BannerlordModEditor.Common.csproj]
     2>/root/WorkSpace/CSharp/BannerlordModEditor/BannerlordModEditor.Common/Models/DTO/LooknfeelDTO.cs(112,23): warning CS8618: 在退出构造函数时，不可为 null 的 属性 "MinValue" 必须包含非 null 值。请考虑添加 "required" 修饰符或将该 属性 声明为可为 null。 [/root/WorkSpace/CSharp/BannerlordModEditor/BannerlordModEditor.Common/BannerlordModEditor.Common.csproj]
     2>/root/WorkSpace/CSharp/BannerlordModEditor/BannerlordModEditor.Common/Models/DTO/LooknfeelDTO.cs(115,23): warning CS8618: 在退出构造函数时，不可为 null 的 属性 "MaxValue" 必须包含非 null 值。请考虑添加 "required" 修饰符或将该 属性 声明为可为 null。 [/root/WorkSpace/CSharp/BannerlordModEditor/BannerlordModEditor.Common/BannerlordModEditor.Common.csproj]
     2>/root/WorkSpace/CSharp/BannerlordModEditor/BannerlordModEditor.Common/Models/DTO/LooknfeelDTO.cs(118,23): warning CS8618: 在退出构造函数时，不可为 null 的 属性 "VerticalAlignment" 必须包含非 null 值。请考虑添加 "required" 修饰符或将该 属性 声明为可为 null。 [/root/WorkSpace/CSharp/BannerlordModEditor/BannerlordModEditor.Common/BannerlordModEditor.Common.csproj]
     2>/root/WorkSpace/CSharp/BannerlordModEditor/BannerlordModEditor.Common/Models/DTO/LooknfeelDTO.cs(121,23): warning CS8618: 在退出构造函数时，不可为 null 的 属性 "HorizontalAlignment" 必须包含非 null 值。请考虑添加 "required" 修饰符或将该 属性 声明为可为 null。 [/root/WorkSpace/CSharp/BannerlordModEditor/BannerlordModEditor.Common/BannerlordModEditor.Common.csproj]
     2>/root/WorkSpace/CSharp/BannerlordModEditor/BannerlordModEditor.Common/Models/DTO/LooknfeelDTO.cs(131,23): warning CS8618: 在退出构造函数时，不可为 null 的 属性 "TextHighlightColor" 必须包含非 null 值。请考虑添加 "required" 修饰符或将该 属性 声明为可为 null。 [/root/WorkSpace/CSharp/BannerlordModEditor/BannerlordModEditor.Common/BannerlordModEditor.Common.csproj]
     2>/root/WorkSpace/CSharp/BannerlordModEditor/BannerlordModEditor.Common/Models/DTO/LooknfeelDTO.cs(134,23): warning CS8618: 在退出构造函数时，不可为 null 的 属性 "TextColor" 必须包含非 null 值。请考虑添加 "required" 修饰符或将该 属性 声明为可为 null。 [/root/WorkSpace/CSharp/BannerlordModEditor/BannerlordModEditor.Common/BannerlordModEditor.Common.csproj]
     2>/root/WorkSpace/CSharp/BannerlordModEditor/BannerlordModEditor.Common/Models/DTO/LooknfeelDTO.cs(137,23): warning CS8618: 在退出构造函数时，不可为 null 的 属性 "FontSize" 必须包含非 null 值。请考虑添加 "required" 修饰符或将该 属性 声明为可为 null。 [/root/WorkSpace/CSharp/BannerlordModEditor/BannerlordModEditor.Common/BannerlordModEditor.Common.csproj]
     2>/root/WorkSpace/CSharp/BannerlordModEditor/BannerlordModEditor.Common/Models/DTO/LooknfeelDTO.cs(140,23): warning CS8618: 在退出构造函数时，不可为 null 的 属性 "Size" 必须包含非 null 值。请考虑添加 "required" 修饰符或将该 属性 声明为可为 null。 [/root/WorkSpace/CSharp/BannerlordModEditor/BannerlordModEditor.Common/BannerlordModEditor.Common.csproj]
     2>/root/WorkSpace/CSharp/BannerlordModEditor/BannerlordModEditor.Common/Models/DTO/LooknfeelDTO.cs(143,23): warning CS8618: 在退出构造函数时，不可为 null 的 属性 "Position" 必须包含非 null 值。请考虑添加 "required" 修饰符或将该 属性 声明为可为 null。 [/root/WorkSpace/CSharp/BannerlordModEditor/BannerlordModEditor.Common/BannerlordModEditor.Common.csproj]
     2>/root/WorkSpace/CSharp/BannerlordModEditor/BannerlordModEditor.Common/Models/DTO/LooknfeelDTO.cs(147,44): warning CS8618: 在退出构造函数时，不可为 null 的 属性 "Meshes" 必须包含非 null 值。请考虑添加 "required" 修饰符或将该 属性 声明为可为 null。 [/root/WorkSpace/CSharp/BannerlordModEditor/BannerlordModEditor.Common/BannerlordModEditor.Common.csproj]
     2>/root/WorkSpace/CSharp/BannerlordModEditor/BannerlordModEditor.Common/Models/DTO/LooknfeelDTO.cs(150,45): warning CS8618: 在退出构造函数时，不可为 null 的 属性 "SubWidgetsList" 必须包含非 null 值。请考虑添加 "required" 修饰符或将该 属性 声明为可为 null。 [/root/WorkSpace/CSharp/BannerlordModEditor/BannerlordModEditor.Common/BannerlordModEditor.Common.csproj]
     2>/root/WorkSpace/CSharp/BannerlordModEditor/BannerlordModEditor.Common/Models/DTO/LooknfeelDTO.cs(153,23): warning CS8618: 在退出构造函数时，不可为 null 的 属性 "ButtonMesh" 必须包含非 null 值。请考虑添加 "required" 修饰符或将该 属性 声明为可为 null。 [/root/WorkSpace/CSharp/BannerlordModEditor/BannerlordModEditor.Common/BannerlordModEditor.Common.csproj]
     2>/root/WorkSpace/CSharp/BannerlordModEditor/BannerlordModEditor.Common/Models/Data/ItemModifiers.cs(145,20): warning CS8603: 可能返回 null 引用。 [/root/WorkSpace/CSharp/BannerlordModEditor/BannerlordModEditor.Common/BannerlordModEditor.Common.csproj]
     2>/root/WorkSpace/CSharp/BannerlordModEditor/BannerlordModEditor.Common/Models/Data/MultiplayerScenes.cs(25,23): warning CS8618: 在退出构造函数时，不可为 null 的 属性 "Name" 必须包含非 null 值。请考虑添加 "required" 修饰符或将该 属性 声明为可为 null。 [/root/WorkSpace/CSharp/BannerlordModEditor/BannerlordModEditor.Common/BannerlordModEditor.Common.csproj]
     2>/root/WorkSpace/CSharp/BannerlordModEditor/BannerlordModEditor.Common/Models/Data/ItemModifiers.cs(155,20): warning CS8603: 可能返回 null 引用。 [/root/WorkSpace/CSharp/BannerlordModEditor/BannerlordModEditor.Common/BannerlordModEditor.Common.csproj]
     2>/root/WorkSpace/CSharp/BannerlordModEditor/BannerlordModEditor.Common/Models/Data/ItemModifiers.cs(17,23): warning CS8618: 在退出构造函数时，不可为 null 的 属性 "ModifierGroup" 必须包含非 null 值。请考虑添加 "required" 修饰符或将该 属性 声明为可为 null。 [/root/WorkSpace/CSharp/BannerlordModEditor/BannerlordModEditor.Common/BannerlordModEditor.Common.csproj]
     2>/root/WorkSpace/CSharp/BannerlordModEditor/BannerlordModEditor.Common/Models/Data/ItemModifiers.cs(21,23): warning CS8618: 在退出构造函数时，不可为 null 的 属性 "Id" 必须包含非 null 值。请考虑添加 "required" 修饰符或将该 属性 声明为可为 null。 [/root/WorkSpace/CSharp/BannerlordModEditor/BannerlordModEditor.Common/BannerlordModEditor.Common.csproj]
     2>/root/WorkSpace/CSharp/BannerlordModEditor/BannerlordModEditor.Common/Models/Data/ItemModifiers.cs(25,23): warning CS8618: 在退出构造函数时，不可为 null 的 属性 "Name" 必须包含非 null 值。请考虑添加 "required" 修饰符或将该 属性 声明为可为 null。 [/root/WorkSpace/CSharp/BannerlordModEditor/BannerlordModEditor.Common/BannerlordModEditor.Common.csproj]
     2>/root/WorkSpace/CSharp/BannerlordModEditor/BannerlordModEditor.Common/Models/Data/ItemModifiers.cs(89,23): warning CS8618: 在退出构造函数时，不可为 null 的 属性 "Quality" 必须包含非 null 值。请考虑添加 "required" 修饰符或将该 属性 声明为可为 null。 [/root/WorkSpace/CSharp/BannerlordModEditor/BannerlordModEditor.Common/BannerlordModEditor.Common.csproj]
         CompilerServer: server - server processed compilation - BannerlordModEditor.Common (net9.0)
       GenerateBuildDependencyFile:
       正在跳过目标“GenerateBuildDependencyFile”，因为所有输出文件相对于输入文件而言都是最新的。
       CopyFilesToOutputDirectory:
         正在将文件从“/root/WorkSpace/CSharp/BannerlordModEditor/BannerlordModEditor.Common/obj/Debug/net9.0/BannerlordModEditor.Common.dll”复制到“/root/WorkSpace/CSharp/BannerlordModEditor/BannerlordModEditor.Common/bin/Debug/net9.0/BannerlordModEditor.Common.dll”。
         正在将引用程序集从"obj/Debug/net9.0/refint/BannerlordModEditor.Common.dll"复制到"/root/WorkSpace/CSharp/BannerlordModEditor/BannerlordModEditor.Common/obj/Debug/net9.0/ref/BannerlordModEditor.Common.dll"。
         BannerlordModEditor.Common -> /root/WorkSpace/CSharp/BannerlordModEditor/BannerlordModEditor.Common/bin/Debug/net9.0/BannerlordModEditor.Common.dll
         正在将文件从“/root/WorkSpace/CSharp/BannerlordModEditor/BannerlordModEditor.Common/obj/Debug/net9.0/BannerlordModEditor.Common.pdb”复制到“/root/WorkSpace/CSharp/BannerlordModEditor/BannerlordModEditor.Common/bin/Debug/net9.0/BannerlordModEditor.Common.pdb”。
     2>已完成生成项目“/root/WorkSpace/CSharp/BannerlordModEditor/BannerlordModEditor.Common/BannerlordModEditor.Common.csproj”(默认目标)的操作。
     1>GenerateTargetFrameworkMonikerAttribute:
       正在跳过目标“GenerateTargetFrameworkMonikerAttribute”，因为所有输出文件相对于输入文件而言都是最新的。
       _GenerateSourceLinkFile:
         正在更新 Source Link 文件 "obj/Debug/net9.0/BannerlordModEditor.Common.Tests.sourcelink.json"。
       CoreCompile:
         /usr/local/bin/dotnet exec "/usr/local/bin/sdk/9.0.303/Roslyn/bincore/csc.dll" /noconfig /unsafe- /checked- /nowarn:1701,1702,1701,1702 /fullpaths /nostdlib+ /errorreport:prompt /warn:9 /define:TRACE;DEBUG;NET;NET9_0;NETCOREAPP;NET5_0_OR_GREATER;NET6_0_OR_GREATER;NET7_0_OR_GREATER;NET8_0_OR_GREATER;NET9_0_OR_GREATER;NETCOREAPP1_0_OR_GREATER;NETCOREAPP1_1_OR_GREATER;NETCOREAPP2_0_OR_GREATER;NETCOREAPP2_1_OR_GREATER;NETCOREAPP2_2_OR_GREATER;NETCOREAPP3_0_OR_GREATER;NETCOREAPP3_1_OR_GREATER /highentropyva+ /nullable:enable /reference:/root/WorkSpace/CSharp/BannerlordModEditor/BannerlordModEditor.Common/obj/Debug/net9.0/ref/BannerlordModEditor.Common.dll /reference:/usr/local/bin/packs/Microsoft.NETCore.App.Ref/9.0.7/ref/net9.0/Microsoft.CSharp.dll /reference:/root/.nuget/packages/microsoft.testplatform.testhost/17.8.0/lib/netcoreapp3.1/Microsoft.TestPlatform.CommunicationUtilities.dll /reference:/root/.nuget/packages/microsoft.testplatform.testhost/17.8.0/lib/netcoreapp3.1/Microsoft.TestPlatform.CoreUtilities.dll /reference:/root/.nuget/packages/microsoft.testplatform.testhost/17.8.0/lib/netcoreapp3.1/Microsoft.TestPlatform.CrossPlatEngine.dll /reference:/root/.nuget/packages/microsoft.testplatform.testhost/17.8.0/lib/netcoreapp3.1/Microsoft.TestPlatform.PlatformAbstractions.dll /reference:/root/.nuget/packages/microsoft.testplatform.testhost/17.8.0/lib/netcoreapp3.1/Microsoft.TestPlatform.Utilities.dll /reference:/usr/local/bin/packs/Microsoft.NETCore.App.Ref/9.0.7/ref/net9.0/Microsoft.VisualBasic.Core.dll /reference:/usr/local/bin/packs/Microsoft.NETCore.App.Ref/9.0.7/ref/net9.0/Microsoft.VisualBasic.dll /reference:/root/.nuget/packages/microsoft.codecoverage/17.8.0/lib/netcoreapp3.1/Microsoft.VisualStudio.CodeCoverage.Shim.dll /reference:/root/.nuget/packages/microsoft.testplatform.testhost/17.8.0/lib/netcoreapp3.1/Microsoft.VisualStudio.TestPlatform.Common.dll /reference:/root/.nuget/packages/microsoft.testplatform.testhost/17.8.0/lib/netcoreapp3.1/Microsoft.VisualStudio.TestPlatform.ObjectModel.dll /reference:/usr/local/bin/packs/Microsoft.NETCore.App.Ref/9.0.7/ref/net9.0/Microsoft.Win32.Primitives.dll /reference:/usr/local/bin/packs/Microsoft.NETCore.App.Ref/9.0.7/ref/net9.0/Microsoft.Win32.Registry.dll /reference:/usr/local/bin/packs/Microsoft.NETCore.App.Ref/9.0.7/ref/net9.0/mscorlib.dll /reference:/usr/local/bin/packs/Microsoft.NETCore.App.Ref/9.0.7/ref/net9.0/netstandard.dll /reference:/root/.nuget/packages/newtonsoft.json/13.0.1/lib/netstandard2.0/Newtonsoft.Json.dll /reference:/root/.nuget/packages/nuget.frameworks/6.5.0/lib/netstandard2.0/NuGet.Frameworks.dll /reference:/usr/local/bin/packs/Microsoft.NETCore.App.Ref/9.0.7/ref/net9.0/System.AppContext.dll /reference:/usr/local/bin/packs/Microsoft.NETCore.App.Ref/9.0.7/ref/net9.0/System.Buffers.dll /reference:/usr/local/bin/packs/Microsoft.NETCore.App.Ref/9.0.7/ref/net9.0/System.Collections.Concurrent.dll /reference:/usr/local/bin/packs/Microsoft.NETCore.App.Ref/9.0.7/ref/net9.0/System.Collections.dll /reference:/usr/local/bin/packs/Microsoft.NETCore.App.Ref/9.0.7/ref/net9.0/System.Collections.Immutable.dll /reference:/usr/local/bin/packs/Microsoft.NETCore.App.Ref/9.0.7/ref/net9.0/System.Collections.NonGeneric.dll /reference:/usr/local/bin/packs/Microsoft.NETCore.App.Ref/9.0.7/ref/net9.0/System.Collections.Specialized.dll /reference:/usr/local/bin/packs/Microsoft.NETCore.App.Ref/9.0.7/ref/net9.0/System.ComponentModel.Annotations.dll /reference:/usr/local/bin/packs/Microsoft.NETCore.App.Ref/9.0.7/ref/net9.0/System.ComponentModel.DataAnnotations.dll /reference:/usr/local/bin/packs/Microsoft.NETCore.App.Ref/9.0.7/ref/net9.0/System.ComponentModel.dll /reference:/usr/local/bin/packs/Microsoft.NETCore.App.Ref/9.0.7/ref/net9.0/System.ComponentModel.EventBasedAsync.dll /reference:/usr/local/bin/packs/Microsoft.NETCore.App.Ref/9.0.7/ref/net9.0/System.ComponentModel.Primitives.dll /reference:/usr/local/bin/packs/Microsoft.NETCore.App.Ref/9.0.7/ref/net9.0/System.ComponentModel.TypeConverter.dll /reference:/usr/local/bin/packs/Microsoft.NETCore.App.Ref/9.0.7/ref/net9.0/System.Configuration.dll /reference:/usr/local/bin/packs/Microsoft.NETCore.App.Ref/9.0.7/ref/net9.0/System.Console.dll /reference:/usr/local/bin/packs/Microsoft.NETCore.App.Ref/9.0.7/ref/net9.0/System.Core.dll /reference:/usr/local/bin/packs/Microsoft.NETCore.App.Ref/9.0.7/ref/net9.0/System.Data.Common.dll /reference:/usr/local/bin/packs/Microsoft.NETCore.App.Ref/9.0.7/ref/net9.0/System.Data.DataSetExtensions.dll /reference:/usr/local/bin/packs/Microsoft.NETCore.App.Ref/9.0.7/ref/net9.0/System.Data.dll /reference:/usr/local/bin/packs/Microsoft.NETCore.App.Ref/9.0.7/ref/net9.0/System.Diagnostics.Contracts.dll /reference:/usr/local/bin/packs/Microsoft.NETCore.App.Ref/9.0.7/ref/net9.0/System.Diagnostics.Debug.dll /reference:/usr/local/bin/packs/Microsoft.NETCore.App.Ref/9.0.7/ref/net9.0/System.Diagnostics.DiagnosticSource.dll /reference:/usr/local/bin/packs/Microsoft.NETCore.App.Ref/9.0.7/ref/net9.0/System.Diagnostics.FileVersionInfo.dll /reference:/usr/local/bin/packs/Microsoft.NETCore.App.Ref/9.0.7/ref/net9.0/System.Diagnostics.Process.dll /reference:/usr/local/bin/packs/Microsoft.NETCore.App.Ref/9.0.7/ref/net9.0/System.Diagnostics.StackTrace.dll /reference:/usr/local/bin/packs/Microsoft.NETCore.App.Ref/9.0.7/ref/net9.0/System.Diagnostics.TextWriterTraceListener.dll /reference:/usr/local/bin/packs/Microsoft.NETCore.App.Ref/9.0.7/ref/net9.0/System.Diagnostics.Tools.dll /reference:/usr/local/bin/packs/Microsoft.NETCore.App.Ref/9.0.7/ref/net9.0/System.Diagnostics.TraceSource.dll /reference:/usr/local/bin/packs/Microsoft.NETCore.App.Ref/9.0.7/ref/net9.0/System.Diagnostics.Tracing.dll /reference:/usr/local/bin/packs/Microsoft.NETCore.App.Ref/9.0.7/ref/net9.0/System.dll /reference:/usr/local/bin/packs/Microsoft.NETCore.App.Ref/9.0.7/ref/net9.0/System.Drawing.dll /reference:/usr/local/bin/packs/Microsoft.NETCore.App.Ref/9.0.7/ref/net9.0/System.Drawing.Primitives.dll /reference:/usr/local/bin/packs/Microsoft.NETCore.App.Ref/9.0.7/ref/net9.0/System.Dynamic.Runtime.dll /reference:/usr/local/bin/packs/Microsoft.NETCore.App.Ref/9.0.7/ref/net9.0/System.Formats.Asn1.dll /reference:/usr/local/bin/packs/Microsoft.NETCore.App.Ref/9.0.7/ref/net9.0/System.Formats.Tar.dll /reference:/usr/local/bin/packs/Microsoft.NETCore.App.Ref/9.0.7/ref/net9.0/System.Globalization.Calendars.dll /reference:/usr/local/bin/packs/Microsoft.NETCore.App.Ref/9.0.7/ref/net9.0/System.Globalization.dll /reference:/usr/local/bin/packs/Microsoft.NETCore.App.Ref/9.0.7/ref/net9.0/System.Globalization.Extensions.dll /reference:/usr/local/bin/packs/Microsoft.NETCore.App.Ref/9.0.7/ref/net9.0/System.IO.Compression.Brotli.dll /reference:/usr/local/bin/packs/Microsoft.NETCore.App.Ref/9.0.7/ref/net9.0/System.IO.Compression.dll /reference:/usr/local/bin/packs/Microsoft.NETCore.App.Ref/9.0.7/ref/net9.0/System.IO.Compression.FileSystem.dll /reference:/usr/local/bin/packs/Microsoft.NETCore.App.Ref/9.0.7/ref/net9.0/System.IO.Compression.ZipFile.dll /reference:/usr/local/bin/packs/Microsoft.NETCore.App.Ref/9.0.7/ref/net9.0/System.IO.dll /reference:/usr/local/bin/packs/Microsoft.NETCore.App.Ref/9.0.7/ref/net9.0/System.IO.FileSystem.AccessControl.dll /reference:/usr/local/bin/packs/Microsoft.NETCore.App.Ref/9.0.7/ref/net9.0/System.IO.FileSystem.dll /reference:/usr/local/bin/packs/Microsoft.NETCore.App.Ref/9.0.7/ref/net9.0/System.IO.FileSystem.DriveInfo.dll /reference:/usr/local/bin/packs/Microsoft.NETCore.App.Ref/9.0.7/ref/net9.0/System.IO.FileSystem.Primitives.dll /reference:/usr/local/bin/packs/Microsoft.NETCore.App.Ref/9.0.7/ref/net9.0/System.IO.FileSystem.Watcher.dll /reference:/usr/local/bin/packs/Microsoft.NETCore.App.Ref/9.0.7/ref/net9.0/System.IO.IsolatedStorage.dll /reference:/usr/local/bin/packs/Microsoft.NETCore.App.Ref/9.0.7/ref/net9.0/System.IO.MemoryMappedFiles.dll /reference:/usr/local/bin/packs/Microsoft.NETCore.App.Ref/9.0.7/ref/net9.0/System.IO.Pipelines.dll /reference:/usr/local/bin/packs/Microsoft.NETCore.App.Ref/9.0.7/ref/net9.0/System.IO.Pipes.AccessControl.dll /reference:/usr/local/bin/packs/Microsoft.NETCore.App.Ref/9.0.7/ref/net9.0/System.IO.Pipes.dll /reference:/usr/local/bin/packs/Microsoft.NETCore.App.Ref/9.0.7/ref/net9.0/System.IO.UnmanagedMemoryStream.dll /reference:/usr/local/bin/packs/Microsoft.NETCore.App.Ref/9.0.7/ref/net9.0/System.Linq.dll /reference:/usr/local/bin/packs/Microsoft.NETCore.App.Ref/9.0.7/ref/net9.0/System.Linq.Expressions.dll /reference:/usr/local/bin/packs/Microsoft.NETCore.App.Ref/9.0.7/ref/net9.0/System.Linq.Parallel.dll /reference:/usr/local/bin/packs/Microsoft.NETCore.App.Ref/9.0.7/ref/net9.0/System.Linq.Queryable.dll /reference:/usr/local/bin/packs/Microsoft.NETCore.App.Ref/9.0.7/ref/net9.0/System.Memory.dll /reference:/usr/local/bin/packs/Microsoft.NETCore.App.Ref/9.0.7/ref/net9.0/System.Net.dll /reference:/usr/local/bin/packs/Microsoft.NETCore.App.Ref/9.0.7/ref/net9.0/System.Net.Http.dll /reference:/usr/local/bin/packs/Microsoft.NETCore.App.Ref/9.0.7/ref/net9.0/System.Net.Http.Json.dll /reference:/usr/local/bin/packs/Microsoft.NETCore.App.Ref/9.0.7/ref/net9.0/System.Net.HttpListener.dll /reference:/usr/local/bin/packs/Microsoft.NETCore.App.Ref/9.0.7/ref/net9.0/System.Net.Mail.dll /reference:/usr/local/bin/packs/Microsoft.NETCore.App.Ref/9.0.7/ref/net9.0/System.Net.NameResolution.dll /reference:/usr/local/bin/packs/Microsoft.NETCore.App.Ref/9.0.7/ref/net9.0/System.Net.NetworkInformation.dll /reference:/usr/local/bin/packs/Microsoft.NETCore.App.Ref/9.0.7/ref/net9.0/System.Net.Ping.dll /reference:/usr/local/bin/packs/Microsoft.NETCore.App.Ref/9.0.7/ref/net9.0/System.Net.Primitives.dll /reference:/usr/local/bin/packs/Microsoft.NETCore.App.Ref/9.0.7/ref/net9.0/System.Net.Quic.dll /reference:/usr/local/bin/packs/Microsoft.NETCore.App.Ref/9.0.7/ref/net9.0/System.Net.Requests.dll /reference:/usr/local/bin/packs/Microsoft.NETCore.App.Ref/9.0.7/ref/net9.0/System.Net.Security.dll /reference:/usr/local/bin/packs/Microsoft.NETCore.App.Ref/9.0.7/ref/net9.0/System.Net.ServicePoint.dll /reference:/usr/local/bin/packs/Microsoft.NETCore.App.Ref/9.0.7/ref/net9.0/System.Net.Sockets.dll /reference:/usr/local/bin/packs/Microsoft.NETCore.App.Ref/9.0.7/ref/net9.0/System.Net.WebClient.dll /reference:/usr/local/bin/packs/Microsoft.NETCore.App.Ref/9.0.7/ref/net9.0/System.Net.WebHeaderCollection.dll /reference:/usr/local/bin/packs/Microsoft.NETCore.App.Ref/9.0.7/ref/net9.0/System.Net.WebProxy.dll /reference:/usr/local/bin/packs/Microsoft.NETCore.App.Ref/9.0.7/ref/net9.0/System.Net.WebSockets.Client.dll /reference:/usr/local/bin/packs/Microsoft.NETCore.App.Ref/9.0.7/ref/net9.0/System.Net.WebSockets.dll /reference:/usr/local/bin/packs/Microsoft.NETCore.App.Ref/9.0.7/ref/net9.0/System.Numerics.dll /reference:/usr/local/bin/packs/Microsoft.NETCore.App.Ref/9.0.7/ref/net9.0/System.Numerics.Vectors.dll /reference:/usr/local/bin/packs/Microsoft.NETCore.App.Ref/9.0.7/ref/net9.0/System.ObjectModel.dll /reference:/usr/local/bin/packs/Microsoft.NETCore.App.Ref/9.0.7/ref/net9.0/System.Reflection.DispatchProxy.dll /reference:/usr/local/bin/packs/Microsoft.NETCore.App.Ref/9.0.7/ref/net9.0/System.Reflection.dll /reference:/usr/local/bin/packs/Microsoft.NETCore.App.Ref/9.0.7/ref/net9.0/System.Reflection.Emit.dll /reference:/usr/local/bin/packs/Microsoft.NETCore.App.Ref/9.0.7/ref/net9.0/System.Reflection.Emit.ILGeneration.dll /reference:/usr/local/bin/packs/Microsoft.NETCore.App.Ref/9.0.7/ref/net9.0/System.Reflection.Emit.Lightweight.dll /reference:/usr/local/bin/packs/Microsoft.NETCore.App.Ref/9.0.7/ref/net9.0/System.Reflection.Extensions.dll /reference:/usr/local/bin/packs/Microsoft.NETCore.App.Ref/9.0.7/ref/net9.0/System.Reflection.Metadata.dll /reference:/usr/local/bin/packs/Microsoft.NETCore.App.Ref/9.0.7/ref/net9.0/System.Reflection.Primitives.dll /reference:/usr/local/bin/packs/Microsoft.NETCore.App.Ref/9.0.7/ref/net9.0/System.Reflection.TypeExtensions.dll /reference:/usr/local/bin/packs/Microsoft.NETCore.App.Ref/9.0.7/ref/net9.0/System.Resources.Reader.dll /reference:/usr/local/bin/packs/Microsoft.NETCore.App.Ref/9.0.7/ref/net9.0/System.Resources.ResourceManager.dll /reference:/usr/local/bin/packs/Microsoft.NETCore.App.Ref/9.0.7/ref/net9.0/System.Resources.Writer.dll /reference:/usr/local/bin/packs/Microsoft.NETCore.App.Ref/9.0.7/ref/net9.0/System.Runtime.CompilerServices.Unsafe.dll /reference:/usr/local/bin/packs/Microsoft.NETCore.App.Ref/9.0.7/ref/net9.0/System.Runtime.CompilerServices.VisualC.dll /reference:/usr/local/bin/packs/Microsoft.NETCore.App.Ref/9.0.7/ref/net9.0/System.Runtime.dll /reference:/usr/local/bin/packs/Microsoft.NETCore.App.Ref/9.0.7/ref/net9.0/System.Runtime.Extensions.dll /reference:/usr/local/bin/packs/Microsoft.NETCore.App.Ref/9.0.7/ref/net9.0/System.Runtime.Handles.dll /reference:/usr/local/bin/packs/Microsoft.NETCore.App.Ref/9.0.7/ref/net9.0/System.Runtime.InteropServices.dll /reference:/usr/local/bin/packs/Microsoft.NETCore.App.Ref/9.0.7/ref/net9.0/System.Runtime.InteropServices.JavaScript.dll /reference:/usr/local/bin/packs/Microsoft.NETCore.App.Ref/9.0.7/ref/net9.0/System.Runtime.InteropServices.RuntimeInformation.dll /reference:/usr/local/bin/packs/Microsoft.NETCore.App.Ref/9.0.7/ref/net9.0/System.Runtime.Intrinsics.dll /reference:/usr/local/bin/packs/Microsoft.NETCore.App.Ref/9.0.7/ref/net9.0/System.Runtime.Loader.dll /reference:/usr/local/bin/packs/Microsoft.NETCore.App.Ref/9.0.7/ref/net9.0/System.Runtime.Numerics.dll /reference:/usr/local/bin/packs/Microsoft.NETCore.App.Ref/9.0.7/ref/net9.0/System.Runtime.Serialization.dll /reference:/usr/local/bin/packs/Microsoft.NETCore.App.Ref/9.0.7/ref/net9.0/System.Runtime.Serialization.Formatters.dll /reference:/usr/local/bin/packs/Microsoft.NETCore.App.Ref/9.0.7/ref/net9.0/System.Runtime.Serialization.Json.dll /reference:/usr/local/bin/packs/Microsoft.NETCore.App.Ref/9.0.7/ref/net9.0/System.Runtime.Serialization.Primitives.dll /reference:/usr/local/bin/packs/Microsoft.NETCore.App.Ref/9.0.7/ref/net9.0/System.Runtime.Serialization.Xml.dll /reference:/usr/local/bin/packs/Microsoft.NETCore.App.Ref/9.0.7/ref/net9.0/System.Security.AccessControl.dll /reference:/usr/local/bin/packs/Microsoft.NETCore.App.Ref/9.0.7/ref/net9.0/System.Security.Claims.dll /reference:/usr/local/bin/packs/Microsoft.NETCore.App.Ref/9.0.7/ref/net9.0/System.Security.Cryptography.Algorithms.dll /reference:/usr/local/bin/packs/Microsoft.NETCore.App.Ref/9.0.7/ref/net9.0/System.Security.Cryptography.Cng.dll /reference:/usr/local/bin/packs/Microsoft.NETCore.App.Ref/9.0.7/ref/net9.0/System.Security.Cryptography.Csp.dll /reference:/usr/local/bin/packs/Microsoft.NETCore.App.Ref/9.0.7/ref/net9.0/System.Security.Cryptography.dll /reference:/usr/local/bin/packs/Microsoft.NETCore.App.Ref/9.0.7/ref/net9.0/System.Security.Cryptography.Encoding.dll /reference:/usr/local/bin/packs/Microsoft.NETCore.App.Ref/9.0.7/ref/net9.0/System.Security.Cryptography.OpenSsl.dll /reference:/usr/local/bin/packs/Microsoft.NETCore.App.Ref/9.0.7/ref/net9.0/System.Security.Cryptography.Primitives.dll /reference:/usr/local/bin/packs/Microsoft.NETCore.App.Ref/9.0.7/ref/net9.0/System.Security.Cryptography.X509Certificates.dll /reference:/usr/local/bin/packs/Microsoft.NETCore.App.Ref/9.0.7/ref/net9.0/System.Security.dll /reference:/usr/local/bin/packs/Microsoft.NETCore.App.Ref/9.0.7/ref/net9.0/System.Security.Principal.dll /reference:/usr/local/bin/packs/Microsoft.NETCore.App.Ref/9.0.7/ref/net9.0/System.Security.Principal.Windows.dll /reference:/usr/local/bin/packs/Microsoft.NETCore.App.Ref/9.0.7/ref/net9.0/System.Security.SecureString.dll /reference:/usr/local/bin/packs/Microsoft.NETCore.App.Ref/9.0.7/ref/net9.0/System.ServiceModel.Web.dll /reference:/usr/local/bin/packs/Microsoft.NETCore.App.Ref/9.0.7/ref/net9.0/System.ServiceProcess.dll /reference:/usr/local/bin/packs/Microsoft.NETCore.App.Ref/9.0.7/ref/net9.0/System.Text.Encoding.CodePages.dll /reference:/usr/local/bin/packs/Microsoft.NETCore.App.Ref/9.0.7/ref/net9.0/System.Text.Encoding.dll /reference:/usr/local/bin/packs/Microsoft.NETCore.App.Ref/9.0.7/ref/net9.0/System.Text.Encoding.Extensions.dll /reference:/usr/local/bin/packs/Microsoft.NETCore.App.Ref/9.0.7/ref/net9.0/System.Text.Encodings.Web.dll /reference:/usr/local/bin/packs/Microsoft.NETCore.App.Ref/9.0.7/ref/net9.0/System.Text.Json.dll /reference:/usr/local/bin/packs/Microsoft.NETCore.App.Ref/9.0.7/ref/net9.0/System.Text.RegularExpressions.dll /reference:/usr/local/bin/packs/Microsoft.NETCore.App.Ref/9.0.7/ref/net9.0/System.Threading.Channels.dll /reference:/usr/local/bin/packs/Microsoft.NETCore.App.Ref/9.0.7/ref/net9.0/System.Threading.dll /reference:/usr/local/bin/packs/Microsoft.NETCore.App.Ref/9.0.7/ref/net9.0/System.Threading.Overlapped.dll /reference:/usr/local/bin/packs/Microsoft.NETCore.App.Ref/9.0.7/ref/net9.0/System.Threading.Tasks.Dataflow.dll /reference:/usr/local/bin/packs/Microsoft.NETCore.App.Ref/9.0.7/ref/net9.0/System.Threading.Tasks.dll /reference:/usr/local/bin/packs/Microsoft.NETCore.App.Ref/9.0.7/ref/net9.0/System.Threading.Tasks.Extensions.dll /reference:/usr/local/bin/packs/Microsoft.NETCore.App.Ref/9.0.7/ref/net9.0/System.Threading.Tasks.Parallel.dll /reference:/usr/local/bin/packs/Microsoft.NETCore.App.Ref/9.0.7/ref/net9.0/System.Threading.Thread.dll /reference:/usr/local/bin/packs/Microsoft.NETCore.App.Ref/9.0.7/ref/net9.0/System.Threading.ThreadPool.dll /reference:/usr/local/bin/packs/Microsoft.NETCore.App.Ref/9.0.7/ref/net9.0/System.Threading.Timer.dll /reference:/usr/local/bin/packs/Microsoft.NETCore.App.Ref/9.0.7/ref/net9.0/System.Transactions.dll /reference:/usr/local/bin/packs/Microsoft.NETCore.App.Ref/9.0.7/ref/net9.0/System.Transactions.Local.dll /reference:/usr/local/bin/packs/Microsoft.NETCore.App.Ref/9.0.7/ref/net9.0/System.ValueTuple.dll /reference:/usr/local/bin/packs/Microsoft.NETCore.App.Ref/9.0.7/ref/net9.0/System.Web.dll /reference:/usr/local/bin/packs/Microsoft.NETCore.App.Ref/9.0.7/ref/net9.0/System.Web.HttpUtility.dll /reference:/usr/local/bin/packs/Microsoft.NETCore.App.Ref/9.0.7/ref/net9.0/System.Windows.dll /reference:/usr/local/bin/packs/Microsoft.NETCore.App.Ref/9.0.7/ref/net9.0/System.Xml.dll /reference:/usr/local/bin/packs/Microsoft.NETCore.App.Ref/9.0.7/ref/net9.0/System.Xml.Linq.dll /reference:/usr/local/bin/packs/Microsoft.NETCore.App.Ref/9.0.7/ref/net9.0/System.Xml.ReaderWriter.dll /reference:/usr/local/bin/packs/Microsoft.NETCore.App.Ref/9.0.7/ref/net9.0/System.Xml.Serialization.dll /reference:/usr/local/bin/packs/Microsoft.NETCore.App.Ref/9.0.7/ref/net9.0/System.Xml.XDocument.dll /reference:/usr/local/bin/packs/Microsoft.NETCore.App.Ref/9.0.7/ref/net9.0/System.Xml.XmlDocument.dll /reference:/usr/local/bin/packs/Microsoft.NETCore.App.Ref/9.0.7/ref/net9.0/System.Xml.XmlSerializer.dll /reference:/usr/local/bin/packs/Microsoft.NETCore.App.Ref/9.0.7/ref/net9.0/System.Xml.XPath.dll /reference:/usr/local/bin/packs/Microsoft.NETCore.App.Ref/9.0.7/ref/net9.0/System.Xml.XPath.XDocument.dll /reference:/root/.nuget/packages/microsoft.testplatform.testhost/17.8.0/lib/netcoreapp3.1/testhost.dll /reference:/usr/local/bin/packs/Microsoft.NETCore.App.Ref/9.0.7/ref/net9.0/WindowsBase.dll /reference:/root/.nuget/packages/xunit.abstractions/2.0.3/lib/netstandard2.0/xunit.abstractions.dll /reference:/root/.nuget/packages/xunit.assert/2.5.3/lib/netstandard1.1/xunit.assert.dll /reference:/root/.nuget/packages/xunit.extensibility.core/2.5.3/lib/netstandard1.1/xunit.core.dll /reference:/root/.nuget/packages/xunit.extensibility.execution/2.5.3/lib/netstandard1.1/xunit.execution.dotnet.dll /debug+ /debug:portable /filealign:512 /optimize- /out:obj/Debug/net9.0/BannerlordModEditor.Common.Tests.dll /refout:obj/Debug/net9.0/refint/BannerlordModEditor.Common.Tests.dll /target:exe /warnaserror- /utf8output /deterministic+ /sourcelink:obj/Debug/net9.0/BannerlordModEditor.Common.Tests.sourcelink.json /langversion:13.0 /embed:Debug/DebugCollisionInfosFullTest.cs /embed:Debug/DebugCollisionInfosSimpleTest.cs /embed:Debug/DebugCollisionInfosTest.cs /embed:/root/.nuget/packages/microsoft.net.test.sdk/17.8.0/build/netcoreapp3.1/Microsoft.NET.Test.Sdk.Program.cs /embed:obj/Debug/net9.0/BannerlordModEditor.Common.Tests.GlobalUsings.g.cs /embed:"obj/Debug/net9.0/.NETCoreApp,Version=v9.0.AssemblyAttributes.cs" /embed:obj/Debug/net9.0/BannerlordModEditor.Common.Tests.AssemblyInfo.cs /analyzerconfig:/root/WorkSpace/CSharp/BannerlordModEditor/.editorconfig /analyzerconfig:obj/Debug/net9.0/BannerlordModEditor.Common.Tests.GeneratedMSBuildEditorConfig.editorconfig /analyzerconfig:/usr/local/bin/sdk/9.0.303/Sdks/Microsoft.NET.Sdk/analyzers/build/config/analysislevel_9_default.globalconfig /analyzer:/usr/local/bin/sdk/9.0.303/Sdks/Microsoft.NET.Sdk/targets/../analyzers/Microsoft.CodeAnalysis.CSharp.NetAnalyzers.dll /analyzer:/usr/local/bin/sdk/9.0.303/Sdks/Microsoft.NET.Sdk/targets/../analyzers/Microsoft.CodeAnalysis.NetAnalyzers.dll /analyzer:/root/.nuget/packages/xunit.analyzers/1.4.0/analyzers/dotnet/cs/xunit.analyzers.dll /analyzer:/root/.nuget/packages/xunit.analyzers/1.4.0/analyzers/dotnet/cs/xunit.analyzers.fixes.dll /analyzer:/usr/local/bin/packs/Microsoft.NETCore.App.Ref/9.0.7/analyzers/dotnet/cs/Microsoft.Interop.ComInterfaceGenerator.dll /analyzer:/usr/local/bin/packs/Microsoft.NETCore.App.Ref/9.0.7/analyzers/dotnet/cs/Microsoft.Interop.JavaScript.JSImportGenerator.dll /analyzer:/usr/local/bin/packs/Microsoft.NETCore.App.Ref/9.0.7/analyzers/dotnet/cs/Microsoft.Interop.LibraryImportGenerator.dll /analyzer:/usr/local/bin/packs/Microsoft.NETCore.App.Ref/9.0.7/analyzers/dotnet/cs/Microsoft.Interop.SourceGeneration.dll /analyzer:/usr/local/bin/packs/Microsoft.NETCore.App.Ref/9.0.7/analyzers/dotnet/cs/System.Text.Json.SourceGeneration.dll /analyzer:/usr/local/bin/packs/Microsoft.NETCore.App.Ref/9.0.7/analyzers/dotnet/cs/System.Text.RegularExpressions.Generator.dll ActionSetsXmlTests.cs ActionTypesDebugTest.cs ActionTypesXmlTests.cs AdditionalSimpleTypesTests.cs AdjustablesXmlTests.cs AttributesXmlTests.cs AudioAndDataTests.cs BannerIconsBoundaryConditionsTests.cs BannerIconsDebugTest.cs BannerIconsEmptyElementsTests.cs BannerIconsIntegrationTests.cs BannerIconsMapperTests.cs BannerIconsPerformanceTests.cs BannerIconsStandaloneTest.cs BannerIconsTypeConversionTests.cs BannerIconsXmlTests.cs BeforeTransparentsGraphDebugTest.cs BeforeTransparentsGraphDetailedAnalysisTest.cs BeforeTransparentsGraphXmlTests.cs BoneBodyTypesXmlTests.cs ClothBodiesXmlTests.cs ClothMaterialsXmlTests.cs CollisionInfosXmlTests.cs CombatParametersDebugTest.cs CombatParametersDetailedDebugTest.cs CombatParametersXmlTests.cs CraftingPiecesXmlTests.cs CraftingTemplatesXmlTests.cs CreditsDebugTest.cs CreditsExternalPartnersPCXmlTests.cs CreditsExternalPartnersPlayStationXmlTests.cs CreditsExternalPartnersXBoxXmlTests.cs CreditsLegalConsoleXmlTests.cs CreditsLegalPCXmlTests.cs CreditsXmlDebugTest.cs CreditsXmlDebugTests.cs CreditsXmlTests.cs DataTests.cs Debug/DebugCollisionInfosFullTest.cs Debug/DebugCollisionInfosSimpleTest.cs Debug/DebugCollisionInfosTest.cs DebugActionSetsTest.cs DebugActionTypesTest.cs DebugAttributesComparison.cs DebugBannerIconsXmlTests.cs DebugBeforeTransparentsGraph.cs DebugBoneBodyTypesTest.cs DebugCombatParameters.cs DebugLooknfeelXmlTests.cs DebugMultiplayerScenes.cs DebugTestRunner.cs DebugXmlFailure.cs DebugXmlFormatComparison.cs DecalSetsXmlTests.cs DecalTexturesAllXmlTests.cs DecalTexturesBattleXmlTests.cs DecalTexturesMultiplayerXmlTests.cs DecalTexturesTownXmlTests.cs DecalTexturesWorldmapXmlTests.cs DecalTexturesXmlTests.cs DetailedLooknfeelAnalysisTest.cs DetailedSubWidgetAnalysisTest.cs DetailedSubWidgetTest.cs EnhancedActionTypesXmlTests.cs EnhancedBannerIconsXmlTests.cs EnhancedFloraKindsXmlTests.cs EnhancedXmlLoaderLogicalEquivalenceTests.cs FinalAnalysisTest.cs FinalSubWidgetAnalysisTest.cs FindMissingAttributeTest.cs FindMissingWidgetTest.cs FloraGroupsXmlTests.cs FloraKindsDebugTest.cs FloraKindsDirectTest.cs FloraKindsLayoutXmlTests.cs FloraKindsSimpleTest.cs FloraKindsXmlTests.cs FloraLayerSetsXmlTests.cs FullMovementSetsXmlTests.cs GameTests.cs GenerateTestSubsets.cs GlobalStringsXmlTests.cs GogAchievementDataXmlTests.cs HardCodedSoundsXmlTests.cs HybridXml/HybridXmlArchitectureIntegrationTests.cs HybridXml/LooknfeelNodeCountFixTests.cs ItemHolstersLayoutXmlTests.cs ItemHolstersXmlTests.cs ItemModifiersGroupsXmlTests.cs ItemModifiersXmlTests.cs ItemUsageSetsXmlTests.cs LayeredArchitectureConsistencyTests.cs LayeredArchitectureTests.cs LayeredParticleSystemsTests.cs LooknfeelDebugTest.cs LooknfeelDOStructureTest.cs LooknfeelFinalAnalysisTest.cs LooknfeelStructureAnalysisTest.cs LooknfeelXmlTests.cs ManagedCampaignParametersXmlTests.cs ManagedCoreParametersXmlTests.cs MapIconsXmlTests.cs MapTests.cs MapTreeTypesXmlTests.cs ModuleSoundsXmlTests.cs ModuleStringsXmlTests.cs MonsterUsageSetsXmlTests.cs MovementSetsXmlTests.cs MPClassDivisionsXmlTests.cs MpcosmeticsDebugTest.cs MpcosmeticsDetailedAnalysisTest.cs MpcosmeticsDetailedDebugTest.cs MpcosmeticsDirectTest.cs MpcosmeticsFormatComparisonTest.cs MpcosmeticsObjectStateTest.cs MpcosmeticsQuickDebugTest.cs MpcosmeticsXmlTests.cs MpCraftingPiecesXmlTests.cs MpCulturesXmlTests.cs MpItemsDoDtoMappingTests.cs MpItemsSubsetTests.cs MpItemsXmlSerializationTests.cs MpItemsXmlTests.cs MultiplayerScenesXmlTests.cs MultiplayerStringsXmlTests.cs MultiplayerTests.cs MusicParametersXmlTests.cs MusicXmlTests.cs NativeEquipmentSetsXmlTests.cs NativeParametersXmlTests.cs NativeSkillSetsXmlTests.cs ObjectsXmlTests.cs ParticleSystemsBasicXmlTests.cs ParticleSystemsCurveAnalysisTest.cs ParticleSystemsDebugTest.cs ParticleSystemsDecalMaterialValidationTest.cs ParticleSystemsDetailedAnalysisTest.cs ParticleSystemsDOIntegrationTests.cs ParticleSystemsDOPerformanceTests.cs ParticleSystemsDORegressionTests.cs ParticleSystemsDOUnitTests.cs ParticleSystemsEmptyCurveTest.cs ParticleSystemsGeneralXmlTests.cs ParticleSystemsHardcodedMisc1XmlTests.cs ParticleSystemsHardcodedMisc2XmlTests.cs ParticleSystemsHardcodedMiscDebugTest.cs ParticleSystemsHardcodedMiscDetailedAnalysisTest.cs ParticleSystemsHardcodedMiscDetailedDebugTest.cs ParticleSystemsHardcodedMiscDirectTest.cs ParticleSystemsHardcodedMiscSimpleDebugTest.cs ParticleSystemsMapIconXmlTests.cs ParticleSystemsOutdoorXmlTests.cs ParticleSystemsQuickTest.cs ParticleSystemsSimpleCurveTest.cs ParticleSystemsSimpleTest.cs PartiesXmlTests.cs PhotoModeStringsXmlTests.cs PhysicsMaterialsLayoutXmlTests.cs PhysicsMaterialsXmlTests.cs PostfxGraphsXmlTests.cs PrebakedAnimationsXmlTests.cs PrerenderXmlTests.cs ProjectConfigurationXmlTests.cs QuickMissingAttrTest.cs RandomTerrainTemplatesXmlTests.cs Services/FileDiscoveryServiceIntegrationTests.cs Services/FileDiscoveryServiceTests.cs Services/NamingConventionMapperTests.cs Services/TestFileDiscoveryService.cs Services/XmlTestUtilsSimple.cs SiegeEnginesXmlTests.cs SimpleActionSetsTest.cs SimpleBannerIconsTest.cs SimpleFinalAnalysisTest.cs SimpleLooknfeelDebugTest.cs SimpleLooknfeelStructureTest.cs SimpleMpcosmeticsTest.cs SimpleParametersAndSystemsTests.cs SimpleParticleSystemsDebugTest.cs SimpleXmlTypesTests.cs SkeletonScalesXmlTests.cs SkeletonsLayoutXmlTests.cs SkillsXmlTests.cs SkinnedDecalsXmlTests.cs SkinsXmlTests.cs SoundAndCoreParametersTests.cs SoundFilesXmlTests.cs SpecialMeshesXmlTests.cs SubWidgetIndexAnalysisTest.cs TargetedMissingAttrTest.cs TauntUsageSetsXmlTests.cs TempDebugTest.cs TerrainMaterialsXmlTests.cs TestHelpers.cs TestUtils.cs VoiceDefinitionsXmlTests.cs VoicesXmlTests.cs WaterPrefabsXmlTests.cs WeaponDescriptionsXmlTests.cs Widget111ProblemTest.cs WorldmapColorGradesXmlTests.cs XmlModelTestBase.cs XmlTestUtils.cs __tests__/XmlTestUtils.test.cs /root/.nuget/packages/microsoft.net.test.sdk/17.8.0/build/netcoreapp3.1/Microsoft.NET.Test.Sdk.Program.cs obj/Debug/net9.0/BannerlordModEditor.Common.Tests.GlobalUsings.g.cs "obj/Debug/net9.0/.NETCoreApp,Version=v9.0.AssemblyAttributes.cs" obj/Debug/net9.0/BannerlordModEditor.Common.Tests.AssemblyInfo.cs /warnaserror+:NU1605,SYSLIB0011
     1>/root/WorkSpace/CSharp/BannerlordModEditor/BannerlordModEditor.Common.Tests/BannerIconsMapperTests.cs(26,36): warning CS8600: 将 null 文本或可能的 null 值转换为不可为 null 类型。 [/root/WorkSpace/CSharp/BannerlordModEditor/BannerlordModEditor.Common.Tests/BannerlordModEditor.Common.Tests.csproj]
     1>/root/WorkSpace/CSharp/BannerlordModEditor/BannerlordModEditor.Common.Tests/BannerIconsMapperTests.cs(29,50): warning CS8604: “BannerIconsDTO BannerIconsMapper.ToDTO(BannerIconsDO source)”中的形参“source”可能传入 null 引用实参。 [/root/WorkSpace/CSharp/BannerlordModEditor/BannerlordModEditor.Common.Tests/BannerlordModEditor.Common.Tests.csproj]
     1>/root/WorkSpace/CSharp/BannerlordModEditor/BannerlordModEditor.Common.Tests/BannerIconsBoundaryConditionsTests.cs(25,49): warning CS8625: 无法将 null 字面量转换为非 null 的引用类型。 [/root/WorkSpace/CSharp/BannerlordModEditor/BannerlordModEditor.Common.Tests/BannerlordModEditor.Common.Tests.csproj]
     1>/root/WorkSpace/CSharp/BannerlordModEditor/BannerlordModEditor.Common.Tests/BannerIconsBoundaryConditionsTests.cs(26,48): warning CS8625: 无法将 null 字面量转换为非 null 的引用类型。 [/root/WorkSpace/CSharp/BannerlordModEditor/BannerlordModEditor.Common.Tests/BannerlordModEditor.Common.Tests.csproj]
     1>/root/WorkSpace/CSharp/BannerlordModEditor/BannerlordModEditor.Common.Tests/BannerIconsBoundaryConditionsTests.cs(27,52): warning CS8625: 无法将 null 字面量转换为非 null 的引用类型。 [/root/WorkSpace/CSharp/BannerlordModEditor/BannerlordModEditor.Common.Tests/BannerlordModEditor.Common.Tests.csproj]
     1>/root/WorkSpace/CSharp/BannerlordModEditor/BannerlordModEditor.Common.Tests/BannerIconsBoundaryConditionsTests.cs(28,51): warning CS8625: 无法将 null 字面量转换为非 null 的引用类型。 [/root/WorkSpace/CSharp/BannerlordModEditor/BannerlordModEditor.Common.Tests/BannerlordModEditor.Common.Tests.csproj]
     1>/root/WorkSpace/CSharp/BannerlordModEditor/BannerlordModEditor.Common.Tests/BannerIconsBoundaryConditionsTests.cs(29,53): warning CS8625: 无法将 null 字面量转换为非 null 的引用类型。 [/root/WorkSpace/CSharp/BannerlordModEditor/BannerlordModEditor.Common.Tests/BannerlordModEditor.Common.Tests.csproj]
     1>/root/WorkSpace/CSharp/BannerlordModEditor/BannerlordModEditor.Common.Tests/BannerIconsBoundaryConditionsTests.cs(30,52): warning CS8625: 无法将 null 字面量转换为非 null 的引用类型。 [/root/WorkSpace/CSharp/BannerlordModEditor/BannerlordModEditor.Common.Tests/BannerlordModEditor.Common.Tests.csproj]
     1>/root/WorkSpace/CSharp/BannerlordModEditor/BannerlordModEditor.Common.Tests/BannerIconsBoundaryConditionsTests.cs(31,48): warning CS8625: 无法将 null 字面量转换为非 null 的引用类型。 [/root/WorkSpace/CSharp/BannerlordModEditor/BannerlordModEditor.Common.Tests/BannerlordModEditor.Common.Tests.csproj]
     1>/root/WorkSpace/CSharp/BannerlordModEditor/BannerlordModEditor.Common.Tests/BannerIconsBoundaryConditionsTests.cs(32,47): warning CS8625: 无法将 null 字面量转换为非 null 的引用类型。 [/root/WorkSpace/CSharp/BannerlordModEditor/BannerlordModEditor.Common.Tests/BannerlordModEditor.Common.Tests.csproj]
     1>/root/WorkSpace/CSharp/BannerlordModEditor/BannerlordModEditor.Common.Tests/BannerIconsBoundaryConditionsTests.cs(33,42): warning CS8625: 无法将 null 字面量转换为非 null 的引用类型。 [/root/WorkSpace/CSharp/BannerlordModEditor/BannerlordModEditor.Common.Tests/BannerlordModEditor.Common.Tests.csproj]
     1>/root/WorkSpace/CSharp/BannerlordModEditor/BannerlordModEditor.Common.Tests/BannerIconsBoundaryConditionsTests.cs(34,41): warning CS8625: 无法将 null 字面量转换为非 null 的引用类型。 [/root/WorkSpace/CSharp/BannerlordModEditor/BannerlordModEditor.Common.Tests/BannerlordModEditor.Common.Tests.csproj]
     1>/root/WorkSpace/CSharp/BannerlordModEditor/BannerlordModEditor.Common.Tests/BannerIconsBoundaryConditionsTests.cs(35,50): warning CS8625: 无法将 null 字面量转换为非 null 的引用类型。 [/root/WorkSpace/CSharp/BannerlordModEditor/BannerlordModEditor.Common.Tests/BannerlordModEditor.Common.Tests.csproj]
     1>/root/WorkSpace/CSharp/BannerlordModEditor/BannerlordModEditor.Common.Tests/BannerIconsBoundaryConditionsTests.cs(36,49): warning CS8625: 无法将 null 字面量转换为非 null 的引用类型。 [/root/WorkSpace/CSharp/BannerlordModEditor/BannerlordModEditor.Common.Tests/BannerlordModEditor.Common.Tests.csproj]
     1>/root/WorkSpace/CSharp/BannerlordModEditor/BannerlordModEditor.Common.Tests/BannerIconsBoundaryConditionsTests.cs(37,48): warning CS8625: 无法将 null 字面量转换为非 null 的引用类型。 [/root/WorkSpace/CSharp/BannerlordModEditor/BannerlordModEditor.Common.Tests/BannerlordModEditor.Common.Tests.csproj]
     1>/root/WorkSpace/CSharp/BannerlordModEditor/BannerlordModEditor.Common.Tests/BannerIconsBoundaryConditionsTests.cs(38,47): warning CS8625: 无法将 null 字面量转换为非 null 的引用类型。 [/root/WorkSpace/CSharp/BannerlordModEditor/BannerlordModEditor.Common.Tests/BannerlordModEditor.Common.Tests.csproj]
     1>/root/WorkSpace/CSharp/BannerlordModEditor/BannerlordModEditor.Common.Tests/BannerIconsIntegrationTests.cs(86,25): warning CS8602: 解引用可能出现空引用。 [/root/WorkSpace/CSharp/BannerlordModEditor/BannerlordModEditor.Common.Tests/BannerlordModEditor.Common.Tests.csproj]
     1>/root/WorkSpace/CSharp/BannerlordModEditor/BannerlordModEditor.Common.Tests/BannerIconsIntegrationTests.cs(88,25): warning CS8602: 解引用可能出现空引用。 [/root/WorkSpace/CSharp/BannerlordModEditor/BannerlordModEditor.Common.Tests/BannerlordModEditor.Common.Tests.csproj]
     1>/root/WorkSpace/CSharp/BannerlordModEditor/BannerlordModEditor.Common.Tests/BannerIconsBoundaryConditionsTests.cs(47,36): warning CS8625: 无法将 null 字面量转换为非 null 的引用类型。 [/root/WorkSpace/CSharp/BannerlordModEditor/BannerlordModEditor.Common.Tests/BannerlordModEditor.Common.Tests.csproj]
     1>/root/WorkSpace/CSharp/BannerlordModEditor/BannerlordModEditor.Common.Tests/BannerIconsIntegrationTests.cs(178,25): warning CS8602: 解引用可能出现空引用。 [/root/WorkSpace/CSharp/BannerlordModEditor/BannerlordModEditor.Common.Tests/BannerlordModEditor.Common.Tests.csproj]
     1>/root/WorkSpace/CSharp/BannerlordModEditor/BannerlordModEditor.Common.Tests/BannerIconsIntegrationTests.cs(180,25): warning CS8602: 解引用可能出现空引用。 [/root/WorkSpace/CSharp/BannerlordModEditor/BannerlordModEditor.Common.Tests/BannerlordModEditor.Common.Tests.csproj]
     1>/root/WorkSpace/CSharp/BannerlordModEditor/BannerlordModEditor.Common.Tests/BannerIconsBoundaryConditionsTests.cs(119,27): warning CS8602: 解引用可能出现空引用。 [/root/WorkSpace/CSharp/BannerlordModEditor/BannerlordModEditor.Common.Tests/BannerlordModEditor.Common.Tests.csproj]
     1>/root/WorkSpace/CSharp/BannerlordModEditor/BannerlordModEditor.Common.Tests/BannerIconsBoundaryConditionsTests.cs(122,26): warning CS8602: 解引用可能出现空引用。 [/root/WorkSpace/CSharp/BannerlordModEditor/BannerlordModEditor.Common.Tests/BannerlordModEditor.Common.Tests.csproj]
     1>/root/WorkSpace/CSharp/BannerlordModEditor/BannerlordModEditor.Common.Tests/BannerIconsMapperTests.cs(85,37): warning CS8600: 将 null 文本或可能的 null 值转换为不可为 null 类型。 [/root/WorkSpace/CSharp/BannerlordModEditor/BannerlordModEditor.Common.Tests/BannerlordModEditor.Common.Tests.csproj]
     1>/root/WorkSpace/CSharp/BannerlordModEditor/BannerlordModEditor.Common.Tests/BannerIconsMapperTests.cs(88,49): warning CS8604: “BannerIconsDO BannerIconsMapper.ToDO(BannerIconsDTO source)”中的形参“source”可能传入 null 引用实参。 [/root/WorkSpace/CSharp/BannerlordModEditor/BannerlordModEditor.Common.Tests/BannerlordModEditor.Common.Tests.csproj]
     1>/root/WorkSpace/CSharp/BannerlordModEditor/BannerlordModEditor.Common.Tests/BannerIconsIntegrationTests.cs(231,17): warning CS0219: 变量“expectedXml”已被赋值，但从未使用过它的值 [/root/WorkSpace/CSharp/BannerlordModEditor/BannerlordModEditor.Common.Tests/BannerlordModEditor.Common.Tests.csproj]
     1>/root/WorkSpace/CSharp/BannerlordModEditor/BannerlordModEditor.Common.Tests/BannerIconsStandaloneTest.cs(33,26): warning CS8600: 将 null 文本或可能的 null 值转换为不可为 null 类型。 [/root/WorkSpace/CSharp/BannerlordModEditor/BannerlordModEditor.Common.Tests/BannerlordModEditor.Common.Tests.csproj]
     1>/root/WorkSpace/CSharp/BannerlordModEditor/BannerlordModEditor.Common.Tests/BannerIconsMapperTests.cs(146,39): warning CS8600: 将 null 文本或可能的 null 值转换为不可为 null 类型。 [/root/WorkSpace/CSharp/BannerlordModEditor/BannerlordModEditor.Common.Tests/BannerlordModEditor.Common.Tests.csproj]
     1>/root/WorkSpace/CSharp/BannerlordModEditor/BannerlordModEditor.Common.Tests/BannerIconsMapperTests.cs(149,53): warning CS8604: “BannerIconDataDTO BannerIconDataMapper.ToDTO(BannerIconDataDO source)”中的形参“source”可能传入 null 引用实参。 [/root/WorkSpace/CSharp/BannerlordModEditor/BannerlordModEditor.Common.Tests/BannerlordModEditor.Common.Tests.csproj]
     1>/root/WorkSpace/CSharp/BannerlordModEditor/BannerlordModEditor.Common.Tests/BannerIconsStandaloneTest.cs(56,26): warning CS8600: 将 null 文本或可能的 null 值转换为不可为 null 类型。 [/root/WorkSpace/CSharp/BannerlordModEditor/BannerlordModEditor.Common.Tests/BannerlordModEditor.Common.Tests.csproj]
     1>/root/WorkSpace/CSharp/BannerlordModEditor/BannerlordModEditor.Common.Tests/BannerIconsStandaloneTest.cs(59,35): warning CS8602: 解引用可能出现空引用。 [/root/WorkSpace/CSharp/BannerlordModEditor/BannerlordModEditor.Common.Tests/BannerlordModEditor.Common.Tests.csproj]
     1>/root/WorkSpace/CSharp/BannerlordModEditor/BannerlordModEditor.Common.Tests/BannerIconsStandaloneTest.cs(59,35): warning CS8602: 解引用可能出现空引用。 [/root/WorkSpace/CSharp/BannerlordModEditor/BannerlordModEditor.Common.Tests/BannerlordModEditor.Common.Tests.csproj]
     1>/root/WorkSpace/CSharp/BannerlordModEditor/BannerlordModEditor.Common.Tests/BannerIconsBoundaryConditionsTests.cs(172,32): warning CS8602: 解引用可能出现空引用。 [/root/WorkSpace/CSharp/BannerlordModEditor/BannerlordModEditor.Common.Tests/BannerlordModEditor.Common.Tests.csproj]
     1>/root/WorkSpace/CSharp/BannerlordModEditor/BannerlordModEditor.Common.Tests/BannerIconsBoundaryConditionsTests.cs(173,32): warning CS8602: 解引用可能出现空引用。 [/root/WorkSpace/CSharp/BannerlordModEditor/BannerlordModEditor.Common.Tests/BannerlordModEditor.Common.Tests.csproj]
     1>/root/WorkSpace/CSharp/BannerlordModEditor/BannerlordModEditor.Common.Tests/CollisionInfosXmlTests.cs(16,37): warning CS8604: “string Path.Combine(string path1, string path2, string path3)”中的形参“path1”可能传入 null 引用实参。 [/root/WorkSpace/CSharp/BannerlordModEditor/BannerlordModEditor.Common.Tests/BannerlordModEditor.Common.Tests.csproj]
     1>/root/WorkSpace/CSharp/BannerlordModEditor/BannerlordModEditor.Common.Tests/BannerIconsMapperTests.cs(204,36): warning CS8625: 无法将 null 字面量转换为非 null 的引用类型。 [/root/WorkSpace/CSharp/BannerlordModEditor/BannerlordModEditor.Common.Tests/BannerlordModEditor.Common.Tests.csproj]
     1>/root/WorkSpace/CSharp/BannerlordModEditor/BannerlordModEditor.Common.Tests/BannerIconsMapperTests.cs(226,40): warning CS8600: 将 null 文本或可能的 null 值转换为不可为 null 类型。 [/root/WorkSpace/CSharp/BannerlordModEditor/BannerlordModEditor.Common.Tests/BannerlordModEditor.Common.Tests.csproj]
     1>/root/WorkSpace/CSharp/BannerlordModEditor/BannerlordModEditor.Common.Tests/BannerIconsMapperTests.cs(229,54): warning CS8604: “BannerIconGroupDTO BannerIconGroupMapper.ToDTO(BannerIconGroupDO source)”中的形参“source”可能传入 null 引用实参。 [/root/WorkSpace/CSharp/BannerlordModEditor/BannerlordModEditor.Common.Tests/BannerlordModEditor.Common.Tests.csproj]
     1>/root/WorkSpace/CSharp/BannerlordModEditor/BannerlordModEditor.Common.Tests/BannerIconsStandaloneTest.cs(84,26): warning CS8600: 将 null 文本或可能的 null 值转换为不可为 null 类型。 [/root/WorkSpace/CSharp/BannerlordModEditor/BannerlordModEditor.Common.Tests/BannerlordModEditor.Common.Tests.csproj]
     1>/root/WorkSpace/CSharp/BannerlordModEditor/BannerlordModEditor.Common.Tests/BannerIconsStandaloneTest.cs(87,35): warning CS8602: 解引用可能出现空引用。 [/root/WorkSpace/CSharp/BannerlordModEditor/BannerlordModEditor.Common.Tests/BannerlordModEditor.Common.Tests.csproj]
     1>/root/WorkSpace/CSharp/BannerlordModEditor/BannerlordModEditor.Common.Tests/BannerIconsStandaloneTest.cs(87,35): warning CS8602: 解引用可能出现空引用。 [/root/WorkSpace/CSharp/BannerlordModEditor/BannerlordModEditor.Common.Tests/BannerlordModEditor.Common.Tests.csproj]
     1>/root/WorkSpace/CSharp/BannerlordModEditor/BannerlordModEditor.Common.Tests/BannerIconsStandaloneTest.cs(98,33): warning CS8604: “void Assert.NotEmpty(IEnumerable collection)”中的形参“collection”可能传入 null 引用实参。 [/root/WorkSpace/CSharp/BannerlordModEditor/BannerlordModEditor.Common.Tests/BannerlordModEditor.Common.Tests.csproj]
     1>/root/WorkSpace/CSharp/BannerlordModEditor/BannerlordModEditor.Common.Tests/BannerIconsIntegrationTests.cs(325,17): warning CS8602: 解引用可能出现空引用。 [/root/WorkSpace/CSharp/BannerlordModEditor/BannerlordModEditor.Common.Tests/BannerlordModEditor.Common.Tests.csproj]
     1>/root/WorkSpace/CSharp/BannerlordModEditor/BannerlordModEditor.Common.Tests/BannerIconsIntegrationTests.cs(330,17): warning CS8602: 解引用可能出现空引用。 [/root/WorkSpace/CSharp/BannerlordModEditor/BannerlordModEditor.Common.Tests/BannerlordModEditor.Common.Tests.csproj]
     1>/root/WorkSpace/CSharp/BannerlordModEditor/BannerlordModEditor.Common.Tests/BannerIconsStandaloneTest.cs(111,26): warning CS8600: 将 null 文本或可能的 null 值转换为不可为 null 类型。 [/root/WorkSpace/CSharp/BannerlordModEditor/BannerlordModEditor.Common.Tests/BannerlordModEditor.Common.Tests.csproj]
     1>/root/WorkSpace/CSharp/BannerlordModEditor/BannerlordModEditor.Common.Tests/BannerIconsStandaloneTest.cs(114,31): warning CS8602: 解引用可能出现空引用。 [/root/WorkSpace/CSharp/BannerlordModEditor/BannerlordModEditor.Common.Tests/BannerlordModEditor.Common.Tests.csproj]
     1>/root/WorkSpace/CSharp/BannerlordModEditor/BannerlordModEditor.Common.Tests/BannerIconsStandaloneTest.cs(114,31): warning CS8602: 解引用可能出现空引用。 [/root/WorkSpace/CSharp/BannerlordModEditor/BannerlordModEditor.Common.Tests/BannerlordModEditor.Common.Tests.csproj]
     1>/root/WorkSpace/CSharp/BannerlordModEditor/BannerlordModEditor.Common.Tests/BannerIconsStandaloneTest.cs(122,33): warning CS8604: “void Assert.NotEmpty(IEnumerable collection)”中的形参“collection”可能传入 null 引用实参。 [/root/WorkSpace/CSharp/BannerlordModEditor/BannerlordModEditor.Common.Tests/BannerlordModEditor.Common.Tests.csproj]
     1>/root/WorkSpace/CSharp/BannerlordModEditor/BannerlordModEditor.Common.Tests/BannerIconsBoundaryConditionsTests.cs(226,25): warning CS8602: 解引用可能出现空引用。 [/root/WorkSpace/CSharp/BannerlordModEditor/BannerlordModEditor.Common.Tests/BannerlordModEditor.Common.Tests.csproj]
     1>/root/WorkSpace/CSharp/BannerlordModEditor/BannerlordModEditor.Common.Tests/BannerIconsBoundaryConditionsTests.cs(229,29): warning CS8602: 解引用可能出现空引用。 [/root/WorkSpace/CSharp/BannerlordModEditor/BannerlordModEditor.Common.Tests/BannerlordModEditor.Common.Tests.csproj]
     1>/root/WorkSpace/CSharp/BannerlordModEditor/BannerlordModEditor.Common.Tests/BannerIconsStandaloneTest.cs(135,26): warning CS8600: 将 null 文本或可能的 null 值转换为不可为 null 类型。 [/root/WorkSpace/CSharp/BannerlordModEditor/BannerlordModEditor.Common.Tests/BannerlordModEditor.Common.Tests.csproj]
     1>/root/WorkSpace/CSharp/BannerlordModEditor/BannerlordModEditor.Common.Tests/BannerIconsStandaloneTest.cs(138,17): warning CS8602: 解引用可能出现空引用。 [/root/WorkSpace/CSharp/BannerlordModEditor/BannerlordModEditor.Common.Tests/BannerlordModEditor.Common.Tests.csproj]
     1>/root/WorkSpace/CSharp/BannerlordModEditor/BannerlordModEditor.Common.Tests/BannerIconsStandaloneTest.cs(138,17): warning CS8602: 解引用可能出现空引用。 [/root/WorkSpace/CSharp/BannerlordModEditor/BannerlordModEditor.Common.Tests/BannerlordModEditor.Common.Tests.csproj]
     1>/root/WorkSpace/CSharp/BannerlordModEditor/BannerlordModEditor.Common.Tests/BannerIconsStandaloneTest.cs(143,37): warning CS8604: “void Assert.NotEmpty(IEnumerable collection)”中的形参“collection”可能传入 null 引用实参。 [/root/WorkSpace/CSharp/BannerlordModEditor/BannerlordModEditor.Common.Tests/BannerlordModEditor.Common.Tests.csproj]
     1>/root/WorkSpace/CSharp/BannerlordModEditor/BannerlordModEditor.Common.Tests/BannerIconsMapperTests.cs(296,31): warning CS8625: 无法将 null 字面量转换为非 null 的引用类型。 [/root/WorkSpace/CSharp/BannerlordModEditor/BannerlordModEditor.Common.Tests/BannerlordModEditor.Common.Tests.csproj]
     1>/root/WorkSpace/CSharp/BannerlordModEditor/BannerlordModEditor.Common.Tests/BannerIconsMapperTests.cs(297,25): warning CS8625: 无法将 null 字面量转换为非 null 的引用类型。 [/root/WorkSpace/CSharp/BannerlordModEditor/BannerlordModEditor.Common.Tests/BannerlordModEditor.Common.Tests.csproj]
     1>/root/WorkSpace/CSharp/BannerlordModEditor/BannerlordModEditor.Common.Tests/BannerIconsMapperTests.cs(317,35): warning CS8600: 将 null 文本或可能的 null 值转换为不可为 null 类型。 [/root/WorkSpace/CSharp/BannerlordModEditor/BannerlordModEditor.Common.Tests/BannerlordModEditor.Common.Tests.csproj]
     1>/root/WorkSpace/CSharp/BannerlordModEditor/BannerlordModEditor.Common.Tests/BannerIconsMapperTests.cs(320,49): warning CS8604: “BackgroundDTO BackgroundMapper.ToDTO(BackgroundDO source)”中的形参“source”可能传入 null 引用实参。 [/root/WorkSpace/CSharp/BannerlordModEditor/BannerlordModEditor.Common.Tests/BannerlordModEditor.Common.Tests.csproj]
     1>/root/WorkSpace/CSharp/BannerlordModEditor/BannerlordModEditor.Common.Tests/BannerIconsPerformanceTests.cs(163,32): warning CS8602: 解引用可能出现空引用。 [/root/WorkSpace/CSharp/BannerlordModEditor/BannerlordModEditor.Common.Tests/BannerlordModEditor.Common.Tests.csproj]
     1>/root/WorkSpace/CSharp/BannerlordModEditor/BannerlordModEditor.Common.Tests/BannerIconsPerformanceTests.cs(164,32): warning CS8602: 解引用可能出现空引用。 [/root/WorkSpace/CSharp/BannerlordModEditor/BannerlordModEditor.Common.Tests/BannerlordModEditor.Common.Tests.csproj]
     1>/root/WorkSpace/CSharp/BannerlordModEditor/BannerlordModEditor.Common.Tests/BannerIconsMapperTests.cs(351,36): warning CS8600: 将 null 文本或可能的 null 值转换为不可为 null 类型。 [/root/WorkSpace/CSharp/BannerlordModEditor/BannerlordModEditor.Common.Tests/BannerlordModEditor.Common.Tests.csproj]
     1>/root/WorkSpace/CSharp/BannerlordModEditor/BannerlordModEditor.Common.Tests/BannerIconsMapperTests.cs(354,48): warning CS8604: “BackgroundDO BackgroundMapper.ToDO(BackgroundDTO source)”中的形参“source”可能传入 null 引用实参。 [/root/WorkSpace/CSharp/BannerlordModEditor/BannerlordModEditor.Common.Tests/BannerlordModEditor.Common.Tests.csproj]
     1>/root/WorkSpace/CSharp/BannerlordModEditor/BannerlordModEditor.Common.Tests/BannerIconsMapperTests.cs(368,29): warning CS8600: 将 null 文本或可能的 null 值转换为不可为 null 类型。 [/root/WorkSpace/CSharp/BannerlordModEditor/BannerlordModEditor.Common.Tests/BannerlordModEditor.Common.Tests.csproj]
     1>/root/WorkSpace/CSharp/BannerlordModEditor/BannerlordModEditor.Common.Tests/BannerIconsMapperTests.cs(371,43): warning CS8604: “IconDTO IconMapper.ToDTO(IconDO source)”中的形参“source”可能传入 null 引用实参。 [/root/WorkSpace/CSharp/BannerlordModEditor/BannerlordModEditor.Common.Tests/BannerlordModEditor.Common.Tests.csproj]
     1>/root/WorkSpace/CSharp/BannerlordModEditor/BannerlordModEditor.Common.Tests/BannerIconsMapperTests.cs(404,30): warning CS8600: 将 null 文本或可能的 null 值转换为不可为 null 类型。 [/root/WorkSpace/CSharp/BannerlordModEditor/BannerlordModEditor.Common.Tests/BannerlordModEditor.Common.Tests.csproj]
     1>/root/WorkSpace/CSharp/BannerlordModEditor/BannerlordModEditor.Common.Tests/BannerIconsMapperTests.cs(407,42): warning CS8604: “IconDO IconMapper.ToDO(IconDTO source)”中的形参“source”可能传入 null 引用实参。 [/root/WorkSpace/CSharp/BannerlordModEditor/BannerlordModEditor.Common.Tests/BannerlordModEditor.Common.Tests.csproj]
     1>/root/WorkSpace/CSharp/BannerlordModEditor/BannerlordModEditor.Common.Tests/BannerIconsMapperTests.cs(421,37): warning CS8600: 将 null 文本或可能的 null 值转换为不可为 null 类型。 [/root/WorkSpace/CSharp/BannerlordModEditor/BannerlordModEditor.Common.Tests/BannerlordModEditor.Common.Tests.csproj]
     1>/root/WorkSpace/CSharp/BannerlordModEditor/BannerlordModEditor.Common.Tests/BannerIconsMapperTests.cs(424,51): warning CS8604: “BannerColorsDTO BannerColorsMapper.ToDTO(BannerColorsDO source)”中的形参“source”可能传入 null 引用实参。 [/root/WorkSpace/CSharp/BannerlordModEditor/BannerlordModEditor.Common.Tests/BannerlordModEditor.Common.Tests.csproj]
     1>/root/WorkSpace/CSharp/BannerlordModEditor/BannerlordModEditor.Common.Tests/BannerIconsMapperTests.cs(454,26): warning CS8625: 无法将 null 字面量转换为非 null 的引用类型。 [/root/WorkSpace/CSharp/BannerlordModEditor/BannerlordModEditor.Common.Tests/BannerlordModEditor.Common.Tests.csproj]
     1>/root/WorkSpace/CSharp/BannerlordModEditor/BannerlordModEditor.Common.Tests/BannerIconsMapperTests.cs(475,35): warning CS8600: 将 null 文本或可能的 null 值转换为不可为 null 类型。 [/root/WorkSpace/CSharp/BannerlordModEditor/BannerlordModEditor.Common.Tests/BannerlordModEditor.Common.Tests.csproj]
     1>/root/WorkSpace/CSharp/BannerlordModEditor/BannerlordModEditor.Common.Tests/BannerIconsMapperTests.cs(478,49): warning CS8604: “ColorEntryDTO ColorEntryMapper.ToDTO(ColorEntryDO source)”中的形参“source”可能传入 null 引用实参。 [/root/WorkSpace/CSharp/BannerlordModEditor/BannerlordModEditor.Common.Tests/BannerlordModEditor.Common.Tests.csproj]
     1>/root/WorkSpace/CSharp/BannerlordModEditor/BannerlordModEditor.Common.Tests/BannerIconsPerformanceTests.cs(239,38): warning CS8602: 解引用可能出现空引用。 [/root/WorkSpace/CSharp/BannerlordModEditor/BannerlordModEditor.Common.Tests/BannerlordModEditor.Common.Tests.csproj]
     1>/root/WorkSpace/CSharp/BannerlordModEditor/BannerlordModEditor.Common.Tests/BannerIconsPerformanceTests.cs(240,37): warning CS8602: 解引用可能出现空引用。 [/root/WorkSpace/CSharp/BannerlordModEditor/BannerlordModEditor.Common.Tests/BannerlordModEditor.Common.Tests.csproj]
     1>/root/WorkSpace/CSharp/BannerlordModEditor/BannerlordModEditor.Common.Tests/CreditsDebugTest.cs(27,31): warning CS8602: 解引用可能出现空引用。 [/root/WorkSpace/CSharp/BannerlordModEditor/BannerlordModEditor.Common.Tests/BannerlordModEditor.Common.Tests.csproj]
     1>/root/WorkSpace/CSharp/BannerlordModEditor/BannerlordModEditor.Common.Tests/CreditsDebugTest.cs(28,31): warning CS8602: 解引用可能出现空引用。 [/root/WorkSpace/CSharp/BannerlordModEditor/BannerlordModEditor.Common.Tests/BannerlordModEditor.Common.Tests.csproj]
     1>/root/WorkSpace/CSharp/BannerlordModEditor/BannerlordModEditor.Common.Tests/BannerIconsMapperTests.cs(511,36): warning CS8600: 将 null 文本或可能的 null 值转换为不可为 null 类型。 [/root/WorkSpace/CSharp/BannerlordModEditor/BannerlordModEditor.Common.Tests/BannerlordModEditor.Common.Tests.csproj]
     1>/root/WorkSpace/CSharp/BannerlordModEditor/BannerlordModEditor.Common.Tests/BannerIconsMapperTests.cs(514,48): warning CS8604: “ColorEntryDO ColorEntryMapper.ToDO(ColorEntryDTO source)”中的形参“source”可能传入 null 引用实参。 [/root/WorkSpace/CSharp/BannerlordModEditor/BannerlordModEditor.Common.Tests/BannerlordModEditor.Common.Tests.csproj]
     1>/root/WorkSpace/CSharp/BannerlordModEditor/BannerlordModEditor.Common.Tests/BannerIconsMapperTests.cs(537,26): warning CS8602: 解引用可能出现空引用。 [/root/WorkSpace/CSharp/BannerlordModEditor/BannerlordModEditor.Common.Tests/BannerlordModEditor.Common.Tests.csproj]
     1>/root/WorkSpace/CSharp/BannerlordModEditor/BannerlordModEditor.Common.Tests/BannerIconsMapperTests.cs(537,74): warning CS8602: 解引用可能出现空引用。 [/root/WorkSpace/CSharp/BannerlordModEditor/BannerlordModEditor.Common.Tests/BannerlordModEditor.Common.Tests.csproj]
     1>/root/WorkSpace/CSharp/BannerlordModEditor/BannerlordModEditor.Common.Tests/BannerIconsMapperTests.cs(538,26): warning CS8602: 解引用可能出现空引用。 [/root/WorkSpace/CSharp/BannerlordModEditor/BannerlordModEditor.Common.Tests/BannerlordModEditor.Common.Tests.csproj]
     1>/root/WorkSpace/CSharp/BannerlordModEditor/BannerlordModEditor.Common.Tests/BannerIconsMapperTests.cs(538,77): warning CS8602: 解引用可能出现空引用。 [/root/WorkSpace/CSharp/BannerlordModEditor/BannerlordModEditor.Common.Tests/BannerlordModEditor.Common.Tests.csproj]
     1>/root/WorkSpace/CSharp/BannerlordModEditor/BannerlordModEditor.Common.Tests/BannerIconsMapperTests.cs(576,25): warning CS8602: 解引用可能出现空引用。 [/root/WorkSpace/CSharp/BannerlordModEditor/BannerlordModEditor.Common.Tests/BannerlordModEditor.Common.Tests.csproj]
     1>/root/WorkSpace/CSharp/BannerlordModEditor/BannerlordModEditor.Common.Tests/BannerIconsMapperTests.cs(578,25): warning CS8602: 解引用可能出现空引用。 [/root/WorkSpace/CSharp/BannerlordModEditor/BannerlordModEditor.Common.Tests/BannerlordModEditor.Common.Tests.csproj]
     1>/root/WorkSpace/CSharp/BannerlordModEditor/BannerlordModEditor.Common.Tests/Debug/DebugCollisionInfosTest.cs(18,37): warning CS8604: “string Path.Combine(string path1, string path2, string path3)”中的形参“path1”可能传入 null 引用实参。 [/root/WorkSpace/CSharp/BannerlordModEditor/BannerlordModEditor.Common.Tests/BannerlordModEditor.Common.Tests.csproj]
     1>/root/WorkSpace/CSharp/BannerlordModEditor/BannerlordModEditor.Common.Tests/BannerIconsBoundaryConditionsTests.cs(487,31): warning CS8602: 解引用可能出现空引用。 [/root/WorkSpace/CSharp/BannerlordModEditor/BannerlordModEditor.Common.Tests/BannerlordModEditor.Common.Tests.csproj]
     1>/root/WorkSpace/CSharp/BannerlordModEditor/BannerlordModEditor.Common.Tests/DataTests.cs(34,26): warning CS8600: 将 null 文本或可能的 null 值转换为不可为 null 类型。 [/root/WorkSpace/CSharp/BannerlordModEditor/BannerlordModEditor.Common.Tests/BannerlordModEditor.Common.Tests.csproj]
     1>/root/WorkSpace/CSharp/BannerlordModEditor/BannerlordModEditor.Common.Tests/Debug/DebugCollisionInfosFullTest.cs(18,37): warning CS8604: “string Path.Combine(string path1, string path2, string path3)”中的形参“path1”可能传入 null 引用实参。 [/root/WorkSpace/CSharp/BannerlordModEditor/BannerlordModEditor.Common.Tests/BannerlordModEditor.Common.Tests.csproj]
     1>/root/WorkSpace/CSharp/BannerlordModEditor/BannerlordModEditor.Common.Tests/AudioAndDataTests.cs(251,35): warning CS8602: 解引用可能出现空引用。 [/root/WorkSpace/CSharp/BannerlordModEditor/BannerlordModEditor.Common.Tests/BannerlordModEditor.Common.Tests.csproj]
     1>/root/WorkSpace/CSharp/BannerlordModEditor/BannerlordModEditor.Common.Tests/AudioAndDataTests.cs(258,29): warning CS8602: 解引用可能出现空引用。 [/root/WorkSpace/CSharp/BannerlordModEditor/BannerlordModEditor.Common.Tests/BannerlordModEditor.Common.Tests.csproj]
     1>/root/WorkSpace/CSharp/BannerlordModEditor/BannerlordModEditor.Common.Tests/AudioAndDataTests.cs(260,29): warning CS8602: 解引用可能出现空引用。 [/root/WorkSpace/CSharp/BannerlordModEditor/BannerlordModEditor.Common.Tests/BannerlordModEditor.Common.Tests.csproj]
     1>/root/WorkSpace/CSharp/BannerlordModEditor/BannerlordModEditor.Common.Tests/CreditsXmlDebugTest.cs(21,30): warning CS8602: 解引用可能出现空引用。 [/root/WorkSpace/CSharp/BannerlordModEditor/BannerlordModEditor.Common.Tests/BannerlordModEditor.Common.Tests.csproj]
     1>/root/WorkSpace/CSharp/BannerlordModEditor/BannerlordModEditor.Common.Tests/CreditsXmlDebugTest.cs(61,31): warning CS8602: 解引用可能出现空引用。 [/root/WorkSpace/CSharp/BannerlordModEditor/BannerlordModEditor.Common.Tests/BannerlordModEditor.Common.Tests.csproj]
     1>/root/WorkSpace/CSharp/BannerlordModEditor/BannerlordModEditor.Common.Tests/CreditsDebugTest.cs(111,31): warning CS8602: 解引用可能出现空引用。 [/root/WorkSpace/CSharp/BannerlordModEditor/BannerlordModEditor.Common.Tests/BannerlordModEditor.Common.Tests.csproj]
     1>/root/WorkSpace/CSharp/BannerlordModEditor/BannerlordModEditor.Common.Tests/Debug/DebugCollisionInfosSimpleTest.cs(18,37): warning CS8604: “string Path.Combine(string path1, string path2, string path3)”中的形参“path1”可能传入 null 引用实参。 [/root/WorkSpace/CSharp/BannerlordModEditor/BannerlordModEditor.Common.Tests/BannerlordModEditor.Common.Tests.csproj]
     1>/root/WorkSpace/CSharp/BannerlordModEditor/BannerlordModEditor.Common.Tests/CreditsDebugTest.cs(164,46): warning CS8602: 解引用可能出现空引用。 [/root/WorkSpace/CSharp/BannerlordModEditor/BannerlordModEditor.Common.Tests/BannerlordModEditor.Common.Tests.csproj]
     1>/root/WorkSpace/CSharp/BannerlordModEditor/BannerlordModEditor.Common.Tests/CreditsDebugTest.cs(167,47): warning CS8602: 解引用可能出现空引用。 [/root/WorkSpace/CSharp/BannerlordModEditor/BannerlordModEditor.Common.Tests/BannerlordModEditor.Common.Tests.csproj]
     1>/root/WorkSpace/CSharp/BannerlordModEditor/BannerlordModEditor.Common.Tests/DataTests.cs(51,26): warning CS8600: 将 null 文本或可能的 null 值转换为不可为 null 类型。 [/root/WorkSpace/CSharp/BannerlordModEditor/BannerlordModEditor.Common.Tests/BannerlordModEditor.Common.Tests.csproj]
     1>/root/WorkSpace/CSharp/BannerlordModEditor/BannerlordModEditor.Common.Tests/DataTests.cs(54,35): warning CS8602: 解引用可能出现空引用。 [/root/WorkSpace/CSharp/BannerlordModEditor/BannerlordModEditor.Common.Tests/BannerlordModEditor.Common.Tests.csproj]
     1>/root/WorkSpace/CSharp/BannerlordModEditor/BannerlordModEditor.Common.Tests/DataTests.cs(60,33): warning CS8602: 解引用可能出现空引用。 [/root/WorkSpace/CSharp/BannerlordModEditor/BannerlordModEditor.Common.Tests/BannerlordModEditor.Common.Tests.csproj]
     1>/root/WorkSpace/CSharp/BannerlordModEditor/BannerlordModEditor.Common.Tests/DebugMultiplayerScenes.cs(45,31): warning CS8602: 解引用可能出现空引用。 [/root/WorkSpace/CSharp/BannerlordModEditor/BannerlordModEditor.Common.Tests/BannerlordModEditor.Common.Tests.csproj]
     1>/root/WorkSpace/CSharp/BannerlordModEditor/BannerlordModEditor.Common.Tests/DebugMultiplayerScenes.cs(46,31): warning CS8602: 解引用可能出现空引用。 [/root/WorkSpace/CSharp/BannerlordModEditor/BannerlordModEditor.Common.Tests/BannerlordModEditor.Common.Tests.csproj]
     1>/root/WorkSpace/CSharp/BannerlordModEditor/BannerlordModEditor.Common.Tests/DebugAttributesComparison.cs(45,43): warning CS8602: 解引用可能出现空引用。 [/root/WorkSpace/CSharp/BannerlordModEditor/BannerlordModEditor.Common.Tests/BannerlordModEditor.Common.Tests.csproj]
     1>/root/WorkSpace/CSharp/BannerlordModEditor/BannerlordModEditor.Common.Tests/DebugAttributesComparison.cs(46,44): warning CS8602: 解引用可能出现空引用。 [/root/WorkSpace/CSharp/BannerlordModEditor/BannerlordModEditor.Common.Tests/BannerlordModEditor.Common.Tests.csproj]
     1>/root/WorkSpace/CSharp/BannerlordModEditor/BannerlordModEditor.Common.Tests/DebugXmlFormatComparison.cs(31,41): warning CS8602: 解引用可能出现空引用。 [/root/WorkSpace/CSharp/BannerlordModEditor/BannerlordModEditor.Common.Tests/BannerlordModEditor.Common.Tests.csproj]
     1>/root/WorkSpace/CSharp/BannerlordModEditor/BannerlordModEditor.Common.Tests/DebugXmlFormatComparison.cs(32,41): warning CS8602: 解引用可能出现空引用。 [/root/WorkSpace/CSharp/BannerlordModEditor/BannerlordModEditor.Common.Tests/BannerlordModEditor.Common.Tests.csproj]
     1>/root/WorkSpace/CSharp/BannerlordModEditor/BannerlordModEditor.Common.Tests/DataTests.cs(76,26): warning CS8600: 将 null 文本或可能的 null 值转换为不可为 null 类型。 [/root/WorkSpace/CSharp/BannerlordModEditor/BannerlordModEditor.Common.Tests/BannerlordModEditor.Common.Tests.csproj]
     1>/root/WorkSpace/CSharp/BannerlordModEditor/BannerlordModEditor.Common.Tests/DataTests.cs(79,37): warning CS8602: 解引用可能出现空引用。 [/root/WorkSpace/CSharp/BannerlordModEditor/BannerlordModEditor.Common.Tests/BannerlordModEditor.Common.Tests.csproj]
     1>/root/WorkSpace/CSharp/BannerlordModEditor/BannerlordModEditor.Common.Tests/DataTests.cs(85,33): warning CS8602: 解引用可能出现空引用。 [/root/WorkSpace/CSharp/BannerlordModEditor/BannerlordModEditor.Common.Tests/BannerlordModEditor.Common.Tests.csproj]
     1>/root/WorkSpace/CSharp/BannerlordModEditor/BannerlordModEditor.Common.Tests/DataTests.cs(108,26): warning CS8600: 将 null 文本或可能的 null 值转换为不可为 null 类型。 [/root/WorkSpace/CSharp/BannerlordModEditor/BannerlordModEditor.Common.Tests/BannerlordModEditor.Common.Tests.csproj]
     1>/root/WorkSpace/CSharp/BannerlordModEditor/BannerlordModEditor.Common.Tests/DataTests.cs(111,31): warning CS8602: 解引用可能出现空引用。 [/root/WorkSpace/CSharp/BannerlordModEditor/BannerlordModEditor.Common.Tests/BannerlordModEditor.Common.Tests.csproj]
     1>/root/WorkSpace/CSharp/BannerlordModEditor/BannerlordModEditor.Common.Tests/DataTests.cs(114,29): warning CS8602: 解引用可能出现空引用。 [/root/WorkSpace/CSharp/BannerlordModEditor/BannerlordModEditor.Common.Tests/BannerlordModEditor.Common.Tests.csproj]
     1>/root/WorkSpace/CSharp/BannerlordModEditor/BannerlordModEditor.Common.Tests/DataTests.cs(132,26): warning CS8600: 将 null 文本或可能的 null 值转换为不可为 null 类型。 [/root/WorkSpace/CSharp/BannerlordModEditor/BannerlordModEditor.Common.Tests/BannerlordModEditor.Common.Tests.csproj]
     1>/root/WorkSpace/CSharp/BannerlordModEditor/BannerlordModEditor.Common.Tests/DataTests.cs(135,35): warning CS8602: 解引用可能出现空引用。 [/root/WorkSpace/CSharp/BannerlordModEditor/BannerlordModEditor.Common.Tests/BannerlordModEditor.Common.Tests.csproj]
     1>/root/WorkSpace/CSharp/BannerlordModEditor/BannerlordModEditor.Common.Tests/DataTests.cs(140,33): warning CS8604: “void Assert.NotEmpty(IEnumerable collection)”中的形参“collection”可能传入 null 引用实参。 [/root/WorkSpace/CSharp/BannerlordModEditor/BannerlordModEditor.Common.Tests/BannerlordModEditor.Common.Tests.csproj]
     1>/root/WorkSpace/CSharp/BannerlordModEditor/BannerlordModEditor.Common.Tests/DataTests.cs(154,26): warning CS8600: 将 null 文本或可能的 null 值转换为不可为 null 类型。 [/root/WorkSpace/CSharp/BannerlordModEditor/BannerlordModEditor.Common.Tests/BannerlordModEditor.Common.Tests.csproj]
     1>/root/WorkSpace/CSharp/BannerlordModEditor/BannerlordModEditor.Common.Tests/DataTests.cs(173,26): warning CS8600: 将 null 文本或可能的 null 值转换为不可为 null 类型。 [/root/WorkSpace/CSharp/BannerlordModEditor/BannerlordModEditor.Common.Tests/BannerlordModEditor.Common.Tests.csproj]
     1>/root/WorkSpace/CSharp/BannerlordModEditor/BannerlordModEditor.Common.Tests/DataTests.cs(176,34): warning CS8602: 解引用可能出现空引用。 [/root/WorkSpace/CSharp/BannerlordModEditor/BannerlordModEditor.Common.Tests/BannerlordModEditor.Common.Tests.csproj]
     1>/root/WorkSpace/CSharp/BannerlordModEditor/BannerlordModEditor.Common.Tests/CreditsDebugTest.cs(264,30): warning CS8602: 解引用可能出现空引用。 [/root/WorkSpace/CSharp/BannerlordModEditor/BannerlordModEditor.Common.Tests/BannerlordModEditor.Common.Tests.csproj]
     1>/root/WorkSpace/CSharp/BannerlordModEditor/BannerlordModEditor.Common.Tests/DataTests.cs(193,26): warning CS8600: 将 null 文本或可能的 null 值转换为不可为 null 类型。 [/root/WorkSpace/CSharp/BannerlordModEditor/BannerlordModEditor.Common.Tests/BannerlordModEditor.Common.Tests.csproj]
     1>/root/WorkSpace/CSharp/BannerlordModEditor/BannerlordModEditor.Common.Tests/DataTests.cs(196,33): warning CS8602: 解引用可能出现空引用。 [/root/WorkSpace/CSharp/BannerlordModEditor/BannerlordModEditor.Common.Tests/BannerlordModEditor.Common.Tests.csproj]
     1>/root/WorkSpace/CSharp/BannerlordModEditor/BannerlordModEditor.Common.Tests/DataTests.cs(217,26): warning CS8600: 将 null 文本或可能的 null 值转换为不可为 null 类型。 [/root/WorkSpace/CSharp/BannerlordModEditor/BannerlordModEditor.Common.Tests/BannerlordModEditor.Common.Tests.csproj]
     1>/root/WorkSpace/CSharp/BannerlordModEditor/BannerlordModEditor.Common.Tests/DataTests.cs(220,31): warning CS8602: 解引用可能出现空引用。 [/root/WorkSpace/CSharp/BannerlordModEditor/BannerlordModEditor.Common.Tests/BannerlordModEditor.Common.Tests.csproj]
     1>/root/WorkSpace/CSharp/BannerlordModEditor/BannerlordModEditor.Common.Tests/DataTests.cs(236,26): warning CS8600: 将 null 文本或可能的 null 值转换为不可为 null 类型。 [/root/WorkSpace/CSharp/BannerlordModEditor/BannerlordModEditor.Common.Tests/BannerlordModEditor.Common.Tests.csproj]
     1>/root/WorkSpace/CSharp/BannerlordModEditor/BannerlordModEditor.Common.Tests/DataTests.cs(239,34): warning CS8602: 解引用可能出现空引用。 [/root/WorkSpace/CSharp/BannerlordModEditor/BannerlordModEditor.Common.Tests/BannerlordModEditor.Common.Tests.csproj]
     1>/root/WorkSpace/CSharp/BannerlordModEditor/BannerlordModEditor.Common.Tests/DataTests.cs(262,26): warning CS8600: 将 null 文本或可能的 null 值转换为不可为 null 类型。 [/root/WorkSpace/CSharp/BannerlordModEditor/BannerlordModEditor.Common.Tests/BannerlordModEditor.Common.Tests.csproj]
     1>/root/WorkSpace/CSharp/BannerlordModEditor/BannerlordModEditor.Common.Tests/FloraKindsDirectTest.cs(24,47): warning CS8602: 解引用可能出现空引用。 [/root/WorkSpace/CSharp/BannerlordModEditor/BannerlordModEditor.Common.Tests/BannerlordModEditor.Common.Tests.csproj]
     1>/root/WorkSpace/CSharp/BannerlordModEditor/BannerlordModEditor.Common.Tests/FloraKindsDirectTest.cs(29,44): warning CS8602: 解引用可能出现空引用。 [/root/WorkSpace/CSharp/BannerlordModEditor/BannerlordModEditor.Common.Tests/BannerlordModEditor.Common.Tests.csproj]
     1>/root/WorkSpace/CSharp/BannerlordModEditor/BannerlordModEditor.Common.Tests/FloraKindsDirectTest.cs(71,32): warning CS8602: 解引用可能出现空引用。 [/root/WorkSpace/CSharp/BannerlordModEditor/BannerlordModEditor.Common.Tests/BannerlordModEditor.Common.Tests.csproj]
     1>/root/WorkSpace/CSharp/BannerlordModEditor/BannerlordModEditor.Common.Tests/FloraKindsDirectTest.cs(72,32): warning CS8602: 解引用可能出现空引用。 [/root/WorkSpace/CSharp/BannerlordModEditor/BannerlordModEditor.Common.Tests/BannerlordModEditor.Common.Tests.csproj]
     1>/root/WorkSpace/CSharp/BannerlordModEditor/BannerlordModEditor.Common.Tests/DataTests.cs(281,26): warning CS8600: 将 null 文本或可能的 null 值转换为不可为 null 类型。 [/root/WorkSpace/CSharp/BannerlordModEditor/BannerlordModEditor.Common.Tests/BannerlordModEditor.Common.Tests.csproj]
     1>/root/WorkSpace/CSharp/BannerlordModEditor/BannerlordModEditor.Common.Tests/DataTests.cs(284,36): warning CS8602: 解引用可能出现空引用。 [/root/WorkSpace/CSharp/BannerlordModEditor/BannerlordModEditor.Common.Tests/BannerlordModEditor.Common.Tests.csproj]
     1>/root/WorkSpace/CSharp/BannerlordModEditor/BannerlordModEditor.Common.Tests/DataTests.cs(301,26): warning CS8600: 将 null 文本或可能的 null 值转换为不可为 null 类型。 [/root/WorkSpace/CSharp/BannerlordModEditor/BannerlordModEditor.Common.Tests/BannerlordModEditor.Common.Tests.csproj]
     1>/root/WorkSpace/CSharp/BannerlordModEditor/BannerlordModEditor.Common.Tests/DataTests.cs(304,36): warning CS8602: 解引用可能出现空引用。 [/root/WorkSpace/CSharp/BannerlordModEditor/BannerlordModEditor.Common.Tests/BannerlordModEditor.Common.Tests.csproj]
     1>/root/WorkSpace/CSharp/BannerlordModEditor/BannerlordModEditor.Common.Tests/XmlTestUtils.cs(224,48): warning CS8604: “XElement? Enumerable.ElementAtOrDefault<XElement>(IEnumerable<XElement> source, int index)”中的形参“source”可能传入 null 引用实参。 [/root/WorkSpace/CSharp/BannerlordModEditor/BannerlordModEditor.Common.Tests/BannerlordModEditor.Common.Tests.csproj]
     1>/root/WorkSpace/CSharp/BannerlordModEditor/BannerlordModEditor.Common.Tests/XmlTestUtils.cs(407,88): warning CS8602: 解引用可能出现空引用。 [/root/WorkSpace/CSharp/BannerlordModEditor/BannerlordModEditor.Common.Tests/BannerlordModEditor.Common.Tests.csproj]
     1>/root/WorkSpace/CSharp/BannerlordModEditor/BannerlordModEditor.Common.Tests/HybridXml/HybridXmlArchitectureIntegrationTests.cs(50,29): warning CS8604: “void Assert.NotEmpty(IEnumerable collection)”中的形参“collection”可能传入 null 引用实参。 [/root/WorkSpace/CSharp/BannerlordModEditor/BannerlordModEditor.Common.Tests/BannerlordModEditor.Common.Tests.csproj]
     1>/root/WorkSpace/CSharp/BannerlordModEditor/BannerlordModEditor.Common.Tests/DataTests.cs(328,26): warning CS8600: 将 null 文本或可能的 null 值转换为不可为 null 类型。 [/root/WorkSpace/CSharp/BannerlordModEditor/BannerlordModEditor.Common.Tests/BannerlordModEditor.Common.Tests.csproj]
     1>/root/WorkSpace/CSharp/BannerlordModEditor/BannerlordModEditor.Common.Tests/DataTests.cs(331,30): warning CS8602: 解引用可能出现空引用。 [/root/WorkSpace/CSharp/BannerlordModEditor/BannerlordModEditor.Common.Tests/BannerlordModEditor.Common.Tests.csproj]
     1>/root/WorkSpace/CSharp/BannerlordModEditor/BannerlordModEditor.Common.Tests/HardCodedSoundsXmlTests.cs(116,33): warning CS8602: 解引用可能出现空引用。 [/root/WorkSpace/CSharp/BannerlordModEditor/BannerlordModEditor.Common.Tests/BannerlordModEditor.Common.Tests.csproj]
     1>/root/WorkSpace/CSharp/BannerlordModEditor/BannerlordModEditor.Common.Tests/FloraKindsDebugTest.cs(37,43): warning CS8602: 解引用可能出现空引用。 [/root/WorkSpace/CSharp/BannerlordModEditor/BannerlordModEditor.Common.Tests/BannerlordModEditor.Common.Tests.csproj]
     1>/root/WorkSpace/CSharp/BannerlordModEditor/BannerlordModEditor.Common.Tests/FloraKindsDebugTest.cs(38,44): warning CS8602: 解引用可能出现空引用。 [/root/WorkSpace/CSharp/BannerlordModEditor/BannerlordModEditor.Common.Tests/BannerlordModEditor.Common.Tests.csproj]
     1>/root/WorkSpace/CSharp/BannerlordModEditor/BannerlordModEditor.Common.Tests/XmlTestUtils.cs(613,30): warning CS8602: 解引用可能出现空引用。 [/root/WorkSpace/CSharp/BannerlordModEditor/BannerlordModEditor.Common.Tests/BannerlordModEditor.Common.Tests.csproj]
     1>/root/WorkSpace/CSharp/BannerlordModEditor/BannerlordModEditor.Common.Tests/XmlTestUtils.cs(641,45): warning CS8602: 解引用可能出现空引用。 [/root/WorkSpace/CSharp/BannerlordModEditor/BannerlordModEditor.Common.Tests/BannerlordModEditor.Common.Tests.csproj]
     1>/root/WorkSpace/CSharp/BannerlordModEditor/BannerlordModEditor.Common.Tests/XmlTestUtils.cs(664,49): warning CS8602: 解引用可能出现空引用。 [/root/WorkSpace/CSharp/BannerlordModEditor/BannerlordModEditor.Common.Tests/BannerlordModEditor.Common.Tests.csproj]
     1>/root/WorkSpace/CSharp/BannerlordModEditor/BannerlordModEditor.Common.Tests/XmlTestUtils.cs(551,30): warning CS0219: 变量“hasNamespaceDeclarations”已被赋值，但从未使用过它的值 [/root/WorkSpace/CSharp/BannerlordModEditor/BannerlordModEditor.Common.Tests/BannerlordModEditor.Common.Tests.csproj]
     1>/root/WorkSpace/CSharp/BannerlordModEditor/BannerlordModEditor.Common.Tests/HardCodedSoundsXmlTests.cs(149,28): warning CS8604: “IEnumerable<string?> Enumerable.Select<HardCodedSound, string?>(IEnumerable<HardCodedSound> source, Func<HardCodedSound, string?> selector)”中的形参“source”可能传入 null 引用实参。 [/root/WorkSpace/CSharp/BannerlordModEditor/BannerlordModEditor.Common.Tests/BannerlordModEditor.Common.Tests.csproj]
     1>/root/WorkSpace/CSharp/BannerlordModEditor/BannerlordModEditor.Common.Tests/DataTests.cs(359,26): warning CS8600: 将 null 文本或可能的 null 值转换为不可为 null 类型。 [/root/WorkSpace/CSharp/BannerlordModEditor/BannerlordModEditor.Common.Tests/BannerlordModEditor.Common.Tests.csproj]
     1>/root/WorkSpace/CSharp/BannerlordModEditor/BannerlordModEditor.Common.Tests/DataTests.cs(363,34): warning CS8602: 解引用可能出现空引用。 [/root/WorkSpace/CSharp/BannerlordModEditor/BannerlordModEditor.Common.Tests/BannerlordModEditor.Common.Tests.csproj]
     1>/root/WorkSpace/CSharp/BannerlordModEditor/BannerlordModEditor.Common.Tests/DataTests.cs(389,26): warning CS8600: 将 null 文本或可能的 null 值转换为不可为 null 类型。 [/root/WorkSpace/CSharp/BannerlordModEditor/BannerlordModEditor.Common.Tests/BannerlordModEditor.Common.Tests.csproj]
     1>/root/WorkSpace/CSharp/BannerlordModEditor/BannerlordModEditor.Common.Tests/HybridXml/HybridXmlArchitectureIntegrationTests.cs(188,43): warning CS8602: 解引用可能出现空引用。 [/root/WorkSpace/CSharp/BannerlordModEditor/BannerlordModEditor.Common.Tests/BannerlordModEditor.Common.Tests.csproj]
     1>/root/WorkSpace/CSharp/BannerlordModEditor/BannerlordModEditor.Common.Tests/DataTests.cs(413,26): warning CS8600: 将 null 文本或可能的 null 值转换为不可为 null 类型。 [/root/WorkSpace/CSharp/BannerlordModEditor/BannerlordModEditor.Common.Tests/BannerlordModEditor.Common.Tests.csproj]
     1>/root/WorkSpace/CSharp/BannerlordModEditor/BannerlordModEditor.Common.Tests/DataTests.cs(416,35): warning CS8602: 解引用可能出现空引用。 [/root/WorkSpace/CSharp/BannerlordModEditor/BannerlordModEditor.Common.Tests/BannerlordModEditor.Common.Tests.csproj]
     1>/root/WorkSpace/CSharp/BannerlordModEditor/BannerlordModEditor.Common.Tests/DataTests.cs(416,35): warning CS8602: 解引用可能出现空引用。 [/root/WorkSpace/CSharp/BannerlordModEditor/BannerlordModEditor.Common.Tests/BannerlordModEditor.Common.Tests.csproj]
     1>/root/WorkSpace/CSharp/BannerlordModEditor/BannerlordModEditor.Common.Tests/HardCodedSoundsXmlTests.cs(171,29): warning CS8714: 类型“string?”不能用作泛型类型或方法“Enumerable.ToDictionary<TSource, TKey, TElement>(IEnumerable<TSource>, Func<TSource, TKey>, Func<TSource, TElement>)”中的类型参数“TKey”。类型参数“string?”的为 Null 性与 "notnull" 约束不匹配。 [/root/WorkSpace/CSharp/BannerlordModEditor/BannerlordModEditor.Common.Tests/BannerlordModEditor.Common.Tests.csproj]
     1>/root/WorkSpace/CSharp/BannerlordModEditor/BannerlordModEditor.Common.Tests/HardCodedSoundsXmlTests.cs(171,82): warning CS8621: “lambda 表达式”的返回类型中引用类型的为 Null 性与目标委托“Func<HardCodedSound, string?>”不匹配(可能是由于为 Null 性特性)。 [/root/WorkSpace/CSharp/BannerlordModEditor/BannerlordModEditor.Common.Tests/BannerlordModEditor.Common.Tests.csproj]
     1>/root/WorkSpace/CSharp/BannerlordModEditor/BannerlordModEditor.Common.Tests/HardCodedSoundsXmlTests.cs(185,59): warning CS8602: 解引用可能出现空引用。 [/root/WorkSpace/CSharp/BannerlordModEditor/BannerlordModEditor.Common.Tests/BannerlordModEditor.Common.Tests.csproj]
     1>/root/WorkSpace/CSharp/BannerlordModEditor/BannerlordModEditor.Common.Tests/DataTests.cs(445,26): warning CS8600: 将 null 文本或可能的 null 值转换为不可为 null 类型。 [/root/WorkSpace/CSharp/BannerlordModEditor/BannerlordModEditor.Common.Tests/BannerlordModEditor.Common.Tests.csproj]
     1>/root/WorkSpace/CSharp/BannerlordModEditor/BannerlordModEditor.Common.Tests/DataTests.cs(448,35): warning CS8602: 解引用可能出现空引用。 [/root/WorkSpace/CSharp/BannerlordModEditor/BannerlordModEditor.Common.Tests/BannerlordModEditor.Common.Tests.csproj]
     1>/root/WorkSpace/CSharp/BannerlordModEditor/BannerlordModEditor.Common.Tests/DataTests.cs(448,35): warning CS8602: 解引用可能出现空引用。 [/root/WorkSpace/CSharp/BannerlordModEditor/BannerlordModEditor.Common.Tests/BannerlordModEditor.Common.Tests.csproj]
     1>/root/WorkSpace/CSharp/BannerlordModEditor/BannerlordModEditor.Common.Tests/DataTests.cs(460,33): warning CS8604: “void Assert.NotEmpty(IEnumerable collection)”中的形参“collection”可能传入 null 引用实参。 [/root/WorkSpace/CSharp/BannerlordModEditor/BannerlordModEditor.Common.Tests/BannerlordModEditor.Common.Tests.csproj]
     1>/root/WorkSpace/CSharp/BannerlordModEditor/BannerlordModEditor.Common.Tests/HardCodedSoundsXmlTests.cs(235,32): warning CS8714: 类型“string?”不能用作泛型类型或方法“Enumerable.ToDictionary<TSource, TKey, TElement>(IEnumerable<TSource>, Func<TSource, TKey>, Func<TSource, TElement>)”中的类型参数“TKey”。类型参数“string?”的为 Null 性与 "notnull" 约束不匹配。 [/root/WorkSpace/CSharp/BannerlordModEditor/BannerlordModEditor.Common.Tests/BannerlordModEditor.Common.Tests.csproj]
     1>/root/WorkSpace/CSharp/BannerlordModEditor/BannerlordModEditor.Common.Tests/HardCodedSoundsXmlTests.cs(235,87): warning CS8621: “lambda 表达式”的返回类型中引用类型的为 Null 性与目标委托“Func<HardCodedSound, string?>”不匹配(可能是由于为 Null 性特性)。 [/root/WorkSpace/CSharp/BannerlordModEditor/BannerlordModEditor.Common.Tests/BannerlordModEditor.Common.Tests.csproj]
     1>/root/WorkSpace/CSharp/BannerlordModEditor/BannerlordModEditor.Common.Tests/HardCodedSoundsXmlTests.cs(236,36): warning CS8714: 类型“string?”不能用作泛型类型或方法“Enumerable.ToDictionary<TSource, TKey, TElement>(IEnumerable<TSource>, Func<TSource, TKey>, Func<TSource, TElement>)”中的类型参数“TKey”。类型参数“string?”的为 Null 性与 "notnull" 约束不匹配。 [/root/WorkSpace/CSharp/BannerlordModEditor/BannerlordModEditor.Common.Tests/BannerlordModEditor.Common.Tests.csproj]
     1>/root/WorkSpace/CSharp/BannerlordModEditor/BannerlordModEditor.Common.Tests/HardCodedSoundsXmlTests.cs(236,95): warning CS8621: “lambda 表达式”的返回类型中引用类型的为 Null 性与目标委托“Func<HardCodedSound, string?>”不匹配(可能是由于为 Null 性特性)。 [/root/WorkSpace/CSharp/BannerlordModEditor/BannerlordModEditor.Common.Tests/BannerlordModEditor.Common.Tests.csproj]
     1>/root/WorkSpace/CSharp/BannerlordModEditor/BannerlordModEditor.Common.Tests/FinalSubWidgetAnalysisTest.cs(36,36): warning CS8714: 类型“string?”不能用作泛型类型或方法“Enumerable.ToDictionary<TSource, TKey, TElement>(IEnumerable<TSource>, Func<TSource, TKey>, Func<TSource, TElement>)”中的类型参数“TKey”。类型参数“string?”的为 Null 性与 "notnull" 约束不匹配。 [/root/WorkSpace/CSharp/BannerlordModEditor/BannerlordModEditor.Common.Tests/BannerlordModEditor.Common.Tests.csproj]
     1>/root/WorkSpace/CSharp/BannerlordModEditor/BannerlordModEditor.Common.Tests/FinalSubWidgetAnalysisTest.cs(36,107): warning CS8621: “lambda 表达式”的返回类型中引用类型的为 Null 性与目标委托“Func<IGrouping<string?, XElement>, string?>”不匹配(可能是由于为 Null 性特性)。 [/root/WorkSpace/CSharp/BannerlordModEditor/BannerlordModEditor.Common.Tests/BannerlordModEditor.Common.Tests.csproj]
     1>/root/WorkSpace/CSharp/BannerlordModEditor/BannerlordModEditor.Common.Tests/FinalSubWidgetAnalysisTest.cs(37,38): warning CS8714: 类型“string?”不能用作泛型类型或方法“Enumerable.ToDictionary<TSource, TKey, TElement>(IEnumerable<TSource>, Func<TSource, TKey>, Func<TSource, TElement>)”中的类型参数“TKey”。类型参数“string?”的为 Null 性与 "notnull" 约束不匹配。 [/root/WorkSpace/CSharp/BannerlordModEditor/BannerlordModEditor.Common.Tests/BannerlordModEditor.Common.Tests.csproj]
     1>/root/WorkSpace/CSharp/BannerlordModEditor/BannerlordModEditor.Common.Tests/FinalSubWidgetAnalysisTest.cs(37,111): warning CS8621: “lambda 表达式”的返回类型中引用类型的为 Null 性与目标委托“Func<IGrouping<string?, XElement>, string?>”不匹配(可能是由于为 Null 性特性)。 [/root/WorkSpace/CSharp/BannerlordModEditor/BannerlordModEditor.Common.Tests/BannerlordModEditor.Common.Tests.csproj]
     1>/root/WorkSpace/CSharp/BannerlordModEditor/BannerlordModEditor.Common.Tests/DataTests.cs(473,26): warning CS8600: 将 null 文本或可能的 null 值转换为不可为 null 类型。 [/root/WorkSpace/CSharp/BannerlordModEditor/BannerlordModEditor.Common.Tests/BannerlordModEditor.Common.Tests.csproj]
     1>/root/WorkSpace/CSharp/BannerlordModEditor/BannerlordModEditor.Common.Tests/DataTests.cs(479,31): warning CS8602: 解引用可能出现空引用。 [/root/WorkSpace/CSharp/BannerlordModEditor/BannerlordModEditor.Common.Tests/BannerlordModEditor.Common.Tests.csproj]
     1>/root/WorkSpace/CSharp/BannerlordModEditor/BannerlordModEditor.Common.Tests/DataTests.cs(479,31): warning CS8602: 解引用可能出现空引用。 [/root/WorkSpace/CSharp/BannerlordModEditor/BannerlordModEditor.Common.Tests/BannerlordModEditor.Common.Tests.csproj]
     1>/root/WorkSpace/CSharp/BannerlordModEditor/BannerlordModEditor.Common.Tests/DataTests.cs(500,33): warning CS8604: “void Assert.NotEmpty(IEnumerable collection)”中的形参“collection”可能传入 null 引用实参。 [/root/WorkSpace/CSharp/BannerlordModEditor/BannerlordModEditor.Common.Tests/BannerlordModEditor.Common.Tests.csproj]
     1>/root/WorkSpace/CSharp/BannerlordModEditor/BannerlordModEditor.Common.Tests/HardCodedSoundsXmlTests.cs(299,40): warning CS8602: 解引用可能出现空引用。 [/root/WorkSpace/CSharp/BannerlordModEditor/BannerlordModEditor.Common.Tests/BannerlordModEditor.Common.Tests.csproj]
     1>/root/WorkSpace/CSharp/BannerlordModEditor/BannerlordModEditor.Common.Tests/GameTests.cs(124,73): warning CS8602: 解引用可能出现空引用。 [/root/WorkSpace/CSharp/BannerlordModEditor/BannerlordModEditor.Common.Tests/BannerlordModEditor.Common.Tests.csproj]
     1>/root/WorkSpace/CSharp/BannerlordModEditor/BannerlordModEditor.Common.Tests/GameTests.cs(137,29): warning CS8602: 解引用可能出现空引用。 [/root/WorkSpace/CSharp/BannerlordModEditor/BannerlordModEditor.Common.Tests/BannerlordModEditor.Common.Tests.csproj]
     1>/root/WorkSpace/CSharp/BannerlordModEditor/BannerlordModEditor.Common.Tests/DataTests.cs(514,26): warning CS8600: 将 null 文本或可能的 null 值转换为不可为 null 类型。 [/root/WorkSpace/CSharp/BannerlordModEditor/BannerlordModEditor.Common.Tests/BannerlordModEditor.Common.Tests.csproj]
     1>/root/WorkSpace/CSharp/BannerlordModEditor/BannerlordModEditor.Common.Tests/DataTests.cs(517,35): warning CS8602: 解引用可能出现空引用。 [/root/WorkSpace/CSharp/BannerlordModEditor/BannerlordModEditor.Common.Tests/BannerlordModEditor.Common.Tests.csproj]
     1>/root/WorkSpace/CSharp/BannerlordModEditor/BannerlordModEditor.Common.Tests/DataTests.cs(517,35): warning CS8602: 解引用可能出现空引用。 [/root/WorkSpace/CSharp/BannerlordModEditor/BannerlordModEditor.Common.Tests/BannerlordModEditor.Common.Tests.csproj]
     1>/root/WorkSpace/CSharp/BannerlordModEditor/BannerlordModEditor.Common.Tests/DataTests.cs(517,35): warning CS8602: 解引用可能出现空引用。 [/root/WorkSpace/CSharp/BannerlordModEditor/BannerlordModEditor.Common.Tests/BannerlordModEditor.Common.Tests.csproj]
     1>/root/WorkSpace/CSharp/BannerlordModEditor/BannerlordModEditor.Common.Tests/DataTests.cs(523,33): warning CS8604: “void Assert.NotEmpty(IEnumerable collection)”中的形参“collection”可能传入 null 引用实参。 [/root/WorkSpace/CSharp/BannerlordModEditor/BannerlordModEditor.Common.Tests/BannerlordModEditor.Common.Tests.csproj]
     1>/root/WorkSpace/CSharp/BannerlordModEditor/BannerlordModEditor.Common.Tests/DataTests.cs(555,26): warning CS8600: 将 null 文本或可能的 null 值转换为不可为 null 类型。 [/root/WorkSpace/CSharp/BannerlordModEditor/BannerlordModEditor.Common.Tests/BannerlordModEditor.Common.Tests.csproj]
     1>/root/WorkSpace/CSharp/BannerlordModEditor/BannerlordModEditor.Common.Tests/DataTests.cs(563,29): warning CS8602: 解引用可能出现空引用。 [/root/WorkSpace/CSharp/BannerlordModEditor/BannerlordModEditor.Common.Tests/BannerlordModEditor.Common.Tests.csproj]
     1>/root/WorkSpace/CSharp/BannerlordModEditor/BannerlordModEditor.Common.Tests/DataTests.cs(563,29): warning CS8602: 解引用可能出现空引用。 [/root/WorkSpace/CSharp/BannerlordModEditor/BannerlordModEditor.Common.Tests/BannerlordModEditor.Common.Tests.csproj]
     1>/root/WorkSpace/CSharp/BannerlordModEditor/BannerlordModEditor.Common.Tests/DataTests.cs(564,42): warning CS8602: 解引用可能出现空引用。 [/root/WorkSpace/CSharp/BannerlordModEditor/BannerlordModEditor.Common.Tests/BannerlordModEditor.Common.Tests.csproj]
     1>/root/WorkSpace/CSharp/BannerlordModEditor/BannerlordModEditor.Common.Tests/DataTests.cs(574,37): warning CS8602: 解引用可能出现空引用。 [/root/WorkSpace/CSharp/BannerlordModEditor/BannerlordModEditor.Common.Tests/BannerlordModEditor.Common.Tests.csproj]
     1>/root/WorkSpace/CSharp/BannerlordModEditor/BannerlordModEditor.Common.Tests/DataTests.cs(574,37): warning CS8602: 解引用可能出现空引用。 [/root/WorkSpace/CSharp/BannerlordModEditor/BannerlordModEditor.Common.Tests/BannerlordModEditor.Common.Tests.csproj]
     1>/root/WorkSpace/CSharp/BannerlordModEditor/BannerlordModEditor.Common.Tests/DataTests.cs(574,37): warning CS8602: 解引用可能出现空引用。 [/root/WorkSpace/CSharp/BannerlordModEditor/BannerlordModEditor.Common.Tests/BannerlordModEditor.Common.Tests.csproj]
     1>/root/WorkSpace/CSharp/BannerlordModEditor/BannerlordModEditor.Common.Tests/ModuleStringsXmlTests.cs(28,33): warning CS8600: 将 null 文本或可能的 null 值转换为不可为 null 类型。 [/root/WorkSpace/CSharp/BannerlordModEditor/BannerlordModEditor.Common.Tests/BannerlordModEditor.Common.Tests.csproj]
     1>/root/WorkSpace/CSharp/BannerlordModEditor/BannerlordModEditor.Common.Tests/ModuleStringsXmlTests.cs(64,26): warning CS8602: 解引用可能出现空引用。 [/root/WorkSpace/CSharp/BannerlordModEditor/BannerlordModEditor.Common.Tests/BannerlordModEditor.Common.Tests.csproj]
     1>/root/WorkSpace/CSharp/BannerlordModEditor/BannerlordModEditor.Common.Tests/ModuleStringsXmlTests.cs(64,59): warning CS8602: 解引用可能出现空引用。 [/root/WorkSpace/CSharp/BannerlordModEditor/BannerlordModEditor.Common.Tests/BannerlordModEditor.Common.Tests.csproj]
     1>/root/WorkSpace/CSharp/BannerlordModEditor/BannerlordModEditor.Common.Tests/DataTests.cs(589,26): warning CS8600: 将 null 文本或可能的 null 值转换为不可为 null 类型。 [/root/WorkSpace/CSharp/BannerlordModEditor/BannerlordModEditor.Common.Tests/BannerlordModEditor.Common.Tests.csproj]
     1>/root/WorkSpace/CSharp/BannerlordModEditor/BannerlordModEditor.Common.Tests/ManagedCoreParametersXmlTests.cs(102,29): warning CS8714: 类型“string?”不能用作泛型类型或方法“Enumerable.ToDictionary<TSource, TKey, TElement>(IEnumerable<TSource>, Func<TSource, TKey>, Func<TSource, TElement>)”中的类型参数“TKey”。类型参数“string?”的为 Null 性与 "notnull" 约束不匹配。 [/root/WorkSpace/CSharp/BannerlordModEditor/BannerlordModEditor.Common.Tests/BannerlordModEditor.Common.Tests.csproj]
     1>/root/WorkSpace/CSharp/BannerlordModEditor/BannerlordModEditor.Common.Tests/ManagedCoreParametersXmlTests.cs(102,92): warning CS8621: “lambda 表达式”的返回类型中引用类型的为 Null 性与目标委托“Func<ManagedCoreParameter, string?>”不匹配(可能是由于为 Null 性特性)。 [/root/WorkSpace/CSharp/BannerlordModEditor/BannerlordModEditor.Common.Tests/BannerlordModEditor.Common.Tests.csproj]
     1>/root/WorkSpace/CSharp/BannerlordModEditor/BannerlordModEditor.Common.Tests/ManagedCoreParametersXmlTests.cs(115,38): warning CS8604: “double double.Parse(string s, IFormatProvider? provider)”中的形参“s”可能传入 null 引用实参。 [/root/WorkSpace/CSharp/BannerlordModEditor/BannerlordModEditor.Common.Tests/BannerlordModEditor.Common.Tests.csproj]
     1>/root/WorkSpace/CSharp/BannerlordModEditor/BannerlordModEditor.Common.Tests/ManagedCoreParametersXmlTests.cs(116,38): warning CS8604: “double double.Parse(string s, IFormatProvider? provider)”中的形参“s”可能传入 null 引用实参。 [/root/WorkSpace/CSharp/BannerlordModEditor/BannerlordModEditor.Common.Tests/BannerlordModEditor.Common.Tests.csproj]
     1>/root/WorkSpace/CSharp/BannerlordModEditor/BannerlordModEditor.Common.Tests/ManagedCoreParametersXmlTests.cs(121,46): warning CS8604: “double double.Parse(string s, IFormatProvider? provider)”中的形参“s”可能传入 null 引用实参。 [/root/WorkSpace/CSharp/BannerlordModEditor/BannerlordModEditor.Common.Tests/BannerlordModEditor.Common.Tests.csproj]
     1>/root/WorkSpace/CSharp/BannerlordModEditor/BannerlordModEditor.Common.Tests/ManagedCoreParametersXmlTests.cs(122,50): warning CS8604: “double double.Parse(string s, IFormatProvider? provider)”中的形参“s”可能传入 null 引用实参。 [/root/WorkSpace/CSharp/BannerlordModEditor/BannerlordModEditor.Common.Tests/BannerlordModEditor.Common.Tests.csproj]
     1>/root/WorkSpace/CSharp/BannerlordModEditor/BannerlordModEditor.Common.Tests/ManagedCoreParametersXmlTests.cs(129,53): warning CS8604: “double double.Parse(string s, IFormatProvider? provider)”中的形参“s”可能传入 null 引用实参。 [/root/WorkSpace/CSharp/BannerlordModEditor/BannerlordModEditor.Common.Tests/BannerlordModEditor.Common.Tests.csproj]
     1>/root/WorkSpace/CSharp/BannerlordModEditor/BannerlordModEditor.Common.Tests/ManagedCoreParametersXmlTests.cs(130,52): warning CS8604: “double double.Parse(string s, IFormatProvider? provider)”中的形参“s”可能传入 null 引用实参。 [/root/WorkSpace/CSharp/BannerlordModEditor/BannerlordModEditor.Common.Tests/BannerlordModEditor.Common.Tests.csproj]
     1>/root/WorkSpace/CSharp/BannerlordModEditor/BannerlordModEditor.Common.Tests/ManagedCoreParametersXmlTests.cs(136,46): warning CS8604: “double double.Parse(string s, IFormatProvider? provider)”中的形参“s”可能传入 null 引用实参。 [/root/WorkSpace/CSharp/BannerlordModEditor/BannerlordModEditor.Common.Tests/BannerlordModEditor.Common.Tests.csproj]
     1>/root/WorkSpace/CSharp/BannerlordModEditor/BannerlordModEditor.Common.Tests/ModuleSoundsXmlTests.cs(62,26): warning CS8604: “void Assert.Empty(IEnumerable collection)”中的形参“collection”可能传入 null 引用实参。 [/root/WorkSpace/CSharp/BannerlordModEditor/BannerlordModEditor.Common.Tests/BannerlordModEditor.Common.Tests.csproj]
     1>/root/WorkSpace/CSharp/BannerlordModEditor/BannerlordModEditor.Common.Tests/ModuleSoundsXmlTests.cs(70,29): warning CS8602: 解引用可能出现空引用。 [/root/WorkSpace/CSharp/BannerlordModEditor/BannerlordModEditor.Common.Tests/BannerlordModEditor.Common.Tests.csproj]
     1>/root/WorkSpace/CSharp/BannerlordModEditor/BannerlordModEditor.Common.Tests/GameTests.cs(199,17): warning CS8602: 解引用可能出现空引用。 [/root/WorkSpace/CSharp/BannerlordModEditor/BannerlordModEditor.Common.Tests/BannerlordModEditor.Common.Tests.csproj]
     1>/root/WorkSpace/CSharp/BannerlordModEditor/BannerlordModEditor.Common.Tests/GameTests.cs(230,21): warning CS8602: 解引用可能出现空引用。 [/root/WorkSpace/CSharp/BannerlordModEditor/BannerlordModEditor.Common.Tests/BannerlordModEditor.Common.Tests.csproj]
     1>/root/WorkSpace/CSharp/BannerlordModEditor/BannerlordModEditor.Common.Tests/DataTests.cs(606,26): warning CS8600: 将 null 文本或可能的 null 值转换为不可为 null 类型。 [/root/WorkSpace/CSharp/BannerlordModEditor/BannerlordModEditor.Common.Tests/BannerlordModEditor.Common.Tests.csproj]
     1>/root/WorkSpace/CSharp/BannerlordModEditor/BannerlordModEditor.Common.Tests/DataTests.cs(609,36): warning CS8602: 解引用可能出现空引用。 [/root/WorkSpace/CSharp/BannerlordModEditor/BannerlordModEditor.Common.Tests/BannerlordModEditor.Common.Tests.csproj]
     1>/root/WorkSpace/CSharp/BannerlordModEditor/BannerlordModEditor.Common.Tests/DataTests.cs(609,36): warning CS8602: 解引用可能出现空引用。 [/root/WorkSpace/CSharp/BannerlordModEditor/BannerlordModEditor.Common.Tests/BannerlordModEditor.Common.Tests.csproj]
     1>/root/WorkSpace/CSharp/BannerlordModEditor/BannerlordModEditor.Common.Tests/DataTests.cs(611,33): warning CS8604: “void Assert.NotEmpty(IEnumerable collection)”中的形参“collection”可能传入 null 引用实参。 [/root/WorkSpace/CSharp/BannerlordModEditor/BannerlordModEditor.Common.Tests/BannerlordModEditor.Common.Tests.csproj]
     1>/root/WorkSpace/CSharp/BannerlordModEditor/BannerlordModEditor.Common.Tests/DataTests.cs(612,33): warning CS8604: “void Assert.NotEmpty(IEnumerable collection)”中的形参“collection”可能传入 null 引用实参。 [/root/WorkSpace/CSharp/BannerlordModEditor/BannerlordModEditor.Common.Tests/BannerlordModEditor.Common.Tests.csproj]
     1>/root/WorkSpace/CSharp/BannerlordModEditor/BannerlordModEditor.Common.Tests/DataTests.cs(613,33): warning CS8604: “void Assert.NotEmpty(IEnumerable collection)”中的形参“collection”可能传入 null 引用实参。 [/root/WorkSpace/CSharp/BannerlordModEditor/BannerlordModEditor.Common.Tests/BannerlordModEditor.Common.Tests.csproj]
     1>/root/WorkSpace/CSharp/BannerlordModEditor/BannerlordModEditor.Common.Tests/DataTests.cs(614,33): warning CS8604: “void Assert.NotEmpty(IEnumerable collection)”中的形参“collection”可能传入 null 引用实参。 [/root/WorkSpace/CSharp/BannerlordModEditor/BannerlordModEditor.Common.Tests/BannerlordModEditor.Common.Tests.csproj]
     1>/root/WorkSpace/CSharp/BannerlordModEditor/BannerlordModEditor.Common.Tests/DataTests.cs(626,70): warning CS8602: 解引用可能出现空引用。 [/root/WorkSpace/CSharp/BannerlordModEditor/BannerlordModEditor.Common.Tests/BannerlordModEditor.Common.Tests.csproj]
     1>/root/WorkSpace/CSharp/BannerlordModEditor/BannerlordModEditor.Common.Tests/ManagedCoreParametersXmlTests.cs(156,29): warning CS8602: 解引用可能出现空引用。 [/root/WorkSpace/CSharp/BannerlordModEditor/BannerlordModEditor.Common.Tests/BannerlordModEditor.Common.Tests.csproj]
     1>/root/WorkSpace/CSharp/BannerlordModEditor/BannerlordModEditor.Common.Tests/ManagedCoreParametersXmlTests.cs(156,29): warning CS8714: 类型“string?”不能用作泛型类型或方法“Enumerable.ToDictionary<TSource, TKey, TElement>(IEnumerable<TSource>, Func<TSource, TKey>, Func<TSource, TElement>)”中的类型参数“TKey”。类型参数“string?”的为 Null 性与 "notnull" 约束不匹配。 [/root/WorkSpace/CSharp/BannerlordModEditor/BannerlordModEditor.Common.Tests/BannerlordModEditor.Common.Tests.csproj]
     1>/root/WorkSpace/CSharp/BannerlordModEditor/BannerlordModEditor.Common.Tests/ManagedCoreParametersXmlTests.cs(156,29): warning CS8604: “Dictionary<string?, string?> Enumerable.ToDictionary<ManagedCoreParameter, string?, string?>(IEnumerable<ManagedCoreParameter> source, Func<ManagedCoreParameter, string?> keySelector, Func<ManagedCoreParameter, string?> elementSelector)”中的形参“source”可能传入 null 引用实参。 [/root/WorkSpace/CSharp/BannerlordModEditor/BannerlordModEditor.Common.Tests/BannerlordModEditor.Common.Tests.csproj]
     1>/root/WorkSpace/CSharp/BannerlordModEditor/BannerlordModEditor.Common.Tests/ManagedCoreParametersXmlTests.cs(156,92): warning CS8621: “lambda 表达式”的返回类型中引用类型的为 Null 性与目标委托“Func<ManagedCoreParameter, string?>”不匹配(可能是由于为 Null 性特性)。 [/root/WorkSpace/CSharp/BannerlordModEditor/BannerlordModEditor.Common.Tests/BannerlordModEditor.Common.Tests.csproj]
     1>/root/WorkSpace/CSharp/BannerlordModEditor/BannerlordModEditor.Common.Tests/ManagedCoreParametersXmlTests.cs(159,49): warning CS8604: “double double.Parse(string s, IFormatProvider? provider)”中的形参“s”可能传入 null 引用实参。 [/root/WorkSpace/CSharp/BannerlordModEditor/BannerlordModEditor.Common.Tests/BannerlordModEditor.Common.Tests.csproj]
     1>/root/WorkSpace/CSharp/BannerlordModEditor/BannerlordModEditor.Common.Tests/ManagedCoreParametersXmlTests.cs(160,51): warning CS8604: “double double.Parse(string s, IFormatProvider? provider)”中的形参“s”可能传入 null 引用实参。 [/root/WorkSpace/CSharp/BannerlordModEditor/BannerlordModEditor.Common.Tests/BannerlordModEditor.Common.Tests.csproj]
     1>/root/WorkSpace/CSharp/BannerlordModEditor/BannerlordModEditor.Common.Tests/ManagedCoreParametersXmlTests.cs(161,49): warning CS8604: “double double.Parse(string s, IFormatProvider? provider)”中的形参“s”可能传入 null 引用实参。 [/root/WorkSpace/CSharp/BannerlordModEditor/BannerlordModEditor.Common.Tests/BannerlordModEditor.Common.Tests.csproj]
     1>/root/WorkSpace/CSharp/BannerlordModEditor/BannerlordModEditor.Common.Tests/ManagedCoreParametersXmlTests.cs(162,47): warning CS8604: “double double.Parse(string s, IFormatProvider? provider)”中的形参“s”可能传入 null 引用实参。 [/root/WorkSpace/CSharp/BannerlordModEditor/BannerlordModEditor.Common.Tests/BannerlordModEditor.Common.Tests.csproj]
     1>/root/WorkSpace/CSharp/BannerlordModEditor/BannerlordModEditor.Common.Tests/DataTests.cs(639,26): warning CS8600: 将 null 文本或可能的 null 值转换为不可为 null 类型。 [/root/WorkSpace/CSharp/BannerlordModEditor/BannerlordModEditor.Common.Tests/BannerlordModEditor.Common.Tests.csproj]
     1>/root/WorkSpace/CSharp/BannerlordModEditor/BannerlordModEditor.Common.Tests/ManagedCoreParametersXmlTests.cs(192,29): warning CS8602: 解引用可能出现空引用。 [/root/WorkSpace/CSharp/BannerlordModEditor/BannerlordModEditor.Common.Tests/BannerlordModEditor.Common.Tests.csproj]
     1>/root/WorkSpace/CSharp/BannerlordModEditor/BannerlordModEditor.Common.Tests/ManagedCoreParametersXmlTests.cs(192,29): warning CS8714: 类型“string?”不能用作泛型类型或方法“Enumerable.ToDictionary<TSource, TKey, TElement>(IEnumerable<TSource>, Func<TSource, TKey>, Func<TSource, TElement>)”中的类型参数“TKey”。类型参数“string?”的为 Null 性与 "notnull" 约束不匹配。 [/root/WorkSpace/CSharp/BannerlordModEditor/BannerlordModEditor.Common.Tests/BannerlordModEditor.Common.Tests.csproj]
     1>/root/WorkSpace/CSharp/BannerlordModEditor/BannerlordModEditor.Common.Tests/ManagedCoreParametersXmlTests.cs(192,29): warning CS8604: “Dictionary<string?, string?> Enumerable.ToDictionary<ManagedCoreParameter, string?, string?>(IEnumerable<ManagedCoreParameter> source, Func<ManagedCoreParameter, string?> keySelector, Func<ManagedCoreParameter, string?> elementSelector)”中的形参“source”可能传入 null 引用实参。 [/root/WorkSpace/CSharp/BannerlordModEditor/BannerlordModEditor.Common.Tests/BannerlordModEditor.Common.Tests.csproj]
     1>/root/WorkSpace/CSharp/BannerlordModEditor/BannerlordModEditor.Common.Tests/ManagedCoreParametersXmlTests.cs(192,92): warning CS8621: “lambda 表达式”的返回类型中引用类型的为 Null 性与目标委托“Func<ManagedCoreParameter, string?>”不匹配(可能是由于为 Null 性特性)。 [/root/WorkSpace/CSharp/BannerlordModEditor/BannerlordModEditor.Common.Tests/BannerlordModEditor.Common.Tests.csproj]
     1>/root/WorkSpace/CSharp/BannerlordModEditor/BannerlordModEditor.Common.Tests/ManagedCoreParametersXmlTests.cs(195,54): warning CS8604: “double double.Parse(string s, IFormatProvider? provider)”中的形参“s”可能传入 null 引用实参。 [/root/WorkSpace/CSharp/BannerlordModEditor/BannerlordModEditor.Common.Tests/BannerlordModEditor.Common.Tests.csproj]
     1>/root/WorkSpace/CSharp/BannerlordModEditor/BannerlordModEditor.Common.Tests/ManagedCoreParametersXmlTests.cs(196,51): warning CS8604: “double double.Parse(string s, IFormatProvider? provider)”中的形参“s”可能传入 null 引用实参。 [/root/WorkSpace/CSharp/BannerlordModEditor/BannerlordModEditor.Common.Tests/BannerlordModEditor.Common.Tests.csproj]
     1>/root/WorkSpace/CSharp/BannerlordModEditor/BannerlordModEditor.Common.Tests/ManagedCoreParametersXmlTests.cs(197,53): warning CS8604: “double double.Parse(string s, IFormatProvider? provider)”中的形参“s”可能传入 null 引用实参。 [/root/WorkSpace/CSharp/BannerlordModEditor/BannerlordModEditor.Common.Tests/BannerlordModEditor.Common.Tests.csproj]
     1>/root/WorkSpace/CSharp/BannerlordModEditor/BannerlordModEditor.Common.Tests/ManagedCoreParametersXmlTests.cs(205,52): warning CS8604: “double double.Parse(string s, IFormatProvider? provider)”中的形参“s”可能传入 null 引用实参。 [/root/WorkSpace/CSharp/BannerlordModEditor/BannerlordModEditor.Common.Tests/BannerlordModEditor.Common.Tests.csproj]
     1>/root/WorkSpace/CSharp/BannerlordModEditor/BannerlordModEditor.Common.Tests/DataTests.cs(658,26): warning CS8600: 将 null 文本或可能的 null 值转换为不可为 null 类型。 [/root/WorkSpace/CSharp/BannerlordModEditor/BannerlordModEditor.Common.Tests/BannerlordModEditor.Common.Tests.csproj]
     1>/root/WorkSpace/CSharp/BannerlordModEditor/BannerlordModEditor.Common.Tests/DataTests.cs(661,34): warning CS8602: 解引用可能出现空引用。 [/root/WorkSpace/CSharp/BannerlordModEditor/BannerlordModEditor.Common.Tests/BannerlordModEditor.Common.Tests.csproj]
     1>/root/WorkSpace/CSharp/BannerlordModEditor/BannerlordModEditor.Common.Tests/LayeredArchitectureTests.cs(264,20): warning CS8603: 可能返回 null 引用。 [/root/WorkSpace/CSharp/BannerlordModEditor/BannerlordModEditor.Common.Tests/BannerlordModEditor.Common.Tests.csproj]
     1>/root/WorkSpace/CSharp/BannerlordModEditor/BannerlordModEditor.Common.Tests/MpcosmeticsDirectTest.cs(21,25): warning CS8600: 将 null 文本或可能的 null 值转换为不可为 null 类型。 [/root/WorkSpace/CSharp/BannerlordModEditor/BannerlordModEditor.Common.Tests/BannerlordModEditor.Common.Tests.csproj]
     1>/root/WorkSpace/CSharp/BannerlordModEditor/BannerlordModEditor.Common.Tests/MpcosmeticsDirectTest.cs(23,53): warning CS8602: 解引用可能出现空引用。 [/root/WorkSpace/CSharp/BannerlordModEditor/BannerlordModEditor.Common.Tests/BannerlordModEditor.Common.Tests.csproj]
     1>/root/WorkSpace/CSharp/BannerlordModEditor/BannerlordModEditor.Common.Tests/ModuleSoundsXmlTests.cs(121,25): warning CS8602: 解引用可能出现空引用。 [/root/WorkSpace/CSharp/BannerlordModEditor/BannerlordModEditor.Common.Tests/BannerlordModEditor.Common.Tests.csproj]
     1>/root/WorkSpace/CSharp/BannerlordModEditor/BannerlordModEditor.Common.Tests/ModuleSoundsXmlTests.cs(146,37): warning CS8602: 解引用可能出现空引用。 [/root/WorkSpace/CSharp/BannerlordModEditor/BannerlordModEditor.Common.Tests/BannerlordModEditor.Common.Tests.csproj]
     1>/root/WorkSpace/CSharp/BannerlordModEditor/BannerlordModEditor.Common.Tests/ModuleSoundsXmlTests.cs(214,29): warning CS8602: 解引用可能出现空引用。 [/root/WorkSpace/CSharp/BannerlordModEditor/BannerlordModEditor.Common.Tests/BannerlordModEditor.Common.Tests.csproj]
     1>/root/WorkSpace/CSharp/BannerlordModEditor/BannerlordModEditor.Common.Tests/DataTests.cs(690,26): warning CS8600: 将 null 文本或可能的 null 值转换为不可为 null 类型。 [/root/WorkSpace/CSharp/BannerlordModEditor/BannerlordModEditor.Common.Tests/BannerlordModEditor.Common.Tests.csproj]
     1>/root/WorkSpace/CSharp/BannerlordModEditor/BannerlordModEditor.Common.Tests/MpcosmeticsDetailedDebugTest.cs(33,55): warning CS8602: 解引用可能出现空引用。 [/root/WorkSpace/CSharp/BannerlordModEditor/BannerlordModEditor.Common.Tests/BannerlordModEditor.Common.Tests.csproj]
     1>/root/WorkSpace/CSharp/BannerlordModEditor/BannerlordModEditor.Common.Tests/DataTests.cs(710,26): warning CS8600: 将 null 文本或可能的 null 值转换为不可为 null 类型。 [/root/WorkSpace/CSharp/BannerlordModEditor/BannerlordModEditor.Common.Tests/BannerlordModEditor.Common.Tests.csproj]
     1>/root/WorkSpace/CSharp/BannerlordModEditor/BannerlordModEditor.Common.Tests/DataTests.cs(713,29): warning CS8602: 解引用可能出现空引用。 [/root/WorkSpace/CSharp/BannerlordModEditor/BannerlordModEditor.Common.Tests/BannerlordModEditor.Common.Tests.csproj]
     1>/root/WorkSpace/CSharp/BannerlordModEditor/BannerlordModEditor.Common.Tests/DataTests.cs(713,29): warning CS8602: 解引用可能出现空引用。 [/root/WorkSpace/CSharp/BannerlordModEditor/BannerlordModEditor.Common.Tests/BannerlordModEditor.Common.Tests.csproj]
     1>/root/WorkSpace/CSharp/BannerlordModEditor/BannerlordModEditor.Common.Tests/DataTests.cs(714,29): warning CS8602: 解引用可能出现空引用。 [/root/WorkSpace/CSharp/BannerlordModEditor/BannerlordModEditor.Common.Tests/BannerlordModEditor.Common.Tests.csproj]
     1>/root/WorkSpace/CSharp/BannerlordModEditor/BannerlordModEditor.Common.Tests/DataTests.cs(715,29): warning CS8602: 解引用可能出现空引用。 [/root/WorkSpace/CSharp/BannerlordModEditor/BannerlordModEditor.Common.Tests/BannerlordModEditor.Common.Tests.csproj]
     1>/root/WorkSpace/CSharp/BannerlordModEditor/BannerlordModEditor.Common.Tests/DataTests.cs(740,26): warning CS8600: 将 null 文本或可能的 null 值转换为不可为 null 类型。 [/root/WorkSpace/CSharp/BannerlordModEditor/BannerlordModEditor.Common.Tests/BannerlordModEditor.Common.Tests.csproj]
     1>/root/WorkSpace/CSharp/BannerlordModEditor/BannerlordModEditor.Common.Tests/MpcosmeticsXmlTests.cs(74,48): warning CS8602: 解引用可能出现空引用。 [/root/WorkSpace/CSharp/BannerlordModEditor/BannerlordModEditor.Common.Tests/BannerlordModEditor.Common.Tests.csproj]
     1>/root/WorkSpace/CSharp/BannerlordModEditor/BannerlordModEditor.Common.Tests/MpcosmeticsXmlTests.cs(74,81): warning CS8602: 解引用可能出现空引用。 [/root/WorkSpace/CSharp/BannerlordModEditor/BannerlordModEditor.Common.Tests/BannerlordModEditor.Common.Tests.csproj]
     1>/root/WorkSpace/CSharp/BannerlordModEditor/BannerlordModEditor.Common.Tests/MpcosmeticsXmlTests.cs(100,50): warning CS8604: “bool MpcosmeticsXmlTests.XmlNodesEqualIgnoreNamespaces(XmlNode a, XmlNode b)”中的形参“a”可能传入 null 引用实参。 [/root/WorkSpace/CSharp/BannerlordModEditor/BannerlordModEditor.Common.Tests/BannerlordModEditor.Common.Tests.csproj]
     1>/root/WorkSpace/CSharp/BannerlordModEditor/BannerlordModEditor.Common.Tests/MpcosmeticsXmlTests.cs(100,72): warning CS8604: “bool MpcosmeticsXmlTests.XmlNodesEqualIgnoreNamespaces(XmlNode a, XmlNode b)”中的形参“b”可能传入 null 引用实参。 [/root/WorkSpace/CSharp/BannerlordModEditor/BannerlordModEditor.Common.Tests/BannerlordModEditor.Common.Tests.csproj]
     1>/root/WorkSpace/CSharp/BannerlordModEditor/BannerlordModEditor.Common.Tests/DataTests.cs(759,26): warning CS8600: 将 null 文本或可能的 null 值转换为不可为 null 类型。 [/root/WorkSpace/CSharp/BannerlordModEditor/BannerlordModEditor.Common.Tests/BannerlordModEditor.Common.Tests.csproj]
     1>/root/WorkSpace/CSharp/BannerlordModEditor/BannerlordModEditor.Common.Tests/DataTests.cs(762,35): warning CS8602: 解引用可能出现空引用。 [/root/WorkSpace/CSharp/BannerlordModEditor/BannerlordModEditor.Common.Tests/BannerlordModEditor.Common.Tests.csproj]
     1>/root/WorkSpace/CSharp/BannerlordModEditor/BannerlordModEditor.Common.Tests/DataTests.cs(804,26): warning CS8600: 将 null 文本或可能的 null 值转换为不可为 null 类型。 [/root/WorkSpace/CSharp/BannerlordModEditor/BannerlordModEditor.Common.Tests/BannerlordModEditor.Common.Tests.csproj]
     1>/root/WorkSpace/CSharp/BannerlordModEditor/BannerlordModEditor.Common.Tests/ManagedCoreParametersXmlTests.cs(384,26): warning CS8602: 解引用可能出现空引用。 [/root/WorkSpace/CSharp/BannerlordModEditor/BannerlordModEditor.Common.Tests/BannerlordModEditor.Common.Tests.csproj]
     1>/root/WorkSpace/CSharp/BannerlordModEditor/BannerlordModEditor.Common.Tests/ManagedCoreParametersXmlTests.cs(384,26): warning CS8602: 解引用可能出现空引用。 [/root/WorkSpace/CSharp/BannerlordModEditor/BannerlordModEditor.Common.Tests/BannerlordModEditor.Common.Tests.csproj]
     1>/root/WorkSpace/CSharp/BannerlordModEditor/BannerlordModEditor.Common.Tests/ManagedCoreParametersXmlTests.cs(385,25): warning CS8602: 解引用可能出现空引用。 [/root/WorkSpace/CSharp/BannerlordModEditor/BannerlordModEditor.Common.Tests/BannerlordModEditor.Common.Tests.csproj]
     1>/root/WorkSpace/CSharp/BannerlordModEditor/BannerlordModEditor.Common.Tests/ManagedCoreParametersXmlTests.cs(385,25): warning CS8602: 解引用可能出现空引用。 [/root/WorkSpace/CSharp/BannerlordModEditor/BannerlordModEditor.Common.Tests/BannerlordModEditor.Common.Tests.csproj]
     1>/root/WorkSpace/CSharp/BannerlordModEditor/BannerlordModEditor.Common.Tests/ManagedCoreParametersXmlTests.cs(388,32): warning CS8714: 类型“string?”不能用作泛型类型或方法“Enumerable.ToDictionary<TSource, TKey, TElement>(IEnumerable<TSource>, Func<TSource, TKey>, Func<TSource, TElement>)”中的类型参数“TKey”。类型参数“string?”的为 Null 性与 "notnull" 约束不匹配。 [/root/WorkSpace/CSharp/BannerlordModEditor/BannerlordModEditor.Common.Tests/BannerlordModEditor.Common.Tests.csproj]
     1>/root/WorkSpace/CSharp/BannerlordModEditor/BannerlordModEditor.Common.Tests/ManagedCoreParametersXmlTests.cs(388,97): warning CS8621: “lambda 表达式”的返回类型中引用类型的为 Null 性与目标委托“Func<ManagedCoreParameter, string?>”不匹配(可能是由于为 Null 性特性)。 [/root/WorkSpace/CSharp/BannerlordModEditor/BannerlordModEditor.Common.Tests/BannerlordModEditor.Common.Tests.csproj]
     1>/root/WorkSpace/CSharp/BannerlordModEditor/BannerlordModEditor.Common.Tests/ManagedCoreParametersXmlTests.cs(389,36): warning CS8714: 类型“string?”不能用作泛型类型或方法“Enumerable.ToDictionary<TSource, TKey, TElement>(IEnumerable<TSource>, Func<TSource, TKey>, Func<TSource, TElement>)”中的类型参数“TKey”。类型参数“string?”的为 Null 性与 "notnull" 约束不匹配。 [/root/WorkSpace/CSharp/BannerlordModEditor/BannerlordModEditor.Common.Tests/BannerlordModEditor.Common.Tests.csproj]
     1>/root/WorkSpace/CSharp/BannerlordModEditor/BannerlordModEditor.Common.Tests/ManagedCoreParametersXmlTests.cs(389,105): warning CS8621: “lambda 表达式”的返回类型中引用类型的为 Null 性与目标委托“Func<ManagedCoreParameter, string?>”不匹配(可能是由于为 Null 性特性)。 [/root/WorkSpace/CSharp/BannerlordModEditor/BannerlordModEditor.Common.Tests/BannerlordModEditor.Common.Tests.csproj]
     1>/root/WorkSpace/CSharp/BannerlordModEditor/BannerlordModEditor.Common.Tests/MpcosmeticsDetailedAnalysisTest.cs(97,49): warning CS8602: 解引用可能出现空引用。 [/root/WorkSpace/CSharp/BannerlordModEditor/BannerlordModEditor.Common.Tests/BannerlordModEditor.Common.Tests.csproj]
     1>/root/WorkSpace/CSharp/BannerlordModEditor/BannerlordModEditor.Common.Tests/MpcosmeticsDetailedAnalysisTest.cs(98,50): warning CS8602: 解引用可能出现空引用。 [/root/WorkSpace/CSharp/BannerlordModEditor/BannerlordModEditor.Common.Tests/BannerlordModEditor.Common.Tests.csproj]
     1>/root/WorkSpace/CSharp/BannerlordModEditor/BannerlordModEditor.Common.Tests/MpcosmeticsFormatComparisonTest.cs(59,84): warning CS8602: 解引用可能出现空引用。 [/root/WorkSpace/CSharp/BannerlordModEditor/BannerlordModEditor.Common.Tests/BannerlordModEditor.Common.Tests.csproj]
     1>/root/WorkSpace/CSharp/BannerlordModEditor/BannerlordModEditor.Common.Tests/MpcosmeticsFormatComparisonTest.cs(60,85): warning CS8602: 解引用可能出现空引用。 [/root/WorkSpace/CSharp/BannerlordModEditor/BannerlordModEditor.Common.Tests/BannerlordModEditor.Common.Tests.csproj]
     1>/root/WorkSpace/CSharp/BannerlordModEditor/BannerlordModEditor.Common.Tests/MpcosmeticsFormatComparisonTest.cs(75,45): warning CS8602: 解引用可能出现空引用。 [/root/WorkSpace/CSharp/BannerlordModEditor/BannerlordModEditor.Common.Tests/BannerlordModEditor.Common.Tests.csproj]
     1>/root/WorkSpace/CSharp/BannerlordModEditor/BannerlordModEditor.Common.Tests/MpcosmeticsFormatComparisonTest.cs(76,46): warning CS8602: 解引用可能出现空引用。 [/root/WorkSpace/CSharp/BannerlordModEditor/BannerlordModEditor.Common.Tests/BannerlordModEditor.Common.Tests.csproj]
     1>/root/WorkSpace/CSharp/BannerlordModEditor/BannerlordModEditor.Common.Tests/DataTests.cs(821,26): warning CS8600: 将 null 文本或可能的 null 值转换为不可为 null 类型。 [/root/WorkSpace/CSharp/BannerlordModEditor/BannerlordModEditor.Common.Tests/BannerlordModEditor.Common.Tests.csproj]
     1>/root/WorkSpace/CSharp/BannerlordModEditor/BannerlordModEditor.Common.Tests/DataTests.cs(824,37): warning CS8602: 解引用可能出现空引用。 [/root/WorkSpace/CSharp/BannerlordModEditor/BannerlordModEditor.Common.Tests/BannerlordModEditor.Common.Tests.csproj]
     1>/root/WorkSpace/CSharp/BannerlordModEditor/BannerlordModEditor.Common.Tests/MpcosmeticsXmlTests.cs(115,63): warning CS8604: “bool MpcosmeticsXmlTests.AreAttributeCollectionsEqualIgnoreNamespaces(XmlAttributeCollection a, XmlAttributeCollection b)”中的形参“a”可能传入 null 引用实参。 [/root/WorkSpace/CSharp/BannerlordModEditor/BannerlordModEditor.Common.Tests/BannerlordModEditor.Common.Tests.csproj]
     1>/root/WorkSpace/CSharp/BannerlordModEditor/BannerlordModEditor.Common.Tests/MpcosmeticsXmlTests.cs(115,77): warning CS8604: “bool MpcosmeticsXmlTests.AreAttributeCollectionsEqualIgnoreNamespaces(XmlAttributeCollection a, XmlAttributeCollection b)”中的形参“b”可能传入 null 引用实参。 [/root/WorkSpace/CSharp/BannerlordModEditor/BannerlordModEditor.Common.Tests/BannerlordModEditor.Common.Tests.csproj]
     1>/root/WorkSpace/CSharp/BannerlordModEditor/BannerlordModEditor.Common.Tests/MpcosmeticsXmlTests.cs(125,21): warning CS8602: 解引用可能出现空引用。 [/root/WorkSpace/CSharp/BannerlordModEditor/BannerlordModEditor.Common.Tests/BannerlordModEditor.Common.Tests.csproj]
     1>/root/WorkSpace/CSharp/BannerlordModEditor/BannerlordModEditor.Common.Tests/MpcosmeticsXmlTests.cs(127,21): warning CS8602: 解引用可能出现空引用。 [/root/WorkSpace/CSharp/BannerlordModEditor/BannerlordModEditor.Common.Tests/BannerlordModEditor.Common.Tests.csproj]
     1>/root/WorkSpace/CSharp/BannerlordModEditor/BannerlordModEditor.Common.Tests/MpcosmeticsXmlTests.cs(138,48): warning CS8602: 解引用可能出现空引用。 [/root/WorkSpace/CSharp/BannerlordModEditor/BannerlordModEditor.Common.Tests/BannerlordModEditor.Common.Tests.csproj]
     1>/root/WorkSpace/CSharp/BannerlordModEditor/BannerlordModEditor.Common.Tests/MpcosmeticsXmlTests.cs(139,48): warning CS8602: 解引用可能出现空引用。 [/root/WorkSpace/CSharp/BannerlordModEditor/BannerlordModEditor.Common.Tests/BannerlordModEditor.Common.Tests.csproj]
     1>/root/WorkSpace/CSharp/BannerlordModEditor/BannerlordModEditor.Common.Tests/MpcosmeticsXmlTests.cs(142,56): warning CS8604: “bool MpcosmeticsXmlTests.XmlNodesEqualIgnoreNamespaces(XmlNode a, XmlNode b)”中的形参“a”可能传入 null 引用实参。 [/root/WorkSpace/CSharp/BannerlordModEditor/BannerlordModEditor.Common.Tests/BannerlordModEditor.Common.Tests.csproj]
     1>/root/WorkSpace/CSharp/BannerlordModEditor/BannerlordModEditor.Common.Tests/MpcosmeticsXmlTests.cs(142,71): warning CS8604: “bool MpcosmeticsXmlTests.XmlNodesEqualIgnoreNamespaces(XmlNode a, XmlNode b)”中的形参“b”可能传入 null 引用实参。 [/root/WorkSpace/CSharp/BannerlordModEditor/BannerlordModEditor.Common.Tests/BannerlordModEditor.Common.Tests.csproj]
     1>/root/WorkSpace/CSharp/BannerlordModEditor/BannerlordModEditor.Common.Tests/ManagedCoreParametersXmlTests.cs(444,23): warning CS8602: 解引用可能出现空引用。 [/root/WorkSpace/CSharp/BannerlordModEditor/BannerlordModEditor.Common.Tests/BannerlordModEditor.Common.Tests.csproj]
     1>/root/WorkSpace/CSharp/BannerlordModEditor/BannerlordModEditor.Common.Tests/ManagedCoreParametersXmlTests.cs(444,23): warning CS8604: “IEnumerable<string?> Enumerable.Select<ManagedCoreParameter, string?>(IEnumerable<ManagedCoreParameter> source, Func<ManagedCoreParameter, string?> selector)”中的形参“source”可能传入 null 引用实参。 [/root/WorkSpace/CSharp/BannerlordModEditor/BannerlordModEditor.Common.Tests/BannerlordModEditor.Common.Tests.csproj]
     1>/root/WorkSpace/CSharp/BannerlordModEditor/BannerlordModEditor.Common.Tests/NativeEquipmentSetsXmlTests.cs(27,39): warning CS8600: 将 null 文本或可能的 null 值转换为不可为 null 类型。 [/root/WorkSpace/CSharp/BannerlordModEditor/BannerlordModEditor.Common.Tests/BannerlordModEditor.Common.Tests.csproj]
     1>/root/WorkSpace/CSharp/BannerlordModEditor/BannerlordModEditor.Common.Tests/NativeEquipmentSetsXmlTests.cs(61,26): warning CS8602: 解引用可能出现空引用。 [/root/WorkSpace/CSharp/BannerlordModEditor/BannerlordModEditor.Common.Tests/BannerlordModEditor.Common.Tests.csproj]
     1>/root/WorkSpace/CSharp/BannerlordModEditor/BannerlordModEditor.Common.Tests/NativeEquipmentSetsXmlTests.cs(61,59): warning CS8602: 解引用可能出现空引用。 [/root/WorkSpace/CSharp/BannerlordModEditor/BannerlordModEditor.Common.Tests/BannerlordModEditor.Common.Tests.csproj]
     1>/root/WorkSpace/CSharp/BannerlordModEditor/BannerlordModEditor.Common.Tests/MpcosmeticsXmlTests.cs(152,44): warning CS8603: 可能返回 null 引用。 [/root/WorkSpace/CSharp/BannerlordModEditor/BannerlordModEditor.Common.Tests/BannerlordModEditor.Common.Tests.csproj]
     1>/root/WorkSpace/CSharp/BannerlordModEditor/BannerlordModEditor.Common.Tests/NativeEquipmentSetsXmlTests.cs(84,39): warning CS8600: 将 null 文本或可能的 null 值转换为不可为 null 类型。 [/root/WorkSpace/CSharp/BannerlordModEditor/BannerlordModEditor.Common.Tests/BannerlordModEditor.Common.Tests.csproj]
     1>/root/WorkSpace/CSharp/BannerlordModEditor/BannerlordModEditor.Common.Tests/MpcosmeticsDetailedAnalysisTest.cs(137,33): warning CS8602: 解引用可能出现空引用。 [/root/WorkSpace/CSharp/BannerlordModEditor/BannerlordModEditor.Common.Tests/BannerlordModEditor.Common.Tests.csproj]
     1>/root/WorkSpace/CSharp/BannerlordModEditor/BannerlordModEditor.Common.Tests/NativeSkillSetsXmlTests.cs(27,35): warning CS8600: 将 null 文本或可能的 null 值转换为不可为 null 类型。 [/root/WorkSpace/CSharp/BannerlordModEditor/BannerlordModEditor.Common.Tests/BannerlordModEditor.Common.Tests.csproj]
     1>/root/WorkSpace/CSharp/BannerlordModEditor/BannerlordModEditor.Common.Tests/NativeSkillSetsXmlTests.cs(61,26): warning CS8602: 解引用可能出现空引用。 [/root/WorkSpace/CSharp/BannerlordModEditor/BannerlordModEditor.Common.Tests/BannerlordModEditor.Common.Tests.csproj]
     1>/root/WorkSpace/CSharp/BannerlordModEditor/BannerlordModEditor.Common.Tests/NativeSkillSetsXmlTests.cs(61,59): warning CS8602: 解引用可能出现空引用。 [/root/WorkSpace/CSharp/BannerlordModEditor/BannerlordModEditor.Common.Tests/BannerlordModEditor.Common.Tests.csproj]
     1>/root/WorkSpace/CSharp/BannerlordModEditor/BannerlordModEditor.Common.Tests/DataTests.cs(847,26): warning CS8600: 将 null 文本或可能的 null 值转换为不可为 null 类型。 [/root/WorkSpace/CSharp/BannerlordModEditor/BannerlordModEditor.Common.Tests/BannerlordModEditor.Common.Tests.csproj]
     1>/root/WorkSpace/CSharp/BannerlordModEditor/BannerlordModEditor.Common.Tests/DataTests.cs(850,25): warning CS8602: 解引用可能出现空引用。 [/root/WorkSpace/CSharp/BannerlordModEditor/BannerlordModEditor.Common.Tests/BannerlordModEditor.Common.Tests.csproj]
     1>/root/WorkSpace/CSharp/BannerlordModEditor/BannerlordModEditor.Common.Tests/XmlTestUtils.cs(1274,34): warning CS8602: 解引用可能出现空引用。 [/root/WorkSpace/CSharp/BannerlordModEditor/BannerlordModEditor.Common.Tests/BannerlordModEditor.Common.Tests.csproj]
     1>/root/WorkSpace/CSharp/BannerlordModEditor/BannerlordModEditor.Common.Tests/ManagedCoreParametersXmlTests.cs(467,35): warning CS8602: 解引用可能出现空引用。 [/root/WorkSpace/CSharp/BannerlordModEditor/BannerlordModEditor.Common.Tests/BannerlordModEditor.Common.Tests.csproj]
     1>/root/WorkSpace/CSharp/BannerlordModEditor/BannerlordModEditor.Common.Tests/ManagedCoreParametersXmlTests.cs(467,35): warning CS8602: 解引用可能出现空引用。 [/root/WorkSpace/CSharp/BannerlordModEditor/BannerlordModEditor.Common.Tests/BannerlordModEditor.Common.Tests.csproj]
     1>/root/WorkSpace/CSharp/BannerlordModEditor/BannerlordModEditor.Common.Tests/NativeSkillSetsXmlTests.cs(84,35): warning CS8600: 将 null 文本或可能的 null 值转换为不可为 null 类型。 [/root/WorkSpace/CSharp/BannerlordModEditor/BannerlordModEditor.Common.Tests/BannerlordModEditor.Common.Tests.csproj]
     1>/root/WorkSpace/CSharp/BannerlordModEditor/BannerlordModEditor.Common.Tests/ParticleSystemsDebugTest.cs(31,28): warning CS8602: 解引用可能出现空引用。 [/root/WorkSpace/CSharp/BannerlordModEditor/BannerlordModEditor.Common.Tests/BannerlordModEditor.Common.Tests.csproj]
     1>/root/WorkSpace/CSharp/BannerlordModEditor/BannerlordModEditor.Common.Tests/ParticleSystemsDebugTest.cs(32,28): warning CS8602: 解引用可能出现空引用。 [/root/WorkSpace/CSharp/BannerlordModEditor/BannerlordModEditor.Common.Tests/BannerlordModEditor.Common.Tests.csproj]
     1>/root/WorkSpace/CSharp/BannerlordModEditor/BannerlordModEditor.Common.Tests/MpcosmeticsXmlTests.cs(226,21): warning CS8602: 解引用可能出现空引用。 [/root/WorkSpace/CSharp/BannerlordModEditor/BannerlordModEditor.Common.Tests/BannerlordModEditor.Common.Tests.csproj]
     1>/root/WorkSpace/CSharp/BannerlordModEditor/BannerlordModEditor.Common.Tests/MpcosmeticsXmlTests.cs(226,55): warning CS8602: 解引用可能出现空引用。 [/root/WorkSpace/CSharp/BannerlordModEditor/BannerlordModEditor.Common.Tests/BannerlordModEditor.Common.Tests.csproj]
     1>/root/WorkSpace/CSharp/BannerlordModEditor/BannerlordModEditor.Common.Tests/XmlTestUtils.cs(1297,86): warning CS8602: 解引用可能出现空引用。 [/root/WorkSpace/CSharp/BannerlordModEditor/BannerlordModEditor.Common.Tests/BannerlordModEditor.Common.Tests.csproj]
     1>/root/WorkSpace/CSharp/BannerlordModEditor/BannerlordModEditor.Common.Tests/MpcosmeticsXmlTests.cs(256,35): warning CS8602: 解引用可能出现空引用。 [/root/WorkSpace/CSharp/BannerlordModEditor/BannerlordModEditor.Common.Tests/BannerlordModEditor.Common.Tests.csproj]
     1>/root/WorkSpace/CSharp/BannerlordModEditor/BannerlordModEditor.Common.Tests/DataTests.cs(887,26): warning CS8600: 将 null 文本或可能的 null 值转换为不可为 null 类型。 [/root/WorkSpace/CSharp/BannerlordModEditor/BannerlordModEditor.Common.Tests/BannerlordModEditor.Common.Tests.csproj]
     1>/root/WorkSpace/CSharp/BannerlordModEditor/BannerlordModEditor.Common.Tests/DataTests.cs(890,25): warning CS8602: 解引用可能出现空引用。 [/root/WorkSpace/CSharp/BannerlordModEditor/BannerlordModEditor.Common.Tests/BannerlordModEditor.Common.Tests.csproj]
     1>/root/WorkSpace/CSharp/BannerlordModEditor/BannerlordModEditor.Common.Tests/ParticleSystemsDebugTest.cs(53,28): warning CS8602: 解引用可能出现空引用。 [/root/WorkSpace/CSharp/BannerlordModEditor/BannerlordModEditor.Common.Tests/BannerlordModEditor.Common.Tests.csproj]
     1>/root/WorkSpace/CSharp/BannerlordModEditor/BannerlordModEditor.Common.Tests/ParticleSystemsDebugTest.cs(54,28): warning CS8602: 解引用可能出现空引用。 [/root/WorkSpace/CSharp/BannerlordModEditor/BannerlordModEditor.Common.Tests/BannerlordModEditor.Common.Tests.csproj]
     1>/root/WorkSpace/CSharp/BannerlordModEditor/BannerlordModEditor.Common.Tests/DataTests.cs(931,26): warning CS8600: 将 null 文本或可能的 null 值转换为不可为 null 类型。 [/root/WorkSpace/CSharp/BannerlordModEditor/BannerlordModEditor.Common.Tests/BannerlordModEditor.Common.Tests.csproj]
     1>/root/WorkSpace/CSharp/BannerlordModEditor/BannerlordModEditor.Common.Tests/DataTests.cs(934,30): warning CS8602: 解引用可能出现空引用。 [/root/WorkSpace/CSharp/BannerlordModEditor/BannerlordModEditor.Common.Tests/BannerlordModEditor.Common.Tests.csproj]
     1>/root/WorkSpace/CSharp/BannerlordModEditor/BannerlordModEditor.Common.Tests/DataTests.cs(962,26): warning CS8600: 将 null 文本或可能的 null 值转换为不可为 null 类型。 [/root/WorkSpace/CSharp/BannerlordModEditor/BannerlordModEditor.Common.Tests/BannerlordModEditor.Common.Tests.csproj]
     1>/root/WorkSpace/CSharp/BannerlordModEditor/BannerlordModEditor.Common.Tests/DataTests.cs(965,23): warning CS8602: 解引用可能出现空引用。 [/root/WorkSpace/CSharp/BannerlordModEditor/BannerlordModEditor.Common.Tests/BannerlordModEditor.Common.Tests.csproj]
     1>/root/WorkSpace/CSharp/BannerlordModEditor/BannerlordModEditor.Common.Tests/MusicXmlTests.cs(220,70): warning CS8602: 解引用可能出现空引用。 [/root/WorkSpace/CSharp/BannerlordModEditor/BannerlordModEditor.Common.Tests/BannerlordModEditor.Common.Tests.csproj]
     1>/root/WorkSpace/CSharp/BannerlordModEditor/BannerlordModEditor.Common.Tests/ParticleSystemsDetailedAnalysisTest.cs(30,59): warning CS8604: “int ParticleSystemsDetailedAnalysisTest.CountElements(XElement element)”中的形参“element”可能传入 null 引用实参。 [/root/WorkSpace/CSharp/BannerlordModEditor/BannerlordModEditor.Common.Tests/BannerlordModEditor.Common.Tests.csproj]
     1>/root/WorkSpace/CSharp/BannerlordModEditor/BannerlordModEditor.Common.Tests/ParticleSystemsDetailedAnalysisTest.cs(31,61): warning CS8604: “int ParticleSystemsDetailedAnalysisTest.CountElements(XElement element)”中的形参“element”可能传入 null 引用实参。 [/root/WorkSpace/CSharp/BannerlordModEditor/BannerlordModEditor.Common.Tests/BannerlordModEditor.Common.Tests.csproj]
     1>/root/WorkSpace/CSharp/BannerlordModEditor/BannerlordModEditor.Common.Tests/ParticleSystemsDetailedAnalysisTest.cs(76,45): warning CS8602: 解引用可能出现空引用。 [/root/WorkSpace/CSharp/BannerlordModEditor/BannerlordModEditor.Common.Tests/BannerlordModEditor.Common.Tests.csproj]
     1>/root/WorkSpace/CSharp/BannerlordModEditor/BannerlordModEditor.Common.Tests/DataTests.cs(999,26): warning CS8600: 将 null 文本或可能的 null 值转换为不可为 null 类型。 [/root/WorkSpace/CSharp/BannerlordModEditor/BannerlordModEditor.Common.Tests/BannerlordModEditor.Common.Tests.csproj]
     1>/root/WorkSpace/CSharp/BannerlordModEditor/BannerlordModEditor.Common.Tests/DataTests.cs(1002,25): warning CS8602: 解引用可能出现空引用。 [/root/WorkSpace/CSharp/BannerlordModEditor/BannerlordModEditor.Common.Tests/BannerlordModEditor.Common.Tests.csproj]
     1>/root/WorkSpace/CSharp/BannerlordModEditor/BannerlordModEditor.Common.Tests/ParticleSystemsHardcodedMiscDetailedAnalysisTest.cs(66,33): warning CS8602: 解引用可能出现空引用。 [/root/WorkSpace/CSharp/BannerlordModEditor/BannerlordModEditor.Common.Tests/BannerlordModEditor.Common.Tests.csproj]
     1>/root/WorkSpace/CSharp/BannerlordModEditor/BannerlordModEditor.Common.Tests/ParticleSystemsHardcodedMiscDirectTest.cs(22,34): warning CS8602: 解引用可能出现空引用。 [/root/WorkSpace/CSharp/BannerlordModEditor/BannerlordModEditor.Common.Tests/BannerlordModEditor.Common.Tests.csproj]
     1>/root/WorkSpace/CSharp/BannerlordModEditor/BannerlordModEditor.Common.Tests/DataTests.cs(1034,26): warning CS8600: 将 null 文本或可能的 null 值转换为不可为 null 类型。 [/root/WorkSpace/CSharp/BannerlordModEditor/BannerlordModEditor.Common.Tests/BannerlordModEditor.Common.Tests.csproj]
     1>/root/WorkSpace/CSharp/BannerlordModEditor/BannerlordModEditor.Common.Tests/DataTests.cs(1037,37): warning CS8602: 解引用可能出现空引用。 [/root/WorkSpace/CSharp/BannerlordModEditor/BannerlordModEditor.Common.Tests/BannerlordModEditor.Common.Tests.csproj]
     1>/root/WorkSpace/CSharp/BannerlordModEditor/BannerlordModEditor.Common.Tests/DataTests.cs(1039,21): warning CS8602: 解引用可能出现空引用。 [/root/WorkSpace/CSharp/BannerlordModEditor/BannerlordModEditor.Common.Tests/BannerlordModEditor.Common.Tests.csproj]
     1>/root/WorkSpace/CSharp/BannerlordModEditor/BannerlordModEditor.Common.Tests/ParticleSystemsDOUnitTests.cs(656,69): warning CS8625: 无法将 null 字面量转换为非 null 的引用类型。 [/root/WorkSpace/CSharp/BannerlordModEditor/BannerlordModEditor.Common.Tests/BannerlordModEditor.Common.Tests.csproj]
     1>/root/WorkSpace/CSharp/BannerlordModEditor/BannerlordModEditor.Common.Tests/DataTests.cs(1068,26): warning CS8600: 将 null 文本或可能的 null 值转换为不可为 null 类型。 [/root/WorkSpace/CSharp/BannerlordModEditor/BannerlordModEditor.Common.Tests/BannerlordModEditor.Common.Tests.csproj]
     1>/root/WorkSpace/CSharp/BannerlordModEditor/BannerlordModEditor.Common.Tests/DataTests.cs(1071,37): warning CS8602: 解引用可能出现空引用。 [/root/WorkSpace/CSharp/BannerlordModEditor/BannerlordModEditor.Common.Tests/BannerlordModEditor.Common.Tests.csproj]
     1>/root/WorkSpace/CSharp/BannerlordModEditor/BannerlordModEditor.Common.Tests/DataTests.cs(1077,21): warning CS8602: 解引用可能出现空引用。 [/root/WorkSpace/CSharp/BannerlordModEditor/BannerlordModEditor.Common.Tests/BannerlordModEditor.Common.Tests.csproj]
     1>/root/WorkSpace/CSharp/BannerlordModEditor/BannerlordModEditor.Common.Tests/DataTests.cs(1077,21): warning CS8601: 可能的 null 引用赋值。 [/root/WorkSpace/CSharp/BannerlordModEditor/BannerlordModEditor.Common.Tests/BannerlordModEditor.Common.Tests.csproj]
     1>/root/WorkSpace/CSharp/BannerlordModEditor/BannerlordModEditor.Common.Tests/DataTests.cs(1077,38): warning CS8601: 可能的 null 引用赋值。 [/root/WorkSpace/CSharp/BannerlordModEditor/BannerlordModEditor.Common.Tests/BannerlordModEditor.Common.Tests.csproj]
     1>/root/WorkSpace/CSharp/BannerlordModEditor/BannerlordModEditor.Common.Tests/DataTests.cs(1077,55): warning CS8601: 可能的 null 引用赋值。 [/root/WorkSpace/CSharp/BannerlordModEditor/BannerlordModEditor.Common.Tests/BannerlordModEditor.Common.Tests.csproj]
     1>/root/WorkSpace/CSharp/BannerlordModEditor/BannerlordModEditor.Common.Tests/DataTests.cs(1077,70): warning CS8601: 可能的 null 引用赋值。 [/root/WorkSpace/CSharp/BannerlordModEditor/BannerlordModEditor.Common.Tests/BannerlordModEditor.Common.Tests.csproj]
     1>/root/WorkSpace/CSharp/BannerlordModEditor/BannerlordModEditor.Common.Tests/DataTests.cs(1078,21): warning CS8601: 可能的 null 引用赋值。 [/root/WorkSpace/CSharp/BannerlordModEditor/BannerlordModEditor.Common.Tests/BannerlordModEditor.Common.Tests.csproj]
     1>/root/WorkSpace/CSharp/BannerlordModEditor/BannerlordModEditor.Common.Tests/DataTests.cs(1078,38): warning CS8601: 可能的 null 引用赋值。 [/root/WorkSpace/CSharp/BannerlordModEditor/BannerlordModEditor.Common.Tests/BannerlordModEditor.Common.Tests.csproj]
     1>/root/WorkSpace/CSharp/BannerlordModEditor/BannerlordModEditor.Common.Tests/DataTests.cs(1078,61): warning CS8601: 可能的 null 引用赋值。 [/root/WorkSpace/CSharp/BannerlordModEditor/BannerlordModEditor.Common.Tests/BannerlordModEditor.Common.Tests.csproj]
     1>/root/WorkSpace/CSharp/BannerlordModEditor/BannerlordModEditor.Common.Tests/DataTests.cs(1078,78): warning CS8601: 可能的 null 引用赋值。 [/root/WorkSpace/CSharp/BannerlordModEditor/BannerlordModEditor.Common.Tests/BannerlordModEditor.Common.Tests.csproj]
     1>/root/WorkSpace/CSharp/BannerlordModEditor/BannerlordModEditor.Common.Tests/DataTests.cs(1079,21): warning CS8601: 可能的 null 引用赋值。 [/root/WorkSpace/CSharp/BannerlordModEditor/BannerlordModEditor.Common.Tests/BannerlordModEditor.Common.Tests.csproj]
     1>/root/WorkSpace/CSharp/BannerlordModEditor/BannerlordModEditor.Common.Tests/DataTests.cs(1079,39): warning CS8601: 可能的 null 引用赋值。 [/root/WorkSpace/CSharp/BannerlordModEditor/BannerlordModEditor.Common.Tests/BannerlordModEditor.Common.Tests.csproj]
     1>/root/WorkSpace/CSharp/BannerlordModEditor/BannerlordModEditor.Common.Tests/DataTests.cs(1079,54): warning CS8601: 可能的 null 引用赋值。 [/root/WorkSpace/CSharp/BannerlordModEditor/BannerlordModEditor.Common.Tests/BannerlordModEditor.Common.Tests.csproj]
     1>/root/WorkSpace/CSharp/BannerlordModEditor/BannerlordModEditor.Common.Tests/DataTests.cs(1079,71): warning CS8601: 可能的 null 引用赋值。 [/root/WorkSpace/CSharp/BannerlordModEditor/BannerlordModEditor.Common.Tests/BannerlordModEditor.Common.Tests.csproj]
     1>/root/WorkSpace/CSharp/BannerlordModEditor/BannerlordModEditor.Common.Tests/DataTests.cs(1080,21): warning CS8601: 可能的 null 引用赋值。 [/root/WorkSpace/CSharp/BannerlordModEditor/BannerlordModEditor.Common.Tests/BannerlordModEditor.Common.Tests.csproj]
     1>/root/WorkSpace/CSharp/BannerlordModEditor/BannerlordModEditor.Common.Tests/DataTests.cs(1080,39): warning CS8601: 可能的 null 引用赋值。 [/root/WorkSpace/CSharp/BannerlordModEditor/BannerlordModEditor.Common.Tests/BannerlordModEditor.Common.Tests.csproj]
     1>/root/WorkSpace/CSharp/BannerlordModEditor/BannerlordModEditor.Common.Tests/DataTests.cs(1080,62): warning CS8601: 可能的 null 引用赋值。 [/root/WorkSpace/CSharp/BannerlordModEditor/BannerlordModEditor.Common.Tests/BannerlordModEditor.Common.Tests.csproj]
     1>/root/WorkSpace/CSharp/BannerlordModEditor/BannerlordModEditor.Common.Tests/DataTests.cs(1080,80): warning CS8601: 可能的 null 引用赋值。 [/root/WorkSpace/CSharp/BannerlordModEditor/BannerlordModEditor.Common.Tests/BannerlordModEditor.Common.Tests.csproj]
     1>/root/WorkSpace/CSharp/BannerlordModEditor/BannerlordModEditor.Common.Tests/DataTests.cs(1081,21): warning CS8601: 可能的 null 引用赋值。 [/root/WorkSpace/CSharp/BannerlordModEditor/BannerlordModEditor.Common.Tests/BannerlordModEditor.Common.Tests.csproj]
     1>/root/WorkSpace/CSharp/BannerlordModEditor/BannerlordModEditor.Common.Tests/DataTests.cs(1081,36): warning CS8601: 可能的 null 引用赋值。 [/root/WorkSpace/CSharp/BannerlordModEditor/BannerlordModEditor.Common.Tests/BannerlordModEditor.Common.Tests.csproj]
     1>/root/WorkSpace/CSharp/BannerlordModEditor/BannerlordModEditor.Common.Tests/DataTests.cs(1081,58): warning CS8601: 可能的 null 引用赋值。 [/root/WorkSpace/CSharp/BannerlordModEditor/BannerlordModEditor.Common.Tests/BannerlordModEditor.Common.Tests.csproj]
     1>/root/WorkSpace/CSharp/BannerlordModEditor/BannerlordModEditor.Common.Tests/DataTests.cs(1081,81): warning CS8601: 可能的 null 引用赋值。 [/root/WorkSpace/CSharp/BannerlordModEditor/BannerlordModEditor.Common.Tests/BannerlordModEditor.Common.Tests.csproj]
     1>/root/WorkSpace/CSharp/BannerlordModEditor/BannerlordModEditor.Common.Tests/DataTests.cs(1103,26): warning CS8600: 将 null 文本或可能的 null 值转换为不可为 null 类型。 [/root/WorkSpace/CSharp/BannerlordModEditor/BannerlordModEditor.Common.Tests/BannerlordModEditor.Common.Tests.csproj]
     1>/root/WorkSpace/CSharp/BannerlordModEditor/BannerlordModEditor.Common.Tests/ParticleSystemsDORegressionTests.cs(426,97): warning CS8601: 可能的 null 引用赋值。 [/root/WorkSpace/CSharp/BannerlordModEditor/BannerlordModEditor.Common.Tests/BannerlordModEditor.Common.Tests.csproj]
     1>/root/WorkSpace/CSharp/BannerlordModEditor/BannerlordModEditor.Common.Tests/DataTests.cs(1120,26): warning CS8600: 将 null 文本或可能的 null 值转换为不可为 null 类型。 [/root/WorkSpace/CSharp/BannerlordModEditor/BannerlordModEditor.Common.Tests/BannerlordModEditor.Common.Tests.csproj]
     1>/root/WorkSpace/CSharp/BannerlordModEditor/BannerlordModEditor.Common.Tests/DataTests.cs(1123,35): warning CS8602: 解引用可能出现空引用。 [/root/WorkSpace/CSharp/BannerlordModEditor/BannerlordModEditor.Common.Tests/BannerlordModEditor.Common.Tests.csproj]
     1>/root/WorkSpace/CSharp/BannerlordModEditor/BannerlordModEditor.Common.Tests/XmlTestUtils.cs(1647,45): warning CS8625: 无法将 null 字面量转换为非 null 的引用类型。 [/root/WorkSpace/CSharp/BannerlordModEditor/BannerlordModEditor.Common.Tests/BannerlordModEditor.Common.Tests.csproj]
     1>/root/WorkSpace/CSharp/BannerlordModEditor/BannerlordModEditor.Common.Tests/XmlTestUtils.cs(1648,46): warning CS8625: 无法将 null 字面量转换为非 null 的引用类型。 [/root/WorkSpace/CSharp/BannerlordModEditor/BannerlordModEditor.Common.Tests/BannerlordModEditor.Common.Tests.csproj]
     1>/root/WorkSpace/CSharp/BannerlordModEditor/BannerlordModEditor.Common.Tests/XmlTestUtils.cs(1649,46): warning CS8625: 无法将 null 字面量转换为非 null 的引用类型。 [/root/WorkSpace/CSharp/BannerlordModEditor/BannerlordModEditor.Common.Tests/BannerlordModEditor.Common.Tests.csproj]
     1>/root/WorkSpace/CSharp/BannerlordModEditor/BannerlordModEditor.Common.Tests/XmlTestUtils.cs(1650,50): warning CS8625: 无法将 null 字面量转换为非 null 的引用类型。 [/root/WorkSpace/CSharp/BannerlordModEditor/BannerlordModEditor.Common.Tests/BannerlordModEditor.Common.Tests.csproj]
     1>/root/WorkSpace/CSharp/BannerlordModEditor/BannerlordModEditor.Common.Tests/XmlTestUtils.cs(1651,47): warning CS8625: 无法将 null 字面量转换为非 null 的引用类型。 [/root/WorkSpace/CSharp/BannerlordModEditor/BannerlordModEditor.Common.Tests/BannerlordModEditor.Common.Tests.csproj]
     1>/root/WorkSpace/CSharp/BannerlordModEditor/BannerlordModEditor.Common.Tests/XmlTestUtils.cs(1652,59): warning CS8625: 无法将 null 字面量转换为非 null 的引用类型。 [/root/WorkSpace/CSharp/BannerlordModEditor/BannerlordModEditor.Common.Tests/BannerlordModEditor.Common.Tests.csproj]
     1>/root/WorkSpace/CSharp/BannerlordModEditor/BannerlordModEditor.Common.Tests/XmlTestUtils.cs(1653,61): warning CS8625: 无法将 null 字面量转换为非 null 的引用类型。 [/root/WorkSpace/CSharp/BannerlordModEditor/BannerlordModEditor.Common.Tests/BannerlordModEditor.Common.Tests.csproj]
     1>/root/WorkSpace/CSharp/BannerlordModEditor/BannerlordModEditor.Common.Tests/XmlTestUtils.cs(1654,53): warning CS8625: 无法将 null 字面量转换为非 null 的引用类型。 [/root/WorkSpace/CSharp/BannerlordModEditor/BannerlordModEditor.Common.Tests/BannerlordModEditor.Common.Tests.csproj]
     1>/root/WorkSpace/CSharp/BannerlordModEditor/BannerlordModEditor.Common.Tests/XmlTestUtils.cs(1655,50): warning CS8625: 无法将 null 字面量转换为非 null 的引用类型。 [/root/WorkSpace/CSharp/BannerlordModEditor/BannerlordModEditor.Common.Tests/BannerlordModEditor.Common.Tests.csproj]
     1>/root/WorkSpace/CSharp/BannerlordModEditor/BannerlordModEditor.Common.Tests/XmlTestUtils.cs(1656,53): warning CS8625: 无法将 null 字面量转换为非 null 的引用类型。 [/root/WorkSpace/CSharp/BannerlordModEditor/BannerlordModEditor.Common.Tests/BannerlordModEditor.Common.Tests.csproj]
     1>/root/WorkSpace/CSharp/BannerlordModEditor/BannerlordModEditor.Common.Tests/XmlTestUtils.cs(1657,57): warning CS8625: 无法将 null 字面量转换为非 null 的引用类型。 [/root/WorkSpace/CSharp/BannerlordModEditor/BannerlordModEditor.Common.Tests/BannerlordModEditor.Common.Tests.csproj]
     1>/root/WorkSpace/CSharp/BannerlordModEditor/BannerlordModEditor.Common.Tests/XmlTestUtils.cs(1658,46): warning CS8625: 无法将 null 字面量转换为非 null 的引用类型。 [/root/WorkSpace/CSharp/BannerlordModEditor/BannerlordModEditor.Common.Tests/BannerlordModEditor.Common.Tests.csproj]
     1>/root/WorkSpace/CSharp/BannerlordModEditor/BannerlordModEditor.Common.Tests/XmlTestUtils.cs(1659,51): warning CS8625: 无法将 null 字面量转换为非 null 的引用类型。 [/root/WorkSpace/CSharp/BannerlordModEditor/BannerlordModEditor.Common.Tests/BannerlordModEditor.Common.Tests.csproj]
     1>/root/WorkSpace/CSharp/BannerlordModEditor/BannerlordModEditor.Common.Tests/XmlTestUtils.cs(1660,60): warning CS8625: 无法将 null 字面量转换为非 null 的引用类型。 [/root/WorkSpace/CSharp/BannerlordModEditor/BannerlordModEditor.Common.Tests/BannerlordModEditor.Common.Tests.csproj]
     1>/root/WorkSpace/CSharp/BannerlordModEditor/BannerlordModEditor.Common.Tests/XmlTestUtils.cs(1661,50): warning CS8625: 无法将 null 字面量转换为非 null 的引用类型。 [/root/WorkSpace/CSharp/BannerlordModEditor/BannerlordModEditor.Common.Tests/BannerlordModEditor.Common.Tests.csproj]
     1>/root/WorkSpace/CSharp/BannerlordModEditor/BannerlordModEditor.Common.Tests/XmlTestUtils.cs(1712,33): warning CS8625: 无法将 null 字面量转换为非 null 的引用类型。 [/root/WorkSpace/CSharp/BannerlordModEditor/BannerlordModEditor.Common.Tests/BannerlordModEditor.Common.Tests.csproj]
     1>/root/WorkSpace/CSharp/BannerlordModEditor/BannerlordModEditor.Common.Tests/XmlTestUtils.cs(1713,35): warning CS8625: 无法将 null 字面量转换为非 null 的引用类型。 [/root/WorkSpace/CSharp/BannerlordModEditor/BannerlordModEditor.Common.Tests/BannerlordModEditor.Common.Tests.csproj]
     1>/root/WorkSpace/CSharp/BannerlordModEditor/BannerlordModEditor.Common.Tests/XmlTestUtils.cs(1714,37): warning CS8625: 无法将 null 字面量转换为非 null 的引用类型。 [/root/WorkSpace/CSharp/BannerlordModEditor/BannerlordModEditor.Common.Tests/BannerlordModEditor.Common.Tests.csproj]
     1>/root/WorkSpace/CSharp/BannerlordModEditor/BannerlordModEditor.Common.Tests/XmlTestUtils.cs(1715,37): warning CS8625: 无法将 null 字面量转换为非 null 的引用类型。 [/root/WorkSpace/CSharp/BannerlordModEditor/BannerlordModEditor.Common.Tests/BannerlordModEditor.Common.Tests.csproj]
     1>/root/WorkSpace/CSharp/BannerlordModEditor/BannerlordModEditor.Common.Tests/XmlTestUtils.cs(1729,30): warning CS8602: 解引用可能出现空引用。 [/root/WorkSpace/CSharp/BannerlordModEditor/BannerlordModEditor.Common.Tests/BannerlordModEditor.Common.Tests.csproj]
     1>/root/WorkSpace/CSharp/BannerlordModEditor/BannerlordModEditor.Common.Tests/DataTests.cs(1141,26): warning CS8600: 将 null 文本或可能的 null 值转换为不可为 null 类型。 [/root/WorkSpace/CSharp/BannerlordModEditor/BannerlordModEditor.Common.Tests/BannerlordModEditor.Common.Tests.csproj]
     1>/root/WorkSpace/CSharp/BannerlordModEditor/BannerlordModEditor.Common.Tests/DataTests.cs(1144,32): warning CS8602: 解引用可能出现空引用。 [/root/WorkSpace/CSharp/BannerlordModEditor/BannerlordModEditor.Common.Tests/BannerlordModEditor.Common.Tests.csproj]
     1>/root/WorkSpace/CSharp/BannerlordModEditor/BannerlordModEditor.Common.Tests/DataTests.cs(1172,26): warning CS8600: 将 null 文本或可能的 null 值转换为不可为 null 类型。 [/root/WorkSpace/CSharp/BannerlordModEditor/BannerlordModEditor.Common.Tests/BannerlordModEditor.Common.Tests.csproj]
     1>/root/WorkSpace/CSharp/BannerlordModEditor/BannerlordModEditor.Common.Tests/DataTests.cs(1175,37): warning CS8602: 解引用可能出现空引用。 [/root/WorkSpace/CSharp/BannerlordModEditor/BannerlordModEditor.Common.Tests/BannerlordModEditor.Common.Tests.csproj]
     1>/root/WorkSpace/CSharp/BannerlordModEditor/BannerlordModEditor.Common.Tests/Services/XmlTestUtilsSimple.cs(15,20): warning CS8600: 将 null 文本或可能的 null 值转换为不可为 null 类型。 [/root/WorkSpace/CSharp/BannerlordModEditor/BannerlordModEditor.Common.Tests/BannerlordModEditor.Common.Tests.csproj]
     1>/root/WorkSpace/CSharp/BannerlordModEditor/BannerlordModEditor.Common.Tests/Services/XmlTestUtilsSimple.cs(15,20): warning CS8603: 可能返回 null 引用。 [/root/WorkSpace/CSharp/BannerlordModEditor/BannerlordModEditor.Common.Tests/BannerlordModEditor.Common.Tests.csproj]
     1>/root/WorkSpace/CSharp/BannerlordModEditor/BannerlordModEditor.Common.Tests/Services/XmlTestUtilsSimple.cs(42,34): warning CS8604: “bool XmlTestUtils.XmlNodesEqual(XmlNode a, XmlNode b)”中的形参“a”可能传入 null 引用实参。 [/root/WorkSpace/CSharp/BannerlordModEditor/BannerlordModEditor.Common.Tests/BannerlordModEditor.Common.Tests.csproj]
     1>/root/WorkSpace/CSharp/BannerlordModEditor/BannerlordModEditor.Common.Tests/Services/XmlTestUtilsSimple.cs(42,56): warning CS8604: “bool XmlTestUtils.XmlNodesEqual(XmlNode a, XmlNode b)”中的形参“b”可能传入 null 引用实参。 [/root/WorkSpace/CSharp/BannerlordModEditor/BannerlordModEditor.Common.Tests/BannerlordModEditor.Common.Tests.csproj]
     1>/root/WorkSpace/CSharp/BannerlordModEditor/BannerlordModEditor.Common.Tests/Services/XmlTestUtilsSimple.cs(52,50): warning CS8604: “bool XmlTestUtils.XmlNodesEqualIgnoreNamespaces(XmlNode a, XmlNode b)”中的形参“a”可能传入 null 引用实参。 [/root/WorkSpace/CSharp/BannerlordModEditor/BannerlordModEditor.Common.Tests/BannerlordModEditor.Common.Tests.csproj]
     1>/root/WorkSpace/CSharp/BannerlordModEditor/BannerlordModEditor.Common.Tests/Services/XmlTestUtilsSimple.cs(52,72): warning CS8604: “bool XmlTestUtils.XmlNodesEqualIgnoreNamespaces(XmlNode a, XmlNode b)”中的形参“b”可能传入 null 引用实参。 [/root/WorkSpace/CSharp/BannerlordModEditor/BannerlordModEditor.Common.Tests/BannerlordModEditor.Common.Tests.csproj]
     1>/root/WorkSpace/CSharp/BannerlordModEditor/BannerlordModEditor.Common.Tests/Services/XmlTestUtilsSimple.cs(65,33): warning CS8602: 解引用可能出现空引用。 [/root/WorkSpace/CSharp/BannerlordModEditor/BannerlordModEditor.Common.Tests/BannerlordModEditor.Common.Tests.csproj]
     1>/root/WorkSpace/CSharp/BannerlordModEditor/BannerlordModEditor.Common.Tests/Services/XmlTestUtilsSimple.cs(74,21): warning CS8602: 解引用可能出现空引用。 [/root/WorkSpace/CSharp/BannerlordModEditor/BannerlordModEditor.Common.Tests/BannerlordModEditor.Common.Tests.csproj]
     1>/root/WorkSpace/CSharp/BannerlordModEditor/BannerlordModEditor.Common.Tests/Services/XmlTestUtilsSimple.cs(76,21): warning CS8602: 解引用可能出现空引用。 [/root/WorkSpace/CSharp/BannerlordModEditor/BannerlordModEditor.Common.Tests/BannerlordModEditor.Common.Tests.csproj]
     1>/root/WorkSpace/CSharp/BannerlordModEditor/BannerlordModEditor.Common.Tests/Services/XmlTestUtilsSimple.cs(81,48): warning CS8602: 解引用可能出现空引用。 [/root/WorkSpace/CSharp/BannerlordModEditor/BannerlordModEditor.Common.Tests/BannerlordModEditor.Common.Tests.csproj]
     1>/root/WorkSpace/CSharp/BannerlordModEditor/BannerlordModEditor.Common.Tests/Services/XmlTestUtilsSimple.cs(82,48): warning CS8602: 解引用可能出现空引用。 [/root/WorkSpace/CSharp/BannerlordModEditor/BannerlordModEditor.Common.Tests/BannerlordModEditor.Common.Tests.csproj]
     1>/root/WorkSpace/CSharp/BannerlordModEditor/BannerlordModEditor.Common.Tests/Services/XmlTestUtilsSimple.cs(85,40): warning CS8604: “bool XmlTestUtils.XmlNodesEqual(XmlNode a, XmlNode b)”中的形参“a”可能传入 null 引用实参。 [/root/WorkSpace/CSharp/BannerlordModEditor/BannerlordModEditor.Common.Tests/BannerlordModEditor.Common.Tests.csproj]
     1>/root/WorkSpace/CSharp/BannerlordModEditor/BannerlordModEditor.Common.Tests/Services/XmlTestUtilsSimple.cs(85,55): warning CS8604: “bool XmlTestUtils.XmlNodesEqual(XmlNode a, XmlNode b)”中的形参“b”可能传入 null 引用实参。 [/root/WorkSpace/CSharp/BannerlordModEditor/BannerlordModEditor.Common.Tests/BannerlordModEditor.Common.Tests.csproj]
     1>/root/WorkSpace/CSharp/BannerlordModEditor/BannerlordModEditor.Common.Tests/DataTests.cs(1193,26): warning CS8600: 将 null 文本或可能的 null 值转换为不可为 null 类型。 [/root/WorkSpace/CSharp/BannerlordModEditor/BannerlordModEditor.Common.Tests/BannerlordModEditor.Common.Tests.csproj]
     1>/root/WorkSpace/CSharp/BannerlordModEditor/BannerlordModEditor.Common.Tests/DataTests.cs(1196,32): warning CS8602: 解引用可能出现空引用。 [/root/WorkSpace/CSharp/BannerlordModEditor/BannerlordModEditor.Common.Tests/BannerlordModEditor.Common.Tests.csproj]
     1>/root/WorkSpace/CSharp/BannerlordModEditor/BannerlordModEditor.Common.Tests/Services/XmlTestUtilsSimple.cs(103,60): warning CS8604: “XmlAttributeCollection XmlTestUtils.FilterNamespaceAttributes(XmlAttributeCollection attributes)”中的形参“attributes”可能传入 null 引用实参。 [/root/WorkSpace/CSharp/BannerlordModEditor/BannerlordModEditor.Common.Tests/BannerlordModEditor.Common.Tests.csproj]
     1>/root/WorkSpace/CSharp/BannerlordModEditor/BannerlordModEditor.Common.Tests/Services/XmlTestUtilsSimple.cs(104,60): warning CS8604: “XmlAttributeCollection XmlTestUtils.FilterNamespaceAttributes(XmlAttributeCollection attributes)”中的形参“attributes”可能传入 null 引用实参。 [/root/WorkSpace/CSharp/BannerlordModEditor/BannerlordModEditor.Common.Tests/BannerlordModEditor.Common.Tests.csproj]
     1>/root/WorkSpace/CSharp/BannerlordModEditor/BannerlordModEditor.Common.Tests/Services/XmlTestUtilsSimple.cs(120,21): warning CS8602: 解引用可能出现空引用。 [/root/WorkSpace/CSharp/BannerlordModEditor/BannerlordModEditor.Common.Tests/BannerlordModEditor.Common.Tests.csproj]
     1>/root/WorkSpace/CSharp/BannerlordModEditor/BannerlordModEditor.Common.Tests/Services/XmlTestUtilsSimple.cs(122,21): warning CS8602: 解引用可能出现空引用。 [/root/WorkSpace/CSharp/BannerlordModEditor/BannerlordModEditor.Common.Tests/BannerlordModEditor.Common.Tests.csproj]
     1>/root/WorkSpace/CSharp/BannerlordModEditor/BannerlordModEditor.Common.Tests/Services/XmlTestUtilsSimple.cs(128,48): warning CS8602: 解引用可能出现空引用。 [/root/WorkSpace/CSharp/BannerlordModEditor/BannerlordModEditor.Common.Tests/BannerlordModEditor.Common.Tests.csproj]
     1>/root/WorkSpace/CSharp/BannerlordModEditor/BannerlordModEditor.Common.Tests/Services/XmlTestUtilsSimple.cs(129,48): warning CS8602: 解引用可能出现空引用。 [/root/WorkSpace/CSharp/BannerlordModEditor/BannerlordModEditor.Common.Tests/BannerlordModEditor.Common.Tests.csproj]
     1>/root/WorkSpace/CSharp/BannerlordModEditor/BannerlordModEditor.Common.Tests/Services/XmlTestUtilsSimple.cs(132,56): warning CS8604: “bool XmlTestUtils.XmlNodesEqualIgnoreNamespaces(XmlNode a, XmlNode b)”中的形参“a”可能传入 null 引用实参。 [/root/WorkSpace/CSharp/BannerlordModEditor/BannerlordModEditor.Common.Tests/BannerlordModEditor.Common.Tests.csproj]
     1>/root/WorkSpace/CSharp/BannerlordModEditor/BannerlordModEditor.Common.Tests/Services/XmlTestUtilsSimple.cs(132,71): warning CS8604: “bool XmlTestUtils.XmlNodesEqualIgnoreNamespaces(XmlNode a, XmlNode b)”中的形参“b”可能传入 null 引用实参。 [/root/WorkSpace/CSharp/BannerlordModEditor/BannerlordModEditor.Common.Tests/BannerlordModEditor.Common.Tests.csproj]
     1>/root/WorkSpace/CSharp/BannerlordModEditor/BannerlordModEditor.Common.Tests/Services/XmlTestUtilsSimple.cs(142,44): warning CS8603: 可能返回 null 引用。 [/root/WorkSpace/CSharp/BannerlordModEditor/BannerlordModEditor.Common.Tests/BannerlordModEditor.Common.Tests.csproj]
     1>/root/WorkSpace/CSharp/BannerlordModEditor/BannerlordModEditor.Common.Tests/DataTests.cs(1227,26): warning CS8600: 将 null 文本或可能的 null 值转换为不可为 null 类型。 [/root/WorkSpace/CSharp/BannerlordModEditor/BannerlordModEditor.Common.Tests/BannerlordModEditor.Common.Tests.csproj]
     1>/root/WorkSpace/CSharp/BannerlordModEditor/BannerlordModEditor.Common.Tests/DataTests.cs(1230,34): warning CS8602: 解引用可能出现空引用。 [/root/WorkSpace/CSharp/BannerlordModEditor/BannerlordModEditor.Common.Tests/BannerlordModEditor.Common.Tests.csproj]
     1>/root/WorkSpace/CSharp/BannerlordModEditor/BannerlordModEditor.Common.Tests/DataTests.cs(1269,26): warning CS8600: 将 null 文本或可能的 null 值转换为不可为 null 类型。 [/root/WorkSpace/CSharp/BannerlordModEditor/BannerlordModEditor.Common.Tests/BannerlordModEditor.Common.Tests.csproj]
     1>/root/WorkSpace/CSharp/BannerlordModEditor/BannerlordModEditor.Common.Tests/DataTests.cs(1272,33): warning CS8602: 解引用可能出现空引用。 [/root/WorkSpace/CSharp/BannerlordModEditor/BannerlordModEditor.Common.Tests/BannerlordModEditor.Common.Tests.csproj]
     1>/root/WorkSpace/CSharp/BannerlordModEditor/BannerlordModEditor.Common.Tests/DataTests.cs(1308,26): warning CS8600: 将 null 文本或可能的 null 值转换为不可为 null 类型。 [/root/WorkSpace/CSharp/BannerlordModEditor/BannerlordModEditor.Common.Tests/BannerlordModEditor.Common.Tests.csproj]
     1>/root/WorkSpace/CSharp/BannerlordModEditor/BannerlordModEditor.Common.Tests/DataTests.cs(1311,33): warning CS8602: 解引用可能出现空引用。 [/root/WorkSpace/CSharp/BannerlordModEditor/BannerlordModEditor.Common.Tests/BannerlordModEditor.Common.Tests.csproj]
     1>/root/WorkSpace/CSharp/BannerlordModEditor/BannerlordModEditor.Common.Tests/SkeletonScalesXmlTests.cs(136,34): warning CS8602: 解引用可能出现空引用。 [/root/WorkSpace/CSharp/BannerlordModEditor/BannerlordModEditor.Common.Tests/BannerlordModEditor.Common.Tests.csproj]
     1>/root/WorkSpace/CSharp/BannerlordModEditor/BannerlordModEditor.Common.Tests/SkeletonScalesXmlTests.cs(142,51): warning CS8602: 解引用可能出现空引用。 [/root/WorkSpace/CSharp/BannerlordModEditor/BannerlordModEditor.Common.Tests/BannerlordModEditor.Common.Tests.csproj]
     1>/root/WorkSpace/CSharp/BannerlordModEditor/BannerlordModEditor.Common.Tests/DataTests.cs(1352,26): warning CS8600: 将 null 文本或可能的 null 值转换为不可为 null 类型。 [/root/WorkSpace/CSharp/BannerlordModEditor/BannerlordModEditor.Common.Tests/BannerlordModEditor.Common.Tests.csproj]
     1>/root/WorkSpace/CSharp/BannerlordModEditor/BannerlordModEditor.Common.Tests/DataTests.cs(1355,31): warning CS8602: 解引用可能出现空引用。 [/root/WorkSpace/CSharp/BannerlordModEditor/BannerlordModEditor.Common.Tests/BannerlordModEditor.Common.Tests.csproj]
     1>/root/WorkSpace/CSharp/BannerlordModEditor/BannerlordModEditor.Common.Tests/DataTests.cs(1389,26): warning CS8600: 将 null 文本或可能的 null 值转换为不可为 null 类型。 [/root/WorkSpace/CSharp/BannerlordModEditor/BannerlordModEditor.Common.Tests/BannerlordModEditor.Common.Tests.csproj]
     1>/root/WorkSpace/CSharp/BannerlordModEditor/BannerlordModEditor.Common.Tests/DataTests.cs(1406,26): warning CS8600: 将 null 文本或可能的 null 值转换为不可为 null 类型。 [/root/WorkSpace/CSharp/BannerlordModEditor/BannerlordModEditor.Common.Tests/BannerlordModEditor.Common.Tests.csproj]
     1>/root/WorkSpace/CSharp/BannerlordModEditor/BannerlordModEditor.Common.Tests/DataTests.cs(1409,39): warning CS8602: 解引用可能出现空引用。 [/root/WorkSpace/CSharp/BannerlordModEditor/BannerlordModEditor.Common.Tests/BannerlordModEditor.Common.Tests.csproj]
     1>/root/WorkSpace/CSharp/BannerlordModEditor/BannerlordModEditor.Common.Tests/SoundFilesXmlTests.cs(75,29): warning CS8602: 解引用可能出现空引用。 [/root/WorkSpace/CSharp/BannerlordModEditor/BannerlordModEditor.Common.Tests/BannerlordModEditor.Common.Tests.csproj]
     1>/root/WorkSpace/CSharp/BannerlordModEditor/BannerlordModEditor.Common.Tests/SoundFilesXmlTests.cs(86,29): warning CS8602: 解引用可能出现空引用。 [/root/WorkSpace/CSharp/BannerlordModEditor/BannerlordModEditor.Common.Tests/BannerlordModEditor.Common.Tests.csproj]
     1>/root/WorkSpace/CSharp/BannerlordModEditor/BannerlordModEditor.Common.Tests/SoundAndCoreParametersTests.cs(134,35): warning CS8602: 解引用可能出现空引用。 [/root/WorkSpace/CSharp/BannerlordModEditor/BannerlordModEditor.Common.Tests/BannerlordModEditor.Common.Tests.csproj]
     1>/root/WorkSpace/CSharp/BannerlordModEditor/BannerlordModEditor.Common.Tests/SoundAndCoreParametersTests.cs(141,58): warning CS8602: 解引用可能出现空引用。 [/root/WorkSpace/CSharp/BannerlordModEditor/BannerlordModEditor.Common.Tests/BannerlordModEditor.Common.Tests.csproj]
     1>/root/WorkSpace/CSharp/BannerlordModEditor/BannerlordModEditor.Common.Tests/SoundAndCoreParametersTests.cs(142,57): warning CS8602: 解引用可能出现空引用。 [/root/WorkSpace/CSharp/BannerlordModEditor/BannerlordModEditor.Common.Tests/BannerlordModEditor.Common.Tests.csproj]
     1>/root/WorkSpace/CSharp/BannerlordModEditor/BannerlordModEditor.Common.Tests/SoundAndCoreParametersTests.cs(148,25): warning CS8602: 解引用可能出现空引用。 [/root/WorkSpace/CSharp/BannerlordModEditor/BannerlordModEditor.Common.Tests/BannerlordModEditor.Common.Tests.csproj]
     1>/root/WorkSpace/CSharp/BannerlordModEditor/BannerlordModEditor.Common.Tests/SoundFilesXmlTests.cs(116,50): warning CS8604: “bool HashSet<string>.Contains(string item)”中的形参“item”可能传入 null 引用实参。 [/root/WorkSpace/CSharp/BannerlordModEditor/BannerlordModEditor.Common.Tests/BannerlordModEditor.Common.Tests.csproj]
     1>/root/WorkSpace/CSharp/BannerlordModEditor/BannerlordModEditor.Common.Tests/SoundFilesXmlTests.cs(123,50): warning CS8604: “bool HashSet<string>.Contains(string item)”中的形参“item”可能传入 null 引用实参。 [/root/WorkSpace/CSharp/BannerlordModEditor/BannerlordModEditor.Common.Tests/BannerlordModEditor.Common.Tests.csproj]
     1>/root/WorkSpace/CSharp/BannerlordModEditor/BannerlordModEditor.Common.Tests/TempDebugTest.cs(45,43): warning CS8602: 解引用可能出现空引用。 [/root/WorkSpace/CSharp/BannerlordModEditor/BannerlordModEditor.Common.Tests/BannerlordModEditor.Common.Tests.csproj]
     1>/root/WorkSpace/CSharp/BannerlordModEditor/BannerlordModEditor.Common.Tests/TempDebugTest.cs(46,44): warning CS8602: 解引用可能出现空引用。 [/root/WorkSpace/CSharp/BannerlordModEditor/BannerlordModEditor.Common.Tests/BannerlordModEditor.Common.Tests.csproj]
     1>/root/WorkSpace/CSharp/BannerlordModEditor/BannerlordModEditor.Common.Tests/SoundFilesXmlTests.cs(146,69): warning CS8602: 解引用可能出现空引用。 [/root/WorkSpace/CSharp/BannerlordModEditor/BannerlordModEditor.Common.Tests/BannerlordModEditor.Common.Tests.csproj]
     1>/root/WorkSpace/CSharp/BannerlordModEditor/BannerlordModEditor.Common.Tests/SoundFilesXmlTests.cs(147,71): warning CS8602: 解引用可能出现空引用。 [/root/WorkSpace/CSharp/BannerlordModEditor/BannerlordModEditor.Common.Tests/BannerlordModEditor.Common.Tests.csproj]
     1>/root/WorkSpace/CSharp/BannerlordModEditor/BannerlordModEditor.Common.Tests/SoundFilesXmlTests.cs(176,28): warning CS8714: 类型“string?”不能用作泛型类型或方法“Enumerable.ToDictionary<TSource, TKey, TElement>(IEnumerable<TSource>, Func<TSource, TKey>, Func<TSource, TElement>)”中的类型参数“TKey”。类型参数“string?”的为 Null 性与 "notnull" 约束不匹配。 [/root/WorkSpace/CSharp/BannerlordModEditor/BannerlordModEditor.Common.Tests/BannerlordModEditor.Common.Tests.csproj]
     1>/root/WorkSpace/CSharp/BannerlordModEditor/BannerlordModEditor.Common.Tests/SoundFilesXmlTests.cs(176,69): warning CS8621: “lambda 表达式”的返回类型中引用类型的为 Null 性与目标委托“Func<SoundFile, string?>”不匹配(可能是由于为 Null 性特性)。 [/root/WorkSpace/CSharp/BannerlordModEditor/BannerlordModEditor.Common.Tests/BannerlordModEditor.Common.Tests.csproj]
     1>/root/WorkSpace/CSharp/BannerlordModEditor/BannerlordModEditor.Common.Tests/SoundFilesXmlTests.cs(177,29): warning CS8714: 类型“string?”不能用作泛型类型或方法“Enumerable.ToDictionary<TSource, TKey, TElement>(IEnumerable<TSource>, Func<TSource, TKey>, Func<TSource, TElement>)”中的类型参数“TKey”。类型参数“string?”的为 Null 性与 "notnull" 约束不匹配。 [/root/WorkSpace/CSharp/BannerlordModEditor/BannerlordModEditor.Common.Tests/BannerlordModEditor.Common.Tests.csproj]
     1>/root/WorkSpace/CSharp/BannerlordModEditor/BannerlordModEditor.Common.Tests/SoundFilesXmlTests.cs(177,71): warning CS8621: “lambda 表达式”的返回类型中引用类型的为 Null 性与目标委托“Func<SoundFile, string?>”不匹配(可能是由于为 Null 性特性)。 [/root/WorkSpace/CSharp/BannerlordModEditor/BannerlordModEditor.Common.Tests/BannerlordModEditor.Common.Tests.csproj]
     1>/root/WorkSpace/CSharp/BannerlordModEditor/BannerlordModEditor.Common.Tests/DataTests.cs(1426,26): warning CS8600: 将 null 文本或可能的 null 值转换为不可为 null 类型。 [/root/WorkSpace/CSharp/BannerlordModEditor/BannerlordModEditor.Common.Tests/BannerlordModEditor.Common.Tests.csproj]
     1>/root/WorkSpace/CSharp/BannerlordModEditor/BannerlordModEditor.Common.Tests/DataTests.cs(1429,33): warning CS8602: 解引用可能出现空引用。 [/root/WorkSpace/CSharp/BannerlordModEditor/BannerlordModEditor.Common.Tests/BannerlordModEditor.Common.Tests.csproj]
     1>/root/WorkSpace/CSharp/BannerlordModEditor/BannerlordModEditor.Common.Tests/SoundFilesXmlTests.cs(218,22): warning CS8602: 解引用可能出现空引用。 [/root/WorkSpace/CSharp/BannerlordModEditor/BannerlordModEditor.Common.Tests/BannerlordModEditor.Common.Tests.csproj]
     1>/root/WorkSpace/CSharp/BannerlordModEditor/BannerlordModEditor.Common.Tests/SoundFilesXmlTests.cs(221,22): warning CS8602: 解引用可能出现空引用。 [/root/WorkSpace/CSharp/BannerlordModEditor/BannerlordModEditor.Common.Tests/BannerlordModEditor.Common.Tests.csproj]
     1>/root/WorkSpace/CSharp/BannerlordModEditor/BannerlordModEditor.Common.Tests/DataTests.cs(1467,26): warning CS8600: 将 null 文本或可能的 null 值转换为不可为 null 类型。 [/root/WorkSpace/CSharp/BannerlordModEditor/BannerlordModEditor.Common.Tests/BannerlordModEditor.Common.Tests.csproj]
     1>/root/WorkSpace/CSharp/BannerlordModEditor/BannerlordModEditor.Common.Tests/DataTests.cs(1470,32): warning CS8602: 解引用可能出现空引用。 [/root/WorkSpace/CSharp/BannerlordModEditor/BannerlordModEditor.Common.Tests/BannerlordModEditor.Common.Tests.csproj]
     1>/root/WorkSpace/CSharp/BannerlordModEditor/BannerlordModEditor.Common.Tests/SoundFilesXmlTests.cs(285,33): warning CS8714: 类型“string?”不能用作泛型类型或方法“Enumerable.ToDictionary<TSource, TKey, TElement>(IEnumerable<TSource>, Func<TSource, TKey>, Func<TSource, TElement>)”中的类型参数“TKey”。类型参数“string?”的为 Null 性与 "notnull" 约束不匹配。 [/root/WorkSpace/CSharp/BannerlordModEditor/BannerlordModEditor.Common.Tests/BannerlordModEditor.Common.Tests.csproj]
     1>/root/WorkSpace/CSharp/BannerlordModEditor/BannerlordModEditor.Common.Tests/SoundFilesXmlTests.cs(285,74): warning CS8621: “lambda 表达式”的返回类型中引用类型的为 Null 性与目标委托“Func<SoundFile, string?>”不匹配(可能是由于为 Null 性特性)。 [/root/WorkSpace/CSharp/BannerlordModEditor/BannerlordModEditor.Common.Tests/BannerlordModEditor.Common.Tests.csproj]
     1>/root/WorkSpace/CSharp/BannerlordModEditor/BannerlordModEditor.Common.Tests/SoundFilesXmlTests.cs(286,33): warning CS8714: 类型“string?”不能用作泛型类型或方法“Enumerable.ToDictionary<TSource, TKey, TElement>(IEnumerable<TSource>, Func<TSource, TKey>, Func<TSource, TElement>)”中的类型参数“TKey”。类型参数“string?”的为 Null 性与 "notnull" 约束不匹配。 [/root/WorkSpace/CSharp/BannerlordModEditor/BannerlordModEditor.Common.Tests/BannerlordModEditor.Common.Tests.csproj]
     1>/root/WorkSpace/CSharp/BannerlordModEditor/BannerlordModEditor.Common.Tests/SoundFilesXmlTests.cs(286,72): warning CS8621: “lambda 表达式”的返回类型中引用类型的为 Null 性与目标委托“Func<SoundFile, string?>”不匹配(可能是由于为 Null 性特性)。 [/root/WorkSpace/CSharp/BannerlordModEditor/BannerlordModEditor.Common.Tests/BannerlordModEditor.Common.Tests.csproj]
     1>/root/WorkSpace/CSharp/BannerlordModEditor/BannerlordModEditor.Common.Tests/DataTests.cs(1493,26): warning CS8600: 将 null 文本或可能的 null 值转换为不可为 null 类型。 [/root/WorkSpace/CSharp/BannerlordModEditor/BannerlordModEditor.Common.Tests/BannerlordModEditor.Common.Tests.csproj]
     1>/root/WorkSpace/CSharp/BannerlordModEditor/BannerlordModEditor.Common.Tests/DataTests.cs(1496,33): warning CS8602: 解引用可能出现空引用。 [/root/WorkSpace/CSharp/BannerlordModEditor/BannerlordModEditor.Common.Tests/BannerlordModEditor.Common.Tests.csproj]
     1>/root/WorkSpace/CSharp/BannerlordModEditor/BannerlordModEditor.Common.Tests/DataTests.cs(1523,26): warning CS8600: 将 null 文本或可能的 null 值转换为不可为 null 类型。 [/root/WorkSpace/CSharp/BannerlordModEditor/BannerlordModEditor.Common.Tests/BannerlordModEditor.Common.Tests.csproj]
     1>/root/WorkSpace/CSharp/BannerlordModEditor/BannerlordModEditor.Common.Tests/DataTests.cs(1526,37): warning CS8602: 解引用可能出现空引用。 [/root/WorkSpace/CSharp/BannerlordModEditor/BannerlordModEditor.Common.Tests/BannerlordModEditor.Common.Tests.csproj]
     1>/root/WorkSpace/CSharp/BannerlordModEditor/BannerlordModEditor.Common.Tests/DataTests.cs(1556,26): warning CS8600: 将 null 文本或可能的 null 值转换为不可为 null 类型。 [/root/WorkSpace/CSharp/BannerlordModEditor/BannerlordModEditor.Common.Tests/BannerlordModEditor.Common.Tests.csproj]
     1>/root/WorkSpace/CSharp/BannerlordModEditor/BannerlordModEditor.Common.Tests/DataTests.cs(1559,38): warning CS8602: 解引用可能出现空引用。 [/root/WorkSpace/CSharp/BannerlordModEditor/BannerlordModEditor.Common.Tests/BannerlordModEditor.Common.Tests.csproj]
     1>/root/WorkSpace/CSharp/BannerlordModEditor/BannerlordModEditor.Common.Tests/DataTests.cs(1596,26): warning CS8600: 将 null 文本或可能的 null 值转换为不可为 null 类型。 [/root/WorkSpace/CSharp/BannerlordModEditor/BannerlordModEditor.Common.Tests/BannerlordModEditor.Common.Tests.csproj]
     1>/root/WorkSpace/CSharp/BannerlordModEditor/BannerlordModEditor.Common.Tests/DataTests.cs(1599,40): warning CS8602: 解引用可能出现空引用。 [/root/WorkSpace/CSharp/BannerlordModEditor/BannerlordModEditor.Common.Tests/BannerlordModEditor.Common.Tests.csproj]
     1>/root/WorkSpace/CSharp/BannerlordModEditor/BannerlordModEditor.Common.Tests/DataTests.cs(1604,29): warning CS8602: 解引用可能出现空引用。 [/root/WorkSpace/CSharp/BannerlordModEditor/BannerlordModEditor.Common.Tests/BannerlordModEditor.Common.Tests.csproj]
     1>/root/WorkSpace/CSharp/BannerlordModEditor/BannerlordModEditor.Common.Tests/DataTests.cs(1638,26): warning CS8600: 将 null 文本或可能的 null 值转换为不可为 null 类型。 [/root/WorkSpace/CSharp/BannerlordModEditor/BannerlordModEditor.Common.Tests/BannerlordModEditor.Common.Tests.csproj]
     1>/root/WorkSpace/CSharp/BannerlordModEditor/BannerlordModEditor.Common.Tests/DataTests.cs(1641,43): warning CS8602: 解引用可能出现空引用。 [/root/WorkSpace/CSharp/BannerlordModEditor/BannerlordModEditor.Common.Tests/BannerlordModEditor.Common.Tests.csproj]
     1>/root/WorkSpace/CSharp/BannerlordModEditor/BannerlordModEditor.Common.Tests/DataTests.cs(1649,40): warning CS8602: 解引用可能出现空引用。 [/root/WorkSpace/CSharp/BannerlordModEditor/BannerlordModEditor.Common.Tests/BannerlordModEditor.Common.Tests.csproj]
     1>/root/WorkSpace/CSharp/BannerlordModEditor/BannerlordModEditor.Common.Tests/DataTests.cs(1671,26): warning CS8600: 将 null 文本或可能的 null 值转换为不可为 null 类型。 [/root/WorkSpace/CSharp/BannerlordModEditor/BannerlordModEditor.Common.Tests/BannerlordModEditor.Common.Tests.csproj]
     1>/root/WorkSpace/CSharp/BannerlordModEditor/BannerlordModEditor.Common.Tests/DataTests.cs(1688,26): warning CS8600: 将 null 文本或可能的 null 值转换为不可为 null 类型。 [/root/WorkSpace/CSharp/BannerlordModEditor/BannerlordModEditor.Common.Tests/BannerlordModEditor.Common.Tests.csproj]
     1>/root/WorkSpace/CSharp/BannerlordModEditor/BannerlordModEditor.Common.Tests/DataTests.cs(1691,41): warning CS8602: 解引用可能出现空引用。 [/root/WorkSpace/CSharp/BannerlordModEditor/BannerlordModEditor.Common.Tests/BannerlordModEditor.Common.Tests.csproj]
     1>/root/WorkSpace/CSharp/BannerlordModEditor/BannerlordModEditor.Common.Tests/DataTests.cs(1708,26): warning CS8600: 将 null 文本或可能的 null 值转换为不可为 null 类型。 [/root/WorkSpace/CSharp/BannerlordModEditor/BannerlordModEditor.Common.Tests/BannerlordModEditor.Common.Tests.csproj]
     1>/root/WorkSpace/CSharp/BannerlordModEditor/BannerlordModEditor.Common.Tests/DataTests.cs(1711,34): warning CS8602: 解引用可能出现空引用。 [/root/WorkSpace/CSharp/BannerlordModEditor/BannerlordModEditor.Common.Tests/BannerlordModEditor.Common.Tests.csproj]
     1>/root/WorkSpace/CSharp/BannerlordModEditor/BannerlordModEditor.Common.Tests/DataTests.cs(1741,26): warning CS8600: 将 null 文本或可能的 null 值转换为不可为 null 类型。 [/root/WorkSpace/CSharp/BannerlordModEditor/BannerlordModEditor.Common.Tests/BannerlordModEditor.Common.Tests.csproj]
     1>/root/WorkSpace/CSharp/BannerlordModEditor/BannerlordModEditor.Common.Tests/DataTests.cs(1744,33): warning CS8602: 解引用可能出现空引用。 [/root/WorkSpace/CSharp/BannerlordModEditor/BannerlordModEditor.Common.Tests/BannerlordModEditor.Common.Tests.csproj]
     1>/root/WorkSpace/CSharp/BannerlordModEditor/BannerlordModEditor.Common.Tests/DataTests.cs(1768,26): warning CS8600: 将 null 文本或可能的 null 值转换为不可为 null 类型。 [/root/WorkSpace/CSharp/BannerlordModEditor/BannerlordModEditor.Common.Tests/BannerlordModEditor.Common.Tests.csproj]
     1>/root/WorkSpace/CSharp/BannerlordModEditor/BannerlordModEditor.Common.Tests/DataTests.cs(1771,41): warning CS8602: 解引用可能出现空引用。 [/root/WorkSpace/CSharp/BannerlordModEditor/BannerlordModEditor.Common.Tests/BannerlordModEditor.Common.Tests.csproj]
     1>/root/WorkSpace/CSharp/BannerlordModEditor/BannerlordModEditor.Common.Tests/DataTests.cs(1779,38): warning CS8602: 解引用可能出现空引用。 [/root/WorkSpace/CSharp/BannerlordModEditor/BannerlordModEditor.Common.Tests/BannerlordModEditor.Common.Tests.csproj]
     1>/root/WorkSpace/CSharp/BannerlordModEditor/BannerlordModEditor.Common.Tests/DataTests.cs(1796,26): warning CS8600: 将 null 文本或可能的 null 值转换为不可为 null 类型。 [/root/WorkSpace/CSharp/BannerlordModEditor/BannerlordModEditor.Common.Tests/BannerlordModEditor.Common.Tests.csproj]
     1>/root/WorkSpace/CSharp/BannerlordModEditor/BannerlordModEditor.Common.Tests/DataTests.cs(1799,42): warning CS8602: 解引用可能出现空引用。 [/root/WorkSpace/CSharp/BannerlordModEditor/BannerlordModEditor.Common.Tests/BannerlordModEditor.Common.Tests.csproj]
     1>/root/WorkSpace/CSharp/BannerlordModEditor/BannerlordModEditor.Common.Tests/DataTests.cs(1804,29): warning CS8602: 解引用可能出现空引用。 [/root/WorkSpace/CSharp/BannerlordModEditor/BannerlordModEditor.Common.Tests/BannerlordModEditor.Common.Tests.csproj]
     1>/root/WorkSpace/CSharp/BannerlordModEditor/BannerlordModEditor.Common.Tests/DataTests.cs(1823,26): warning CS8600: 将 null 文本或可能的 null 值转换为不可为 null 类型。 [/root/WorkSpace/CSharp/BannerlordModEditor/BannerlordModEditor.Common.Tests/BannerlordModEditor.Common.Tests.csproj]
     1>/root/WorkSpace/CSharp/BannerlordModEditor/BannerlordModEditor.Common.Tests/DataTests.cs(1826,33): warning CS8602: 解引用可能出现空引用。 [/root/WorkSpace/CSharp/BannerlordModEditor/BannerlordModEditor.Common.Tests/BannerlordModEditor.Common.Tests.csproj]
     1>/root/WorkSpace/CSharp/BannerlordModEditor/BannerlordModEditor.Common.Tests/DataTests.cs(1848,26): warning CS8600: 将 null 文本或可能的 null 值转换为不可为 null 类型。 [/root/WorkSpace/CSharp/BannerlordModEditor/BannerlordModEditor.Common.Tests/BannerlordModEditor.Common.Tests.csproj]
     1>/root/WorkSpace/CSharp/BannerlordModEditor/BannerlordModEditor.Common.Tests/DataTests.cs(1851,44): warning CS8602: 解引用可能出现空引用。 [/root/WorkSpace/CSharp/BannerlordModEditor/BannerlordModEditor.Common.Tests/BannerlordModEditor.Common.Tests.csproj]
     1>/root/WorkSpace/CSharp/BannerlordModEditor/BannerlordModEditor.Common.Tests/DataTests.cs(1864,29): warning CS8602: 解引用可能出现空引用。 [/root/WorkSpace/CSharp/BannerlordModEditor/BannerlordModEditor.Common.Tests/BannerlordModEditor.Common.Tests.csproj]
     1>/root/WorkSpace/CSharp/BannerlordModEditor/BannerlordModEditor.Common.Tests/DataTests.cs(1869,29): warning CS8602: 解引用可能出现空引用。 [/root/WorkSpace/CSharp/BannerlordModEditor/BannerlordModEditor.Common.Tests/BannerlordModEditor.Common.Tests.csproj]
     1>/root/WorkSpace/CSharp/BannerlordModEditor/BannerlordModEditor.Common.Tests/DataTests.cs(1883,26): warning CS8600: 将 null 文本或可能的 null 值转换为不可为 null 类型。 [/root/WorkSpace/CSharp/BannerlordModEditor/BannerlordModEditor.Common.Tests/BannerlordModEditor.Common.Tests.csproj]
     1>/root/WorkSpace/CSharp/BannerlordModEditor/BannerlordModEditor.Common.Tests/DataTests.cs(1886,29): warning CS8602: 解引用可能出现空引用。 [/root/WorkSpace/CSharp/BannerlordModEditor/BannerlordModEditor.Common.Tests/BannerlordModEditor.Common.Tests.csproj]
     1>/root/WorkSpace/CSharp/BannerlordModEditor/BannerlordModEditor.Common.Tests/DataTests.cs(1888,34): warning CS8602: 解引用可能出现空引用。 [/root/WorkSpace/CSharp/BannerlordModEditor/BannerlordModEditor.Common.Tests/BannerlordModEditor.Common.Tests.csproj]
     1>/root/WorkSpace/CSharp/BannerlordModEditor/BannerlordModEditor.Common.Tests/DataTests.cs(1895,47): warning CS8602: 解引用可能出现空引用。 [/root/WorkSpace/CSharp/BannerlordModEditor/BannerlordModEditor.Common.Tests/BannerlordModEditor.Common.Tests.csproj]
     1>/root/WorkSpace/CSharp/BannerlordModEditor/BannerlordModEditor.Common.Tests/DataTests.cs(1896,47): warning CS8602: 解引用可能出现空引用。 [/root/WorkSpace/CSharp/BannerlordModEditor/BannerlordModEditor.Common.Tests/BannerlordModEditor.Common.Tests.csproj]
     1>/root/WorkSpace/CSharp/BannerlordModEditor/BannerlordModEditor.Common.Tests/DataTests.cs(1897,46): warning CS8602: 解引用可能出现空引用。 [/root/WorkSpace/CSharp/BannerlordModEditor/BannerlordModEditor.Common.Tests/BannerlordModEditor.Common.Tests.csproj]
     1>/root/WorkSpace/CSharp/BannerlordModEditor/BannerlordModEditor.Common.Tests/DataTests.cs(1898,48): warning CS8602: 解引用可能出现空引用。 [/root/WorkSpace/CSharp/BannerlordModEditor/BannerlordModEditor.Common.Tests/BannerlordModEditor.Common.Tests.csproj]
     1>/root/WorkSpace/CSharp/BannerlordModEditor/BannerlordModEditor.Common.Tests/DataTests.cs(1899,48): warning CS8602: 解引用可能出现空引用。 [/root/WorkSpace/CSharp/BannerlordModEditor/BannerlordModEditor.Common.Tests/BannerlordModEditor.Common.Tests.csproj]
     1>/root/WorkSpace/CSharp/BannerlordModEditor/BannerlordModEditor.Common.Tests/DataTests.cs(1900,46): warning CS8602: 解引用可能出现空引用。 [/root/WorkSpace/CSharp/BannerlordModEditor/BannerlordModEditor.Common.Tests/BannerlordModEditor.Common.Tests.csproj]
     1>/root/WorkSpace/CSharp/BannerlordModEditor/BannerlordModEditor.Common.Tests/BannerIconsPerformanceTests.cs(199,33): warning xUnit1031: Test methods should not use blocking task operations, as they can cause deadlocks. Use an async test method and await instead. (https://xunit.net/xunit.analyzers/rules/xUnit1031) [/root/WorkSpace/CSharp/BannerlordModEditor/BannerlordModEditor.Common.Tests/BannerlordModEditor.Common.Tests.csproj]
     1>/root/WorkSpace/CSharp/BannerlordModEditor/BannerlordModEditor.Common.Tests/BannerIconsPerformanceTests.cs(245,33): warning xUnit1031: Test methods should not use blocking task operations, as they can cause deadlocks. Use an async test method and await instead. (https://xunit.net/xunit.analyzers/rules/xUnit1031) [/root/WorkSpace/CSharp/BannerlordModEditor/BannerlordModEditor.Common.Tests/BannerlordModEditor.Common.Tests.csproj]
     1>/root/WorkSpace/CSharp/BannerlordModEditor/BannerlordModEditor.Common.Tests/CreditsDebugTest.cs(56,25): warning xUnit2020: Do not use Assert.True(false, message) to fail a test. Use Assert.Fail(message) instead. (https://xunit.net/xunit.analyzers/rules/xUnit2020) [/root/WorkSpace/CSharp/BannerlordModEditor/BannerlordModEditor.Common.Tests/BannerlordModEditor.Common.Tests.csproj]
     1>/root/WorkSpace/CSharp/BannerlordModEditor/BannerlordModEditor.Common.Tests/DataTests.cs(114,13): warning xUnit2013: Do not use Assert.Equal() to check for collection size. Use Assert.Single instead. (https://xunit.net/xunit.analyzers/rules/xUnit2013) [/root/WorkSpace/CSharp/BannerlordModEditor/BannerlordModEditor.Common.Tests/BannerlordModEditor.Common.Tests.csproj]
     1>/root/WorkSpace/CSharp/BannerlordModEditor/BannerlordModEditor.Common.Tests/DataTests.cs(60,17): warning xUnit2013: Do not use Assert.Equal() to check for collection size. Use Assert.Single instead. (https://xunit.net/xunit.analyzers/rules/xUnit2013) [/root/WorkSpace/CSharp/BannerlordModEditor/BannerlordModEditor.Common.Tests/BannerlordModEditor.Common.Tests.csproj]
     1>/root/WorkSpace/CSharp/BannerlordModEditor/BannerlordModEditor.Common.Tests/DataTests.cs(336,13): warning xUnit2012: Do not use Assert.True() to check if a value exists in a collection. Use Assert.Contains instead. (https://xunit.net/xunit.analyzers/rules/xUnit2012) [/root/WorkSpace/CSharp/BannerlordModEditor/BannerlordModEditor.Common.Tests/BannerlordModEditor.Common.Tests.csproj]
     1>/root/WorkSpace/CSharp/BannerlordModEditor/BannerlordModEditor.Common.Tests/DataTests.cs(337,13): warning xUnit2012: Do not use Assert.True() to check if a value exists in a collection. Use Assert.Contains instead. (https://xunit.net/xunit.analyzers/rules/xUnit2012) [/root/WorkSpace/CSharp/BannerlordModEditor/BannerlordModEditor.Common.Tests/BannerlordModEditor.Common.Tests.csproj]
     1>/root/WorkSpace/CSharp/BannerlordModEditor/BannerlordModEditor.Common.Tests/MpItemsSubsetTests.cs(61,17): warning xUnit2020: Do not use Assert.False(true, message) to fail a test. Use Assert.Fail(message) instead. (https://xunit.net/xunit.analyzers/rules/xUnit2020) [/root/WorkSpace/CSharp/BannerlordModEditor/BannerlordModEditor.Common.Tests/BannerlordModEditor.Common.Tests.csproj]
     1>/root/WorkSpace/CSharp/BannerlordModEditor/BannerlordModEditor.Common.Tests/NativeEquipmentSetsXmlTests.cs(93,13): warning xUnit2013: Do not use Assert.Equal() to check for collection size. Use Assert.Empty instead. (https://xunit.net/xunit.analyzers/rules/xUnit2013) [/root/WorkSpace/CSharp/BannerlordModEditor/BannerlordModEditor.Common.Tests/BannerlordModEditor.Common.Tests.csproj]
     1>/root/WorkSpace/CSharp/BannerlordModEditor/BannerlordModEditor.Common.Tests/NativeSkillSetsXmlTests.cs(93,13): warning xUnit2013: Do not use Assert.Equal() to check for collection size. Use Assert.Empty instead. (https://xunit.net/xunit.analyzers/rules/xUnit2013) [/root/WorkSpace/CSharp/BannerlordModEditor/BannerlordModEditor.Common.Tests/BannerlordModEditor.Common.Tests.csproj]
     1>/root/WorkSpace/CSharp/BannerlordModEditor/BannerlordModEditor.Common.Tests/MusicParametersXmlTests.cs(183,21): warning xUnit2020: Do not use Assert.True(false, message) to fail a test. Use Assert.Fail(message) instead. (https://xunit.net/xunit.analyzers/rules/xUnit2020) [/root/WorkSpace/CSharp/BannerlordModEditor/BannerlordModEditor.Common.Tests/BannerlordModEditor.Common.Tests.csproj]
     1>/root/WorkSpace/CSharp/BannerlordModEditor/BannerlordModEditor.Common.Tests/PhysicsMaterialsLayoutXmlTests.cs(174,13): warning xUnit2013: Do not use Assert.Equal() to check for collection size. Use Assert.Empty instead. (https://xunit.net/xunit.analyzers/rules/xUnit2013) [/root/WorkSpace/CSharp/BannerlordModEditor/BannerlordModEditor.Common.Tests/BannerlordModEditor.Common.Tests.csproj]
     1>/root/WorkSpace/CSharp/BannerlordModEditor/BannerlordModEditor.Common.Tests/XmlModelTestBase.cs(49,17): warning xUnit2020: Do not use Assert.True(false, message) to fail a test. Use Assert.Fail(message) instead. (https://xunit.net/xunit.analyzers/rules/xUnit2020) [/root/WorkSpace/CSharp/BannerlordModEditor/BannerlordModEditor.Common.Tests/BannerlordModEditor.Common.Tests.csproj]
     1>/root/WorkSpace/CSharp/BannerlordModEditor/BannerlordModEditor.Common.Tests/ProjectConfigurationXmlTests.cs(88,17): warning xUnit2009: Do not use Assert.True() to check for substrings. Use Assert.StartsWith instead. (https://xunit.net/xunit.analyzers/rules/xUnit2009) [/root/WorkSpace/CSharp/BannerlordModEditor/BannerlordModEditor.Common.Tests/BannerlordModEditor.Common.Tests.csproj]
     1>/root/WorkSpace/CSharp/BannerlordModEditor/BannerlordModEditor.Common.Tests/WorldmapColorGradesXmlTests.cs(105,13): warning xUnit2009: Do not use Assert.True() to check for substrings. Use Assert.StartsWith instead. (https://xunit.net/xunit.analyzers/rules/xUnit2009) [/root/WorkSpace/CSharp/BannerlordModEditor/BannerlordModEditor.Common.Tests/BannerlordModEditor.Common.Tests.csproj]
     1>/root/WorkSpace/CSharp/BannerlordModEditor/BannerlordModEditor.Common.Tests/WorldmapColorGradesXmlTests.cs(109,13): warning xUnit2009: Do not use Assert.True() to check for substrings. Use Assert.StartsWith instead. (https://xunit.net/xunit.analyzers/rules/xUnit2009) [/root/WorkSpace/CSharp/BannerlordModEditor/BannerlordModEditor.Common.Tests/BannerlordModEditor.Common.Tests.csproj]
     1>/root/WorkSpace/CSharp/BannerlordModEditor/BannerlordModEditor.Common.Tests/WorldmapColorGradesXmlTests.cs(113,13): warning xUnit2009: Do not use Assert.True() to check for substrings. Use Assert.StartsWith instead. (https://xunit.net/xunit.analyzers/rules/xUnit2009) [/root/WorkSpace/CSharp/BannerlordModEditor/BannerlordModEditor.Common.Tests/BannerlordModEditor.Common.Tests.csproj]
     1>/root/WorkSpace/CSharp/BannerlordModEditor/BannerlordModEditor.Common.Tests/SoundFilesXmlTests.cs(319,17): warning xUnit2009: Do not use Assert.True() to check for substrings. Use Assert.EndsWith instead. (https://xunit.net/xunit.analyzers/rules/xUnit2009) [/root/WorkSpace/CSharp/BannerlordModEditor/BannerlordModEditor.Common.Tests/BannerlordModEditor.Common.Tests.csproj]
     1>/root/WorkSpace/CSharp/BannerlordModEditor/BannerlordModEditor.Common.Tests/SoundFilesXmlTests.cs(329,17): warning xUnit2009: Do not use Assert.True() to check for substrings. Use Assert.EndsWith instead. (https://xunit.net/xunit.analyzers/rules/xUnit2009) [/root/WorkSpace/CSharp/BannerlordModEditor/BannerlordModEditor.Common.Tests/BannerlordModEditor.Common.Tests.csproj]
         CompilerServer: server - server processed compilation - BannerlordModEditor.Common.Tests (net9.0)
       _CopyFilesMarkedCopyLocal:
         正在将文件从“/root/WorkSpace/CSharp/BannerlordModEditor/BannerlordModEditor.Common/bin/Debug/net9.0/BannerlordModEditor.Common.dll”复制到“/root/WorkSpace/CSharp/BannerlordModEditor/BannerlordModEditor.Common.Tests/bin/Debug/net9.0/BannerlordModEditor.Common.dll”。
         正在将文件从“/root/WorkSpace/CSharp/BannerlordModEditor/BannerlordModEditor.Common/bin/Debug/net9.0/BannerlordModEditor.Common.pdb”复制到“/root/WorkSpace/CSharp/BannerlordModEditor/BannerlordModEditor.Common.Tests/bin/Debug/net9.0/BannerlordModEditor.Common.pdb”。
         正在对“/root/WorkSpace/CSharp/BannerlordModEditor/BannerlordModEditor.Common.Tests/obj/Debug/net9.0/Bannerlo.C2BA4B32.Up2Date”执行 Touch 任务。
       _CopyOutOfDateSourceItemsToOutputDirectory:
       正在跳过目标“_CopyOutOfDateSourceItemsToOutputDirectory”，因为所有输出文件相对于输入文件而言都是最新的。
       GenerateBuildDependencyFile:
       正在跳过目标“GenerateBuildDependencyFile”，因为所有输出文件相对于输入文件而言都是最新的。
       GenerateBuildRuntimeConfigurationFiles:
       正在跳过目标“GenerateBuildRuntimeConfigurationFiles”，因为所有输出文件相对于输入文件而言都是最新的。
       CopyFilesToOutputDirectory:
         正在将文件从“/root/WorkSpace/CSharp/BannerlordModEditor/BannerlordModEditor.Common.Tests/obj/Debug/net9.0/BannerlordModEditor.Common.Tests.dll”复制到“/root/WorkSpace/CSharp/BannerlordModEditor/BannerlordModEditor.Common.Tests/bin/Debug/net9.0/BannerlordModEditor.Common.Tests.dll”。
         正在将引用程序集从"obj/Debug/net9.0/refint/BannerlordModEditor.Common.Tests.dll"复制到"/root/WorkSpace/CSharp/BannerlordModEditor/BannerlordModEditor.Common.Tests/obj/Debug/net9.0/ref/BannerlordModEditor.Common.Tests.dll"。
         BannerlordModEditor.Common.Tests -> /root/WorkSpace/CSharp/BannerlordModEditor/BannerlordModEditor.Common.Tests/bin/Debug/net9.0/BannerlordModEditor.Common.Tests.dll
         正在将文件从“/root/WorkSpace/CSharp/BannerlordModEditor/BannerlordModEditor.Common.Tests/obj/Debug/net9.0/BannerlordModEditor.Common.Tests.pdb”复制到“/root/WorkSpace/CSharp/BannerlordModEditor/BannerlordModEditor.Common.Tests/bin/Debug/net9.0/BannerlordModEditor.Common.Tests.pdb”。
     1>已完成生成项目“/root/WorkSpace/CSharp/BannerlordModEditor/BannerlordModEditor.Common.Tests/BannerlordModEditor.Common.Tests.csproj”(默认目标)的操作。
     1>BuildProject:
         完成的生成。
         
/root/WorkSpace/CSharp/BannerlordModEditor/BannerlordModEditor.Common.Tests/bin/Debug/net9.0/BannerlordModEditor.Common.Tests.dll (.NETCoreApp,Version=v9.0)的测试运行
VSTest 版本 17.14.1 (x64)

正在启动测试执行，请稍候...
总共 1 个测试文件与指定模式相匹配。
[xUnit.net 00:00:00.00] xUnit.net VSTest Adapter v2.5.3.1+6b60a9e56a (64-bit .NET 9.0.7)
[xUnit.net 00:00:00.06]   Discovering: BannerlordModEditor.Common.Tests
[xUnit.net 00:00:00.21]   Discovered:  BannerlordModEditor.Common.Tests
[xUnit.net 00:00:00.21]   Starting:    BannerlordModEditor.Common.Tests
=== 反序列化对象分析 ===
Effects数量: 1
Effect名称: test_effect
Emitter名称: test_emitter
Parameter名称: test_parameter
Parameter是否有空Curve: True
Curve名称: test_curve
Curve是否有空Keys: True
=== 序列化后XML ===
<?xml version="1.0" encoding="utf-8"?>
<particle_effects>
  <effect guid="{TEST-GUID-0000-0000-000000000001}" name="test_effect">
    <emitters>
      <emitter _index_="0" name="test_emitter">
        <parameters>
          <parameter name="test_parameter" value="1.0">
            <curve name="test_curve" version="1">
              <keys />
            </curve>
          </parameter>
        </parameters>
      </emitter>
    </emitters>
  </effect>
</particle_effects>
结构化对比结果: True
[xUnit.net 00:00:00.36]       Assert.True() Failure
[xUnit.net 00:00:00.36]       Expected: True
[xUnit.net 00:00:00.36]       Actual:   False
[xUnit.net 00:00:00.36]       Stack Trace:
[xUnit.net 00:00:00.36]         /root/WorkSpace/CSharp/BannerlordModEditor/BannerlordModEditor.Common.Tests/MonsterUsageSetsXmlTests.cs(230,0): at BannerlordModEditor.Common.Tests.MonsterUsageSetsXmlTests.MonsterUsageSets_ComplexStructureHandledCorrectly()
[xUnit.net 00:00:00.36]            at System.RuntimeMethodHandle.InvokeMethod(Object target, Void** arguments, Signature sig, Boolean isConstructor)
[xUnit.net 00:00:00.36]            at System.Reflection.MethodBaseInvoker.InvokeWithNoArgs(Object obj, BindingFlags invokeAttr)
[xUnit.net 00:00:00.37]       Assert.Equal() Failure: Values differ
[xUnit.net 00:00:00.37]       Expected: True
[xUnit.net 00:00:00.37]       Actual:   False
[xUnit.net 00:00:00.37]       Stack Trace:
[xUnit.net 00:00:00.37]         /root/WorkSpace/CSharp/BannerlordModEditor/BannerlordModEditor.Common.Tests/MonsterUsageSetsXmlTests.cs(175,0): at BannerlordModEditor.Common.Tests.MonsterUsageSetsXmlTests.MonsterUsageSets_RoundTripPreservesData()
[xUnit.net 00:00:00.37]            at System.RuntimeMethodHandle.InvokeMethod(Object target, Void** arguments, Signature sig, Boolean isConstructor)
[xUnit.net 00:00:00.37]            at System.Reflection.MethodBaseInvoker.InvokeWithNoArgs(Object obj, BindingFlags invokeAttr)
[xUnit.net 00:00:00.37]       Assert.True() Failure
[xUnit.net 00:00:00.37]       Expected: True
[xUnit.net 00:00:00.37]       Actual:   False
[xUnit.net 00:00:00.37]       Stack Trace:
[xUnit.net 00:00:00.37]         /root/WorkSpace/CSharp/BannerlordModEditor/BannerlordModEditor.Common.Tests/MonsterUsageSetsXmlTests.cs(54,0): at BannerlordModEditor.Common.Tests.MonsterUsageSetsXmlTests.MonsterUsageSets_CanDeserializeFromXml()
[xUnit.net 00:00:00.37]            at System.RuntimeMethodHandle.InvokeMethod(Object target, Void** arguments, Signature sig, Boolean isConstructor)
[xUnit.net 00:00:00.37]            at System.Reflection.MethodBaseInvoker.InvokeWithNoArgs(Object obj, BindingFlags invokeAttr)
  已通过 BannerlordModEditor.Common.Tests.EnhancedXmlLoaderLogicalEquivalenceTests.EnhancedXmlLoader_AreXmlElementsLogicallyEqual_ShouldWorkWithEnhancedXmlLoader [27 ms]
  已通过 BannerlordModEditor.Common.Tests.EnhancedXmlLoaderLogicalEquivalenceTests.EnhancedXmlLoader_WithFloraKinds_ShouldLoadAndSave [20 ms]
  已通过 BannerlordModEditor.Common.Tests.EnhancedXmlLoaderLogicalEquivalenceTests.EnhancedXmlLoader_WithActionTypes_ShouldLoadAndSave [3 ms]
  已通过 BannerlordModEditor.Common.Tests.ParticleSystemsEmptyCurveTest.Test_Empty_Curve_Elements [40 ms]
  已通过 BannerlordModEditor.Common.Tests.MonsterUsageSetsXmlTests.MonsterUsageSets_CanSerializeToXml [16 ms]
  失败 BannerlordModEditor.Common.Tests.MonsterUsageSetsXmlTests.MonsterUsageSets_ComplexStructureHandledCorrectly [3 ms]
  错误消息:
   Assert.True() Failure
Expected: True
Actual:   False
  堆栈跟踪:
     at BannerlordModEditor.Common.Tests.MonsterUsageSetsXmlTests.MonsterUsageSets_ComplexStructureHandledCorrectly() in /root/WorkSpace/CSharp/BannerlordModEditor/BannerlordModEditor.Common.Tests/MonsterUsageSetsXmlTests.cs:line 230
   at System.RuntimeMethodHandle.InvokeMethod(Object target, Void** arguments, Signature sig, Boolean isConstructor)
   at System.Reflection.MethodBaseInvoker.InvokeWithNoArgs(Object obj, BindingFlags invokeAttr)
  失败 BannerlordModEditor.Common.Tests.MonsterUsageSetsXmlTests.MonsterUsageSets_RoundTripPreservesData [4 ms]
  错误消息:
   Assert.Equal() Failure: Values differ
Expected: True
Actual:   False
  堆栈跟踪:
     at BannerlordModEditor.Common.Tests.MonsterUsageSetsXmlTests.MonsterUsageSets_RoundTripPreservesData() in /root/WorkSpace/CSharp/BannerlordModEditor/BannerlordModEditor.Common.Tests/MonsterUsageSetsXmlTests.cs:line 175
   at System.RuntimeMethodHandle.InvokeMethod(Object target, Void** arguments, Signature sig, Boolean isConstructor)
   at System.Reflection.MethodBaseInvoker.InvokeWithNoArgs(Object obj, BindingFlags invokeAttr)
  失败 BannerlordModEditor.Common.Tests.MonsterUsageSetsXmlTests.MonsterUsageSets_CanDeserializeFromXml [< 1 ms]
  错误消息:
   Assert.True() Failure
Expected: True
Actual:   False
  堆栈跟踪:
     at BannerlordModEditor.Common.Tests.MonsterUsageSetsXmlTests.MonsterUsageSets_CanDeserializeFromXml() in /root/WorkSpace/CSharp/BannerlordModEditor/BannerlordModEditor.Common.Tests/MonsterUsageSetsXmlTests.cs:line 54
   at System.RuntimeMethodHandle.InvokeMethod(Object target, Void** arguments, Signature sig, Boolean isConstructor)
   at System.Reflection.MethodBaseInvoker.InvokeWithNoArgs(Object obj, BindingFlags invokeAttr)
  已通过 BannerlordModEditor.Common.Tests.MonsterUsageSetsXmlTests.MonsterUsageSets_EmptyXmlHandledCorrectly [< 1 ms]
  已通过 BannerlordModEditor.Common.Tests.BeforeTransparentsGraphXmlTests.BeforeTransparentsGraph_RoundTrip_StructuralEquality [17 ms]
  已通过 BannerlordModEditor.Common.Tests.EnhancedFloraKindsXmlTests.FloraKinds_NestedProperties_ShouldTrackExistenceCorrectly [1 ms]
  已通过 BannerlordModEditor.Common.Tests.EnhancedFloraKindsXmlTests.FloraKinds_EmptyCollections_ShouldNotBeSerialized [< 1 ms]
  已通过 BannerlordModEditor.Common.Tests.EnhancedFloraKindsXmlTests.FloraKinds_PropertyExistenceTracking_ShouldWorkCorrectly [< 1 ms]
  已通过 BannerlordModEditor.Common.Tests.EnhancedFloraKindsXmlTests.FloraKinds_CreateObjectsDirectly_ShouldTrackExistenceCorrectly [< 1 ms]
  已通过 BannerlordModEditor.Common.Tests.PhysicsMaterialsXmlTests.SoundAndCollisionInfoClassDefinitions_ShouldDeserializeCorrectly [10 ms]
  已通过 BannerlordModEditor.Common.Tests.PhysicsMaterialsXmlTests.PhysicsMaterials_LoadAndSave_ShouldBeLogicallyIdentical [1 ms]
  已通过 BannerlordModEditor.Common.Tests.PhysicsMaterialsXmlTests.PhysicsMaterial_ShouldHandleOptionalBooleanAttributes [< 1 ms]
  已通过 BannerlordModEditor.Common.Tests.PhysicsMaterialsXmlTests.PhysicsMaterials_ShouldHandleNullVsEmptyString [< 1 ms]
IsStructurallyEqual: True
NodeCountDifference: 
AttributeCountDifference: 
  已通过 BannerlordModEditor.Common.Tests.PhysicsMaterialsXmlTests.PhysicsMaterial_ShouldHandleAllAttributes [< 1 ms]
  已通过 BannerlordModEditor.Common.Tests.PhysicsMaterialsXmlTests.PhysicsMaterials_ShouldPreserveBooleanDefaults [< 1 ms]
  已通过 BannerlordModEditor.Common.Tests.NativeSkillSetsXmlTests.NativeSkillSets_EmptyFile_HandlesCorrectly [4 ms]
  已通过 BannerlordModEditor.Common.Tests.NativeSkillSetsXmlTests.NativeSkillSets_LoadAndSave_ShouldBeLogicallyIdentical [< 1 ms]
  已通过 BannerlordModEditor.Common.Tests.Debug.DebugCollisionInfosTest.Debug_CollisionInfos_Deserialization_Serialization [29 ms]
  已通过 BannerlordModEditor.Common.Tests.BannerIconsTypeConversionTests.Icon_IdInt_InvalidString_ReturnsNull(stringValue: "invalid") [< 1 ms]
  已通过 BannerlordModEditor.Common.Tests.BannerIconsTypeConversionTests.Icon_IdInt_InvalidString_ReturnsNull(stringValue: "1.5") [< 1 ms]
  已通过 BannerlordModEditor.Common.Tests.BannerIconsTypeConversionTests.Icon_IdInt_InvalidString_ReturnsNull(stringValue: null) [< 1 ms]
  已通过 BannerlordModEditor.Common.Tests.BannerIconsTypeConversionTests.Icon_IdInt_InvalidString_ReturnsNull(stringValue: "") [< 1 ms]
[xUnit.net 00:00:00.46]       Assert.Null() Failure: Value of type 'Nullable<bool>' has a value
[xUnit.net 00:00:00.46]       Expected: null
[xUnit.net 00:00:00.46]       Actual:   True
[xUnit.net 00:00:00.46]       Stack Trace:
[xUnit.net 00:00:00.46]         /root/WorkSpace/CSharp/BannerlordModEditor/BannerlordModEditor.Common.Tests/BannerIconsTypeConversionTests.cs(519,0): at BannerlordModEditor.Common.Tests.BannerIconsTypeConversionTests.TypeConversion_MixedCaseBoolean_HandledCorrectly()
[xUnit.net 00:00:00.46]            at System.RuntimeMethodHandle.InvokeMethod(Object target, Void** arguments, Signature sig, Boolean isConstructor)
[xUnit.net 00:00:00.46]            at System.Reflection.MethodBaseInvoker.InvokeWithNoArgs(Object obj, BindingFlags invokeAttr)
[xUnit.net 00:00:00.46]       Assert.Equal() Failure: Values differ
[xUnit.net 00:00:00.46]       Expected: True
[xUnit.net 00:00:00.46]       Actual:   null
[xUnit.net 00:00:00.46]       Stack Trace:
[xUnit.net 00:00:00.46]         /root/WorkSpace/CSharp/BannerlordModEditor/BannerlordModEditor.Common.Tests/BannerIconsTypeConversionTests.cs(147,0): at BannerlordModEditor.Common.Tests.BannerIconsTypeConversionTests.Background_IsBaseBackgroundBool_ValidString_ReturnsCorrectBool(String stringValue, Boolean expectedBool)
[xUnit.net 00:00:00.46]            at InvokeStub_BannerIconsTypeConversionTests.Background_IsBaseBackgroundBool_ValidString_ReturnsCorrectBool(Object, Span`1)
[xUnit.net 00:00:00.46]            at System.Reflection.MethodBaseInvoker.InvokeWithFewArgs(Object obj, BindingFlags invokeAttr, Binder binder, Object[] parameters, CultureInfo culture)
[xUnit.net 00:00:00.46]       Assert.Equal() Failure: Values differ
[xUnit.net 00:00:00.46]       Expected: False
[xUnit.net 00:00:00.46]       Actual:   null
[xUnit.net 00:00:00.46]       Stack Trace:
[xUnit.net 00:00:00.46]         /root/WorkSpace/CSharp/BannerlordModEditor/BannerlordModEditor.Common.Tests/BannerIconsTypeConversionTests.cs(147,0): at BannerlordModEditor.Common.Tests.BannerIconsTypeConversionTests.Background_IsBaseBackgroundBool_ValidString_ReturnsCorrectBool(String stringValue, Boolean expectedBool)
[xUnit.net 00:00:00.46]            at InvokeStub_BannerIconsTypeConversionTests.Background_IsBaseBackgroundBool_ValidString_ReturnsCorrectBool(Object, Span`1)
[xUnit.net 00:00:00.46]            at System.Reflection.MethodBaseInvoker.InvokeWithFewArgs(Object obj, BindingFlags invokeAttr, Binder binder, Object[] parameters, CultureInfo culture)
  失败 BannerlordModEditor.Common.Tests.BannerIconsTypeConversionTests.TypeConversion_MixedCaseBoolean_HandledCorrectly [< 1 ms]
  错误消息:
   Assert.Null() Failure: Value of type 'Nullable<bool>' has a value
Expected: null
Actual:   True
  堆栈跟踪:
     at BannerlordModEditor.Common.Tests.BannerIconsTypeConversionTests.TypeConversion_MixedCaseBoolean_HandledCorrectly() in /root/WorkSpace/CSharp/BannerlordModEditor/BannerlordModEditor.Common.Tests/BannerIconsTypeConversionTests.cs:line 519
   at System.RuntimeMethodHandle.InvokeMethod(Object target, Void** arguments, Signature sig, Boolean isConstructor)
   at System.Reflection.MethodBaseInvoker.InvokeWithNoArgs(Object obj, BindingFlags invokeAttr)
  已通过 BannerlordModEditor.Common.Tests.BannerIconsTypeConversionTests.Background_IsBaseBackgroundBool_ValidString_ReturnsCorrectBool(stringValue: "False", expectedBool: False) [1 ms]
  失败 BannerlordModEditor.Common.Tests.BannerIconsTypeConversionTests.Background_IsBaseBackgroundBool_ValidString_ReturnsCorrectBool(stringValue: "1", expectedBool: True) [< 1 ms]
  错误消息:
   Assert.Equal() Failure: Values differ
Expected: True
Actual:   null
  堆栈跟踪:
     at BannerlordModEditor.Common.Tests.BannerIconsTypeConversionTests.Background_IsBaseBackgroundBool_ValidString_ReturnsCorrectBool(String stringValue, Boolean expectedBool) in /root/WorkSpace/CSharp/BannerlordModEditor/BannerlordModEditor.Common.Tests/BannerIconsTypeConversionTests.cs:line 147
   at InvokeStub_BannerIconsTypeConversionTests.Background_IsBaseBackgroundBool_ValidString_ReturnsCorrectBool(Object, Span`1)
   at System.Reflection.MethodBaseInvoker.InvokeWithFewArgs(Object obj, BindingFlags invokeAttr, Binder binder, Object[] parameters, CultureInfo culture)
  失败 BannerlordModEditor.Common.Tests.BannerIconsTypeConversionTests.Background_IsBaseBackgroundBool_ValidString_ReturnsCorrectBool(stringValue: "0", expectedBool: False) [< 1 ms]
  错误消息:
   Assert.Equal() Failure: Values differ
Expected: False
Actual:   null
  堆栈跟踪:
     at BannerlordModEditor.Common.Tests.BannerIconsTypeConversionTests.Background_IsBaseBackgroundBool_ValidString_ReturnsCorrectBool(String stringValue, Boolean expectedBool) in /root/WorkSpace/CSharp/BannerlordModEditor/BannerlordModEditor.Common.Tests/BannerIconsTypeConversionTests.cs:line 147
   at InvokeStub_BannerIconsTypeConversionTests.Background_IsBaseBackgroundBool_ValidString_ReturnsCorrectBool(Object, Span`1)
   at System.Reflection.MethodBaseInvoker.InvokeWithFewArgs(Object obj, BindingFlags invokeAttr, Binder binder, Object[] parameters, CultureInfo culture)
  已通过 BannerlordModEditor.Common.Tests.BannerIconsTypeConversionTests.Background_IsBaseBackgroundBool_ValidString_ReturnsCorrectBool(stringValue: "true", expectedBool: True) [< 1 ms]
  已通过 BannerlordModEditor.Common.Tests.BannerIconsTypeConversionTests.Background_IsBaseBackgroundBool_ValidString_ReturnsCorrectBool(stringValue: "True", expectedBool: True) [< 1 ms]
  已通过 BannerlordModEditor.Common.Tests.BannerIconsTypeConversionTests.Background_IsBaseBackgroundBool_ValidString_ReturnsCorrectBool(stringValue: "false", expectedBool: False) [< 1 ms]
  已通过 BannerlordModEditor.Common.Tests.BannerIconsTypeConversionTests.BannerIconGroup_AllTypeConversions_WorkTogether [1 ms]
  已通过 BannerlordModEditor.Common.Tests.BannerIconsTypeConversionTests.BannerIconGroup_IsPatternBool_InvalidString_ReturnsNull(stringValue: null) [< 1 ms]
  已通过 BannerlordModEditor.Common.Tests.BannerIconsTypeConversionTests.BannerIconGroup_IsPatternBool_InvalidString_ReturnsNull(stringValue: "2") [< 1 ms]
  已通过 BannerlordModEditor.Common.Tests.BannerIconsTypeConversionTests.BannerIconGroup_IsPatternBool_InvalidString_ReturnsNull(stringValue: "yes") [< 1 ms]
  已通过 BannerlordModEditor.Common.Tests.BannerIconsTypeConversionTests.BannerIconGroup_IsPatternBool_InvalidString_ReturnsNull(stringValue: "no") [< 1 ms]
  已通过 BannerlordModEditor.Common.Tests.BannerIconsTypeConversionTests.BannerIconGroup_IsPatternBool_InvalidString_ReturnsNull(stringValue: "invalid") [< 1 ms]
  已通过 BannerlordModEditor.Common.Tests.BannerIconsTypeConversionTests.BannerIconGroup_IsPatternBool_InvalidString_ReturnsNull(stringValue: "") [< 1 ms]
  已通过 BannerlordModEditor.Common.Tests.BannerIconsTypeConversionTests.Background_IdInt_InvalidString_ReturnsNull(stringValue: "") [< 1 ms]
  已通过 BannerlordModEditor.Common.Tests.BannerIconsTypeConversionTests.Background_IdInt_InvalidString_ReturnsNull(stringValue: "1.5") [< 1 ms]
  已通过 BannerlordModEditor.Common.Tests.BannerIconsTypeConversionTests.Background_IdInt_InvalidString_ReturnsNull(stringValue: "invalid") [< 1 ms]
  已通过 BannerlordModEditor.Common.Tests.BannerIconsTypeConversionTests.Background_IdInt_InvalidString_ReturnsNull(stringValue: null) [< 1 ms]
[xUnit.net 00:00:00.47]       Assert.Equal() Failure: Values differ
[xUnit.net 00:00:00.47]       Expected: False
[xUnit.net 00:00:00.47]       Actual:   null
[xUnit.net 00:00:00.47]       Stack Trace:
[xUnit.net 00:00:00.47]         /root/WorkSpace/CSharp/BannerlordModEditor/BannerlordModEditor.Common.Tests/BannerIconsTypeConversionTests.cs(71,0): at BannerlordModEditor.Common.Tests.BannerIconsTypeConversionTests.BannerIconGroup_IsPatternBool_ValidString_ReturnsCorrectBool(String stringValue, Boolean expectedBool)
[xUnit.net 00:00:00.47]            at InvokeStub_BannerIconsTypeConversionTests.BannerIconGroup_IsPatternBool_ValidString_ReturnsCorrectBool(Object, Span`1)
[xUnit.net 00:00:00.47]            at System.Reflection.MethodBaseInvoker.InvokeWithFewArgs(Object obj, BindingFlags invokeAttr, Binder binder, Object[] parameters, CultureInfo culture)
  已通过 BannerlordModEditor.Common.Tests.BannerIconsTypeConversionTests.ColorEntry_PlayerCanChooseForBackgroundBool_InvalidString_ReturnsNull(stringValue: "2") [< 1 ms]
  已通过 BannerlordModEditor.Common.Tests.BannerIconsTypeConversionTests.ColorEntry_PlayerCanChooseForBackgroundBool_InvalidString_ReturnsNull(stringValue: null) [< 1 ms]
  已通过 BannerlordModEditor.Common.Tests.BannerIconsTypeConversionTests.ColorEntry_PlayerCanChooseForBackgroundBool_InvalidString_ReturnsNull(stringValue: "") [< 1 ms]
  已通过 BannerlordModEditor.Common.Tests.BannerIconsTypeConversionTests.ColorEntry_PlayerCanChooseForBackgroundBool_InvalidString_ReturnsNull(stringValue: "invalid") [< 1 ms]
  已通过 BannerlordModEditor.Common.Tests.BannerIconsTypeConversionTests.BannerIconGroup_IsPatternBool_ValidString_ReturnsCorrectBool(stringValue: "FALSE", expectedBool: False) [< 1 ms]
  已通过 BannerlordModEditor.Common.Tests.BannerIconsTypeConversionTests.BannerIconGroup_IsPatternBool_ValidString_ReturnsCorrectBool(stringValue: "false", expectedBool: False) [< 1 ms]
  已通过 BannerlordModEditor.Common.Tests.BannerIconsTypeConversionTests.BannerIconGroup_IsPatternBool_ValidString_ReturnsCorrectBool(stringValue: "True", expectedBool: True) [< 1 ms]
  已通过 BannerlordModEditor.Common.Tests.BannerIconsTypeConversionTests.BannerIconGroup_IsPatternBool_ValidString_ReturnsCorrectBool(stringValue: "False", expectedBool: False) [< 1 ms]
  失败 BannerlordModEditor.Common.Tests.BannerIconsTypeConversionTests.BannerIconGroup_IsPatternBool_ValidString_ReturnsCorrectBool(stringValue: "0", expectedBool: False) [< 1 ms]
  错误消息:
   Assert.Equal() Failure: Values differ
Expected: False
Actual:   null
  堆栈跟踪:
     at BannerlordModEditor.Common.Tests.BannerIconsTypeConversionTests.BannerIconGroup_IsPatternBool_ValidString_ReturnsCorrectBool(String stringValue, Boolean expectedBool) in /root/WorkSpace/CSharp/BannerlordModEditor/BannerlordModEditor.Common.Tests/BannerIconsTypeConversionTests.cs:line 71
   at InvokeStub_BannerIconsTypeConversionTests.BannerIconGroup_IsPatternBool_ValidString_ReturnsCorrectBool(Object, Span`1)
   at System.Reflection.MethodBaseInvoker.InvokeWithFewArgs(Object obj, BindingFlags invokeAttr, Binder binder, Object[] parameters, CultureInfo culture)
[xUnit.net 00:00:00.47]       Assert.Equal() Failure: Values differ
[xUnit.net 00:00:00.47]       Expected: True
[xUnit.net 00:00:00.47]       Actual:   null
[xUnit.net 00:00:00.47]       Stack Trace:
[xUnit.net 00:00:00.47]         /root/WorkSpace/CSharp/BannerlordModEditor/BannerlordModEditor.Common.Tests/BannerIconsTypeConversionTests.cs(71,0): at BannerlordModEditor.Common.Tests.BannerIconsTypeConversionTests.BannerIconGroup_IsPatternBool_ValidString_ReturnsCorrectBool(String stringValue, Boolean expectedBool)
[xUnit.net 00:00:00.47]            at InvokeStub_BannerIconsTypeConversionTests.BannerIconGroup_IsPatternBool_ValidString_ReturnsCorrectBool(Object, Span`1)
[xUnit.net 00:00:00.47]            at System.Reflection.MethodBaseInvoker.InvokeWithFewArgs(Object obj, BindingFlags invokeAttr, Binder binder, Object[] parameters, CultureInfo culture)
[xUnit.net 00:00:00.47]       Assert.Equal() Failure: Values differ
[xUnit.net 00:00:00.47]       Expected: True
[xUnit.net 00:00:00.47]       Actual:   null
[xUnit.net 00:00:00.47]       Stack Trace:
[xUnit.net 00:00:00.47]         /root/WorkSpace/CSharp/BannerlordModEditor/BannerlordModEditor.Common.Tests/BannerIconsTypeConversionTests.cs(256,0): at BannerlordModEditor.Common.Tests.BannerIconsTypeConversionTests.Icon_IsReservedBool_ValidString_ReturnsCorrectBool(String stringValue, Boolean expectedBool)
[xUnit.net 00:00:00.47]            at System.RuntimeMethodHandle.InvokeMethod(Object target, Void** arguments, Signature sig, Boolean isConstructor)
[xUnit.net 00:00:00.47]            at System.Reflection.MethodBaseInvoker.InvokeDirectByRefWithFewArgs(Object obj, Span`1 copyOfArgs, BindingFlags invokeAttr)
  已通过 BannerlordModEditor.Common.Tests.BannerIconsTypeConversionTests.BannerIconGroup_IsPatternBool_ValidString_ReturnsCorrectBool(stringValue: "true", expectedBool: True) [< 1 ms]
  已通过 BannerlordModEditor.Common.Tests.BannerIconsTypeConversionTests.BannerIconGroup_IsPatternBool_ValidString_ReturnsCorrectBool(stringValue: "TRUE", expectedBool: True) [< 1 ms]
  失败 BannerlordModEditor.Common.Tests.BannerIconsTypeConversionTests.BannerIconGroup_IsPatternBool_ValidString_ReturnsCorrectBool(stringValue: "1", expectedBool: True) [< 1 ms]
  错误消息:
   Assert.Equal() Failure: Values differ
Expected: True
Actual:   null
  堆栈跟踪:
     at BannerlordModEditor.Common.Tests.BannerIconsTypeConversionTests.BannerIconGroup_IsPatternBool_ValidString_ReturnsCorrectBool(String stringValue, Boolean expectedBool) in /root/WorkSpace/CSharp/BannerlordModEditor/BannerlordModEditor.Common.Tests/BannerIconsTypeConversionTests.cs:line 71
   at InvokeStub_BannerIconsTypeConversionTests.BannerIconGroup_IsPatternBool_ValidString_ReturnsCorrectBool(Object, Span`1)
   at System.Reflection.MethodBaseInvoker.InvokeWithFewArgs(Object obj, BindingFlags invokeAttr, Binder binder, Object[] parameters, CultureInfo culture)
  已通过 BannerlordModEditor.Common.Tests.BannerIconsTypeConversionTests.ColorEntry_PlayerCanChooseForSigilBool_InvalidString_ReturnsNull(stringValue: null) [< 1 ms]
  已通过 BannerlordModEditor.Common.Tests.BannerIconsTypeConversionTests.ColorEntry_PlayerCanChooseForSigilBool_InvalidString_ReturnsNull(stringValue: "invalid") [< 1 ms]
  已通过 BannerlordModEditor.Common.Tests.BannerIconsTypeConversionTests.ColorEntry_PlayerCanChooseForSigilBool_InvalidString_ReturnsNull(stringValue: "") [< 1 ms]
  已通过 BannerlordModEditor.Common.Tests.BannerIconsTypeConversionTests.ColorEntry_PlayerCanChooseForSigilBool_InvalidString_ReturnsNull(stringValue: "2") [< 1 ms]
  失败 BannerlordModEditor.Common.Tests.BannerIconsTypeConversionTests.Icon_IsReservedBool_ValidString_ReturnsCorrectBool(stringValue: "1", expectedBool: True) [< 1 ms]
  错误消息:
   Assert.Equal() Failure: Values differ
Expected: True
Actual:   null
  堆栈跟踪:
     at BannerlordModEditor.Common.Tests.BannerIconsTypeConversionTests.Icon_IsReservedBool_ValidString_ReturnsCorrectBool(String stringValue, Boolean expectedBool) in /root/WorkSpace/CSharp/BannerlordModEditor/BannerlordModEditor.Common.Tests/BannerIconsTypeConversionTests.cs:line 256
   at System.RuntimeMethodHandle.InvokeMethod(Object target, Void** arguments, Signature sig, Boolean isConstructor)
   at System.Reflection.MethodBaseInvoker.InvokeDirectByRefWithFewArgs(Object obj, Span`1 copyOfArgs, BindingFlags invokeAttr)
  已通过 BannerlordModEditor.Common.Tests.BannerIconsTypeConversionTests.Icon_IsReservedBool_ValidString_ReturnsCorrectBool(stringValue: "False", expectedBool: False) [< 1 ms]
[xUnit.net 00:00:00.47]       Assert.Equal() Failure: Values differ
[xUnit.net 00:00:00.47]       Expected: False
[xUnit.net 00:00:00.47]       Actual:   null
[xUnit.net 00:00:00.47]       Stack Trace:
[xUnit.net 00:00:00.47]         /root/WorkSpace/CSharp/BannerlordModEditor/BannerlordModEditor.Common.Tests/BannerIconsTypeConversionTests.cs(256,0): at BannerlordModEditor.Common.Tests.BannerIconsTypeConversionTests.Icon_IsReservedBool_ValidString_ReturnsCorrectBool(String stringValue, Boolean expectedBool)
[xUnit.net 00:00:00.47]            at InvokeStub_BannerIconsTypeConversionTests.Icon_IsReservedBool_ValidString_ReturnsCorrectBool(Object, Span`1)
[xUnit.net 00:00:00.47]            at System.Reflection.MethodBaseInvoker.InvokeWithFewArgs(Object obj, BindingFlags invokeAttr, Binder binder, Object[] parameters, CultureInfo culture)
  已通过 BannerlordModEditor.Common.Tests.BannerIconsTypeConversionTests.Icon_IsReservedBool_ValidString_ReturnsCorrectBool(stringValue: "true", expectedBool: True) [< 1 ms]
  已通过 BannerlordModEditor.Common.Tests.BannerIconsTypeConversionTests.Icon_IsReservedBool_ValidString_ReturnsCorrectBool(stringValue: "false", expectedBool: False) [< 1 ms]
  已通过 BannerlordModEditor.Common.Tests.BannerIconsTypeConversionTests.Icon_IsReservedBool_ValidString_ReturnsCorrectBool(stringValue: "True", expectedBool: True) [< 1 ms]
  失败 BannerlordModEditor.Common.Tests.BannerIconsTypeConversionTests.Icon_IsReservedBool_ValidString_ReturnsCorrectBool(stringValue: "0", expectedBool: False) [< 1 ms]
  错误消息:
   Assert.Equal() Failure: Values differ
Expected: False
Actual:   null
  堆栈跟踪:
     at BannerlordModEditor.Common.Tests.BannerIconsTypeConversionTests.Icon_IsReservedBool_ValidString_ReturnsCorrectBool(String stringValue, Boolean expectedBool) in /root/WorkSpace/CSharp/BannerlordModEditor/BannerlordModEditor.Common.Tests/BannerIconsTypeConversionTests.cs:line 256
   at InvokeStub_BannerIconsTypeConversionTests.Icon_IsReservedBool_ValidString_ReturnsCorrectBool(Object, Span`1)
   at System.Reflection.MethodBaseInvoker.InvokeWithFewArgs(Object obj, BindingFlags invokeAttr, Binder binder, Object[] parameters, CultureInfo culture)
  已通过 BannerlordModEditor.Common.Tests.BannerIconsTypeConversionTests.ColorEntry_IdInt_InvalidString_ReturnsNull(stringValue: null) [< 1 ms]
  已通过 BannerlordModEditor.Common.Tests.BannerIconsTypeConversionTests.ColorEntry_IdInt_InvalidString_ReturnsNull(stringValue: "") [< 1 ms]
  已通过 BannerlordModEditor.Common.Tests.BannerIconsTypeConversionTests.ColorEntry_IdInt_InvalidString_ReturnsNull(stringValue: "1.5") [< 1 ms]
  已通过 BannerlordModEditor.Common.Tests.BannerIconsTypeConversionTests.ColorEntry_IdInt_InvalidString_ReturnsNull(stringValue: "invalid") [< 1 ms]
  已通过 BannerlordModEditor.Common.Tests.BannerIconsTypeConversionTests.Icon_TextureIndexInt_ValidString_ReturnsCorrectInt(stringValue: "10", expectedInt: 10) [< 1 ms]
  已通过 BannerlordModEditor.Common.Tests.BannerIconsTypeConversionTests.Icon_TextureIndexInt_ValidString_ReturnsCorrectInt(stringValue: "255", expectedInt: 255) [< 1 ms]
  已通过 BannerlordModEditor.Common.Tests.BannerIconsTypeConversionTests.Icon_TextureIndexInt_ValidString_ReturnsCorrectInt(stringValue: "0", expectedInt: 0) [< 1 ms]
  已通过 BannerlordModEditor.Common.Tests.BannerIconsTypeConversionTests.Icon_TextureIndexInt_ValidString_ReturnsCorrectInt(stringValue: "1", expectedInt: 1) [< 1 ms]
  已通过 BannerlordModEditor.Common.Tests.BannerIconsTypeConversionTests.TypeConversion_WhitespaceString_HandledCorrectly [< 1 ms]
  已通过 BannerlordModEditor.Common.Tests.BannerIconsTypeConversionTests.Background_IdInt_ValidString_ReturnsCorrectInt(stringValue: "50", expectedInt: 50) [< 1 ms]
  已通过 BannerlordModEditor.Common.Tests.BannerIconsTypeConversionTests.Background_IdInt_ValidString_ReturnsCorrectInt(stringValue: "0", expectedInt: 0) [< 1 ms]
  已通过 BannerlordModEditor.Common.Tests.BannerIconsTypeConversionTests.Background_IdInt_ValidString_ReturnsCorrectInt(stringValue: "100", expectedInt: 100) [< 1 ms]
  已通过 BannerlordModEditor.Common.Tests.BannerIconsTypeConversionTests.Background_IdInt_ValidString_ReturnsCorrectInt(stringValue: "1", expectedInt: 1) [< 1 ms]
  已通过 BannerlordModEditor.Common.Tests.BannerIconsTypeConversionTests.ColorEntry_IdInt_ValidString_ReturnsCorrectInt(stringValue: "0", expectedInt: 0) [< 1 ms]
  已通过 BannerlordModEditor.Common.Tests.BannerIconsTypeConversionTests.ColorEntry_IdInt_ValidString_ReturnsCorrectInt(stringValue: "1", expectedInt: 1) [< 1 ms]
  已通过 BannerlordModEditor.Common.Tests.BannerIconsTypeConversionTests.ColorEntry_IdInt_ValidString_ReturnsCorrectInt(stringValue: "100", expectedInt: 100) [< 1 ms]
  已通过 BannerlordModEditor.Common.Tests.BannerIconsTypeConversionTests.ColorEntry_IdInt_ValidString_ReturnsCorrectInt(stringValue: "50", expectedInt: 50) [< 1 ms]
  已通过 BannerlordModEditor.Common.Tests.BannerIconsTypeConversionTests.BannerIconGroup_IdInt_InvalidString_ReturnsNull(stringValue: "1.5") [< 1 ms]
  已通过 BannerlordModEditor.Common.Tests.BannerIconsTypeConversionTests.BannerIconGroup_IdInt_InvalidString_ReturnsNull(stringValue: "invalid") [< 1 ms]
  已通过 BannerlordModEditor.Common.Tests.BannerIconsTypeConversionTests.BannerIconGroup_IdInt_InvalidString_ReturnsNull(stringValue: "") [< 1 ms]
  已通过 BannerlordModEditor.Common.Tests.BannerIconsTypeConversionTests.BannerIconGroup_IdInt_InvalidString_ReturnsNull(stringValue: "true") [< 1 ms]
  已通过 BannerlordModEditor.Common.Tests.BannerIconsTypeConversionTests.BannerIconGroup_IdInt_InvalidString_ReturnsNull(stringValue: null) [< 1 ms]
  已通过 BannerlordModEditor.Common.Tests.BannerIconsTypeConversionTests.BannerIconGroup_IdInt_InvalidString_ReturnsNull(stringValue: "abc") [< 1 ms]
[xUnit.net 00:00:00.47]       Assert.Equal() Failure: Values differ
[xUnit.net 00:00:00.47]       Expected: False
[xUnit.net 00:00:00.47]       Actual:   null
[xUnit.net 00:00:00.47]       Stack Trace:
[xUnit.net 00:00:00.47]         /root/WorkSpace/CSharp/BannerlordModEditor/BannerlordModEditor.Common.Tests/BannerIconsTypeConversionTests.cs(366,0): at BannerlordModEditor.Common.Tests.BannerIconsTypeConversionTests.ColorEntry_PlayerCanChooseForSigilBool_ValidString_ReturnsCorrectBool(String stringValue, Boolean expectedBool)
[xUnit.net 00:00:00.47]            at System.RuntimeMethodHandle.InvokeMethod(Object target, Void** arguments, Signature sig, Boolean isConstructor)
[xUnit.net 00:00:00.47]            at System.Reflection.MethodBaseInvoker.InvokeDirectByRefWithFewArgs(Object obj, Span`1 copyOfArgs, BindingFlags invokeAttr)
[xUnit.net 00:00:00.47]       Assert.Equal() Failure: Values differ
[xUnit.net 00:00:00.47]       Expected: True
[xUnit.net 00:00:00.47]       Actual:   null
[xUnit.net 00:00:00.47]       Stack Trace:
[xUnit.net 00:00:00.47]         /root/WorkSpace/CSharp/BannerlordModEditor/BannerlordModEditor.Common.Tests/BannerIconsTypeConversionTests.cs(366,0): at BannerlordModEditor.Common.Tests.BannerIconsTypeConversionTests.ColorEntry_PlayerCanChooseForSigilBool_ValidString_ReturnsCorrectBool(String stringValue, Boolean expectedBool)
[xUnit.net 00:00:00.47]            at InvokeStub_BannerIconsTypeConversionTests.ColorEntry_PlayerCanChooseForSigilBool_ValidString_ReturnsCorrectBool(Object, Span`1)
[xUnit.net 00:00:00.47]            at System.Reflection.MethodBaseInvoker.InvokeWithFewArgs(Object obj, BindingFlags invokeAttr, Binder binder, Object[] parameters, CultureInfo culture)
  失败 BannerlordModEditor.Common.Tests.BannerIconsTypeConversionTests.ColorEntry_PlayerCanChooseForSigilBool_ValidString_ReturnsCorrectBool(stringValue: "0", expectedBool: False) [< 1 ms]
  错误消息:
   Assert.Equal() Failure: Values differ
Expected: False
Actual:   null
  堆栈跟踪:
     at BannerlordModEditor.Common.Tests.BannerIconsTypeConversionTests.ColorEntry_PlayerCanChooseForSigilBool_ValidString_ReturnsCorrectBool(String stringValue, Boolean expectedBool) in /root/WorkSpace/CSharp/BannerlordModEditor/BannerlordModEditor.Common.Tests/BannerIconsTypeConversionTests.cs:line 366
   at System.RuntimeMethodHandle.InvokeMethod(Object target, Void** arguments, Signature sig, Boolean isConstructor)
   at System.Reflection.MethodBaseInvoker.InvokeDirectByRefWithFewArgs(Object obj, Span`1 copyOfArgs, BindingFlags invokeAttr)
  失败 BannerlordModEditor.Common.Tests.BannerIconsTypeConversionTests.ColorEntry_PlayerCanChooseForSigilBool_ValidString_ReturnsCorrectBool(stringValue: "1", expectedBool: True) [< 1 ms]
  错误消息:
   Assert.Equal() Failure: Values differ
Expected: True
Actual:   null
  堆栈跟踪:
     at BannerlordModEditor.Common.Tests.BannerIconsTypeConversionTests.ColorEntry_PlayerCanChooseForSigilBool_ValidString_ReturnsCorrectBool(String stringValue, Boolean expectedBool) in /root/WorkSpace/CSharp/BannerlordModEditor/BannerlordModEditor.Common.Tests/BannerIconsTypeConversionTests.cs:line 366
   at InvokeStub_BannerIconsTypeConversionTests.ColorEntry_PlayerCanChooseForSigilBool_ValidString_ReturnsCorrectBool(Object, Span`1)
   at System.Reflection.MethodBaseInvoker.InvokeWithFewArgs(Object obj, BindingFlags invokeAttr, Binder binder, Object[] parameters, CultureInfo culture)
  已通过 BannerlordModEditor.Common.Tests.BannerIconsTypeConversionTests.ColorEntry_PlayerCanChooseForSigilBool_ValidString_ReturnsCorrectBool(stringValue: "false", expectedBool: False) [< 1 ms]
  已通过 BannerlordModEditor.Common.Tests.BannerIconsTypeConversionTests.ColorEntry_PlayerCanChooseForSigilBool_ValidString_ReturnsCorrectBool(stringValue: "False", expectedBool: False) [< 1 ms]
  已通过 BannerlordModEditor.Common.Tests.BannerIconsTypeConversionTests.ColorEntry_PlayerCanChooseForSigilBool_ValidString_ReturnsCorrectBool(stringValue: "true", expectedBool: True) [< 1 ms]
  已通过 BannerlordModEditor.Common.Tests.BannerIconsTypeConversionTests.ColorEntry_PlayerCanChooseForSigilBool_ValidString_ReturnsCorrectBool(stringValue: "True", expectedBool: True) [< 1 ms]
  已通过 BannerlordModEditor.Common.Tests.BannerIconsTypeConversionTests.BannerIconGroup_IdInt_ValidString_ReturnsCorrectInt(stringValue: "1", expectedInt: 1) [< 1 ms]
  已通过 BannerlordModEditor.Common.Tests.BannerIconsTypeConversionTests.BannerIconGroup_IdInt_ValidString_ReturnsCorrectInt(stringValue: "-1", expectedInt: -1) [< 1 ms]
  已通过 BannerlordModEditor.Common.Tests.BannerIconsTypeConversionTests.BannerIconGroup_IdInt_ValidString_ReturnsCorrectInt(stringValue: "0", expectedInt: 0) [< 1 ms]
  已通过 BannerlordModEditor.Common.Tests.BannerIconsTypeConversionTests.BannerIconGroup_IdInt_ValidString_ReturnsCorrectInt(stringValue: "999", expectedInt: 999) [< 1 ms]
  已通过 BannerlordModEditor.Common.Tests.BannerIconsTypeConversionTests.BannerIconGroup_IdInt_ValidString_ReturnsCorrectInt(stringValue: "42", expectedInt: 42) [< 1 ms]
  已通过 BannerlordModEditor.Common.Tests.BannerIconsTypeConversionTests.Icon_IsReservedBool_InvalidString_ReturnsNull(stringValue: "invalid") [< 1 ms]
  已通过 BannerlordModEditor.Common.Tests.BannerIconsTypeConversionTests.Icon_IsReservedBool_InvalidString_ReturnsNull(stringValue: "2") [< 1 ms]
  已通过 BannerlordModEditor.Common.Tests.BannerIconsTypeConversionTests.Icon_IsReservedBool_InvalidString_ReturnsNull(stringValue: "") [< 1 ms]
  已通过 BannerlordModEditor.Common.Tests.BannerIconsTypeConversionTests.Icon_IsReservedBool_InvalidString_ReturnsNull(stringValue: null) [< 1 ms]
  已通过 BannerlordModEditor.Common.Tests.BannerIconsTypeConversionTests.Background_AllTypeConversions_WorkTogether [< 1 ms]
  已通过 BannerlordModEditor.Common.Tests.BannerIconsTypeConversionTests.Icon_IdInt_ValidString_ReturnsCorrectInt(stringValue: "1000", expectedInt: 1000) [< 1 ms]
  已通过 BannerlordModEditor.Common.Tests.BannerIconsTypeConversionTests.Icon_IdInt_ValidString_ReturnsCorrectInt(stringValue: "0", expectedInt: 0) [< 1 ms]
  已通过 BannerlordModEditor.Common.Tests.BannerIconsTypeConversionTests.Icon_IdInt_ValidString_ReturnsCorrectInt(stringValue: "1", expectedInt: 1) [< 1 ms]
  已通过 BannerlordModEditor.Common.Tests.BannerIconsTypeConversionTests.Icon_IdInt_ValidString_ReturnsCorrectInt(stringValue: "255", expectedInt: 255) [< 1 ms]
  已通过 BannerlordModEditor.Common.Tests.BannerIconsTypeConversionTests.Background_IsBaseBackgroundBool_InvalidString_ReturnsNull(stringValue: "2") [< 1 ms]
  已通过 BannerlordModEditor.Common.Tests.BannerIconsTypeConversionTests.Background_IsBaseBackgroundBool_InvalidString_ReturnsNull(stringValue: "") [< 1 ms]
  已通过 BannerlordModEditor.Common.Tests.BannerIconsTypeConversionTests.Background_IsBaseBackgroundBool_InvalidString_ReturnsNull(stringValue: "invalid") [< 1 ms]
  已通过 BannerlordModEditor.Common.Tests.BannerIconsTypeConversionTests.Background_IsBaseBackgroundBool_InvalidString_ReturnsNull(stringValue: null) [< 1 ms]
  已通过 BannerlordModEditor.Common.Tests.BannerIconsTypeConversionTests.TypeConversion_MaxIntegerValues_HandledCorrectly [< 1 ms]
  已通过 BannerlordModEditor.Common.Tests.BannerIconsTypeConversionTests.Icon_AllTypeConversions_WorkTogether [< 1 ms]
  已通过 BannerlordModEditor.Common.Tests.BannerIconsTypeConversionTests.ColorEntry_AllTypeConversions_WorkTogether [< 1 ms]
[xUnit.net 00:00:00.48]       Assert.Equal() Failure: Values differ
[xUnit.net 00:00:00.48]       Expected: True
[xUnit.net 00:00:00.48]       Actual:   null
[xUnit.net 00:00:00.48]       Stack Trace:
[xUnit.net 00:00:00.48]         /root/WorkSpace/CSharp/BannerlordModEditor/BannerlordModEditor.Common.Tests/BannerIconsTypeConversionTests.cs(330,0): at BannerlordModEditor.Common.Tests.BannerIconsTypeConversionTests.ColorEntry_PlayerCanChooseForBackgroundBool_ValidString_ReturnsCorrectBool(String stringValue, Boolean expectedBool)
[xUnit.net 00:00:00.48]            at InvokeStub_BannerIconsTypeConversionTests.ColorEntry_PlayerCanChooseForBackgroundBool_ValidString_ReturnsCorrectBool(Object, Span`1)
[xUnit.net 00:00:00.48]            at System.Reflection.MethodBaseInvoker.InvokeWithFewArgs(Object obj, BindingFlags invokeAttr, Binder binder, Object[] parameters, CultureInfo culture)
[xUnit.net 00:00:00.48]       Assert.Equal() Failure: Values differ
[xUnit.net 00:00:00.48]       Expected: False
[xUnit.net 00:00:00.48]       Actual:   null
[xUnit.net 00:00:00.48]       Stack Trace:
[xUnit.net 00:00:00.48]         /root/WorkSpace/CSharp/BannerlordModEditor/BannerlordModEditor.Common.Tests/BannerIconsTypeConversionTests.cs(330,0): at BannerlordModEditor.Common.Tests.BannerIconsTypeConversionTests.ColorEntry_PlayerCanChooseForBackgroundBool_ValidString_ReturnsCorrectBool(String stringValue, Boolean expectedBool)
[xUnit.net 00:00:00.48]            at InvokeStub_BannerIconsTypeConversionTests.ColorEntry_PlayerCanChooseForBackgroundBool_ValidString_ReturnsCorrectBool(Object, Span`1)
[xUnit.net 00:00:00.48]            at System.Reflection.MethodBaseInvoker.InvokeWithFewArgs(Object obj, BindingFlags invokeAttr, Binder binder, Object[] parameters, CultureInfo culture)
  已通过 BannerlordModEditor.Common.Tests.BannerIconsTypeConversionTests.ColorEntry_PlayerCanChooseForBackgroundBool_ValidString_ReturnsCorrectBool(stringValue: "true", expectedBool: True) [< 1 ms]
  失败 BannerlordModEditor.Common.Tests.BannerIconsTypeConversionTests.ColorEntry_PlayerCanChooseForBackgroundBool_ValidString_ReturnsCorrectBool(stringValue: "1", expectedBool: True) [< 1 ms]
  错误消息:
   Assert.Equal() Failure: Values differ
Expected: True
Actual:   null
  堆栈跟踪:
     at BannerlordModEditor.Common.Tests.BannerIconsTypeConversionTests.ColorEntry_PlayerCanChooseForBackgroundBool_ValidString_ReturnsCorrectBool(String stringValue, Boolean expectedBool) in /root/WorkSpace/CSharp/BannerlordModEditor/BannerlordModEditor.Common.Tests/BannerIconsTypeConversionTests.cs:line 330
   at InvokeStub_BannerIconsTypeConversionTests.ColorEntry_PlayerCanChooseForBackgroundBool_ValidString_ReturnsCorrectBool(Object, Span`1)
   at System.Reflection.MethodBaseInvoker.InvokeWithFewArgs(Object obj, BindingFlags invokeAttr, Binder binder, Object[] parameters, CultureInfo culture)
  已通过 BannerlordModEditor.Common.Tests.BannerIconsTypeConversionTests.ColorEntry_PlayerCanChooseForBackgroundBool_ValidString_ReturnsCorrectBool(stringValue: "False", expectedBool: False) [< 1 ms]
  失败 BannerlordModEditor.Common.Tests.BannerIconsTypeConversionTests.ColorEntry_PlayerCanChooseForBackgroundBool_ValidString_ReturnsCorrectBool(stringValue: "0", expectedBool: False) [< 1 ms]
  错误消息:
   Assert.Equal() Failure: Values differ
Expected: False
Actual:   null
  堆栈跟踪:
     at BannerlordModEditor.Common.Tests.BannerIconsTypeConversionTests.ColorEntry_PlayerCanChooseForBackgroundBool_ValidString_ReturnsCorrectBool(String stringValue, Boolean expectedBool) in /root/WorkSpace/CSharp/BannerlordModEditor/BannerlordModEditor.Common.Tests/BannerIconsTypeConversionTests.cs:line 330
   at InvokeStub_BannerIconsTypeConversionTests.ColorEntry_PlayerCanChooseForBackgroundBool_ValidString_ReturnsCorrectBool(Object, Span`1)
   at System.Reflection.MethodBaseInvoker.InvokeWithFewArgs(Object obj, BindingFlags invokeAttr, Binder binder, Object[] parameters, CultureInfo culture)
  已通过 BannerlordModEditor.Common.Tests.BannerIconsTypeConversionTests.ColorEntry_PlayerCanChooseForBackgroundBool_ValidString_ReturnsCorrectBool(stringValue: "false", expectedBool: False) [< 1 ms]
  已通过 BannerlordModEditor.Common.Tests.BannerIconsTypeConversionTests.ColorEntry_PlayerCanChooseForBackgroundBool_ValidString_ReturnsCorrectBool(stringValue: "True", expectedBool: True) [< 1 ms]
  已通过 BannerlordModEditor.Common.Tests.BannerIconsTypeConversionTests.TypeConversion_LargeTextureIndex_HandledCorrectly [< 1 ms]
  已通过 BannerlordModEditor.Common.Tests.BannerIconsTypeConversionTests.Icon_TextureIndexInt_InvalidString_ReturnsNull(stringValue: "invalid") [< 1 ms]
  已通过 BannerlordModEditor.Common.Tests.BannerIconsTypeConversionTests.Icon_TextureIndexInt_InvalidString_ReturnsNull(stringValue: null) [< 1 ms]
[xUnit.net 00:00:00.48]       Assert.Null() Failure: Value of type 'Nullable<int>' has a value
[xUnit.net 00:00:00.48]       Expected: null
[xUnit.net 00:00:00.48]       Actual:   -1
[xUnit.net 00:00:00.48]       Stack Trace:
[xUnit.net 00:00:00.48]         /root/WorkSpace/CSharp/BannerlordModEditor/BannerlordModEditor.Common.Tests/BannerIconsTypeConversionTests.cs(237,0): at BannerlordModEditor.Common.Tests.BannerIconsTypeConversionTests.Icon_TextureIndexInt_InvalidString_ReturnsNull(String stringValue)
[xUnit.net 00:00:00.48]            at InvokeStub_BannerIconsTypeConversionTests.Icon_TextureIndexInt_InvalidString_ReturnsNull(Object, Span`1)
[xUnit.net 00:00:00.48]            at System.Reflection.MethodBaseInvoker.InvokeWithOneArg(Object obj, BindingFlags invokeAttr, Binder binder, Object[] parameters, CultureInfo culture)
原始XML:
<?xml version="1.0" encoding="utf-8"?>
<Cosmetics>
    <Cosmetic type="Clothing" id="mp_vlandia_chainmail" rarity="Rare" cost="500">
        <Replace>
            <Item id="mp_white_coat_over_mail" />
        </Replace>
    </Cosmetic>
</Cosmetics>
模型状态:
Cosmetics数量: 1
第一个Cosmetic的Replace: 存在
Replace.Items数量: 1
第一个Item Id: mp_white_coat_over_mail
序列化XML:
<?xml version="1.0" encoding="utf-8"?>
<Cosmetics>
  <Cosmetic cost="500" id="mp_vlandia_chainmail" rarity="Rare" type="Clothing">
    <Replace>
      <Item id="mp_white_coat_over_mail" />
    </Replace>
  </Cosmetic>
</Cosmetics>
结构相等: True
Original XML length: 6086
Original XML preview:
<?xml version="1.0" encoding="utf-8"?>
<base xmlns:xsi="http://www.w3.org/2001/XMLSchema-instance" xmlns:xsd="http://www.w3.org/2001/XMLSchema"
	type="combat_parameters">
	<definitions>
		<!--
			defi
Definitions: BannerlordModEditor.Common.Models.DO.DefinitionsDO
Definitions.Defs count: 95
CombatParametersList count: 0
HasDefinitions: True
Serialized XML length: 5828
Serialized XML preview:
<?xml version="1.0" encoding="utf-8"?>
<base type="combat_parameters">
  <definitions>
    <def name="narrow_vertical_rot_limit" val="0.4" />
    <def name="wide_vertical_rot_limit" val="0.7" />
    <
IsStructurallyEqual: True
NodeCountDifference: 
AttributeCountDifference: 
MissingNodes: 
ExtraNodes: 
Original - Nodes: 98, Attributes: 193
Serialized - Nodes: 98, Attributes: 191
Original XML length: 1692
Original XML preview:
<base type="combat_parameters">
<combat_parameters>
	<!--
		Default values of the parameters;
		float collision_check_starting_percent   = 1.0
		float collision_damage_starting_percent  = collision_ch
Definitions: BannerlordModEditor.Common.Models.DO.DefinitionsDO
Definitions.Defs count: 0
CombatParametersList count: 0
HasDefinitions: False
Serialized XML length: 102
Serialized XML preview:
<?xml version="1.0" encoding="utf-8"?>
<base type="combat_parameters">
  <combat_parameters />
</base>
IsStructurallyEqual: True
NodeCountDifference: 
AttributeCountDifference: 
MissingNodes: 
ExtraNodes: 
Original - Nodes: 2, Attributes: 1
Serialized - Nodes: 2, Attributes: 1
Original XML length: 19176
Original XML preview:
<base type="combat_parameters">
<combat_parameters>
	<!--
		Default values of the parameters;
		float collision_check_starting_percent   = 1.0
		float collision_damage_starting_percent  = collision_ch
Definitions: BannerlordModEditor.Common.Models.DO.DefinitionsDO
Definitions.Defs count: 0
CombatParametersList count: 53
HasDefinitions: False
Serialized XML length: 16837
Serialized XML preview:
<?xml version="1.0" encoding="utf-8"?>
<base type="combat_parameters">
  <combat_parameters>
    <combat_parameter id="guard_spear_offset" weapon_offset="0,0,-0.7" />
    <combat_parameter id="strike_
IsStructurallyEqual: True
NodeCountDifference: 
AttributeCountDifference: 
MissingNodes: 
ExtraNodes: 
Original - Nodes: 55, Attributes: 486
Serialized - Nodes: 55, Attributes: 486
IsStructurallyEqual: True
NodeCountDifference: 
AttributeCountDifference: 
  已通过 BannerlordModEditor.Common.Tests.BannerIconsTypeConversionTests.Icon_TextureIndexInt_InvalidString_ReturnsNull(stringValue: "1.5") [< 1 ms]
  失败 BannerlordModEditor.Common.Tests.BannerIconsTypeConversionTests.Icon_TextureIndexInt_InvalidString_ReturnsNull(stringValue: "-1") [< 1 ms]
  错误消息:
   Assert.Null() Failure: Value of type 'Nullable<int>' has a value
Expected: null
Actual:   -1
  堆栈跟踪:
     at BannerlordModEditor.Common.Tests.BannerIconsTypeConversionTests.Icon_TextureIndexInt_InvalidString_ReturnsNull(String stringValue) in /root/WorkSpace/CSharp/BannerlordModEditor/BannerlordModEditor.Common.Tests/BannerIconsTypeConversionTests.cs:line 237
   at InvokeStub_BannerIconsTypeConversionTests.Icon_TextureIndexInt_InvalidString_ReturnsNull(Object, Span`1)
   at System.Reflection.MethodBaseInvoker.InvokeWithOneArg(Object obj, BindingFlags invokeAttr, Binder binder, Object[] parameters, CultureInfo culture)
  已通过 BannerlordModEditor.Common.Tests.BannerIconsTypeConversionTests.Icon_TextureIndexInt_InvalidString_ReturnsNull(stringValue: "") [< 1 ms]
  已通过 BannerlordModEditor.Common.Tests.DebugBeforeTransparentsGraph.Debug_SerializeBeforeTransparentsGraph [16 ms]
  已通过 BannerlordModEditor.Common.Tests.MpcosmeticsQuickDebugTest.Debug_Replace_Serialization [9 ms]
  已通过 BannerlordModEditor.Common.Tests.CombatParametersDebugTest.CombatParameters_Full_Debug [16 ms]
  已通过 BannerlordModEditor.Common.Tests.CombatParametersDebugTest.CombatParameters_Part2_Debug [1 ms]
  已通过 BannerlordModEditor.Common.Tests.CombatParametersDebugTest.CombatParameters_Part1_Debug [8 ms]
  已通过 BannerlordModEditor.Common.Tests.Debug.DebugCollisionInfosFullTest.Debug_CollisionInfos_Full_Test [15 ms]
Category[1]: {=!}Lead Designers
  原始XML子元素数量: 4
  序列化XML子元素数量: 4
    [0]: 原始=Section, 序列化=Section
    [1]: 原始=EmptyLine, 序列化=EmptyLine
    [2]: 原始=Section, 序列化=Section
    [3]: 原始=EmptyLine, 序列化=EmptyLine
=== 对象结构分析 ===
Category[0]: {=!}Studio Heads
  Elements count: 1
    [0]: CreditsEntryDO
      Entry - Text: 'Armağan Yavuz & İpek Yavuz'
Category[1]: {=!}Lead Designers
  Elements count: 4
    [0]: CreditsSectionDO
      Section - Text: '{=!}Development Lead', Entries: 1, EmptyLines: 0
        Entry[0]: 'Armağan Yavuz'
    [1]: CreditsEmptyLineDO
      EmptyLine - 没有属性
    [2]: CreditsSectionDO
      Section - Text: '{=!}Writing', Entries: 1, EmptyLines: 0
        Entry[0]: 'Steve Negus'
    [3]: CreditsEmptyLineDO
      EmptyLine - 没有属性
Category[2]: {=!}Engineering
  Elements count: 22
    [0]: CreditsSectionDO
      Section - Text: '{=!}Game Systems Team Lead', Entries: 1, EmptyLines: 0
        Entry[0]: 'Cem Çimenbiçer'
    [1]: CreditsEmptyLineDO
      EmptyLine - 没有属性
    [2]: CreditsSectionDO
      Section - Text: '{=!}Game Systems Programmers', Entries: 9, EmptyLines: 0
        Entry[0]: 'Emircan Koç'
        Entry[1]: 'Oğuzhan Şirin'
        Entry[2]: 'Burak Uyan'
        Entry[3]: 'Mehmet Can Altıgül'
        Entry[4]: 'Erkam Dutoğlu'
        Entry[5]: 'Ateş Akaydın'
        Entry[6]: 'Furkan Mevlüt Küçükdemir'
        Entry[7]: 'Çağlar Alperen Tosun'
        Entry[8]: 'Ahmet Hamdi Gül'
    [3]: CreditsEmptyLineDO
      EmptyLine - 没有属性
    [4]: CreditsSectionDO
      Section - Text: '{=!}AI Programmers', Entries: 3, EmptyLines: 0
        Entry[0]: 'Burak Uyan'
        Entry[1]: 'Mehmet Can Altıgül'
        Entry[2]: 'Cem Çimenbiçer'
    [5]: CreditsEmptyLineDO
      EmptyLine - 没有属性
    [6]: CreditsSectionDO
      Section - Text: '{=!}Engine Team Lead', Entries: 1, EmptyLines: 0
        Entry[0]: 'Murat Türe'
    [7]: CreditsEmptyLineDO
      EmptyLine - 没有属性
    [8]: CreditsSectionDO
      Section - Text: '{=!}Engine Programmers', Entries: 14, EmptyLines: 0
        Entry[0]: 'Gökhan Uras'
        Entry[1]: 'Burak Dermanlı'
        Entry[2]: 'Gökay Özaktürk'
        Entry[3]: 'Mustafa Korkmaz'
        Entry[4]: 'Özgür Eraslan'
        Entry[5]: 'Abdüllatif Ağca'
        Entry[6]: 'Ahmet Alperen Akçay'
        Entry[7]: 'Cem Aslan'
        Entry[8]: 'Mustafa Rasimoğlu'
        Entry[9]: 'Ahmet Selim Çevik'
        Entry[10]: 'Sami Batuhan Basmaz Ölmez'
        Entry[11]: 'Zübeyir Bodur'
        Entry[12]: 'Mürsel Alper Gökcan'
        Entry[13]: 'Buğra Burak Altıntaş'
    [9]: CreditsEmptyLineDO
      EmptyLine - 没有属性
    [10]: CreditsSectionDO
      Section - Text: '{=!}Campaign Gameplay Team Lead', Entries: 1, EmptyLines: 0
        Entry[0]: 'Ömer Sarı'
    [11]: CreditsEmptyLineDO
      EmptyLine - 没有属性
    [12]: CreditsSectionDO
      Section - Text: '{=!}Campaign Gameplay Programmers', Entries: 12, EmptyLines: 0
        Entry[0]: 'Rabia Adıgüzel'
        Entry[1]: 'Abdullah Selim Çam'
        Entry[2]: 'Ertuğrul Akay'
        Entry[3]: 'Hakan Soyözen'
        Entry[4]: 'Oğuzhan Şirin'
        Entry[5]: 'Halil Şahiner'
        Entry[6]: 'Furkan Çağlayan'
        Entry[7]: 'Furkan Kılıçaslan'
        Entry[8]: 'Hanifi Tuğşad Kaya'
        Entry[9]: 'Yiğit Eren'
        Entry[10]: 'Başak Çontu'
        Entry[11]: 'Berkay Taşçi'
    [13]: CreditsEmptyLineDO
      EmptyLine - 没有属性
    [14]: CreditsSectionDO
      Section - Text: '{=!}UI Programmers', Entries: 8, EmptyLines: 0
        Entry[0]: 'Koray Kıyakoğlu'
        Entry[1]: 'Emre Özdemir'
        Entry[2]: 'Ahmet Alperen Akçay'
        Entry[3]: 'Ömer Sarı'
        Entry[4]: 'Yasir Nacak'
        Entry[5]: 'Bahadır Coşkun'
        Entry[6]: 'Kürşad Acar'
        Entry[7]: 'Onat Erdem'
    [15]: CreditsEmptyLineDO
      EmptyLine - 没有属性
    [16]: CreditsSectionDO
      Section - Text: '{=!}Backend Programmers', Entries: 7, EmptyLines: 0
        Entry[0]: 'Koray Kıyakoğlu'
        Entry[1]: 'Ahmet Dündar Ünsal'
        Entry[2]: 'Halil İbrahim Azak'
        Entry[3]: 'Cemre Doğa Uzunali'
        Entry[4]: 'Bilal Yaylak'
        Entry[5]: 'Yasir Nacak'
        Entry[6]: 'Arda Abdullah Yıldırım'
    [17]: CreditsEmptyLineDO
      EmptyLine - 没有属性
    [18]: CreditsSectionDO
      Section - Text: '{=!}DevOps Engineers', Entries: 3, EmptyLines: 0
        Entry[0]: 'Durmuş Mertcan Kökcür'
        Entry[1]: 'Mehmet Yaşar Altunsoy'
        Entry[2]: 'Mehmet Can Altıgül'
    [19]: CreditsEmptyLineDO
      EmptyLine - 没有属性
    [20]: CreditsSectionDO
      Section - Text: '{=!}Additional Programmers', Entries: 10, EmptyLines: 0
        Entry[0]: 'Alper Daş'
        Entry[1]: 'Başak Ece Can'
        Entry[2]: 'Yarkın Deniz Çetin'
        Entry[3]: 'Hakan Ahmet Tekin'
        Entry[4]: 'Talha Şen'
        Entry[5]: 'Enes Kaya Öcal'
        Entry[6]: 'Oğuz Zerman'
        Entry[7]: 'Safa Leventoğlu'
        Entry[8]: 'Berat Ceren Üstündağ'
        Entry[9]: 'Ozan Gümüş'
    [21]: CreditsEmptyLineDO
      EmptyLine - 没有属性
Category[3]: {=!}Art
  Elements count: 22
    [0]: CreditsSectionDO
      Section - Text: '{=!}Art Director', Entries: 1, EmptyLines: 0
        Entry[0]: 'Özgür Saral'
    [1]: CreditsEmptyLineDO
      EmptyLine - 没有属性
    [2]: CreditsSectionDO
      Section - Text: '{=!}Art Team Lead', Entries: 1, EmptyLines: 0
        Entry[0]: 'Tamer Karataş'
    [3]: CreditsEmptyLineDO
      EmptyLine - 没有属性
    [4]: CreditsSectionDO
      Section - Text: '{=!}3D Artists', Entries: 16, EmptyLines: 0
        Entry[0]: 'Ümit Singil'
        Entry[1]: 'Tuncay Horasan'
        Entry[2]: 'Mert Mimaroğlu'
        Entry[3]: 'Ülker Dikmen'
        Entry[4]: 'Fatma Nadide Öçba'
        Entry[5]: 'Andaç Bingöl'
        Entry[6]: 'Osman Kaan Özköktem'
        Entry[7]: 'Ömer Zeren'
        Entry[8]: 'Gündüzhan Gündüz'
        Entry[9]: 'Deniz Köklü'
        Entry[10]: 'Emrullah Topçu'
        Entry[11]: 'Gökhan Şahin'
        Entry[12]: 'Bora Altay'
        Entry[13]: 'Süleyman Umut Fındık'
        Entry[14]: 'Damla Ayyıldız'
        Entry[15]: 'Abdurrahman Durhat'
    [5]: CreditsEmptyLineDO
      EmptyLine - 没有属性
    [6]: CreditsSectionDO
      Section - Text: '{=!}2D Artists', Entries: 5, EmptyLines: 0
        Entry[0]: 'Fatma Nadide Öçba'
        Entry[1]: 'İlker Serdar Yıldız'
        Entry[2]: 'Emrullah Topçu'
        Entry[3]: 'Ali Eser'
        Entry[4]: 'Meva Eyüboğlu'
    [7]: CreditsEmptyLineDO
      EmptyLine - 没有属性
    [8]: CreditsSectionDO
      Section - Text: '{=!}Technical Artists', Entries: 7, EmptyLines: 0
        Entry[0]: 'Gökalp Doğan'
        Entry[1]: 'Erdem Yeni'
        Entry[2]: 'Fatih Başar Yüzer'
        Entry[3]: 'Erkan Güler'
        Entry[4]: 'Enes Bayraktar'
        Entry[5]: 'Mehmet Cem Baran'
        Entry[6]: 'Ufuk Kula'
    [9]: CreditsEmptyLineDO
      EmptyLine - 没有属性
    [10]: CreditsSectionDO
      Section - Text: '{=!}Lighting & Particles', Entries: 1, EmptyLines: 0
        Entry[0]: 'Gökalp Doğan'
    [11]: CreditsEmptyLineDO
      EmptyLine - 没有属性
    [12]: CreditsSectionDO
      Section - Text: '{=!}Character Artists', Entries: 5, EmptyLines: 0
        Entry[0]: 'Ülker Dikmen'
        Entry[1]: 'Andaç Bingöl'
        Entry[2]: 'Tuncay Horasan'
        Entry[3]: 'Ömer Zeren'
        Entry[4]: 'Emrullah Topçu'
    [13]: CreditsEmptyLineDO
      EmptyLine - 没有属性
    [14]: CreditsSectionDO
      Section - Text: '{=!}Concept Artists', Entries: 3, EmptyLines: 0
        Entry[0]: 'Ali Eser'
        Entry[1]: 'Fatma Nadide Öçba'
        Entry[2]: 'Tamer Karataş'
    [15]: CreditsEmptyLineDO
      EmptyLine - 没有属性
    [16]: CreditsSectionDO
      Section - Text: '{=!}Illustration', Entries: 3, EmptyLines: 0
        Entry[0]: 'İlker Serdar Yıldız'
        Entry[1]: 'Ali Eser'
        Entry[2]: 'Ganbat Badamkhand'
    [17]: CreditsEmptyLineDO
      EmptyLine - 没有属性
    [18]: CreditsSectionDO
      Section - Text: '{=!}UI Artists', Entries: 4, EmptyLines: 0
        Entry[0]: 'Osman Kaan Özköktem'
        Entry[1]: 'Ali Eser'
        Entry[2]: 'Hasan Karakoyak'
        Entry[3]: 'Merve Varışlı'
    [19]: CreditsEmptyLineDO
      EmptyLine - 没有属性
    [20]: CreditsSectionDO
      Section - Text: '{=!}Additional Art', Entries: 5, EmptyLines: 0
        Entry[0]: 'Mustafa Öztürk'
        Entry[1]: 'Mehmet Peyda Karabulut'
        Entry[2]: 'Tuna Tolga Gülşen'
        Entry[3]: 'Fırat Murat Çebi'
        Entry[4]: 'Begüm Mutluer'
    [21]: CreditsEmptyLineDO
      EmptyLine - 没有属性
Category[4]: {=!}Game Design
  Elements count: 12
    [0]: CreditsSectionDO
      Section - Text: '{=!}Game Designers', Entries: 2, EmptyLines: 0
        Entry[0]: 'Armağan Yavuz'
        Entry[1]: 'Steve Negus'
    [1]: CreditsEmptyLineDO
      EmptyLine - 没有属性
    [2]: CreditsSectionDO
      Section - Text: '{=!}Gameplay Design Team Lead', Entries: 1, EmptyLines: 0
        Entry[0]: 'Gökçen Karaağaç'
    [3]: CreditsEmptyLineDO
      EmptyLine - 没有属性
    [4]: CreditsSectionDO
      Section - Text: '{=!}Gameplay Designers', Entries: 9, EmptyLines: 0
        Entry[0]: 'Hikmet Cihan Şekercioğlu'
        Entry[1]: 'Casper Paul Boris Kaloff'
        Entry[2]: 'Alp Karaata'
        Entry[3]: 'Ali Sezgin'
        Entry[4]: 'Ahmet Terzioğlu'
        Entry[5]: 'Mert Can Doğan'
        Entry[6]: 'Yarkın Deniz Çetin'
        Entry[7]: 'Harun Nail Şimşek'
        Entry[8]: 'Cenk Açan'
    [5]: CreditsEmptyLineDO
      EmptyLine - 没有属性
    [6]: CreditsSectionDO
      Section - Text: '{=!}Additional Gameplay Designers', Entries: 2, EmptyLines: 0
        Entry[0]: 'Ozan Gümüş'
        Entry[1]: 'Meriç Neşeli'
    [7]: CreditsEmptyLineDO
      EmptyLine - 没有属性
    [8]: CreditsSectionDO
      Section - Text: '{=!}Producers', Entries: 5, EmptyLines: 0
        Entry[0]: 'Tamer Karataş'
        Entry[1]: 'Falk Otto Engel'
        Entry[2]: 'Kartal Seçkin Birdar'
        Entry[3]: 'Taygun Arda Öztürk'
        Entry[4]: 'Cevat Kağan Eskici'
    [9]: CreditsEmptyLineDO
      EmptyLine - 没有属性
    [10]: CreditsSectionDO
      Section - Text: '{=!}Level Designers', Entries: 9, EmptyLines: 0
        Entry[0]: 'Andaç Bingöl'
        Entry[1]: 'Gündüzhan Gündüz'
        Entry[2]: 'Deniz Köklü'
        Entry[3]: 'Emrullah Topçu'
        Entry[4]: 'Gökçen Karaağaç'
        Entry[5]: 'Bora Altay'
        Entry[6]: 'Casper Paul Boris Kaloff'
        Entry[7]: 'Güney İnal'
        Entry[8]: 'Harun Nail Şimşek'
    [11]: CreditsEmptyLineDO
      EmptyLine - 没有属性
Category[5]: {=!}Video
  Elements count: 8
    [0]: CreditsSectionDO
      Section - Text: '{=!}Cinematics', Entries: 3, EmptyLines: 0
        Entry[0]: 'Gündüzhan Gündüz'
        Entry[1]: 'Gökalp Doğan'
        Entry[2]: 'Abdullah Nakipoğlu'
    [1]: CreditsEmptyLineDO
      EmptyLine - 没有属性
    [2]: CreditsSectionDO
      Section - Text: '{=!}Motion Capture', Entries: 4, EmptyLines: 0
        Entry[0]: 'Gökalp Doğan'
        Entry[1]: 'Abdullah Nakipoğlu'
        Entry[2]: 'Olcay Mancılıkçılar'
        Entry[3]: 'Sten David Oom'
    [3]: CreditsEmptyLineDO
      EmptyLine - 没有属性
    [4]: CreditsSectionDO
      Section - Text: '{=!}Motion Capture Talents', Entries: 5, EmptyLines: 0
        Entry[0]: 'Durukan Ordu'
        Entry[1]: 'Duygu Aslan'
        Entry[2]: 'Abdullah Nakipoğlu'
        Entry[3]: 'Olcay Mancılıkçılar'
        Entry[4]: 'Sten Oom'
    [5]: CreditsEmptyLineDO
      EmptyLine - 没有属性
    [6]: CreditsSectionDO
      Section - Text: '{=!}Motion Capture Acting Consultant', Entries: 1, EmptyLines: 0
        Entry[0]: 'Gamze Özlem Tezbaşaran'
    [7]: CreditsEmptyLineDO
      EmptyLine - 没有属性
Category[6]: {=!}Quality Assurance
  Elements count: 4
    [0]: CreditsSectionDO
      Section - Text: '{=!}QA Lead', Entries: 1, EmptyLines: 0
        Entry[0]: 'Ahmet Babaoğlu'
    [1]: CreditsEmptyLineDO
      EmptyLine - 没有属性
    [2]: CreditsSectionDO
      Section - Text: '{=!}QA Team', Entries: 28, EmptyLines: 0
        Entry[0]: 'Onurcan Dönmez'
        Entry[1]: 'Melike Selcen Kovuk'
        Entry[2]: 'Ömer Ergem'
        Entry[3]: 'Deniz Erozan'
        Entry[4]: 'Meriç Neşeli'
        Entry[5]: 'Durmuş Mertcan Kökcür'
        Entry[6]: 'Furkan Akın'
        Entry[7]: 'Tarık Çağlayan'
        Entry[8]: 'Tolga Çelik'
        Entry[9]: 'Enes Kürşat Kaan Altay'
        Entry[10]: 'Mehmet Cem Baran'
        Entry[11]: 'Ufuk Kula'
        Entry[12]: 'Kubilay Çıtır'
        Entry[13]: 'Mehmet Yaşar Altunsoy'
        Entry[14]: 'Ali Can Eren Çelik'
        Entry[15]: 'İbrahim Yağız Bayazit'
        Entry[16]: 'Özgün Toprak'
        Entry[17]: 'Bilal Doğuş Tedikoğlu'
        Entry[18]: 'Teoman Cem Katoğlu'
        Entry[19]: 'Tamer Ergem'
        Entry[20]: 'Ayşenur Nida Elyas'
        Entry[21]: 'Anıl Harmancıoğlu'
        Entry[22]: 'Taner Pınarbaşı'
        Entry[23]: 'Enes Bayraktar'
        Entry[24]: 'Yiğitcan Gül'
        Entry[25]: 'Yusuf Şen'
        Entry[26]: 'Ali Gökkaya'
        Entry[27]: 'Sumayya Uygur'
    [3]: CreditsEmptyLineDO
      EmptyLine - 没有属性
Category[7]: {=!}Platforms
  Elements count: 4
    [0]: CreditsSectionDO
      Section - Text: '{=!}Platform Engineering Director', Entries: 1, EmptyLines: 0
        Entry[0]: 'Mustafa Korkmaz'
    [1]: CreditsEmptyLineDO
      EmptyLine - 没有属性
    [2]: CreditsSectionDO
      Section - Text: '{=!}Platform Coordinator', Entries: 1, EmptyLines: 0
        Entry[0]: 'Vishnu Vijayakumar'
    [3]: CreditsEmptyLineDO
      EmptyLine - 没有属性
Category[8]: {=!}Website
  Elements count: 4
    [0]: CreditsSectionDO
      Section - Text: '{=!}Website & Forum designers', Entries: 4, EmptyLines: 0
        Entry[0]: 'Mustafa Öztürk'
        Entry[1]: 'Hasan Karakoyak'
        Entry[2]: 'Merve Varışlı'
        Entry[3]: 'Callum Patrick George McGlinchey'
    [1]: CreditsEmptyLineDO
      EmptyLine - 没有属性
    [2]: CreditsSectionDO
      Section - Text: '{=!}Website backend', Entries: 3, EmptyLines: 0
        Entry[0]: 'Ahmet Dündar Ünsal'
        Entry[1]: 'Koray Kıyakoğlu'
        Entry[2]: 'Halil İbrahim Azak'
    [3]: CreditsEmptyLineDO
      EmptyLine - 没有属性
Category[9]: {=!}Marketing
  Elements count: 8
    [0]: CreditsSectionDO
      Section - Text: '{=!}Product Marketing', Entries: 2, EmptyLines: 0
        Entry[0]: 'Vishnu Vijayakumar'
        Entry[1]: 'Yelda Şekercioğlu'
    [1]: CreditsEmptyLineDO
      EmptyLine - 没有属性
    [2]: CreditsSectionDO
      Section - Text: '{=!}PR Specialist', Entries: 2, EmptyLines: 0
        Entry[0]: 'Callum Patrick George McGlinchey'
        Entry[1]: 'Antonio Santo Orcero'
    [3]: CreditsEmptyLineDO
      EmptyLine - 没有属性
    [4]: CreditsSectionDO
      Section - Text: '{=!}Brand Designs', Entries: 1, EmptyLines: 0
        Entry[0]: 'Merve Varışlı'
    [5]: CreditsEmptyLineDO
      EmptyLine - 没有属性
    [6]: CreditsSectionDO
      Section - Text: '{=!}2D - 3D artists', Entries: 5, EmptyLines: 0
        Entry[0]: 'Mustafa Öztürk'
        Entry[1]: 'İlker Serdar Yıldız'
        Entry[2]: 'Ali Eser'
        Entry[3]: 'Hasan Karakoyak'
        Entry[4]: 'Merve Varışlı'
    [7]: CreditsEmptyLineDO
      EmptyLine - 没有属性
Category[10]: {=!}Audio
  Elements count: 24
    [0]: CreditsSectionDO
      Section - Text: '{=!}Audio Director', Entries: 1, EmptyLines: 0
        Entry[0]: 'Uğurcan Orçun'
    [1]: CreditsEmptyLineDO
      EmptyLine - 没有属性
    [2]: CreditsSectionDO
      Section - Text: '{=!}Audio Engineer', Entries: 3, EmptyLines: 0
        Entry[0]: 'Oğuz Altundağ'
        Entry[1]: 'Aslı Karayel'
        Entry[2]: 'Yusuf Kömeçoğlu'
    [3]: CreditsEmptyLineDO
      EmptyLine - 没有属性
    [4]: CreditsSectionDO
      Section - Text: '{=!}Music Production', Entries: 12, EmptyLines: 2
        Entry[0]: 'Synthesis Deutschland GmbH'
        Entry[1]: '{=!}Finn Seliger (Composer)'
        Entry[2]: '{=!}Medieval Live Ensemble Recordings by'
        Entry[3]: 'Frölich Geschray'
        Entry[4]: '{=!}Additional Instrument Recordings'
        Entry[5]: '{=!}Thorsten Stoye (Nyckelharpa, Duduk, Flutes and Pipes)'
        Entry[6]: '{=!}Sulamith Bowinkelmann (Violin)'
        Entry[7]: '{=!}Marcus Weseloh (Drehleier)'
        Entry[8]: '{=!}Rodrigo Reichel (Violin, Viola)'
        Entry[9]: '{=!}Ali Shiby (Oud)'
        Entry[10]: '{=!}Malte Meibauer (Cello)'
        Entry[11]: '{=!}Ferren Freitas (Percussions)'
    [5]: CreditsEmptyLineDO
      EmptyLine - 没有属性
    [6]: CreditsSectionDO
      Section - Text: '{=!}Ensemble Galatia', Entries: 6, EmptyLines: 0
        Entry[0]: 'Kaan Bahadır'
        Entry[1]: 'Gökhan Bulut'
        Entry[2]: 'Selçuk Dalar'
        Entry[3]: 'Senem Gökçe Okullu'
        Entry[4]: 'Serkan Özçifci'
        Entry[5]: 'Nevin Şahin'
    [7]: CreditsEmptyLineDO
      EmptyLine - 没有属性
    [8]: CreditsSectionDO
      Section - Text: '{=!}Additional Exclusive and Non-exclusive Music', Entries: 9, EmptyLines: 3
        Entry[0]: 'Dynamedion GbR'
        Entry[1]: 'Uğurcan Orçun'
        Entry[2]: '{=!}“Tales by the Hearth” and “The Longest Road”'
        Entry[3]: '{=!}Composed and performed by Daniel Fredriksson'
        Entry[4]: '{=!}Music from Mount & Blade: Warband'
        Entry[5]: '{=!}Composed by Jesse Hopkins'
        Entry[6]: '{=!}“Outdoor Beautiful Land (Folk Version)” and “Travel Neutral (Folk Version)”'
        Entry[7]: '{=!}Composed By Jesse Hopkins'
        Entry[8]: '{=!}Arranged by Finn Seliger'
    [9]: CreditsEmptyLineDO
      EmptyLine - 没有属性
    [10]: CreditsSectionDO
      Section - Text: '{=!}PSAI music Authoring', Entries: 7, EmptyLines: 0
        Entry[0]: 'Hannes Böc'
        Entry[1]: 'Lukas Brandes'
        Entry[2]: 'Julian Fischer'
        Entry[3]: 'Martin Kruse'
        Entry[4]: 'Malte Meibauer'
        Entry[5]: 'Finn Seliger'
        Entry[6]: 'Jannik Werner'
    [11]: CreditsEmptyLineDO
      EmptyLine - 没有属性
    [12]: CreditsSectionDO
      Section - Text: '{=!}Voice Production Cast', Entries: 23, EmptyLines: 0
        Entry[0]: 'Charlie Albers'
        Entry[1]: 'Shiromi Arserio'
        Entry[2]: 'Bethan Dixon Bate'
        Entry[3]: 'Andaç Bingöl'
        Entry[4]: 'Connor Brannigan'
        Entry[5]: 'Paul Delaross'
        Entry[6]: 'Bethan Dixon'
        Entry[7]: 'Russell Edge'
        Entry[8]: 'Darren Hill'
        Entry[9]: 'Dave Jackson'
        Entry[10]: 'Hanna Kent'
        Entry[11]: 'Tamara Linke'
        Entry[12]: 'Miriam Millikin'
        Entry[13]: 'Austen Moret'
        Entry[14]: 'Timmy Morgan'
        Entry[15]: 'Rick Murphy'
        Entry[16]: 'Keith Leo O'Brien'
        Entry[17]: 'Andrea Owens'
        Entry[18]: 'Nadide Öçba'
        Entry[19]: 'Ryan Rhodes'
        Entry[20]: 'Ian Russell'
        Entry[21]: 'Lisa Sowden'
        Entry[22]: 'Melissa Sinden'
    [13]: CreditsEmptyLineDO
      EmptyLine - 没有属性
    [14]: CreditsSectionDO
      Section - Text: '{=!}Additional Voice Production', Entries: 4, EmptyLines: 0
        Entry[0]: '{=!}Bad Words Lab (Additional Voices)'
        Entry[1]: '{=!}Helene Rousse Total Casting (Additional Voices Casting)'
        Entry[2]: '{=!}Gregg Jonasson (Producer)'
        Entry[3]: '{=!}Jesse Connell (Director and Recording Engineer)'
    [15]: CreditsEmptyLineDO
      EmptyLine - 没有属性
    [16]: CreditsSectionDO
      Section - Text: '{=!}Bad Words Lab Cast', Entries: 6, EmptyLines: 0
        Entry[0]: 'Julie Norman'
        Entry[1]: 'Misty Rivers'
        Entry[2]: 'Ellis Redding'
        Entry[3]: 'Susan Tackenberg'
        Entry[4]: 'Michael Vickerage'
        Entry[5]: 'James Walker Reid'
    [17]: CreditsEmptyLineDO
      EmptyLine - 没有属性
    [18]: CreditsSectionDO
      Section - Text: '{=!}Additional Voice Support', Entries: 1, EmptyLines: 0
        Entry[0]: 'Power Up Audio'
    [19]: CreditsEmptyLineDO
      EmptyLine - 没有属性
    [20]: CreditsSectionDO
      Section - Text: '{=!}Special Thanks To', Entries: 5, EmptyLines: 0
        Entry[0]: 'Rick Murphy'
        Entry[1]: 'Timothy McHugh (Sonniss Ltd.)'
        Entry[2]: 'Giordano Ceccotti'
        Entry[3]: 'Güneş Uyanık'
        Entry[4]: 'Jan-Peter Pflug'
    [21]: CreditsEmptyLineDO
      EmptyLine - 没有属性
    [22]: CreditsSectionDO
      Section - Text: '{=!}Additional Writing', Entries: 1, EmptyLines: 0
        Entry[0]: 'David Evans'
    [23]: CreditsEmptyLineDO
      EmptyLine - 没有属性
Category[11]: {=!}Localization
  Elements count: 2
    [0]: CreditsSectionDO
      Section - Text: '{=!}Project Managers', Entries: 5, EmptyLines: 0
        Entry[0]: 'Yelda Şekercioğlu'
        Entry[1]: 'Ömer Sarı'
        Entry[2]: 'Onurcan Dönmez'
        Entry[3]: 'Melike Selcen Kovuk'
        Entry[4]: 'Mehmet Arda Gündüz'
    [1]: CreditsEmptyLineDO
      EmptyLine - 没有属性
Category[12]: {=!}IT
  Elements count: 5
    [0]: CreditsEntryDO
      Entry - Text: 'Fatih Mert Uyaner'
    [1]: CreditsEntryDO
      Entry - Text: 'Hikmet Güray'
    [2]: CreditsEntryDO
      Entry - Text: 'Mehmet Alp Akın'
    [3]: CreditsEntryDO
      Entry - Text: 'Emrah Çağlıyan'
    [4]: CreditsEmptyLineDO
      EmptyLine - 没有属性
Category[13]: {=!}Community
  Elements count: 10
    [0]: CreditsSectionDO
      Section - Text: '{=!}Community Management Team Lead', Entries: 1, EmptyLines: 0
        Entry[0]: 'Dejan Miladinović'
    [1]: CreditsEmptyLineDO
      EmptyLine - 没有属性
    [2]: CreditsSectionDO
      Section - Text: '{=!}Community Management', Entries: 4, EmptyLines: 0
        Entry[0]: 'Callum Patrick George McGlinchey'
        Entry[1]: 'Mehmet Arda Gündüz'
        Entry[2]: 'Nenad Jerinić'
        Entry[3]: 'Ecem Tasalı'
    [3]: CreditsEmptyLineDO
      EmptyLine - 没有属性
    [4]: CreditsSectionDO
      Section - Text: '{=!}Communications and Support Team Lead', Entries: 1, EmptyLines: 0
        Entry[0]: 'Mehmet Arda Gündüz'
    [5]: CreditsEmptyLineDO
      EmptyLine - 没有属性
    [6]: CreditsSectionDO
      Section - Text: '{=!}Support', Entries: 4, EmptyLines: 0
        Entry[0]: 'Bilgen Dilbaz Elpek'
        Entry[1]: 'Kadir Fatih Sözbir'
        Entry[2]: 'Neslişah Gökçe'
        Entry[3]: 'Şule Sayar'
    [7]: CreditsEmptyLineDO
      EmptyLine - 没有属性
    [8]: CreditsSectionDO
      Section - Text: '{=!}Forum Programming', Entries: 1, EmptyLines: 0
        Entry[0]: 'Brett "Janus" Flannigan'
    [9]: CreditsEmptyLineDO
      EmptyLine - 没有属性
Category[14]: {=!}Operations
  Elements count: 16
    [0]: CreditsSectionDO
      Section - Text: '{=!}Publishing & Director of Business Development', Entries: 1, EmptyLines: 0
        Entry[0]: 'Vishnu Vijayakumar'
    [1]: CreditsEmptyLineDO
      EmptyLine - 没有属性
    [2]: CreditsSectionDO
      Section - Text: '{=!}Finance', Entries: 2, EmptyLines: 0
        Entry[0]: 'Yelda Şekercioğlu'
        Entry[1]: 'Mine Ermantaş Eskici'
    [3]: CreditsEmptyLineDO
      EmptyLine - 没有属性
    [4]: CreditsSectionDO
      Section - Text: '{=!}Purchasing', Entries: 2, EmptyLines: 0
        Entry[0]: 'Mine Ermantaş Eskici'
        Entry[1]: 'Vishnu Vijayakumar'
    [5]: CreditsEmptyLineDO
      EmptyLine - 没有属性
    [6]: CreditsSectionDO
      Section - Text: '{=!}Human Resources', Entries: 2, EmptyLines: 0
        Entry[0]: 'Bilgen Dilbaz Elpek'
        Entry[1]: 'Mine Ermantaş Eskici'
    [7]: CreditsEmptyLineDO
      EmptyLine - 没有属性
    [8]: CreditsSectionDO
      Section - Text: '{=!}Human Resources Automation Engineer', Entries: 1, EmptyLines: 0
        Entry[0]: 'Koray Kıyakoğlu'
    [9]: CreditsEmptyLineDO
      EmptyLine - 没有属性
    [10]: CreditsSectionDO
      Section - Text: '{=!}Studio Administration & Operations', Entries: 3, EmptyLines: 0
        Entry[0]: 'Bilgen Dilbaz Elpek'
        Entry[1]: 'Mine Ermantaş Eskici'
        Entry[2]: 'Taygun Arda Öztürk'
    [11]: CreditsEmptyLineDO
      EmptyLine - 没有属性
    [12]: CreditsSectionDO
      Section - Text: '{=!}Reception', Entries: 1, EmptyLines: 0
        Entry[0]: 'Şule Sayar'
    [13]: CreditsEmptyLineDO
      EmptyLine - 没有属性
    [14]: CreditsSectionDO
      Section - Text: '{=!}Office Support', Entries: 3, EmptyLines: 0
        Entry[0]: 'Selda Değirmenci'
        Entry[1]: 'Çağatay Emrah Yayla'
        Entry[2]: 'Elife Güngör Şahin'
    [15]: CreditsEmptyLineDO
      EmptyLine - 没有属性
Category[15]: {=!}Additional Development
  Elements count: 8
    [0]: CreditsSectionDO
      Section - Text: '{=!}Additional Programming', Entries: 25, EmptyLines: 0
        Entry[0]: 'Serdar Şahin Koçdemir'
        Entry[1]: 'Bahar Şevket'
        Entry[2]: 'Sena Tabak'
        Entry[3]: 'Korneel Guns'
        Entry[4]: 'Yasir Yazıcı'
        Entry[5]: 'Abdullah Görkem Gençay'
        Entry[6]: 'Aykut Burak Şafak'
        Entry[7]: 'Berk Eserol'
        Entry[8]: 'Doğanalp Ergenç'
        Entry[9]: 'Emre Avcı'
        Entry[10]: 'Emre Çağlar'
        Entry[11]: 'Engin Mercan'
        Entry[12]: 'Erdinç Kaya'
        Entry[13]: 'Evren Ergen'
        Entry[14]: 'Gökalp Maviş'
        Entry[15]: 'Hüseyin Olgaç'
        Entry[16]: 'Mesut Kırcı'
        Entry[17]: 'Mustafa Mert Karaöz'
        Entry[18]: 'Mustafa Ozan Çelik'
        Entry[19]: 'Mustafa Önder'
        Entry[20]: 'Ozan Emirhan Bayyurt'
        Entry[21]: 'Oğuz Kaan Ağaç'
        Entry[22]: 'Sefa Başer'
        Entry[23]: 'Umut Ertürk'
        Entry[24]: 'Zafer Gençkaya'
    [1]: CreditsEmptyLineDO
      EmptyLine - 没有属性
    [2]: CreditsSectionDO
      Section - Text: '{=!}Additional Art', Entries: 9, EmptyLines: 0
        Entry[0]: 'Gökhan Karadayı'
        Entry[1]: 'Altan Sam'
        Entry[2]: 'Barış Ünsal'
        Entry[3]: 'Yiğit Savtur'
        Entry[4]: 'Ozan Ünlü'
        Entry[5]: 'Oğuz Tunceli'
        Entry[6]: 'Pınar Çekiç'
        Entry[7]: 'Sinan Ayyorgun'
        Entry[8]: 'Ufuk Can'
    [3]: CreditsEmptyLineDO
      EmptyLine - 没有属性
    [4]: CreditsSectionDO
      Section - Text: '{=!}Interns', Entries: 77, EmptyLines: 0
        Entry[0]: 'Aydın Akyol'
        Entry[1]: 'Barış Çelik'
        Entry[2]: 'Batuhan Yaman'
        Entry[3]: 'Can Avcı'
        Entry[4]: 'Doruk Hasdoğan'
        Entry[5]: 'Gökalp Maviş'
        Entry[6]: 'Gökçenur Yeşilyurt'
        Entry[7]: 'Göksu Güvendiren'
        Entry[8]: 'Kübra Sezer'
        Entry[9]: 'Merve Tuncel'
        Entry[10]: 'Oğuz Kaan Karahan'
        Entry[11]: 'Oğuzhan Issı'
        Entry[12]: 'Orçun Ağca'
        Entry[13]: 'Ozan Karaayak'
        Entry[14]: 'Süleyman Yasir Kula'
        Entry[15]: 'Alex Loughran'
        Entry[16]: 'Kemal Çağlar Güler'
        Entry[17]: 'Bahar Tural'
        Entry[18]: 'Anıl Dağdelen'
        Entry[19]: 'Ali Şevket'
        Entry[20]: 'Furkan Demirkan'
        Entry[21]: 'Sezai Artun Özyeğin'
        Entry[22]: 'Berkan Özkan'
        Entry[23]: 'Yadigar Pınar'
        Entry[24]: 'İbrahim Aysan'
        Entry[25]: 'Barış Doğa Yavaş'
        Entry[26]: 'Alp Güldür'
        Entry[27]: 'Alperen Erkek'
        Entry[28]: 'Irmak Türköz'
        Entry[29]: 'Berkay Dursun'
        Entry[30]: 'Hüseyin Çalışkan'
        Entry[31]: 'David Van Scheppingen'
        Entry[32]: 'Gülsüm Güdükbay'
        Entry[33]: 'Oğuzhan Uğur'
        Entry[34]: 'Anıl Sert'
        Entry[35]: 'Ali Onur Geven'
        Entry[36]: 'Yunus Kılıç'
        Entry[37]: 'Ferhat Abul'
        Entry[38]: 'Semih Şen'
        Entry[39]: 'Reyyan Balak'
        Entry[40]: 'Ali Altan'
        Entry[41]: 'Louis Gruniaux'
        Entry[42]: 'İrem Özkal'
        Entry[43]: 'Şekip Kaan Ekin'
        Entry[44]: 'Oğulhan Bozkır'
        Entry[45]: 'Anıl Yarış'
        Entry[46]: 'Gökay Atay'
        Entry[47]: 'Doğa Oruç'
        Entry[48]: 'Aybar Ural'
        Entry[49]: 'Mert Öztürk'
        Entry[50]: 'Joel Helin'
        Entry[51]: 'Begüm Mutluer'
        Entry[52]: 'Berke Kıran'
        Entry[53]: 'Alper Şahıstan'
        Entry[54]: 'Ekin Topanoğlu'
        Entry[55]: 'Deniz Dalkılıç'
        Entry[56]: 'Alperen Taha Koçak'
        Entry[57]: 'Yağmur Serra Turan'
        Entry[58]: 'Berkay Taşçı'
        Entry[59]: 'Ömer Faruk Şenel'
        Entry[60]: 'Mert Dönmezyürek'
        Entry[61]: 'Ahmet Dara Vefa'
        Entry[62]: 'Atakan Ateş'
        Entry[63]: 'İskender Akyüz'
        Entry[64]: 'Doruk Coşkun'
        Entry[65]: 'Erdem Ege Maraşlı'
        Entry[66]: 'Yeter Tuğba Çetin'
        Entry[67]: 'Kaan Ünlü'
        Entry[68]: 'Bartu Yurtseven'
        Entry[69]: 'Ünsal Öztürk'
        Entry[70]: 'Utku Kırnapçı'
        Entry[71]: 'Erdem Ulusoy'
        Entry[72]: 'Yiğit Kutay Gülben'
        Entry[73]: 'Oğuzhan Ballı'
        Entry[74]: 'Oğuzhan Baran'
        Entry[75]: 'Batuhan Balcı'
        Entry[76]: 'Özge Kocaoğlu'
    [5]: CreditsEmptyLineDO
      EmptyLine - 没有属性
    [6]: CreditsSectionDO
      Section - Text: '{=!}Additional Support and Administration', Entries: 18, EmptyLines: 0
        Entry[0]: 'Ali Erkin'
        Entry[1]: 'Frank Elliott'
        Entry[2]: 'Dirim Dikol'
        Entry[3]: 'Sultan Duraneli'
        Entry[4]: 'Mikail Yazbeck'
        Entry[5]: 'Ece Köksal'
        Entry[6]: 'Ferhat Püsküllü'
        Entry[7]: 'Özlem Başak Yenice'
        Entry[8]: 'Merve Güleroğlu'
        Entry[9]: 'Sevim Duygu Balamir'
        Entry[10]: 'Ayşegül Çimendağ'
        Entry[11]: 'Bora Erdoğan'
        Entry[12]: 'Hakan Yücel'
        Entry[13]: 'Sergenç Akbulut'
        Entry[14]: 'Hasan Tümay Güllüoğlu'
        Entry[15]: 'Ayşegül Sürücü'
        Entry[16]: 'Mustafa Orkun Çoban'
        Entry[17]: 'Emre Şişman'
    [7]: CreditsEmptyLineDO
      EmptyLine - 没有属性
Category[16]: {=!}Volunteers
  Elements count: 10
    [0]: CreditsSectionDO
      Section - Text: '{=!}Forum Administration', Entries: 1, EmptyLines: 0
        Entry[0]: 'Brett "Janus" Flannigan'
    [1]: CreditsEmptyLineDO
      EmptyLine - 没有属性
    [2]: CreditsSectionDO
      Section - Text: '{=!}Forum Moderation Team', Entries: 22, EmptyLines: 0
        Entry[0]: 'Alex "Shiroin" G.'
        Entry[1]: 'Alexander "Reus" H.'
        Entry[2]: 'Andrea "Jab di Melborn" Biagiotti'
        Entry[3]: 'Cpt. Nemo'
        Entry[4]: 'Doriann "Ra'Jiska" Corlouër'
        Entry[5]: 'Elias "monty" G.'
        Entry[6]: 'Jesper "MaHuD" Boudesteijn'
        Entry[7]: 'Joaquin "Count Delinard" M.'
        Entry[8]: 'Louis "Orion" M.'
        Entry[9]: 'Marko G.'
        Entry[10]: 'Max "NoVa" K.'
        Entry[11]: 'Moritz "Darwin" B.'
        Entry[12]: 'Muhammed "Kiron" Behram'
        Entry[13]: 'Murat "Courage" Bilgin'
        Entry[14]: 'Nathan "Fietta" P.'
        Entry[15]: 'Niccolò "Nikephoros" Fattori'
        Entry[16]: 'Nicola "Jostino" Corradin'
        Entry[17]: 'Onur "Hobeto13" Mermer'
        Entry[18]: 'Stefan "DoF_Erminas" J.'
        Entry[19]: 'Sven "SvÄn" A.'
        Entry[20]: 'Thomas "Brandis" D.'
        Entry[21]: 'WilliamTheBear'
    [3]: CreditsEmptyLineDO
      EmptyLine - 没有属性
    [4]: CreditsSectionDO
      Section - Text: '{=!}Steam Community Moderation Team', Entries: 1, EmptyLines: 0
        Entry[0]: 'Aeronwen Trewent'
    [5]: CreditsEmptyLineDO
      EmptyLine - 没有属性
    [6]: CreditsSectionDO
      Section - Text: '{=!}Subreddit Moderation Team', Entries: 8, EmptyLines: 0
        Entry[0]: 'Addison "Herp" G.'
        Entry[1]: 'Alex "Avagantamos" G.'
        Entry[2]: 'Anthony "RookishKnight" D.'
        Entry[3]: 'Birgitte G.'
        Entry[4]: 'Meph'
        Entry[5]: 'SuicidalCake'
        Entry[6]: 'Turnaround/Wandering__Bard'
        Entry[7]: 'William "Saultnami" D.'
    [7]: CreditsEmptyLineDO
      EmptyLine - 没有属性
    [8]: CreditsSectionDO
      Section - Text: '{=!}Community Notables', Entries: 7, EmptyLines: 0
        Entry[0]: 'Alene'
        Entry[1]: 'Jace Greywool'
        Entry[2]: 'Jaime "Terco_Viejo" Muntaner Sanchez'
        Entry[3]: 'Kadir Göker Yıldırım'
        Entry[4]: 'Mad Dawg'
        Entry[5]: 'Nenad "Piconi" Jerinić'
        Entry[6]: 'Pharaoh Llandy'
    [9]: CreditsEmptyLineDO
      EmptyLine - 没有属性
Category[17]: {=!}External Partners
  Elements count: 263
    [0]: CreditsLoadFromFileDO
    [1]: CreditsSectionDO
      Section - Text: '{=!}Global Retail Publishing Partner', Entries: 1, EmptyLines: 0
        Entry[0]: 'Koch Media GmbH'
    [2]: CreditsEmptyLineDO
      EmptyLine - 没有属性
    [3]: CreditsSectionDO
      Section - Text: '{=!}Production', Entries: 4, EmptyLines: 2
        Entry[0]: '{=!}International Director Production'
        Entry[1]: 'Christian Moriz'
        Entry[2]: '{=!}Head of Product Management'
        Entry[3]: 'Mathias Boxleitner'
    [4]: CreditsEmptyLineDO
      EmptyLine - 没有属性
    [5]: CreditsSectionDO
      Section - Text: '{=!}Lead Product Manager', Entries: 1, EmptyLines: 0
        Entry[0]: 'Ronald Raffel'
    [6]: CreditsEmptyLineDO
      EmptyLine - 没有属性
    [7]: CreditsSectionDO
      Section - Text: '{=!}Product Manager', Entries: 1, EmptyLines: 0
        Entry[0]: 'Tanja Neumayer'
    [8]: CreditsEmptyLineDO
      EmptyLine - 没有属性
    [9]: CreditsSectionDO
      Section - Text: '{=!}Junior Product Manager', Entries: 1, EmptyLines: 0
        Entry[0]: 'Christin Schwarzer'
    [10]: CreditsEmptyLineDO
      EmptyLine - 没有属性
    [11]: CreditsSectionDO
      Section - Text: '{=!}Project Coordinator', Entries: 1, EmptyLines: 0
        Entry[0]: 'Mareike Andresen'
    [12]: CreditsEmptyLineDO
      EmptyLine - 没有属性
    [13]: CreditsSectionDO
      Section - Text: '{=!}Junior Project Coordinator', Entries: 1, EmptyLines: 0
        Entry[0]: 'Beatrice Hartmann'
    [14]: CreditsEmptyLineDO
      EmptyLine - 没有属性
    [15]: CreditsSectionDO
      Section - Text: '{=!}Junior Project Coordinator', Entries: 1, EmptyLines: 0
        Entry[0]: 'Jana Glöckler'
    [16]: CreditsEmptyLineDO
      EmptyLine - 没有属性
    [17]: CreditsSectionDO
      Section - Text: '{=!}Senior Product Release Manager', Entries: 1, EmptyLines: 0
        Entry[0]: 'Daniel Gaitzsch'
    [18]: CreditsEmptyLineDO
      EmptyLine - 没有属性
    [19]: CreditsSectionDO
      Section - Text: '{=!}Global Brand and Marketing', Entries: 0, EmptyLines: 0
    [20]: CreditsEmptyLineDO
      EmptyLine - 没有属性
    [21]: CreditsSectionDO
      Section - Text: '{=!}Director Global Brand and Marketing Koch Media', Entries: 1, EmptyLines: 0
        Entry[0]: '“King Mario Gerhold, ruler of Castle Fleckenstein”'
    [22]: CreditsEmptyLineDO
      EmptyLine - 没有属性
    [23]: CreditsSectionDO
      Section - Text: '{=!}Brand Knight', Entries: 1, EmptyLines: 0
        Entry[0]: 'Robert Wozinski'
    [24]: CreditsEmptyLineDO
      EmptyLine - 没有属性
    [25]: CreditsSectionDO
      Section - Text: '{=!}Brand Knight', Entries: 1, EmptyLines: 0
        Entry[0]: 'Louis ”Less talking, more raiding” Gruniaux'
    [26]: CreditsEmptyLineDO
      EmptyLine - 没有属性
    [27]: CreditsSectionDO
      Section - Text: '{=!}Senior Global Communications Manager', Entries: 1, EmptyLines: 0
        Entry[0]: 'Niklas Kaeding'
    [28]: CreditsEmptyLineDO
      EmptyLine - 没有属性
    [29]: CreditsSectionDO
      Section - Text: '{=!}Global Media & Online Services', Entries: 0, EmptyLines: 0
    [30]: CreditsEmptyLineDO
      EmptyLine - 没有属性
    [31]: CreditsSectionDO
      Section - Text: '{=!}Director Global Partner Publishing', Entries: 1, EmptyLines: 0
        Entry[0]: 'Stephan Schmidt'
    [32]: CreditsEmptyLineDO
      EmptyLine - 没有属性
    [33]: CreditsSectionDO
      Section - Text: '{=!}Global Media & Online Services', Entries: 7, EmptyLines: 0
        Entry[0]: 'Marco Liebich'
        Entry[1]: 'Melanie Schüller'
        Entry[2]: 'Proceso Bagay'
        Entry[3]: 'Riley Hsieh'
        Entry[4]: 'Franco Reyes'
        Entry[5]: 'Nico De Oliveira Carvalho'
        Entry[6]: 'Martin 'Dean' Kiesow'
    [34]: CreditsEmptyLineDO
      EmptyLine - 没有属性
    [35]: CreditsSectionDO
      Section - Text: '{=!}Digital Commerce', Entries: 0, EmptyLines: 0
    [36]: CreditsEmptyLineDO
      EmptyLine - 没有属性
    [37]: CreditsSectionDO
      Section - Text: '{=!}Director of Digital Commerce', Entries: 1, EmptyLines: 0
        Entry[0]: 'Pierre Vinson'
    [38]: CreditsEmptyLineDO
      EmptyLine - 没有属性
    [39]: CreditsSectionDO
      Section - Text: '{=!}Partner Account Manager', Entries: 1, EmptyLines: 0
        Entry[0]: 'Kenji Hirata'
    [40]: CreditsEmptyLineDO
      EmptyLine - 没有属性
    [41]: CreditsSectionDO
      Section - Text: '{=!}Partner Account Manager', Entries: 1, EmptyLines: 0
        Entry[0]: 'Shuk Yee Lau'
    [42]: CreditsEmptyLineDO
      EmptyLine - 没有属性
    [43]: CreditsSectionDO
      Section - Text: '{=!}Digital Business Analyst', Entries: 1, EmptyLines: 0
        Entry[0]: 'Carles Samper Sero'
    [44]: CreditsEmptyLineDO
      EmptyLine - 没有属性
    [45]: CreditsSectionDO
      Section - Text: '{=!}Digital Business Analyst', Entries: 1, EmptyLines: 0
        Entry[0]: 'Anas Rahhal'
    [46]: CreditsEmptyLineDO
      EmptyLine - 没有属性
    [47]: CreditsSectionDO
      Section - Text: '{=!}Commercial Manager', Entries: 1, EmptyLines: 0
        Entry[0]: 'Thomas Glenn'
    [48]: CreditsEmptyLineDO
      EmptyLine - 没有属性
    [49]: CreditsSectionDO
      Section - Text: '{=!}Business Development', Entries: 0, EmptyLines: 0
    [50]: CreditsEmptyLineDO
      EmptyLine - 没有属性
    [51]: CreditsSectionDO
      Section - Text: '{=!}Business Development Director', Entries: 1, EmptyLines: 0
        Entry[0]: 'Andreas Tobler'
    [52]: CreditsEmptyLineDO
      EmptyLine - 没有属性
    [53]: CreditsSectionDO
      Section - Text: '{=!}Senior Business Development Manager', Entries: 3, EmptyLines: 0
        Entry[0]: 'Markus Ziegler'
        Entry[1]: 'Sebastian Weber'
        Entry[2]: 'Peter Wutzl'
    [54]: CreditsEmptyLineDO
      EmptyLine - 没有属性
    [55]: CreditsSectionDO
      Section - Text: '{=!}Business Development Manager', Entries: 1, EmptyLines: 0
        Entry[0]: 'Richard Löwenstein'
    [56]: CreditsEmptyLineDO
      EmptyLine - 没有属性
    [57]: CreditsSectionDO
      Section - Text: '{=!}Business Development Manager', Entries: 1, EmptyLines: 0
        Entry[0]: 'Tanja Neumayer'
    [58]: CreditsEmptyLineDO
      EmptyLine - 没有属性
    [59]: CreditsSectionDO
      Section - Text: '{=!}Junior Business Development Manager / Evaluator', Entries: 1, EmptyLines: 0
        Entry[0]: 'Oliver Güttler'
    [60]: CreditsEmptyLineDO
      EmptyLine - 没有属性
    [61]: CreditsSectionDO
      Section - Text: '{=!}Junior Business Development Manager', Entries: 1, EmptyLines: 0
        Entry[0]: 'Lisa Zumblick'
    [62]: CreditsEmptyLineDO
      EmptyLine - 没有属性
    [63]: CreditsSectionDO
      Section - Text: '{=!}Junior Business Development Manager', Entries: 1, EmptyLines: 0
        Entry[0]: 'Jonas Haupt'
    [64]: CreditsEmptyLineDO
      EmptyLine - 没有属性
    [65]: CreditsSectionDO
      Section - Text: '{=!}Senior Business Development Coordinator', Entries: 1, EmptyLines: 0
        Entry[0]: 'Susanne Seeholzer'
    [66]: CreditsEmptyLineDO
      EmptyLine - 没有属性
    [67]: CreditsSectionDO
      Section - Text: '{=!}Business Development Coordinator', Entries: 1, EmptyLines: 0
        Entry[0]: 'Sebastian Thede'
    [68]: CreditsEmptyLineDO
      EmptyLine - 没有属性
    [69]: CreditsSectionDO
      Section - Text: '{=!}Procurement & Operations', Entries: 0, EmptyLines: 0
    [70]: CreditsEmptyLineDO
      EmptyLine - 没有属性
    [71]: CreditsSectionDO
      Section - Text: '{=!}Director International Commercial Operations', Entries: 1, EmptyLines: 0
        Entry[0]: 'Simon Banzhaf'
    [72]: CreditsEmptyLineDO
      EmptyLine - 没有属性
    [73]: CreditsSectionDO
      Section - Text: '{=!}Head of Commercial Planning and Strategy', Entries: 1, EmptyLines: 0
        Entry[0]: 'Samuel Brown'
    [74]: CreditsEmptyLineDO
      EmptyLine - 没有属性
    [75]: CreditsSectionDO
      Section - Text: '{=!}International Sales Analyst', Entries: 1, EmptyLines: 0
        Entry[0]: 'Eduardo Zegarra Kawahara'
    [76]: CreditsEmptyLineDO
      EmptyLine - 没有属性
    [77]: CreditsSectionDO
      Section - Text: '{=!}Senior Operations Manager (Commercial Planning & Budgeting)', Entries: 1, EmptyLines: 0
        Entry[0]: 'Lenka Stramova'
    [78]: CreditsEmptyLineDO
      EmptyLine - 没有属性
    [79]: CreditsSectionDO
      Section - Text: '{=!}Procurement Manager', Entries: 1, EmptyLines: 0
        Entry[0]: 'Houssam Samad'
    [80]: CreditsEmptyLineDO
      EmptyLine - 没有属性
    [81]: CreditsSectionDO
      Section - Text: '{=!}Operations Manager (Sales & Trade)', Entries: 1, EmptyLines: 0
        Entry[0]: 'Sophie Sorin'
    [82]: CreditsEmptyLineDO
      EmptyLine - 没有属性
    [83]: CreditsSectionDO
      Section - Text: '{=!}Sales& Business Development Manager', Entries: 1, EmptyLines: 0
        Entry[0]: 'Jean Witt'
    [84]: CreditsEmptyLineDO
      EmptyLine - 没有属性
    [85]: CreditsSectionDO
      Section - Text: '{=!}Junior Operations Manager', Entries: 1, EmptyLines: 0
        Entry[0]: 'Togoldor Dashtseren'
    [86]: CreditsEmptyLineDO
      EmptyLine - 没有属性
    [87]: CreditsSectionDO
      Section - Text: '{=!}Commercial Manager', Entries: 1, EmptyLines: 0
        Entry[0]: 'Veronika Heinrich'
    [88]: CreditsEmptyLineDO
      EmptyLine - 没有属性
    [89]: CreditsSectionDO
      Section - Text: '{=!}Head of ERP Data Management', Entries: 1, EmptyLines: 0
        Entry[0]: 'Martin Malzahn'
    [90]: CreditsEmptyLineDO
      EmptyLine - 没有属性
    [91]: CreditsSectionDO
      Section - Text: '{=!}Operations Manager (Data Management)', Entries: 1, EmptyLines: 0
        Entry[0]: 'Helmut Rentsch'
    [92]: CreditsEmptyLineDO
      EmptyLine - 没有属性
    [93]: CreditsSectionDO
      Section - Text: '{=!}Operations Manager (Admin & Travel)', Entries: 1, EmptyLines: 0
        Entry[0]: 'Mira Krajina'
    [94]: CreditsEmptyLineDO
      EmptyLine - 没有属性
    [95]: CreditsSectionDO
      Section - Text: '{=!}Project Manager Business Intelligence & Analytics', Entries: 1, EmptyLines: 0
        Entry[0]: 'Ivan Hrskanovic'
    [96]: CreditsEmptyLineDO
      EmptyLine - 没有属性
    [97]: CreditsSectionDO
      Section - Text: '{=!}Senior E-Commerce Manager', Entries: 1, EmptyLines: 0
        Entry[0]: 'Stefanos Gounakis'
    [98]: CreditsEmptyLineDO
      EmptyLine - 没有属性
    [99]: CreditsSectionDO
      Section - Text: '{=!}Procurement Manager', Entries: 1, EmptyLines: 0
        Entry[0]: 'Xiaofan Zhang'
    [100]: CreditsEmptyLineDO
      EmptyLine - 没有属性
    [101]: CreditsSectionDO
      Section - Text: '{=!}Germany, Switzerland& Austria', Entries: 0, EmptyLines: 0
    [102]: CreditsEmptyLineDO
      EmptyLine - 没有属性
    [103]: CreditsSectionDO
      Section - Text: '{=!}Director Marketing & Communications GSA', Entries: 1, EmptyLines: 0
        Entry[0]: 'Stephan Schmidt'
    [104]: CreditsEmptyLineDO
      EmptyLine - 没有属性
    [105]: CreditsSectionDO
      Section - Text: '{=!}GSA Marketing & Communications', Entries: 6, EmptyLines: 0
        Entry[0]: 'Markus Neumann'
        Entry[1]: 'Veronika Biederer'
        Entry[2]: 'Tim Westphal'
        Entry[3]: 'Oliver Nickel'
        Entry[4]: 'Kerstin Seitz'
        Entry[5]: 'Mark Euler'
    [106]: CreditsEmptyLineDO
      EmptyLine - 没有属性
    [107]: CreditsSectionDO
      Section - Text: '{=!}North America', Entries: 0, EmptyLines: 0
    [108]: CreditsEmptyLineDO
      EmptyLine - 没有属性
    [109]: CreditsSectionDO
      Section - Text: '{=!}Chief Executive Officer', Entries: 1, EmptyLines: 0
        Entry[0]: 'Geoff Mulligan'
    [110]: CreditsEmptyLineDO
      EmptyLine - 没有属性
    [111]: CreditsSectionDO
      Section - Text: '{=!}Vice President of Marketing & Communications', Entries: 1, EmptyLines: 0
        Entry[0]: 'Mark Goodrich'
    [112]: CreditsEmptyLineDO
      EmptyLine - 没有属性
    [113]: CreditsSectionDO
      Section - Text: '{=!}Vice President of Sales', Entries: 1, EmptyLines: 0
        Entry[0]: 'Brett Robinson'
    [114]: CreditsEmptyLineDO
      EmptyLine - 没有属性
    [115]: CreditsSectionDO
      Section - Text: '{=!}Director of Marketing', Entries: 1, EmptyLines: 0
        Entry[0]: 'Andrew Blumberg'
    [116]: CreditsEmptyLineDO
      EmptyLine - 没有属性
    [117]: CreditsSectionDO
      Section - Text: '{=!}Head of PR and Communications', Entries: 1, EmptyLines: 0
        Entry[0]: 'Alex Q. Ryan'
    [118]: CreditsEmptyLineDO
      EmptyLine - 没有属性
    [119]: CreditsSectionDO
      Section - Text: '{=!}Head of Sales and Analytics', Entries: 1, EmptyLines: 0
        Entry[0]: 'Diana Bredenberg'
    [120]: CreditsEmptyLineDO
      EmptyLine - 没有属性
    [121]: CreditsSectionDO
      Section - Text: '{=!}Head of Channel Marketing & Sales Manager, North America', Entries: 1, EmptyLines: 0
        Entry[0]: 'Echo Green'
    [122]: CreditsEmptyLineDO
      EmptyLine - 没有属性
    [123]: CreditsSectionDO
      Section - Text: '{=!}Senior Sales Coordinator', Entries: 1, EmptyLines: 0
        Entry[0]: 'Sabrina Gordon'
    [124]: CreditsEmptyLineDO
      EmptyLine - 没有属性
    [125]: CreditsSectionDO
      Section - Text: '{=!}Head of Compliance', Entries: 1, EmptyLines: 0
        Entry[0]: 'Kerin Theurer'
    [126]: CreditsEmptyLineDO
      EmptyLine - 没有属性
    [127]: CreditsSectionDO
      Section - Text: '{=!}Director of Operations', Entries: 1, EmptyLines: 0
        Entry[0]: 'Rafal Boguszewski'
    [128]: CreditsEmptyLineDO
      EmptyLine - 没有属性
    [129]: CreditsSectionDO
      Section - Text: '{=!}United Kingdom', Entries: 0, EmptyLines: 0
    [130]: CreditsEmptyLineDO
      EmptyLine - 没有属性
    [131]: CreditsSectionDO
      Section - Text: '{=!}UK Marketing Director', Entries: 1, EmptyLines: 0
        Entry[0]: 'Simon Turner'
    [132]: CreditsEmptyLineDO
      EmptyLine - 没有属性
    [133]: CreditsSectionDO
      Section - Text: '{=!}UK Senior PR Manager', Entries: 1, EmptyLines: 0
        Entry[0]: 'Amy Ellison'
    [134]: CreditsEmptyLineDO
      EmptyLine - 没有属性
    [135]: CreditsSectionDO
      Section - Text: '{=!}UK Community and Influencer Strategist', Entries: 1, EmptyLines: 0
        Entry[0]: 'Matt Gardner'
    [136]: CreditsEmptyLineDO
      EmptyLine - 没有属性
    [137]: CreditsSectionDO
      Section - Text: '{=!}UK Product Manager', Entries: 1, EmptyLines: 0
        Entry[0]: 'Lucy Ripper'
    [138]: CreditsEmptyLineDO
      EmptyLine - 没有属性
    [139]: CreditsSectionDO
      Section - Text: '{=!}UK Product Manager', Entries: 1, EmptyLines: 0
        Entry[0]: 'Namer Merli'
    [140]: CreditsEmptyLineDO
      EmptyLine - 没有属性
    [141]: CreditsSectionDO
      Section - Text: '{=!}UK PR Executive', Entries: 1, EmptyLines: 0
        Entry[0]: 'Zaid Al-Jubory'
    [142]: CreditsEmptyLineDO
      EmptyLine - 没有属性
    [143]: CreditsSectionDO
      Section - Text: '{=!}UK Community and Influencer Executive', Entries: 1, EmptyLines: 0
        Entry[0]: 'Luisa Lusuardi'
    [144]: CreditsEmptyLineDO
      EmptyLine - 没有属性
    [145]: CreditsSectionDO
      Section - Text: '{=!}Nordic', Entries: 0, EmptyLines: 0
    [146]: CreditsEmptyLineDO
      EmptyLine - 没有属性
    [147]: CreditsSectionDO
      Section - Text: '{=!}Managing Director', Entries: 1, EmptyLines: 0
        Entry[0]: 'John Eidelmann'
    [148]: CreditsEmptyLineDO
      EmptyLine - 没有属性
    [149]: CreditsSectionDO
      Section - Text: '{=!}Nordic Marketing and Sales', Entries: 2, EmptyLines: 0
        Entry[0]: 'Nikke Lindner'
        Entry[1]: 'Niklas Alicki'
    [150]: CreditsEmptyLineDO
      EmptyLine - 没有属性
    [151]: CreditsSectionDO
      Section - Text: '{=!}Italy', Entries: 0, EmptyLines: 0
    [152]: CreditsEmptyLineDO
      EmptyLine - 没有属性
    [153]: CreditsSectionDO
      Section - Text: '{=!}General Manager', Entries: 1, EmptyLines: 0
        Entry[0]: 'Umberto Bettini'
    [154]: CreditsEmptyLineDO
      EmptyLine - 没有属性
    [155]: CreditsSectionDO
      Section - Text: '{=!}Italian Marketing', Entries: 2, EmptyLines: 0
        Entry[0]: 'Sara Sacchi'
        Entry[1]: 'Giulia Pasquale'
    [156]: CreditsEmptyLineDO
      EmptyLine - 没有属性
    [157]: CreditsSectionDO
      Section - Text: '{=!}France', Entries: 0, EmptyLines: 0
    [158]: CreditsEmptyLineDO
      EmptyLine - 没有属性
    [159]: CreditsSectionDO
      Section - Text: '{=!}General Manager', Entries: 1, EmptyLines: 0
        Entry[0]: 'James Rebours'
    [160]: CreditsEmptyLineDO
      EmptyLine - 没有属性
    [161]: CreditsSectionDO
      Section - Text: '{=!}Marketing Director', Entries: 1, EmptyLines: 0
        Entry[0]: 'Olivier Perron'
    [162]: CreditsEmptyLineDO
      EmptyLine - 没有属性
    [163]: CreditsSectionDO
      Section - Text: '{=!}Sales Director', Entries: 1, EmptyLines: 0
        Entry[0]: 'Jerome Huvelle'
    [164]: CreditsEmptyLineDO
      EmptyLine - 没有属性
    [165]: CreditsSectionDO
      Section - Text: '{=!}Product Manager', Entries: 1, EmptyLines: 0
        Entry[0]: 'Guillaume Fourmond'
    [166]: CreditsEmptyLineDO
      EmptyLine - 没有属性
    [167]: CreditsSectionDO
      Section - Text: '{=!}Assistant Product Manager', Entries: 1, EmptyLines: 0
        Entry[0]: 'Pauline Molinari'
    [168]: CreditsEmptyLineDO
      EmptyLine - 没有属性
    [169]: CreditsSectionDO
      Section - Text: '{=!}Community Manager', Entries: 1, EmptyLines: 0
        Entry[0]: 'Chloé Hall'
    [170]: CreditsEmptyLineDO
      EmptyLine - 没有属性
    [171]: CreditsSectionDO
      Section - Text: '{=!}PR Manager', Entries: 2, EmptyLines: 0
        Entry[0]: 'Cassandra Dutilh-Lafrance'
        Entry[1]: 'Thomas Losilla'
    [172]: CreditsEmptyLineDO
      EmptyLine - 没有属性
    [173]: CreditsSectionDO
      Section - Text: '{=!}Benelux', Entries: 0, EmptyLines: 0
    [174]: CreditsEmptyLineDO
      EmptyLine - 没有属性
    [175]: CreditsSectionDO
      Section - Text: '{=!}Managing Director', Entries: 1, EmptyLines: 0
        Entry[0]: 'Bernd Thien'
    [176]: CreditsEmptyLineDO
      EmptyLine - 没有属性
    [177]: CreditsSectionDO
      Section - Text: '{=!}Benelux Marketing and Sales', Entries: 6, EmptyLines: 0
        Entry[0]: 'Calvin Foe'
        Entry[1]: 'Jochen Dewulf'
        Entry[2]: 'Kevin Dillaerts'
        Entry[3]: 'Jonathan Willmann'
        Entry[4]: 'Suzanne Shehata'
        Entry[5]: 'Sheryn Khafagy'
    [178]: CreditsEmptyLineDO
      EmptyLine - 没有属性
    [179]: CreditsSectionDO
      Section - Text: '{=!}Spain', Entries: 0, EmptyLines: 0
    [180]: CreditsEmptyLineDO
      EmptyLine - 没有属性
    [181]: CreditsSectionDO
      Section - Text: '{=!}General Manager', Entries: 1, EmptyLines: 0
        Entry[0]: 'Óscar del Moral Negugogor'
    [182]: CreditsEmptyLineDO
      EmptyLine - 没有属性
    [183]: CreditsSectionDO
      Section - Text: '{=!}Spanish Marketing', Entries: 9, EmptyLines: 0
        Entry[0]: 'Roberto Serrano'
        Entry[1]: 'Javier Mañú'
        Entry[2]: 'Jaime González'
        Entry[3]: 'Elena Díaz'
        Entry[4]: 'Carolina Moreno'
        Entry[5]: 'Gustavo Voces'
        Entry[6]: 'Mercedes Guerra'
        Entry[7]: 'César Boquera'
        Entry[8]: 'Adrián Sanchez'
    [184]: CreditsEmptyLineDO
      EmptyLine - 没有属性
    [185]: CreditsSectionDO
      Section - Text: '{=!}Poland', Entries: 0, EmptyLines: 0
    [186]: CreditsEmptyLineDO
      EmptyLine - 没有属性
    [187]: CreditsSectionDO
      Section - Text: '{=!}General Manager', Entries: 1, EmptyLines: 0
        Entry[0]: 'Maciek Turski'
    [188]: CreditsEmptyLineDO
      EmptyLine - 没有属性
    [189]: CreditsSectionDO
      Section - Text: '{=!}Marketing and PR Manager', Entries: 1, EmptyLines: 0
        Entry[0]: 'Mikołaj Dusiński'
    [190]: CreditsEmptyLineDO
      EmptyLine - 没有属性
    [191]: CreditsSectionDO
      Section - Text: '{=!}Marketing and PR Specialist', Entries: 1, EmptyLines: 0
        Entry[0]: 'Greta Gruschalska'
    [192]: CreditsEmptyLineDO
      EmptyLine - 没有属性
    [193]: CreditsSectionDO
      Section - Text: '{=!}Key Account Managers', Entries: 2, EmptyLines: 0
        Entry[0]: 'Krystian Szwajda'
        Entry[1]: 'Maciej Rybarski'
    [194]: CreditsEmptyLineDO
      EmptyLine - 没有属性
    [195]: CreditsSectionDO
      Section - Text: '{=!}Operations', Entries: 1, EmptyLines: 0
        Entry[0]: 'Natalia Niemojewska'
    [196]: CreditsEmptyLineDO
      EmptyLine - 没有属性
    [197]: CreditsSectionDO
      Section - Text: '{=!}Export Sales Manager', Entries: 1, EmptyLines: 0
        Entry[0]: 'Piotr Pawlik'
    [198]: CreditsEmptyLineDO
      EmptyLine - 没有属性
    [199]: CreditsSectionDO
      Section - Text: '{=!}Territory Managers', Entries: 2, EmptyLines: 0
        Entry[0]: 'Tadeusz Targoszyński'
        Entry[1]: 'Mirosław Karol'
    [200]: CreditsEmptyLineDO
      EmptyLine - 没有属性
    [201]: CreditsSectionDO
      Section - Text: '{=!}Australia and New Zealand', Entries: 0, EmptyLines: 0
    [202]: CreditsEmptyLineDO
      EmptyLine - 没有属性
    [203]: CreditsSectionDO
      Section - Text: '{=!}Managing Director', Entries: 1, EmptyLines: 0
        Entry[0]: 'Roger Clarke'
    [204]: CreditsEmptyLineDO
      EmptyLine - 没有属性
    [205]: CreditsSectionDO
      Section - Text: '{=!}Chief Financial Officer', Entries: 1, EmptyLines: 0
        Entry[0]: 'Cahn Hewitt'
    [206]: CreditsEmptyLineDO
      EmptyLine - 没有属性
    [207]: CreditsSectionDO
      Section - Text: '{=!}Marketing Director', Entries: 1, EmptyLines: 0
        Entry[0]: 'Aiko Hutchings'
    [208]: CreditsEmptyLineDO
      EmptyLine - 没有属性
    [209]: CreditsSectionDO
      Section - Text: '{=!}Senior Marketing & PR Manager', Entries: 1, EmptyLines: 0
        Entry[0]: 'Liz Alexander'
    [210]: CreditsEmptyLineDO
      EmptyLine - 没有属性
    [211]: CreditsSectionDO
      Section - Text: '{=!}Social Media and Community Coordinator', Entries: 1, EmptyLines: 0
        Entry[0]: 'Zac Naoum'
    [212]: CreditsEmptyLineDO
      EmptyLine - 没有属性
    [213]: CreditsSectionDO
      Section - Text: '{=!}Marketing and Communications Coordinator', Entries: 1, EmptyLines: 0
        Entry[0]: 'Jordan Alty'
    [214]: CreditsEmptyLineDO
      EmptyLine - 没有属性
    [215]: CreditsSectionDO
      Section - Text: '{=!}Operations Manager', Entries: 1, EmptyLines: 0
        Entry[0]: 'Mel Norris'
    [216]: CreditsEmptyLineDO
      EmptyLine - 没有属性
    [217]: CreditsSectionDO
      Section - Text: '{=!}Sales Director', Entries: 1, EmptyLines: 0
        Entry[0]: 'Simon Bascetta'
    [218]: CreditsEmptyLineDO
      EmptyLine - 没有属性
    [219]: CreditsSectionDO
      Section - Text: '{=!}National Account Manager', Entries: 1, EmptyLines: 0
        Entry[0]: 'Joel Mattar'
    [220]: CreditsEmptyLineDO
      EmptyLine - 没有属性
    [221]: CreditsSectionDO
      Section - Text: '{=!}Asia', Entries: 0, EmptyLines: 0
    [222]: CreditsEmptyLineDO
      EmptyLine - 没有属性
    [223]: CreditsSectionDO
      Section - Text: '{=!}China, Korea and Southeast Asia', Entries: 0, EmptyLines: 0
    [224]: CreditsEmptyLineDO
      EmptyLine - 没有属性
    [225]: CreditsSectionDO
      Section - Text: '{=!}Managing Director', Entries: 1, EmptyLines: 0
        Entry[0]: 'Roger Clarke'
    [226]: CreditsEmptyLineDO
      EmptyLine - 没有属性
    [227]: CreditsSectionDO
      Section - Text: '{=!}Territory and Licensing Manager Asia', Entries: 1, EmptyLines: 0
        Entry[0]: 'Jeremy Zitná'
    [228]: CreditsEmptyLineDO
      EmptyLine - 没有属性
    [229]: CreditsSectionDO
      Section - Text: '{=!}Senior Marketing/PR Manager', Entries: 1, EmptyLines: 0
        Entry[0]: 'Kenneth Chow'
    [230]: CreditsEmptyLineDO
      EmptyLine - 没有属性
    [231]: CreditsSectionDO
      Section - Text: '{=!}Marketing & PR Manager', Entries: 2, EmptyLines: 0
        Entry[0]: 'Sanna Liu'
        Entry[1]: 'Yunji Hailey Ha'
    [232]: CreditsEmptyLineDO
      EmptyLine - 没有属性
    [233]: CreditsSectionDO
      Section - Text: '{=!}Community Manager', Entries: 1, EmptyLines: 0
        Entry[0]: 'Jaxon Chan'
    [234]: CreditsEmptyLineDO
      EmptyLine - 没有属性
    [235]: CreditsSectionDO
      Section - Text: '{=!}Management Assistant', Entries: 1, EmptyLines: 0
        Entry[0]: 'Connie Yeung'
    [236]: CreditsEmptyLineDO
      EmptyLine - 没有属性
    [237]: CreditsSectionDO
      Section - Text: '{=!}Administration Specialist', Entries: 1, EmptyLines: 0
        Entry[0]: 'Queenie Ning'
    [238]: CreditsEmptyLineDO
      EmptyLine - 没有属性
    [239]: CreditsSectionDO
      Section - Text: '{=!}Japan', Entries: 0, EmptyLines: 0
    [240]: CreditsEmptyLineDO
      EmptyLine - 没有属性
    [241]: CreditsSectionDO
      Section - Text: '{=!}Managing Director', Entries: 1, EmptyLines: 0
        Entry[0]: 'Roger Clarke'
    [242]: CreditsEmptyLineDO
      EmptyLine - 没有属性
    [243]: CreditsSectionDO
      Section - Text: '{=!}Territory and Licensing Manager Japan', Entries: 1, EmptyLines: 0
        Entry[0]: 'Robert Pontow'
    [244]: CreditsEmptyLineDO
      EmptyLine - 没有属性
    [245]: CreditsSectionDO
      Section - Text: '{=!}Management Assistant', Entries: 1, EmptyLines: 0
        Entry[0]: 'Wilson Fong'
    [246]: CreditsEmptyLineDO
      EmptyLine - 没有属性
    [247]: CreditsSectionDO
      Section - Text: '{=!}Head of Marketing & PR', Entries: 1, EmptyLines: 0
        Entry[0]: 'Sachiko Yamashita'
    [248]: CreditsEmptyLineDO
      EmptyLine - 没有属性
    [249]: CreditsSectionDO
      Section - Text: '{=!}Marketing Manager', Entries: 1, EmptyLines: 0
        Entry[0]: 'Ayana Kako'
    [250]: CreditsEmptyLineDO
      EmptyLine - 没有属性
    [251]: CreditsSectionDO
      Section - Text: '{=!}Localization & Release Manager', Entries: 1, EmptyLines: 0
        Entry[0]: 'Yasutaka Arita'
    [252]: CreditsEmptyLineDO
      EmptyLine - 没有属性
    [253]: CreditsSectionDO
      Section - Text: '{=!}General Affairs Manager', Entries: 1, EmptyLines: 0
        Entry[0]: 'Yuko Uchimura'
    [254]: CreditsEmptyLineDO
      EmptyLine - 没有属性
    [255]: CreditsSectionDO
      Section - Text: '{=!}End Notes', Entries: 2, EmptyLines: 0
        Entry[0]: 'FMod Lisans'
        Entry[1]: '{=!}Interactive music middleware psai by Periscope Studio UG & Co. KG'
    [256]: CreditsEmptyLineDO
      EmptyLine - 没有属性
    [257]: CreditsSectionDO
      Section - Text: 'Mono', Entries: 2, EmptyLines: 0
        Entry[0]: 'Johan Lorensson'
        Entry[1]: '{=!}Mono Team'
    [258]: CreditsEmptyLineDO
      EmptyLine - 没有属性
    [259]: CreditsSectionDO
      Section - Text: '{=!}Website frontend', Entries: 1, EmptyLines: 0
        Entry[0]: 'Designneuro'
    [260]: CreditsEmptyLineDO
      EmptyLine - 没有属性
    [261]: CreditsSectionDO
      Section - Text: '{=!}Website backend', Entries: 1, EmptyLines: 0
        Entry[0]: 'Cheng Zhe'
    [262]: CreditsEmptyLineDO
      EmptyLine - 没有属性
Category[18]: {=!}Game Localization
  Elements count: 78
    [0]: CreditsSectionDO
      Section - Text: '{=!}Turkish', Entries: 2, EmptyLines: 0
        Entry[0]: 'Özge Altundağ'
        Entry[1]: 'Oğuz Altundağ'
    [1]: CreditsEmptyLineDO
      EmptyLine - 没有属性
    [2]: CreditsSectionDO
      Section - Text: '{=!}Simplified Chinese & Traditional Chinese:', Entries: 21, EmptyLines: 0
        Entry[0]: '{=!}Mount & Blade Chinese Localization Team (Qi Kan ZhongWenZhan)'
        Entry[1]: 'Netease Fever Team'
        Entry[2]: 'Muyiboy'
        Entry[3]: 'Li Kai'
        Entry[4]: 'Tailor Tam'
        Entry[5]: 'Rubik'
        Entry[6]: 'Yu Junyang'
        Entry[7]: 'Po-Han Lu'
        Entry[8]: 'Xu Hao'
        Entry[9]: 'Haximodor He'
        Entry[10]: 'Zhu Xi'
        Entry[11]: 'Sun Xutong'
        Entry[12]: 'HoloNesan'
        Entry[13]: 'Tatsheoth'
        Entry[14]: 'Chinming Chan'
        Entry[15]: 'Lu Jiahui'
        Entry[16]: 'Wu Tingwang'
        Entry[17]: 'Pan Xiuze'
        Entry[18]: 'Aomine Daiki'
        Entry[19]: 'Xiao Hei'
        Entry[20]: 'Eci'
    [3]: CreditsEmptyLineDO
      EmptyLine - 没有属性
    [4]: CreditsSectionDO
      Section - Text: '{=!}Japanese, Korean, Polish and Russian', Entries: 1, EmptyLines: 0
        Entry[0]: 'QLOC S.A'
    [5]: CreditsEmptyLineDO
      EmptyLine - 没有属性
    [6]: CreditsSectionDO
      Section - Text: '{=!}Localization for German, French, Italian, Latinamerican Spanish, and Brazilian Portuguese', Entries: 1, EmptyLines: 0
        Entry[0]: 'Synthesis Deutschland GmbH - a Keywords Studio'
    [7]: CreditsEmptyLineDO
      EmptyLine - 没有属性
    [8]: CreditsSectionDO
      Section - Text: '{=!}Special Thanks', Entries: 1, EmptyLines: 0
        Entry[0]: 'Jan Werkmeister'
    [9]: CreditsEmptyLineDO
      EmptyLine - 没有属性
    [10]: CreditsSectionDO
      Section - Text: '{=!}Text Localization Manager and Multilanguage Project Management', Entries: 1, EmptyLines: 0
        Entry[0]: 'Michael Denkers'
    [11]: CreditsEmptyLineDO
      EmptyLine - 没有属性
    [12]: CreditsEmptyLineDO
      EmptyLine - 没有属性
    [13]: CreditsSectionDO
      Section - Text: '{=!}German Localization', Entries: 1, EmptyLines: 0
        Entry[0]: 'Synthesis Deutschland GmbH - a Keywords Studio'
    [14]: CreditsEmptyLineDO
      EmptyLine - 没有属性
    [15]: CreditsSectionDO
      Section - Text: '{=!}Project Management', Entries: 1, EmptyLines: 0
        Entry[0]: 'Michael Denkers'
    [16]: CreditsEmptyLineDO
      EmptyLine - 没有属性
    [17]: CreditsSectionDO
      Section - Text: '{=!}Translation Team', Entries: 3, EmptyLines: 0
        Entry[0]: 'Johannes Irmer'
        Entry[1]: 'Lorenz Hommers'
        Entry[2]: 'Roland Strube'
    [18]: CreditsEmptyLineDO
      EmptyLine - 没有属性
    [19]: CreditsSectionDO
      Section - Text: '{=!}Review & Editing', Entries: 1, EmptyLines: 0
        Entry[0]: 'Ulrich Onken'
    [20]: CreditsEmptyLineDO
      EmptyLine - 没有属性
    [21]: CreditsSectionDO
      Section - Text: '{=!}Language Coding Editing', Entries: 1, EmptyLines: 0
        Entry[0]: 'Tamara Katherina Neiß'
    [22]: CreditsEmptyLineDO
      EmptyLine - 没有属性
    [23]: CreditsEmptyLineDO
      EmptyLine - 没有属性
    [24]: CreditsSectionDO
      Section - Text: '{=!}French Localization', Entries: 1, EmptyLines: 0
        Entry[0]: 'Keywords Studios France'
    [25]: CreditsEmptyLineDO
      EmptyLine - 没有属性
    [26]: CreditsSectionDO
      Section - Text: '{=!}Project Management', Entries: 2, EmptyLines: 0
        Entry[0]: 'Valentin Borraccino'
        Entry[1]: 'Charlotte Lebeau'
    [27]: CreditsEmptyLineDO
      EmptyLine - 没有属性
    [28]: CreditsSectionDO
      Section - Text: '{=!}Translation Team', Entries: 2, EmptyLines: 0
        Entry[0]: 'Valentin Borraccino'
        Entry[1]: 'Antoine Jarlégant'
    [29]: CreditsEmptyLineDO
      EmptyLine - 没有属性
    [30]: CreditsSectionDO
      Section - Text: '{=!}Review & Editing', Entries: 1, EmptyLines: 0
        Entry[0]: 'Anthony Fragoso'
    [31]: CreditsEmptyLineDO
      EmptyLine - 没有属性
    [32]: CreditsSectionDO
      Section - Text: '{=!}Language Coding Editing', Entries: 2, EmptyLines: 0
        Entry[0]: 'Charlotte Lebeau'
        Entry[1]: 'Ismaël Messaoudi-Bazile'
    [33]: CreditsEmptyLineDO
      EmptyLine - 没有属性
    [34]: CreditsEmptyLineDO
      EmptyLine - 没有属性
    [35]: CreditsSectionDO
      Section - Text: '{=!}Italian Localization', Entries: 1, EmptyLines: 0
        Entry[0]: 'Keywords Studios Italy'
    [36]: CreditsEmptyLineDO
      EmptyLine - 没有属性
    [37]: CreditsSectionDO
      Section - Text: '{=!}Project Management', Entries: 3, EmptyLines: 0
        Entry[0]: 'Laura Mazzolini'
        Entry[1]: 'Pasquale Stacchiotti'
        Entry[2]: 'Alberto Trentanni'
    [38]: CreditsEmptyLineDO
      EmptyLine - 没有属性
    [39]: CreditsSectionDO
      Section - Text: '{=!}Translation Team', Entries: 3, EmptyLines: 0
        Entry[0]: 'Andrea Ferrari'
        Entry[1]: 'Riccardo Gileno'
        Entry[2]: 'Giorgio Anselmi'
    [40]: CreditsEmptyLineDO
      EmptyLine - 没有属性
    [41]: CreditsSectionDO
      Section - Text: '{=!}Review & Editing', Entries: 2, EmptyLines: 0
        Entry[0]: 'Claudia Mangione'
        Entry[1]: 'Ilaria Fusè'
    [42]: CreditsEmptyLineDO
      EmptyLine - 没有属性
    [43]: CreditsSectionDO
      Section - Text: '{=!}Language Coding Editing', Entries: 2, EmptyLines: 0
        Entry[0]: 'Antonio Edoardo Mondonico'
        Entry[1]: 'Mauro Cherubini'
    [44]: CreditsEmptyLineDO
      EmptyLine - 没有属性
    [45]: CreditsEmptyLineDO
      EmptyLine - 没有属性
    [46]: CreditsSectionDO
      Section - Text: '{=!}Spanish Localization (Latinamerican)', Entries: 1, EmptyLines: 0
        Entry[0]: 'Keywords Studios Spain'
    [47]: CreditsEmptyLineDO
      EmptyLine - 没有属性
    [48]: CreditsSectionDO
      Section - Text: '{=!}Project Management', Entries: 2, EmptyLines: 0
        Entry[0]: 'José Luis Águila'
        Entry[1]: 'Kilian Ribera'
    [49]: CreditsEmptyLineDO
      EmptyLine - 没有属性
    [50]: CreditsSectionDO
      Section - Text: '{=!}Translation Team', Entries: 4, EmptyLines: 0
        Entry[0]: 'José Luis Estrada Delgado'
        Entry[1]: 'Paula Quijada Fortuño'
        Entry[2]: 'Natalia Gaspari'
        Entry[3]: 'Mariana Steffen Prieto'
    [51]: CreditsEmptyLineDO
      EmptyLine - 没有属性
    [52]: CreditsSectionDO
      Section - Text: '{=!}Review & Editing', Entries: 2, EmptyLines: 0
        Entry[0]: 'Eugenia Jiménez'
        Entry[1]: 'Natalia Gaspari'
    [53]: CreditsEmptyLineDO
      EmptyLine - 没有属性
    [54]: CreditsSectionDO
      Section - Text: '{=!}Language Coding Editing (Latinamerican)', Entries: 1, EmptyLines: 0
        Entry[0]: 'Keywords Studios Mexico'
    [55]: CreditsEmptyLineDO
      EmptyLine - 没有属性
    [56]: CreditsSectionDO
      Section - Text: '{=!}Project Management', Entries: 1, EmptyLines: 0
        Entry[0]: 'Diana Medellin'
    [57]: CreditsEmptyLineDO
      EmptyLine - 没有属性
    [58]: CreditsSectionDO
      Section - Text: '{=!}Editing', Entries: 1, EmptyLines: 0
        Entry[0]: 'Julieta Turquet'
    [59]: CreditsEmptyLineDO
      EmptyLine - 没有属性
    [60]: CreditsEmptyLineDO
      EmptyLine - 没有属性
    [61]: CreditsSectionDO
      Section - Text: '{=!}Portuguese Localization (Brazilian)', Entries: 1, EmptyLines: 0
        Entry[0]: 'Keywords Studios Brazil'
    [62]: CreditsEmptyLineDO
      EmptyLine - 没有属性
    [63]: CreditsSectionDO
      Section - Text: '{=!}Project Management', Entries: 2, EmptyLines: 0
        Entry[0]: 'João Eduardo Gleich'
        Entry[1]: 'Felipe Caminada'
    [64]: CreditsEmptyLineDO
      EmptyLine - 没有属性
    [65]: CreditsSectionDO
      Section - Text: '{=!}Translation Team', Entries: 3, EmptyLines: 0
        Entry[0]: 'Bruno Galiza'
        Entry[1]: 'Gabriel Rios Borges'
        Entry[2]: 'Adriana Garrido'
    [66]: CreditsEmptyLineDO
      EmptyLine - 没有属性
    [67]: CreditsSectionDO
      Section - Text: '{=!}Review & Editing & Language Coding Editing', Entries: 2, EmptyLines: 0
        Entry[0]: 'Julia Henriques'
        Entry[1]: 'Gabriel Ninô'
    [68]: CreditsEmptyLineDO
      EmptyLine - 没有属性
    [69]: CreditsEmptyLineDO
      EmptyLine - 没有属性
    [70]: CreditsSectionDO
      Section - Text: '{=!}Technical Partners', Entries: 7, EmptyLines: 0
        Entry[0]: 'Intel Corporation'
        Entry[1]: 'Nvidia Corporation'
        Entry[2]: 'Zumidian'
        Entry[3]: 'Digital Ocean'
        Entry[4]: 'Razer Inc'
        Entry[5]: 'Microsoft Azure'
        Entry[6]: 'Amazon Web Services'
    [71]: CreditsEmptyLineDO
      EmptyLine - 没有属性
    [72]: CreditsSectionDO
      Section - Text: '{=!}Social Media', Entries: 5, EmptyLines: 0
        Entry[0]: 'Gulhis Canpolat'
        Entry[1]: 'Aysegul Yildiz'
        Entry[2]: 'Murat Ozkan'
        Entry[3]: 'Onurcan Celebi'
        Entry[4]: 'Sertac Garipoglu'
    [73]: CreditsEmptyLineDO
      EmptyLine - 没有属性
    [74]: CreditsSectionDO
      Section - Text: '{=!}Public Relations Partners', Entries: 12, EmptyLines: 4
        Entry[0]: 'SetiPR (Turkey)'
        Entry[1]: 'Tuğbek Ölek'
        Entry[2]: 'Deniz Gormez'
        Entry[3]: 'Ayda Tangüner'
        Entry[4]: 'Reset PR'
        Entry[5]: 'Victor Perez'
        Entry[6]: 'Visibility Communications (Germany)'
        Entry[7]: 'Gunnar Lott'
        Entry[8]: 'Mi5 Communications (Nordics)'
        Entry[9]: 'Marcus Legler'
        Entry[10]: 'Bastion (United Kingdom)'
        Entry[11]: 'Dean Barrett'
    [75]: CreditsEmptyLineDO
      EmptyLine - 没有属性
    [76]: CreditsSectionDO
      Section - Text: '{=!}Legal', Entries: 12, EmptyLines: 3
        Entry[0]: 'Taylor Wessing Partnerschaftsgesellschaft mbB'
        Entry[1]: 'Dr. Tobias Schelinski'
        Entry[2]: 'Dr. Thomas Pattloch'
        Entry[3]: 'Bo Fu'
        Entry[4]: 'Baker & McKenzie Advokatbyrå KB'
        Entry[5]: 'Peder Oxhammar'
        Entry[6]: 'Alexandra Presson'
        Entry[7]: 'Rivacy GmbH'
        Entry[8]: 'Tim Haufe'
        Entry[9]: 'Mete Tevetoğlu'
        Entry[10]: 'Emi Zhao'
        Entry[11]: 'Frederick Fierst'
    [77]: CreditsEmptyLineDO
      EmptyLine - 没有属性
Category[19]: {=!}Special Thanks
  Elements count: 6
    [0]: CreditsSectionDO
      Section - Text: '{=!}From China', Entries: 8, EmptyLines: 0
        Entry[0]: 'Yang Jinglin'
        Entry[1]: 'Li Kai'
        Entry[2]: 'Xu JingZhi'
        Entry[3]: 'Li GuangXing'
        Entry[4]: 'Qiu ZhiHong'
        Entry[5]: 'Tan Liang'
        Entry[6]: 'Fan ZuDe'
        Entry[7]: 'Dong An'
    [1]: CreditsEmptyLineDO
      EmptyLine - 没有属性
    [2]: CreditsSectionDO
      Section - Text: '{=!}From Lithuania', Entries: 4, EmptyLines: 0
        Entry[0]: 'Sergei Klimov'
        Entry[1]: 'Ekaterina Nemova'
        Entry[2]: 'Inga Baranauskiene'
        Entry[3]: 'Alma Giedraitienė'
    [3]: CreditsEmptyLineDO
      EmptyLine - 没有属性
    [4]: CreditsSectionDO
      Section - Text: '{=!}From Turkey', Entries: 4, EmptyLines: 0
        Entry[0]: 'Serkan Karatosun'
        Entry[1]: 'Gülcan Şahbaz'
        Entry[2]: 'Yeter Yıldırım'
        Entry[3]: 'Ceren Doğaner'
    [5]: CreditsEmptyLineDO
      EmptyLine - 没有属性
=== 序列化后XML分析 ===
Category[0]: {=!}Studio Heads
    [0]: Entry
      Entry - Text属性: 有='Armağan Yavuz & İpek Yavuz'
Category[1]: {=!}Lead Designers
    [0]: Section
      Section - Text: '{=!}Development Lead'
        Entries: 1, EmptyLines: 0
    [1]: EmptyLine
      EmptyLine - Text属性: 无
    [2]: Section
      Section - Text: '{=!}Writing'
        Entries: 1, EmptyLines: 0
    [3]: EmptyLine
      EmptyLine - Text属性: 无
Category[2]: {=!}Engineering
    [0]: Section
      Section - Text: '{=!}Game Systems Team Lead'
        Entries: 1, EmptyLines: 0
    [1]: EmptyLine
      EmptyLine - Text属性: 无
    [2]: Section
      Section - Text: '{=!}Game Systems Programmers'
        Entries: 9, EmptyLines: 0
    [3]: EmptyLine
      EmptyLine - Text属性: 无
    [4]: Section
      Section - Text: '{=!}AI Programmers'
        Entries: 3, EmptyLines: 0
    [5]: EmptyLine
      EmptyLine - Text属性: 无
    [6]: Section
      Section - Text: '{=!}Engine Team Lead'
        Entries: 1, EmptyLines: 0
    [7]: EmptyLine
      EmptyLine - Text属性: 无
    [8]: Section
      Section - Text: '{=!}Engine Programmers'
        Entries: 14, EmptyLines: 0
    [9]: EmptyLine
      EmptyLine - Text属性: 无
    [10]: Section
      Section - Text: '{=!}Campaign Gameplay Team Lead'
        Entries: 1, EmptyLines: 0
    [11]: EmptyLine
      EmptyLine - Text属性: 无
    [12]: Section
      Section - Text: '{=!}Campaign Gameplay Programmers'
        Entries: 12, EmptyLines: 0
    [13]: EmptyLine
      EmptyLine - Text属性: 无
    [14]: Section
      Section - Text: '{=!}UI Programmers'
        Entries: 8, EmptyLines: 0
    [15]: EmptyLine
      EmptyLine - Text属性: 无
    [16]: Section
      Section - Text: '{=!}Backend Programmers'
        Entries: 7, EmptyLines: 0
    [17]: EmptyLine
      EmptyLine - Text属性: 无
    [18]: Section
      Section - Text: '{=!}DevOps Engineers'
        Entries: 3, EmptyLines: 0
    [19]: EmptyLine
      EmptyLine - Text属性: 无
    [20]: Section
      Section - Text: '{=!}Additional Programmers'
        Entries: 10, EmptyLines: 0
    [21]: EmptyLine
      EmptyLine - Text属性: 无
Category[3]: {=!}Art
    [0]: Section
      Section - Text: '{=!}Art Director'
        Entries: 1, EmptyLines: 0
    [1]: EmptyLine
      EmptyLine - Text属性: 无
    [2]: Section
      Section - Text: '{=!}Art Team Lead'
        Entries: 1, EmptyLines: 0
    [3]: EmptyLine
      EmptyLine - Text属性: 无
    [4]: Section
      Section - Text: '{=!}3D Artists'
        Entries: 16, EmptyLines: 0
    [5]: EmptyLine
      EmptyLine - Text属性: 无
    [6]: Section
      Section - Text: '{=!}2D Artists'
        Entries: 5, EmptyLines: 0
    [7]: EmptyLine
      EmptyLine - Text属性: 无
    [8]: Section
      Section - Text: '{=!}Technical Artists'
        Entries: 7, EmptyLines: 0
    [9]: EmptyLine
      EmptyLine - Text属性: 无
    [10]: Section
      Section - Text: '{=!}Lighting & Particles'
        Entries: 1, EmptyLines: 0
    [11]: EmptyLine
      EmptyLine - Text属性: 无
    [12]: Section
      Section - Text: '{=!}Character Artists'
        Entries: 5, EmptyLines: 0
    [13]: EmptyLine
      EmptyLine - Text属性: 无
    [14]: Section
      Section - Text: '{=!}Concept Artists'
        Entries: 3, EmptyLines: 0
    [15]: EmptyLine
      EmptyLine - Text属性: 无
    [16]: Section
      Section - Text: '{=!}Illustration'
        Entries: 3, EmptyLines: 0
    [17]: EmptyLine
      EmptyLine - Text属性: 无
    [18]: Section
      Section - Text: '{=!}UI Artists'
        Entries: 4, EmptyLines: 0
    [19]: EmptyLine
      EmptyLine - Text属性: 无
    [20]: Section
      Section - Text: '{=!}Additional Art'
        Entries: 5, EmptyLines: 0
    [21]: EmptyLine
      EmptyLine - Text属性: 无
Category[4]: {=!}Game Design
    [0]: Section
      Section - Text: '{=!}Game Designers'
        Entries: 2, EmptyLines: 0
    [1]: EmptyLine
      EmptyLine - Text属性: 无
    [2]: Section
      Section - Text: '{=!}Gameplay Design Team Lead'
        Entries: 1, EmptyLines: 0
    [3]: EmptyLine
      EmptyLine - Text属性: 无
    [4]: Section
      Section - Text: '{=!}Gameplay Designers'
        Entries: 9, EmptyLines: 0
    [5]: EmptyLine
      EmptyLine - Text属性: 无
    [6]: Section
      Section - Text: '{=!}Additional Gameplay Designers'
        Entries: 2, EmptyLines: 0
    [7]: EmptyLine
      EmptyLine - Text属性: 无
    [8]: Section
      Section - Text: '{=!}Producers'
        Entries: 5, EmptyLines: 0
    [9]: EmptyLine
      EmptyLine - Text属性: 无
    [10]: Section
      Section - Text: '{=!}Level Designers'
        Entries: 9, EmptyLines: 0
    [11]: EmptyLine
      EmptyLine - Text属性: 无
Category[5]: {=!}Video
    [0]: Section
      Section - Text: '{=!}Cinematics'
        Entries: 3, EmptyLines: 0
    [1]: EmptyLine
      EmptyLine - Text属性: 无
    [2]: Section
      Section - Text: '{=!}Motion Capture'
        Entries: 4, EmptyLines: 0
    [3]: EmptyLine
      EmptyLine - Text属性: 无
    [4]: Section
      Section - Text: '{=!}Motion Capture Talents'
        Entries: 5, EmptyLines: 0
    [5]: EmptyLine
      EmptyLine - Text属性: 无
    [6]: Section
      Section - Text: '{=!}Motion Capture Acting Consultant'
        Entries: 1, EmptyLines: 0
    [7]: EmptyLine
      EmptyLine - Text属性: 无
Category[6]: {=!}Quality Assurance
    [0]: Section
      Section - Text: '{=!}QA Lead'
        Entries: 1, EmptyLines: 0
    [1]: EmptyLine
      EmptyLine - Text属性: 无
    [2]: Section
      Section - Text: '{=!}QA Team'
        Entries: 28, EmptyLines: 0
    [3]: EmptyLine
      EmptyLine - Text属性: 无
Category[7]: {=!}Platforms
    [0]: Section
      Section - Text: '{=!}Platform Engineering Director'
        Entries: 1, EmptyLines: 0
    [1]: EmptyLine
      EmptyLine - Text属性: 无
    [2]: Section
      Section - Text: '{=!}Platform Coordinator'
        Entries: 1, EmptyLines: 0
    [3]: EmptyLine
      EmptyLine - Text属性: 无
Category[8]: {=!}Website
    [0]: Section
      Section - Text: '{=!}Website & Forum designers'
        Entries: 4, EmptyLines: 0
    [1]: EmptyLine
      EmptyLine - Text属性: 无
    [2]: Section
      Section - Text: '{=!}Website backend'
        Entries: 3, EmptyLines: 0
    [3]: EmptyLine
      EmptyLine - Text属性: 无
Category[9]: {=!}Marketing
    [0]: Section
      Section - Text: '{=!}Product Marketing'
        Entries: 2, EmptyLines: 0
    [1]: EmptyLine
      EmptyLine - Text属性: 无
    [2]: Section
      Section - Text: '{=!}PR Specialist'
        Entries: 2, EmptyLines: 0
    [3]: EmptyLine
      EmptyLine - Text属性: 无
    [4]: Section
      Section - Text: '{=!}Brand Designs'
        Entries: 1, EmptyLines: 0
    [5]: EmptyLine
      EmptyLine - Text属性: 无
    [6]: Section
      Section - Text: '{=!}2D - 3D artists'
        Entries: 5, EmptyLines: 0
    [7]: EmptyLine
      EmptyLine - Text属性: 无
Category[10]: {=!}Audio
    [0]: Section
      Section - Text: '{=!}Audio Director'
        Entries: 1, EmptyLines: 0
    [1]: EmptyLine
      EmptyLine - Text属性: 无
    [2]: Section
      Section - Text: '{=!}Audio Engineer'
        Entries: 3, EmptyLines: 0
    [3]: EmptyLine
      EmptyLine - Text属性: 无
    [4]: Section
      Section - Text: '{=!}Music Production'
        Entries: 12, EmptyLines: 2
    [5]: EmptyLine
      EmptyLine - Text属性: 无
    [6]: Section
      Section - Text: '{=!}Ensemble Galatia'
        Entries: 6, EmptyLines: 0
    [7]: EmptyLine
      EmptyLine - Text属性: 无
    [8]: Section
      Section - Text: '{=!}Additional Exclusive and Non-exclusive Music'
        Entries: 9, EmptyLines: 3
    [9]: EmptyLine
      EmptyLine - Text属性: 无
    [10]: Section
      Section - Text: '{=!}PSAI music Authoring'
        Entries: 7, EmptyLines: 0
    [11]: EmptyLine
      EmptyLine - Text属性: 无
    [12]: Section
      Section - Text: '{=!}Voice Production Cast'
        Entries: 23, EmptyLines: 0
    [13]: EmptyLine
      EmptyLine - Text属性: 无
    [14]: Section
      Section - Text: '{=!}Additional Voice Production'
        Entries: 4, EmptyLines: 0
    [15]: EmptyLine
      EmptyLine - Text属性: 无
    [16]: Section
      Section - Text: '{=!}Bad Words Lab Cast'
        Entries: 6, EmptyLines: 0
    [17]: EmptyLine
      EmptyLine - Text属性: 无
    [18]: Section
      Section - Text: '{=!}Additional Voice Support'
        Entries: 1, EmptyLines: 0
    [19]: EmptyLine
      EmptyLine - Text属性: 无
    [20]: Section
      Section - Text: '{=!}Special Thanks To'
        Entries: 5, EmptyLines: 0
    [21]: EmptyLine
      EmptyLine - Text属性: 无
    [22]: Section
      Section - Text: '{=!}Additional Writing'
        Entries: 1, EmptyLines: 0
    [23]: EmptyLine
      EmptyLine - Text属性: 无
Category[11]: {=!}Localization
    [0]: Section
      Section - Text: '{=!}Project Managers'
        Entries: 5, EmptyLines: 0
    [1]: EmptyLine
      EmptyLine - Text属性: 无
Category[12]: {=!}IT
    [0]: Entry
      Entry - Text属性: 有='Fatih Mert Uyaner'
    [1]: Entry
      Entry - Text属性: 有='Hikmet Güray'
    [2]: Entry
      Entry - Text属性: 有='Mehmet Alp Akın'
    [3]: Entry
      Entry - Text属性: 有='Emrah Çağlıyan'
    [4]: EmptyLine
      EmptyLine - Text属性: 无
Category[13]: {=!}Community
    [0]: Section
      Section - Text: '{=!}Community Management Team Lead'
        Entries: 1, EmptyLines: 0
    [1]: EmptyLine
      EmptyLine - Text属性: 无
    [2]: Section
      Section - Text: '{=!}Community Management'
        Entries: 4, EmptyLines: 0
    [3]: EmptyLine
      EmptyLine - Text属性: 无
    [4]: Section
      Section - Text: '{=!}Communications and Support Team Lead'
        Entries: 1, EmptyLines: 0
    [5]: EmptyLine
      EmptyLine - Text属性: 无
    [6]: Section
      Section - Text: '{=!}Support'
        Entries: 4, EmptyLines: 0
    [7]: EmptyLine
      EmptyLine - Text属性: 无
    [8]: Section
      Section - Text: '{=!}Forum Programming'
        Entries: 1, EmptyLines: 0
    [9]: EmptyLine
      EmptyLine - Text属性: 无
Category[14]: {=!}Operations
    [0]: Section
      Section - Text: '{=!}Publishing & Director of Business Development'
        Entries: 1, EmptyLines: 0
    [1]: EmptyLine
      EmptyLine - Text属性: 无
    [2]: Section
      Section - Text: '{=!}Finance'
        Entries: 2, EmptyLines: 0
    [3]: EmptyLine
      EmptyLine - Text属性: 无
    [4]: Section
      Section - Text: '{=!}Purchasing'
        Entries: 2, EmptyLines: 0
    [5]: EmptyLine
      EmptyLine - Text属性: 无
    [6]: Section
      Section - Text: '{=!}Human Resources'
        Entries: 2, EmptyLines: 0
    [7]: EmptyLine
      EmptyLine - Text属性: 无
    [8]: Section
      Section - Text: '{=!}Human Resources Automation Engineer'
        Entries: 1, EmptyLines: 0
    [9]: EmptyLine
      EmptyLine - Text属性: 无
    [10]: Section
      Section - Text: '{=!}Studio Administration & Operations'
        Entries: 3, EmptyLines: 0
    [11]: EmptyLine
      EmptyLine - Text属性: 无
    [12]: Section
      Section - Text: '{=!}Reception'
        Entries: 1, EmptyLines: 0
    [13]: EmptyLine
      EmptyLine - Text属性: 无
    [14]: Section
      Section - Text: '{=!}Office Support'
        Entries: 3, EmptyLines: 0
    [15]: EmptyLine
      EmptyLine - Text属性: 无
Category[15]: {=!}Additional Development
    [0]: Section
      Section - Text: '{=!}Additional Programming'
        Entries: 25, EmptyLines: 0
    [1]: EmptyLine
      EmptyLine - Text属性: 无
    [2]: Section
      Section - Text: '{=!}Additional Art'
        Entries: 9, EmptyLines: 0
    [3]: EmptyLine
      EmptyLine - Text属性: 无
    [4]: Section
      Section - Text: '{=!}Interns'
        Entries: 77, EmptyLines: 0
    [5]: EmptyLine
      EmptyLine - Text属性: 无
    [6]: Section
      Section - Text: '{=!}Additional Support and Administration'
        Entries: 18, EmptyLines: 0
    [7]: EmptyLine
      EmptyLine - Text属性: 无
Category[16]: {=!}Volunteers
    [0]: Section
      Section - Text: '{=!}Forum Administration'
        Entries: 1, EmptyLines: 0
    [1]: EmptyLine
      EmptyLine - Text属性: 无
    [2]: Section
      Section - Text: '{=!}Forum Moderation Team'
        Entries: 22, EmptyLines: 0
    [3]: EmptyLine
      EmptyLine - Text属性: 无
    [4]: Section
      Section - Text: '{=!}Steam Community Moderation Team'
        Entries: 1, EmptyLines: 0
    [5]: EmptyLine
      EmptyLine - Text属性: 无
    [6]: Section
      Section - Text: '{=!}Subreddit Moderation Team'
        Entries: 8, EmptyLines: 0
    [7]: EmptyLine
      EmptyLine - Text属性: 无
    [8]: Section
      Section - Text: '{=!}Community Notables'
        Entries: 7, EmptyLines: 0
    [9]: EmptyLine
      EmptyLine - Text属性: 无
Category[17]: {=!}External Partners
    [0]: LoadFromFile
    [1]: Section
      Section - Text: '{=!}Global Retail Publishing Partner'
        Entries: 1, EmptyLines: 0
    [2]: EmptyLine
      EmptyLine - Text属性: 无
    [3]: Section
      Section - Text: '{=!}Production'
        Entries: 4, EmptyLines: 2
    [4]: EmptyLine
      EmptyLine - Text属性: 无
    [5]: Section
      Section - Text: '{=!}Lead Product Manager'
        Entries: 1, EmptyLines: 0
    [6]: EmptyLine
      EmptyLine - Text属性: 无
    [7]: Section
      Section - Text: '{=!}Product Manager'
        Entries: 1, EmptyLines: 0
    [8]: EmptyLine
      EmptyLine - Text属性: 无
    [9]: Section
      Section - Text: '{=!}Junior Product Manager'
        Entries: 1, EmptyLines: 0
    [10]: EmptyLine
      EmptyLine - Text属性: 无
    [11]: Section
      Section - Text: '{=!}Project Coordinator'
        Entries: 1, EmptyLines: 0
    [12]: EmptyLine
      EmptyLine - Text属性: 无
    [13]: Section
      Section - Text: '{=!}Junior Project Coordinator'
        Entries: 1, EmptyLines: 0
    [14]: EmptyLine
      EmptyLine - Text属性: 无
    [15]: Section
      Section - Text: '{=!}Junior Project Coordinator'
        Entries: 1, EmptyLines: 0
    [16]: EmptyLine
      EmptyLine - Text属性: 无
    [17]: Section
      Section - Text: '{=!}Senior Product Release Manager'
        Entries: 1, EmptyLines: 0
    [18]: EmptyLine
      EmptyLine - Text属性: 无
    [19]: Section
      Section - Text: '{=!}Global Brand and Marketing'
        Entries: 0, EmptyLines: 0
    [20]: EmptyLine
      EmptyLine - Text属性: 无
    [21]: Section
      Section - Text: '{=!}Director Global Brand and Marketing Koch Media'
        Entries: 1, EmptyLines: 0
    [22]: EmptyLine
      EmptyLine - Text属性: 无
    [23]: Section
      Section - Text: '{=!}Brand Knight'
        Entries: 1, EmptyLines: 0
    [24]: EmptyLine
      EmptyLine - Text属性: 无
    [25]: Section
      Section - Text: '{=!}Brand Knight'
        Entries: 1, EmptyLines: 0
    [26]: EmptyLine
      EmptyLine - Text属性: 无
    [27]: Section
      Section - Text: '{=!}Senior Global Communications Manager'
        Entries: 1, EmptyLines: 0
    [28]: EmptyLine
      EmptyLine - Text属性: 无
    [29]: Section
      Section - Text: '{=!}Global Media & Online Services'
        Entries: 0, EmptyLines: 0
    [30]: EmptyLine
      EmptyLine - Text属性: 无
    [31]: Section
      Section - Text: '{=!}Director Global Partner Publishing'
        Entries: 1, EmptyLines: 0
    [32]: EmptyLine
      EmptyLine - Text属性: 无
    [33]: Section
      Section - Text: '{=!}Global Media & Online Services'
        Entries: 7, EmptyLines: 0
    [34]: EmptyLine
      EmptyLine - Text属性: 无
    [35]: Section
      Section - Text: '{=!}Digital Commerce'
        Entries: 0, EmptyLines: 0
    [36]: EmptyLine
      EmptyLine - Text属性: 无
    [37]: Section
      Section - Text: '{=!}Director of Digital Commerce'
        Entries: 1, EmptyLines: 0
    [38]: EmptyLine
      EmptyLine - Text属性: 无
    [39]: Section
      Section - Text: '{=!}Partner Account Manager'
        Entries: 1, EmptyLines: 0
    [40]: EmptyLine
      EmptyLine - Text属性: 无
    [41]: Section
      Section - Text: '{=!}Partner Account Manager'
        Entries: 1, EmptyLines: 0
    [42]: EmptyLine
      EmptyLine - Text属性: 无
    [43]: Section
      Section - Text: '{=!}Digital Business Analyst'
        Entries: 1, EmptyLines: 0
    [44]: EmptyLine
      EmptyLine - Text属性: 无
    [45]: Section
      Section - Text: '{=!}Digital Business Analyst'
        Entries: 1, EmptyLines: 0
    [46]: EmptyLine
      EmptyLine - Text属性: 无
    [47]: Section
      Section - Text: '{=!}Commercial Manager'
        Entries: 1, EmptyLines: 0
    [48]: EmptyLine
      EmptyLine - Text属性: 无
    [49]: Section
      Section - Text: '{=!}Business Development'
        Entries: 0, EmptyLines: 0
    [50]: EmptyLine
      EmptyLine - Text属性: 无
    [51]: Section
      Section - Text: '{=!}Business Development Director'
        Entries: 1, EmptyLines: 0
    [52]: EmptyLine
      EmptyLine - Text属性: 无
    [53]: Section
      Section - Text: '{=!}Senior Business Development Manager'
        Entries: 3, EmptyLines: 0
    [54]: EmptyLine
      EmptyLine - Text属性: 无
    [55]: Section
      Section - Text: '{=!}Business Development Manager'
        Entries: 1, EmptyLines: 0
    [56]: EmptyLine
      EmptyLine - Text属性: 无
    [57]: Section
      Section - Text: '{=!}Business Development Manager'
        Entries: 1, EmptyLines: 0
    [58]: EmptyLine
      EmptyLine - Text属性: 无
    [59]: Section
      Section - Text: '{=!}Junior Business Development Manager / Evaluator'
        Entries: 1, EmptyLines: 0
    [60]: EmptyLine
      EmptyLine - Text属性: 无
    [61]: Section
      Section - Text: '{=!}Junior Business Development Manager'
        Entries: 1, EmptyLines: 0
    [62]: EmptyLine
      EmptyLine - Text属性: 无
    [63]: Section
      Section - Text: '{=!}Junior Business Development Manager'
        Entries: 1, EmptyLines: 0
    [64]: EmptyLine
      EmptyLine - Text属性: 无
    [65]: Section
      Section - Text: '{=!}Senior Business Development Coordinator'
        Entries: 1, EmptyLines: 0
    [66]: EmptyLine
      EmptyLine - Text属性: 无
    [67]: Section
      Section - Text: '{=!}Business Development Coordinator'
        Entries: 1, EmptyLines: 0
    [68]: EmptyLine
      EmptyLine - Text属性: 无
    [69]: Section
      Section - Text: '{=!}Procurement & Operations'
        Entries: 0, EmptyLines: 0
    [70]: EmptyLine
      EmptyLine - Text属性: 无
    [71]: Section
      Section - Text: '{=!}Director International Commercial Operations'
        Entries: 1, EmptyLines: 0
    [72]: EmptyLine
      EmptyLine - Text属性: 无
    [73]: Section
      Section - Text: '{=!}Head of Commercial Planning and Strategy'
        Entries: 1, EmptyLines: 0
    [74]: EmptyLine
      EmptyLine - Text属性: 无
    [75]: Section
      Section - Text: '{=!}International Sales Analyst'
        Entries: 1, EmptyLines: 0
    [76]: EmptyLine
      EmptyLine - Text属性: 无
    [77]: Section
      Section - Text: '{=!}Senior Operations Manager (Commercial Planning & Budgeting)'
        Entries: 1, EmptyLines: 0
    [78]: EmptyLine
      EmptyLine - Text属性: 无
    [79]: Section
      Section - Text: '{=!}Procurement Manager'
        Entries: 1, EmptyLines: 0
    [80]: EmptyLine
      EmptyLine - Text属性: 无
    [81]: Section
      Section - Text: '{=!}Operations Manager (Sales & Trade)'
        Entries: 1, EmptyLines: 0
    [82]: EmptyLine
      EmptyLine - Text属性: 无
    [83]: Section
      Section - Text: '{=!}Sales& Business Development Manager'
        Entries: 1, EmptyLines: 0
    [84]: EmptyLine
      EmptyLine - Text属性: 无
    [85]: Section
      Section - Text: '{=!}Junior Operations Manager'
        Entries: 1, EmptyLines: 0
    [86]: EmptyLine
      EmptyLine - Text属性: 无
    [87]: Section
      Section - Text: '{=!}Commercial Manager'
        Entries: 1, EmptyLines: 0
    [88]: EmptyLine
      EmptyLine - Text属性: 无
    [89]: Section
      Section - Text: '{=!}Head of ERP Data Management'
        Entries: 1, EmptyLines: 0
    [90]: EmptyLine
      EmptyLine - Text属性: 无
    [91]: Section
      Section - Text: '{=!}Operations Manager (Data Management)'
        Entries: 1, EmptyLines: 0
    [92]: EmptyLine
      EmptyLine - Text属性: 无
    [93]: Section
      Section - Text: '{=!}Operations Manager (Admin & Travel)'
        Entries: 1, EmptyLines: 0
    [94]: EmptyLine
      EmptyLine - Text属性: 无
    [95]: Section
      Section - Text: '{=!}Project Manager Business Intelligence & Analytics'
        Entries: 1, EmptyLines: 0
    [96]: EmptyLine
      EmptyLine - Text属性: 无
    [97]: Section
      Section - Text: '{=!}Senior E-Commerce Manager'
        Entries: 1, EmptyLines: 0
    [98]: EmptyLine
      EmptyLine - Text属性: 无
    [99]: Section
      Section - Text: '{=!}Procurement Manager'
        Entries: 1, EmptyLines: 0
    [100]: EmptyLine
      EmptyLine - Text属性: 无
    [101]: Section
      Section - Text: '{=!}Germany, Switzerland& Austria'
        Entries: 0, EmptyLines: 0
    [102]: EmptyLine
      EmptyLine - Text属性: 无
    [103]: Section
      Section - Text: '{=!}Director Marketing & Communications GSA'
        Entries: 1, EmptyLines: 0
    [104]: EmptyLine
      EmptyLine - Text属性: 无
    [105]: Section
      Section - Text: '{=!}GSA Marketing & Communications'
        Entries: 6, EmptyLines: 0
    [106]: EmptyLine
      EmptyLine - Text属性: 无
    [107]: Section
      Section - Text: '{=!}North America'
        Entries: 0, EmptyLines: 0
    [108]: EmptyLine
      EmptyLine - Text属性: 无
    [109]: Section
      Section - Text: '{=!}Chief Executive Officer'
        Entries: 1, EmptyLines: 0
    [110]: EmptyLine
      EmptyLine - Text属性: 无
    [111]: Section
      Section - Text: '{=!}Vice President of Marketing & Communications'
        Entries: 1, EmptyLines: 0
    [112]: EmptyLine
      EmptyLine - Text属性: 无
    [113]: Section
      Section - Text: '{=!}Vice President of Sales'
        Entries: 1, EmptyLines: 0
    [114]: EmptyLine
      EmptyLine - Text属性: 无
    [115]: Section
      Section - Text: '{=!}Director of Marketing'
        Entries: 1, EmptyLines: 0
    [116]: EmptyLine
      EmptyLine - Text属性: 无
    [117]: Section
      Section - Text: '{=!}Head of PR and Communications'
        Entries: 1, EmptyLines: 0
    [118]: EmptyLine
      EmptyLine - Text属性: 无
    [119]: Section
      Section - Text: '{=!}Head of Sales and Analytics'
        Entries: 1, EmptyLines: 0
    [120]: EmptyLine
      EmptyLine - Text属性: 无
    [121]: Section
      Section - Text: '{=!}Head of Channel Marketing & Sales Manager, North America'
        Entries: 1, EmptyLines: 0
    [122]: EmptyLine
      EmptyLine - Text属性: 无
    [123]: Section
      Section - Text: '{=!}Senior Sales Coordinator'
        Entries: 1, EmptyLines: 0
    [124]: EmptyLine
      EmptyLine - Text属性: 无
    [125]: Section
      Section - Text: '{=!}Head of Compliance'
        Entries: 1, EmptyLines: 0
    [126]: EmptyLine
      EmptyLine - Text属性: 无
    [127]: Section
      Section - Text: '{=!}Director of Operations'
        Entries: 1, EmptyLines: 0
    [128]: EmptyLine
      EmptyLine - Text属性: 无
    [129]: Section
      Section - Text: '{=!}United Kingdom'
        Entries: 0, EmptyLines: 0
    [130]: EmptyLine
      EmptyLine - Text属性: 无
    [131]: Section
      Section - Text: '{=!}UK Marketing Director'
        Entries: 1, EmptyLines: 0
    [132]: EmptyLine
      EmptyLine - Text属性: 无
    [133]: Section
      Section - Text: '{=!}UK Senior PR Manager'
        Entries: 1, EmptyLines: 0
    [134]: EmptyLine
      EmptyLine - Text属性: 无
    [135]: Section
      Section - Text: '{=!}UK Community and Influencer Strategist'
        Entries: 1, EmptyLines: 0
    [136]: EmptyLine
      EmptyLine - Text属性: 无
    [137]: Section
      Section - Text: '{=!}UK Product Manager'
        Entries: 1, EmptyLines: 0
    [138]: EmptyLine
      EmptyLine - Text属性: 无
    [139]: Section
      Section - Text: '{=!}UK Product Manager'
        Entries: 1, EmptyLines: 0
    [140]: EmptyLine
      EmptyLine - Text属性: 无
    [141]: Section
      Section - Text: '{=!}UK PR Executive'
        Entries: 1, EmptyLines: 0
    [142]: EmptyLine
      EmptyLine - Text属性: 无
    [143]: Section
      Section - Text: '{=!}UK Community and Influencer Executive'
        Entries: 1, EmptyLines: 0
    [144]: EmptyLine
      EmptyLine - Text属性: 无
    [145]: Section
      Section - Text: '{=!}Nordic'
        Entries: 0, EmptyLines: 0
    [146]: EmptyLine
      EmptyLine - Text属性: 无
    [147]: Section
      Section - Text: '{=!}Managing Director'
        Entries: 1, EmptyLines: 0
    [148]: EmptyLine
      EmptyLine - Text属性: 无
    [149]: Section
      Section - Text: '{=!}Nordic Marketing and Sales'
        Entries: 2, EmptyLines: 0
    [150]: EmptyLine
      EmptyLine - Text属性: 无
    [151]: Section
      Section - Text: '{=!}Italy'
        Entries: 0, EmptyLines: 0
    [152]: EmptyLine
      EmptyLine - Text属性: 无
    [153]: Section
      Section - Text: '{=!}General Manager'
        Entries: 1, EmptyLines: 0
    [154]: EmptyLine
      EmptyLine - Text属性: 无
    [155]: Section
      Section - Text: '{=!}Italian Marketing'
        Entries: 2, EmptyLines: 0
    [156]: EmptyLine
      EmptyLine - Text属性: 无
    [157]: Section
      Section - Text: '{=!}France'
        Entries: 0, EmptyLines: 0
    [158]: EmptyLine
      EmptyLine - Text属性: 无
    [159]: Section
      Section - Text: '{=!}General Manager'
        Entries: 1, EmptyLines: 0
    [160]: EmptyLine
      EmptyLine - Text属性: 无
    [161]: Section
      Section - Text: '{=!}Marketing Director'
        Entries: 1, EmptyLines: 0
    [162]: EmptyLine
      EmptyLine - Text属性: 无
    [163]: Section
      Section - Text: '{=!}Sales Director'
        Entries: 1, EmptyLines: 0
    [164]: EmptyLine
      EmptyLine - Text属性: 无
    [165]: Section
      Section - Text: '{=!}Product Manager'
        Entries: 1, EmptyLines: 0
    [166]: EmptyLine
      EmptyLine - Text属性: 无
    [167]: Section
      Section - Text: '{=!}Assistant Product Manager'
        Entries: 1, EmptyLines: 0
    [168]: EmptyLine
      EmptyLine - Text属性: 无
    [169]: Section
      Section - Text: '{=!}Community Manager'
        Entries: 1, EmptyLines: 0
    [170]: EmptyLine
      EmptyLine - Text属性: 无
    [171]: Section
      Section - Text: '{=!}PR Manager'
        Entries: 2, EmptyLines: 0
    [172]: EmptyLine
      EmptyLine - Text属性: 无
    [173]: Section
      Section - Text: '{=!}Benelux'
        Entries: 0, EmptyLines: 0
    [174]: EmptyLine
      EmptyLine - Text属性: 无
    [175]: Section
      Section - Text: '{=!}Managing Director'
        Entries: 1, EmptyLines: 0
    [176]: EmptyLine
      EmptyLine - Text属性: 无
    [177]: Section
      Section - Text: '{=!}Benelux Marketing and Sales'
        Entries: 6, EmptyLines: 0
    [178]: EmptyLine
      EmptyLine - Text属性: 无
    [179]: Section
      Section - Text: '{=!}Spain'
        Entries: 0, EmptyLines: 0
    [180]: EmptyLine
      EmptyLine - Text属性: 无
    [181]: Section
      Section - Text: '{=!}General Manager'
        Entries: 1, EmptyLines: 0
    [182]: EmptyLine
      EmptyLine - Text属性: 无
    [183]: Section
      Section - Text: '{=!}Spanish Marketing'
        Entries: 9, EmptyLines: 0
    [184]: EmptyLine
      EmptyLine - Text属性: 无
    [185]: Section
      Section - Text: '{=!}Poland'
        Entries: 0, EmptyLines: 0
    [186]: EmptyLine
      EmptyLine - Text属性: 无
    [187]: Section
      Section - Text: '{=!}General Manager'
        Entries: 1, EmptyLines: 0
    [188]: EmptyLine
      EmptyLine - Text属性: 无
    [189]: Section
      Section - Text: '{=!}Marketing and PR Manager'
        Entries: 1, EmptyLines: 0
    [190]: EmptyLine
      EmptyLine - Text属性: 无
    [191]: Section
      Section - Text: '{=!}Marketing and PR Specialist'
        Entries: 1, EmptyLines: 0
    [192]: EmptyLine
      EmptyLine - Text属性: 无
    [193]: Section
      Section - Text: '{=!}Key Account Managers'
        Entries: 2, EmptyLines: 0
    [194]: EmptyLine
      EmptyLine - Text属性: 无
    [195]: Section
      Section - Text: '{=!}Operations'
        Entries: 1, EmptyLines: 0
    [196]: EmptyLine
      EmptyLine - Text属性: 无
    [197]: Section
      Section - Text: '{=!}Export Sales Manager'
        Entries: 1, EmptyLines: 0
    [198]: EmptyLine
      EmptyLine - Text属性: 无
    [199]: Section
      Section - Text: '{=!}Territory Managers'
        Entries: 2, EmptyLines: 0
    [200]: EmptyLine
      EmptyLine - Text属性: 无
    [201]: Section
      Section - Text: '{=!}Australia and New Zealand'
        Entries: 0, EmptyLines: 0
    [202]: EmptyLine
      EmptyLine - Text属性: 无
    [203]: Section
      Section - Text: '{=!}Managing Director'
        Entries: 1, EmptyLines: 0
    [204]: EmptyLine
      EmptyLine - Text属性: 无
    [205]: Section
      Section - Text: '{=!}Chief Financial Officer'
        Entries: 1, EmptyLines: 0
    [206]: EmptyLine
      EmptyLine - Text属性: 无
    [207]: Section
      Section - Text: '{=!}Marketing Director'
        Entries: 1, EmptyLines: 0
    [208]: EmptyLine
      EmptyLine - Text属性: 无
    [209]: Section
      Section - Text: '{=!}Senior Marketing & PR Manager'
        Entries: 1, EmptyLines: 0
    [210]: EmptyLine
      EmptyLine - Text属性: 无
    [211]: Section
      Section - Text: '{=!}Social Media and Community Coordinator'
        Entries: 1, EmptyLines: 0
    [212]: EmptyLine
      EmptyLine - Text属性: 无
    [213]: Section
      Section - Text: '{=!}Marketing and Communications Coordinator'
        Entries: 1, EmptyLines: 0
    [214]: EmptyLine
      EmptyLine - Text属性: 无
    [215]: Section
      Section - Text: '{=!}Operations Manager'
        Entries: 1, EmptyLines: 0
    [216]: EmptyLine
      EmptyLine - Text属性: 无
    [217]: Section
      Section - Text: '{=!}Sales Director'
        Entries: 1, EmptyLines: 0
    [218]: EmptyLine
      EmptyLine - Text属性: 无
    [219]: Section
      Section - Text: '{=!}National Account Manager'
        Entries: 1, EmptyLines: 0
    [220]: EmptyLine
      EmptyLine - Text属性: 无
    [221]: Section
      Section - Text: '{=!}Asia'
        Entries: 0, EmptyLines: 0
    [222]: EmptyLine
      EmptyLine - Text属性: 无
    [223]: Section
      Section - Text: '{=!}China, Korea and Southeast Asia'
        Entries: 0, EmptyLines: 0
    [224]: EmptyLine
      EmptyLine - Text属性: 无
    [225]: Section
      Section - Text: '{=!}Managing Director'
        Entries: 1, EmptyLines: 0
    [226]: EmptyLine
      EmptyLine - Text属性: 无
    [227]: Section
      Section - Text: '{=!}Territory and Licensing Manager Asia'
        Entries: 1, EmptyLines: 0
    [228]: EmptyLine
      EmptyLine - Text属性: 无
    [229]: Section
      Section - Text: '{=!}Senior Marketing/PR Manager'
        Entries: 1, EmptyLines: 0
    [230]: EmptyLine
      EmptyLine - Text属性: 无
    [231]: Section
      Section - Text: '{=!}Marketing & PR Manager'
        Entries: 2, EmptyLines: 0
    [232]: EmptyLine
      EmptyLine - Text属性: 无
    [233]: Section
      Section - Text: '{=!}Community Manager'
        Entries: 1, EmptyLines: 0
    [234]: EmptyLine
      EmptyLine - Text属性: 无
    [235]: Section
      Section - Text: '{=!}Management Assistant'
        Entries: 1, EmptyLines: 0
    [236]: EmptyLine
      EmptyLine - Text属性: 无
    [237]: Section
      Section - Text: '{=!}Administration Specialist'
        Entries: 1, EmptyLines: 0
    [238]: EmptyLine
      EmptyLine - Text属性: 无
    [239]: Section
      Section - Text: '{=!}Japan'
        Entries: 0, EmptyLines: 0
    [240]: EmptyLine
      EmptyLine - Text属性: 无
    [241]: Section
      Section - Text: '{=!}Managing Director'
        Entries: 1, EmptyLines: 0
    [242]: EmptyLine
      EmptyLine - Text属性: 无
    [243]: Section
      Section - Text: '{=!}Territory and Licensing Manager Japan'
        Entries: 1, EmptyLines: 0
    [244]: EmptyLine
      EmptyLine - Text属性: 无
    [245]: Section
      Section - Text: '{=!}Management Assistant'
        Entries: 1, EmptyLines: 0
    [246]: EmptyLine
      EmptyLine - Text属性: 无
    [247]: Section
      Section - Text: '{=!}Head of Marketing & PR'
        Entries: 1, EmptyLines: 0
    [248]: EmptyLine
      EmptyLine - Text属性: 无
    [249]: Section
      Section - Text: '{=!}Marketing Manager'
        Entries: 1, EmptyLines: 0
    [250]: EmptyLine
      EmptyLine - Text属性: 无
    [251]: Section
      Section - Text: '{=!}Localization & Release Manager'
        Entries: 1, EmptyLines: 0
    [252]: EmptyLine
      EmptyLine - Text属性: 无
    [253]: Section
      Section - Text: '{=!}General Affairs Manager'
        Entries: 1, EmptyLines: 0
    [254]: EmptyLine
      EmptyLine - Text属性: 无
    [255]: Section
      Section - Text: '{=!}End Notes'
        Entries: 2, EmptyLines: 0
    [256]: EmptyLine
      EmptyLine - Text属性: 无
    [257]: Section
      Section - Text: 'Mono'
        Entries: 2, EmptyLines: 0
    [258]: EmptyLine
      EmptyLine - Text属性: 无
    [259]: Section
      Section - Text: '{=!}Website frontend'
        Entries: 1, EmptyLines: 0
    [260]: EmptyLine
      EmptyLine - Text属性: 无
    [261]: Section
      Section - Text: '{=!}Website backend'
        Entries: 1, EmptyLines: 0
    [262]: EmptyLine
      EmptyLine - Text属性: 无
Category[18]: {=!}Game Localization
    [0]: Section
      Section - Text: '{=!}Turkish'
        Entries: 2, EmptyLines: 0
    [1]: EmptyLine
      EmptyLine - Text属性: 无
    [2]: Section
      Section - Text: '{=!}Simplified Chinese & Traditional Chinese:'
        Entries: 21, EmptyLines: 0
    [3]: EmptyLine
      EmptyLine - Text属性: 无
    [4]: Section
      Section - Text: '{=!}Japanese, Korean, Polish and Russian'
        Entries: 1, EmptyLines: 0
    [5]: EmptyLine
      EmptyLine - Text属性: 无
    [6]: Section
      Section - Text: '{=!}Localization for German, French, Italian, Latinamerican Spanish, and Brazilian Portuguese'
        Entries: 1, EmptyLines: 0
    [7]: EmptyLine
      EmptyLine - Text属性: 无
    [8]: Section
      Section - Text: '{=!}Special Thanks'
        Entries: 1, EmptyLines: 0
    [9]: EmptyLine
      EmptyLine - Text属性: 无
    [10]: Section
      Section - Text: '{=!}Text Localization Manager and Multilanguage Project Management'
        Entries: 1, EmptyLines: 0
    [11]: EmptyLine
      EmptyLine - Text属性: 无
    [12]: EmptyLine
      EmptyLine - Text属性: 无
    [13]: Section
      Section - Text: '{=!}German Localization'
        Entries: 1, EmptyLines: 0
    [14]: EmptyLine
      EmptyLine - Text属性: 无
    [15]: Section
      Section - Text: '{=!}Project Management'
        Entries: 1, EmptyLines: 0
    [16]: EmptyLine
      EmptyLine - Text属性: 无
    [17]: Section
      Section - Text: '{=!}Translation Team'
        Entries: 3, EmptyLines: 0
    [18]: EmptyLine
      EmptyLine - Text属性: 无
    [19]: Section
      Section - Text: '{=!}Review & Editing'
        Entries: 1, EmptyLines: 0
    [20]: EmptyLine
      EmptyLine - Text属性: 无
    [21]: Section
      Section - Text: '{=!}Language Coding Editing'
        Entries: 1, EmptyLines: 0
    [22]: EmptyLine
      EmptyLine - Text属性: 无
    [23]: EmptyLine
      EmptyLine - Text属性: 无
    [24]: Section
      Section - Text: '{=!}French Localization'
        Entries: 1, EmptyLines: 0
    [25]: EmptyLine
      EmptyLine - Text属性: 无
    [26]: Section
      Section - Text: '{=!}Project Management'
        Entries: 2, EmptyLines: 0
    [27]: EmptyLine
      EmptyLine - Text属性: 无
    [28]: Section
      Section - Text: '{=!}Translation Team'
        Entries: 2, EmptyLines: 0
    [29]: EmptyLine
      EmptyLine - Text属性: 无
    [30]: Section
      Section - Text: '{=!}Review & Editing'
        Entries: 1, EmptyLines: 0
    [31]: EmptyLine
      EmptyLine - Text属性: 无
    [32]: Section
      Section - Text: '{=!}Language Coding Editing'
        Entries: 2, EmptyLines: 0
    [33]: EmptyLine
      EmptyLine - Text属性: 无
    [34]: EmptyLine
      EmptyLine - Text属性: 无
    [35]: Section
      Section - Text: '{=!}Italian Localization'
        Entries: 1, EmptyLines: 0
    [36]: EmptyLine
      EmptyLine - Text属性: 无
    [37]: Section
      Section - Text: '{=!}Project Management'
        Entries: 3, EmptyLines: 0
    [38]: EmptyLine
      EmptyLine - Text属性: 无
    [39]: Section
      Section - Text: '{=!}Translation Team'
        Entries: 3, EmptyLines: 0
    [40]: EmptyLine
      EmptyLine - Text属性: 无
    [41]: Section
      Section - Text: '{=!}Review & Editing'
        Entries: 2, EmptyLines: 0
    [42]: EmptyLine
      EmptyLine - Text属性: 无
    [43]: Section
      Section - Text: '{=!}Language Coding Editing'
        Entries: 2, EmptyLines: 0
    [44]: EmptyLine
      EmptyLine - Text属性: 无
    [45]: EmptyLine
      EmptyLine - Text属性: 无
    [46]: Section
      Section - Text: '{=!}Spanish Localization (Latinamerican)'
        Entries: 1, EmptyLines: 0
    [47]: EmptyLine
      EmptyLine - Text属性: 无
    [48]: Section
      Section - Text: '{=!}Project Management'
        Entries: 2, EmptyLines: 0
    [49]: EmptyLine
      EmptyLine - Text属性: 无
    [50]: Section
      Section - Text: '{=!}Translation Team'
        Entries: 4, EmptyLines: 0
    [51]: EmptyLine
      EmptyLine - Text属性: 无
    [52]: Section
      Section - Text: '{=!}Review & Editing'
        Entries: 2, EmptyLines: 0
    [53]: EmptyLine
      EmptyLine - Text属性: 无
    [54]: Section
      Section - Text: '{=!}Language Coding Editing (Latinamerican)'
        Entries: 1, EmptyLines: 0
    [55]: EmptyLine
      EmptyLine - Text属性: 无
    [56]: Section
      Section - Text: '{=!}Project Management'
        Entries: 1, EmptyLines: 0
    [57]: EmptyLine
      EmptyLine - Text属性: 无
    [58]: Section
      Section - Text: '{=!}Editing'
        Entries: 1, EmptyLines: 0
    [59]: EmptyLine
      EmptyLine - Text属性: 无
    [60]: EmptyLine
      EmptyLine - Text属性: 无
    [61]: Section
      Section - Text: '{=!}Portuguese Localization (Brazilian)'
        Entries: 1, EmptyLines: 0
    [62]: EmptyLine
      EmptyLine - Text属性: 无
    [63]: Section
      Section - Text: '{=!}Project Management'
        Entries: 2, EmptyLines: 0
    [64]: EmptyLine
      EmptyLine - Text属性: 无
    [65]: Section
      Section - Text: '{=!}Translation Team'
        Entries: 3, EmptyLines: 0
    [66]: EmptyLine
      EmptyLine - Text属性: 无
    [67]: Section
      Section - Text: '{=!}Review & Editing & Language Coding Editing'
        Entries: 2, EmptyLines: 0
    [68]: EmptyLine
      EmptyLine - Text属性: 无
    [69]: EmptyLine
      EmptyLine - Text属性: 无
    [70]: Section
      Section - Text: '{=!}Technical Partners'
        Entries: 7, EmptyLines: 0
    [71]: EmptyLine
      EmptyLine - Text属性: 无
    [72]: Section
      Section - Text: '{=!}Social Media'
        Entries: 5, EmptyLines: 0
    [73]: EmptyLine
      EmptyLine - Text属性: 无
    [74]: Section
      Section - Text: '{=!}Public Relations Partners'
        Entries: 12, EmptyLines: 4
    [75]: EmptyLine
      EmptyLine - Text属性: 无
    [76]: Section
      Section - Text: '{=!}Legal'
        Entries: 12, EmptyLines: 3
    [77]: EmptyLine
      EmptyLine - Text属性: 无
Category[19]: {=!}Special Thanks
    [0]: Section
      Section - Text: '{=!}From China'
        Entries: 8, EmptyLines: 0
    [1]: EmptyLine
      EmptyLine - Text属性: 无
    [2]: Section
      Section - Text: '{=!}From Lithuania'
        Entries: 4, EmptyLines: 0
    [3]: EmptyLine
      EmptyLine - Text属性: 无
    [4]: Section
      Section - Text: '{=!}From Turkey'
        Entries: 4, EmptyLines: 0
    [5]: EmptyLine
      EmptyLine - Text属性: 无
=== 手动统计 ===
原始XML - 节点数: 1310, 属性数: 1041
序列化XML - 节点数: 1310, 属性数: 1041
节点差异: 0
属性差异: 0
=== 差异报告 ===
IsStructurallyEqual: False
NodeCountDifference: 
AttributeCountDifference: 
=== 原始XML ===
<?xml version="1.0" encoding="utf-8"?>
<Credits xmlns:xsd="http://www.w3.org/2001/XMLSchema" xmlns:xsi="http://www.w3.org/2001/XMLSchema-instance">
    <Category Text="Test">
        <Entry Text="Test Entry" />
        <EmptyLine />
    </Category>
</Credits>
原始命名空间数量: 2
清理后命名空间数量: 0
=== 清理后XML ===
<Credits>
  <Category Text="Test">
    <Entry Text="Test Entry" />
    <EmptyLine />
  </Category>
</Credits>
  已通过 BannerlordModEditor.Common.Tests.CreditsExternalPartnersXBoxXmlTests.CreditsExternalPartnersXBox_LoadAndSave_ShouldBeLogicallyIdentical [10 ms]
  已通过 BannerlordModEditor.Common.Tests.LooknfeelXmlTests.Looknfeel_DO_TO_DTO_Mapping_Test [55 ms]
  已通过 BannerlordModEditor.Common.Tests.LooknfeelXmlTests.Looknfeel_Roundtrip_StructuralEquality [11 ms]
  已通过 BannerlordModEditor.Common.Tests.CreditsDebugTest.Debug_Credits_Element_Order [22 ms]
  已通过 BannerlordModEditor.Common.Tests.CreditsDebugTest.Debug_Credits_Element_Details [13 ms]
  已通过 BannerlordModEditor.Common.Tests.CreditsDebugTest.Debug_Credits_XmlDifference [20 ms]
  已通过 BannerlordModEditor.Common.Tests.CreditsDebugTest.Debug_RemoveNamespaceDeclarations [< 1 ms]
  已通过 BannerlordModEditor.Common.Tests.ModuleSoundsXmlTests.ModuleSounds_LoadAndSave_ShouldBeLogicallyIdentical [10 ms]
  已通过 BannerlordModEditor.Common.Tests.ModuleSoundsXmlTests.ModuleSounds_ValidateDataIntegrity_ShouldPassBasicChecks [5 ms]
[xUnit.net 00:00:01.10]       Assert.Contains() Failure: Item not found in collection
[xUnit.net 00:00:01.10]       Collection: ["/a[0]@attr: A=true, B=2"]
[xUnit.net 00:00:01.10]       Not found:  "/a[0]@attr: A=1, B=2"
[xUnit.net 00:00:01.10]       Stack Trace:
[xUnit.net 00:00:01.10]         /root/WorkSpace/CSharp/BannerlordModEditor/BannerlordModEditor.Common.Tests/__tests__/XmlTestUtils.test.cs(35,0): at BannerlordModEditor.Common.Tests.__tests__.XmlTestUtils_CompareXmlStructure_Tests.NodeAndAttributeDifferences_ShouldBeReported()
[xUnit.net 00:00:01.11]            at System.RuntimeMethodHandle.InvokeMethod(Object target, Void** arguments, Signature sig, Boolean isConstructor)
[xUnit.net 00:00:01.11]            at System.Reflection.MethodBaseInvoker.InvokeWithNoArgs(Object obj, BindingFlags invokeAttr)
  已通过 BannerlordModEditor.Common.Tests.ParticleSystemsDebugTest.Debug_ParticleSystems_Differences [402 ms]
  已通过 BannerlordModEditor.Common.Tests.__tests__.XmlTestUtils_CompareXmlStructure_Tests.DeepNestedStructure_ShouldCompareRecursively [1 ms]
  已通过 BannerlordModEditor.Common.Tests.__tests__.XmlTestUtils_CompareXmlStructure_Tests.DiffReportObject_ShouldBeCompatibleWithAssertions [< 1 ms]
  已通过 BannerlordModEditor.Common.Tests.__tests__.XmlTestUtils_CompareXmlStructure_Tests.AttributeNullVsMissing_ShouldReportCorrectly [< 1 ms]
  失败 BannerlordModEditor.Common.Tests.__tests__.XmlTestUtils_CompareXmlStructure_Tests.NodeAndAttributeDifferences_ShouldBeReported [< 1 ms]
  错误消息:
   Assert.Contains() Failure: Item not found in collection
Collection: ["/a[0]@attr: A=true, B=2"]
Not found:  "/a[0]@attr: A=1, B=2"
  堆栈跟踪:
     at BannerlordModEditor.Common.Tests.__tests__.XmlTestUtils_CompareXmlStructure_Tests.NodeAndAttributeDifferences_ShouldBeReported() in /root/WorkSpace/CSharp/BannerlordModEditor/BannerlordModEditor.Common.Tests/__tests__/XmlTestUtils.test.cs:line 35
   at System.RuntimeMethodHandle.InvokeMethod(Object target, Void** arguments, Signature sig, Boolean isConstructor)
   at System.Reflection.MethodBaseInvoker.InvokeWithNoArgs(Object obj, BindingFlags invokeAttr)
  已通过 BannerlordModEditor.Common.Tests.GogAchievementDataXmlTests.GogAchievementData_RoundTrip_StructuralEquality [15 ms]
  已通过 BannerlordModEditor.Common.Tests.TerrainMaterialsXmlTests.TerrainMaterials_LoadAndSave_ShouldBeLogicallyIdentical [22 ms]
  已通过 BannerlordModEditor.Common.Tests.TerrainMaterialsXmlTests.TerrainMaterials_ShouldPreserveNumericPrecision [< 1 ms]
  已通过 BannerlordModEditor.Common.Tests.TerrainMaterialsXmlTests.TerrainMaterials_ShouldHandleOptionalAttributes [< 1 ms]
✅ ParticleSystems XML序列化测试通过
原始XML已写入: original_looknfeel.xml
序列化XML已写入: serialized_looknfeel.xml
Original elements: 539, Serialized elements: 539
Element 8: sub_widget
  Original attrs: 10, Serialized attrs: 2
  Missing: ref, size, position, style, vertical_alignment, horizontal_aligment, text_color, text_highlight_color, font_size
  Extra: tiling
Element 9: meshes
  Original attrs: 0, Serialized attrs: 2
  Extra: name, tiling
Element 11: button_pressed_mesh
  Original attrs: 2, Serialized attrs: 0
  Missing: name, tiling
Element 12: highlight_mesh
  Original attrs: 2, Serialized attrs: 10
  Missing: tiling
  Extra: font_size, horizontal_alignment, position, ref, size, style, text_color, text_highlight_color, vertical_alignment
Element 41: sub_widget
  Original attrs: 6, Serialized attrs: 1
  Missing: ref, size, position, text_color, style
Element 43: background_mesh
  Original attrs: 1, Serialized attrs: 6
  Extra: position, ref, size, style, text_color
Element 65: sub_widget
  Original attrs: 4, Serialized attrs: 2
  Missing: ref, size, position
  Extra: main_mesh
Element 67: background_mesh
  Original attrs: 2, Serialized attrs: 4
  Missing: main_mesh
  Extra: position, ref, size
Element 80: sub_widget
  Original attrs: 10, Serialized attrs: 2
  Missing: ref, size, position, style, vertical_alignment, horizontal_aligment, text_color, text_highlight_color, font_size
  Extra: main_mesh
Element 81: meshes
  Original attrs: 0, Serialized attrs: 1
  Extra: name
Element 82: button_mesh
  Original attrs: 2, Serialized attrs: 0
  Missing: name, main_mesh
Element 83: button_pressed_mesh
  Original attrs: 1, Serialized attrs: 10
  Extra: font_size, horizontal_alignment, position, ref, size, style, text_color, text_highlight_color, vertical_alignment
Element 104: sub_widget
  Original attrs: 8, Serialized attrs: 2
  Missing: ref, size, position, style, vertical_alignment, horizontal_aligment, text_color
  Extra: main_mesh
Element 106: background_mesh
  Original attrs: 2, Serialized attrs: 8
  Missing: main_mesh
  Extra: horizontal_alignment, position, ref, size, style, text_color, vertical_alignment
Element 144: sub_widget
  Original attrs: 10, Serialized attrs: 2
  Missing: ref, size, position, style, vertical_alignment, horizontal_aligment, text_color, text_highlight_color, font_size
  Extra: main_mesh
Element 145: meshes
  Original attrs: 0, Serialized attrs: 1
  Extra: name
Element 146: button_mesh
  Original attrs: 2, Serialized attrs: 0
  Missing: name, main_mesh
Element 147: button_pressed_mesh
  Original attrs: 1, Serialized attrs: 10
  Extra: font_size, horizontal_alignment, position, ref, size, style, text_color, text_highlight_color, vertical_alignment
Element 158: sub_widget
  Original attrs: 10, Serialized attrs: 3
  Missing: ref, size, style, vertical_alignment, horizontal_aligment, text_color, text_highlight_color, font_size
  Extra: main_mesh
Element 159: meshes
  Original attrs: 0, Serialized attrs: 1
  Extra: name
Element 160: button_mesh
  Original attrs: 3, Serialized attrs: 0
  Missing: name, main_mesh, position
Element 161: button_pressed_mesh
  Original attrs: 1, Serialized attrs: 10
  Extra: font_size, horizontal_alignment, position, ref, size, style, text_color, text_highlight_color, vertical_alignment
Element 174: button_mesh
  Original attrs: 1, Serialized attrs: 2
  Extra: main_mesh
Element 175: background_mesh
  Original attrs: 2, Serialized attrs: 1
  Missing: main_mesh
Element 196: sub_widget
  Original attrs: 4, Serialized attrs: 2
  Missing: ref, position, size
  Extra: main_mesh
Element 198: background_mesh
  Original attrs: 2, Serialized attrs: 4
  Missing: main_mesh
  Extra: position, ref, size
Element 201: sub_widget
  Original attrs: 4, Serialized attrs: 2
  Missing: ref, position, size
  Extra: main_mesh
Element 203: background_mesh
  Original attrs: 2, Serialized attrs: 4
  Missing: main_mesh
  Extra: position, ref, size
Element 206: sub_widget
  Original attrs: 4, Serialized attrs: 2
  Missing: ref, position, size
  Extra: main_mesh
Element 208: background_mesh
  Original attrs: 2, Serialized attrs: 4
  Missing: main_mesh
  Extra: position, ref, size
Element 258: sub_widget
  Original attrs: 10, Serialized attrs: 2
  Missing: ref, size, position, style, vertical_alignment, horizontal_aligment, text_color, text_highlight_color, font_size
  Extra: main_mesh
Element 259: meshes
  Original attrs: 0, Serialized attrs: 1
  Extra: name
Element 260: button_mesh
  Original attrs: 2, Serialized attrs: 0
  Missing: name, main_mesh
Element 261: button_pressed_mesh
  Original attrs: 1, Serialized attrs: 10
  Extra: font_size, horizontal_alignment, position, ref, size, style, text_color, text_highlight_color, vertical_alignment
Element 355: sub_widget
  Original attrs: 4, Serialized attrs: 2
  Missing: ref, position, size
  Extra: main_mesh
Element 357: background_mesh
  Original attrs: 2, Serialized attrs: 4
  Missing: main_mesh
  Extra: position, ref, size
Element 383: sub_widget
  Original attrs: 10, Serialized attrs: 2
  Missing: ref, size, position, style, vertical_alignment, horizontal_aligment, text_color, text_highlight_color, font_size
  Extra: main_mesh
Element 384: meshes
  Original attrs: 0, Serialized attrs: 1
  Extra: name
Element 385: button_mesh
  Original attrs: 2, Serialized attrs: 0
  Missing: name, main_mesh
Element 386: button_pressed_mesh
  Original attrs: 1, Serialized attrs: 10
  Extra: font_size, horizontal_alignment, position, ref, size, style, text_color, text_highlight_color, vertical_alignment
Element 477: sub_widget
  Original attrs: 8, Serialized attrs: 2
  Missing: ref, size, position, style, vertical_alignment, horizontal_aligment, text_color
  Extra: main_mesh
Element 479: background_mesh
  Original attrs: 2, Serialized attrs: 8
  Missing: main_mesh
  Extra: horizontal_alignment, position, ref, size, style, text_color, vertical_alignment
Element 482: sub_widget
  Original attrs: 4, Serialized attrs: 2
  Missing: ref, position, size
  Extra: main_mesh
Element 484: background_mesh
  Original attrs: 2, Serialized attrs: 4
  Missing: main_mesh
  Extra: position, ref, size
Element 496: sub_widget
  Original attrs: 10, Serialized attrs: 2
  Missing: ref, size, position, style, vertical_alignment, horizontal_aligment, text_color, text_highlight_color, font_size
  Extra: main_mesh
Element 497: sub_widgets
  Original attrs: 0, Serialized attrs: 1
  Extra: name
Element 498: sub_widget
  Original attrs: 10, Serialized attrs: 0
  Missing: ref, name, size, position, style, vertical_alignment, horizontal_aligment, text_color, text_highlight_color, font_size
Element 499: meshes
  Original attrs: 0, Serialized attrs: 10
  Extra: font_size, horizontal_alignment, name, position, ref, size, style, text_color, text_highlight_color, vertical_alignment
Element 500: button_mesh
  Original attrs: 2, Serialized attrs: 0
  Missing: name, main_mesh
Element 501: button_pressed_mesh
  Original attrs: 1, Serialized attrs: 10
  Extra: font_size, horizontal_alignment, position, ref, size, style, text_color, text_highlight_color, vertical_alignment
Element 504: sub_widget
  Original attrs: 10, Serialized attrs: 2
  Missing: ref, size, position, style, vertical_alignment, horizontal_aligment, text_color, text_highlight_color, font_size
  Extra: main_mesh
Element 505: meshes
  Original attrs: 0, Serialized attrs: 1
  Extra: name
Element 506: button_mesh
  Original attrs: 2, Serialized attrs: 0
  Missing: name, main_mesh
Element 507: button_pressed_mesh
  Original attrs: 1, Serialized attrs: 10
  Extra: font_size, horizontal_alignment, position, ref, size, style, text_color, text_highlight_color, vertical_alignment
Element 510: sub_widget
  Original attrs: 10, Serialized attrs: 2
  Missing: ref, size, position, style, vertical_alignment, horizontal_aligment, text_color, text_highlight_color, font_size
  Extra: main_mesh
Element 511: meshes
  Original attrs: 0, Serialized attrs: 1
  Extra: name
Element 512: button_mesh
  Original attrs: 2, Serialized attrs: 0
  Missing: name, main_mesh
Element 513: button_pressed_mesh
  Original attrs: 1, Serialized attrs: 10
  Extra: font_size, horizontal_alignment, position, ref, size, style, text_color, text_highlight_color, vertical_alignment
Element 516: sub_widget
  Original attrs: 10, Serialized attrs: 2
  Missing: ref, size, position, style, vertical_alignment, horizontal_aligment, text_color, text_highlight_color, font_size
  Extra: main_mesh
Element 517: meshes
  Original attrs: 0, Serialized attrs: 1
  Extra: name
Element 518: button_mesh
  Original attrs: 2, Serialized attrs: 0
  Missing: name, main_mesh
Element 519: button_pressed_mesh
  Original attrs: 1, Serialized attrs: 10
  Extra: font_size, horizontal_alignment, position, ref, size, style, text_color, text_highlight_color, vertical_alignment
Element 522: sub_widget
  Original attrs: 10, Serialized attrs: 2
  Missing: ref, size, position, style, vertical_alignment, horizontal_aligment, text_color, text_highlight_color, font_size
  Extra: main_mesh
Element 523: meshes
  Original attrs: 0, Serialized attrs: 1
  Extra: name
Element 524: button_mesh
  Original attrs: 2, Serialized attrs: 0
  Missing: name, main_mesh
Element 525: button_pressed_mesh
  Original attrs: 1, Serialized attrs: 10
  Extra: font_size, horizontal_alignment, position, ref, size, style, text_color, text_highlight_color, vertical_alignment
Total original attributes: 1220
Total serialized attributes: 1220
Difference: 0
=== 详细属性差异分析 ===
✅ horizontal_aligment映射测试通过！
  已通过 BannerlordModEditor.Common.Tests.TerrainMaterialsXmlTests.TerrainMaterials_ShouldHandleEmptyMeshes [1 ms]
  已通过 BannerlordModEditor.Common.Tests.TerrainMaterialsXmlTests.TerrainMaterials_ShouldSerializeWithoutNullAttributes [< 1 ms]
  已通过 BannerlordModEditor.Common.Tests.ParticleSystemsQuickTest.TestParticleSystemsBasicFunctionality [1 ms]
  已通过 BannerlordModEditor.Common.Tests.ItemUsageSetsXmlTests.ItemUsageSets_DataIntegrityValidation [27 ms]
  已通过 BannerlordModEditor.Common.Tests.ItemUsageSetsXmlTests.ItemUsageSets_ValidateSpecificSets [6 ms]
  已通过 BannerlordModEditor.Common.Tests.ItemUsageSetsXmlTests.ItemUsageSets_RoundTrip_ShouldBeLogicallyIdentical [23 ms]
  已通过 BannerlordModEditor.Common.Tests.ItemUsageSetsXmlTests.ItemUsageSets_CanBeDeserialized [5 ms]
  已通过 BannerlordModEditor.Common.Tests.QuickMissingAttrTest.Quick_Find_Missing_Attribute [19 ms]
  已通过 BannerlordModEditor.Common.Tests.QuickMissingAttrTest.Test_HorizontalAligment_Mapping [< 1 ms]
原始XML长度: 119393
反序列化后的Cosmetic数量: 586
序列化后的XML长度: 88067
结构相等性: False
原始XML行数: 5506
序列化XML行数: 2133
第一个差异在第 3 行:
原始: '	<!-- Vlanida Body Armors -->
'
序列化: '  <Cosmetic cost="500" id="mp_vlandia_chainmail" rarity="Rare" type="Clothing">'
[xUnit.net 00:00:01.42]       System.InvalidOperationException : There is an error in XML document (2, 2).
[xUnit.net 00:00:01.42]       ---- System.InvalidOperationException : <base xmlns=''> was not expected.
[xUnit.net 00:00:01.42]       Stack Trace:
[xUnit.net 00:00:01.42]            at System.Xml.Serialization.XmlSerializer.Deserialize(XmlReader xmlReader, String encodingStyle, XmlDeserializationEvents events)
[xUnit.net 00:00:01.42]            at System.Xml.Serialization.XmlSerializer.Deserialize(TextReader textReader)
[xUnit.net 00:00:01.42]         /root/WorkSpace/CSharp/BannerlordModEditor/BannerlordModEditor.Common.Tests/XmlTestUtils.cs(57,0): at BannerlordModEditor.Common.Tests.XmlTestUtils.Deserialize[T](String xml)
[xUnit.net 00:00:01.42]         /root/WorkSpace/CSharp/BannerlordModEditor/BannerlordModEditor.Common.Tests/FloraKindsLayoutXmlTests.cs(23,0): at BannerlordModEditor.Common.Tests.FloraKindsLayoutXmlTests.Deserialize_FloraKindsLayoutXml_ShouldSucceed()
[xUnit.net 00:00:01.42]            at System.RuntimeMethodHandle.InvokeMethod(Object target, Void** arguments, Signature sig, Boolean isConstructor)
[xUnit.net 00:00:01.42]            at System.Reflection.MethodBaseInvoker.InvokeWithNoArgs(Object obj, BindingFlags invokeAttr)
[xUnit.net 00:00:01.42]         ----- Inner Stack Trace -----
[xUnit.net 00:00:01.42]            at Microsoft.Xml.Serialization.GeneratedAssembly.XmlSerializationReaderFloraKindsLayoutDO.Read17_FloraKindsLayoutDO()
[xUnit.net 00:00:01.42]            at System.RuntimeMethodHandle.InvokeMethod(Object target, Void** arguments, Signature sig, Boolean isConstructor)
[xUnit.net 00:00:01.42]            at System.Reflection.MethodBaseInvoker.InvokeWithNoArgs(Object obj, BindingFlags invokeAttr)
  已通过 BannerlordModEditor.Common.Tests.MpcosmeticsDebugTest.Mpcosmetics_Debug_Analysis [37 ms]
  已通过 BannerlordModEditor.Common.Tests.Services.FileDiscoveryServiceIntegrationTests.FileDiscoveryService_ShouldNotIncludeAdaptedFiles [20 ms]
  已通过 BannerlordModEditor.Common.Tests.Services.FileDiscoveryServiceIntegrationTests.FileDiscoveryService_ShouldFindKnownUnadaptedFiles [10 ms]
  已通过 BannerlordModEditor.Common.Tests.TauntUsageSetsXmlTests.TauntUsageSets_RoundTrip_StructuralEquality [80 ms]
  已通过 BannerlordModEditor.Common.Tests.AdditionalSimpleTypesTests.Music_SpecificEntries_ShouldHaveCorrectValues [7 ms]
  已通过 BannerlordModEditor.Common.Tests.AdditionalSimpleTypesTests.Music_LoadAndSave_ShouldBeLogicallyIdentical [1 ms]
  已通过 BannerlordModEditor.Common.Tests.AdditionalSimpleTypesTests.Music_HexadecimalFlags_ShouldBePreserved [1 ms]
  已通过 BannerlordModEditor.Common.Tests.AdditionalSimpleTypesTests.Parties_LoadAndSave_ShouldBeLogicallyIdentical [9 ms]
  失败 BannerlordModEditor.Common.Tests.FloraKindsLayoutXmlTests.Deserialize_FloraKindsLayoutXml_ShouldSucceed [10 ms]
  错误消息:
   System.InvalidOperationException : There is an error in XML document (2, 2).
---- System.InvalidOperationException : <base xmlns=''> was not expected.
  堆栈跟踪:
     at System.Xml.Serialization.XmlSerializer.Deserialize(XmlReader xmlReader, String encodingStyle, XmlDeserializationEvents events)
   at System.Xml.Serialization.XmlSerializer.Deserialize(TextReader textReader)
   at BannerlordModEditor.Common.Tests.XmlTestUtils.Deserialize[T](String xml) in /root/WorkSpace/CSharp/BannerlordModEditor/BannerlordModEditor.Common.Tests/XmlTestUtils.cs:line 57
   at BannerlordModEditor.Common.Tests.FloraKindsLayoutXmlTests.Deserialize_FloraKindsLayoutXml_ShouldSucceed() in /root/WorkSpace/CSharp/BannerlordModEditor/BannerlordModEditor.Common.Tests/FloraKindsLayoutXmlTests.cs:line 23
   at System.RuntimeMethodHandle.InvokeMethod(Object target, Void** arguments, Signature sig, Boolean isConstructor)
   at System.Reflection.MethodBaseInvoker.InvokeWithNoArgs(Object obj, BindingFlags invokeAttr)
----- Inner Stack Trace -----
   at Microsoft.Xml.Serialization.GeneratedAssembly.XmlSerializationReaderFloraKindsLayoutDO.Read17_FloraKindsLayoutDO()
   at System.RuntimeMethodHandle.InvokeMethod(Object target, Void** arguments, Signature sig, Boolean isConstructor)
   at System.Reflection.MethodBaseInvoker.InvokeWithNoArgs(Object obj, BindingFlags invokeAttr)
[xUnit.net 00:00:01.42]       System.InvalidOperationException : There is an error in XML document (2, 2).
[xUnit.net 00:00:01.42]       ---- System.InvalidOperationException : <base xmlns=''> was not expected.
[xUnit.net 00:00:01.42]       Stack Trace:
[xUnit.net 00:00:01.42]            at System.Xml.Serialization.XmlSerializer.Deserialize(XmlReader xmlReader, String encodingStyle, XmlDeserializationEvents events)
[xUnit.net 00:00:01.42]            at System.Xml.Serialization.XmlSerializer.Deserialize(TextReader textReader)
[xUnit.net 00:00:01.42]         /root/WorkSpace/CSharp/BannerlordModEditor/BannerlordModEditor.Common.Tests/XmlTestUtils.cs(57,0): at BannerlordModEditor.Common.Tests.XmlTestUtils.Deserialize[T](String xml)
[xUnit.net 00:00:01.42]         /root/WorkSpace/CSharp/BannerlordModEditor/BannerlordModEditor.Common.Tests/FloraKindsLayoutXmlTests.cs(167,0): at BannerlordModEditor.Common.Tests.FloraKindsLayoutXmlTests.FloraKindsLayoutDO_ShouldContainSpecificItemFields()
[xUnit.net 00:00:01.42]            at System.RuntimeMethodHandle.InvokeMethod(Object target, Void** arguments, Signature sig, Boolean isConstructor)
[xUnit.net 00:00:01.42]            at System.Reflection.MethodBaseInvoker.InvokeWithNoArgs(Object obj, BindingFlags invokeAttr)
[xUnit.net 00:00:01.42]         ----- Inner Stack Trace -----
[xUnit.net 00:00:01.42]            at Microsoft.Xml.Serialization.GeneratedAssembly.XmlSerializationReaderFloraKindsLayoutDO.Read17_FloraKindsLayoutDO()
[xUnit.net 00:00:01.42]            at InvokeStub_XmlSerializationReaderFloraKindsLayoutDO.Read17_FloraKindsLayoutDO(Object, Object, IntPtr*)
[xUnit.net 00:00:01.42]            at System.Reflection.MethodBaseInvoker.InvokeWithNoArgs(Object obj, BindingFlags invokeAttr)
[xUnit.net 00:00:01.42]       System.InvalidOperationException : There is an error in XML document (2, 2).
[xUnit.net 00:00:01.42]       ---- System.InvalidOperationException : <base xmlns=''> was not expected.
[xUnit.net 00:00:01.42]       Stack Trace:
[xUnit.net 00:00:01.42]            at System.Xml.Serialization.XmlSerializer.Deserialize(XmlReader xmlReader, String encodingStyle, XmlDeserializationEvents events)
[xUnit.net 00:00:01.42]            at System.Xml.Serialization.XmlSerializer.Deserialize(TextReader textReader)
[xUnit.net 00:00:01.42]         /root/WorkSpace/CSharp/BannerlordModEditor/BannerlordModEditor.Common.Tests/XmlTestUtils.cs(57,0): at BannerlordModEditor.Common.Tests.XmlTestUtils.Deserialize[T](String xml)
[xUnit.net 00:00:01.42]         /root/WorkSpace/CSharp/BannerlordModEditor/BannerlordModEditor.Common.Tests/FloraKindsLayoutXmlTests.cs(245,0): at BannerlordModEditor.Common.Tests.FloraKindsLayoutXmlTests.FloraKindsLayoutDO_ShouldContainDefaultNode()
[xUnit.net 00:00:01.42]            at System.RuntimeMethodHandle.InvokeMethod(Object target, Void** arguments, Signature sig, Boolean isConstructor)
[xUnit.net 00:00:01.42]            at System.Reflection.MethodBaseInvoker.InvokeWithNoArgs(Object obj, BindingFlags invokeAttr)
[xUnit.net 00:00:01.42]         ----- Inner Stack Trace -----
[xUnit.net 00:00:01.42]            at Microsoft.Xml.Serialization.GeneratedAssembly.XmlSerializationReaderFloraKindsLayoutDO.Read17_FloraKindsLayoutDO()
[xUnit.net 00:00:01.42]            at InvokeStub_XmlSerializationReaderFloraKindsLayoutDO.Read17_FloraKindsLayoutDO(Object, Object, IntPtr*)
[xUnit.net 00:00:01.42]            at System.Reflection.MethodBaseInvoker.InvokeWithNoArgs(Object obj, BindingFlags invokeAttr)
[xUnit.net 00:00:01.42]       System.InvalidOperationException : There is an error in XML document (2, 2).
[xUnit.net 00:00:01.42]       ---- System.InvalidOperationException : <base xmlns=''> was not expected.
[xUnit.net 00:00:01.42]       Stack Trace:
[xUnit.net 00:00:01.42]            at System.Xml.Serialization.XmlSerializer.Deserialize(XmlReader xmlReader, String encodingStyle, XmlDeserializationEvents events)
[xUnit.net 00:00:01.42]            at System.Xml.Serialization.XmlSerializer.Deserialize(TextReader textReader)
[xUnit.net 00:00:01.42]         /root/WorkSpace/CSharp/BannerlordModEditor/BannerlordModEditor.Common.Tests/XmlTestUtils.cs(57,0): at BannerlordModEditor.Common.Tests.XmlTestUtils.Deserialize[T](String xml)
[xUnit.net 00:00:01.42]         /root/WorkSpace/CSharp/BannerlordModEditor/BannerlordModEditor.Common.Tests/FloraKindsLayoutXmlTests.cs(269,0): at BannerlordModEditor.Common.Tests.FloraKindsLayoutXmlTests.FloraKindsLayoutDO_ShouldContainProperColumnConfiguration()
[xUnit.net 00:00:01.42]            at System.RuntimeMethodHandle.InvokeMethod(Object target, Void** arguments, Signature sig, Boolean isConstructor)
[xUnit.net 00:00:01.42]            at System.Reflection.MethodBaseInvoker.InvokeWithNoArgs(Object obj, BindingFlags invokeAttr)
[xUnit.net 00:00:01.42]         ----- Inner Stack Trace -----
[xUnit.net 00:00:01.42]            at Microsoft.Xml.Serialization.GeneratedAssembly.XmlSerializationReaderFloraKindsLayoutDO.Read17_FloraKindsLayoutDO()
[xUnit.net 00:00:01.42]            at InvokeStub_XmlSerializationReaderFloraKindsLayoutDO.Read17_FloraKindsLayoutDO(Object, Object, IntPtr*)
[xUnit.net 00:00:01.42]            at System.Reflection.MethodBaseInvoker.InvokeWithNoArgs(Object obj, BindingFlags invokeAttr)
[xUnit.net 00:00:01.42]       System.InvalidOperationException : There is an error in XML document (2, 2).
[xUnit.net 00:00:01.42]       ---- System.InvalidOperationException : <base xmlns=''> was not expected.
[xUnit.net 00:00:01.42]       Stack Trace:
[xUnit.net 00:00:01.42]            at System.Xml.Serialization.XmlSerializer.Deserialize(XmlReader xmlReader, String encodingStyle, XmlDeserializationEvents events)
[xUnit.net 00:00:01.42]            at System.Xml.Serialization.XmlSerializer.Deserialize(TextReader textReader)
[xUnit.net 00:00:01.42]         /root/WorkSpace/CSharp/BannerlordModEditor/BannerlordModEditor.Common.Tests/XmlTestUtils.cs(57,0): at BannerlordModEditor.Common.Tests.XmlTestUtils.Deserialize[T](String xml)
[xUnit.net 00:00:01.42]         /root/WorkSpace/CSharp/BannerlordModEditor/BannerlordModEditor.Common.Tests/FloraKindsLayoutXmlTests.cs(213,0): at BannerlordModEditor.Common.Tests.FloraKindsLayoutXmlTests.FloraKindsLayoutDO_ShouldContainSecondLayoutItems()
[xUnit.net 00:00:01.42]            at System.RuntimeMethodHandle.InvokeMethod(Object target, Void** arguments, Signature sig, Boolean isConstructor)
[xUnit.net 00:00:01.42]            at System.Reflection.MethodBaseInvoker.InvokeWithNoArgs(Object obj, BindingFlags invokeAttr)
[xUnit.net 00:00:01.42]         ----- Inner Stack Trace -----
[xUnit.net 00:00:01.42]            at Microsoft.Xml.Serialization.GeneratedAssembly.XmlSerializationReaderFloraKindsLayoutDO.Read17_FloraKindsLayoutDO()
[xUnit.net 00:00:01.42]            at InvokeStub_XmlSerializationReaderFloraKindsLayoutDO.Read17_FloraKindsLayoutDO(Object, Object, IntPtr*)
[xUnit.net 00:00:01.42]            at System.Reflection.MethodBaseInvoker.InvokeWithNoArgs(Object obj, BindingFlags invokeAttr)
[xUnit.net 00:00:01.42]       System.InvalidOperationException : There is an error in XML document (2, 2).
[xUnit.net 00:00:01.42]       ---- System.InvalidOperationException : <base xmlns=''> was not expected.
[xUnit.net 00:00:01.42]       Stack Trace:
[xUnit.net 00:00:01.42]            at System.Xml.Serialization.XmlSerializer.Deserialize(XmlReader xmlReader, String encodingStyle, XmlDeserializationEvents events)
[xUnit.net 00:00:01.42]            at System.Xml.Serialization.XmlSerializer.Deserialize(TextReader textReader)
[xUnit.net 00:00:01.42]         /root/WorkSpace/CSharp/BannerlordModEditor/BannerlordModEditor.Common.Tests/XmlTestUtils.cs(57,0): at BannerlordModEditor.Common.Tests.XmlTestUtils.Deserialize[T](String xml)
[xUnit.net 00:00:01.42]         /root/WorkSpace/CSharp/BannerlordModEditor/BannerlordModEditor.Common.Tests/FloraKindsLayoutXmlTests.cs(59,0): at BannerlordModEditor.Common.Tests.FloraKindsLayoutXmlTests.Serialize_FloraKindsLayoutDO_ShouldMatchOriginal()
[xUnit.net 00:00:01.42]            at System.RuntimeMethodHandle.InvokeMethod(Object target, Void** arguments, Signature sig, Boolean isConstructor)
[xUnit.net 00:00:01.42]            at System.Reflection.MethodBaseInvoker.InvokeWithNoArgs(Object obj, BindingFlags invokeAttr)
[xUnit.net 00:00:01.42]         ----- Inner Stack Trace -----
[xUnit.net 00:00:01.42]            at Microsoft.Xml.Serialization.GeneratedAssembly.XmlSerializationReaderFloraKindsLayoutDO.Read17_FloraKindsLayoutDO()
[xUnit.net 00:00:01.42]            at InvokeStub_XmlSerializationReaderFloraKindsLayoutDO.Read17_FloraKindsLayoutDO(Object, Object, IntPtr*)
[xUnit.net 00:00:01.42]            at System.Reflection.MethodBaseInvoker.InvokeWithNoArgs(Object obj, BindingFlags invokeAttr)
[xUnit.net 00:00:01.42]       System.InvalidOperationException : There is an error in XML document (2, 2).
[xUnit.net 00:00:01.42]       ---- System.InvalidOperationException : <base xmlns=''> was not expected.
[xUnit.net 00:00:01.42]       Stack Trace:
[xUnit.net 00:00:01.42]            at System.Xml.Serialization.XmlSerializer.Deserialize(XmlReader xmlReader, String encodingStyle, XmlDeserializationEvents events)
[xUnit.net 00:00:01.42]            at System.Xml.Serialization.XmlSerializer.Deserialize(TextReader textReader)
[xUnit.net 00:00:01.42]         /root/WorkSpace/CSharp/BannerlordModEditor/BannerlordModEditor.Common.Tests/XmlTestUtils.cs(57,0): at BannerlordModEditor.Common.Tests.XmlTestUtils.Deserialize[T](String xml)
[xUnit.net 00:00:01.42]         /root/WorkSpace/CSharp/BannerlordModEditor/BannerlordModEditor.Common.Tests/FloraKindsLayoutXmlTests.cs(76,0): at BannerlordModEditor.Common.Tests.FloraKindsLayoutXmlTests.Mapper_FloraKindsLayoutDOToDTO_ShouldPreserveData()
[xUnit.net 00:00:01.42]            at System.RuntimeMethodHandle.InvokeMethod(Object target, Void** arguments, Signature sig, Boolean isConstructor)
[xUnit.net 00:00:01.42]            at System.Reflection.MethodBaseInvoker.InvokeWithNoArgs(Object obj, BindingFlags invokeAttr)
[xUnit.net 00:00:01.42]         ----- Inner Stack Trace -----
[xUnit.net 00:00:01.42]            at Microsoft.Xml.Serialization.GeneratedAssembly.XmlSerializationReaderFloraKindsLayoutDO.Read17_FloraKindsLayoutDO()
[xUnit.net 00:00:01.42]            at InvokeStub_XmlSerializationReaderFloraKindsLayoutDO.Read17_FloraKindsLayoutDO(Object, Object, IntPtr*)
[xUnit.net 00:00:01.42]            at System.Reflection.MethodBaseInvoker.InvokeWithNoArgs(Object obj, BindingFlags invokeAttr)
[xUnit.net 00:00:01.42]       System.InvalidOperationException : There is an error in XML document (2, 2).
[xUnit.net 00:00:01.42]       ---- System.InvalidOperationException : <base xmlns=''> was not expected.
[xUnit.net 00:00:01.42]       Stack Trace:
[xUnit.net 00:00:01.42]            at System.Xml.Serialization.XmlSerializer.Deserialize(XmlReader xmlReader, String encodingStyle, XmlDeserializationEvents events)
[xUnit.net 00:00:01.42]            at System.Xml.Serialization.XmlSerializer.Deserialize(TextReader textReader)
[xUnit.net 00:00:01.42]         /root/WorkSpace/CSharp/BannerlordModEditor/BannerlordModEditor.Common.Tests/XmlTestUtils.cs(57,0): at BannerlordModEditor.Common.Tests.XmlTestUtils.Deserialize[T](String xml)
[xUnit.net 00:00:01.42]         /root/WorkSpace/CSharp/BannerlordModEditor/BannerlordModEditor.Common.Tests/FloraKindsLayoutXmlTests.cs(123,0): at BannerlordModEditor.Common.Tests.FloraKindsLayoutXmlTests.FloraKindsLayoutDO_ShouldHandleEmptyElements()
[xUnit.net 00:00:01.42]            at System.RuntimeMethodHandle.InvokeMethod(Object target, Void** arguments, Signature sig, Boolean isConstructor)
[xUnit.net 00:00:01.42]            at System.Reflection.MethodBaseInvoker.InvokeWithNoArgs(Object obj, BindingFlags invokeAttr)
[xUnit.net 00:00:01.42]         ----- Inner Stack Trace -----
[xUnit.net 00:00:01.42]            at Microsoft.Xml.Serialization.GeneratedAssembly.XmlSerializationReaderFloraKindsLayoutDO.Read17_FloraKindsLayoutDO()
[xUnit.net 00:00:01.42]            at InvokeStub_XmlSerializationReaderFloraKindsLayoutDO.Read17_FloraKindsLayoutDO(Object, Object, IntPtr*)
[xUnit.net 00:00:01.42]            at System.Reflection.MethodBaseInvoker.InvokeWithNoArgs(Object obj, BindingFlags invokeAttr)
  失败 BannerlordModEditor.Common.Tests.FloraKindsLayoutXmlTests.FloraKindsLayoutDO_ShouldContainSpecificItemFields [< 1 ms]
  错误消息:
   System.InvalidOperationException : There is an error in XML document (2, 2).
---- System.InvalidOperationException : <base xmlns=''> was not expected.
  堆栈跟踪:
     at System.Xml.Serialization.XmlSerializer.Deserialize(XmlReader xmlReader, String encodingStyle, XmlDeserializationEvents events)
   at System.Xml.Serialization.XmlSerializer.Deserialize(TextReader textReader)
   at BannerlordModEditor.Common.Tests.XmlTestUtils.Deserialize[T](String xml) in /root/WorkSpace/CSharp/BannerlordModEditor/BannerlordModEditor.Common.Tests/XmlTestUtils.cs:line 57
   at BannerlordModEditor.Common.Tests.FloraKindsLayoutXmlTests.FloraKindsLayoutDO_ShouldContainSpecificItemFields() in /root/WorkSpace/CSharp/BannerlordModEditor/BannerlordModEditor.Common.Tests/FloraKindsLayoutXmlTests.cs:line 167
   at System.RuntimeMethodHandle.InvokeMethod(Object target, Void** arguments, Signature sig, Boolean isConstructor)
   at System.Reflection.MethodBaseInvoker.InvokeWithNoArgs(Object obj, BindingFlags invokeAttr)
----- Inner Stack Trace -----
   at Microsoft.Xml.Serialization.GeneratedAssembly.XmlSerializationReaderFloraKindsLayoutDO.Read17_FloraKindsLayoutDO()
   at InvokeStub_XmlSerializationReaderFloraKindsLayoutDO.Read17_FloraKindsLayoutDO(Object, Object, IntPtr*)
   at System.Reflection.MethodBaseInvoker.InvokeWithNoArgs(Object obj, BindingFlags invokeAttr)
  失败 BannerlordModEditor.Common.Tests.FloraKindsLayoutXmlTests.FloraKindsLayoutDO_ShouldContainDefaultNode [< 1 ms]
  错误消息:
   System.InvalidOperationException : There is an error in XML document (2, 2).
---- System.InvalidOperationException : <base xmlns=''> was not expected.
  堆栈跟踪:
     at System.Xml.Serialization.XmlSerializer.Deserialize(XmlReader xmlReader, String encodingStyle, XmlDeserializationEvents events)
   at System.Xml.Serialization.XmlSerializer.Deserialize(TextReader textReader)
   at BannerlordModEditor.Common.Tests.XmlTestUtils.Deserialize[T](String xml) in /root/WorkSpace/CSharp/BannerlordModEditor/BannerlordModEditor.Common.Tests/XmlTestUtils.cs:line 57
   at BannerlordModEditor.Common.Tests.FloraKindsLayoutXmlTests.FloraKindsLayoutDO_ShouldContainDefaultNode() in /root/WorkSpace/CSharp/BannerlordModEditor/BannerlordModEditor.Common.Tests/FloraKindsLayoutXmlTests.cs:line 245
   at System.RuntimeMethodHandle.InvokeMethod(Object target, Void** arguments, Signature sig, Boolean isConstructor)
   at System.Reflection.MethodBaseInvoker.InvokeWithNoArgs(Object obj, BindingFlags invokeAttr)
----- Inner Stack Trace -----
   at Microsoft.Xml.Serialization.GeneratedAssembly.XmlSerializationReaderFloraKindsLayoutDO.Read17_FloraKindsLayoutDO()
   at InvokeStub_XmlSerializationReaderFloraKindsLayoutDO.Read17_FloraKindsLayoutDO(Object, Object, IntPtr*)
   at System.Reflection.MethodBaseInvoker.InvokeWithNoArgs(Object obj, BindingFlags invokeAttr)
  失败 BannerlordModEditor.Common.Tests.FloraKindsLayoutXmlTests.FloraKindsLayoutDO_ShouldContainProperColumnConfiguration [< 1 ms]
  错误消息:
   System.InvalidOperationException : There is an error in XML document (2, 2).
---- System.InvalidOperationException : <base xmlns=''> was not expected.
  堆栈跟踪:
     at System.Xml.Serialization.XmlSerializer.Deserialize(XmlReader xmlReader, String encodingStyle, XmlDeserializationEvents events)
   at System.Xml.Serialization.XmlSerializer.Deserialize(TextReader textReader)
   at BannerlordModEditor.Common.Tests.XmlTestUtils.Deserialize[T](String xml) in /root/WorkSpace/CSharp/BannerlordModEditor/BannerlordModEditor.Common.Tests/XmlTestUtils.cs:line 57
   at BannerlordModEditor.Common.Tests.FloraKindsLayoutXmlTests.FloraKindsLayoutDO_ShouldContainProperColumnConfiguration() in /root/WorkSpace/CSharp/BannerlordModEditor/BannerlordModEditor.Common.Tests/FloraKindsLayoutXmlTests.cs:line 269
   at System.RuntimeMethodHandle.InvokeMethod(Object target, Void** arguments, Signature sig, Boolean isConstructor)
   at System.Reflection.MethodBaseInvoker.InvokeWithNoArgs(Object obj, BindingFlags invokeAttr)
----- Inner Stack Trace -----
   at Microsoft.Xml.Serialization.GeneratedAssembly.XmlSerializationReaderFloraKindsLayoutDO.Read17_FloraKindsLayoutDO()
   at InvokeStub_XmlSerializationReaderFloraKindsLayoutDO.Read17_FloraKindsLayoutDO(Object, Object, IntPtr*)
   at System.Reflection.MethodBaseInvoker.InvokeWithNoArgs(Object obj, BindingFlags invokeAttr)
  失败 BannerlordModEditor.Common.Tests.FloraKindsLayoutXmlTests.FloraKindsLayoutDO_ShouldContainSecondLayoutItems [< 1 ms]
  错误消息:
   System.InvalidOperationException : There is an error in XML document (2, 2).
---- System.InvalidOperationException : <base xmlns=''> was not expected.
  堆栈跟踪:
     at System.Xml.Serialization.XmlSerializer.Deserialize(XmlReader xmlReader, String encodingStyle, XmlDeserializationEvents events)
   at System.Xml.Serialization.XmlSerializer.Deserialize(TextReader textReader)
   at BannerlordModEditor.Common.Tests.XmlTestUtils.Deserialize[T](String xml) in /root/WorkSpace/CSharp/BannerlordModEditor/BannerlordModEditor.Common.Tests/XmlTestUtils.cs:line 57
   at BannerlordModEditor.Common.Tests.FloraKindsLayoutXmlTests.FloraKindsLayoutDO_ShouldContainSecondLayoutItems() in /root/WorkSpace/CSharp/BannerlordModEditor/BannerlordModEditor.Common.Tests/FloraKindsLayoutXmlTests.cs:line 213
   at System.RuntimeMethodHandle.InvokeMethod(Object target, Void** arguments, Signature sig, Boolean isConstructor)
   at System.Reflection.MethodBaseInvoker.InvokeWithNoArgs(Object obj, BindingFlags invokeAttr)
----- Inner Stack Trace -----
   at Microsoft.Xml.Serialization.GeneratedAssembly.XmlSerializationReaderFloraKindsLayoutDO.Read17_FloraKindsLayoutDO()
   at InvokeStub_XmlSerializationReaderFloraKindsLayoutDO.Read17_FloraKindsLayoutDO(Object, Object, IntPtr*)
   at System.Reflection.MethodBaseInvoker.InvokeWithNoArgs(Object obj, BindingFlags invokeAttr)
  失败 BannerlordModEditor.Common.Tests.FloraKindsLayoutXmlTests.Serialize_FloraKindsLayoutDO_ShouldMatchOriginal [< 1 ms]
  错误消息:
   System.InvalidOperationException : There is an error in XML document (2, 2).
---- System.InvalidOperationException : <base xmlns=''> was not expected.
  堆栈跟踪:
     at System.Xml.Serialization.XmlSerializer.Deserialize(XmlReader xmlReader, String encodingStyle, XmlDeserializationEvents events)
   at System.Xml.Serialization.XmlSerializer.Deserialize(TextReader textReader)
   at BannerlordModEditor.Common.Tests.XmlTestUtils.Deserialize[T](String xml) in /root/WorkSpace/CSharp/BannerlordModEditor/BannerlordModEditor.Common.Tests/XmlTestUtils.cs:line 57
   at BannerlordModEditor.Common.Tests.FloraKindsLayoutXmlTests.Serialize_FloraKindsLayoutDO_ShouldMatchOriginal() in /root/WorkSpace/CSharp/BannerlordModEditor/BannerlordModEditor.Common.Tests/FloraKindsLayoutXmlTests.cs:line 59
   at System.RuntimeMethodHandle.InvokeMethod(Object target, Void** arguments, Signature sig, Boolean isConstructor)
   at System.Reflection.MethodBaseInvoker.InvokeWithNoArgs(Object obj, BindingFlags invokeAttr)
----- Inner Stack Trace -----
   at Microsoft.Xml.Serialization.GeneratedAssembly.XmlSerializationReaderFloraKindsLayoutDO.Read17_FloraKindsLayoutDO()
   at InvokeStub_XmlSerializationReaderFloraKindsLayoutDO.Read17_FloraKindsLayoutDO(Object, Object, IntPtr*)
   at System.Reflection.MethodBaseInvoker.InvokeWithNoArgs(Object obj, BindingFlags invokeAttr)
  失败 BannerlordModEditor.Common.Tests.FloraKindsLayoutXmlTests.Mapper_FloraKindsLayoutDOToDTO_ShouldPreserveData [< 1 ms]
  错误消息:
   System.InvalidOperationException : There is an error in XML document (2, 2).
---- System.InvalidOperationException : <base xmlns=''> was not expected.
  堆栈跟踪:
     at System.Xml.Serialization.XmlSerializer.Deserialize(XmlReader xmlReader, String encodingStyle, XmlDeserializationEvents events)
   at System.Xml.Serialization.XmlSerializer.Deserialize(TextReader textReader)
   at BannerlordModEditor.Common.Tests.XmlTestUtils.Deserialize[T](String xml) in /root/WorkSpace/CSharp/BannerlordModEditor/BannerlordModEditor.Common.Tests/XmlTestUtils.cs:line 57
   at BannerlordModEditor.Common.Tests.FloraKindsLayoutXmlTests.Mapper_FloraKindsLayoutDOToDTO_ShouldPreserveData() in /root/WorkSpace/CSharp/BannerlordModEditor/BannerlordModEditor.Common.Tests/FloraKindsLayoutXmlTests.cs:line 76
   at System.RuntimeMethodHandle.InvokeMethod(Object target, Void** arguments, Signature sig, Boolean isConstructor)
   at System.Reflection.MethodBaseInvoker.InvokeWithNoArgs(Object obj, BindingFlags invokeAttr)
----- Inner Stack Trace -----
   at Microsoft.Xml.Serialization.GeneratedAssembly.XmlSerializationReaderFloraKindsLayoutDO.Read17_FloraKindsLayoutDO()
   at InvokeStub_XmlSerializationReaderFloraKindsLayoutDO.Read17_FloraKindsLayoutDO(Object, Object, IntPtr*)
   at System.Reflection.MethodBaseInvoker.InvokeWithNoArgs(Object obj, BindingFlags invokeAttr)
  失败 BannerlordModEditor.Common.Tests.FloraKindsLayoutXmlTests.FloraKindsLayoutDO_ShouldHandleEmptyElements [< 1 ms]
  错误消息:
   System.InvalidOperationException : There is an error in XML document (2, 2).
---- System.InvalidOperationException : <base xmlns=''> was not expected.
  堆栈跟踪:
     at System.Xml.Serialization.XmlSerializer.Deserialize(XmlReader xmlReader, String encodingStyle, XmlDeserializationEvents events)
   at System.Xml.Serialization.XmlSerializer.Deserialize(TextReader textReader)
   at BannerlordModEditor.Common.Tests.XmlTestUtils.Deserialize[T](String xml) in /root/WorkSpace/CSharp/BannerlordModEditor/BannerlordModEditor.Common.Tests/XmlTestUtils.cs:line 57
   at BannerlordModEditor.Common.Tests.FloraKindsLayoutXmlTests.FloraKindsLayoutDO_ShouldHandleEmptyElements() in /root/WorkSpace/CSharp/BannerlordModEditor/BannerlordModEditor.Common.Tests/FloraKindsLayoutXmlTests.cs:line 123
   at System.RuntimeMethodHandle.InvokeMethod(Object target, Void** arguments, Signature sig, Boolean isConstructor)
   at System.Reflection.MethodBaseInvoker.InvokeWithNoArgs(Object obj, BindingFlags invokeAttr)
----- Inner Stack Trace -----
   at Microsoft.Xml.Serialization.GeneratedAssembly.XmlSerializationReaderFloraKindsLayoutDO.Read17_FloraKindsLayoutDO()
   at InvokeStub_XmlSerializationReaderFloraKindsLayoutDO.Read17_FloraKindsLayoutDO(Object, Object, IntPtr*)
   at System.Reflection.MethodBaseInvoker.InvokeWithNoArgs(Object obj, BindingFlags invokeAttr)
  已通过 BannerlordModEditor.Common.Tests.AttributesXmlTests.AttributesXml_RoundTrip_StructuralEquality [7 ms]
  已通过 BannerlordModEditor.Common.Tests.FloraLayerSetsXmlTests.FloraLayerSets_RoundTrip_StructuralEquality [45 ms]
  已通过 BannerlordModEditor.Common.Tests.ParticleSystemsHardcodedMisc1XmlTests.ParticleSystemsHardcodedMisc1_RoundTrip_StructuralEquality [785 ms]
  已通过 BannerlordModEditor.Common.Tests.SoundFilesXmlTests.SoundFiles_ValidateDecompressionConsistency [12 ms]
  已通过 BannerlordModEditor.Common.Tests.SoundFilesXmlTests.SoundFiles_CanRoundtripXml [1 ms]
  已通过 BannerlordModEditor.Common.Tests.SoundFilesXmlTests.SoundFiles_ValidateStructure [< 1 ms]
  已通过 BannerlordModEditor.Common.Tests.SoundFilesXmlTests.SoundFiles_ValidateDecompressSamplesValues [< 1 ms]
  已通过 BannerlordModEditor.Common.Tests.SoundFilesXmlTests.SoundFiles_ValidateXmlFormatting [< 1 ms]
  已通过 BannerlordModEditor.Common.Tests.SoundFilesXmlTests.SoundFiles_ValidateFileNameUniqueness [< 1 ms]
  已通过 BannerlordModEditor.Common.Tests.SoundFilesXmlTests.SoundFiles_ValidateSpecificAudioBanks [< 1 ms]
  已通过 BannerlordModEditor.Common.Tests.SoundFilesXmlTests.SoundFiles_CanDeserializeFromXml [< 1 ms]
=== XML格式化差异分析 ===
原始XML长度: 119393
序列化XML长度: 91568
长度差异: 27825
原始XML行数: 5506
序列化XML行数: 2237
\n=== 第一个差异出现在第 3 行 ===
原始: [	<!-- Vlanida Body Armors -->
]
序列化: [  <!-- Sigils -->]
\n=== 属性顺序分析 ===
第一个Cosmetic元素属性:
原始属性顺序: type, id, rarity, cost
序列化属性顺序: cost, id, rarity, type
\n=== 空白字符分析 ===
原始XML空白字符数: 24134
序列化XML空白字符数: 14473
空白字符差异: 9661
\n=== 注释分析 ===
原始XML注释数量: 51
序列化XML注释数量: 51
=== 规范化XML比较 ===
规范化原始XML长度: 97549
规范化序列化XML长度: 79332
规范化后是否相等: False
第一个差异位置: 54
原始内容: ["?>
<Cosmetics>
<!--VlanidaBodyArmors-->]
序列化内容: ["?>
<Cosmetics>
<!--Sigils-->
<!--Sturgi]
  已通过 BannerlordModEditor.Common.Tests.SoundFilesXmlTests.SoundFiles_EmptyCollections_HandledGracefully [< 1 ms]
  已通过 BannerlordModEditor.Common.Tests.SoundFilesXmlTests.SoundFiles_ValidateFileNamingConventions [3 ms]
  已通过 BannerlordModEditor.Common.Tests.SoundFilesXmlTests.SoundFiles_ValidateBankAndAssetCorrespondence [< 1 ms]
  已通过 BannerlordModEditor.Common.Tests.MpcosmeticsFormatComparisonTest.Compare_Xml_Formatting_Differences [42 ms]
  已通过 BannerlordModEditor.Common.Tests.MpcosmeticsFormatComparisonTest.Test_Simplified_Comparison_Ignoring_Formatting [42 ms]
  已通过 BannerlordModEditor.Common.Tests.ProjectConfigurationXmlTests.ProjectConfiguration_RoundTripSerialization_MaintainsData [7 ms]
  已通过 BannerlordModEditor.Common.Tests.ProjectConfigurationXmlTests.ProjectConfiguration_CanDeserializeFromXml [< 1 ms]
  已通过 BannerlordModEditor.Common.Tests.ProjectConfigurationXmlTests.ProjectConfiguration_FromActualFile_CanDeserializeCorrectly [1 ms]
  已通过 BannerlordModEditor.Common.Tests.ProjectConfigurationXmlTests.ProjectConfiguration_CanSerializeToXml [< 1 ms]
=== 手动统计 ===
原始XML - 节点数: 1310, 属性数: 1041
序列化XML - 节点数: 1310, 属性数: 1041
节点差异: 0
属性差异: 0
=== 差异报告 ===
IsStructurallyEqual: False
NodeCountDifference: 
AttributeCountDifference: 
=== 直接字符串比较 ===
XML长度相同: False
原始XML长度: 54891
序列化XML长度: 52280
第一个不同位置: 38
原始XML上下文: " encoding="utf-8"?>
<Credits>
	<Categ
序列化XML上下文: " encoding="utf-8"?>
<Credits>
  <Catego
=== 标准化后比较 ===
标准化后相同: False
标准化后长度相同: False
Category[0]: {=!}Studio Heads
Category[1]: {=!}Lead Designers
  Section[0]: {=!}Development Lead
  Section[1]: {=!}Writing
Category[2]: {=!}Engineering
  Section[0]: {=!}Game Systems Team Lead
  Section[1]: {=!}Game Systems Programmers
  Section[2]: {=!}AI Programmers
  Section[3]: {=!}Engine Team Lead
  Section[4]: {=!}Engine Programmers
Deserialized model has 20 categories
Model Category[0]: {=!}Studio Heads
Model Category[1]: {=!}Lead Designers
  Model Section[0]: {=!}Development Lead
  Model Section[1]: {=!}Writing
Model Category[2]: {=!}Engineering
  Model Section[0]: {=!}Game Systems Team Lead
  Model Section[1]: {=!}Game Systems Programmers
  Model Section[2]: {=!}AI Programmers
  Model Section[3]: {=!}Engine Team Lead
  Model Section[4]: {=!}Engine Programmers
Re-serialized XML has 3 categories
Re-serialized Category[0]: {=!}Studio Heads
Re-serialized Category[1]: {=!}Lead Designers
  Re-serialized Section[0]: {=!}Development Lead
  Re-serialized Section[1]: {=!}Writing
Re-serialized Category[2]: {=!}Engineering
  Re-serialized Section[0]: {=!}Game Systems Team Lead
  Re-serialized Section[1]: {=!}Game Systems Programmers
  Re-serialized Section[2]: {=!}AI Programmers
  Re-serialized Section[3]: {=!}Engine Team Lead
  Re-serialized Section[4]: {=!}Engine Programmers
[xUnit.net 00:00:02.43]     BannerlordModEditor.Common.Tests.DebugXmlFailure.Debug_CombatParameters_EmptyTest [SKIP]
[xUnit.net 00:00:02.43]       Debug use only
  已通过 BannerlordModEditor.Common.Tests.CreditsXmlDebugTest.Debug_Credits_XmlDifference [24 ms]
  已通过 BannerlordModEditor.Common.Tests.CreditsXmlDebugTest.DebugCreditsXmlStructure [13 ms]
  已通过 BannerlordModEditor.Common.Tests.MultiplayerScenesXmlTests.MultiplayerScenes_RoundTrip_StructuralEquality [8 ms]
  已跳过 BannerlordModEditor.Common.Tests.DebugXmlFailure.Debug_CombatParameters_EmptyTest [1 ms]
  已通过 BannerlordModEditor.Common.Tests.ClothBodiesXmlTests.ClothBodies_RoundTrip_StructuralEquality [55 ms]
  已通过 BannerlordModEditor.Common.Tests.GameTests.ItemModifiers_LoadAndSave_ShouldBeLogicallyIdentical [10 ms]
  已通过 BannerlordModEditor.Common.Tests.GameTests.ItemModifiers_WeaponStats_ShouldBeLogical [1 ms]
  已通过 BannerlordModEditor.Common.Tests.GameTests.ItemModifiers_NameLocalization_ShouldFollowPattern [1 ms]
  已通过 BannerlordModEditor.Common.Tests.GameTests.ItemModifiers_ArmorAndHorseStats_ShouldBeValid [1 ms]
  已通过 BannerlordModEditor.Common.Tests.GameTests.ItemModifiers_ModifierGroups_ShouldBeValid [1 ms]
  已通过 BannerlordModEditor.Common.Tests.GameTests.ItemModifiers_QualityLevels_ShouldBeValid [1 ms]
  已通过 BannerlordModEditor.Common.Tests.BoneBodyTypesXmlTests.BoneBodyTypes_RoundTrip_StructuralEquality [6 ms]
  已通过 BannerlordModEditor.Common.Tests.CraftingPiecesXmlTests.CraftingPieces_RoundTrip_StructuralEquality [29 ms]
  已通过 BannerlordModEditor.Common.Tests.ItemHolstersXmlTests.ItemHolsters_RoundTrip_StructuralEquality [14 ms]
  已通过 BannerlordModEditor.Common.Tests.ParticleSystemsDOUnitTests.XmlTestUtils_Should_SetEmptyDecalMaterialsFlag_WhenXmlHasEmptyDecalMaterials [< 1 ms]
  已通过 BannerlordModEditor.Common.Tests.ParticleSystemsDOUnitTests.ParametersDO_ShouldSerializeParameters_WhenHasEmptyParameters_IsTrue [< 1 ms]
  已通过 BannerlordModEditor.Common.Tests.ParticleSystemsDOUnitTests.ColorDO_ShouldSerializeKeys_WhenHasEmptyKeys_IsTrue [< 1 ms]
  已通过 BannerlordModEditor.Common.Tests.ParticleSystemsDOUnitTests.DecalMaterialsDO_ShouldSerialize_WhenHasEmptyDecalMaterials_IsFalse_And_ListIsEmpty [< 1 ms]
  已通过 BannerlordModEditor.Common.Tests.ParticleSystemsDOUnitTests.CurveDO_ShouldSerializeVersion_WhenVersion_IsNotEmpty [< 1 ms]
  已通过 BannerlordModEditor.Common.Tests.ParticleSystemsDOUnitTests.XmlTestUtils_Should_SetEmptyParametersFlag_WhenXmlHasEmptyParametersWithDecalMaterials [< 1 ms]
  已通过 BannerlordModEditor.Common.Tests.ParticleSystemsDOUnitTests.KeyDO_ShouldSerializeTangent_WhenTangent_IsEmpty [< 1 ms]
  已通过 BannerlordModEditor.Common.Tests.ParticleSystemsDOUnitTests.ParameterDO_ShouldSerializeParameterCurve_WhenHasEmptyCurve_IsTrue [< 1 ms]
  已通过 BannerlordModEditor.Common.Tests.ParticleSystemsDOUnitTests.ParameterDO_ShouldSerializeBias_WhenBias_IsNotEmpty [< 1 ms]
  已通过 BannerlordModEditor.Common.Tests.ParticleSystemsDOUnitTests.AlphaDO_ShouldSerializeKeys_WhenHasEmptyKeys_IsTrue [< 1 ms]
  已通过 BannerlordModEditor.Common.Tests.ParticleSystemsDOUnitTests.KeyDO_ShouldSerializePosition_WhenPosition_IsEmpty [< 1 ms]
  已通过 BannerlordModEditor.Common.Tests.ParticleSystemsDOUnitTests.CurveDO_ShouldSerializeKeys_WhenHasEmptyKeys_IsTrue [< 1 ms]
  已通过 BannerlordModEditor.Common.Tests.ParticleSystemsDOUnitTests.ParameterDO_ShouldSerializeColorElement_WhenHasEmptyColor_IsTrue [< 1 ms]
  已通过 BannerlordModEditor.Common.Tests.ParticleSystemsDOUnitTests.ColorDO_ShouldSerializeKeys_WhenKeys_IsNotNull [< 1 ms]
  已通过 BannerlordModEditor.Common.Tests.ParticleSystemsDOUnitTests.CurveDO_ShouldSerializeCurveMultiplier_WhenCurveMultiplier_IsEmpty [< 1 ms]
  已通过 BannerlordModEditor.Common.Tests.ParticleSystemsDOUnitTests.ParametersDO_ShouldSerializeParameters_WhenDecalMaterials_IsNotNull [< 1 ms]
  已通过 BannerlordModEditor.Common.Tests.ParticleSystemsDOUnitTests.ParticleSystemsDO_ShouldSerializeEffects_WhenEffects_IsEmpty [< 1 ms]
  已通过 BannerlordModEditor.Common.Tests.ParticleSystemsDOUnitTests.DecalMaterialDO_ShouldSerializeValue_WhenValue_IsNull [< 1 ms]
  已通过 BannerlordModEditor.Common.Tests.ParticleSystemsDOUnitTests.DecalMaterialsDO_ShouldSerialize_WhenHasEmptyDecalMaterials_IsTrue [< 1 ms]
  已通过 BannerlordModEditor.Common.Tests.ParticleSystemsDOUnitTests.DecalMaterialDO_ShouldSerializeValue_WhenValue_IsNotNull [< 1 ms]
  已通过 BannerlordModEditor.Common.Tests.ParticleSystemsDOUnitTests.ParticleSystemsDO_ShouldSerializeEffects_WhenEffects_HasItems [< 1 ms]
  已通过 BannerlordModEditor.Common.Tests.ParticleSystemsDOUnitTests.EffectDO_ShouldSerializeName_WhenName_IsNotNull [< 1 ms]
  已通过 BannerlordModEditor.Common.Tests.ParticleSystemsDOUnitTests.ParameterDO_ShouldSerializeAlphaElement_WhenHasEmptyAlpha_IsTrue [< 1 ms]
  已通过 BannerlordModEditor.Common.Tests.ParticleSystemsDOUnitTests.ParametersDO_ShouldSerializeParameters_WhenParameterList_HasItems [< 1 ms]
  已通过 BannerlordModEditor.Common.Tests.ParticleSystemsDOUnitTests.ParameterDO_ShouldSerializeBias_WhenBias_IsEmpty [< 1 ms]
  已通过 BannerlordModEditor.Common.Tests.ParticleSystemsDOUnitTests.CurveDO_ShouldSerializeDefault_WhenDefault_IsNotEmpty [< 1 ms]
  已通过 BannerlordModEditor.Common.Tests.ParticleSystemsDOUnitTests.ParameterDO_ShouldSerializeBase_WhenBase_IsNotEmpty [< 1 ms]
  已通过 BannerlordModEditor.Common.Tests.ParticleSystemsDOUnitTests.ParticleSystemsDO_ShouldSerializeEffects_WhenEffects_IsNull [< 1 ms]
  已通过 BannerlordModEditor.Common.Tests.ParticleSystemsDOUnitTests.AlphaDO_ShouldSerializeKeys_WhenKeys_IsNotNull [< 1 ms]
  已通过 BannerlordModEditor.Common.Tests.ParticleSystemsDOUnitTests.ParameterDO_ShouldSerializeCurve_WhenCurve_IsEmpty [< 1 ms]
  已通过 BannerlordModEditor.Common.Tests.ParticleSystemsDOUnitTests.KeyDO_ShouldSerializePosition_WhenPosition_IsNotEmpty [< 1 ms]
  已通过 BannerlordModEditor.Common.Tests.ParticleSystemsDOUnitTests.CurveDO_ShouldSerializeDefault_WhenDefault_IsEmpty [< 1 ms]
  已通过 BannerlordModEditor.Common.Tests.ParticleSystemsDOUnitTests.ParameterDO_ShouldSerializeBase_WhenBase_IsNull [< 1 ms]
  已通过 BannerlordModEditor.Common.Tests.ParticleSystemsDOUnitTests.CurveDO_ShouldSerializeVersion_WhenVersion_IsEmpty [< 1 ms]
  已通过 BannerlordModEditor.Common.Tests.ParticleSystemsDOUnitTests.ParameterDO_ShouldSerializeParameterCurve_WhenParameterCurve_IsNull [< 1 ms]
  已通过 BannerlordModEditor.Common.Tests.ParticleSystemsDOUnitTests.ParametersDO_ShouldSerializeDecalMaterials_WhenHasDecalMaterials_IsTrue [< 1 ms]
  已通过 BannerlordModEditor.Common.Tests.ParticleSystemsDOUnitTests.EmitterDO_ShouldSerializeChildren_WhenHasEmptyChildren_IsTrue [< 1 ms]
  已通过 BannerlordModEditor.Common.Tests.ParticleSystemsDOUnitTests.ParameterDO_ShouldSerializeCurve_WhenCurve_IsNotEmpty [< 1 ms]
  已通过 BannerlordModEditor.Common.Tests.ParticleSystemsDOUnitTests.EmitterDO_ShouldSerializeParameters_WhenHasEmptyParameters_IsTrue [< 1 ms]
  已通过 BannerlordModEditor.Common.Tests.ParticleSystemsDOUnitTests.ParameterDO_ShouldSerializeBase_WhenBase_IsEmpty [< 1 ms]
=== 分析原始XML和序列化XML的差异 ===
原始XML节点数量: 3
序列化XML节点数量: 3
=== 节点 1: SSSSS_x ===
原始XML子元素顺序:
  1. input
  2. input
  3. preconditions
序列化XML子元素顺序:
  1. input
  2. input
  3. preconditions
✓ 子元素顺序一致
=== 节点 2: SSSSS_y ===
原始XML子元素顺序:
  1. input
  2. input
  3. preconditions
序列化XML子元素顺序:
  1. input
  2. input
  3. preconditions
✓ 子元素顺序一致
=== 节点 3: SSSSS_specular_add ===
原始XML子元素顺序:
  1. output
  2. input
  3. preconditions
序列化XML子元素顺序:
  1. output
  2. input
  3. preconditions
✓ 子元素顺序一致
=== XmlTestUtils比较结果 ===
结构相等: True
节点数量差异: 
属性数量差异: 
Original XML length: 54765
Original XML start: <?xml version="1.0" encoding="utf-8"?>
<base
	type="widgets"
	virtual_resolution="1280,720">
	<widgets>
		<widget
			type="Widget"
			name="empty_window"></widget>
		<widget
			type="Widget"
Deserialized object type: LooknfeelDO
Type property: widgets
VirtualResolution property: 1280,720
Serialized XML length: 46720
Serialized XML start: <?xml version="1.0" encoding="utf-8"?>
<base type="widgets" virtual_resolution="1280,720">
  <!-- Yii7 end-->
  <!-- defines the elements in the list-->
  <!-- defines the elements in the list-->
  <!
IsStructurallyEqual: False
NodeCountDifference: 
AttributeCountDifference: 
MissingNodes: base/widgets[0]/widget[2]/sub_widgets[0]/button_pressed_mesh[1] (A缺失), base/widgets[0]/widget[2]/sub_widgets[0]/highlight_mesh[2] (A缺失), base/widgets[0]/widget[26]/sub_widgets[0]/button_pressed_mesh[1] (A缺失), base/widgets[0]/widget[40]/sub_widgets[0]/button_pressed_mesh[1] (A缺失), base/widgets[0]/widget[43]/sub_widgets[0]/button_pressed_mesh[1] (A缺失), base/widgets[0]/widget[69]/sub_widgets[0]/button_pressed_mesh[1] (A缺失), base/widgets[0]/widget[90]/sub_widgets[0]/button_pressed_mesh[1] (A缺失), base/widgets[0]/widget[107]/sub_widgets[0]/button_pressed_mesh[1] (A缺失), base/widgets[0]/widget[108]/sub_widgets[0]/button_pressed_mesh[1] (A缺失), base/widgets[0]/widget[109]/sub_widgets[0]/button_pressed_mesh[1] (A缺失), base/widgets[0]/widget[110]/sub_widgets[0]/button_pressed_mesh[1] (A缺失), base/widgets[0]/widget[111]/sub_widgets[0]/button_pressed_mesh[1] (A缺失)
ExtraNodes: base/widgets[0]/widget[2]/meshes[1]/button_pressed_mesh[1] (B缺失), base/widgets[0]/widget[2]/meshes[1]/highlight_mesh[2] (B缺失), base/widgets[0]/widget[26]/meshes[1]/button_pressed_mesh[1] (B缺失), base/widgets[0]/widget[40]/meshes[1]/button_pressed_mesh[1] (B缺失), base/widgets[0]/widget[43]/meshes[1]/button_pressed_mesh[1] (B缺失), base/widgets[0]/widget[69]/meshes[1]/button_pressed_mesh[1] (B缺失), base/widgets[0]/widget[90]/meshes[1]/button_pressed_mesh[1] (B缺失), base/widgets[0]/widget[107]/meshes[2]/button_pressed_mesh[1] (B缺失), base/widgets[0]/widget[108]/meshes[1]/button_pressed_mesh[1] (B缺失), base/widgets[0]/widget[109]/meshes[1]/button_pressed_mesh[1] (B缺失), base/widgets[0]/widget[110]/meshes[1]/button_pressed_mesh[1] (B缺失), base/widgets[0]/widget[111]/meshes[1]/button_pressed_mesh[1] (B缺失)
MissingAttributes: base/widgets[0]/widget[2]/sub_widgets[0]/sub_widget[0]@tiling (A缺失), base/widgets[0]/widget[2]/meshes[1]/button_mesh[0]@font_size (A缺失), base/widgets[0]/widget[2]/meshes[1]/button_mesh[0]@horizontal_alignment (A缺失), base/widgets[0]/widget[2]/meshes[1]/button_mesh[0]@position (A缺失), base/widgets[0]/widget[2]/meshes[1]/button_mesh[0]@ref (A缺失), base/widgets[0]/widget[2]/meshes[1]/button_mesh[0]@size (A缺失), base/widgets[0]/widget[2]/meshes[1]/button_mesh[0]@style (A缺失), base/widgets[0]/widget[2]/meshes[1]/button_mesh[0]@text_color (A缺失), base/widgets[0]/widget[2]/meshes[1]/button_mesh[0]@text_highlight_color (A缺失), base/widgets[0]/widget[2]/meshes[1]/button_mesh[0]@vertical_alignment (A缺失), base/widgets[0]/widget[15]/meshes[1]/background_mesh[0]@position (A缺失), base/widgets[0]/widget[15]/meshes[1]/background_mesh[0]@ref (A缺失), base/widgets[0]/widget[15]/meshes[1]/background_mesh[0]@size (A缺失), base/widgets[0]/widget[15]/meshes[1]/background_mesh[0]@style (A缺失), base/widgets[0]/widget[15]/meshes[1]/background_mesh[0]@text_color (A缺失), base/widgets[0]/widget[21]/sub_widgets[0]/sub_widget[0]@main_mesh (A缺失), base/widgets[0]/widget[21]/meshes[1]/background_mesh[0]@position (A缺失), base/widgets[0]/widget[21]/meshes[1]/background_mesh[0]@ref (A缺失), base/widgets[0]/widget[21]/meshes[1]/background_mesh[0]@size (A缺失), base/widgets[0]/widget[24]/sub_widgets[0]/sub_widget[0]@horizontal_alignment (A缺失), base/widgets[0]/widget[25]/sub_widgets[0]/sub_widget[0]@horizontal_alignment (A缺失), base/widgets[0]/widget[26]/sub_widgets[0]/sub_widget[0]@main_mesh (A缺失), base/widgets[0]/widget[26]/meshes[1]/button_mesh[0]@font_size (A缺失), base/widgets[0]/widget[26]/meshes[1]/button_mesh[0]@horizontal_alignment (A缺失), base/widgets[0]/widget[26]/meshes[1]/button_mesh[0]@position (A缺失), base/widgets[0]/widget[26]/meshes[1]/button_mesh[0]@ref (A缺失), base/widgets[0]/widget[26]/meshes[1]/button_mesh[0]@size (A缺失), base/widgets[0]/widget[26]/meshes[1]/button_mesh[0]@style (A缺失), base/widgets[0]/widget[26]/meshes[1]/button_mesh[0]@text_color (A缺失), base/widgets[0]/widget[26]/meshes[1]/button_mesh[0]@text_highlight_color (A缺失), base/widgets[0]/widget[26]/meshes[1]/button_mesh[0]@vertical_alignment (A缺失), base/widgets[0]/widget[27]/sub_widgets[0]/sub_widget[0]@horizontal_alignment (A缺失), base/widgets[0]/widget[34]/sub_widgets[0]/sub_widget[0]@main_mesh (A缺失), base/widgets[0]/widget[34]/meshes[1]/background_mesh[0]@horizontal_alignment (A缺失), base/widgets[0]/widget[34]/meshes[1]/background_mesh[0]@position (A缺失), base/widgets[0]/widget[34]/meshes[1]/background_mesh[0]@ref (A缺失), base/widgets[0]/widget[34]/meshes[1]/background_mesh[0]@size (A缺失), base/widgets[0]/widget[34]/meshes[1]/background_mesh[0]@style (A缺失), base/widgets[0]/widget[34]/meshes[1]/background_mesh[0]@text_color (A缺失), base/widgets[0]/widget[34]/meshes[1]/background_mesh[0]@vertical_alignment (A缺失), base/widgets[0]/widget[40]/sub_widgets[0]/sub_widget[0]@main_mesh (A缺失), base/widgets[0]/widget[40]/meshes[1]/button_mesh[0]@font_size (A缺失), base/widgets[0]/widget[40]/meshes[1]/button_mesh[0]@horizontal_alignment (A缺失), base/widgets[0]/widget[40]/meshes[1]/button_mesh[0]@position (A缺失), base/widgets[0]/widget[40]/meshes[1]/button_mesh[0]@ref (A缺失), base/widgets[0]/widget[40]/meshes[1]/button_mesh[0]@size (A缺失), base/widgets[0]/widget[40]/meshes[1]/button_mesh[0]@style (A缺失), base/widgets[0]/widget[40]/meshes[1]/button_mesh[0]@text_color (A缺失), base/widgets[0]/widget[40]/meshes[1]/button_mesh[0]@text_highlight_color (A缺失), base/widgets[0]/widget[40]/meshes[1]/button_mesh[0]@vertical_alignment (A缺失), base/widgets[0]/widget[43]/sub_widgets[0]/sub_widget[0]@main_mesh (A缺失), base/widgets[0]/widget[43]/meshes[1]/button_mesh[0]@font_size (A缺失), base/widgets[0]/widget[43]/meshes[1]/button_mesh[0]@horizontal_alignment (A缺失), base/widgets[0]/widget[43]/meshes[1]/button_mesh[0]@ref (A缺失), base/widgets[0]/widget[43]/meshes[1]/button_mesh[0]@size (A缺失), base/widgets[0]/widget[43]/meshes[1]/button_mesh[0]@style (A缺失), base/widgets[0]/widget[43]/meshes[1]/button_mesh[0]@text_color (A缺失), base/widgets[0]/widget[43]/meshes[1]/button_mesh[0]@text_highlight_color (A缺失), base/widgets[0]/widget[43]/meshes[1]/button_mesh[0]@vertical_alignment (A缺失), base/widgets[0]/widget[48]/meshes[0]/button_mesh[0]@main_mesh (A缺失), base/widgets[0]/widget[52]/sub_widgets[0]/sub_widget[0]@main_mesh (A缺失), base/widgets[0]/widget[52]/meshes[1]/background_mesh[0]@position (A缺失), base/widgets[0]/widget[52]/meshes[1]/background_mesh[0]@ref (A缺失), base/widgets[0]/widget[52]/meshes[1]/background_mesh[0]@size (A缺失), base/widgets[0]/widget[53]/sub_widgets[0]/sub_widget[0]@main_mesh (A缺失), base/widgets[0]/widget[53]/meshes[1]/background_mesh[0]@position (A缺失), base/widgets[0]/widget[53]/meshes[1]/background_mesh[0]@ref (A缺失), base/widgets[0]/widget[53]/meshes[1]/background_mesh[0]@size (A缺失), base/widgets[0]/widget[54]/sub_widgets[0]/sub_widget[0]@main_mesh (A缺失), base/widgets[0]/widget[54]/meshes[1]/background_mesh[0]@position (A缺失), base/widgets[0]/widget[54]/meshes[1]/background_mesh[0]@ref (A缺失), base/widgets[0]/widget[54]/meshes[1]/background_mesh[0]@size (A缺失), base/widgets[0]/widget[69]/sub_widgets[0]/sub_widget[0]@main_mesh (A缺失), base/widgets[0]/widget[69]/meshes[1]/button_mesh[0]@font_size (A缺失), base/widgets[0]/widget[69]/meshes[1]/button_mesh[0]@horizontal_alignment (A缺失), base/widgets[0]/widget[69]/meshes[1]/button_mesh[0]@position (A缺失), base/widgets[0]/widget[69]/meshes[1]/button_mesh[0]@ref (A缺失), base/widgets[0]/widget[69]/meshes[1]/button_mesh[0]@size (A缺失), base/widgets[0]/widget[69]/meshes[1]/button_mesh[0]@style (A缺失), base/widgets[0]/widget[69]/meshes[1]/button_mesh[0]@text_color (A缺失), base/widgets[0]/widget[69]/meshes[1]/button_mesh[0]@text_highlight_color (A缺失), base/widgets[0]/widget[69]/meshes[1]/button_mesh[0]@vertical_alignment (A缺失), base/widgets[0]/widget[81]/sub_widgets[0]/sub_widget[0]@main_mesh (A缺失), base/widgets[0]/widget[81]/meshes[1]/background_mesh[0]@position (A缺失), base/widgets[0]/widget[81]/meshes[1]/background_mesh[0]@ref (A缺失), base/widgets[0]/widget[81]/meshes[1]/background_mesh[0]@size (A缺失), base/widgets[0]/widget[83]/sub_widgets[0]/sub_widget[0]@horizontal_alignment (A缺失), base/widgets[0]/widget[90]/sub_widgets[0]/sub_widget[0]@main_mesh (A缺失), base/widgets[0]/widget[90]/meshes[1]/button_mesh[0]@font_size (A缺失), base/widgets[0]/widget[90]/meshes[1]/button_mesh[0]@horizontal_alignment (A缺失), base/widgets[0]/widget[90]/meshes[1]/button_mesh[0]@position (A缺失), base/widgets[0]/widget[90]/meshes[1]/button_mesh[0]@ref (A缺失), base/widgets[0]/widget[90]/meshes[1]/button_mesh[0]@size (A缺失), base/widgets[0]/widget[90]/meshes[1]/button_mesh[0]@style (A缺失), base/widgets[0]/widget[90]/meshes[1]/button_mesh[0]@text_color (A缺失), base/widgets[0]/widget[90]/meshes[1]/button_mesh[0]@text_highlight_color (A缺失), base/widgets[0]/widget[90]/meshes[1]/button_mesh[0]@vertical_alignment (A缺失), base/widgets[0]/widget[92]/sub_widgets[1]/sub_widget[0]@horizontal_alignment (A缺失), base/widgets[0]/widget[103]/sub_widgets[0]/sub_widget[0]@main_mesh (A缺失), base/widgets[0]/widget[103]/meshes[1]/background_mesh[0]@horizontal_alignment (A缺失), base/widgets[0]/widget[103]/meshes[1]/background_mesh[0]@position (A缺失), base/widgets[0]/widget[103]/meshes[1]/background_mesh[0]@ref (A缺失), base/widgets[0]/widget[103]/meshes[1]/background_mesh[0]@size (A缺失), base/widgets[0]/widget[103]/meshes[1]/background_mesh[0]@style (A缺失), base/widgets[0]/widget[103]/meshes[1]/background_mesh[0]@text_color (A缺失), base/widgets[0]/widget[103]/meshes[1]/background_mesh[0]@vertical_alignment (A缺失), base/widgets[0]/widget[104]/sub_widgets[0]/sub_widget[0]@main_mesh (A缺失), base/widgets[0]/widget[104]/meshes[1]/background_mesh[0]@position (A缺失), base/widgets[0]/widget[104]/meshes[1]/background_mesh[0]@ref (A缺失), base/widgets[0]/widget[104]/meshes[1]/background_mesh[0]@size (A缺失), base/widgets[0]/widget[107]/sub_widgets[0]/sub_widget[0]@main_mesh (A缺失), base/widgets[0]/widget[107]/sub_widgets[1]/sub_widget[0]@horizontal_alignment (A缺失), base/widgets[0]/widget[107]/meshes[2]/button_mesh[0]@font_size (A缺失), base/widgets[0]/widget[107]/meshes[2]/button_mesh[0]@horizontal_alignment (A缺失), base/widgets[0]/widget[107]/meshes[2]/button_mesh[0]@position (A缺失), base/widgets[0]/widget[107]/meshes[2]/button_mesh[0]@ref (A缺失), base/widgets[0]/widget[107]/meshes[2]/button_mesh[0]@size (A缺失), base/widgets[0]/widget[107]/meshes[2]/button_mesh[0]@style (A缺失), base/widgets[0]/widget[107]/meshes[2]/button_mesh[0]@text_color (A缺失), base/widgets[0]/widget[107]/meshes[2]/button_mesh[0]@text_highlight_color (A缺失), base/widgets[0]/widget[107]/meshes[2]/button_mesh[0]@vertical_alignment (A缺失), base/widgets[0]/widget[108]/sub_widgets[0]/sub_widget[0]@main_mesh (A缺失), base/widgets[0]/widget[108]/meshes[1]/button_mesh[0]@font_size (A缺失), base/widgets[0]/widget[108]/meshes[1]/button_mesh[0]@horizontal_alignment (A缺失), base/widgets[0]/widget[108]/meshes[1]/button_mesh[0]@position (A缺失), base/widgets[0]/widget[108]/meshes[1]/button_mesh[0]@ref (A缺失), base/widgets[0]/widget[108]/meshes[1]/button_mesh[0]@size (A缺失), base/widgets[0]/widget[108]/meshes[1]/button_mesh[0]@style (A缺失), base/widgets[0]/widget[108]/meshes[1]/button_mesh[0]@text_color (A缺失), base/widgets[0]/widget[108]/meshes[1]/button_mesh[0]@text_highlight_color (A缺失), base/widgets[0]/widget[108]/meshes[1]/button_mesh[0]@vertical_alignment (A缺失), base/widgets[0]/widget[109]/sub_widgets[0]/sub_widget[0]@main_mesh (A缺失), base/widgets[0]/widget[109]/meshes[1]/button_mesh[0]@font_size (A缺失), base/widgets[0]/widget[109]/meshes[1]/button_mesh[0]@horizontal_alignment (A缺失), base/widgets[0]/widget[109]/meshes[1]/button_mesh[0]@position (A缺失), base/widgets[0]/widget[109]/meshes[1]/button_mesh[0]@ref (A缺失), base/widgets[0]/widget[109]/meshes[1]/button_mesh[0]@size (A缺失), base/widgets[0]/widget[109]/meshes[1]/button_mesh[0]@style (A缺失), base/widgets[0]/widget[109]/meshes[1]/button_mesh[0]@text_color (A缺失), base/widgets[0]/widget[109]/meshes[1]/button_mesh[0]@text_highlight_color (A缺失), base/widgets[0]/widget[109]/meshes[1]/button_mesh[0]@vertical_alignment (A缺失), base/widgets[0]/widget[110]/sub_widgets[0]/sub_widget[0]@main_mesh (A缺失), base/widgets[0]/widget[110]/meshes[1]/button_mesh[0]@font_size (A缺失), base/widgets[0]/widget[110]/meshes[1]/button_mesh[0]@horizontal_alignment (A缺失), base/widgets[0]/widget[110]/meshes[1]/button_mesh[0]@position (A缺失), base/widgets[0]/widget[110]/meshes[1]/button_mesh[0]@ref (A缺失), base/widgets[0]/widget[110]/meshes[1]/button_mesh[0]@size (A缺失), base/widgets[0]/widget[110]/meshes[1]/button_mesh[0]@style (A缺失), base/widgets[0]/widget[110]/meshes[1]/button_mesh[0]@text_color (A缺失), base/widgets[0]/widget[110]/meshes[1]/button_mesh[0]@text_highlight_color (A缺失), base/widgets[0]/widget[110]/meshes[1]/button_mesh[0]@vertical_alignment (A缺失), base/widgets[0]/widget[111]/sub_widgets[0]/sub_widget[0]@main_mesh (A缺失), base/widgets[0]/widget[111]/meshes[1]/button_mesh[0]@font_size (A缺失), base/widgets[0]/widget[111]/meshes[1]/button_mesh[0]@horizontal_alignment (A缺失), base/widgets[0]/widget[111]/meshes[1]/button_mesh[0]@position (A缺失), base/widgets[0]/widget[111]/meshes[1]/button_mesh[0]@ref (A缺失), base/widgets[0]/widget[111]/meshes[1]/button_mesh[0]@size (A缺失), base/widgets[0]/widget[111]/meshes[1]/button_mesh[0]@style (A缺失), base/widgets[0]/widget[111]/meshes[1]/button_mesh[0]@text_color (A缺失), base/widgets[0]/widget[111]/meshes[1]/button_mesh[0]@text_highlight_color (A缺失), base/widgets[0]/widget[111]/meshes[1]/button_mesh[0]@vertical_alignment (A缺失)
ExtraAttributes: base/widgets[0]/widget[2]/sub_widgets[0]/sub_widget[0]@font_size (B缺失), base/widgets[0]/widget[2]/sub_widgets[0]/sub_widget[0]@horizontal_aligment (B缺失), base/widgets[0]/widget[2]/sub_widgets[0]/sub_widget[0]@position (B缺失), base/widgets[0]/widget[2]/sub_widgets[0]/sub_widget[0]@ref (B缺失), base/widgets[0]/widget[2]/sub_widgets[0]/sub_widget[0]@size (B缺失), base/widgets[0]/widget[2]/sub_widgets[0]/sub_widget[0]@style (B缺失), base/widgets[0]/widget[2]/sub_widgets[0]/sub_widget[0]@text_color (B缺失), base/widgets[0]/widget[2]/sub_widgets[0]/sub_widget[0]@text_highlight_color (B缺失), base/widgets[0]/widget[2]/sub_widgets[0]/sub_widget[0]@vertical_alignment (B缺失), base/widgets[0]/widget[2]/meshes[1]/button_mesh[0]@tiling (B缺失), base/widgets[0]/widget[15]/sub_widgets[0]/sub_widget[0]@position (B缺失), base/widgets[0]/widget[15]/sub_widgets[0]/sub_widget[0]@ref (B缺失), base/widgets[0]/widget[15]/sub_widgets[0]/sub_widget[0]@size (B缺失), base/widgets[0]/widget[15]/sub_widgets[0]/sub_widget[0]@style (B缺失), base/widgets[0]/widget[15]/sub_widgets[0]/sub_widget[0]@text_color (B缺失), base/widgets[0]/widget[21]/sub_widgets[0]/sub_widget[0]@position (B缺失), base/widgets[0]/widget[21]/sub_widgets[0]/sub_widget[0]@ref (B缺失), base/widgets[0]/widget[21]/sub_widgets[0]/sub_widget[0]@size (B缺失), base/widgets[0]/widget[21]/meshes[1]/background_mesh[0]@main_mesh (B缺失), base/widgets[0]/widget[24]/sub_widgets[0]/sub_widget[0]@horizontal_aligment (B缺失), base/widgets[0]/widget[25]/sub_widgets[0]/sub_widget[0]@horizontal_aligment (B缺失), base/widgets[0]/widget[26]/sub_widgets[0]/sub_widget[0]@font_size (B缺失), base/widgets[0]/widget[26]/sub_widgets[0]/sub_widget[0]@horizontal_aligment (B缺失), base/widgets[0]/widget[26]/sub_widgets[0]/sub_widget[0]@position (B缺失), base/widgets[0]/widget[26]/sub_widgets[0]/sub_widget[0]@ref (B缺失), base/widgets[0]/widget[26]/sub_widgets[0]/sub_widget[0]@size (B缺失), base/widgets[0]/widget[26]/sub_widgets[0]/sub_widget[0]@style (B缺失), base/widgets[0]/widget[26]/sub_widgets[0]/sub_widget[0]@text_color (B缺失), base/widgets[0]/widget[26]/sub_widgets[0]/sub_widget[0]@text_highlight_color (B缺失), base/widgets[0]/widget[26]/sub_widgets[0]/sub_widget[0]@vertical_alignment (B缺失), base/widgets[0]/widget[26]/meshes[1]/button_mesh[0]@main_mesh (B缺失), base/widgets[0]/widget[27]/sub_widgets[0]/sub_widget[0]@horizontal_aligment (B缺失), base/widgets[0]/widget[34]/sub_widgets[0]/sub_widget[0]@horizontal_aligment (B缺失), base/widgets[0]/widget[34]/sub_widgets[0]/sub_widget[0]@position (B缺失), base/widgets[0]/widget[34]/sub_widgets[0]/sub_widget[0]@ref (B缺失), base/widgets[0]/widget[34]/sub_widgets[0]/sub_widget[0]@size (B缺失), base/widgets[0]/widget[34]/sub_widgets[0]/sub_widget[0]@style (B缺失), base/widgets[0]/widget[34]/sub_widgets[0]/sub_widget[0]@text_color (B缺失), base/widgets[0]/widget[34]/sub_widgets[0]/sub_widget[0]@vertical_alignment (B缺失), base/widgets[0]/widget[34]/meshes[1]/background_mesh[0]@main_mesh (B缺失), base/widgets[0]/widget[40]/sub_widgets[0]/sub_widget[0]@font_size (B缺失), base/widgets[0]/widget[40]/sub_widgets[0]/sub_widget[0]@horizontal_aligment (B缺失), base/widgets[0]/widget[40]/sub_widgets[0]/sub_widget[0]@position (B缺失), base/widgets[0]/widget[40]/sub_widgets[0]/sub_widget[0]@ref (B缺失), base/widgets[0]/widget[40]/sub_widgets[0]/sub_widget[0]@size (B缺失), base/widgets[0]/widget[40]/sub_widgets[0]/sub_widget[0]@style (B缺失), base/widgets[0]/widget[40]/sub_widgets[0]/sub_widget[0]@text_color (B缺失), base/widgets[0]/widget[40]/sub_widgets[0]/sub_widget[0]@text_highlight_color (B缺失), base/widgets[0]/widget[40]/sub_widgets[0]/sub_widget[0]@vertical_alignment (B缺失), base/widgets[0]/widget[40]/meshes[1]/button_mesh[0]@main_mesh (B缺失), base/widgets[0]/widget[43]/sub_widgets[0]/sub_widget[0]@font_size (B缺失), base/widgets[0]/widget[43]/sub_widgets[0]/sub_widget[0]@horizontal_aligment (B缺失), base/widgets[0]/widget[43]/sub_widgets[0]/sub_widget[0]@ref (B缺失), base/widgets[0]/widget[43]/sub_widgets[0]/sub_widget[0]@size (B缺失), base/widgets[0]/widget[43]/sub_widgets[0]/sub_widget[0]@style (B缺失), base/widgets[0]/widget[43]/sub_widgets[0]/sub_widget[0]@text_color (B缺失), base/widgets[0]/widget[43]/sub_widgets[0]/sub_widget[0]@text_highlight_color (B缺失), base/widgets[0]/widget[43]/sub_widgets[0]/sub_widget[0]@vertical_alignment (B缺失), base/widgets[0]/widget[43]/meshes[1]/button_mesh[0]@main_mesh (B缺失), base/widgets[0]/widget[48]/meshes[0]/background_mesh[1]@main_mesh (B缺失), base/widgets[0]/widget[52]/sub_widgets[0]/sub_widget[0]@position (B缺失), base/widgets[0]/widget[52]/sub_widgets[0]/sub_widget[0]@ref (B缺失), base/widgets[0]/widget[52]/sub_widgets[0]/sub_widget[0]@size (B缺失), base/widgets[0]/widget[52]/meshes[1]/background_mesh[0]@main_mesh (B缺失), base/widgets[0]/widget[53]/sub_widgets[0]/sub_widget[0]@position (B缺失), base/widgets[0]/widget[53]/sub_widgets[0]/sub_widget[0]@ref (B缺失), base/widgets[0]/widget[53]/sub_widgets[0]/sub_widget[0]@size (B缺失), base/widgets[0]/widget[53]/meshes[1]/background_mesh[0]@main_mesh (B缺失), base/widgets[0]/widget[54]/sub_widgets[0]/sub_widget[0]@position (B缺失), base/widgets[0]/widget[54]/sub_widgets[0]/sub_widget[0]@ref (B缺失), base/widgets[0]/widget[54]/sub_widgets[0]/sub_widget[0]@size (B缺失), base/widgets[0]/widget[54]/meshes[1]/background_mesh[0]@main_mesh (B缺失), base/widgets[0]/widget[69]/sub_widgets[0]/sub_widget[0]@font_size (B缺失), base/widgets[0]/widget[69]/sub_widgets[0]/sub_widget[0]@horizontal_aligment (B缺失), base/widgets[0]/widget[69]/sub_widgets[0]/sub_widget[0]@position (B缺失), base/widgets[0]/widget[69]/sub_widgets[0]/sub_widget[0]@ref (B缺失), base/widgets[0]/widget[69]/sub_widgets[0]/sub_widget[0]@size (B缺失), base/widgets[0]/widget[69]/sub_widgets[0]/sub_widget[0]@style (B缺失), base/widgets[0]/widget[69]/sub_widgets[0]/sub_widget[0]@text_color (B缺失), base/widgets[0]/widget[69]/sub_widgets[0]/sub_widget[0]@text_highlight_color (B缺失), base/widgets[0]/widget[69]/sub_widgets[0]/sub_widget[0]@vertical_alignment (B缺失), base/widgets[0]/widget[69]/meshes[1]/button_mesh[0]@main_mesh (B缺失), base/widgets[0]/widget[81]/sub_widgets[0]/sub_widget[0]@position (B缺失), base/widgets[0]/widget[81]/sub_widgets[0]/sub_widget[0]@ref (B缺失), base/widgets[0]/widget[81]/sub_widgets[0]/sub_widget[0]@size (B缺失), base/widgets[0]/widget[81]/meshes[1]/background_mesh[0]@main_mesh (B缺失), base/widgets[0]/widget[83]/sub_widgets[0]/sub_widget[0]@horizontal_aligment (B缺失), base/widgets[0]/widget[90]/sub_widgets[0]/sub_widget[0]@font_size (B缺失), base/widgets[0]/widget[90]/sub_widgets[0]/sub_widget[0]@horizontal_aligment (B缺失), base/widgets[0]/widget[90]/sub_widgets[0]/sub_widget[0]@position (B缺失), base/widgets[0]/widget[90]/sub_widgets[0]/sub_widget[0]@ref (B缺失), base/widgets[0]/widget[90]/sub_widgets[0]/sub_widget[0]@size (B缺失), base/widgets[0]/widget[90]/sub_widgets[0]/sub_widget[0]@style (B缺失), base/widgets[0]/widget[90]/sub_widgets[0]/sub_widget[0]@text_color (B缺失), base/widgets[0]/widget[90]/sub_widgets[0]/sub_widget[0]@text_highlight_color (B缺失), base/widgets[0]/widget[90]/sub_widgets[0]/sub_widget[0]@vertical_alignment (B缺失), base/widgets[0]/widget[90]/meshes[1]/button_mesh[0]@main_mesh (B缺失), base/widgets[0]/widget[92]/sub_widgets[1]/sub_widget[0]@horizontal_aligment (B缺失), base/widgets[0]/widget[103]/sub_widgets[0]/sub_widget[0]@horizontal_aligment (B缺失), base/widgets[0]/widget[103]/sub_widgets[0]/sub_widget[0]@position (B缺失), base/widgets[0]/widget[103]/sub_widgets[0]/sub_widget[0]@ref (B缺失), base/widgets[0]/widget[103]/sub_widgets[0]/sub_widget[0]@size (B缺失), base/widgets[0]/widget[103]/sub_widgets[0]/sub_widget[0]@style (B缺失), base/widgets[0]/widget[103]/sub_widgets[0]/sub_widget[0]@text_color (B缺失), base/widgets[0]/widget[103]/sub_widgets[0]/sub_widget[0]@vertical_alignment (B缺失), base/widgets[0]/widget[103]/meshes[1]/background_mesh[0]@main_mesh (B缺失), base/widgets[0]/widget[104]/sub_widgets[0]/sub_widget[0]@position (B缺失), base/widgets[0]/widget[104]/sub_widgets[0]/sub_widget[0]@ref (B缺失), base/widgets[0]/widget[104]/sub_widgets[0]/sub_widget[0]@size (B缺失), base/widgets[0]/widget[104]/meshes[1]/background_mesh[0]@main_mesh (B缺失), base/widgets[0]/widget[107]/sub_widgets[0]/sub_widget[0]@font_size (B缺失), base/widgets[0]/widget[107]/sub_widgets[0]/sub_widget[0]@horizontal_aligment (B缺失), base/widgets[0]/widget[107]/sub_widgets[0]/sub_widget[0]@position (B缺失), base/widgets[0]/widget[107]/sub_widgets[0]/sub_widget[0]@ref (B缺失), base/widgets[0]/widget[107]/sub_widgets[0]/sub_widget[0]@size (B缺失), base/widgets[0]/widget[107]/sub_widgets[0]/sub_widget[0]@style (B缺失), base/widgets[0]/widget[107]/sub_widgets[0]/sub_widget[0]@text_color (B缺失), base/widgets[0]/widget[107]/sub_widgets[0]/sub_widget[0]@text_highlight_color (B缺失), base/widgets[0]/widget[107]/sub_widgets[0]/sub_widget[0]@vertical_alignment (B缺失), base/widgets[0]/widget[107]/sub_widgets[1]/sub_widget[0]@horizontal_aligment (B缺失), base/widgets[0]/widget[107]/meshes[2]/button_mesh[0]@main_mesh (B缺失), base/widgets[0]/widget[108]/sub_widgets[0]/sub_widget[0]@font_size (B缺失), base/widgets[0]/widget[108]/sub_widgets[0]/sub_widget[0]@horizontal_aligment (B缺失), base/widgets[0]/widget[108]/sub_widgets[0]/sub_widget[0]@position (B缺失), base/widgets[0]/widget[108]/sub_widgets[0]/sub_widget[0]@ref (B缺失), base/widgets[0]/widget[108]/sub_widgets[0]/sub_widget[0]@size (B缺失), base/widgets[0]/widget[108]/sub_widgets[0]/sub_widget[0]@style (B缺失), base/widgets[0]/widget[108]/sub_widgets[0]/sub_widget[0]@text_color (B缺失), base/widgets[0]/widget[108]/sub_widgets[0]/sub_widget[0]@text_highlight_color (B缺失), base/widgets[0]/widget[108]/sub_widgets[0]/sub_widget[0]@vertical_alignment (B缺失), base/widgets[0]/widget[108]/meshes[1]/button_mesh[0]@main_mesh (B缺失), base/widgets[0]/widget[109]/sub_widgets[0]/sub_widget[0]@font_size (B缺失), base/widgets[0]/widget[109]/sub_widgets[0]/sub_widget[0]@horizontal_aligment (B缺失), base/widgets[0]/widget[109]/sub_widgets[0]/sub_widget[0]@position (B缺失), base/widgets[0]/widget[109]/sub_widgets[0]/sub_widget[0]@ref (B缺失), base/widgets[0]/widget[109]/sub_widgets[0]/sub_widget[0]@size (B缺失), base/widgets[0]/widget[109]/sub_widgets[0]/sub_widget[0]@style (B缺失), base/widgets[0]/widget[109]/sub_widgets[0]/sub_widget[0]@text_color (B缺失), base/widgets[0]/widget[109]/sub_widgets[0]/sub_widget[0]@text_highlight_color (B缺失), base/widgets[0]/widget[109]/sub_widgets[0]/sub_widget[0]@vertical_alignment (B缺失), base/widgets[0]/widget[109]/meshes[1]/button_mesh[0]@main_mesh (B缺失), base/widgets[0]/widget[110]/sub_widgets[0]/sub_widget[0]@font_size (B缺失), base/widgets[0]/widget[110]/sub_widgets[0]/sub_widget[0]@horizontal_aligment (B缺失), base/widgets[0]/widget[110]/sub_widgets[0]/sub_widget[0]@position (B缺失), base/widgets[0]/widget[110]/sub_widgets[0]/sub_widget[0]@ref (B缺失), base/widgets[0]/widget[110]/sub_widgets[0]/sub_widget[0]@size (B缺失), base/widgets[0]/widget[110]/sub_widgets[0]/sub_widget[0]@style (B缺失), base/widgets[0]/widget[110]/sub_widgets[0]/sub_widget[0]@text_color (B缺失), base/widgets[0]/widget[110]/sub_widgets[0]/sub_widget[0]@text_highlight_color (B缺失), base/widgets[0]/widget[110]/sub_widgets[0]/sub_widget[0]@vertical_alignment (B缺失), base/widgets[0]/widget[110]/meshes[1]/button_mesh[0]@main_mesh (B缺失), base/widgets[0]/widget[111]/sub_widgets[0]/sub_widget[0]@font_size (B缺失), base/widgets[0]/widget[111]/sub_widgets[0]/sub_widget[0]@horizontal_aligment (B缺失), base/widgets[0]/widget[111]/sub_widgets[0]/sub_widget[0]@position (B缺失), base/widgets[0]/widget[111]/sub_widgets[0]/sub_widget[0]@ref (B缺失), base/widgets[0]/widget[111]/sub_widgets[0]/sub_widget[0]@size (B缺失), base/widgets[0]/widget[111]/sub_widgets[0]/sub_widget[0]@style (B缺失), base/widgets[0]/widget[111]/sub_widgets[0]/sub_widget[0]@text_color (B缺失), base/widgets[0]/widget[111]/sub_widgets[0]/sub_widget[0]@text_highlight_color (B缺失), base/widgets[0]/widget[111]/sub_widgets[0]/sub_widget[0]@vertical_alignment (B缺失), base/widgets[0]/widget[111]/meshes[1]/button_mesh[0]@main_mesh (B缺失)
AttributeValueDifferences: 
TextDifferences: 
  已通过 BannerlordModEditor.Common.Tests.ParticleSystemsDOUnitTests.DecalMaterialsDO_ShouldSerialize_WhenList_HasItems [< 1 ms]
  已通过 BannerlordModEditor.Common.Tests.ParticleSystemsDOUnitTests.EmitterDO_ShouldSerializeChildren_WhenChildren_IsNotNull [< 1 ms]
  已通过 BannerlordModEditor.Common.Tests.ParticleSystemsDOUnitTests.KeyDO_ShouldSerializeTangent_WhenTangent_IsNotEmpty [< 1 ms]
  已通过 BannerlordModEditor.Common.Tests.ParticleSystemsDOUnitTests.EffectDO_ShouldSerializeName_WhenName_IsNull [< 1 ms]
  已通过 BannerlordModEditor.Common.Tests.ParticleSystemsDOUnitTests.EmitterDO_ShouldSerializeFlags_WhenHasEmptyFlags_IsTrue [< 1 ms]
  已通过 BannerlordModEditor.Common.Tests.ParticleSystemsDOUnitTests.ParameterDO_ShouldSerializeParameterCurve_WhenParameterCurve_IsNotNull [< 1 ms]
  已通过 BannerlordModEditor.Common.Tests.ParticleSystemsDOUnitTests.CurveDO_ShouldSerializeCurveMultiplier_WhenCurveMultiplier_IsNotEmpty [< 1 ms]
  已通过 BannerlordModEditor.Common.Tests.BeforeTransparentsGraphDetailedAnalysisTest.BeforeTransparentsGraph_Analyze_ElementOrder [1 ms]
  已通过 BannerlordModEditor.Common.Tests.DebugLooknfeelXmlTests.Debug_Looknfeel_StructuralEquality [26 ms]
Original sub_widgets: 104
Serialized sub_widgets: 104
Parent: sub_widgets
  Original: 104, Serialized: 104
Total original sub_widget attributes: 586
Total serialized sub_widget attributes: 586
Difference: 0
Overall original attributes: 1220
Overall serialized attributes: 1220
Overall difference: 0
  已通过 BannerlordModEditor.Common.Tests.ParticleSystemsDecalMaterialValidationTest.Validate_DecalMaterial_Fix [485 ms]
  已通过 BannerlordModEditor.Common.Tests.FinalSubWidgetAnalysisTest.Find_Missing_SubWidget [27 ms]
  已通过 BannerlordModEditor.Common.Tests.MpCulturesXmlTests.MpCultures_LoadAndSave_ShouldBeLogicallyIdentical [10 ms]
  已通过 BannerlordModEditor.Common.Tests.CreditsExternalPartnersPCXmlTests.CreditsExternalPartnersPC_RoundTrip_StructuralEquality [2 ms]
  已通过 BannerlordModEditor.Common.Tests.DecalTexturesXmlTests.DecalTextures_EmptyFile_HandlesGracefully [5 ms]
  已通过 BannerlordModEditor.Common.Tests.DecalTexturesXmlTests.DecalTextures_CanSerializeToXml [< 1 ms]
  已通过 BannerlordModEditor.Common.Tests.DecalTexturesXmlTests.DecalTextures_WithDynamicTexture_CanDeserializeFromXml [1 ms]
  已通过 BannerlordModEditor.Common.Tests.DecalTexturesXmlTests.DecalTextures_RoundTripSerialization_MaintainsData [< 1 ms]
  已通过 BannerlordModEditor.Common.Tests.DecalTexturesXmlTests.DecalTextures_CanDeserializeFromXml [< 1 ms]
Original - Nodes: 7851, Attributes: 16884
Serialized - Nodes: 7837, Attributes: 16856
IsStructurallyEqual: False
NodeCountDifference: 节点数量不同: A=7851, B=7837
AttributeCountDifference: 属性数量不同: A=16884, B=16856
MissingNodes: action_sets/action[24]/action[0] (A缺失), action_sets/action[24]/action[1] (A缺失), action_sets/action[24]/action[2] (A缺失), action_sets/action[24]/action[3] (A缺失), action_sets/action[24]/action[4] (A缺失), action_sets/action[24]/action[5] (A缺失), action_sets/action[24]/action[6] (A缺失), action_sets/action[24]/action[7] (A缺失), action_sets/action[24]/action[8] (A缺失), action_sets/action[24]/action[9] (A缺失), action_sets/action[24]/action[10] (A缺失), action_sets/action[24]/action[11] (A缺失), action_sets/action[24]/action[12] (A缺失), action_sets/action[24]/action[13] (A缺失), action_sets/action[24]/action[14] (A缺失), action_sets/action[24]/action[15] (A缺失), action_sets/action[24]/action[16] (A缺失), action_sets/action[24]/action[17] (A缺失), action_sets/action[24]/action[18] (A缺失), action_sets/action[24]/action[19] (A缺失), action_sets/action[24]/action[20] (A缺失), action_sets/action[24]/action[21] (A缺失), action_sets/action[24]/action[22] (A缺失), action_sets/action[25]/action[0] (A缺失), action_sets/action[25]/action[1] (A缺失), action_sets/action[25]/action[2] (A缺失), action_sets/action[25]/action[3] (A缺失), action_sets/action[25]/action[4] (A缺失), action_sets/action[25]/action[5] (A缺失), action_sets/action[25]/action[6] (A缺失), action_sets/action[25]/action[7] (A缺失), action_sets/action[25]/action[8] (A缺失), action_sets/action[25]/action[9] (A缺失), action_sets/action[25]/action[10] (A缺失), action_sets/action[25]/action[11] (A缺失), action_sets/action[25]/action[12] (A缺失), action_sets/action[25]/action[13] (A缺失), action_sets/action[25]/action[14] (A缺失), action_sets/action[25]/action[15] (A缺失), action_sets/action[25]/action[16] (A缺失), action_sets/action[25]/action[17] (A缺失), action_sets/action[25]/action[18] (A缺失), action_sets/action[25]/action[19] (A缺失), action_sets/action[25]/action[20] (A缺失), action_sets/action[25]/action[21] (A缺失), action_sets/action[25]/action[22] (A缺失), action_sets/action[25]/action[23] (A缺失), action_sets/action[25]/action[24] (A缺失), action_sets/action[25]/action[25] (A缺失), action_sets/action[25]/action[26] (A缺失), action_sets/action[25]/action[27] (A缺失), action_sets/action[25]/action[28] (A缺失), action_sets/action[25]/action[29] (A缺失), action_sets/action[25]/action[30] (A缺失), action_sets/action[25]/action[31] (A缺失), action_sets/action[25]/action[32] (A缺失), action_sets/action[25]/action[33] (A缺失), action_sets/action[25]/action[34] (A缺失), action_sets/action[25]/action[35] (A缺失), action_sets/action[25]/action[36] (A缺失), action_sets/action[25]/action[37] (A缺失), action_sets/action[25]/action[38] (A缺失), action_sets/action[25]/action[39] (A缺失), action_sets/action[25]/action[40] (A缺失), action_sets/action[25]/action[41] (A缺失), action_sets/action[25]/action[42] (A缺失), action_sets/action[25]/action[43] (A缺失), action_sets/action[25]/action[44] (A缺失), action_sets/action[25]/action[45] (A缺失), action_sets/action[25]/action[46] (A缺失), action_sets/action[25]/action[47] (A缺失), action_sets/action[25]/action[48] (A缺失), action_sets/action[27]/action[0] (A缺失), action_sets/action[27]/action[1] (A缺失), action_sets/action[27]/action[2] (A缺失), action_sets/action[27]/action[3] (A缺失), action_sets/action[27]/action[4] (A缺失), action_sets/action[27]/action[5] (A缺失), action_sets/action[27]/action[6] (A缺失), action_sets/action[27]/action[7] (A缺失), action_sets/action[27]/action[8] (A缺失), action_sets/action[27]/action[9] (A缺失), action_sets/action[27]/action[10] (A缺失), action_sets/action[27]/action[11] (A缺失), action_sets/action[27]/action[12] (A缺失), action_sets/action[27]/action[13] (A缺失), action_sets/action[27]/action[14] (A缺失), action_sets/action[27]/action[15] (A缺失), action_sets/action[27]/action[16] (A缺失), action_sets/action[27]/action[17] (A缺失), action_sets/action[27]/action[18] (A缺失), action_sets/action[27]/action[19] (A缺失), action_sets/action[27]/action[20] (A缺失), action_sets/action[27]/action[21] (A缺失), action_sets/action[27]/action[22] (A缺失), action_sets/action[27]/action[23] (A缺失), action_sets/action[27]/action[24] (A缺失), action_sets/action[27]/action[25] (A缺失), action_sets/action[27]/action[26] (A缺失), action_sets/action[27]/action[27] (A缺失), action_sets/action[27]/action[28] (A缺失), action_sets/action[27]/action[29] (A缺失), action_sets/action[27]/action[30] (A缺失), action_sets/action[27]/action[31] (A缺失), action_sets/action[27]/action[32] (A缺失), action_sets/action[27]/action[33] (A缺失), action_sets/action[27]/action[34] (A缺失), action_sets/action[27]/action[35] (A缺失), action_sets/action[27]/action[36] (A缺失), action_sets/action[27]/action[37] (A缺失), action_sets/action[27]/action[38] (A缺失), action_sets/action[27]/action[39] (A缺失), action_sets/action[27]/action[40] (A缺失), action_sets/action[27]/action[41] (A缺失), action_sets/action[27]/action[42] (A缺失), action_sets/action[27]/action[43] (A缺失), action_sets/action[27]/action[44] (A缺失), action_sets/action[27]/action[45] (A缺失), action_sets/action[27]/action[46] (A缺失), action_sets/action[27]/action[47] (A缺失), action_sets/action[27]/action[48] (A缺失), action_sets/action[27]/action[49] (A缺失), action_sets/action[27]/action[50] (A缺失), action_sets/action[27]/action[51] (A缺失), action_sets/action[27]/action[52] (A缺失), action_sets/action[27]/action[53] (A缺失), action_sets/action[27]/action[54] (A缺失), action_sets/action[27]/action[55] (A缺失), action_sets/action[27]/action[56] (A缺失), action_sets/action[27]/action[57] (A缺失), action_sets/action[27]/action[58] (A缺失), action_sets/action[27]/action[59] (A缺失), action_sets/action[27]/action[60] (A缺失), action_sets/action[27]/action[61] (A缺失), action_sets/action[27]/action[62] (A缺失), action_sets/action[27]/action[63] (A缺失), action_sets/action[27]/action[64] (A缺失), action_sets/action[27]/action[65] (A缺失), action_sets/action[27]/action[66] (A缺失), action_sets/action[27]/action[67] (A缺失), action_sets/action[27]/action[68] (A缺失), action_sets/action[27]/action[69] (A缺失), action_sets/action[27]/action[70] (A缺失), action_sets/action[27]/action[71] (A缺失), action_sets/action[27]/action[72] (A缺失), action_sets/action[27]/action[73] (A缺失), action_sets/action[27]/action[74] (A缺失), action_sets/action[27]/action[75] (A缺失), action_sets/action[27]/action[76] (A缺失), action_sets/action[27]/action[77] (A缺失), action_sets/action[27]/action[78] (A缺失), action_sets/action[27]/action[79] (A缺失), action_sets/action[27]/action[80] (A缺失), action_sets/action[27]/action[81] (A缺失), action_sets/action[27]/action[82] (A缺失), action_sets/action[27]/action[83] (A缺失), action_sets/action[27]/action[84] (A缺失), action_sets/action[27]/action[85] (A缺失), action_sets/action[27]/action[86] (A缺失), action_sets/action[27]/action[87] (A缺失), action_sets/action[27]/action[88] (A缺失), action_sets/action[27]/action[89] (A缺失), action_sets/action[27]/action[90] (A缺失), action_sets/action[27]/action[91] (A缺失), action_sets/action[27]/action[92] (A缺失), action_sets/action[27]/action[93] (A缺失), action_sets/action[27]/action[94] (A缺失), action_sets/action[27]/action[95] (A缺失), action_sets/action[27]/action[96] (A缺失), action_sets/action[27]/action[97] (A缺失), action_sets/action[27]/action[98] (A缺失), action_sets/action[28]/action[0] (A缺失), action_sets/action[28]/action[1] (A缺失), action_sets/action[28]/action[2] (A缺失), action_sets/action[28]/action[3] (A缺失), action_sets/action[28]/action[4] (A缺失), action_sets/action[28]/action[5] (A缺失), action_sets/action[28]/action[6] (A缺失), action_sets/action[28]/action[7] (A缺失), action_sets/action[28]/action[8] (A缺失), action_sets/action[28]/action[9] (A缺失), action_sets/action[28]/action[10] (A缺失), action_sets/action[28]/action[11] (A缺失), action_sets/action[28]/action[12] (A缺失), action_sets/action[28]/action[13] (A缺失), action_sets/action[28]/action[14] (A缺失), action_sets/action[28]/action[15] (A缺失), action_sets/action[28]/action[16] (A缺失), action_sets/action[28]/action[17] (A缺失), action_sets/action[28]/action[18] (A缺失), action_sets/action[28]/action[19] (A缺失), action_sets/action[28]/action[20] (A缺失), action_sets/action[28]/action[21] (A缺失), action_sets/action[28]/action[22] (A缺失), action_sets/action[28]/action[23] (A缺失), action_sets/action[29]/action[0] (A缺失), action_sets/action[29]/action[1] (A缺失), action_sets/action[29]/action[2] (A缺失), action_sets/action[29]/action[3] (A缺失), action_sets/action[29]/action[4] (A缺失), action_sets/action[29]/action[5] (A缺失), action_sets/action[29]/action[6] (A缺失), action_sets/action[29]/action[7] (A缺失), action_sets/action[29]/action[8] (A缺失), action_sets/action[29]/action[9] (A缺失), action_sets/action[29]/action[10] (A缺失), action_sets/action[29]/action[11] (A缺失), action_sets/action[29]/action[12] (A缺失), action_sets/action[29]/action[13] (A缺失), action_sets/action[29]/action[14] (A缺失), action_sets/action[31]/action[0] (A缺失), action_sets/action[31]/action[1] (A缺失), action_sets/action[31]/action[2] (A缺失), action_sets/action[31]/action[3] (A缺失), action_sets/action[31]/action[4] (A缺失), action_sets/action[31]/action[5] (A缺失), action_sets/action[31]/action[6] (A缺失), action_sets/action[31]/action[7] (A缺失), action_sets/action[31]/action[8] (A缺失), action_sets/action[31]/action[9] (A缺失), action_sets/action[31]/action[10] (A缺失), action_sets/action[31]/action[11] (A缺失), action_sets/action[31]/action[12] (A缺失), action_sets/action[31]/action[13] (A缺失), action_sets/action[31]/action[14] (A缺失), action_sets/action[31]/action[15] (A缺失), action_sets/action[31]/action[16] (A缺失), action_sets/action[31]/action[17] (A缺失), action_sets/action[31]/action[18] (A缺失), action_sets/action[31]/action[19] (A缺失), action_sets/action[31]/action[20] (A缺失), action_sets/action[31]/action[21] (A缺失), action_sets/action[31]/action[22] (A缺失), action_sets/action[31]/action[23] (A缺失), action_sets/action[31]/action[24] (A缺失), action_sets/action[31]/action[25] (A缺失), action_sets/action[31]/action[26] (A缺失), action_sets/action[31]/action[27] (A缺失), action_sets/action[31]/action[28] (A缺失), action_sets/action[31]/action[29] (A缺失), action_sets/action[31]/action[30] (A缺失), action_sets/action[31]/action[31] (A缺失), action_sets/action[31]/action[32] (A缺失), action_sets/action[31]/action[33] (A缺失), action_sets/action[31]/action[34] (A缺失), action_sets/action[31]/action[35] (A缺失), action_sets/action[31]/action[36] (A缺失), action_sets/action[31]/action[37] (A缺失), action_sets/action[31]/action[38] (A缺失), action_sets/action[31]/action[39] (A缺失), action_sets/action[31]/action[40] (A缺失), action_sets/action[31]/action[41] (A缺失), action_sets/action[31]/action[42] (A缺失), action_sets/action[31]/action[43] (A缺失), action_sets/action[31]/action[44] (A缺失), action_sets/action[31]/action[45] (A缺失), action_sets/action[31]/action[46] (A缺失), action_sets/action[31]/action[47] (A缺失), action_sets/action[31]/action[48] (A缺失), action_sets/action[31]/action[49] (A缺失), action_sets/action[31]/action[50] (A缺失), action_sets/action[31]/action[51] (A缺失), action_sets/action[31]/action[52] (A缺失), action_sets/action[31]/action[53] (A缺失), action_sets/action[31]/action[54] (A缺失), action_sets/action[31]/action[55] (A缺失), action_sets/action[31]/action[56] (A缺失), action_sets/action[31]/action[57] (A缺失), action_sets/action[31]/action[58] (A缺失), action_sets/action[31]/action[59] (A缺失), action_sets/action[31]/action[60] (A缺失), action_sets/action[31]/action[61] (A缺失), action_sets/action[31]/action[62] (A缺失), action_sets/action[31]/action[63] (A缺失), action_sets/action[31]/action[64] (A缺失), action_sets/action[31]/action[65] (A缺失), action_sets/action[31]/action[66] (A缺失), action_sets/action[31]/action[67] (A缺失), action_sets/action[31]/action[68] (A缺失), action_sets/action[31]/action[69] (A缺失), action_sets/action[31]/action[70] (A缺失), action_sets/action[31]/action[71] (A缺失), action_sets/action[31]/action[72] (A缺失), action_sets/action[31]/action[73] (A缺失), action_sets/action[31]/action[74] (A缺失), action_sets/action[31]/action[75] (A缺失), action_sets/action[31]/action[76] (A缺失), action_sets/action[31]/action[77] (A缺失), action_sets/action[31]/action[78] (A缺失), action_sets/action[31]/action[79] (A缺失), action_sets/action[31]/action[80] (A缺失), action_sets/action[31]/action[81] (A缺失), action_sets/action[31]/action[82] (A缺失), action_sets/action[31]/action[83] (A缺失), action_sets/action[31]/action[84] (A缺失), action_sets/action[31]/action[85] (A缺失), action_sets/action[31]/action[86] (A缺失), action_sets/action[31]/action[87] (A缺失), action_sets/action[31]/action[88] (A缺失), action_sets/action[31]/action[89] (A缺失), action_sets/action[31]/action[90] (A缺失), action_sets/action[31]/action[91] (A缺失), action_sets/action[31]/action[92] (A缺失), action_sets/action[31]/action[93] (A缺失), action_sets/action[31]/action[94] (A缺失), action_sets/action[31]/action[95] (A缺失), action_sets/action[31]/action[96] (A缺失), action_sets/action[31]/action[97] (A缺失), action_sets/action[31]/action[98] (A缺失), action_sets/action[31]/action[99] (A缺失), action_sets/action[31]/action[100] (A缺失), action_sets/action[31]/action[101] (A缺失), action_sets/action[31]/action[102] (A缺失), action_sets/action[31]/action[103] (A缺失), action_sets/action[31]/action[104] (A缺失), action_sets/action[31]/action[105] (A缺失), action_sets/action[31]/action[106] (A缺失), action_sets/action[31]/action[107] (A缺失), action_sets/action[31]/action[108] (A缺失), action_sets/action[31]/action[109] (A缺失), action_sets/action[31]/action[110] (A缺失), action_sets/action[31]/action[111] (A缺失), action_sets/action[31]/action[112] (A缺失), action_sets/action[33]/action[0] (A缺失), action_sets/action[33]/action[1] (A缺失), action_sets/action[33]/action[2] (A缺失), action_sets/action[33]/action[3] (A缺失), action_sets/action[33]/action[4] (A缺失), action_sets/action[33]/action[5] (A缺失), action_sets/action[33]/action[6] (A缺失), action_sets/action[33]/action[7] (A缺失), action_sets/action[33]/action[8] (A缺失), action_sets/action[33]/action[9] (A缺失), action_sets/action[33]/action[10] (A缺失), action_sets/action[33]/action[11] (A缺失), action_sets/action[33]/action[12] (A缺失), action_sets/action[33]/action[13] (A缺失), action_sets/action[33]/action[14] (A缺失), action_sets/action[33]/action[15] (A缺失), action_sets/action[33]/action[16] (A缺失), action_sets/action[33]/action[17] (A缺失), action_sets/action[33]/action[18] (A缺失), action_sets/action[33]/action[19] (A缺失), action_sets/action[33]/action[20] (A缺失), action_sets/action[33]/action[21] (A缺失), action_sets/action[33]/action[22] (A缺失), action_sets/action[33]/action[23] (A缺失), action_sets/action[33]/action[24] (A缺失), action_sets/action[33]/action[25] (A缺失), action_sets/action[33]/action[26] (A缺失), action_sets/action[33]/action[27] (A缺失), action_sets/action[33]/action[28] (A缺失), action_sets/action[33]/action[29] (A缺失), action_sets/action[33]/action[30] (A缺失), action_sets/action[33]/action[31] (A缺失), action_sets/action[33]/action[32] (A缺失), action_sets/action[33]/action[33] (A缺失), action_sets/action[33]/action[34] (A缺失), action_sets/action[33]/action[35] (A缺失), action_sets/action[35]/action[0] (A缺失), action_sets/action[35]/action[1] (A缺失), action_sets/action[35]/action[2] (A缺失), action_sets/action[35]/action[3] (A缺失), action_sets/action[35]/action[4] (A缺失), action_sets/action[35]/action[5] (A缺失), action_sets/action[35]/action[6] (A缺失), action_sets/action[35]/action[7] (A缺失), action_sets/action[35]/action[8] (A缺失), action_sets/action[35]/action[9] (A缺失), action_sets/action[35]/action[10] (A缺失), action_sets/action[35]/action[11] (A缺失), action_sets/action[35]/action[12] (A缺失), action_sets/action[35]/action[13] (A缺失), action_sets/action[35]/action[14] (A缺失), action_sets/action[35]/action[15] (A缺失), action_sets/action[35]/action[16] (A缺失), action_sets/action[35]/action[17] (A缺失), action_sets/action[35]/action[18] (A缺失), action_sets/action[35]/action[19] (A缺失), action_sets/action[35]/action[20] (A缺失), action_sets/action[35]/action[21] (A缺失), action_sets/action[35]/action[22] (A缺失), action_sets/action[35]/action[23] (A缺失), action_sets/action[35]/action[24] (A缺失), action_sets/action[35]/action[25] (A缺失), action_sets/action[35]/action[26] (A缺失), action_sets/action[35]/action[27] (A缺失), action_sets/action[35]/action[28] (A缺失), action_sets/action[35]/action[29] (A缺失), action_sets/action[35]/action[30] (A缺失), action_sets/action[35]/action[31] (A缺失), action_sets/action[35]/action[32] (A缺失), action_sets/action[35]/action[33] (A缺失), action_sets/action[35]/action[34] (A缺失), action_sets/action[35]/action[35] (A缺失), action_sets/action[35]/action[36] (A缺失), action_sets/action[36]/action[0] (A缺失), action_sets/action[36]/action[1] (A缺失), action_sets/action[36]/action[2] (A缺失), action_sets/action[36]/action[3] (A缺失), action_sets/action[36]/action[4] (A缺失), action_sets/action[36]/action[5] (A缺失), action_sets/action[36]/action[6] (A缺失), action_sets/action[36]/action[7] (A缺失), action_sets/action[36]/action[8] (A缺失), action_sets/action[36]/action[9] (A缺失), action_sets/action[36]/action[10] (A缺失), action_sets/action[36]/action[11] (A缺失), action_sets/action[36]/action[12] (A缺失), action_sets/action[36]/action[13] (A缺失), action_sets/action[36]/action[14] (A缺失), action_sets/action[36]/action[15] (A缺失), action_sets/action[36]/action[16] (A缺失), action_sets/action[36]/action[17] (A缺失), action_sets/action[36]/action[18] (A缺失), action_sets/action[36]/action[19] (A缺失), action_sets/action[36]/action[20] (A缺失), action_sets/action[36]/action[21] (A缺失), action_sets/action[36]/action[22] (A缺失), action_sets/action[36]/action[23] (A缺失), action_sets/action[36]/action[24] (A缺失), action_sets/action[36]/action[25] (A缺失), action_sets/action[36]/action[26] (A缺失), action_sets/action[36]/action[27] (A缺失), action_sets/action[36]/action[28] (A缺失), action_sets/action[36]/action[29] (A缺失), action_sets/action[36]/action[30] (A缺失), action_sets/action[36]/action[31] (A缺失), action_sets/action[36]/action[32] (A缺失), action_sets/action[36]/action[33] (A缺失), action_sets/action[36]/action[34] (A缺失), action_sets/action_set[37]/action[0] (A缺失), action_sets/action_set[37]/action[1] (A缺失), action_sets/action_set[37]/action[2] (A缺失), action_sets/action_set[37]/action[3] (A缺失), action_sets/action_set[37]/action[4] (A缺失), action_sets/action_set[37]/action[5] (A缺失), action_sets/action_set[37]/action[6] (A缺失), action_sets/action_set[37]/action[7] (A缺失), action_sets/action_set[37]/action[8] (A缺失), action_sets/action_set[37]/action[9] (A缺失), action_sets/action_set[43]/action[15] (A缺失), action_sets/action_set[43]/action[16] (A缺失), action_sets/action_set[43]/action[17] (A缺失), action_sets/action_set[43]/action[18] (A缺失), action_sets/action_set[43]/action[19] (A缺失), action_sets/action_set[43]/action[20] (A缺失), action_sets/action_set[43]/action[21] (A缺失), action_sets/action_set[43]/action[22] (A缺失), action_sets/action_set[43]/action[23] (A缺失), action_sets/action_set[43]/action[24] (A缺失), action_sets/action_set[43]/action[25] (A缺失), action_sets/action_set[43]/action[26] (A缺失), action_sets/action_set[43]/action[27] (A缺失), action_sets/action_set[43]/action[28] (A缺失), action_sets/action_set[43]/action[29] (A缺失), action_sets/action_set[43]/action[30] (A缺失), action_sets/action_set[43]/action[31] (A缺失), action_sets/action_set[43]/action[32] (A缺失), action_sets/action_set[43]/action[33] (A缺失), action_sets/action_set[43]/action[34] (A缺失), action_sets/action_set[43]/action[35] (A缺失), action_sets/action_set[44]/action[0] (A缺失), action_sets/action_set[44]/action[1] (A缺失), action_sets/action_set[44]/action[2] (A缺失), action_sets/action_set[44]/action[3] (A缺失), action_sets/action_set[44]/action[4] (A缺失), action_sets/action_set[44]/action[5] (A缺失), action_sets/action_set[44]/action[6] (A缺失), action_sets/action_set[44]/action[7] (A缺失), action_sets/action_set[44]/action[8] (A缺失), action_sets/action_set[44]/action[9] (A缺失), action_sets/action_set[44]/action[10] (A缺失), action_sets/action_set[44]/action[11] (A缺失), action_sets/action_set[44]/action[12] (A缺失), action_sets/action_set[44]/action[13] (A缺失), action_sets/action_set[44]/action[14] (A缺失), action_sets/action_set[44]/action[15] (A缺失), action_sets/action_set[44]/action[16] (A缺失), action_sets/action_set[44]/action[17] (A缺失), action_sets/action_set[44]/action[18] (A缺失), action_sets/action_set[44]/action[19] (A缺失), action_sets/action_set[44]/action[20] (A缺失), action_sets/action_set[44]/action[21] (A缺失), action_sets/action_set[44]/action[22] (A缺失), action_sets/action_set[44]/action[23] (A缺失), action_sets/action_set[44]/action[24] (A缺失), action_sets/action_set[44]/action[25] (A缺失), action_sets/action_set[44]/action[26] (A缺失), action_sets/action_set[44]/action[27] (A缺失), action_sets/action_set[44]/action[28] (A缺失), action_sets/action_set[47]/action[36] (A缺失), action_sets/action_set[47]/action[37] (A缺失), action_sets/action_set[51]/action[10] (A缺失), action_sets/action_set[51]/action[11] (A缺失), action_sets/action_set[51]/action[12] (A缺失), action_sets/action_set[51]/action[13] (A缺失), action_sets/action_set[51]/action[14] (A缺失), action_sets/action_set[51]/action[15] (A缺失), action_sets/action_set[51]/action[16] (A缺失), action_sets/action_set[51]/action[17] (A缺失), action_sets/action_set[51]/action[18] (A缺失), action_sets/action_set[51]/action[19] (A缺失), action_sets/action_set[51]/action[20] (A缺失), action_sets/action_set[51]/action[21] (A缺失), action_sets/action_set[51]/action[22] (A缺失), action_sets/action_set[51]/action[23] (A缺失), action_sets/action_set[51]/action[24] (A缺失), action_sets/action_set[51]/action[25] (A缺失), action_sets/action_set[51]/action[26] (A缺失), action_sets/action_set[51]/action[27] (A缺失), action_sets/action_set[51]/action[28] (A缺失), action_sets/action_set[51]/action[29] (A缺失), action_sets/action_set[51]/action[30] (A缺失), action_sets/action_set[51]/action[31] (A缺失), action_sets/action_set[51]/action[32] (A缺失), action_sets/action_set[53]/action[2] (A缺失), action_sets/action_set[53]/action[3] (A缺失), action_sets/action_set[53]/action[4] (A缺失), action_sets/action_set[55]/action[23] (A缺失), action_sets/action_set[55]/action[24] (A缺失), action_sets/action_set[55]/action[25] (A缺失), action_sets/action_set[55]/action[26] (A缺失), action_sets/action_set[55]/action[27] (A缺失), action_sets/action_set[55]/action[28] (A缺失), action_sets/action_set[55]/action[29] (A缺失), action_sets/action_set[55]/action[30] (A缺失), action_sets/action_set[55]/action[31] (A缺失), action_sets/action_set[55]/action[32] (A缺失), action_sets/action_set[55]/action[33] (A缺失), action_sets/action_set[55]/action[34] (A缺失), action_sets/action_set[55]/action[35] (A缺失), action_sets/action_set[55]/action[36] (A缺失), action_sets/action_set[55]/action[37] (A缺失), action_sets/action_set[55]/action[38] (A缺失), action_sets/action_set[55]/action[39] (A缺失), action_sets/action_set[55]/action[40] (A缺失), action_sets/action_set[55]/action[41] (A缺失), action_sets/action_set[55]/action[42] (A缺失), action_sets/action_set[55]/action[43] (A缺失), action_sets/action_set[55]/action[44] (A缺失), action_sets/action_set[55]/action[45] (A缺失), action_sets/action_set[55]/action[46] (A缺失), action_sets/action_set[55]/action[47] (A缺失), action_sets/action_set[55]/action[48] (A缺失), action_sets/action_set[55]/action[49] (A缺失), action_sets/action_set[55]/action[50] (A缺失), action_sets/action_set[55]/action[51] (A缺失), action_sets/action_set[55]/action[52] (A缺失), action_sets/action_set[55]/action[53] (A缺失), action_sets/action_set[55]/action[54] (A缺失), action_sets/action_set[55]/action[55] (A缺失), action_sets/action_set[55]/action[56] (A缺失), action_sets/action_set[55]/action[57] (A缺失), action_sets/action_set[55]/action[58] (A缺失), action_sets/action_set[55]/action[59] (A缺失), action_sets/action_set[55]/action[60] (A缺失), action_sets/action_set[55]/action[61] (A缺失), action_sets/action_set[55]/action[62] (A缺失), action_sets/action_set[55]/action[63] (A缺失), action_sets/action_set[55]/action[64] (A缺失), action_sets/action_set[55]/action[65] (A缺失), action_sets/action_set[55]/action[66] (A缺失), action_sets/action_set[59]/action[23] (A缺失), action_sets/action_set[59]/action[24] (A缺失), action_sets/action_set[59]/action[25] (A缺失), action_sets/action_set[59]/action[26] (A缺失), action_sets/action_set[59]/action[27] (A缺失), action_sets/action_set[59]/action[28] (A缺失), action_sets/action_set[59]/action[29] (A缺失), action_sets/action_set[59]/action[30] (A缺失), action_sets/action_set[59]/action[31] (A缺失), action_sets/action_set[59]/action[32] (A缺失), action_sets/action_set[59]/action[33] (A缺失), action_sets/action_set[59]/action[34] (A缺失), action_sets/action_set[59]/action[35] (A缺失), action_sets/action_set[59]/action[36] (A缺失), action_sets/action_set[59]/action[37] (A缺失), action_sets/action_set[59]/action[38] (A缺失), action_sets/action_set[59]/action[39] (A缺失), action_sets/action_set[59]/action[40] (A缺失), action_sets/action_set[67]/action[5] (A缺失), action_sets/action_set[67]/action[6] (A缺失), action_sets/action_set[67]/action[7] (A缺失), action_sets/action_set[67]/action[8] (A缺失), action_sets/action_set[67]/action[9] (A缺失), action_sets/action_set[67]/action[10] (A缺失), action_sets/action_set[67]/action[11] (A缺失), action_sets/action_set[67]/action[12] (A缺失), action_sets/action_set[67]/action[13] (A缺失), action_sets/action_set[67]/action[14] (A缺失), action_sets/action_set[69]/action[67] (A缺失), action_sets/action_set[69]/action[68] (A缺失), action_sets/action_set[69]/action[69] (A缺失), action_sets/action_set[69]/action[70] (A缺失), action_sets/action_set[69]/action[71] (A缺失), action_sets/action_set[69]/action[72] (A缺失), action_sets/action_set[69]/action[73] (A缺失), action_sets/action_set[69]/action[74] (A缺失), action_sets/action_set[69]/action[75] (A缺失), action_sets/action_set[69]/action[76] (A缺失), action_sets/action_set[69]/action[77] (A缺失), action_sets/action_set[69]/action[78] (A缺失), action_sets/action_set[69]/action[79] (A缺失), action_sets/action_set[69]/action[80] (A缺失), action_sets/action_set[69]/action[81] (A缺失), action_sets/action_set[69]/action[82] (A缺失), action_sets/action_set[69]/action[83] (A缺失), action_sets/action_set[69]/action[84] (A缺失), action_sets/action_set[69]/action[85] (A缺失), action_sets/action_set[71]/action[17] (A缺失), action_sets/action_set[71]/action[18] (A缺失), action_sets/action_set[71]/action[19] (A缺失), action_sets/action_set[71]/action[20] (A缺失), action_sets/action_set[71]/action[21] (A缺失), action_sets/action_set[71]/action[22] (A缺失), action_sets/action_set[71]/action[23] (A缺失), action_sets/action_set[71]/action[24] (A缺失), action_sets/action_set[71]/action[25] (A缺失), action_sets/action_set[71]/action[26] (A缺失), action_sets/action_set[71]/action[27] (A缺失), action_sets/action_set[71]/action[28] (A缺失), action_sets/action_set[71]/action[29] (A缺失), action_sets/action_set[71]/action[30] (A缺失), action_sets/action_set[71]/action[31] (A缺失), action_sets/action_set[71]/action[32] (A缺失), action_sets/action_set[71]/action[33] (A缺失), action_sets/action_set[71]/action[34] (A缺失), action_sets/action_set[71]/action[35] (A缺失), action_sets/action_set[71]/action[36] (A缺失), action_sets/action_set[71]/action[37] (A缺失), action_sets/action_set[71]/action[38] (A缺失), action_sets/action_set[71]/action[39] (A缺失), action_sets/action_set[71]/action[40] (A缺失), action_sets/action_set[71]/action[41] (A缺失), action_sets/action_set[71]/action[42] (A缺失), action_sets/action_set[71]/action[43] (A缺失), action_sets/action_set[71]/action[44] (A缺失), action_sets/action_set[71]/action[45] (A缺失), action_sets/action_set[71]/action[46] (A缺失), action_sets/action_set[71]/action[47] (A缺失), action_sets/action_set[71]/action[48] (A缺失), action_sets/action_set[71]/action[49] (A缺失), action_sets/action_set[71]/action[50] (A缺失), action_sets/action_set[71]/action[51] (A缺失), action_sets/action_set[71]/action[52] (A缺失), action_sets/action_set[71]/action[53] (A缺失), action_sets/action_set[71]/action[54] (A缺失), action_sets/action_set[71]/action[55] (A缺失), action_sets/action_set[71]/action[56] (A缺失), action_sets/action_set[71]/action[57] (A缺失), action_sets/action_set[71]/action[58] (A缺失), action_sets/action_set[71]/action[59] (A缺失), action_sets/action_set[71]/action[60] (A缺失), action_sets/action_set[71]/action[61] (A缺失), action_sets/action_set[71]/action[62] (A缺失), action_sets/action_set[71]/action[63] (A缺失), action_sets/action_set[71]/action[64] (A缺失), action_sets/action_set[71]/action[65] (A缺失), action_sets/action_set[71]/action[66] (A缺失), action_sets/action_set[71]/action[67] (A缺失), action_sets/action_set[71]/action[68] (A缺失), action_sets/action_set[71]/action[69] (A缺失), action_sets/action_set[71]/action[70] (A缺失), action_sets/action_set[71]/action[71] (A缺失), action_sets/action_set[71]/action[72] (A缺失), action_sets/action_set[71]/action[73] (A缺失), action_sets/action_set[71]/action[74] (A缺失), action_sets/action_set[71]/action[75] (A缺失), action_sets/action_set[71]/action[76] (A缺失), action_sets/action_set[71]/action[77] (A缺失), action_sets/action_set[71]/action[78] (A缺失), action_sets/action_set[71]/action[79] (A缺失), action_sets/action_set[71]/action[80] (A缺失), action_sets/action_set[71]/action[81] (A缺失), action_sets/action_set[71]/action[82] (A缺失), action_sets/action_set[71]/action[83] (A缺失), action_sets/action_set[71]/action[84] (A缺失), action_sets/action_set[71]/action[85] (A缺失), action_sets/action_set[71]/action[86] (A缺失), action_sets/action_set[71]/action[87] (A缺失), action_sets/action_set[71]/action[88] (A缺失), action_sets/action_set[71]/action[89] (A缺失), action_sets/action_set[71]/action[90] (A缺失), action_sets/action_set[71]/action[91] (A缺失), action_sets/action_set[71]/action[92] (A缺失), action_sets/action_set[71]/action[93] (A缺失), action_sets/action_set[71]/action[94] (A缺失), action_sets/action_set[71]/action[95] (A缺失), action_sets/action_set[71]/action[96] (A缺失), action_sets/action_set[71]/action[97] (A缺失), action_sets/action_set[71]/action[98] (A缺失), action_sets/action_set[71]/action[99] (A缺失), action_sets/action_set[71]/action[100] (A缺失), action_sets/action_set[71]/action[101] (A缺失), action_sets/action_set[71]/action[102] (A缺失), action_sets/action_set[71]/action[103] (A缺失), action_sets/action_set[71]/action[104] (A缺失), action_sets/action_set[71]/action[105] (A缺失), action_sets/action_set[71]/action[106] (A缺失), action_sets/action_set[71]/action[107] (A缺失), action_sets/action_set[73]/action[41] (A缺失), action_sets/action_set[73]/action[42] (A缺失), action_sets/action_set[73]/action[43] (A缺失), action_sets/action_set[73]/action[44] (A缺失), action_sets/action_set[73]/action[45] (A缺失), action_sets/action_set[73]/action[46] (A缺失), action_sets/action_set[73]/action[47] (A缺失), action_sets/action_set[73]/action[48] (A缺失), action_sets/action_set[73]/action[49] (A缺失), action_sets/action_set[73]/action[50] (A缺失), action_sets/action_set[73]/action[51] (A缺失), action_sets/action_set[73]/action[52] (A缺失), action_sets/action_set[73]/action[53] (A缺失), action_sets/action_set[73]/action[54] (A缺失), action_sets/action_set[73]/action[55] (A缺失), action_sets/action_set[73]/action[56] (A缺失), action_sets/action_set[73]/action[57] (A缺失), action_sets/action_set[73]/action[58] (A缺失), action_sets/action_set[73]/action[59] (A缺失), action_sets/action_set[73]/action[60] (A缺失), action_sets/action_set[73]/action[61] (A缺失), action_sets/action_set[73]/action[62] (A缺失), action_sets/action_set[73]/action[63] (A缺失), action_sets/action_set[73]/action[64] (A缺失), action_sets/action_set[73]/action[65] (A缺失), action_sets/action_set[73]/action[66] (A缺失), action_sets/action_set[73]/action[67] (A缺失), action_sets/action_set[73]/action[68] (A缺失), action_sets/action_set[73]/action[69] (A缺失), action_sets/action_set[73]/action[70] (A缺失), action_sets/action_set[73]/action[71] (A缺失), action_sets/action_set[73]/action[72] (A缺失), action_sets/action_set[73]/action[73] (A缺失), action_sets/action_set[73]/action[74] (A缺失), action_sets/action_set[73]/action[75] (A缺失), action_sets/action_set[73]/action[76] (A缺失), action_sets/action_set[73]/action[77] (A缺失), action_sets/action_set[73]/action[78] (A缺失), action_sets/action_set[73]/action[79] (A缺失), action_sets/action_set[73]/action[80] (A缺失), action_sets/action_set[73]/action[81] (A缺失), action_sets/action_set[73]/action[82] (A缺失), action_sets/action_set[73]/action[83] (A缺失), action_sets/action_set[73]/action[84] (A缺失), action_sets/action_set[73]/action[85] (A缺失), action_sets/action_set[75]/action[25] (A缺失), action_sets/action_set[75]/action[26] (A缺失), action_sets/action_set[75]/action[27] (A缺失), action_sets/action_set[75]/action[28] (A缺失), action_sets/action_set[75]/action[29] (A缺失), action_sets/action_set[75]/action[30] (A缺失), action_sets/action_set[75]/action[31] (A缺失), action_sets/action_set[75]/action[32] (A缺失), action_sets/action_set[75]/action[33] (A缺失), action_sets/action_set[75]/action[34] (A缺失), action_sets/action_set[75]/action[35] (A缺失), action_sets/action_set[75]/action[36] (A缺失), action_sets/action_set[75]/action[37] (A缺失), action_sets/action_set[75]/action[38] (A缺失), action_sets/action_set[75]/action[39] (A缺失), action_sets/action_set[75]/action[40] (A缺失), action_sets/action_set[75]/action[41] (A缺失), action_sets/action_set[75]/action[42] (A缺失), action_sets/action_set[75]/action[43] (A缺失), action_sets/action_set[75]/action[44] (A缺失), action_sets/action_set[75]/action[45] (A缺失), action_sets/action_set[75]/action[46] (A缺失), action_sets/action_set[75]/action[47] (A缺失), action_sets/action_set[75]/action[48] (A缺失), action_sets/action_set[75]/action[49] (A缺失), action_sets/action_set[75]/action[50] (A缺失), action_sets/action_set[75]/action[51] (A缺失), action_sets/action_set[75]/action[52] (A缺失), action_sets/action_set[75]/action[53] (A缺失), action_sets/action_set[75]/action[54] (A缺失), action_sets/action_set[75]/action[55] (A缺失), action_sets/action_set[75]/action[56] (A缺失), action_sets/action_set[75]/action[57] (A缺失), action_sets/action_set[75]/action[58] (A缺失), action_sets/action_set[75]/action[59] (A缺失), action_sets/action_set[75]/action[60] (A缺失), action_sets/action_set[75]/action[61] (A缺失), action_sets/action_set[75]/action[62] (A缺失), action_sets/action_set[75]/action[63] (A缺失), action_sets/action_set[75]/action[64] (A缺失), action_sets/action_set[75]/action[65] (A缺失), action_sets/action_set[75]/action[66] (A缺失), action_sets/action_set[75]/action[67] (A缺失), action_sets/action_set[75]/action[68] (A缺失), action_sets/action_set[75]/action[69] (A缺失), action_sets/action_set[75]/action[70] (A缺失), action_sets/action_set[75]/action[71] (A缺失), action_sets/action_set[75]/action[72] (A缺失), action_sets/action_set[75]/action[73] (A缺失), action_sets/action_set[75]/action[74] (A缺失), action_sets/action_set[75]/action[75] (A缺失), action_sets/action_set[75]/action[76] (A缺失), action_sets/action_set[75]/action[77] (A缺失), action_sets/action_set[75]/action[78] (A缺失), action_sets/action_set[75]/action[79] (A缺失), action_sets/action_set[75]/action[80] (A缺失), action_sets/action_set[75]/action[81] (A缺失), action_sets/action_set[75]/action[82] (A缺失), action_sets/action_set[75]/action[83] (A缺失), action_sets/action_set[75]/action[84] (A缺失), action_sets/action_set[75]/action[85] (A缺失), action_sets/action_set[75]/action[86] (A缺失), action_sets/action_set[75]/action[87] (A缺失), action_sets/action_set[75]/action[88] (A缺失), action_sets/action_set[75]/action[89] (A缺失), action_sets/action_set[75]/action[90] (A缺失), action_sets/action_set[75]/action[91] (A缺失), action_sets/action_set[75]/action[92] (A缺失), action_sets/action_set[75]/action[93] (A缺失), action_sets/action_set[75]/action[94] (A缺失), action_sets/action_set[75]/action[95] (A缺失), action_sets/action_set[75]/action[96] (A缺失), action_sets/action_set[75]/action[97] (A缺失), action_sets/action_set[75]/action[98] (A缺失), action_sets/action_set[75]/action[99] (A缺失), action_sets/action_set[75]/action[100] (A缺失), action_sets/action_set[75]/action[101] (A缺失), action_sets/action_set[75]/action[102] (A缺失), action_sets/action_set[75]/action[103] (A缺失), action_sets/action_set[75]/action[104] (A缺失), action_sets/action_set[75]/action[105] (A缺失), action_sets/action_set[75]/action[106] (A缺失), action_sets/action_set[75]/action[107] (A缺失), action_sets/action_set[75]/action[108] (A缺失), action_sets/action_set[75]/action[109] (A缺失), action_sets/action_set[75]/action[110] (A缺失), action_sets/action_set[75]/action[111] (A缺失), action_sets/action_set[75]/action[112] (A缺失), action_sets/action_set[75]/action[113] (A缺失), action_sets/action_set[75]/action[114] (A缺失), action_sets/action_set[75]/action[115] (A缺失), action_sets/action_set[75]/action[116] (A缺失), action_sets/action_set[75]/action[117] (A缺失), action_sets/action_set[75]/action[118] (A缺失), action_sets/action_set[75]/action[119] (A缺失), action_sets/action_set[75]/action[120] (A缺失), action_sets/action_set[75]/action[121] (A缺失), action_sets/action_set[75]/action[122] (A缺失), action_sets/action_set[75]/action[123] (A缺失), action_sets/action_set[75]/action[124] (A缺失), action_sets/action_set[75]/action[125] (A缺失), action_sets/action_set[77]/action[31] (A缺失), action_sets/action_set[77]/action[32] (A缺失), action_sets/action_set[77]/action[33] (A缺失), action_sets/action_set[77]/action[34] (A缺失), action_sets/action_set[77]/action[35] (A缺失), action_sets/action_set[77]/action[36] (A缺失), action_sets/action_set[77]/action[37] (A缺失), action_sets/action_set[77]/action[38] (A缺失), action_sets/action_set[77]/action[39] (A缺失), action_sets/action_set[77]/action[40] (A缺失), action_sets/action_set[77]/action[41] (A缺失), action_sets/action_set[77]/action[42] (A缺失), action_sets/action_set[77]/action[43] (A缺失), action_sets/action_set[77]/action[44] (A缺失), action_sets/action_set[77]/action[45] (A缺失), action_sets/action_set[77]/action[46] (A缺失), action_sets/action_set[77]/action[47] (A缺失), action_sets/action_set[77]/action[48] (A缺失), action_sets/action_set[77]/action[49] (A缺失), action_sets/action_set[77]/action[50] (A缺失), action_sets/action_set[77]/action[51] (A缺失), action_sets/action_set[77]/action[52] (A缺失), action_sets/action_set[77]/action[53] (A缺失), action_sets/action_set[77]/action[54] (A缺失), action_sets/action_set[77]/action[55] (A缺失), action_sets/action_set[77]/action[56] (A缺失), action_sets/action_set[77]/action[57] (A缺失), action_sets/action_set[77]/action[58] (A缺失), action_sets/action_set[77]/action[59] (A缺失), action_sets/action_set[77]/action[60] (A缺失), action_sets/action_set[77]/action[61] (A缺失), action_sets/action_set[77]/action[62] (A缺失), action_sets/action_set[77]/action[63] (A缺失), action_sets/action_set[77]/action[64] (A缺失), action_sets/action_set[77]/action[65] (A缺失), action_sets/action_set[77]/action[66] (A缺失), action_sets/action_set[77]/action[67] (A缺失), action_sets/action_set[77]/action[68] (A缺失), action_sets/action_set[77]/action[69] (A缺失), action_sets/action_set[77]/action[70] (A缺失), action_sets/action_set[77]/action[71] (A缺失), action_sets/action_set[77]/action[72] (A缺失), action_sets/action_set[77]/action[73] (A缺失), action_sets/action_set[77]/action[74] (A缺失), action_sets/action_set[77]/action[75] (A缺失), action_sets/action_set[77]/action[76] (A缺失), action_sets/action_set[77]/action[77] (A缺失), action_sets/action_set[77]/action[78] (A缺失), action_sets/action_set[77]/action[79] (A缺失), action_sets/action_set[77]/action[80] (A缺失), action_sets/action_set[77]/action[81] (A缺失), action_sets/action_set[77]/action[82] (A缺失), action_sets/action_set[77]/action[83] (A缺失), action_sets/action_set[77]/action[84] (A缺失), action_sets/action_set[77]/action[85] (A缺失), action_sets/action_set[79]/action[22] (A缺失), action_sets/action_set[79]/action[23] (A缺失), action_sets/action_set[79]/action[24] (A缺失), action_sets/action_set[79]/action[25] (A缺失), action_sets/action_set[79]/action[26] (A缺失), action_sets/action_set[79]/action[27] (A缺失), action_sets/action_set[79]/action[28] (A缺失), action_sets/action_set[79]/action[29] (A缺失), action_sets/action_set[79]/action[30] (A缺失), action_sets/action_set[79]/action[31] (A缺失), action_sets/action_set[79]/action[32] (A缺失), action_sets/action_set[79]/action[33] (A缺失), action_sets/action_set[79]/action[34] (A缺失), action_sets/action_set[79]/action[35] (A缺失), action_sets/action_set[79]/action[36] (A缺失), action_sets/action_set[79]/action[37] (A缺失), action_sets/action_set[79]/action[38] (A缺失), action_sets/action_set[79]/action[39] (A缺失), action_sets/action_set[79]/action[40] (A缺失), action_sets/action_set[79]/action[41] (A缺失), action_sets/action_set[79]/action[42] (A缺失), action_sets/action_set[79]/action[43] (A缺失), action_sets/action_set[79]/action[44] (A缺失), action_sets/action_set[79]/action[45] (A缺失), action_sets/action_set[79]/action[46] (A缺失), action_sets/action_set[79]/action[47] (A缺失), action_sets/action_set[79]/action[48] (A缺失), action_sets/action_set[79]/action[49] (A缺失), action_sets/action_set[79]/action[50] (A缺失), action_sets/action_set[79]/action[51] (A缺失), action_sets/action_set[79]/action[52] (A缺失), action_sets/action_set[79]/action[53] (A缺失), action_sets/action_set[79]/action[54] (A缺失), action_sets/action_set[79]/action[55] (A缺失), action_sets/action_set[79]/action[56] (A缺失), action_sets/action_set[79]/action[57] (A缺失), action_sets/action_set[79]/action[58] (A缺失), action_sets/action_set[79]/action[59] (A缺失), action_sets/action_set[79]/action[60] (A缺失), action_sets/action_set[79]/action[61] (A缺失), action_sets/action_set[79]/action[62] (A缺失), action_sets/action_set[79]/action[63] (A缺失), action_sets/action_set[79]/action[64] (A缺失), action_sets/action_set[79]/action[65] (A缺失), action_sets/action_set[79]/action[66] (A缺失), action_sets/action_set[79]/action[67] (A缺失), action_sets/action_set[79]/action[68] (A缺失), action_sets/action_set[79]/action[69] (A缺失), action_sets/action_set[79]/action[70] (A缺失), action_sets/action_set[79]/action[71] (A缺失), action_sets/action_set[79]/action[72] (A缺失), action_sets/action_set[79]/action[73] (A缺失), action_sets/action_set[79]/action[74] (A缺失), action_sets/action_set[79]/action[75] (A缺失), action_sets/action_set[79]/action[76] (A缺失), action_sets/action_set[79]/action[77] (A缺失), action_sets/action_set[79]/action[78] (A缺失), action_sets/action_set[79]/action[79] (A缺失), action_sets/action_set[79]/action[80] (A缺失), action_sets/action_set[79]/action[81] (A缺失), action_sets/action_set[79]/action[82] (A缺失), action_sets/action_set[79]/action[83] (A缺失), action_sets/action_set[79]/action[84] (A缺失), action_sets/action_set[79]/action[85] (A缺失), action_sets/action_set[81]/action[15] (A缺失), action_sets/action_set[81]/action[16] (A缺失), action_sets/action_set[81]/action[17] (A缺失), action_sets/action_set[81]/action[18] (A缺失), action_sets/action_set[81]/action[19] (A缺失), action_sets/action_set[81]/action[20] (A缺失), action_sets/action_set[81]/action[21] (A缺失), action_sets/action_set[81]/action[22] (A缺失), action_sets/action_set[81]/action[23] (A缺失), action_sets/action_set[81]/action[24] (A缺失), action_sets/action_set[81]/action[25] (A缺失), action_sets/action_set[81]/action[26] (A缺失), action_sets/action_set[81]/action[27] (A缺失), action_sets/action_set[81]/action[28] (A缺失), action_sets/action_set[81]/action[29] (A缺失), action_sets/action_set[81]/action[30] (A缺失), action_sets/action_set[81]/action[31] (A缺失), action_sets/action_set[81]/action[32] (A缺失), action_sets/action_set[81]/action[33] (A缺失), action_sets/action_set[81]/action[34] (A缺失), action_sets/action_set[81]/action[35] (A缺失), action_sets/action_set[81]/action[36] (A缺失), action_sets/action_set[81]/action[37] (A缺失), action_sets/action_set[81]/action[38] (A缺失), action_sets/action_set[81]/action[39] (A缺失), action_sets/action_set[81]/action[40] (A缺失), action_sets/action_set[81]/action[41] (A缺失), action_sets/action_set[81]/action[42] (A缺失), action_sets/action_set[81]/action[43] (A缺失), action_sets/action_set[81]/action[44] (A缺失), action_sets/action_set[81]/action[45] (A缺失), action_sets/action_set[81]/action[46] (A缺失), action_sets/action_set[81]/action[47] (A缺失), action_sets/action_set[81]/action[48] (A缺失), action_sets/action_set[81]/action[49] (A缺失), action_sets/action_set[81]/action[50] (A缺失), action_sets/action_set[81]/action[51] (A缺失), action_sets/action_set[81]/action[52] (A缺失), action_sets/action_set[81]/action[53] (A缺失), action_sets/action_set[81]/action[54] (A缺失), action_sets/action_set[81]/action[55] (A缺失), action_sets/action_set[81]/action[56] (A缺失), action_sets/action_set[81]/action[57] (A缺失), action_sets/action_set[81]/action[58] (A缺失), action_sets/action_set[81]/action[59] (A缺失), action_sets/action_set[81]/action[60] (A缺失), action_sets/action_set[81]/action[61] (A缺失), action_sets/action_set[81]/action[62] (A缺失), action_sets/action_set[81]/action[63] (A缺失), action_sets/action_set[81]/action[64] (A缺失), action_sets/action_set[81]/action[65] (A缺失), action_sets/action_set[81]/action[66] (A缺失), action_sets/action_set[81]/action[67] (A缺失), action_sets/action_set[81]/action[68] (A缺失), action_sets/action_set[81]/action[69] (A缺失), action_sets/action_set[81]/action[70] (A缺失), action_sets/action_set[81]/action[71] (A缺失), action_sets/action_set[81]/action[72] (A缺失), action_sets/action_set[81]/action[73] (A缺失), action_sets/action_set[81]/action[74] (A缺失), action_sets/action_set[81]/action[75] (A缺失), action_sets/action_set[81]/action[76] (A缺失), action_sets/action_set[81]/action[77] (A缺失), action_sets/action_set[81]/action[78] (A缺失), action_sets/action_set[81]/action[79] (A缺失), action_sets/action_set[81]/action[80] (A缺失), action_sets/action_set[81]/action[81] (A缺失), action_sets/action_set[81]/action[82] (A缺失), action_sets/action_set[81]/action[83] (A缺失), action_sets/action_set[81]/action[84] (A缺失), action_sets/action_set[81]/action[85] (A缺失), action_sets/action_set[83]/action[86] (A缺失), action_sets/action_set[83]/action[87] (A缺失), action_sets/action_set[83]/action[88] (A缺失), action_sets/action_set[83]/action[89] (A缺失), action_sets/action_set[83]/action[90] (A缺失), action_sets/action_set[83]/action[91] (A缺失), action_sets/action_set[83]/action[92] (A缺失), action_sets/action_set[92]/action[0] (A缺失), action_sets/action_set[92]/action[1] (A缺失), action_sets/action_set[92]/action[2] (A缺失), action_sets/action_set[92]/action[3] (A缺失), action_sets/action_set[92]/action[4] (A缺失), action_sets/action_set[92]/action[5] (A缺失), action_sets/action_set[92]/action[6] (A缺失), action_sets/action_set[92]/action[7] (A缺失), action_sets/action_set[92]/action[8] (A缺失), action_sets/action_set[92]/action[9] (A缺失), action_sets/action_set[92]/action[10] (A缺失), action_sets/action_set[92]/action[11] (A缺失), action_sets/action_set[92]/action[12] (A缺失), action_sets/action_set[92]/action[13] (A缺失), action_sets/action_set[92]/action[14] (A缺失), action_sets/action_set[92]/action[15] (A缺失), action_sets/action_set[92]/action[16] (A缺失), action_sets/action_set[92]/action[17] (A缺失), action_sets/action_set[92]/action[18] (A缺失), action_sets/action_set[92]/action[19] (A缺失), action_sets/action_set[92]/action[20] (A缺失), action_sets/action_set[92]/action[21] (A缺失), action_sets/action_set[92]/action[22] (A缺失), action_sets/action_set[92]/action[23] (A缺失), action_sets/action_set[92]/action[24] (A缺失), action_sets/action_set[92]/action[25] (A缺失), action_sets/action_set[92]/action[26] (A缺失), action_sets/action_set[92]/action[27] (A缺失), action_sets/action_set[92]/action[28] (A缺失), action_sets/action_set[92]/action[29] (A缺失), action_sets/action_set[96]/action[0] (A缺失), action_sets/action_set[96]/action[1] (A缺失), action_sets/action_set[96]/action[2] (A缺失), action_sets/action_set[96]/action[3] (A缺失), action_sets/action_set[98]/action[0] (A缺失)
ExtraNodes: action_sets/action_set[38]/action[0] (B缺失), action_sets/action_set[38]/action[1] (B缺失), action_sets/action_set[38]/action[2] (B缺失), action_sets/action_set[38]/action[3] (B缺失), action_sets/action_set[38]/action[4] (B缺失), action_sets/action_set[38]/action[5] (B缺失), action_sets/action_set[38]/action[6] (B缺失), action_sets/action_set[38]/action[7] (B缺失), action_sets/action_set[38]/action[8] (B缺失), action_sets/action_set[38]/action[9] (B缺失), action_sets/action_set[38]/action[10] (B缺失), action_sets/action_set[38]/action[11] (B缺失), action_sets/action_set[38]/action[12] (B缺失), action_sets/action_set[38]/action[13] (B缺失), action_sets/action_set[38]/action[14] (B缺失), action_sets/action_set[38]/action[15] (B缺失), action_sets/action_set[38]/action[16] (B缺失), action_sets/action_set[38]/action[17] (B缺失), action_sets/action_set[38]/action[18] (B缺失), action_sets/action_set[38]/action[19] (B缺失), action_sets/action_set[38]/action[20] (B缺失), action_sets/action_set[38]/action[21] (B缺失), action_sets/action_set[38]/action[22] (B缺失), action_sets/action_set[39]/action[2] (B缺失), action_sets/action_set[39]/action[3] (B缺失), action_sets/action_set[39]/action[4] (B缺失), action_sets/action_set[39]/action[5] (B缺失), action_sets/action_set[39]/action[6] (B缺失), action_sets/action_set[39]/action[7] (B缺失), action_sets/action_set[39]/action[8] (B缺失), action_sets/action_set[39]/action[9] (B缺失), action_sets/action_set[39]/action[10] (B缺失), action_sets/action_set[39]/action[11] (B缺失), action_sets/action_set[39]/action[12] (B缺失), action_sets/action_set[39]/action[13] (B缺失), action_sets/action_set[39]/action[14] (B缺失), action_sets/action_set[39]/action[15] (B缺失), action_sets/action_set[39]/action[16] (B缺失), action_sets/action_set[39]/action[17] (B缺失), action_sets/action_set[39]/action[18] (B缺失), action_sets/action_set[39]/action[19] (B缺失), action_sets/action_set[39]/action[20] (B缺失), action_sets/action_set[39]/action[21] (B缺失), action_sets/action_set[39]/action[22] (B缺失), action_sets/action_set[39]/action[23] (B缺失), action_sets/action_set[39]/action[24] (B缺失), action_sets/action_set[39]/action[25] (B缺失), action_sets/action_set[39]/action[26] (B缺失), action_sets/action_set[39]/action[27] (B缺失), action_sets/action_set[39]/action[28] (B缺失), action_sets/action_set[39]/action[29] (B缺失), action_sets/action_set[39]/action[30] (B缺失), action_sets/action_set[39]/action[31] (B缺失), action_sets/action_set[39]/action[32] (B缺失), action_sets/action_set[39]/action[33] (B缺失), action_sets/action_set[39]/action[34] (B缺失), action_sets/action_set[39]/action[35] (B缺失), action_sets/action_set[39]/action[36] (B缺失), action_sets/action_set[39]/action[37] (B缺失), action_sets/action_set[39]/action[38] (B缺失), action_sets/action_set[39]/action[39] (B缺失), action_sets/action_set[39]/action[40] (B缺失), action_sets/action_set[39]/action[41] (B缺失), action_sets/action_set[39]/action[42] (B缺失), action_sets/action_set[39]/action[43] (B缺失), action_sets/action_set[39]/action[44] (B缺失), action_sets/action_set[39]/action[45] (B缺失), action_sets/action_set[39]/action[46] (B缺失), action_sets/action_set[39]/action[47] (B缺失), action_sets/action_set[39]/action[48] (B缺失), action_sets/action_set[41]/action[23] (B缺失), action_sets/action_set[41]/action[24] (B缺失), action_sets/action_set[41]/action[25] (B缺失), action_sets/action_set[41]/action[26] (B缺失), action_sets/action_set[41]/action[27] (B缺失), action_sets/action_set[41]/action[28] (B缺失), action_sets/action_set[41]/action[29] (B缺失), action_sets/action_set[41]/action[30] (B缺失), action_sets/action_set[41]/action[31] (B缺失), action_sets/action_set[41]/action[32] (B缺失), action_sets/action_set[41]/action[33] (B缺失), action_sets/action_set[41]/action[34] (B缺失), action_sets/action_set[41]/action[35] (B缺失), action_sets/action_set[41]/action[36] (B缺失), action_sets/action_set[41]/action[37] (B缺失), action_sets/action_set[41]/action[38] (B缺失), action_sets/action_set[41]/action[39] (B缺失), action_sets/action_set[41]/action[40] (B缺失), action_sets/action_set[41]/action[41] (B缺失), action_sets/action_set[41]/action[42] (B缺失), action_sets/action_set[41]/action[43] (B缺失), action_sets/action_set[41]/action[44] (B缺失), action_sets/action_set[41]/action[45] (B缺失), action_sets/action_set[41]/action[46] (B缺失), action_sets/action_set[41]/action[47] (B缺失), action_sets/action_set[41]/action[48] (B缺失), action_sets/action_set[41]/action[49] (B缺失), action_sets/action_set[41]/action[50] (B缺失), action_sets/action_set[41]/action[51] (B缺失), action_sets/action_set[41]/action[52] (B缺失), action_sets/action_set[41]/action[53] (B缺失), action_sets/action_set[41]/action[54] (B缺失), action_sets/action_set[41]/action[55] (B缺失), action_sets/action_set[41]/action[56] (B缺失), action_sets/action_set[41]/action[57] (B缺失), action_sets/action_set[41]/action[58] (B缺失), action_sets/action_set[41]/action[59] (B缺失), action_sets/action_set[41]/action[60] (B缺失), action_sets/action_set[41]/action[61] (B缺失), action_sets/action_set[41]/action[62] (B缺失), action_sets/action_set[41]/action[63] (B缺失), action_sets/action_set[41]/action[64] (B缺失), action_sets/action_set[41]/action[65] (B缺失), action_sets/action_set[41]/action[66] (B缺失), action_sets/action_set[41]/action[67] (B缺失), action_sets/action_set[41]/action[68] (B缺失), action_sets/action_set[41]/action[69] (B缺失), action_sets/action_set[41]/action[70] (B缺失), action_sets/action_set[41]/action[71] (B缺失), action_sets/action_set[41]/action[72] (B缺失), action_sets/action_set[41]/action[73] (B缺失), action_sets/action_set[41]/action[74] (B缺失), action_sets/action_set[41]/action[75] (B缺失), action_sets/action_set[41]/action[76] (B缺失), action_sets/action_set[41]/action[77] (B缺失), action_sets/action_set[41]/action[78] (B缺失), action_sets/action_set[41]/action[79] (B缺失), action_sets/action_set[41]/action[80] (B缺失), action_sets/action_set[41]/action[81] (B缺失), action_sets/action_set[41]/action[82] (B缺失), action_sets/action_set[41]/action[83] (B缺失), action_sets/action_set[41]/action[84] (B缺失), action_sets/action_set[41]/action[85] (B缺失), action_sets/action_set[41]/action[86] (B缺失), action_sets/action_set[41]/action[87] (B缺失), action_sets/action_set[41]/action[88] (B缺失), action_sets/action_set[41]/action[89] (B缺失), action_sets/action_set[41]/action[90] (B缺失), action_sets/action_set[41]/action[91] (B缺失), action_sets/action_set[41]/action[92] (B缺失), action_sets/action_set[41]/action[93] (B缺失), action_sets/action_set[41]/action[94] (B缺失), action_sets/action_set[41]/action[95] (B缺失), action_sets/action_set[41]/action[96] (B缺失), action_sets/action_set[41]/action[97] (B缺失), action_sets/action_set[41]/action[98] (B缺失), action_sets/action_set[42]/action[0] (B缺失), action_sets/action_set[42]/action[1] (B缺失), action_sets/action_set[42]/action[2] (B缺失), action_sets/action_set[42]/action[3] (B缺失), action_sets/action_set[42]/action[4] (B缺失), action_sets/action_set[42]/action[5] (B缺失), action_sets/action_set[42]/action[6] (B缺失), action_sets/action_set[42]/action[7] (B缺失), action_sets/action_set[42]/action[8] (B缺失), action_sets/action_set[42]/action[9] (B缺失), action_sets/action_set[42]/action[10] (B缺失), action_sets/action_set[42]/action[11] (B缺失), action_sets/action_set[42]/action[12] (B缺失), action_sets/action_set[42]/action[13] (B缺失), action_sets/action_set[42]/action[14] (B缺失), action_sets/action_set[42]/action[15] (B缺失), action_sets/action_set[42]/action[16] (B缺失), action_sets/action_set[42]/action[17] (B缺失), action_sets/action_set[42]/action[18] (B缺失), action_sets/action_set[42]/action[19] (B缺失), action_sets/action_set[42]/action[20] (B缺失), action_sets/action_set[42]/action[21] (B缺失), action_sets/action_set[42]/action[22] (B缺失), action_sets/action_set[42]/action[23] (B缺失), action_sets/action_set[45]/action[23] (B缺失), action_sets/action_set[45]/action[24] (B缺失), action_sets/action_set[45]/action[25] (B缺失), action_sets/action_set[45]/action[26] (B缺失), action_sets/action_set[45]/action[27] (B缺失), action_sets/action_set[45]/action[28] (B缺失), action_sets/action_set[45]/action[29] (B缺失), action_sets/action_set[45]/action[30] (B缺失), action_sets/action_set[45]/action[31] (B缺失), action_sets/action_set[45]/action[32] (B缺失), action_sets/action_set[45]/action[33] (B缺失), action_sets/action_set[45]/action[34] (B缺失), action_sets/action_set[45]/action[35] (B缺失), action_sets/action_set[45]/action[36] (B缺失), action_sets/action_set[45]/action[37] (B缺失), action_sets/action_set[45]/action[38] (B缺失), action_sets/action_set[45]/action[39] (B缺失), action_sets/action_set[45]/action[40] (B缺失), action_sets/action_set[45]/action[41] (B缺失), action_sets/action_set[45]/action[42] (B缺失), action_sets/action_set[45]/action[43] (B缺失), action_sets/action_set[45]/action[44] (B缺失), action_sets/action_set[45]/action[45] (B缺失), action_sets/action_set[45]/action[46] (B缺失), action_sets/action_set[45]/action[47] (B缺失), action_sets/action_set[45]/action[48] (B缺失), action_sets/action_set[45]/action[49] (B缺失), action_sets/action_set[45]/action[50] (B缺失), action_sets/action_set[45]/action[51] (B缺失), action_sets/action_set[45]/action[52] (B缺失), action_sets/action_set[45]/action[53] (B缺失), action_sets/action_set[45]/action[54] (B缺失), action_sets/action_set[45]/action[55] (B缺失), action_sets/action_set[45]/action[56] (B缺失), action_sets/action_set[45]/action[57] (B缺失), action_sets/action_set[45]/action[58] (B缺失), action_sets/action_set[45]/action[59] (B缺失), action_sets/action_set[45]/action[60] (B缺失), action_sets/action_set[45]/action[61] (B缺失), action_sets/action_set[45]/action[62] (B缺失), action_sets/action_set[45]/action[63] (B缺失), action_sets/action_set[45]/action[64] (B缺失), action_sets/action_set[45]/action[65] (B缺失), action_sets/action_set[45]/action[66] (B缺失), action_sets/action_set[45]/action[67] (B缺失), action_sets/action_set[45]/action[68] (B缺失), action_sets/action_set[45]/action[69] (B缺失), action_sets/action_set[45]/action[70] (B缺失), action_sets/action_set[45]/action[71] (B缺失), action_sets/action_set[45]/action[72] (B缺失), action_sets/action_set[45]/action[73] (B缺失), action_sets/action_set[45]/action[74] (B缺失), action_sets/action_set[45]/action[75] (B缺失), action_sets/action_set[45]/action[76] (B缺失), action_sets/action_set[45]/action[77] (B缺失), action_sets/action_set[45]/action[78] (B缺失), action_sets/action_set[45]/action[79] (B缺失), action_sets/action_set[45]/action[80] (B缺失), action_sets/action_set[45]/action[81] (B缺失), action_sets/action_set[45]/action[82] (B缺失), action_sets/action_set[45]/action[83] (B缺失), action_sets/action_set[45]/action[84] (B缺失), action_sets/action_set[45]/action[85] (B缺失), action_sets/action_set[45]/action[86] (B缺失), action_sets/action_set[45]/action[87] (B缺失), action_sets/action_set[45]/action[88] (B缺失), action_sets/action_set[45]/action[89] (B缺失), action_sets/action_set[45]/action[90] (B缺失), action_sets/action_set[45]/action[91] (B缺失), action_sets/action_set[45]/action[92] (B缺失), action_sets/action_set[45]/action[93] (B缺失), action_sets/action_set[45]/action[94] (B缺失), action_sets/action_set[45]/action[95] (B缺失), action_sets/action_set[45]/action[96] (B缺失), action_sets/action_set[45]/action[97] (B缺失), action_sets/action_set[45]/action[98] (B缺失), action_sets/action_set[45]/action[99] (B缺失), action_sets/action_set[45]/action[100] (B缺失), action_sets/action_set[45]/action[101] (B缺失), action_sets/action_set[45]/action[102] (B缺失), action_sets/action_set[45]/action[103] (B缺失), action_sets/action_set[45]/action[104] (B缺失), action_sets/action_set[45]/action[105] (B缺失), action_sets/action_set[45]/action[106] (B缺失), action_sets/action_set[45]/action[107] (B缺失), action_sets/action_set[45]/action[108] (B缺失), action_sets/action_set[45]/action[109] (B缺失), action_sets/action_set[45]/action[110] (B缺失), action_sets/action_set[45]/action[111] (B缺失), action_sets/action_set[45]/action[112] (B缺失), action_sets/action_set[49]/action[33] (B缺失), action_sets/action_set[49]/action[34] (B缺失), action_sets/action_set[49]/action[35] (B缺失), action_sets/action_set[49]/action[36] (B缺失), action_sets/action_set[50]/action[0] (B缺失), action_sets/action_set[50]/action[1] (B缺失), action_sets/action_set[50]/action[2] (B缺失), action_sets/action_set[50]/action[3] (B缺失), action_sets/action_set[50]/action[4] (B缺失), action_sets/action_set[50]/action[5] (B缺失), action_sets/action_set[50]/action[6] (B缺失), action_sets/action_set[50]/action[7] (B缺失), action_sets/action_set[50]/action[8] (B缺失), action_sets/action_set[50]/action[9] (B缺失), action_sets/action_set[50]/action[10] (B缺失), action_sets/action_set[50]/action[11] (B缺失), action_sets/action_set[50]/action[12] (B缺失), action_sets/action_set[50]/action[13] (B缺失), action_sets/action_set[50]/action[14] (B缺失), action_sets/action_set[50]/action[15] (B缺失), action_sets/action_set[50]/action[16] (B缺失), action_sets/action_set[50]/action[17] (B缺失), action_sets/action_set[50]/action[18] (B缺失), action_sets/action_set[50]/action[19] (B缺失), action_sets/action_set[50]/action[20] (B缺失), action_sets/action_set[50]/action[21] (B缺失), action_sets/action_set[50]/action[22] (B缺失), action_sets/action_set[50]/action[23] (B缺失), action_sets/action_set[50]/action[24] (B缺失), action_sets/action_set[50]/action[25] (B缺失), action_sets/action_set[50]/action[26] (B缺失), action_sets/action_set[50]/action[27] (B缺失), action_sets/action_set[50]/action[28] (B缺失), action_sets/action_set[50]/action[29] (B缺失), action_sets/action_set[50]/action[30] (B缺失), action_sets/action_set[50]/action[31] (B缺失), action_sets/action_set[50]/action[32] (B缺失), action_sets/action_set[50]/action[33] (B缺失), action_sets/action_set[50]/action[34] (B缺失), action_sets/action_set[57]/action[17] (B缺失), action_sets/action_set[57]/action[18] (B缺失), action_sets/action_set[57]/action[19] (B缺失), action_sets/action_set[57]/action[20] (B缺失), action_sets/action_set[57]/action[21] (B缺失), action_sets/action_set[57]/action[22] (B缺失), action_sets/action_set[57]/action[23] (B缺失), action_sets/action_set[57]/action[24] (B缺失), action_sets/action_set[57]/action[25] (B缺失), action_sets/action_set[57]/action[26] (B缺失), action_sets/action_set[57]/action[27] (B缺失), action_sets/action_set[57]/action[28] (B缺失), action_sets/action_set[57]/action[29] (B缺失), action_sets/action_set[57]/action[30] (B缺失), action_sets/action_set[57]/action[31] (B缺失), action_sets/action_set[57]/action[32] (B缺失), action_sets/action_set[57]/action[33] (B缺失), action_sets/action_set[57]/action[34] (B缺失), action_sets/action_set[57]/action[35] (B缺失), action_sets/action_set[58]/action[0] (B缺失), action_sets/action_set[58]/action[1] (B缺失), action_sets/action_set[58]/action[2] (B缺失), action_sets/action_set[58]/action[3] (B缺失), action_sets/action_set[58]/action[4] (B缺失), action_sets/action_set[58]/action[5] (B缺失), action_sets/action_set[58]/action[6] (B缺失), action_sets/action_set[58]/action[7] (B缺失), action_sets/action_set[58]/action[8] (B缺失), action_sets/action_set[58]/action[9] (B缺失), action_sets/action_set[58]/action[10] (B缺失), action_sets/action_set[58]/action[11] (B缺失), action_sets/action_set[58]/action[12] (B缺失), action_sets/action_set[58]/action[13] (B缺失), action_sets/action_set[58]/action[14] (B缺失), action_sets/action_set[58]/action[15] (B缺失), action_sets/action_set[58]/action[16] (B缺失), action_sets/action_set[58]/action[17] (B缺失), action_sets/action_set[58]/action[18] (B缺失), action_sets/action_set[58]/action[19] (B缺失), action_sets/action_set[58]/action[20] (B缺失), action_sets/action_set[58]/action[21] (B缺失), action_sets/action_set[58]/action[22] (B缺失), action_sets/action_set[58]/action[23] (B缺失), action_sets/action_set[58]/action[24] (B缺失), action_sets/action_set[58]/action[25] (B缺失), action_sets/action_set[58]/action[26] (B缺失), action_sets/action_set[58]/action[27] (B缺失), action_sets/action_set[58]/action[28] (B缺失), action_sets/action_set[61]/action[25] (B缺失), action_sets/action_set[61]/action[26] (B缺失), action_sets/action_set[61]/action[27] (B缺失), action_sets/action_set[61]/action[28] (B缺失), action_sets/action_set[61]/action[29] (B缺失), action_sets/action_set[61]/action[30] (B缺失), action_sets/action_set[61]/action[31] (B缺失), action_sets/action_set[61]/action[32] (B缺失), action_sets/action_set[61]/action[33] (B缺失), action_sets/action_set[61]/action[34] (B缺失), action_sets/action_set[61]/action[35] (B缺失), action_sets/action_set[61]/action[36] (B缺失), action_sets/action_set[61]/action[37] (B缺失), action_sets/action_set[63]/action[31] (B缺失), action_sets/action_set[63]/action[32] (B缺失), action_sets/action_set[65]/action[22] (B缺失), action_sets/action_set[65]/action[23] (B缺失), action_sets/action_set[65]/action[24] (B缺失), action_sets/action_set[65]/action[25] (B缺失), action_sets/action_set[65]/action[26] (B缺失), action_sets/action_set[65]/action[27] (B缺失), action_sets/action_set[65]/action[28] (B缺失), action_sets/action_set[65]/action[29] (B缺失), action_sets/action_set[65]/action[30] (B缺失), action_sets/action_set[65]/action[31] (B缺失), action_sets/action_set[65]/action[32] (B缺失), action_sets/action_set[85]/action[86] (B缺失), action_sets/action_set[85]/action[87] (B缺失), action_sets/action_set[85]/action[88] (B缺失), action_sets/action_set[85]/action[89] (B缺失), action_sets/action_set[85]/action[90] (B缺失), action_sets/action_set[85]/action[91] (B缺失), action_sets/action_set[85]/action[92] (B缺失), action_sets/action_set[85]/action[93] (B缺失), action_sets/action_set[85]/action[94] (B缺失), action_sets/action_set[85]/action[95] (B缺失), action_sets/action_set[85]/action[96] (B缺失), action_sets/action_set[85]/action[97] (B缺失), action_sets/action_set[85]/action[98] (B缺失), action_sets/action_set[85]/action[99] (B缺失), action_sets/action_set[85]/action[100] (B缺失), action_sets/action_set[85]/action[101] (B缺失), action_sets/action_set[85]/action[102] (B缺失), action_sets/action_set[85]/action[103] (B缺失), action_sets/action_set[85]/action[104] (B缺失), action_sets/action_set[85]/action[105] (B缺失), action_sets/action_set[85]/action[106] (B缺失), action_sets/action_set[85]/action[107] (B缺失), action_sets/action_set[89]/action[86] (B缺失), action_sets/action_set[89]/action[87] (B缺失), action_sets/action_set[89]/action[88] (B缺失), action_sets/action_set[89]/action[89] (B缺失), action_sets/action_set[89]/action[90] (B缺失), action_sets/action_set[89]/action[91] (B缺失), action_sets/action_set[89]/action[92] (B缺失), action_sets/action_set[89]/action[93] (B缺失), action_sets/action_set[89]/action[94] (B缺失), action_sets/action_set[89]/action[95] (B缺失), action_sets/action_set[89]/action[96] (B缺失), action_sets/action_set[89]/action[97] (B缺失), action_sets/action_set[89]/action[98] (B缺失), action_sets/action_set[89]/action[99] (B缺失), action_sets/action_set[89]/action[100] (B缺失), action_sets/action_set[89]/action[101] (B缺失), action_sets/action_set[89]/action[102] (B缺失), action_sets/action_set[89]/action[103] (B缺失), action_sets/action_set[89]/action[104] (B缺失), action_sets/action_set[89]/action[105] (B缺失), action_sets/action_set[89]/action[106] (B缺失), action_sets/action_set[89]/action[107] (B缺失), action_sets/action_set[89]/action[108] (B缺失), action_sets/action_set[89]/action[109] (B缺失), action_sets/action_set[89]/action[110] (B缺失), action_sets/action_set[89]/action[111] (B缺失), action_sets/action_set[89]/action[112] (B缺失), action_sets/action_set[89]/action[113] (B缺失), action_sets/action_set[89]/action[114] (B缺失), action_sets/action_set[89]/action[115] (B缺失), action_sets/action_set[89]/action[116] (B缺失), action_sets/action_set[89]/action[117] (B缺失), action_sets/action_set[89]/action[118] (B缺失), action_sets/action_set[89]/action[119] (B缺失), action_sets/action_set[89]/action[120] (B缺失), action_sets/action_set[89]/action[121] (B缺失), action_sets/action_set[89]/action[122] (B缺失), action_sets/action_set[89]/action[123] (B缺失), action_sets/action_set[89]/action[124] (B缺失), action_sets/action_set[89]/action[125] (B缺失), action_sets/action_set[91]/action[16] (B缺失), action_sets/action_set[91]/action[17] (B缺失), action_sets/action_set[91]/action[18] (B缺失), action_sets/action_set[91]/action[19] (B缺失), action_sets/action_set[91]/action[20] (B缺失), action_sets/action_set[91]/action[21] (B缺失), action_sets/action_set[91]/action[22] (B缺失), action_sets/action_set[91]/action[23] (B缺失), action_sets/action_set[91]/action[24] (B缺失), action_sets/action_set[91]/action[25] (B缺失), action_sets/action_set[91]/action[26] (B缺失), action_sets/action_set[91]/action[27] (B缺失), action_sets/action_set[91]/action[28] (B缺失), action_sets/action_set[91]/action[29] (B缺失), action_sets/action_set[91]/action[30] (B缺失), action_sets/action_set[91]/action[31] (B缺失), action_sets/action_set[91]/action[32] (B缺失), action_sets/action_set[91]/action[33] (B缺失), action_sets/action_set[91]/action[34] (B缺失), action_sets/action_set[91]/action[35] (B缺失), action_sets/action_set[91]/action[36] (B缺失), action_sets/action_set[91]/action[37] (B缺失), action_sets/action_set[91]/action[38] (B缺失), action_sets/action_set[91]/action[39] (B缺失), action_sets/action_set[91]/action[40] (B缺失), action_sets/action_set[91]/action[41] (B缺失), action_sets/action_set[91]/action[42] (B缺失), action_sets/action_set[91]/action[43] (B缺失), action_sets/action_set[91]/action[44] (B缺失), action_sets/action_set[91]/action[45] (B缺失), action_sets/action_set[91]/action[46] (B缺失), action_sets/action_set[91]/action[47] (B缺失), action_sets/action_set[91]/action[48] (B缺失), action_sets/action_set[91]/action[49] (B缺失), action_sets/action_set[91]/action[50] (B缺失), action_sets/action_set[91]/action[51] (B缺失), action_sets/action_set[91]/action[52] (B缺失), action_sets/action_set[91]/action[53] (B缺失), action_sets/action_set[91]/action[54] (B缺失), action_sets/action_set[91]/action[55] (B缺失), action_sets/action_set[91]/action[56] (B缺失), action_sets/action_set[91]/action[57] (B缺失), action_sets/action_set[91]/action[58] (B缺失), action_sets/action_set[91]/action[59] (B缺失), action_sets/action_set[91]/action[60] (B缺失), action_sets/action_set[91]/action[61] (B缺失), action_sets/action_set[91]/action[62] (B缺失), action_sets/action_set[91]/action[63] (B缺失), action_sets/action_set[91]/action[64] (B缺失), action_sets/action_set[91]/action[65] (B缺失), action_sets/action_set[91]/action[66] (B缺失), action_sets/action_set[91]/action[67] (B缺失), action_sets/action_set[91]/action[68] (B缺失), action_sets/action_set[91]/action[69] (B缺失), action_sets/action_set[91]/action[70] (B缺失), action_sets/action_set[91]/action[71] (B缺失), action_sets/action_set[91]/action[72] (B缺失), action_sets/action_set[91]/action[73] (B缺失), action_sets/action_set[91]/action[74] (B缺失), action_sets/action_set[91]/action[75] (B缺失), action_sets/action_set[91]/action[76] (B缺失), action_sets/action_set[91]/action[77] (B缺失), action_sets/action_set[91]/action[78] (B缺失), action_sets/action_set[91]/action[79] (B缺失), action_sets/action_set[91]/action[80] (B缺失), action_sets/action_set[91]/action[81] (B缺失), action_sets/action_set[91]/action[82] (B缺失), action_sets/action_set[91]/action[83] (B缺失), action_sets/action_set[91]/action[84] (B缺失), action_sets/action_set[91]/action[85] (B缺失), action_sets/action_set[93]/action[16] (B缺失), action_sets/action_set[93]/action[17] (B缺失), action_sets/action_set[93]/action[18] (B缺失), action_sets/action_set[93]/action[19] (B缺失), action_sets/action_set[93]/action[20] (B缺失), action_sets/action_set[93]/action[21] (B缺失), action_sets/action_set[93]/action[22] (B缺失), action_sets/action_set[93]/action[23] (B缺失), action_sets/action_set[93]/action[24] (B缺失), action_sets/action_set[93]/action[25] (B缺失), action_sets/action_set[93]/action[26] (B缺失), action_sets/action_set[93]/action[27] (B缺失), action_sets/action_set[93]/action[28] (B缺失), action_sets/action_set[93]/action[29] (B缺失), action_sets/action_set[93]/action[30] (B缺失), action_sets/action_set[93]/action[31] (B缺失), action_sets/action_set[93]/action[32] (B缺失), action_sets/action_set[93]/action[33] (B缺失), action_sets/action_set[93]/action[34] (B缺失), action_sets/action_set[93]/action[35] (B缺失), action_sets/action_set[93]/action[36] (B缺失), action_sets/action_set[93]/action[37] (B缺失), action_sets/action_set[93]/action[38] (B缺失), action_sets/action_set[93]/action[39] (B缺失), action_sets/action_set[93]/action[40] (B缺失), action_sets/action_set[93]/action[41] (B缺失), action_sets/action_set[93]/action[42] (B缺失), action_sets/action_set[93]/action[43] (B缺失), action_sets/action_set[93]/action[44] (B缺失), action_sets/action_set[93]/action[45] (B缺失), action_sets/action_set[93]/action[46] (B缺失), action_sets/action_set[93]/action[47] (B缺失), action_sets/action_set[93]/action[48] (B缺失), action_sets/action_set[93]/action[49] (B缺失), action_sets/action_set[93]/action[50] (B缺失), action_sets/action_set[93]/action[51] (B缺失), action_sets/action_set[93]/action[52] (B缺失), action_sets/action_set[93]/action[53] (B缺失), action_sets/action_set[93]/action[54] (B缺失), action_sets/action_set[93]/action[55] (B缺失), action_sets/action_set[93]/action[56] (B缺失), action_sets/action_set[93]/action[57] (B缺失), action_sets/action_set[93]/action[58] (B缺失), action_sets/action_set[93]/action[59] (B缺失), action_sets/action_set[93]/action[60] (B缺失), action_sets/action_set[93]/action[61] (B缺失), action_sets/action_set[93]/action[62] (B缺失), action_sets/action_set[93]/action[63] (B缺失), action_sets/action_set[93]/action[64] (B缺失), action_sets/action_set[93]/action[65] (B缺失), action_sets/action_set[93]/action[66] (B缺失), action_sets/action_set[93]/action[67] (B缺失), action_sets/action_set[93]/action[68] (B缺失), action_sets/action_set[93]/action[69] (B缺失), action_sets/action_set[93]/action[70] (B缺失), action_sets/action_set[93]/action[71] (B缺失), action_sets/action_set[93]/action[72] (B缺失), action_sets/action_set[93]/action[73] (B缺失), action_sets/action_set[93]/action[74] (B缺失), action_sets/action_set[93]/action[75] (B缺失), action_sets/action_set[93]/action[76] (B缺失), action_sets/action_set[93]/action[77] (B缺失), action_sets/action_set[93]/action[78] (B缺失), action_sets/action_set[93]/action[79] (B缺失), action_sets/action_set[93]/action[80] (B缺失), action_sets/action_set[93]/action[81] (B缺失), action_sets/action_set[93]/action[82] (B缺失), action_sets/action_set[93]/action[83] (B缺失), action_sets/action_set[93]/action[84] (B缺失), action_sets/action_set[93]/action[85] (B缺失), action_sets/action_set[95]/action[18] (B缺失), action_sets/action_set[95]/action[19] (B缺失), action_sets/action_set[95]/action[20] (B缺失), action_sets/action_set[95]/action[21] (B缺失), action_sets/action_set[95]/action[22] (B缺失), action_sets/action_set[95]/action[23] (B缺失), action_sets/action_set[95]/action[24] (B缺失), action_sets/action_set[95]/action[25] (B缺失), action_sets/action_set[95]/action[26] (B缺失), action_sets/action_set[95]/action[27] (B缺失), action_sets/action_set[95]/action[28] (B缺失), action_sets/action_set[95]/action[29] (B缺失), action_sets/action_set[95]/action[30] (B缺失), action_sets/action_set[95]/action[31] (B缺失), action_sets/action_set[95]/action[32] (B缺失), action_sets/action_set[95]/action[33] (B缺失), action_sets/action_set[95]/action[34] (B缺失), action_sets/action_set[95]/action[35] (B缺失), action_sets/action_set[95]/action[36] (B缺失), action_sets/action_set[95]/action[37] (B缺失), action_sets/action_set[95]/action[38] (B缺失), action_sets/action_set[95]/action[39] (B缺失), action_sets/action_set[95]/action[40] (B缺失), action_sets/action_set[95]/action[41] (B缺失), action_sets/action_set[95]/action[42] (B缺失), action_sets/action_set[95]/action[43] (B缺失), action_sets/action_set[95]/action[44] (B缺失), action_sets/action_set[95]/action[45] (B缺失), action_sets/action_set[95]/action[46] (B缺失), action_sets/action_set[95]/action[47] (B缺失), action_sets/action_set[95]/action[48] (B缺失), action_sets/action_set[95]/action[49] (B缺失), action_sets/action_set[95]/action[50] (B缺失), action_sets/action_set[95]/action[51] (B缺失), action_sets/action_set[95]/action[52] (B缺失), action_sets/action_set[95]/action[53] (B缺失), action_sets/action_set[95]/action[54] (B缺失), action_sets/action_set[95]/action[55] (B缺失), action_sets/action_set[95]/action[56] (B缺失), action_sets/action_set[95]/action[57] (B缺失), action_sets/action_set[95]/action[58] (B缺失), action_sets/action_set[95]/action[59] (B缺失), action_sets/action_set[95]/action[60] (B缺失), action_sets/action_set[95]/action[61] (B缺失), action_sets/action_set[95]/action[62] (B缺失), action_sets/action_set[95]/action[63] (B缺失), action_sets/action_set[95]/action[64] (B缺失), action_sets/action_set[95]/action[65] (B缺失), action_sets/action_set[95]/action[66] (B缺失), action_sets/action_set[95]/action[67] (B缺失), action_sets/action_set[95]/action[68] (B缺失), action_sets/action_set[95]/action[69] (B缺失), action_sets/action_set[95]/action[70] (B缺失), action_sets/action_set[95]/action[71] (B缺失), action_sets/action_set[95]/action[72] (B缺失), action_sets/action_set[95]/action[73] (B缺失), action_sets/action_set[95]/action[74] (B缺失), action_sets/action_set[95]/action[75] (B缺失), action_sets/action_set[95]/action[76] (B缺失), action_sets/action_set[95]/action[77] (B缺失), action_sets/action_set[95]/action[78] (B缺失), action_sets/action_set[95]/action[79] (B缺失), action_sets/action_set[95]/action[80] (B缺失), action_sets/action_set[95]/action[81] (B缺失), action_sets/action_set[95]/action[82] (B缺失), action_sets/action_set[95]/action[83] (B缺失), action_sets/action_set[95]/action[84] (B缺失), action_sets/action_set[95]/action[85] (B缺失), action_sets/action_set[97]/action[4] (B缺失), action_sets/action_set[97]/action[5] (B缺失), action_sets/action_set[97]/action[6] (B缺失), action_sets/action_set[97]/action[7] (B缺失), action_sets/action_set[97]/action[8] (B缺失), action_sets/action_set[97]/action[9] (B缺失), action_sets/action_set[97]/action[10] (B缺失), action_sets/action_set[97]/action[11] (B缺失), action_sets/action_set[97]/action[12] (B缺失), action_sets/action_set[97]/action[13] (B缺失), action_sets/action_set[97]/action[14] (B缺失), action_sets/action_set[97]/action[15] (B缺失), action_sets/action_set[97]/action[16] (B缺失), action_sets/action_set[97]/action[17] (B缺失), action_sets/action_set[97]/action[18] (B缺失), action_sets/action_set[97]/action[19] (B缺失), action_sets/action_set[97]/action[20] (B缺失), action_sets/action_set[97]/action[21] (B缺失), action_sets/action_set[97]/action[22] (B缺失), action_sets/action_set[97]/action[23] (B缺失), action_sets/action_set[97]/action[24] (B缺失), action_sets/action_set[97]/action[25] (B缺失), action_sets/action_set[97]/action[26] (B缺失), action_sets/action_set[97]/action[27] (B缺失), action_sets/action_set[97]/action[28] (B缺失), action_sets/action_set[97]/action[29] (B缺失), action_sets/action_set[97]/action[30] (B缺失), action_sets/action_set[97]/action[31] (B缺失), action_sets/action_set[97]/action[32] (B缺失), action_sets/action_set[97]/action[33] (B缺失), action_sets/action_set[97]/action[34] (B缺失), action_sets/action_set[97]/action[35] (B缺失), action_sets/action_set[97]/action[36] (B缺失), action_sets/action_set[97]/action[37] (B缺失), action_sets/action_set[97]/action[38] (B缺失), action_sets/action_set[97]/action[39] (B缺失), action_sets/action_set[97]/action[40] (B缺失), action_sets/action_set[97]/action[41] (B缺失), action_sets/action_set[97]/action[42] (B缺失), action_sets/action_set[97]/action[43] (B缺失), action_sets/action_set[97]/action[44] (B缺失), action_sets/action_set[97]/action[45] (B缺失), action_sets/action_set[97]/action[46] (B缺失), action_sets/action_set[97]/action[47] (B缺失), action_sets/action_set[97]/action[48] (B缺失), action_sets/action_set[97]/action[49] (B缺失), action_sets/action_set[97]/action[50] (B缺失), action_sets/action_set[97]/action[51] (B缺失), action_sets/action_set[97]/action[52] (B缺失), action_sets/action_set[97]/action[53] (B缺失), action_sets/action_set[97]/action[54] (B缺失), action_sets/action_set[97]/action[55] (B缺失), action_sets/action_set[97]/action[56] (B缺失), action_sets/action_set[97]/action[57] (B缺失), action_sets/action_set[97]/action[58] (B缺失), action_sets/action_set[97]/action[59] (B缺失), action_sets/action_set[97]/action[60] (B缺失), action_sets/action_set[97]/action[61] (B缺失), action_sets/action_set[97]/action[62] (B缺失), action_sets/action_set[97]/action[63] (B缺失), action_sets/action_set[97]/action[64] (B缺失), action_sets/action_set[97]/action[65] (B缺失), action_sets/action_set[97]/action[66] (B缺失), action_sets/action_set[97]/action[67] (B缺失), action_sets/action_set[97]/action[68] (B缺失), action_sets/action_set[97]/action[69] (B缺失), action_sets/action_set[97]/action[70] (B缺失), action_sets/action_set[97]/action[71] (B缺失), action_sets/action_set[97]/action[72] (B缺失), action_sets/action_set[97]/action[73] (B缺失), action_sets/action_set[97]/action[74] (B缺失), action_sets/action_set[97]/action[75] (B缺失), action_sets/action_set[97]/action[76] (B缺失), action_sets/action_set[97]/action[77] (B缺失), action_sets/action_set[97]/action[78] (B缺失), action_sets/action_set[97]/action[79] (B缺失), action_sets/action_set[97]/action[80] (B缺失), action_sets/action_set[97]/action[81] (B缺失), action_sets/action_set[97]/action[82] (B缺失), action_sets/action_set[97]/action[83] (B缺失), action_sets/action_set[97]/action[84] (B缺失), action_sets/action_set[97]/action[85] (B缺失), action_sets/action_set[97]/action[86] (B缺失), action_sets/action_set[97]/action[87] (B缺失), action_sets/action_set[97]/action[88] (B缺失), action_sets/action_set[97]/action[89] (B缺失), action_sets/action_set[97]/action[90] (B缺失), action_sets/action_set[97]/action[91] (B缺失), action_sets/action_set[97]/action[92] (B缺失), action_sets/action_set[99] (B缺失), action_sets/action_set[100] (B缺失), action_sets/action_set[101] (B缺失), action_sets/action_set[102] (B缺失), action_sets/action_set[103] (B缺失), action_sets/action_set[104] (B缺失), action_sets/action_set[105] (B缺失), action_sets/action_set[106] (B缺失), action_sets/action_set[107] (B缺失), action_sets/action_set[108] (B缺失), action_sets/action_set[109] (B缺失), action_sets/action_set[110] (B缺失), action_sets/action_set[111] (B缺失), action_sets/action_set[112] (B缺失)
AttributeValueDifferences: action_sets/action_set[37]@base_set: A=as_human_villager_in_aserai_tavern, B=as_human_villager, action_sets/action_set[37]@id: A=as_human_warrior_in_aserai_tavern, B=as_human_seller, action_sets/action_set[38]@base_set: A=as_human_warrior_in_aserai_tavern, B=as_human_seller, action_sets/action_set[38]@id: A=as_human_female_warrior_in_aserai_tavern, B=as_human_female_seller, action_sets/action_set[39]@base_set: A=as_human_villager, B=as_human_seller, action_sets/action_set[39]@id: A=as_human_child, B=as_human_weaponsmith, action_sets/action_set[39]/action[0]@animation: A=child_idle_1, B=anim_npc_seller_talk_male_1, action_sets/action_set[39]/action[0]@type: A=act_walk_idle_unarmed, B=act_talk_to_1, action_sets/action_set[39]/action[1]@animation: A=villager_walk_unarmed, B=anim_npc_seller_talk_male_1, action_sets/action_set[39]/action[1]@type: A=act_walk_right_unarmed, B=act_talk_to_2, action_sets/action_set[40]@base_set: A=as_human_child, B=as_human_weaponsmith, action_sets/action_set[40]@id: A=as_human_female_child, B=as_human_female_weaponsmith, action_sets/action_set[41]@base_set: A=as_human_warrior, B=as_human_villager, action_sets/action_set[41]@id: A=as_human_facegen, B=as_human_villager_artisan, action_sets/action_set[41]/action[0]@animation: A=anim_male_custom, B=anim_lord_idle_2, action_sets/action_set[41]/action[0]@type: A=act_inventory_idle_start, B=act_walk_idle_unarmed, action_sets/action_set[41]/action[1]@animation: A=_visual_test_morph_animation, B=villager_walk_noble, action_sets/action_set[41]/action[1]@type: A=act_visual_test_morph_animation, B=act_walk_forward_unarmed, action_sets/action_set[41]/action[2]@animation: A=anim_male_custom, B=villager_walk_noble, action_sets/action_set[41]/action[2]@type: A=act_inventory_idle, B=act_walk_right_unarmed, action_sets/action_set[41]/action[3]@animation: A=anim_male_custom_voice8, B=villager_walk_noble, action_sets/action_set[41]/action[3]@type: A=act_command, B=act_walk_left_unarmed, action_sets/action_set[41]/action[4]@animation: A=defend_shield_passive_bot_banner_editor_pose, B=villager_walk_noble, action_sets/action_set[41]/action[4]@type: A=act_walk_idle_unarmed, B=act_walk_backward_unarmed, action_sets/action_set[41]/action[5]@animation: A=anim_childhood_tough, B=villager_walk_noble, action_sets/action_set[41]/action[5]@type: A=act_childhood_tough, B=act_walk_right_back_unarmed, action_sets/action_set[41]/action[6]@animation: A=anim_childhood_decisive, B=villager_walk_noble, action_sets/action_set[41]/action[6]@type: A=act_childhood_decisive, B=act_walk_left_back_unarmed, action_sets/action_set[41]/action[7]@animation: A=anim_childhood_ready, B=villager_walk_noble, action_sets/action_set[41]/action[7]@type: A=act_childhood_ready, B=act_walk_right_to_left_unarmed, action_sets/action_set[41]/action[8]@animation: A=anim_childhood_leader, B=villager_walk_noble, action_sets/action_set[41]/action[8]@type: A=act_childhood_leader, B=act_walk_left_to_right_unarmed, action_sets/action_set[41]/action[9]@animation: A=anim_childhood_athlete, B=anim_lord_idle_2, action_sets/action_set[41]/action[9]@type: A=act_childhood_athlete, B=act_walk_idle_unarmed_left_stance, action_sets/action_set[41]/action[10]@animation: A=anim_childhood_memory, B=villager_walk_noble, action_sets/action_set[41]/action[10]@type: A=act_childhood_memory, B=act_walk_forward_unarmed_left_stance, action_sets/action_set[41]/action[11]@animation: A=anim_childhood_numbers, B=villager_walk_noble, action_sets/action_set[41]/action[11]@type: A=act_childhood_numbers, B=act_walk_right_unarmed_left_stance, action_sets/action_set[41]/action[12]@animation: A=anim_childhood_manners, B=villager_walk_noble, action_sets/action_set[41]/action[12]@type: A=act_childhood_manners, B=act_walk_left_unarmed_left_stance, action_sets/action_set[41]/action[13]@animation: A=anim_childhood_animals, B=villager_walk_noble, action_sets/action_set[41]/action[13]@type: A=act_childhood_animals, B=act_walk_backward_unarmed_left_stance, action_sets/action_set[41]/action[14]@animation: A=anim_childhood_streets, B=villager_walk_noble, action_sets/action_set[41]/action[14]@type: A=act_childhood_streets, B=act_walk_right_back_unarmed_left_stance, action_sets/action_set[41]/action[15]@animation: A=anim_childhood_peddlers, B=villager_walk_noble, action_sets/action_set[41]/action[15]@type: A=act_childhood_peddlers, B=act_walk_left_back_unarmed_left_stance, action_sets/action_set[41]/action[16]@animation: A=anim_childhood_peddlers_2, B=villager_walk_noble, action_sets/action_set[41]/action[16]@type: A=act_childhood_peddlers_2, B=act_walk_right_to_left_unarmed_left_stance, action_sets/action_set[41]/action[17]@animation: A=anim_childhood_militia, B=villager_walk_noble, action_sets/action_set[41]/action[17]@type: A=act_childhood_militia, B=act_walk_left_to_right_unarmed_left_stance, action_sets/action_set[41]/action[18]@animation: A=anim_childhood_schooled, B=anim_npc_seller_talk_male_1, action_sets/action_set[41]/action[18]@type: A=act_childhood_schooled, B=act_talk_to_1, action_sets/action_set[41]/action[19]@animation: A=anim_childhood_apprentice, B=anim_npc_seller_talk_male_1, action_sets/action_set[41]/action[19]@type: A=act_childhood_apprentice, B=act_talk_to_2, action_sets/action_set[41]/action[20]@animation: A=anim_childhood_fierce, B=anim_npc_seller_talk_male_1, action_sets/action_set[41]/action[20]@type: A=act_childhood_fierce, B=act_talk_to_3, action_sets/action_set[41]/action[21]@animation: A=anim_childhood_sharp, B=anim_npc_seller_talk_male_2, action_sets/action_set[41]/action[21]@type: A=act_childhood_sharp, B=act_talk_to_4, action_sets/action_set[41]/action[22]@animation: A=anim_childhood_vibrant, B=anim_npc_seller_talk_male_2, action_sets/action_set[41]/action[22]@type: A=act_childhood_vibrant, B=act_talk_to_5, action_sets/action_set[42]@base_set: A=as_human_facegen, B=as_human_villager_artisan, action_sets/action_set[42]@id: A=as_human_female_facegen, B=as_human_female_villager_artisan, action_sets/action_set[43]@base_set: A=as_human_warrior, B=as_human_villager, action_sets/action_set[43]@id: A=as_human_map, B=as_human_villager_merchant, action_sets/action_set[43]/action[0]@animation: A=map_attack_1h_without_banner, B=villager_walk_merchant_idle, action_sets/action_set[43]/action[0]@type: A=act_map_attack_1h, B=act_walk_idle_unarmed, action_sets/action_set[43]/action[1]@animation: A=map_attack_2h, B=villager_walk_merchant, action_sets/action_set[43]/action[1]@type: A=act_map_attack_2h, B=act_walk_forward_unarmed, action_sets/action_set[43]/action[2]@animation: A=map_attack_2h_spear_without_banner, B=villager_walk_merchant, action_sets/action_set[43]/action[2]@type: A=act_map_attack_spear_1h_or_2h, B=act_walk_right_unarmed, action_sets/action_set[43]/action[3]@animation: A=map_attack_unarmed_without_banner, B=villager_walk_merchant, action_sets/action_set[43]/action[3]@type: A=act_map_attack_unarmed, B=act_walk_left_unarmed, action_sets/action_set[43]/action[4]@animation: A=map_raid_without_banner, B=villager_walk_merchant, action_sets/action_set[43]/action[4]@type: A=act_map_raid, B=act_walk_backward_unarmed, action_sets/action_set[43]/action[5]@animation: A=map_rider_horse_attack_1h_without_banner, B=villager_walk_merchant, action_sets/action_set[43]/action[5]@type: A=act_map_rider_horse_attack_1h, B=act_walk_right_back_unarmed, action_sets/action_set[43]/action[6]@animation: A=map_rider_horse_attack_1h_spear_without_banner, B=villager_walk_merchant, action_sets/action_set[43]/action[6]@type: A=act_map_rider_horse_attack_1h_spear, B=act_walk_left_back_unarmed, action_sets/action_set[43]/action[7]@animation: A=map_rider_horse_attack_1h_swing_without_banner, B=villager_walk_merchant, action_sets/action_set[43]/action[7]@type: A=act_map_rider_horse_attack_1h_swing, B=act_walk_right_to_left_unarmed, action_sets/action_set[43]/action[8]@animation: A=map_rider_horse_attack_2h_swing_without_banner, B=villager_walk_merchant, action_sets/action_set[43]/action[8]@type: A=act_map_rider_horse_attack_2h_swing, B=act_walk_left_to_right_unarmed, action_sets/action_set[43]/action[9]@animation: A=map_rider_horse_attack_unarmed_without_banner, B=villager_walk_merchant_idle, action_sets/action_set[43]/action[9]@type: A=act_map_rider_horse_attack_unarmed, B=act_walk_idle_unarmed_left_stance, action_sets/action_set[43]/action[10]@animation: A=map_rider_camel_attack_1h_without_banner, B=villager_walk_merchant, action_sets/action_set[43]/action[10]@type: A=act_map_rider_camel_attack_1h, B=act_walk_forward_unarmed_left_stance, action_sets/action_set[43]/action[11]@animation: A=map_rider_camel_attack_1h_spear_without_banner, B=villager_walk_merchant, action_sets/action_set[43]/action[11]@type: A=act_map_rider_camel_attack_1h_spear, B=act_walk_right_unarmed_left_stance, action_sets/action_set[43]/action[12]@animation: A=map_rider_camel_attack_1h_swing_without_banner, B=villager_walk_merchant, action_sets/action_set[43]/action[12]@type: A=act_map_rider_camel_attack_1h_swing, B=act_walk_left_unarmed_left_stance, action_sets/action_set[43]/action[13]@animation: A=map_rider_camel_attack_2h_swing_without_banner, B=villager_walk_merchant, action_sets/action_set[43]/action[13]@type: A=act_map_rider_camel_attack_2h_swing, B=act_walk_backward_unarmed_left_stance, action_sets/action_set[43]/action[14]@animation: A=map_rider_camel_attack_unarmed_without_banner, B=villager_walk_merchant, action_sets/action_set[43]/action[14]@type: A=act_map_rider_camel_attack_unarmed, B=act_walk_right_back_unarmed_left_stance, action_sets/action_set[44]@base_set: A=as_human_map, B=as_human_villager_merchant, action_sets/action_set[44]@id: A=as_human_female_map, B=as_human_female_villager_merchant, action_sets/action_set[45]@base_set: A=as_human_map, B=as_human_villager, action_sets/action_set[45]@id: A=as_human_map_with_banner, B=as_human_villager_preacher, action_sets/action_set[45]/action[0]@animation: A=map_attack_1h, B=anim_lord_idle_2, action_sets/action_set[45]/action[0]@type: A=act_map_attack_1h, B=act_walk_idle_unarmed, action_sets/action_set[45]/action[1]@animation: A=map_attack_1h, B=villager_walk_forward_female, action_sets/action_set[45]/action[1]@type: A=act_map_attack_2h, B=act_walk_forward_unarmed, action_sets/action_set[45]/action[2]@animation: A=map_attack_1h_spear, B=villager_walk_forward_female, action_sets/action_set[45]/action[2]@type: A=act_map_attack_spear_1h_or_2h, B=act_walk_right_unarmed, action_sets/action_set[45]/action[3]@animation: A=map_attack_unarmed, B=villager_walk_forward_female, action_sets/action_set[45]/action[3]@type: A=act_map_attack_unarmed, B=act_walk_left_unarmed, action_sets/action_set[45]/action[4]@animation: A=map_raid, B=villager_walk_forward_female, action_sets/action_set[45]/action[4]@type: A=act_map_raid, B=act_walk_backward_unarmed, action_sets/action_set[45]/action[5]@animation: A=map_rider_horse_attack_1h, B=villager_walk_forward_female, action_sets/action_set[45]/action[5]@type: A=act_map_rider_horse_attack_1h, B=act_walk_right_back_unarmed, action_sets/action_set[45]/action[6]@animation: A=map_rider_horse_attack_1h_spear, B=villager_walk_forward_female, action_sets/action_set[45]/action[6]@type: A=act_map_rider_horse_attack_1h_spear, B=act_walk_left_back_unarmed, action_sets/action_set[45]/action[7]@animation: A=map_rider_horse_attack_1h_swing, B=villager_walk_forward_female, action_sets/action_set[45]/action[7]@type: A=act_map_rider_horse_attack_1h_swing, B=act_walk_right_to_left_unarmed, action_sets/action_set[45]/action[8]@animation: A=map_rider_horse_attack_1h_swing, B=villager_walk_forward_female, action_sets/action_set[45]/action[8]@type: A=act_map_rider_horse_attack_2h_swing, B=act_walk_left_to_right_unarmed, action_sets/action_set[45]/action[9]@animation: A=map_rider_horse_attack_unarmed, B=anim_lord_idle_2, action_sets/action_set[45]/action[9]@type: A=act_map_rider_horse_attack_unarmed, B=act_walk_idle_unarmed_left_stance, action_sets/action_set[45]/action[10]@animation: A=map_rider_camel_attack_1h, B=villager_walk_forward_female, action_sets/action_set[45]/action[10]@type: A=act_map_rider_camel_attack_1h, B=act_walk_forward_unarmed_left_stance, action_sets/action_set[45]/action[11]@animation: A=map_rider_camel_attack_1h_spear, B=villager_walk_forward_female, action_sets/action_set[45]/action[11]@type: A=act_map_rider_camel_attack_1h_spear, B=act_walk_right_unarmed_left_stance, action_sets/action_set[45]/action[12]@animation: A=map_rider_camel_attack_1h_swing, B=villager_walk_forward_female, action_sets/action_set[45]/action[12]@type: A=act_map_rider_camel_attack_1h_swing, B=act_walk_left_unarmed_left_stance, action_sets/action_set[45]/action[13]@animation: A=map_rider_camel_attack_1h_swing, B=villager_walk_forward_female, action_sets/action_set[45]/action[13]@type: A=act_map_rider_camel_attack_2h_swing, B=act_walk_backward_unarmed_left_stance, action_sets/action_set[45]/action[14]@animation: A=map_rider_camel_attack_unarmed, B=villager_walk_forward_female, action_sets/action_set[45]/action[14]@type: A=act_map_rider_camel_attack_unarmed, B=act_walk_right_back_unarmed_left_stance, action_sets/action_set[45]/action[15]@animation: A=stand_mainmap, B=villager_walk_forward_female, action_sets/action_set[45]/action[15]@type: A=act_run_idle_unarmed, B=act_walk_left_back_unarmed_left_stance, action_sets/action_set[45]/action[16]@animation: A=stand_mainmap, B=villager_walk_forward_female, action_sets/action_set[45]/action[16]@type: A=act_run_idle_unarmed_left_stance, B=act_walk_right_to_left_unarmed_left_stance, action_sets/action_set[45]/action[17]@animation: A=stand_mainmap, B=villager_walk_forward_female, action_sets/action_set[45]/action[17]@type: A=act_run_idle_1h, B=act_walk_left_to_right_unarmed_left_stance, action_sets/action_set[45]/action[18]@animation: A=stand_mainmap, B=anim_npc_seller_talk_male_1, action_sets/action_set[45]/action[18]@type: A=act_run_idle_1h_left_stance, B=act_talk_to_1, action_sets/action_set[45]/action[19]@animation: A=stand_mainmap, B=anim_npc_seller_talk_male_1, action_sets/action_set[45]/action[19]@type: A=act_run_idle_1h_with_shield, B=act_talk_to_2, action_sets/action_set[45]/action[20]@animation: A=stand_mainmap, B=anim_npc_seller_talk_male_1, action_sets/action_set[45]/action[20]@type: A=act_run_idle_1h_with_shield_left_stance, B=act_talk_to_3, action_sets/action_set[45]/action[21]@animation: A=stand_mainmap, B=anim_npc_seller_talk_male_2, action_sets/action_set[45]/action[21]@type: A=act_run_idle_1h_with_h_shld, B=act_talk_to_4, action_sets/action_set[45]/action[22]@animation: A=stand_mainmap, B=anim_npc_seller_talk_male_2, action_sets/action_set[45]/action[22]@type: A=act_run_idle_1h_with_h_shld_left_stance, B=act_talk_to_5, action_sets/action_set[46]@base_set: A=as_human_map_with_banner, B=as_human_villager_preacher, action_sets/action_set[46]@id: A=as_human_female_map_with_banner, B=as_human_female_villager_preacher, action_sets/action_set[47]@id: A=as_human_villain, B=as_human_villager_gangleader, action_sets/action_set[47]/action[0]@animation: A=gang_walk_forward_unarmed, B=anim_villain_idle_1, action_sets/action_set[47]/action[0]@type: A=act_walk_forward_unarmed, B=act_walk_idle_unarmed, action_sets/action_set[47]/action[1]@animation: A=gang_walk_forward_unarmed, B=gang_walk_forward, action_sets/action_set[47]/action[1]@type: A=act_walk_right_unarmed, B=act_walk_forward_unarmed, action_sets/action_set[47]/action[2]@animation: A=gang_walk_forward_unarmed, B=gang_walk_forward, action_sets/action_set[47]/action[2]@type: A=act_walk_left_unarmed, B=act_walk_right_unarmed, action_sets/action_set[47]/action[3]@animation: A=gang_walk_forward_unarmed, B=gang_walk_forward, action_sets/action_set[47]/action[3]@type: A=act_walk_backward_unarmed, B=act_walk_left_unarmed, action_sets/action_set[47]/action[4]@animation: A=gang_walk_forward_unarmed, B=gang_walk_forward, action_sets/action_set[47]/action[4]@type: A=act_walk_right_back_unarmed, B=act_walk_backward_unarmed, action_sets/action_set[47]/action[5]@animation: A=gang_walk_forward_unarmed, B=gang_walk_forward, action_sets/action_set[47]/action[5]@type: A=act_walk_left_back_unarmed, B=act_walk_right_back_unarmed, action_sets/action_set[47]/action[6]@animation: A=gang_walk_forward_unarmed, B=gang_walk_forward, action_sets/action_set[47]/action[6]@type: A=act_walk_right_to_left_unarmed, B=act_walk_left_back_unarmed, action_sets/action_set[47]/action[7]@animation: A=gang_walk_forward_unarmed, B=gang_walk_forward, action_sets/action_set[47]/action[7]@type: A=act_walk_left_to_right_unarmed, B=act_walk_right_to_left_unarmed, action_sets/action_set[47]/action[8]@animation: A=gang_walk_forward_unarmed, B=gang_walk_forward, action_sets/action_set[47]/action[8]@type: A=act_walk_forward_unarmed_left_stance, B=act_walk_left_to_right_unarmed, action_sets/action_set[47]/action[9]@animation: A=gang_walk_forward_unarmed, B=anim_villain_idle_1, action_sets/action_set[47]/action[9]@type: A=act_walk_right_unarmed_left_stance, B=act_walk_idle_unarmed_left_stance, action_sets/action_set[47]/action[10]@animation: A=gang_walk_forward_unarmed, B=gang_walk_forward, action_sets/action_set[47]/action[10]@type: A=act_walk_left_unarmed_left_stance, B=act_walk_forward_unarmed_left_stance, action_sets/action_set[47]/action[11]@animation: A=gang_walk_forward_unarmed, B=gang_walk_forward, action_sets/action_set[47]/action[11]@type: A=act_walk_backward_unarmed_left_stance, B=act_walk_right_unarmed_left_stance, action_sets/action_set[47]/action[12]@animation: A=gang_walk_forward_unarmed, B=gang_walk_forward, action_sets/action_set[47]/action[12]@type: A=act_walk_right_back_unarmed_left_stance, B=act_walk_left_unarmed_left_stance, action_sets/action_set[47]/action[13]@animation: A=gang_walk_forward_unarmed, B=gang_walk_forward, action_sets/action_set[47]/action[13]@type: A=act_walk_left_back_unarmed_left_stance, B=act_walk_backward_unarmed_left_stance, action_sets/action_set[47]/action[14]@animation: A=gang_walk_forward_unarmed, B=gang_walk_forward, action_sets/action_set[47]/action[14]@type: A=act_walk_right_to_left_unarmed_left_stance, B=act_walk_right_back_unarmed_left_stance, action_sets/action_set[47]/action[15]@animation: A=gang_walk_forward_unarmed, B=gang_walk_forward, action_sets/action_set[47]/action[15]@type: A=act_walk_left_to_right_unarmed_left_stance, B=act_walk_left_back_unarmed_left_stance, action_sets/action_set[47]/action[16]@type: A=act_walk_forward, B=act_walk_right_to_left_unarmed_left_stance, action_sets/action_set[47]/action[17]@type: A=act_walk_backward, B=act_walk_left_to_right_unarmed_left_stance, action_sets/action_set[47]/action[18]@animation: A=gang_walk_forward, B=anim_villain_idle_1, action_sets/action_set[47]/action[18]@type: A=act_walk_right, B=act_stand_1, action_sets/action_set[47]/action[19]@animation: A=gang_walk_forward, B=anim_villain_idle_1, action_sets/action_set[47]/action[19]@type: A=act_walk_left, B=act_stand_2, action_sets/action_set[47]/action[20]@animation: A=anim_alley_idle, B=anim_villain_idle_1, action_sets/action_set[47]/action[20]@type: A=act_stand_1, B=act_stand_3, action_sets/action_set[47]/action[21]@animation: A=anim_alley_look_right_idle, B=anim_villain_idle_1, action_sets/action_set[47]/action[21]@type: A=act_stand_2, B=act_stand_4, action_sets/action_set[47]/action[22]@animation: A=anim_alley_look_right_idle_2, B=anim_villain_idle_1, action_sets/action_set[47]/action[22]@type: A=act_stand_3, B=act_stand_5, action_sets/action_set[47]/action[23]@animation: A=anim_alley_look_right_and_forward_idle, B=anim_villain_idle_1, action_sets/action_set[47]/action[23]@type: A=act_stand_4, B=act_stand_6, action_sets/action_set[47]/action[24]@type: A=act_stand_5, B=act_stand_7, action_sets/action_set[47]/action[25]@animation: A=anim_alley_idle, B=anim_villain_idle_1, action_sets/action_set[47]/action[25]@type: A=act_stand_6, B=act_stand_8, action_sets/action_set[47]/action[26]@animation: A=anim_alley_look_right_idle, B=anim_villain_idle_1, action_sets/action_set[47]/action[26]@type: A=act_stand_7, B=act_stand_9, action_sets/action_set[47]/action[27]@animation: A=anim_alley_look_right_idle_2, B=anim_villain_idle_1, action_sets/action_set[47]/action[27]@type: A=act_stand_8, B=act_stand_10, action_sets/action_set[47]/action[28]@alternative_group: A=stand_alt, B=sit_idle_alt, action_sets/action_set[47]/action[28]@animation: A=anim_alley_look_right_and_forward_idle, B=anim_sit_idle_2, action_sets/action_set[47]/action[28]@type: A=act_stand_9, B=act_sit_4, action_sets/action_set[47]/action[29]@alternative_group: A=stand_alt, B=sit_idle_alt, action_sets/action_set[47]/action[29]@animation: A=anim_villain_idle_1, B=anim_sit_idle_1, action_sets/action_set[47]/action[29]@type: A=act_stand_10, B=act_sit_5, action_sets/action_set[47]/action[30]@alternative_group: A=talk_to_alt, B=sit_idle_alt, action_sets/action_set[47]/action[30]@animation: A=anim_villain_hangout_1, B=anim_sit_idle_3, action_sets/action_set[47]/action[30]@type: A=act_talk_to_1, B=act_sit_6, action_sets/action_set[47]/action[31]@alternative_group: A=talk_to_alt, B=sit_idle_alt, action_sets/action_set[47]/action[31]@animation: A=anim_villain_hangout_1, B=anim_sit_idle_4, action_sets/action_set[47]/action[31]@type: A=act_talk_to_2, B=act_sit_7, action_sets/action_set[47]/action[32]@alternative_group: A=talk_to_alt, B=sit_idle_alt, action_sets/action_set[47]/action[32]@animation: A=anim_villain_hangout_1, B=anim_sit_idle_5, action_sets/action_set[47]/action[32]@type: A=act_talk_to_3, B=act_sit_8, action_sets/action_set[47]/action[33]@animation: A=anim_villain_hangout_2, B=anim_villain_hangout_1, action_sets/action_set[47]/action[33]@type: A=act_talk_to_4, B=act_talk_to_1, action_sets/action_set[47]/action[34]@animation: A=anim_villain_hangout_2, B=anim_villain_hangout_1, action_sets/action_set[47]/action[34]@type: A=act_talk_to_5, B=act_talk_to_2, action_sets/action_set[47]/action[35]@animation: A=anim_bandit_thumbnail_pose, B=anim_villain_hangout_1, action_sets/action_set[47]/action[35]@type: A=act_bandit_thumbnail_pose, B=act_talk_to_3, action_sets/action_set[48]@base_set: A=as_human_villain, B=as_human_villager_gangleader, action_sets/action_set[48]@id: A=as_human_female_villain, B=as_human_female_villager_gangleader, action_sets/action_set[49]@id: A=as_human_lord, B=as_human_villager_ruralnotable, action_sets/action_set[49]/action[0]@animation: A=stand_non_combat, B=anim_lord_idle_1, action_sets/action_set[49]/action[1]@animation: A=lord_walk_unarmed, B=villager_walk_noble_2, action_sets/action_set[49]/action[2]@animation: A=lord_walk_unarmed, B=villager_walk_noble_2, action_sets/action_set[49]/action[3]@animation: A=lord_walk_unarmed, B=villager_walk_noble_2, action_sets/action_set[49]/action[4]@animation: A=lord_walk_unarmed, B=villager_walk_noble_2, action_sets/action_set[49]/action[5]@animation: A=lord_walk_unarmed, B=villager_walk_noble_2, action_sets/action_set[49]/action[6]@animation: A=lord_walk_unarmed, B=villager_walk_noble_2, action_sets/action_set[49]/action[7]@animation: A=lord_walk_unarmed, B=villager_walk_noble_2, action_sets/action_set[49]/action[8]@animation: A=lord_walk_unarmed, B=villager_walk_noble_2, action_sets/action_set[49]/action[9]@animation: A=stand_unarmed_left_stance, B=anim_lord_idle_1, action_sets/action_set[49]/action[10]@animation: A=lord_walk_unarmed, B=villager_walk_noble_2, action_sets/action_set[49]/action[11]@animation: A=lord_walk_unarmed, B=villager_walk_noble_2, action_sets/action_set[49]/action[12]@animation: A=lord_walk_unarmed, B=villager_walk_noble_2, action_sets/action_set[49]/action[13]@animation: A=lord_walk_unarmed, B=villager_walk_noble_2, action_sets/action_set[49]/action[14]@animation: A=lord_walk_unarmed, B=villager_walk_noble_2, action_sets/action_set[49]/action[15]@animation: A=lord_walk_unarmed, B=villager_walk_noble_2, action_sets/action_set[49]/action[16]@animation: A=lord_walk_unarmed, B=villager_walk_noble_2, action_sets/action_set[49]/action[17]@animation: A=lord_walk_unarmed, B=villager_walk_noble_2, action_sets/action_set[49]/action[18]@animation: A=lord_walk_forward, B=anim_lord_idle_1, action_sets/action_set[49]/action[18]@type: A=act_walk_forward, B=act_stand_1, action_sets/action_set[49]/action[19]@animation: A=lord_walk_forward, B=anim_lord_idle_2, action_sets/action_set[49]/action[19]@type: A=act_walk_backward, B=act_stand_2, action_sets/action_set[49]/action[20]@animation: A=lord_walk_forward, B=anim_lord_idle_3, action_sets/action_set[49]/action[20]@type: A=act_walk_right, B=act_stand_3, action_sets/action_set[49]/action[21]@animation: A=lord_walk_forward, B=anim_lord_idle_4, action_sets/action_set[49]/action[21]@type: A=act_walk_left, B=act_stand_4, action_sets/action_set[49]/action[22]@animation: A=anim_lord_idle_1, B=anim_lord_idle_5, action_sets/action_set[49]/action[22]@type: A=act_stand_1, B=act_stand_5, action_sets/action_set[49]/action[23]@animation: A=anim_lord_idle_2, B=anim_lord_idle_6, action_sets/action_set[49]/action[23]@type: A=act_stand_2, B=act_stand_6, action_sets/action_set[49]/action[24]@animation: A=anim_lord_idle_3, B=anim_lord_idle_1, action_sets/action_set[49]/action[24]@type: A=act_stand_3, B=act_stand_7, action_sets/action_set[49]/action[25]@animation: A=anim_lord_idle_4, B=anim_lord_idle_2, action_sets/action_set[49]/action[25]@type: A=act_stand_4, B=act_stand_8, action_sets/action_set[49]/action[26]@animation: A=anim_lord_idle_5, B=anim_lord_idle_3, action_sets/action_set[49]/action[26]@type: A=act_stand_5, B=act_stand_9, action_sets/action_set[49]/action[27]@animation: A=anim_lord_idle_6, B=anim_lord_idle_4, action_sets/action_set[49]/action[27]@type: A=act_stand_6, B=act_stand_10, action_sets/action_set[49]/action[28]@alternative_group: A=stand_alt, B=talk_to_alt, action_sets/action_set[49]/action[28]@animation: A=anim_noble_standing_idle_male, B=anim_npc_seller_talk_male_1, action_sets/action_set[49]/action[28]@type: A=act_stand_7, B=act_talk_to_1, action_sets/action_set[49]/action[29]@alternative_group: A=stand_alt, B=talk_to_alt, action_sets/action_set[49]/action[29]@animation: A=anim_noble_standing_idle_male, B=anim_npc_seller_talk_male_1, action_sets/action_set[49]/action[29]@type: A=act_stand_8, B=act_talk_to_2, action_sets/action_set[49]/action[30]@alternative_group: A=stand_alt, B=talk_to_alt, action_sets/action_set[49]/action[30]@animation: A=anim_noble_standing_idle_male, B=anim_npc_seller_talk_male_1, action_sets/action_set[49]/action[30]@type: A=act_stand_9, B=act_talk_to_3, action_sets/action_set[49]/action[31]@alternative_group: A=stand_alt, B=talk_to_alt, action_sets/action_set[49]/action[31]@animation: A=anim_noble_standing_idle_male, B=anim_npc_seller_talk_male_2, action_sets/action_set[49]/action[31]@type: A=act_stand_10, B=act_talk_to_4, action_sets/action_set[49]/action[32]@animation: A=anim_noble_standing_talk_to_right_male, B=anim_npc_seller_talk_male_2, action_sets/action_set[49]/action[32]@type: A=act_talk_to_1, B=act_talk_to_5, action_sets/action_set[50]@base_set: A=as_human_female_villager, B=as_human_villager_ruralnotable, action_sets/action_set[50]@id: A=as_human_female_lord, B=as_human_female_villager_ruralnotable, action_sets/action_set[51]@id: A=as_human_seller, B=as_human_gangleader_bodyguard, action_sets/action_set[51]/action[0]@animation: A=npc_seller_idle_1, B=anim_villain_idle_1, action_sets/action_set[51]/action[0]@type: A=act_seller_idle_1, B=act_walk_idle_unarmed, action_sets/action_set[51]/action[1]@animation: A=npc_seller_idle_2, B=gang_walk_forward, action_sets/action_set[51]/action[1]@type: A=act_seller_idle_2, B=act_walk_forward_unarmed, action_sets/action_set[51]/action[2]@animation: A=npc_seller_idle_3, B=gang_walk_forward, action_sets/action_set[51]/action[2]@type: A=act_seller_idle_3, B=act_walk_right_unarmed, action_sets/action_set[51]/action[3]@animation: A=npc_seller_idle_4, B=gang_walk_forward, action_sets/action_set[51]/action[3]@type: A=act_seller_idle_4, B=act_walk_left_unarmed, action_sets/action_set[51]/action[4]@animation: A=npc_seller_idle_5, B=gang_walk_forward, action_sets/action_set[51]/action[4]@type: A=act_seller_idle_5, B=act_walk_backward_unarmed, action_sets/action_set[51]/action[5]@animation: A=anim_bartender_hangout_1, B=gang_walk_forward, action_sets/action_set[51]/action[5]@type: A=act_talk_to_1, B=act_walk_right_back_unarmed, action_sets/action_set[51]/action[6]@animation: A=anim_bartender_hangout_2, B=gang_walk_forward, action_sets/action_set[51]/action[6]@type: A=act_talk_to_2, B=act_walk_left_back_unarmed, action_sets/action_set[51]/action[7]@animation: A=anim_npc_seller_talk_male_1, B=gang_walk_forward, action_sets/action_set[51]/action[7]@type: A=act_talk_to_3, B=act_walk_right_to_left_unarmed, action_sets/action_set[51]/action[8]@animation: A=anim_npc_seller_talk_male_2, B=gang_walk_forward, action_sets/action_set[51]/action[8]@type: A=act_talk_to_4, B=act_walk_left_to_right_unarmed, action_sets/action_set[51]/action[9]@animation: A=anim_npc_seller_talk_male_2, B=anim_villain_idle_1, action_sets/action_set[51]/action[9]@type: A=act_talk_to_5, B=act_walk_idle_unarmed_left_stance, action_sets/action_set[52]@base_set: A=as_human_seller, B=as_human_gangleader_bodyguard, action_sets/action_set[52]@id: A=as_human_female_seller, B=as_human_female_gangleader_bodyguard, action_sets/action_set[53]@base_set: A=as_human_seller, B=as_human_villager, action_sets/action_set[53]@id: A=as_human_weaponsmith, B=as_human_merchant_notary, action_sets/action_set[53]/action[0]@animation: A=anim_npc_seller_talk_male_1, B=anim_notary_talkto_lady, action_sets/action_set[53]/action[1]@animation: A=anim_npc_seller_talk_male_1, B=anim_notary_talkto_lady, action_sets/action_set[54]@base_set: A=as_human_weaponsmith, B=as_human_merchant_notary, action_sets/action_set[54]@id: A=as_human_female_weaponsmith, B=as_human_female_merchant_notary, action_sets/action_set[55]@base_set: A=as_human_villager, B=as_human_female_villager, action_sets/action_set[55]@id: A=as_human_villager_artisan, B=as_human_female_barmaid, action_sets/action_set[55]/action[0]@animation: A=anim_lord_idle_2, B=anim_barmaid_idle2, action_sets/action_set[55]/action[1]@animation: A=villager_walk_noble, B=anim_barmaid_walk_forward, action_sets/action_set[55]/action[2]@animation: A=villager_walk_noble, B=anim_barmaid_walk_forward, action_sets/action_set[55]/action[3]@animation: A=villager_walk_noble, B=anim_barmaid_walk_forward, action_sets/action_set[55]/action[4]@animation: A=villager_walk_noble, B=anim_barmaid_walk_forward, action_sets/action_set[55]/action[5]@animation: A=villager_walk_noble, B=anim_barmaid_walk_forward, action_sets/action_set[55]/action[6]@animation: A=villager_walk_noble, B=anim_barmaid_walk_forward, action_sets/action_set[55]/action[7]@animation: A=villager_walk_noble, B=anim_barmaid_walk_forward, action_sets/action_set[55]/action[8]@animation: A=villager_walk_noble, B=anim_barmaid_walk_forward, action_sets/action_set[55]/action[9]@animation: A=anim_lord_idle_2, B=anim_barmaid_idle2, action_sets/action_set[55]/action[10]@animation: A=villager_walk_noble, B=anim_barmaid_walk_forward, action_sets/action_set[55]/action[11]@animation: A=villager_walk_noble, B=anim_barmaid_walk_forward, action_sets/action_set[55]/action[12]@animation: A=villager_walk_noble, B=anim_barmaid_walk_forward, action_sets/action_set[55]/action[13]@animation: A=villager_walk_noble, B=anim_barmaid_walk_forward, action_sets/action_set[55]/action[14]@animation: A=villager_walk_noble, B=anim_barmaid_walk_forward, action_sets/action_set[55]/action[15]@animation: A=villager_walk_noble, B=anim_barmaid_walk_forward, action_sets/action_set[55]/action[16]@animation: A=villager_walk_noble, B=anim_barmaid_walk_forward, action_sets/action_set[55]/action[17]@animation: A=villager_walk_noble, B=anim_barmaid_walk_forward, action_sets/action_set[55]/action[18]@animation: A=anim_npc_seller_talk_male_1, B=anim_barmaid_start_conversation, action_sets/action_set[55]/action[18]@type: A=act_talk_to_1, B=act_conversation_normal_start, action_sets/action_set[55]/action[19]@animation: A=anim_npc_seller_talk_male_1, B=anim_barmaid_idle_conversation, action_sets/action_set[55]/action[19]@type: A=act_talk_to_2, B=act_conversation_normal_loop, action_sets/action_set[55]/action[20]@alternative_group: A=talk_to_alt, B=stand_alt, action_sets/action_set[55]/action[20]@animation: A=anim_npc_seller_talk_male_1, B=anim_barmaid_idle1, action_sets/action_set[55]/action[20]@type: A=act_talk_to_3, B=act_stand_1, action_sets/action_set[55]/action[21]@alternative_group: A=talk_to_alt, B=stand_alt, action_sets/action_set[55]/action[21]@animation: A=anim_npc_seller_talk_male_2, B=anim_barmaid_idle2, action_sets/action_set[55]/action[21]@type: A=act_talk_to_4, B=act_stand_2, action_sets/action_set[55]/action[22]@alternative_group: A=talk_to_alt, B=stand_alt, action_sets/action_set[55]/action[22]@animation: A=anim_npc_seller_talk_male_2, B=anim_barmaid_idle2, action_sets/action_set[55]/action[22]@type: A=act_talk_to_5, B=act_stand_3, action_sets/action_set[56]@base_set: A=as_human_villager_artisan, B=as_human_female_barmaid, action_sets/action_set[56]@id: A=as_human_female_villager_artisan, B=as_human_barmaid, action_sets/action_set[57]@id: A=as_human_villager_merchant, B=as_human_tavern_keeper, action_sets/action_set[57]/action[0]@animation: A=villager_walk_merchant_idle, B=anim_alley_idle, action_sets/action_set[57]/action[0]@type: A=act_walk_idle_unarmed, B=act_stand_1, action_sets/action_set[57]/action[1]@animation: A=villager_walk_merchant, B=anim_citizen_npc_male_3, action_sets/action_set[57]/action[1]@type: A=act_walk_forward_unarmed, B=act_stand_2, action_sets/action_set[57]/action[2]@animation: A=villager_walk_merchant, B=anim_bartender_idle, action_sets/action_set[57]/action[2]@type: A=act_walk_right_unarmed, B=act_stand_3, action_sets/action_set[57]/action[3]@animation: A=villager_walk_merchant, B=anim_bartender_idle, action_sets/action_set[57]/action[3]@type: A=act_walk_left_unarmed, B=act_stand_4, action_sets/action_set[57]/action[4]@animation: A=villager_walk_merchant, B=anim_alley_idle, action_sets/action_set[57]/action[4]@type: A=act_walk_backward_unarmed, B=act_stand_5, action_sets/action_set[57]/action[5]@animation: A=villager_walk_merchant, B=anim_citizen_npc_male_3, action_sets/action_set[57]/action[5]@type: A=act_walk_right_back_unarmed, B=act_stand_6, action_sets/action_set[57]/action[6]@animation: A=villager_walk_merchant, B=anim_bartender_idle, action_sets/action_set[57]/action[6]@type: A=act_walk_left_back_unarmed, B=act_stand_7, action_sets/action_set[57]/action[7]@animation: A=villager_walk_merchant, B=anim_bartender_idle, action_sets/action_set[57]/action[7]@type: A=act_walk_right_to_left_unarmed, B=act_stand_8, action_sets/action_set[57]/action[8]@animation: A=villager_walk_merchant, B=anim_alley_idle, action_sets/action_set[57]/action[8]@type: A=act_walk_left_to_right_unarmed, B=act_stand_9, action_sets/action_set[57]/action[9]@animation: A=villager_walk_merchant_idle, B=anim_citizen_npc_male_3, action_sets/action_set[57]/action[9]@type: A=act_walk_idle_unarmed_left_stance, B=act_stand_10, action_sets/action_set[57]/action[10]@animation: A=villager_walk_merchant, B=tavern_barmaid_and_customer_customer_a, action_sets/action_set[57]/action[10]@type: A=act_walk_forward_unarmed_left_stance, B=act_bartender_talk_to_tavern_maid, action_sets/action_set[57]/action[11]@animation: A=villager_walk_merchant, B=tavern_keeper_and_customer_keeper_a, action_sets/action_set[57]/action[11]@type: A=act_walk_right_unarmed_left_stance, B=act_bartender_talk_to_customer, action_sets/action_set[57]/action[12]@animation: A=villager_walk_merchant, B=anim_bartender_hangout_1, action_sets/action_set[57]/action[12]@type: A=act_walk_left_unarmed_left_stance, B=act_talk_to_1, action_sets/action_set[57]/action[13]@animation: A=villager_walk_merchant, B=anim_bartender_hangout_1, action_sets/action_set[57]/action[13]@type: A=act_walk_backward_unarmed_left_stance, B=act_talk_to_2, action_sets/action_set[57]/action[14]@animation: A=villager_walk_merchant, B=anim_bartender_hangout_2, action_sets/action_set[57]/action[14]@type: A=act_walk_right_back_unarmed_left_stance, B=act_talk_to_3, action_sets/action_set[57]/action[15]@animation: A=villager_walk_merchant, B=anim_bartender_hangout_2, action_sets/action_set[57]/action[15]@type: A=act_walk_left_back_unarmed_left_stance, B=act_talk_to_4, action_sets/action_set[57]/action[16]@animation: A=villager_walk_merchant, B=anim_bartender_hangout_2, action_sets/action_set[57]/action[16]@type: A=act_walk_right_to_left_unarmed_left_stance, B=act_talk_to_5, action_sets/action_set[58]@base_set: A=as_human_villager_merchant, B=as_human_tavern_keeper, action_sets/action_set[58]@id: A=as_human_female_villager_merchant, B=as_human_female_tavern_keeper, action_sets/action_set[59]@id: A=as_human_villager_preacher, B=as_human_musician, action_sets/action_set[59]/action[0]@animation: A=anim_lord_idle_2, B=musician_idle_sitting_calm, action_sets/action_set[59]/action[0]@type: A=act_walk_idle_unarmed, B=act_sit_1, action_sets/action_set[59]/action[1]@animation: A=villager_walk_forward_female, B=anim_musician_start, action_sets/action_set[59]/action[1]@type: A=act_walk_forward_unarmed, B=act_sitting_play_guitar_start, action_sets/action_set[59]/action[2]@animation: A=villager_walk_forward_female, B=anim_musician_play, action_sets/action_set[59]/action[2]@type: A=act_walk_right_unarmed, B=act_sitting_play_guitar_play, action_sets/action_set[59]/action[3]@animation: A=villager_walk_forward_female, B=anim_musician_play_loop, action_sets/action_set[59]/action[3]@type: A=act_walk_left_unarmed, B=act_sitting_play_guitar_play_loop, action_sets/action_set[59]/action[4]@animation: A=villager_walk_forward_female, B=anim_musician_end, action_sets/action_set[59]/action[4]@type: A=act_walk_backward_unarmed, B=act_sitting_play_guitar_end, action_sets/action_set[59]/action[5]@animation: A=villager_walk_forward_female, B=anim_musician_start_stand, action_sets/action_set[59]/action[5]@type: A=act_walk_right_back_unarmed, B=act_play_guitar_start, action_sets/action_set[59]/action[6]@animation: A=villager_walk_forward_female, B=anim_musician_play_stand, action_sets/action_set[59]/action[6]@type: A=act_walk_left_back_unarmed, B=act_play_guitar_play, action_sets/action_set[59]/action[7]@animation: A=villager_walk_forward_female, B=anim_musician_play_loop_stand, action_sets/action_set[59]/action[7]@type: A=act_walk_right_to_left_unarmed, B=act_play_guitar_play_loop, action_sets/action_set[59]/action[8]@animation: A=villager_walk_forward_female, B=anim_musician_end_stand, action_sets/action_set[59]/action[8]@type: A=act_walk_left_to_right_unarmed, B=act_play_guitar_end, action_sets/action_set[59]/action[9]@animation: A=anim_lord_idle_2, B=anim_musician_idle_stand, action_sets/action_set[59]/action[9]@type: A=act_walk_idle_unarmed_left_stance, B=act_play_guitar_idle, action_sets/action_set[59]/action[10]@animation: A=villager_walk_forward_female, B=musician_equip_sitting, action_sets/action_set[59]/action[10]@type: A=act_walk_forward_unarmed_left_stance, B=act_musician_equip_sitting, action_sets/action_set[59]/action[11]@animation: A=villager_walk_forward_female, B=musician_equip_stand, action_sets/action_set[59]/action[11]@type: A=act_walk_right_unarmed_left_stance, B=act_musician_equip_stand, action_sets/action_set[59]/action[12]@animation: A=villager_walk_forward_female, B=musician_idle_sitting_calm, action_sets/action_set[59]/action[12]@type: A=act_walk_left_unarmed_left_stance, B=act_musician_idle_sitting_calm, action_sets/action_set[59]/action[13]@animation: A=villager_walk_forward_female, B=musician_idle_sitting_active, action_sets/action_set[59]/action[13]@type: A=act_walk_backward_unarmed_left_stance, B=act_musician_idle_sitting_active, action_sets/action_set[59]/action[14]@animation: A=villager_walk_forward_female, B=musician_idle_sitting_cheerful, action_sets/action_set[59]/action[14]@type: A=act_walk_right_back_unarmed_left_stance, B=act_musician_idle_sitting_cheerful, action_sets/action_set[59]/action[15]@animation: A=villager_walk_forward_female, B=musician_idle_stand_calm, action_sets/action_set[59]/action[15]@type: A=act_walk_left_back_unarmed_left_stance, B=act_musician_idle_stand_calm, action_sets/action_set[59]/action[16]@animation: A=villager_walk_forward_female, B=musician_idle_stand_active, action_sets/action_set[59]/action[16]@type: A=act_walk_right_to_left_unarmed_left_stance, B=act_musician_idle_stand_active, action_sets/action_set[59]/action[17]@animation: A=villager_walk_forward_female, B=musician_idle_stand_cheerful, action_sets/action_set[59]/action[17]@type: A=act_walk_left_to_right_unarmed_left_stance, B=act_musician_idle_stand_cheerful, action_sets/action_set[59]/action[18]@animation: A=anim_npc_seller_talk_male_1, B=musician_celtic_harp_sitting_loop, action_sets/action_set[59]/action[18]@type: A=act_talk_to_1, B=act_play_celtic_harp_sitting, action_sets/action_set[59]/action[19]@animation: A=anim_npc_seller_talk_male_1, B=musician_celtic_harp_stand_loop, action_sets/action_set[59]/action[19]@type: A=act_talk_to_2, B=act_play_celtic_harp_stand, action_sets/action_set[59]/action[20]@animation: A=anim_npc_seller_talk_male_1, B=musician_cornu_sitting_loop, action_sets/action_set[59]/action[20]@type: A=act_talk_to_3, B=act_play_cornu_sitting, action_sets/action_set[59]/action[21]@animation: A=anim_npc_seller_talk_male_2, B=musician_cornu_stand_loop, action_sets/action_set[59]/action[21]@type: A=act_talk_to_4, B=act_play_cornu_stand, action_sets/action_set[59]/action[22]@animation: A=anim_npc_seller_talk_male_2, B=musician_dombra_sitting_loop, action_sets/action_set[59]/action[22]@type: A=act_talk_to_5, B=act_play_dombra_sitting, action_sets/action_set[60]@base_set: A=as_human_villager_preacher, B=as_human_musician, action_sets/action_set[60]@id: A=as_human_female_villager_preacher, B=as_human_female_musician, action_sets/action_set[61]@base_set: A=as_human_villager, B=as_human_female_villager, action_sets/action_set[61]@id: A=as_human_villager_gangleader, B=as_human_female_dancer, action_sets/action_set[61]/action[0]@animation: A=anim_villain_idle_1, B=boss_walk_forward, action_sets/action_set[61]/action[0]@type: A=act_walk_idle_unarmed, B=act_walk_forward_unarmed, action_sets/action_set[61]/action[1]@animation: A=gang_walk_forward, B=boss_walk_forward, action_sets/action_set[61]/action[1]@type: A=act_walk_forward_unarmed, B=act_walk_right_unarmed, action_sets/action_set[61]/action[2]@animation: A=gang_walk_forward, B=boss_walk_forward, action_sets/action_set[61]/action[2]@type: A=act_walk_right_unarmed, B=act_walk_left_unarmed, action_sets/action_set[61]/action[3]@animation: A=gang_walk_forward, B=boss_walk_forward, action_sets/action_set[61]/action[3]@type: A=act_walk_left_unarmed, B=act_walk_backward_unarmed, action_sets/action_set[61]/action[4]@animation: A=gang_walk_forward, B=boss_walk_forward, action_sets/action_set[61]/action[4]@type: A=act_walk_backward_unarmed, B=act_walk_right_back_unarmed, action_sets/action_set[61]/action[5]@animation: A=gang_walk_forward, B=boss_walk_forward, action_sets/action_set[61]/action[5]@type: A=act_walk_right_back_unarmed, B=act_walk_left_back_unarmed, action_sets/action_set[61]/action[6]@animation: A=gang_walk_forward, B=boss_walk_forward, action_sets/action_set[61]/action[6]@type: A=act_walk_left_back_unarmed, B=act_walk_right_to_left_unarmed, action_sets/action_set[61]/action[7]@animation: A=gang_walk_forward, B=boss_walk_forward, action_sets/action_set[61]/action[7]@type: A=act_walk_right_to_left_unarmed, B=act_walk_left_to_right_unarmed, action_sets/action_set[61]/action[8]@animation: A=gang_walk_forward, B=boss_walk_forward, action_sets/action_set[61]/action[8]@type: A=act_walk_left_to_right_unarmed, B=act_walk_forward_unarmed_left_stance, action_sets/action_set[61]/action[9]@animation: A=anim_villain_idle_1, B=boss_walk_forward, action_sets/action_set[61]/action[9]@type: A=act_walk_idle_unarmed_left_stance, B=act_walk_right_unarmed_left_stance, action_sets/action_set[61]/action[10]@animation: A=gang_walk_forward, B=boss_walk_forward, action_sets/action_set[61]/action[10]@type: A=act_walk_forward_unarmed_left_stance, B=act_walk_left_unarmed_left_stance, action_sets/action_set[61]/action[11]@animation: A=gang_walk_forward, B=boss_walk_forward, action_sets/action_set[61]/action[11]@type: A=act_walk_right_unarmed_left_stance, B=act_walk_backward_unarmed_left_stance, action_sets/action_set[61]/action[12]@animation: A=gang_walk_forward, B=boss_walk_forward, action_sets/action_set[61]/action[12]@type: A=act_walk_left_unarmed_left_stance, B=act_walk_right_back_unarmed_left_stance, action_sets/action_set[61]/action[13]@animation: A=gang_walk_forward, B=boss_walk_forward, action_sets/action_set[61]/action[13]@type: A=act_walk_backward_unarmed_left_stance, B=act_walk_left_back_unarmed_left_stance, action_sets/action_set[61]/action[14]@animation: A=gang_walk_forward, B=boss_walk_forward, action_sets/action_set[61]/action[14]@type: A=act_walk_right_back_unarmed_left_stance, B=act_walk_right_to_left_unarmed_left_stance, action_sets/action_set[61]/action[15]@animation: A=gang_walk_forward, B=boss_walk_forward, action_sets/action_set[61]/action[15]@type: A=act_walk_left_back_unarmed_left_stance, B=act_walk_left_to_right_unarmed_left_stance, action_sets/action_set[61]/action[16]@animation: A=gang_walk_forward, B=anim_tavern_dance_norse, action_sets/action_set[61]/action[16]@type: A=act_walk_right_to_left_unarmed_left_stance, B=act_dance_norse, action_sets/action_set[61]/action[17]@animation: A=gang_walk_forward, B=musician_equip_sitting, action_sets/action_set[61]/action[17]@type: A=act_walk_left_to_right_unarmed_left_stance, B=act_musician_equip_sitting, action_sets/action_set[61]/action[18]@animation: A=anim_villain_idle_1, B=musician_equip_stand, action_sets/action_set[61]/action[18]@type: A=act_stand_1, B=act_musician_equip_stand, action_sets/action_set[61]/action[19]@animation: A=anim_villain_idle_1, B=musician_idle_sitting_calm, action_sets/action_set[61]/action[19]@type: A=act_stand_2, B=act_musician_idle_sitting_calm, action_sets/action_set[61]/action[20]@animation: A=anim_villain_idle_1, B=musician_idle_sitting_active, action_sets/action_set[61]/action[20]@type: A=act_stand_3, B=act_musician_idle_sitting_active, action_sets/action_set[61]/action[21]@animation: A=anim_villain_idle_1, B=musician_idle_sitting_cheerful, action_sets/action_set[61]/action[21]@type: A=act_stand_4, B=act_musician_idle_sitting_cheerful, action_sets/action_set[61]/action[22]@animation: A=anim_villain_idle_1, B=musician_idle_stand_calm, action_sets/action_set[61]/action[22]@type: A=act_stand_5, B=act_musician_idle_stand_calm, action_sets/action_set[61]/action[23]@animation: A=anim_villain_idle_1, B=musician_idle_stand_active, action_sets/action_set[61]/action[23]@type: A=act_stand_6, B=act_musician_idle_stand_active, action_sets/action_set[61]/action[24]@animation: A=anim_villain_idle_1, B=musician_idle_stand_cheerful, action_sets/action_set[61]/action[24]@type: A=act_stand_7, B=act_musician_idle_stand_cheerful, action_sets/action_set[62]@base_set: A=as_human_villager_gangleader, B=as_human_female_dancer, action_sets/action_set[62]@id: A=as_human_female_villager_gangleader, B=as_human_dancer, action_sets/action_set[63]@id: A=as_human_villager_ruralnotable, B=as_human_beggar, action_sets/action_set[63]/action[0]@animation: A=anim_lord_idle_1, B=anim_beggar_idle3, action_sets/action_set[63]/action[1]@animation: A=villager_walk_noble_2, B=beggar_walk_forward, action_sets/action_set[63]/action[2]@animation: A=villager_walk_noble_2, B=beggar_walk_forward, action_sets/action_set[63]/action[3]@animation: A=villager_walk_noble_2, B=beggar_walk_forward, action_sets/action_set[63]/action[4]@animation: A=villager_walk_noble_2, B=beggar_walk_forward, action_sets/action_set[63]/action[5]@animation: A=villager_walk_noble_2, B=beggar_walk_forward, action_sets/action_set[63]/action[6]@animation: A=villager_walk_noble_2, B=beggar_walk_forward, action_sets/action_set[63]/action[7]@animation: A=villager_walk_noble_2, B=beggar_walk_forward, action_sets/action_set[63]/action[8]@animation: A=villager_walk_noble_2, B=beggar_walk_forward, action_sets/action_set[63]/action[9]@animation: A=anim_lord_idle_1, B=anim_beggar_conversation, action_sets/action_set[63]/action[9]@type: A=act_walk_idle_unarmed_left_stance, B=act_conversation_normal_start, action_sets/action_set[63]/action[10]@animation: A=villager_walk_noble_2, B=anim_beggar_conversation, action_sets/action_set[63]/action[10]@type: A=act_walk_forward_unarmed_left_stance, B=act_conversation_normal_loop, action_sets/action_set[63]/action[11]@animation: A=villager_walk_noble_2, B=anim_beggar_sitting_idle, action_sets/action_set[63]/action[11]@type: A=act_walk_right_unarmed_left_stance, B=act_conversation_sit_floor_loop, action_sets/action_set[63]/action[12]@animation: A=villager_walk_noble_2, B=anim_beggar_idle, action_sets/action_set[63]/action[12]@type: A=act_walk_left_unarmed_left_stance, B=act_stand_1, action_sets/action_set[63]/action[13]@animation: A=villager_walk_noble_2, B=anim_beggar_idle2, action_sets/action_set[63]/action[13]@type: A=act_walk_backward_unarmed_left_stance, B=act_stand_2, action_sets/action_set[63]/action[14]@animation: A=villager_walk_noble_2, B=anim_beggar_idle3, action_sets/action_set[63]/action[14]@type: A=act_walk_right_back_unarmed_left_stance, B=act_stand_3, action_sets/action_set[63]/action[15]@animation: A=villager_walk_noble_2, B=anim_beggar_idle2, action_sets/action_set[63]/action[15]@type: A=act_walk_left_back_unarmed_left_stance, B=act_stand_4, action_sets/action_set[63]/action[16]@animation: A=villager_walk_noble_2, B=anim_beggar_idle, action_sets/action_set[63]/action[16]@type: A=act_walk_right_to_left_unarmed_left_stance, B=act_stand_5, action_sets/action_set[63]/action[17]@animation: A=villager_walk_noble_2, B=anim_beggar_idle3, action_sets/action_set[63]/action[17]@type: A=act_walk_left_to_right_unarmed_left_stance, B=act_stand_6, action_sets/action_set[63]/action[18]@animation: A=anim_lord_idle_1, B=anim_beggar_idle2, action_sets/action_set[63]/action[18]@type: A=act_stand_1, B=act_stand_7, action_sets/action_set[63]/action[19]@animation: A=anim_lord_idle_2, B=anim_beggar_idle, action_sets/action_set[63]/action[19]@type: A=act_stand_2, B=act_stand_8, action_sets/action_set[63]/action[20]@animation: A=anim_lord_idle_3, B=anim_beggar_idle3, action_sets/action_set[63]/action[20]@type: A=act_stand_3, B=act_stand_9, action_sets/action_set[63]/action[21]@animation: A=anim_lord_idle_4, B=anim_beggar_idle2, action_sets/action_set[63]/action[21]@type: A=act_stand_4, B=act_stand_10, action_sets/action_set[63]/action[22]@animation: A=anim_lord_idle_5, B=anim_beggar_idle3, action_sets/action_set[63]/action[22]@type: A=act_stand_5, B=act_walk_idle_unarmed_left_stance, action_sets/action_set[63]/action[23]@animation: A=anim_lord_idle_6, B=beggar_walk_forward, action_sets/action_set[63]/action[23]@type: A=act_stand_6, B=act_walk_forward_unarmed_left_stance, action_sets/action_set[63]/action[24]@animation: A=anim_lord_idle_1, B=beggar_walk_forward, action_sets/action_set[63]/action[24]@type: A=act_stand_7, B=act_walk_right_unarmed_left_stance, action_sets/action_set[63]/action[25]@animation: A=anim_lord_idle_2, B=beggar_walk_forward, action_sets/action_set[63]/action[25]@type: A=act_stand_8, B=act_walk_left_unarmed_left_stance, action_sets/action_set[63]/action[26]@animation: A=anim_lord_idle_3, B=beggar_walk_forward, action_sets/action_set[63]/action[26]@type: A=act_stand_9, B=act_walk_backward_unarmed_left_stance, action_sets/action_set[63]/action[27]@animation: A=anim_lord_idle_4, B=beggar_walk_forward, action_sets/action_set[63]/action[27]@type: A=act_stand_10, B=act_walk_right_back_unarmed_left_stance, action_sets/action_set[63]/action[28]@animation: A=anim_npc_seller_talk_male_1, B=beggar_walk_forward, action_sets/action_set[63]/action[28]@type: A=act_talk_to_1, B=act_walk_left_back_unarmed_left_stance, action_sets/action_set[63]/action[29]@animation: A=anim_npc_seller_talk_male_1, B=beggar_walk_forward, action_sets/action_set[63]/action[29]@type: A=act_talk_to_2, B=act_walk_right_to_left_unarmed_left_stance, action_sets/action_set[63]/action[30]@animation: A=anim_npc_seller_talk_male_1, B=beggar_walk_forward, action_sets/action_set[63]/action[30]@type: A=act_talk_to_3, B=act_walk_left_to_right_unarmed_left_stance, action_sets/action_set[64]@base_set: A=as_human_villager_ruralnotable, B=as_human_beggar, action_sets/action_set[64]@id: A=as_human_female_villager_ruralnotable, B=as_human_female_beggar, action_sets/action_set[65]@id: A=as_human_gangleader_bodyguard, B=as_human_guard, action_sets/action_set[65]/action[0]@animation: A=anim_villain_idle_1, B=guard_idle_crossedarms, action_sets/action_set[65]/action[1]@animation: A=gang_walk_forward, B=guard_idle_crossedarms, action_sets/action_set[65]/action[1]@type: A=act_walk_forward_unarmed, B=act_walk_idle_unarmed_left_stance, action_sets/action_set[65]/action[2]@animation: A=gang_walk_forward, B=guard_idle_spear_to_lord, action_sets/action_set[65]/action[2]@type: A=act_walk_right_unarmed, B=act_guard_idle_spear_to_lord, action_sets/action_set[65]/action[3]@animation: A=gang_walk_forward, B=guard_idle_spear_from_lord, action_sets/action_set[65]/action[3]@type: A=act_walk_left_unarmed, B=act_guard_idle_spear_from_lord, action_sets/action_set[65]/action[4]@animation: A=gang_walk_forward, B=guard_idle_spear_lordloop, action_sets/action_set[65]/action[4]@type: A=act_walk_backward_unarmed, B=act_guard_idle_spear_lord_loop, action_sets/action_set[65]/action[5]@animation: A=gang_walk_forward, B=anim_hangout_idle_axe, action_sets/action_set[65]/action[5]@type: A=act_walk_right_back_unarmed, B=act_talk_to_1, action_sets/action_set[65]/action[6]@animation: A=gang_walk_forward, B=anim_hangout_idle_axe, action_sets/action_set[65]/action[6]@type: A=act_walk_left_back_unarmed, B=act_talk_to_2, action_sets/action_set[65]/action[7]@animation: A=gang_walk_forward, B=anim_hangout_idle_axe, action_sets/action_set[65]/action[7]@type: A=act_walk_right_to_left_unarmed, B=act_talk_to_3, action_sets/action_set[65]/action[8]@animation: A=gang_walk_forward, B=anim_hangout_idle_axe, action_sets/action_set[65]/action[8]@type: A=act_walk_left_to_right_unarmed, B=act_talk_to_4, action_sets/action_set[65]/action[9]@animation: A=anim_villain_idle_1, B=anim_hangout_idle_axe, action_sets/action_set[65]/action[9]@type: A=act_walk_idle_unarmed_left_stance, B=act_talk_to_5, action_sets/action_set[65]/action[10]@animation: A=gang_walk_forward, B=anim_hangout_tavern_facingright_drink, action_sets/action_set[65]/action[10]@type: A=act_walk_forward_unarmed_left_stance, B=act_sit_talk_to_right_1, action_sets/action_set[65]/action[11]@animation: A=gang_walk_forward, B=anim_hangout_tavern_facingleft_drink, action_sets/action_set[65]/action[11]@type: A=act_walk_right_unarmed_left_stance, B=act_sit_talk_to_left_1, action_sets/action_set[65]/action[12]@animation: A=gang_walk_forward, B=guard_idle_1, action_sets/action_set[65]/action[12]@type: A=act_walk_left_unarmed_left_stance, B=act_guard_idle_spear, action_sets/action_set[65]/action[13]@animation: A=gang_walk_forward, B=guard_idle_1, action_sets/action_set[65]/action[13]@type: A=act_walk_backward_unarmed_left_stance, B=act_guard_stand_1, action_sets/action_set[65]/action[14]@animation: A=gang_walk_forward, B=guard_idle_2, action_sets/action_set[65]/action[14]@type: A=act_walk_right_back_unarmed_left_stance, B=act_guard_stand_2, action_sets/action_set[65]/action[15]@animation: A=gang_walk_forward, B=guard_idle_3, action_sets/action_set[65]/action[15]@type: A=act_walk_left_back_unarmed_left_stance, B=act_guard_stand_3, action_sets/action_set[65]/action[16]@animation: A=gang_walk_forward, B=guard_idle_4, action_sets/action_set[65]/action[16]@type: A=act_walk_right_to_left_unarmed_left_stance, B=act_guard_stand_4, action_sets/action_set[65]/action[17]@animation: A=gang_walk_forward, B=guard_idle_5, action_sets/action_set[65]/action[17]@type: A=act_walk_left_to_right_unarmed_left_stance, B=act_guard_stand_5, action_sets/action_set[65]/action[18]@alternative_group: A=stand_alt, B=guard_idle_group, action_sets/action_set[65]/action[18]@animation: A=anim_guard_idle_long, B=guard_idle_6, action_sets/action_set[65]/action[18]@type: A=act_stand_1, B=act_guard_stand_6, action_sets/action_set[65]/action[19]@alternative_group: A=stand_alt, B=guard_idle_group, action_sets/action_set[65]/action[19]@animation: A=anim_guard_idle_long, B=guard_idle_7, action_sets/action_set[65]/action[19]@type: A=act_stand_2, B=act_guard_stand_7, action_sets/action_set[65]/action[20]@alternative_group: A=stand_alt, B=guard_idle_group, action_sets/action_set[65]/action[20]@animation: A=anim_guard_idle_long, B=guard_idle_8, action_sets/action_set[65]/action[20]@type: A=act_stand_3, B=act_guard_stand_8, action_sets/action_set[65]/action[21]@alternative_group: A=stand_alt, B=guard_idle_group, action_sets/action_set[65]/action[21]@animation: A=anim_guard_idle_long, B=guard_idle_9, action_sets/action_set[65]/action[21]@type: A=act_stand_4, B=act_guard_stand_9, action_sets/action_set[66]@base_set: A=as_human_gangleader_bodyguard, B=as_human_guard, action_sets/action_set[66]@id: A=as_human_female_gangleader_bodyguard, B=as_human_female_guard, action_sets/action_set[67]@base_set: A=as_human_villager, B=as_human_guard, action_sets/action_set[67]@id: A=as_human_merchant_notary, B=as_human_unarmed_guard, action_sets/action_set[67]/action[0]@alternative_group: A=talk_to_alt, B=stand_alt, action_sets/action_set[67]/action[0]@animation: A=anim_notary_talkto_lady, B=stand_1, action_sets/action_set[67]/action[0]@type: A=act_talk_to_1, B=act_stand_1, action_sets/action_set[67]/action[1]@alternative_group: A=talk_to_alt, B=stand_alt, action_sets/action_set[67]/action[1]@animation: A=anim_notary_talkto_lady, B=stand_2, action_sets/action_set[67]/action[1]@type: A=act_talk_to_2, B=act_stand_2, action_sets/action_set[67]/action[2]@alternative_group: A=talk_to_alt, B=stand_alt, action_sets/action_set[67]/action[2]@animation: A=anim_notary_talkto_lady, B=stand_3, action_sets/action_set[67]/action[2]@type: A=act_talk_to_3, B=act_stand_3, action_sets/action_set[67]/action[3]@alternative_group: A=talk_to_alt, B=stand_alt, action_sets/action_set[67]/action[3]@animation: A=anim_notary_talkto_lady, B=stand_4, action_sets/action_set[67]/action[3]@type: A=act_talk_to_4, B=act_stand_4, action_sets/action_set[67]/action[4]@alternative_group: A=talk_to_alt, B=stand_alt, action_sets/action_set[67]/action[4]@animation: A=anim_notary_talkto_lady, B=stand_5, action_sets/action_set[67]/action[4]@type: A=act_talk_to_5, B=act_stand_5, action_sets/action_set[68]@base_set: A=as_human_merchant_notary, B=as_human_unarmed_guard, action_sets/action_set[68]@id: A=as_human_female_merchant_notary, B=as_human_female_unarmed_guard, action_sets/action_set[69]@base_set: A=as_human_female_villager, B=as_human_villager, action_sets/action_set[69]@id: A=as_human_female_barmaid, B=as_human_villager_with_backpack, action_sets/action_set[69]/action[0]@animation: A=anim_barmaid_idle2, B=villager_walk_carry_backpack_idle, action_sets/action_set[69]/action[1]@animation: A=anim_barmaid_walk_forward, B=villager_walk_carry_backpack, action_sets/action_set[69]/action[2]@animation: A=anim_barmaid_walk_forward, B=villager_walk_carry_backpack, action_sets/action_set[69]/action[3]@animation: A=anim_barmaid_walk_forward, B=villager_walk_carry_backpack, action_sets/action_set[69]/action[4]@animation: A=anim_barmaid_walk_forward, B=villager_walk_carry_backpack, action_sets/action_set[69]/action[5]@animation: A=anim_barmaid_walk_forward, B=villager_walk_carry_backpack, action_sets/action_set[69]/action[6]@animation: A=anim_barmaid_walk_forward, B=villager_walk_carry_backpack, action_sets/action_set[69]/action[7]@animation: A=anim_barmaid_walk_forward, B=villager_walk_carry_backpack, action_sets/action_set[69]/action[8]@animation: A=anim_barmaid_walk_forward, B=villager_walk_carry_backpack, action_sets/action_set[69]/action[9]@animation: A=anim_barmaid_idle2, B=villager_walk_carry_backpack_idle, action_sets/action_set[69]/action[10]@animation: A=anim_barmaid_walk_forward, B=villager_walk_carry_backpack, action_sets/action_set[69]/action[11]@animation: A=anim_barmaid_walk_forward, B=villager_walk_carry_backpack, action_sets/action_set[69]/action[12]@animation: A=anim_barmaid_walk_forward, B=villager_walk_carry_backpack, action_sets/action_set[69]/action[13]@animation: A=anim_barmaid_walk_forward, B=villager_walk_carry_backpack, action_sets/action_set[69]/action[14]@animation: A=anim_barmaid_walk_forward, B=villager_walk_carry_backpack, action_sets/action_set[69]/action[15]@animation: A=anim_barmaid_walk_forward, B=villager_walk_carry_backpack, action_sets/action_set[69]/action[16]@animation: A=anim_barmaid_walk_forward, B=villager_walk_carry_backpack, action_sets/action_set[69]/action[17]@animation: A=anim_barmaid_walk_forward, B=villager_walk_carry_backpack, action_sets/action_set[69]/action[18]@animation: A=anim_barmaid_start_conversation, B=villager_walk_carry_backpack_idle, action_sets/action_set[69]/action[18]@type: A=act_conversation_normal_start, B=act_run_idle_unarmed, action_sets/action_set[69]/action[19]@animation: A=anim_barmaid_idle_conversation, B=villager_walk_carry_backpack_idle, action_sets/action_set[69]/action[19]@type: A=act_conversation_normal_loop, B=act_run_idle_unarmed_left_stance, action_sets/action_set[69]/action[20]@animation: A=anim_barmaid_idle1, B=villager_walk_carry_backpack_idle, action_sets/action_set[69]/action[20]@type: A=act_stand_1, B=act_conversation_normal_start, action_sets/action_set[69]/action[21]@animation: A=anim_barmaid_idle2, B=villager_walk_carry_backpack_idle, action_sets/action_set[69]/action[21]@type: A=act_stand_2, B=act_conversation_aggressive_start, action_sets/action_set[69]/action[22]@animation: A=anim_barmaid_idle2, B=villager_walk_carry_backpack_idle, action_sets/action_set[69]/action[22]@type: A=act_stand_3, B=act_conversation_warrior_start, action_sets/action_set[69]/action[23]@animation: A=anim_barmaid_idle1, B=villager_walk_carry_backpack_idle, action_sets/action_set[69]/action[23]@type: A=act_stand_4, B=act_conversation_hip_start, action_sets/action_set[69]/action[24]@animation: A=anim_barmaid_idle1, B=villager_walk_carry_backpack_idle, action_sets/action_set[69]/action[24]@type: A=act_stand_5, B=act_conversation_closed_start, action_sets/action_set[69]/action[25]@animation: A=anim_barmaid_idle1, B=villager_walk_carry_backpack_idle, action_sets/action_set[69]/action[25]@type: A=act_stand_6, B=act_conversation_confident_start, action_sets/action_set[69]/action[26]@animation: A=anim_barmaid_idle1, B=villager_walk_carry_backpack_idle, action_sets/action_set[69]/action[26]@type: A=act_stand_7, B=act_conversation_confident2_start, action_sets/action_set[69]/action[27]@animation: A=anim_barmaid_idle2, B=villager_walk_carry_backpack_idle, action_sets/action_set[69]/action[27]@type: A=act_stand_8, B=act_conversation_demure_start, action_sets/action_set[69]/action[28]@animation: A=anim_barmaid_idle2, B=villager_walk_carry_backpack_idle, action_sets/action_set[69]/action[28]@type: A=act_stand_9, B=act_conversation_nervous_start, action_sets/action_set[69]/action[29]@animation: A=anim_barmaid_idle2, B=villager_walk_carry_backpack_idle, action_sets/action_set[69]/action[29]@type: A=act_stand_10, B=act_conversation_weary_start, action_sets/action_set[69]/action[30]@animation: A=anim_barmaid_to_bar_idle, B=villager_walk_carry_backpack_idle, action_sets/action_set[69]/action[30]@type: A=act_idle_to_bar, B=act_conversation_normal_loop, action_sets/action_set[69]/action[31]@animation: A=anim_barmaid_from_bar_idle, B=villager_walk_carry_backpack_idle, action_sets/action_set[69]/action[31]@type: A=act_idle_from_bar, B=act_conversation_aggressive_loop, action_sets/action_set[69]/action[32]@animation: A=anim_barmaid_bar_idle, B=villager_walk_carry_backpack_idle, action_sets/action_set[69]/action[32]@type: A=act_barloop1, B=act_conversation_warrior_loop, action_sets/action_set[69]/action[33]@animation: A=anim_barmaid_bar_idle, B=villager_walk_carry_backpack_idle, action_sets/action_set[69]/action[33]@type: A=act_barloop2, B=act_conversation_hip_loop, action_sets/action_set[69]/action[34]@animation: A=anim_barmaid_bar_idle, B=villager_walk_carry_backpack_idle, action_sets/action_set[69]/action[34]@type: A=act_barloop3, B=act_conversation_closed_loop, action_sets/action_set[69]/action[35]@animation: A=anim_barmaid_greeting, B=villager_walk_carry_backpack_idle, action_sets/action_set[69]/action[35]@type: A=act_greeting_front_1, B=act_conversation_confident_loop, action_sets/action_set[69]/action[36]@animation: A=anim_barmaid_greeting, B=villager_walk_carry_backpack_idle, action_sets/action_set[69]/action[36]@type: A=act_greeting_front_2, B=act_conversation_confident2_loop, action_sets/action_set[69]/action[37]@animation: A=anim_barmaid_greeting, B=villager_walk_carry_backpack_idle, action_sets/action_set[69]/action[37]@type: A=act_greeting_front_3, B=act_conversation_demure_loop, action_sets/action_set[69]/action[38]@animation: A=anim_barmaid_greeting, B=villager_walk_carry_backpack_idle, action_sets/action_set[69]/action[38]@type: A=act_greeting_front_4, B=act_conversation_nervous_loop, action_sets/action_set[69]/action[39]@animation: A=anim_barmaid_greeting_left, B=villager_walk_carry_backpack_idle, action_sets/action_set[69]/action[39]@type: A=act_greeting_left_1, B=act_conversation_weary_loop, action_sets/action_set[69]/action[40]@alternative_group: A=greeting_left_alt, B=stand_alt, action_sets/action_set[69]/action[40]@animation: A=anim_barmaid_greeting_left, B=villager_walk_carry_backpack_idle, action_sets/action_set[69]/action[40]@type: A=act_greeting_left_2, B=act_stand_1, action_sets/action_set[69]/action[41]@alternative_group: A=greeting_left_alt, B=stand_alt, action_sets/action_set[69]/action[41]@animation: A=anim_barmaid_greeting_left, B=villager_walk_carry_backpack_idle, action_sets/action_set[69]/action[41]@type: A=act_greeting_left_3, B=act_stand_2, action_sets/action_set[69]/action[42]@alternative_group: A=greeting_left_alt, B=stand_alt, action_sets/action_set[69]/action[42]@animation: A=anim_barmaid_greeting_left, B=villager_walk_carry_backpack_idle, action_sets/action_set[69]/action[42]@type: A=act_greeting_left_4, B=act_stand_3, action_sets/action_set[69]/action[43]@alternative_group: A=greeting_right_alt, B=stand_alt, action_sets/action_set[69]/action[43]@animation: A=anim_barmaid_greeting_right, B=villager_walk_carry_backpack_idle, action_sets/action_set[69]/action[43]@type: A=act_greeting_right_1, B=act_stand_4, action_sets/action_set[69]/action[44]@alternative_group: A=greeting_right_alt, B=stand_alt, action_sets/action_set[69]/action[44]@animation: A=anim_barmaid_greeting_right, B=villager_walk_carry_backpack_idle, action_sets/action_set[69]/action[44]@type: A=act_greeting_right_2, B=act_stand_5, action_sets/action_set[69]/action[45]@alternative_group: A=greeting_right_alt, B=stand_alt, action_sets/action_set[69]/action[45]@animation: A=anim_barmaid_greeting_right, B=villager_walk_carry_backpack_idle, action_sets/action_set[69]/action[45]@type: A=act_greeting_right_3, B=act_stand_6, action_sets/action_set[69]/action[46]@alternative_group: A=greeting_right_alt, B=stand_alt, action_sets/action_set[69]/action[46]@animation: A=anim_barmaid_greeting_right, B=villager_walk_carry_backpack_idle, action_sets/action_set[69]/action[46]@type: A=act_greeting_right_4, B=act_stand_7, action_sets/action_set[69]/action[47]@animation: A=anim_barmaid_serve, B=villager_walk_carry_backpack_idle, action_sets/action_set[69]/action[47]@type: A=act_barmaid_serve, B=act_stand_8, action_sets/action_set[69]/action[48]@animation: A=tavern_barmaid_conversation_a, B=villager_walk_carry_backpack_idle, action_sets/action_set[69]/action[48]@type: A=act_barmaid_serve_and_talk_to_customer, B=act_stand_9, action_sets/action_set[69]/action[49]@animation: A=tavern_barmaid_conversation_c_right, B=villager_walk_carry_backpack_idle, action_sets/action_set[69]/action[49]@type: A=act_barmaid_serve_and_talk_to_customer_right, B=act_stand_10, action_sets/action_set[69]/action[50]@animation: A=tavern_barmaid_and_customer_barmaid_a, B=villager_walk_carry_backpack_idle, action_sets/action_set[69]/action[50]@type: A=act_talk_to_tavern_keeper, B=act_customer_idle_1, action_sets/action_set[69]/action[51]@alternative_group: A=talk_to_alt, B=citizen_customer_alt, action_sets/action_set[69]/action[51]@animation: A=anim_barmaid_hangout_1, B=villager_walk_carry_backpack_idle, action_sets/action_set[69]/action[51]@type: A=act_talk_to_1, B=act_customer_idle_2, action_sets/action_set[69]/action[52]@alternative_group: A=talk_to_alt, B=citizen_customer_alt, action_sets/action_set[69]/action[52]@animation: A=anim_barmaid_hangout_2, B=villager_walk_carry_backpack_idle, action_sets/action_set[69]/action[52]@type: A=act_talk_to_2, B=act_customer_idle_3, action_sets/action_set[69]/action[53]@animation: A=anim_barmaid_hangout_3, B=villager_walk_carry_backpack_idle, action_sets/action_set[69]/action[53]@type: A=act_talk_to_3, B=act_cheer_1, action_sets/action_set[69]/action[54]@alternative_group: A=talk_to_alt, B=duel_spectator_alt, action_sets/action_set[69]/action[54]@animation: A=anim_barmaid_hangout_4, B=villager_walk_carry_backpack_idle, action_sets/action_set[69]/action[54]@type: A=act_talk_to_4, B=act_duel_spectator_1, action_sets/action_set[69]/action[55]@alternative_group: A=talk_to_alt, B=duel_spectator_alt, action_sets/action_set[69]/action[55]@animation: A=anim_barmaid_hangout_5, B=villager_walk_carry_backpack_idle, action_sets/action_set[69]/action[55]@type: A=act_talk_to_5, B=act_duel_spectator_2, action_sets/action_set[69]/action[56]@alternative_group: A=bar_talk_to_alt, B=duel_spectator_alt, action_sets/action_set[69]/action[56]@animation: A=anim_barmaid_barhangout_left, B=villager_walk_carry_backpack_idle, action_sets/action_set[69]/action[56]@type: A=act_bar_talk_to_1, B=act_duel_spectator_3, action_sets/action_set[69]/action[57]@alternative_group: A=bar_talk_to_alt, B=duel_spectator_alt, action_sets/action_set[69]/action[57]@animation: A=anim_barmaid_barhangout_left, B=villager_walk_carry_backpack_idle, action_sets/action_set[69]/action[57]@type: A=act_bar_talk_to_2, B=act_duel_spectator_4, action_sets/action_set[69]/action[58]@alternative_group: A=bar_talk_to_alt, B=scared_reaction, action_sets/action_set[69]/action[58]@animation: A=anim_barmaid_barhangout_left, B=villager_walk_carry_backpack_idle, action_sets/action_set[69]/action[58]@type: A=act_bar_talk_to_3, B=act_scared_reaction_1, action_sets/action_set[69]/action[59]@alternative_group: A=bar_talk_to_alt, B=scared_reaction, action_sets/action_set[69]/action[59]@animation: A=anim_barmaid_barhangout_left, B=villager_walk_carry_backpack_idle, action_sets/action_set[69]/action[59]@type: A=act_bar_talk_to_4, B=act_scared_reaction_2, action_sets/action_set[69]/action[60]@alternative_group: A=bar_talk_to_alt, B=scared_idle, action_sets/action_set[69]/action[60]@animation: A=anim_barmaid_barhangout_left, B=villager_walk_carry_backpack_idle, action_sets/action_set[69]/action[60]@type: A=act_bar_talk_to_5, B=act_scared_idle_1, action_sets/action_set[69]/action[61]@animation: A=anim_barmaid_hangout_1, B=villager_walk_carry_backpack_idle, action_sets/action_set[69]/action[61]@type: A=act_inspect_and_talk_to_right, B=act_scared_idle_2, action_sets/action_set[69]/action[62]@animation: A=anim_barmaid_hangout_4, B=villager_walk_carry_backpack_idle, action_sets/action_set[69]/action[62]@type: A=act_inspect_and_talk_to_left, B=act_scared_idle_3, action_sets/action_set[69]/action[63]@alternative_group: A=gossip_alt, B=talk_to_alt, action_sets/action_set[69]/action[63]@animation: A=anim_barmaid_hangout_5, B=anim_hangout_carry_back, action_sets/action_set[69]/action[63]@type: A=act_gossip, B=act_talk_to_1, action_sets/action_set[69]/action[64]@alternative_group: A=gossip_alt, B=talk_to_alt, action_sets/action_set[69]/action[64]@animation: A=anim_barmaid_hangout_4, B=anim_hangout_carry_back, action_sets/action_set[69]/action[64]@type: A=act_gossip_2, B=act_talk_to_2, action_sets/action_set[69]/action[65]@alternative_group: A=argue_alt, B=talk_to_alt, action_sets/action_set[69]/action[65]@animation: A=anim_barmaid_hangout_2, B=anim_hangout_carry_back, action_sets/action_set[69]/action[65]@type: A=act_argue, B=act_talk_to_3, action_sets/action_set[69]/action[66]@alternative_group: A=argue_alt, B=talk_to_alt, action_sets/action_set[69]/action[66]@animation: A=anim_barmaid_hangout_1, B=anim_hangout_carry_back, action_sets/action_set[69]/action[66]@type: A=act_argue_2, B=act_talk_to_4, action_sets/action_set[70]@base_set: A=as_human_female_barmaid, B=as_human_villager_with_backpack, action_sets/action_set[70]@id: A=as_human_barmaid, B=as_human_female_villager_with_backpack, action_sets/action_set[71]@id: A=as_human_tavern_keeper, B=as_human_villager_with_staff, action_sets/action_set[71]/action[0]@animation: A=anim_alley_idle, B=villager_walk_with_staff_idle, action_sets/action_set[71]/action[0]@type: A=act_stand_1, B=act_walk_idle_unarmed, action_sets/action_set[71]/action[1]@animation: A=anim_citizen_npc_male_3, B=villager_walk_with_staff, action_sets/action_set[71]/action[1]@type: A=act_stand_2, B=act_walk_forward_unarmed, action_sets/action_set[71]/action[2]@animation: A=anim_bartender_idle, B=villager_walk_with_staff, action_sets/action_set[71]/action[2]@type: A=act_stand_3, B=act_walk_right_unarmed, action_sets/action_set[71]/action[3]@animation: A=anim_bartender_idle, B=villager_walk_with_staff, action_sets/action_set[71]/action[3]@type: A=act_stand_4, B=act_walk_left_unarmed, action_sets/action_set[71]/action[4]@animation: A=anim_alley_idle, B=villager_walk_with_staff, action_sets/action_set[71]/action[4]@type: A=act_stand_5, B=act_walk_backward_unarmed, action_sets/action_set[71]/action[5]@animation: A=anim_citizen_npc_male_3, B=villager_walk_with_staff, action_sets/action_set[71]/action[5]@type: A=act_stand_6, B=act_walk_right_back_unarmed, action_sets/action_set[71]/action[6]@animation: A=anim_bartender_idle, B=villager_walk_with_staff, action_sets/action_set[71]/action[6]@type: A=act_stand_7, B=act_walk_left_back_unarmed, action_sets/action_set[71]/action[7]@animation: A=anim_bartender_idle, B=villager_walk_with_staff, action_sets/action_set[71]/action[7]@type: A=act_stand_8, B=act_walk_right_to_left_unarmed, action_sets/action_set[71]/action[8]@animation: A=anim_alley_idle, B=villager_walk_with_staff, action_sets/action_set[71]/action[8]@type: A=act_stand_9, B=act_walk_left_to_right_unarmed, action_sets/action_set[71]/action[9]@animation: A=anim_citizen_npc_male_3, B=villager_walk_with_staff_idle, action_sets/action_set[71]/action[9]@type: A=act_stand_10, B=act_walk_idle_unarmed_left_stance, action_sets/action_set[71]/action[10]@animation: A=tavern_barmaid_and_customer_customer_a, B=villager_walk_with_staff, action_sets/action_set[71]/action[10]@type: A=act_bartender_talk_to_tavern_maid, B=act_walk_forward_unarmed_left_stance, action_sets/action_set[71]/action[11]@animation: A=tavern_keeper_and_customer_keeper_a, B=villager_walk_with_staff, action_sets/action_set[71]/action[11]@type: A=act_bartender_talk_to_customer, B=act_walk_right_unarmed_left_stance, action_sets/action_set[71]/action[12]@animation: A=anim_bartender_hangout_1, B=villager_walk_with_staff, action_sets/action_set[71]/action[12]@type: A=act_talk_to_1, B=act_walk_left_unarmed_left_stance, action_sets/action_set[71]/action[13]@animation: A=anim_bartender_hangout_1, B=villager_walk_with_staff, action_sets/action_set[71]/action[13]@type: A=act_talk_to_2, B=act_walk_backward_unarmed_left_stance, action_sets/action_set[71]/action[14]@animation: A=anim_bartender_hangout_2, B=villager_walk_with_staff, action_sets/action_set[71]/action[14]@type: A=act_talk_to_3, B=act_walk_right_back_unarmed_left_stance, action_sets/action_set[71]/action[15]@animation: A=anim_bartender_hangout_2, B=villager_walk_with_staff, action_sets/action_set[71]/action[15]@type: A=act_talk_to_4, B=act_walk_left_back_unarmed_left_stance, action_sets/action_set[71]/action[16]@animation: A=anim_bartender_hangout_2, B=villager_walk_with_staff, action_sets/action_set[71]/action[16]@type: A=act_talk_to_5, B=act_walk_right_to_left_unarmed_left_stance, action_sets/action_set[72]@base_set: A=as_human_tavern_keeper, B=as_human_villager_with_staff, action_sets/action_set[72]@id: A=as_human_female_tavern_keeper, B=as_human_female_villager_with_staff, action_sets/action_set[73]@id: A=as_human_musician, B=as_human_villager_carry_on_shoulder, action_sets/action_set[73]/action[0]@animation: A=musician_idle_sitting_calm, B=villager_walk_carry_on_shoulder_idle, action_sets/action_set[73]/action[0]@type: A=act_sit_1, B=act_walk_idle_unarmed, action_sets/action_set[73]/action[1]@animation: A=anim_musician_start, B=villager_walk_carry_on_shoulder, action_sets/action_set[73]/action[1]@type: A=act_sitting_play_guitar_start, B=act_walk_forward_unarmed, action_sets/action_set[73]/action[2]@animation: A=anim_musician_play, B=villager_walk_carry_on_shoulder, action_sets/action_set[73]/action[2]@type: A=act_sitting_play_guitar_play, B=act_walk_right_unarmed, action_sets/action_set[73]/action[3]@animation: A=anim_musician_play_loop, B=villager_walk_carry_on_shoulder, action_sets/action_set[73]/action[3]@type: A=act_sitting_play_guitar_play_loop, B=act_walk_left_unarmed, action_sets/action_set[73]/action[4]@animation: A=anim_musician_end, B=villager_walk_carry_on_shoulder, action_sets/action_set[73]/action[4]@type: A=act_sitting_play_guitar_end, B=act_walk_backward_unarmed, action_sets/action_set[73]/action[5]@animation: A=anim_musician_start_stand, B=villager_walk_carry_on_shoulder, action_sets/action_set[73]/action[5]@type: A=act_play_guitar_start, B=act_walk_right_back_unarmed, action_sets/action_set[73]/action[6]@animation: A=anim_musician_play_stand, B=villager_walk_carry_on_shoulder, action_sets/action_set[73]/action[6]@type: A=act_play_guitar_play, B=act_walk_left_back_unarmed, action_sets/action_set[73]/action[7]@animation: A=anim_musician_play_loop_stand, B=villager_walk_carry_on_shoulder, action_sets/action_set[73]/action[7]@type: A=act_play_guitar_play_loop, B=act_walk_right_to_left_unarmed, action_sets/action_set[73]/action[8]@animation: A=anim_musician_end_stand, B=villager_walk_carry_on_shoulder, action_sets/action_set[73]/action[8]@type: A=act_play_guitar_end, B=act_walk_left_to_right_unarmed, action_sets/action_set[73]/action[9]@animation: A=anim_musician_idle_stand, B=villager_walk_carry_on_shoulder_idle, action_sets/action_set[73]/action[9]@type: A=act_play_guitar_idle, B=act_walk_idle_unarmed_left_stance, action_sets/action_set[73]/action[10]@animation: A=musician_equip_sitting, B=villager_walk_carry_on_shoulder, action_sets/action_set[73]/action[10]@type: A=act_musician_equip_sitting, B=act_walk_forward_unarmed_left_stance, action_sets/action_set[73]/action[11]@animation: A=musician_equip_stand, B=villager_walk_carry_on_shoulder, action_sets/action_set[73]/action[11]@type: A=act_musician_equip_stand, B=act_walk_right_unarmed_left_stance, action_sets/action_set[73]/action[12]@animation: A=musician_idle_sitting_calm, B=villager_walk_carry_on_shoulder, action_sets/action_set[73]/action[12]@type: A=act_musician_idle_sitting_calm, B=act_walk_left_unarmed_left_stance, action_sets/action_set[73]/action[13]@animation: A=musician_idle_sitting_active, B=villager_walk_carry_on_shoulder, action_sets/action_set[73]/action[13]@type: A=act_musician_idle_sitting_active, B=act_walk_backward_unarmed_left_stance, action_sets/action_set[73]/action[14]@animation: A=musician_idle_sitting_cheerful, B=villager_walk_carry_on_shoulder, action_sets/action_set[73]/action[14]@type: A=act_musician_idle_sitting_cheerful, B=act_walk_right_back_unarmed_left_stance, action_sets/action_set[73]/action[15]@animation: A=musician_idle_stand_calm, B=villager_walk_carry_on_shoulder, action_sets/action_set[73]/action[15]@type: A=act_musician_idle_stand_calm, B=act_walk_left_back_unarmed_left_stance, action_sets/action_set[73]/action[16]@animation: A=musician_idle_stand_active, B=villager_walk_carry_on_shoulder, action_sets/action_set[73]/action[16]@type: A=act_musician_idle_stand_active, B=act_walk_right_to_left_unarmed_left_stance, action_sets/action_set[73]/action[17]@animation: A=musician_idle_stand_cheerful, B=villager_walk_carry_on_shoulder, action_sets/action_set[73]/action[17]@type: A=act_musician_idle_stand_cheerful, B=act_walk_left_to_right_unarmed_left_stance, action_sets/action_set[73]/action[18]@animation: A=musician_celtic_harp_sitting_loop, B=villager_walk_carry_on_shoulder_idle, action_sets/action_set[73]/action[18]@type: A=act_play_celtic_harp_sitting, B=act_run_idle_unarmed, action_sets/action_set[73]/action[19]@animation: A=musician_celtic_harp_stand_loop, B=villager_walk_carry_on_shoulder_idle, action_sets/action_set[73]/action[19]@type: A=act_play_celtic_harp_stand, B=act_run_idle_unarmed_left_stance, action_sets/action_set[73]/action[20]@animation: A=musician_cornu_sitting_loop, B=villager_walk_carry_on_shoulder_idle, action_sets/action_set[73]/action[20]@type: A=act_play_cornu_sitting, B=act_conversation_normal_start, action_sets/action_set[73]/action[21]@animation: A=musician_cornu_stand_loop, B=villager_walk_carry_on_shoulder_idle, action_sets/action_set[73]/action[21]@type: A=act_play_cornu_stand, B=act_conversation_aggressive_start, action_sets/action_set[73]/action[22]@animation: A=musician_dombra_sitting_loop, B=villager_walk_carry_on_shoulder_idle, action_sets/action_set[73]/action[22]@type: A=act_play_dombra_sitting, B=act_conversation_warrior_start, action_sets/action_set[73]/action[23]@animation: A=musician_dombra_stand_loop, B=villager_walk_carry_on_shoulder_idle, action_sets/action_set[73]/action[23]@type: A=act_play_dombra_stand, B=act_conversation_hip_start, action_sets/action_set[73]/action[24]@animation: A=musician_flute_sitting_loop, B=villager_walk_carry_on_shoulder_idle, action_sets/action_set[73]/action[24]@type: A=act_play_flute_sitting, B=act_conversation_closed_start, action_sets/action_set[73]/action[25]@animation: A=musician_flute_stand_loop, B=villager_walk_carry_on_shoulder_idle, action_sets/action_set[73]/action[25]@type: A=act_play_flute_stand, B=act_conversation_confident_start, action_sets/action_set[73]/action[26]@animation: A=musician_hand_drum_bodhran_sitting_loop, B=villager_walk_carry_on_shoulder_idle, action_sets/action_set[73]/action[26]@type: A=act_play_bodhran_sitting, B=act_conversation_confident2_start, action_sets/action_set[73]/action[27]@animation: A=musician_hand_drum_bodhran_stand_loop, B=villager_walk_carry_on_shoulder_idle, action_sets/action_set[73]/action[27]@type: A=act_play_bodhran_stand, B=act_conversation_demure_start, action_sets/action_set[73]/action[28]@animation: A=musician_hurdygurdy_sitting_loop, B=villager_walk_carry_on_shoulder_idle, action_sets/action_set[73]/action[28]@type: A=act_play_hurdygurdy_sitting, B=act_conversation_nervous_start, action_sets/action_set[73]/action[29]@animation: A=musician_hurdygurdy_stand_loop, B=villager_walk_carry_on_shoulder_idle, action_sets/action_set[73]/action[29]@type: A=act_play_hurdygurdy_stand, B=act_conversation_weary_start, action_sets/action_set[73]/action[30]@animation: A=musician_kemane_sitting_loop, B=villager_walk_carry_on_shoulder_idle, action_sets/action_set[73]/action[30]@type: A=act_play_kemane_sitting, B=act_conversation_normal_loop, action_sets/action_set[73]/action[31]@animation: A=musician_kemane_stand_loop, B=villager_walk_carry_on_shoulder_idle, action_sets/action_set[73]/action[31]@type: A=act_play_kemane_stand, B=act_conversation_aggressive_loop, action_sets/action_set[73]/action[32]@animation: A=musician_khomus_sitting_loop, B=villager_walk_carry_on_shoulder_idle, action_sets/action_set[73]/action[32]@type: A=act_play_khomus_sitting, B=act_conversation_warrior_loop, action_sets/action_set[73]/action[33]@animation: A=musician_khomus_stand_loop, B=villager_walk_carry_on_shoulder_idle, action_sets/action_set[73]/action[33]@type: A=act_play_khomus_stand, B=act_conversation_hip_loop, action_sets/action_set[73]/action[34]@animation: A=musician_nay_sitting_loop, B=villager_walk_carry_on_shoulder_idle, action_sets/action_set[73]/action[34]@type: A=act_play_nay_sitting, B=act_conversation_closed_loop, action_sets/action_set[73]/action[35]@animation: A=musician_nay_stand_loop, B=villager_walk_carry_on_shoulder_idle, action_sets/action_set[73]/action[35]@type: A=act_play_nay_stand, B=act_conversation_confident_loop, action_sets/action_set[73]/action[36]@animation: A=musician_oud_sitting_loop, B=villager_walk_carry_on_shoulder_idle, action_sets/action_set[73]/action[36]@type: A=act_play_oud_sitting, B=act_conversation_confident2_loop, action_sets/action_set[73]/action[37]@animation: A=musician_oud_stand_loop, B=villager_walk_carry_on_shoulder_idle, action_sets/action_set[73]/action[37]@type: A=act_play_oud_stand, B=act_conversation_demure_loop, action_sets/action_set[73]/action[38]@animation: A=musician_vielle_sitting_loop, B=villager_walk_carry_on_shoulder_idle, action_sets/action_set[73]/action[38]@type: A=act_play_vielle_sitting, B=act_conversation_nervous_loop, action_sets/action_set[73]/action[39]@animation: A=musician_vielle_stand_loop, B=villager_walk_carry_on_shoulder_idle, action_sets/action_set[73]/action[39]@type: A=act_play_vielle_stand, B=act_conversation_weary_loop, action_sets/action_set[73]/action[40]@animation: A=anim_tavern_dance_norse, B=villager_walk_carry_on_shoulder_idle, action_sets/action_set[73]/action[40]@type: A=act_dance_norse, B=act_stand_1, action_sets/action_set[74]@base_set: A=as_human_musician, B=as_human_villager_carry_on_shoulder, action_sets/action_set[74]@id: A=as_human_female_musician, B=as_human_female_villager_carry_on_shoulder, action_sets/action_set[75]@base_set: A=as_human_female_villager, B=as_human_villager, action_sets/action_set[75]@id: A=as_human_female_dancer, B=as_human_villager_carry_axe, action_sets/action_set[75]/action[0]@animation: A=boss_walk_forward, B=villager_walk_carry_axe_idle, action_sets/action_set[75]/action[0]@type: A=act_walk_forward_unarmed, B=act_walk_idle_unarmed, action_sets/action_set[75]/action[1]@animation: A=boss_walk_forward, B=villager_walk_carry_axe, action_sets/action_set[75]/action[1]@type: A=act_walk_right_unarmed, B=act_walk_forward_unarmed, action_sets/action_set[75]/action[2]@animation: A=boss_walk_forward, B=villager_walk_carry_axe, action_sets/action_set[75]/action[2]@type: A=act_walk_left_unarmed, B=act_walk_right_unarmed, action_sets/action_set[75]/action[3]@animation: A=boss_walk_forward, B=villager_walk_carry_axe, action_sets/action_set[75]/action[3]@type: A=act_walk_backward_unarmed, B=act_walk_left_unarmed, action_sets/action_set[75]/action[4]@animation: A=boss_walk_forward, B=villager_walk_carry_axe, action_sets/action_set[75]/action[4]@type: A=act_walk_right_back_unarmed, B=act_walk_backward_unarmed, action_sets/action_set[75]/action[5]@animation: A=boss_walk_forward, B=villager_walk_carry_axe, action_sets/action_set[75]/action[5]@type: A=act_walk_left_back_unarmed, B=act_walk_right_back_unarmed, action_sets/action_set[75]/action[6]@animation: A=boss_walk_forward, B=villager_walk_carry_axe, action_sets/action_set[75]/action[6]@type: A=act_walk_right_to_left_unarmed, B=act_walk_left_back_unarmed, action_sets/action_set[75]/action[7]@animation: A=boss_walk_forward, B=villager_walk_carry_axe, action_sets/action_set[75]/action[7]@type: A=act_walk_left_to_right_unarmed, B=act_walk_right_to_left_unarmed, action_sets/action_set[75]/action[8]@animation: A=boss_walk_forward, B=villager_walk_carry_axe, action_sets/action_set[75]/action[8]@type: A=act_walk_forward_unarmed_left_stance, B=act_walk_left_to_right_unarmed, action_sets/action_set[75]/action[9]@animation: A=boss_walk_forward, B=villager_walk_carry_axe_idle, action_sets/action_set[75]/action[9]@type: A=act_walk_right_unarmed_left_stance, B=act_walk_idle_unarmed_left_stance, action_sets/action_set[75]/action[10]@animation: A=boss_walk_forward, B=villager_walk_carry_axe, action_sets/action_set[75]/action[10]@type: A=act_walk_left_unarmed_left_stance, B=act_walk_forward_unarmed_left_stance, action_sets/action_set[75]/action[11]@animation: A=boss_walk_forward, B=villager_walk_carry_axe, action_sets/action_set[75]/action[11]@type: A=act_walk_backward_unarmed_left_stance, B=act_walk_right_unarmed_left_stance, action_sets/action_set[75]/action[12]@animation: A=boss_walk_forward, B=villager_walk_carry_axe, action_sets/action_set[75]/action[12]@type: A=act_walk_right_back_unarmed_left_stance, B=act_walk_left_unarmed_left_stance, action_sets/action_set[75]/action[13]@animation: A=boss_walk_forward, B=villager_walk_carry_axe, action_sets/action_set[75]/action[13]@type: A=act_walk_left_back_unarmed_left_stance, B=act_walk_backward_unarmed_left_stance, action_sets/action_set[75]/action[14]@animation: A=boss_walk_forward, B=villager_walk_carry_axe, action_sets/action_set[75]/action[14]@type: A=act_walk_right_to_left_unarmed_left_stance, B=act_walk_right_back_unarmed_left_stance, action_sets/action_set[75]/action[15]@animation: A=boss_walk_forward, B=villager_walk_carry_axe, action_sets/action_set[75]/action[15]@type: A=act_walk_left_to_right_unarmed_left_stance, B=act_walk_left_back_unarmed_left_stance, action_sets/action_set[75]/action[16]@animation: A=anim_tavern_dance_norse, B=villager_walk_carry_axe, action_sets/action_set[75]/action[16]@type: A=act_dance_norse, B=act_walk_right_to_left_unarmed_left_stance, action_sets/action_set[75]/action[17]@animation: A=musician_equip_sitting, B=villager_walk_carry_axe, action_sets/action_set[75]/action[17]@type: A=act_musician_equip_sitting, B=act_walk_left_to_right_unarmed_left_stance, action_sets/action_set[75]/action[18]@animation: A=musician_equip_stand, B=villager_walk_carry_axe_idle, action_sets/action_set[75]/action[18]@type: A=act_musician_equip_stand, B=act_run_idle_unarmed, action_sets/action_set[75]/action[19]@animation: A=musician_idle_sitting_calm, B=villager_walk_carry_axe_idle, action_sets/action_set[75]/action[19]@type: A=act_musician_idle_sitting_calm, B=act_run_idle_unarmed_left_stance, action_sets/action_set[75]/action[20]@animation: A=musician_idle_sitting_active, B=villager_walk_carry_axe_idle, action_sets/action_set[75]/action[20]@type: A=act_musician_idle_sitting_active, B=act_walk_idle_1h, action_sets/action_set[75]/action[21]@animation: A=musician_idle_sitting_cheerful, B=villager_walk_carry_axe, action_sets/action_set[75]/action[21]@type: A=act_musician_idle_sitting_cheerful, B=act_walk_forward_1h, action_sets/action_set[75]/action[22]@animation: A=musician_idle_stand_calm, B=villager_walk_carry_axe, action_sets/action_set[75]/action[22]@type: A=act_musician_idle_stand_calm, B=act_walk_right_1h, action_sets/action_set[75]/action[23]@animation: A=musician_idle_stand_active, B=villager_walk_carry_axe, action_sets/action_set[75]/action[23]@type: A=act_musician_idle_stand_active, B=act_walk_left_1h, action_sets/action_set[75]/action[24]@animation: A=musician_idle_stand_cheerful, B=villager_walk_carry_axe, action_sets/action_set[75]/action[24]@type: A=act_musician_idle_stand_cheerful, B=act_walk_backward_1h, action_sets/action_set[76]@base_set: A=as_human_female_dancer, B=as_human_villager_carry_axe, action_sets/action_set[76]@id: A=as_human_dancer, B=as_human_female_villager_carry_axe, action_sets/action_set[77]@id: A=as_human_beggar, B=as_human_villager_carry_right_side, action_sets/action_set[77]/action[0]@animation: A=anim_beggar_idle3, B=villager_walk_carry_right_side_idle, action_sets/action_set[77]/action[1]@animation: A=beggar_walk_forward, B=villager_walk_carry_right_side, action_sets/action_set[77]/action[2]@animation: A=beggar_walk_forward, B=villager_walk_carry_right_side, action_sets/action_set[77]/action[3]@animation: A=beggar_walk_forward, B=villager_walk_carry_right_side, action_sets/action_set[77]/action[4]@animation: A=beggar_walk_forward, B=villager_walk_carry_right_side, action_sets/action_set[77]/action[5]@animation: A=beggar_walk_forward, B=villager_walk_carry_right_side, action_sets/action_set[77]/action[6]@animation: A=beggar_walk_forward, B=villager_walk_carry_right_side, action_sets/action_set[77]/action[7]@animation: A=beggar_walk_forward, B=villager_walk_carry_right_side, action_sets/action_set[77]/action[8]@animation: A=beggar_walk_forward, B=villager_walk_carry_right_side, action_sets/action_set[77]/action[9]@animation: A=anim_beggar_conversation, B=villager_walk_carry_right_side_idle, action_sets/action_set[77]/action[9]@type: A=act_conversation_normal_start, B=act_walk_idle_unarmed_left_stance, action_sets/action_set[77]/action[10]@animation: A=anim_beggar_conversation, B=villager_walk_carry_right_side, action_sets/action_set[77]/action[10]@type: A=act_conversation_normal_loop, B=act_walk_forward_unarmed_left_stance, action_sets/action_set[77]/action[11]@animation: A=anim_beggar_sitting_idle, B=villager_walk_carry_right_side, action_sets/action_set[77]/action[11]@type: A=act_conversation_sit_floor_loop, B=act_walk_right_unarmed_left_stance, action_sets/action_set[77]/action[12]@animation: A=anim_beggar_idle, B=villager_walk_carry_right_side, action_sets/action_set[77]/action[12]@type: A=act_stand_1, B=act_walk_left_unarmed_left_stance, action_sets/action_set[77]/action[13]@animation: A=anim_beggar_idle2, B=villager_walk_carry_right_side, action_sets/action_set[77]/action[13]@type: A=act_stand_2, B=act_walk_backward_unarmed_left_stance, action_sets/action_set[77]/action[14]@animation: A=anim_beggar_idle3, B=villager_walk_carry_right_side, action_sets/action_set[77]/action[14]@type: A=act_stand_3, B=act_walk_right_back_unarmed_left_stance, action_sets/action_set[77]/action[15]@animation: A=anim_beggar_idle2, B=villager_walk_carry_right_side, action_sets/action_set[77]/action[15]@type: A=act_stand_4, B=act_walk_left_back_unarmed_left_stance, action_sets/action_set[77]/action[16]@animation: A=anim_beggar_idle, B=villager_walk_carry_right_side, action_sets/action_set[77]/action[16]@type: A=act_stand_5, B=act_walk_right_to_left_unarmed_left_stance, action_sets/action_set[77]/action[17]@animation: A=anim_beggar_idle3, B=villager_walk_carry_right_side, action_sets/action_set[77]/action[17]@type: A=act_stand_6, B=act_walk_left_to_right_unarmed_left_stance, action_sets/action_set[77]/action[18]@animation: A=anim_beggar_idle2, B=villager_walk_carry_right_side_idle, action_sets/action_set[77]/action[18]@type: A=act_stand_7, B=act_run_idle_unarmed, action_sets/action_set[77]/action[19]@animation: A=anim_beggar_idle, B=villager_walk_carry_right_side_idle, action_sets/action_set[77]/action[19]@type: A=act_stand_8, B=act_run_idle_unarmed_left_stance, action_sets/action_set[77]/action[20]@animation: A=anim_beggar_idle3, B=villager_walk_carry_right_side_idle, action_sets/action_set[77]/action[20]@type: A=act_stand_9, B=act_conversation_normal_start, action_sets/action_set[77]/action[21]@animation: A=anim_beggar_idle2, B=villager_walk_carry_right_side_idle, action_sets/action_set[77]/action[21]@type: A=act_stand_10, B=act_conversation_aggressive_start, action_sets/action_set[77]/action[22]@animation: A=anim_beggar_idle3, B=villager_walk_carry_right_side_idle, action_sets/action_set[77]/action[22]@type: A=act_walk_idle_unarmed_left_stance, B=act_conversation_warrior_start, action_sets/action_set[77]/action[23]@animation: A=beggar_walk_forward, B=villager_walk_carry_right_side_idle, action_sets/action_set[77]/action[23]@type: A=act_walk_forward_unarmed_left_stance, B=act_conversation_hip_start, action_sets/action_set[77]/action[24]@animation: A=beggar_walk_forward, B=villager_walk_carry_right_side_idle, action_sets/action_set[77]/action[24]@type: A=act_walk_right_unarmed_left_stance, B=act_conversation_closed_start, action_sets/action_set[77]/action[25]@animation: A=beggar_walk_forward, B=villager_walk_carry_right_side_idle, action_sets/action_set[77]/action[25]@type: A=act_walk_left_unarmed_left_stance, B=act_conversation_confident_start, action_sets/action_set[77]/action[26]@animation: A=beggar_walk_forward, B=villager_walk_carry_right_side_idle, action_sets/action_set[77]/action[26]@type: A=act_walk_backward_unarmed_left_stance, B=act_conversation_confident2_start, action_sets/action_set[77]/action[27]@animation: A=beggar_walk_forward, B=villager_walk_carry_right_side_idle, action_sets/action_set[77]/action[27]@type: A=act_walk_right_back_unarmed_left_stance, B=act_conversation_demure_start, action_sets/action_set[77]/action[28]@animation: A=beggar_walk_forward, B=villager_walk_carry_right_side_idle, action_sets/action_set[77]/action[28]@type: A=act_walk_left_back_unarmed_left_stance, B=act_conversation_nervous_start, action_sets/action_set[77]/action[29]@animation: A=beggar_walk_forward, B=villager_walk_carry_right_side_idle, action_sets/action_set[77]/action[29]@type: A=act_walk_right_to_left_unarmed_left_stance, B=act_conversation_weary_start, action_sets/action_set[77]/action[30]@animation: A=beggar_walk_forward, B=villager_walk_carry_right_side_idle, action_sets/action_set[77]/action[30]@type: A=act_walk_left_to_right_unarmed_left_stance, B=act_conversation_normal_loop, action_sets/action_set[78]@base_set: A=as_human_beggar, B=as_human_villager_carry_right_side, action_sets/action_set[78]@id: A=as_human_female_beggar, B=as_human_female_villager_carry_right_side, action_sets/action_set[79]@id: A=as_human_guard, B=as_human_villager_carry_front_v2, action_sets/action_set[79]/action[0]@animation: A=guard_idle_crossedarms, B=villager_walk_carry_front_v2_idle, action_sets/action_set[79]/action[1]@animation: A=guard_idle_crossedarms, B=villager_walk_carry_front_v2, action_sets/action_set[79]/action[1]@type: A=act_walk_idle_unarmed_left_stance, B=act_walk_forward_unarmed, action_sets/action_set[79]/action[2]@animation: A=guard_idle_spear_to_lord, B=villager_walk_carry_front_v2, action_sets/action_set[79]/action[2]@type: A=act_guard_idle_spear_to_lord, B=act_walk_right_unarmed, action_sets/action_set[79]/action[3]@animation: A=guard_idle_spear_from_lord, B=villager_walk_carry_front_v2, action_sets/action_set[79]/action[3]@type: A=act_guard_idle_spear_from_lord, B=act_walk_left_unarmed, action_sets/action_set[79]/action[4]@animation: A=guard_idle_spear_lordloop, B=villager_walk_carry_front_v2, action_sets/action_set[79]/action[4]@type: A=act_guard_idle_spear_lord_loop, B=act_walk_backward_unarmed, action_sets/action_set[79]/action[5]@animation: A=anim_hangout_idle_axe, B=villager_walk_carry_front_v2, action_sets/action_set[79]/action[5]@type: A=act_talk_to_1, B=act_walk_right_back_unarmed, action_sets/action_set[79]/action[6]@animation: A=anim_hangout_idle_axe, B=villager_walk_carry_front_v2, action_sets/action_set[79]/action[6]@type: A=act_talk_to_2, B=act_walk_left_back_unarmed, action_sets/action_set[79]/action[7]@animation: A=anim_hangout_idle_axe, B=villager_walk_carry_front_v2, action_sets/action_set[79]/action[7]@type: A=act_talk_to_3, B=act_walk_right_to_left_unarmed, action_sets/action_set[79]/action[8]@animation: A=anim_hangout_idle_axe, B=villager_walk_carry_front_v2, action_sets/action_set[79]/action[8]@type: A=act_talk_to_4, B=act_walk_left_to_right_unarmed, action_sets/action_set[79]/action[9]@animation: A=anim_hangout_idle_axe, B=villager_walk_carry_front_v2_idle, action_sets/action_set[79]/action[9]@type: A=act_talk_to_5, B=act_walk_idle_unarmed_left_stance, action_sets/action_set[79]/action[10]@animation: A=anim_hangout_tavern_facingright_drink, B=villager_walk_carry_front_v2, action_sets/action_set[79]/action[10]@type: A=act_sit_talk_to_right_1, B=act_walk_forward_unarmed_left_stance, action_sets/action_set[79]/action[11]@animation: A=anim_hangout_tavern_facingleft_drink, B=villager_walk_carry_front_v2, action_sets/action_set[79]/action[11]@type: A=act_sit_talk_to_left_1, B=act_walk_right_unarmed_left_stance, action_sets/action_set[79]/action[12]@animation: A=guard_idle_1, B=villager_walk_carry_front_v2, action_sets/action_set[79]/action[12]@type: A=act_guard_idle_spear, B=act_walk_left_unarmed_left_stance, action_sets/action_set[79]/action[13]@animation: A=guard_idle_1, B=villager_walk_carry_front_v2, action_sets/action_set[79]/action[13]@type: A=act_guard_stand_1, B=act_walk_backward_unarmed_left_stance, action_sets/action_set[79]/action[14]@animation: A=guard_idle_2, B=villager_walk_carry_front_v2, action_sets/action_set[79]/action[14]@type: A=act_guard_stand_2, B=act_walk_right_back_unarmed_left_stance, action_sets/action_set[79]/action[15]@animation: A=guard_idle_3, B=villager_walk_carry_front_v2, action_sets/action_set[79]/action[15]@type: A=act_guard_stand_3, B=act_walk_left_back_unarmed_left_stance, action_sets/action_set[79]/action[16]@animation: A=guard_idle_4, B=villager_walk_carry_front_v2, action_sets/action_set[79]/action[16]@type: A=act_guard_stand_4, B=act_walk_right_to_left_unarmed_left_stance, action_sets/action_set[79]/action[17]@animation: A=guard_idle_5, B=villager_walk_carry_front_v2, action_sets/action_set[79]/action[17]@type: A=act_guard_stand_5, B=act_walk_left_to_right_unarmed_left_stance, action_sets/action_set[79]/action[18]@animation: A=guard_idle_6, B=villager_walk_carry_front_v2_idle, action_sets/action_set[79]/action[18]@type: A=act_guard_stand_6, B=act_run_idle_unarmed, action_sets/action_set[79]/action[19]@animation: A=guard_idle_7, B=villager_walk_carry_front_v2_idle, action_sets/action_set[79]/action[19]@type: A=act_guard_stand_7, B=act_run_idle_unarmed_left_stance, action_sets/action_set[79]/action[20]@animation: A=guard_idle_8, B=villager_walk_carry_front_v2_idle, action_sets/action_set[79]/action[20]@type: A=act_guard_stand_8, B=act_conversation_normal_start, action_sets/action_set[79]/action[21]@animation: A=guard_idle_9, B=villager_walk_carry_front_v2_idle, action_sets/action_set[79]/action[21]@type: A=act_guard_stand_9, B=act_conversation_aggressive_start, action_sets/action_set[80]@base_set: A=as_human_guard, B=as_human_villager_carry_front_v2, action_sets/action_set[80]@id: A=as_human_female_guard, B=as_human_female_villager_carry_front_v2, action_sets/action_set[81]@base_set: A=as_human_guard, B=as_human_villager, action_sets/action_set[81]@id: A=as_human_unarmed_guard, B=as_human_villager_carry_front, action_sets/action_set[81]/action[0]@animation: A=stand_1, B=villager_walk_carry_front_idle, action_sets/action_set[81]/action[0]@type: A=act_stand_1, B=act_walk_idle_unarmed, action_sets/action_set[81]/action[1]@animation: A=stand_2, B=villager_walk_carry_front, action_sets/action_set[81]/action[1]@type: A=act_stand_2, B=act_walk_forward_unarmed, action_sets/action_set[81]/action[2]@animation: A=stand_3, B=villager_walk_carry_front, action_sets/action_set[81]/action[2]@type: A=act_stand_3, B=act_walk_right_unarmed, action_sets/action_set[81]/action[3]@animation: A=stand_4, B=villager_walk_carry_front, action_sets/action_set[81]/action[3]@type: A=act_stand_4, B=act_walk_left_unarmed, action_sets/action_set[81]/action[4]@animation: A=stand_5, B=villager_walk_carry_front, action_sets/action_set[81]/action[4]@type: A=act_stand_5, B=act_walk_backward_unarmed, action_sets/action_set[81]/action[5]@animation: A=stand_6, B=villager_walk_carry_front, action_sets/action_set[81]/action[5]@type: A=act_stand_6, B=act_walk_right_back_unarmed, action_sets/action_set[81]/action[6]@animation: A=stand_7, B=villager_walk_carry_front, action_sets/action_set[81]/action[6]@type: A=act_stand_7, B=act_walk_left_back_unarmed, action_sets/action_set[81]/action[7]@animation: A=stand_8, B=villager_walk_carry_front, action_sets/action_set[81]/action[7]@type: A=act_stand_8, B=act_walk_right_to_left_unarmed, action_sets/action_set[81]/action[8]@animation: A=stand_9, B=villager_walk_carry_front, action_sets/action_set[81]/action[8]@type: A=act_stand_9, B=act_walk_left_to_right_unarmed, action_sets/action_set[81]/action[9]@animation: A=stand_10, B=villager_walk_carry_front_idle, action_sets/action_set[81]/action[9]@type: A=act_stand_10, B=act_walk_idle_unarmed_left_stance, action_sets/action_set[81]/action[10]@animation: A=anim_hangout_idle_7, B=villager_walk_carry_front, action_sets/action_set[81]/action[10]@type: A=act_talk_to_1, B=act_walk_forward_unarmed_left_stance, action_sets/action_set[81]/action[11]@animation: A=anim_lord_hangout_1, B=villager_walk_carry_front, action_sets/action_set[81]/action[11]@type: A=act_talk_to_2, B=act_walk_right_unarmed_left_stance, action_sets/action_set[81]/action[12]@animation: A=anim_lord_hangout_2, B=villager_walk_carry_front, action_sets/action_set[81]/action[12]@type: A=act_talk_to_3, B=act_walk_left_unarmed_left_stance, action_sets/action_set[81]/action[13]@animation: A=anim_hangout_idle_8, B=villager_walk_carry_front, action_sets/action_set[81]/action[13]@type: A=act_talk_to_4, B=act_walk_backward_unarmed_left_stance, action_sets/action_set[81]/action[14]@animation: A=anim_hangout_idle_8, B=villager_walk_carry_front, action_sets/action_set[81]/action[14]@type: A=act_talk_to_5, B=act_walk_right_back_unarmed_left_stance, action_sets/action_set[82]@base_set: A=as_human_unarmed_guard, B=as_human_villager_carry_front, action_sets/action_set[82]@id: A=as_human_female_unarmed_guard, B=as_human_female_villager_carry_front, action_sets/action_set[83]@id: A=as_human_villager_with_backpack, B=as_human_villager_carry_right_hand, action_sets/action_set[83]/action[0]@animation: A=villager_walk_carry_backpack_idle, B=villager_walk_carry_right_hand_idle, action_sets/action_set[83]/action[1]@animation: A=villager_walk_carry_backpack, B=villager_walk_carry_right_hand, action_sets/action_set[83]/action[2]@animation: A=villager_walk_carry_backpack, B=villager_walk_carry_right_hand, action_sets/action_set[83]/action[3]@animation: A=villager_walk_carry_backpack, B=villager_walk_carry_right_hand, action_sets/action_set[83]/action[4]@animation: A=villager_walk_carry_backpack, B=villager_walk_carry_right_hand, action_sets/action_set[83]/action[5]@animation: A=villager_walk_carry_backpack, B=villager_walk_carry_right_hand, action_sets/action_set[83]/action[6]@animation: A=villager_walk_carry_backpack, B=villager_walk_carry_right_hand, action_sets/action_set[83]/action[7]@animation: A=villager_walk_carry_backpack, B=villager_walk_carry_right_hand, action_sets/action_set[83]/action[8]@animation: A=villager_walk_carry_backpack, B=villager_walk_carry_right_hand, action_sets/action_set[83]/action[9]@animation: A=villager_walk_carry_backpack_idle, B=villager_walk_carry_right_hand_idle, action_sets/action_set[83]/action[10]@animation: A=villager_walk_carry_backpack, B=villager_walk_carry_right_hand, action_sets/action_set[83]/action[11]@animation: A=villager_walk_carry_backpack, B=villager_walk_carry_right_hand, action_sets/action_set[83]/action[12]@animation: A=villager_walk_carry_backpack, B=villager_walk_carry_right_hand, action_sets/action_set[83]/action[13]@animation: A=villager_walk_carry_backpack, B=villager_walk_carry_right_hand, action_sets/action_set[83]/action[14]@animation: A=villager_walk_carry_backpack, B=villager_walk_carry_right_hand, action_sets/action_set[83]/action[15]@animation: A=villager_walk_carry_backpack, B=villager_walk_carry_right_hand, action_sets/action_set[83]/action[16]@animation: A=villager_walk_carry_backpack, B=villager_walk_carry_right_hand, action_sets/action_set[83]/action[17]@animation: A=villager_walk_carry_backpack, B=villager_walk_carry_right_hand, action_sets/action_set[83]/action[18]@animation: A=villager_walk_carry_backpack_idle, B=villager_walk_carry_right_hand_idle, action_sets/action_set[83]/action[19]@animation: A=villager_walk_carry_backpack_idle, B=villager_walk_carry_right_hand_idle, action_sets/action_set[83]/action[20]@animation: A=villager_walk_carry_backpack_idle, B=villager_walk_carry_right_hand_idle, action_sets/action_set[83]/action[21]@animation: A=villager_walk_carry_backpack_idle, B=villager_walk_carry_right_hand_idle, action_sets/action_set[83]/action[22]@animation: A=villager_walk_carry_backpack_idle, B=villager_walk_carry_right_hand_idle, action_sets/action_set[83]/action[23]@animation: A=villager_walk_carry_backpack_idle, B=villager_walk_carry_right_hand_idle, action_sets/action_set[83]/action[24]@animation: A=villager_walk_carry_backpack_idle, B=villager_walk_carry_right_hand_idle, action_sets/action_set[83]/action[25]@animation: A=villager_walk_carry_backpack_idle, B=villager_walk_carry_right_hand_idle, action_sets/action_set[83]/action[26]@animation: A=villager_walk_carry_backpack_idle, B=villager_walk_carry_right_hand_idle, action_sets/action_set[83]/action[27]@animation: A=villager_walk_carry_backpack_idle, B=villager_walk_carry_right_hand_idle, action_sets/action_set[83]/action[28]@animation: A=villager_walk_carry_backpack_idle, B=villager_walk_carry_right_hand_idle, action_sets/action_set[83]/action[29]@animation: A=villager_walk_carry_backpack_idle, B=villager_walk_carry_right_hand_idle, action_sets/action_set[83]/action[30]@animation: A=villager_walk_carry_backpack_idle, B=villager_walk_carry_right_hand_idle, action_sets/action_set[83]/action[31]@animation: A=villager_walk_carry_backpack_idle, B=villager_walk_carry_right_hand_idle, action_sets/action_set[83]/action[32]@animation: A=villager_walk_carry_backpack_idle, B=villager_walk_carry_right_hand_idle, action_sets/action_set[83]/action[33]@animation: A=villager_walk_carry_backpack_idle, B=villager_walk_carry_right_hand_idle, action_sets/action_set[83]/action[34]@animation: A=villager_walk_carry_backpack_idle, B=villager_walk_carry_right_hand_idle, action_sets/action_set[83]/action[35]@animation: A=villager_walk_carry_backpack_idle, B=villager_walk_carry_right_hand_idle, action_sets/action_set[83]/action[36]@animation: A=villager_walk_carry_backpack_idle, B=villager_walk_carry_right_hand_idle, action_sets/action_set[83]/action[37]@animation: A=villager_walk_carry_backpack_idle, B=villager_walk_carry_right_hand_idle, action_sets/action_set[83]/action[38]@animation: A=villager_walk_carry_backpack_idle, B=villager_walk_carry_right_hand_idle, action_sets/action_set[83]/action[39]@animation: A=villager_walk_carry_backpack_idle, B=villager_walk_carry_right_hand_idle, action_sets/action_set[83]/action[40]@animation: A=villager_walk_carry_backpack_idle, B=villager_walk_carry_right_hand_idle, action_sets/action_set[83]/action[41]@animation: A=villager_walk_carry_backpack_idle, B=villager_walk_carry_right_hand_idle, action_sets/action_set[83]/action[42]@animation: A=villager_walk_carry_backpack_idle, B=villager_walk_carry_right_hand_idle, action_sets/action_set[83]/action[43]@animation: A=villager_walk_carry_backpack_idle, B=villager_walk_carry_right_hand_idle, action_sets/action_set[83]/action[44]@animation: A=villager_walk_carry_backpack_idle, B=villager_walk_carry_right_hand_idle, action_sets/action_set[83]/action[45]@animation: A=villager_walk_carry_backpack_idle, B=villager_walk_carry_right_hand_idle, action_sets/action_set[83]/action[46]@animation: A=villager_walk_carry_backpack_idle, B=villager_walk_carry_right_hand_idle, action_sets/action_set[83]/action[47]@animation: A=villager_walk_carry_backpack_idle, B=villager_walk_carry_right_hand_idle, action_sets/action_set[83]/action[48]@animation: A=villager_walk_carry_backpack_idle, B=villager_walk_carry_right_hand_idle, action_sets/action_set[83]/action[49]@animation: A=villager_walk_carry_backpack_idle, B=villager_walk_carry_right_hand_idle, action_sets/action_set[83]/action[50]@animation: A=villager_walk_carry_backpack_idle, B=villager_walk_carry_right_hand_idle, action_sets/action_set[83]/action[51]@animation: A=villager_walk_carry_backpack_idle, B=villager_walk_carry_right_hand_idle, action_sets/action_set[83]/action[52]@animation: A=villager_walk_carry_backpack_idle, B=villager_walk_carry_right_hand_idle, action_sets/action_set[83]/action[53]@animation: A=villager_walk_carry_backpack_idle, B=villager_walk_carry_right_hand_idle, action_sets/action_set[83]/action[54]@animation: A=villager_walk_carry_backpack_idle, B=villager_walk_carry_right_hand_idle, action_sets/action_set[83]/action[55]@animation: A=villager_walk_carry_backpack_idle, B=villager_walk_carry_right_hand_idle, action_sets/action_set[83]/action[56]@animation: A=villager_walk_carry_backpack_idle, B=villager_walk_carry_right_hand_idle, action_sets/action_set[83]/action[57]@animation: A=villager_walk_carry_backpack_idle, B=villager_walk_carry_right_hand_idle, action_sets/action_set[83]/action[58]@animation: A=villager_walk_carry_backpack_idle, B=villager_walk_carry_right_hand_idle, action_sets/action_set[83]/action[59]@animation: A=villager_walk_carry_backpack_idle, B=villager_walk_carry_right_hand_idle, action_sets/action_set[83]/action[60]@animation: A=villager_walk_carry_backpack_idle, B=villager_walk_carry_right_hand_idle, action_sets/action_set[83]/action[61]@animation: A=villager_walk_carry_backpack_idle, B=villager_walk_carry_right_hand_idle, action_sets/action_set[83]/action[62]@animation: A=villager_walk_carry_backpack_idle, B=villager_walk_carry_right_hand_idle, action_sets/action_set[83]/action[63]@alternative_group: A=talk_to_alt, B=greeting_front_alt, action_sets/action_set[83]/action[63]@animation: A=anim_hangout_carry_back, B=anim_greeting_right_hand, action_sets/action_set[83]/action[63]@type: A=act_talk_to_1, B=act_greeting_front_1, action_sets/action_set[83]/action[64]@alternative_group: A=talk_to_alt, B=greeting_front_alt, action_sets/action_set[83]/action[64]@animation: A=anim_hangout_carry_back, B=anim_greeting_right_hand, action_sets/action_set[83]/action[64]@type: A=act_talk_to_2, B=act_greeting_front_2, action_sets/action_set[83]/action[65]@alternative_group: A=talk_to_alt, B=greeting_front_alt, action_sets/action_set[83]/action[65]@animation: A=anim_hangout_carry_back, B=anim_greeting_right_hand, action_sets/action_set[83]/action[65]@type: A=act_talk_to_3, B=act_greeting_front_3, action_sets/action_set[83]/action[66]@alternative_group: A=talk_to_alt, B=greeting_front_alt, action_sets/action_set[83]/action[66]@animation: A=anim_hangout_carry_back, B=anim_greeting_right_hand, action_sets/action_set[83]/action[66]@type: A=act_talk_to_4, B=act_greeting_front_4, action_sets/action_set[83]/action[67]@alternative_group: A=talk_to_alt, B=greeting_left_alt, action_sets/action_set[83]/action[67]@animation: A=anim_hangout_carry_back, B=anim_greeting_right_hand, action_sets/action_set[83]/action[67]@type: A=act_talk_to_5, B=act_greeting_left_1, action_sets/action_set[83]/action[68]@alternative_group: A=greeting_front_alt, B=greeting_left_alt, action_sets/action_set[83]/action[68]@animation: A=anim_greeting_carry_back, B=anim_greeting_right_hand, action_sets/action_set[83]/action[68]@type: A=act_greeting_front_1, B=act_greeting_left_2, action_sets/action_set[83]/action[69]@alternative_group: A=greeting_front_alt, B=greeting_left_alt, action_sets/action_set[83]/action[69]@animation: A=anim_greeting_carry_back, B=anim_greeting_right_hand, action_sets/action_set[83]/action[69]@type: A=act_greeting_front_2, B=act_greeting_left_3, action_sets/action_set[83]/action[70]@alternative_group: A=greeting_front_alt, B=greeting_left_alt, action_sets/action_set[83]/action[70]@animation: A=anim_greeting_carry_back, B=anim_greeting_right_hand, action_sets/action_set[83]/action[70]@type: A=act_greeting_front_3, B=act_greeting_left_4, action_sets/action_set[83]/action[71]@alternative_group: A=greeting_front_alt, B=greeting_right_alt, action_sets/action_set[83]/action[71]@animation: A=anim_greeting_carry_back, B=anim_greeting_right_hand, action_sets/action_set[83]/action[71]@type: A=act_greeting_front_4, B=act_greeting_right_1, action_sets/action_set[83]/action[72]@alternative_group: A=greeting_left_alt, B=greeting_right_alt, action_sets/action_set[83]/action[72]@animation: A=anim_greeting_carry_back, B=anim_greeting_right_hand, action_sets/action_set[83]/action[72]@type: A=act_greeting_left_1, B=act_greeting_right_2, action_sets/action_set[83]/action[73]@alternative_group: A=greeting_left_alt, B=greeting_right_alt, action_sets/action_set[83]/action[73]@animation: A=anim_greeting_carry_back, B=anim_greeting_right_hand, action_sets/action_set[83]/action[73]@type: A=act_greeting_left_2, B=act_greeting_right_3, action_sets/action_set[83]/action[74]@alternative_group: A=greeting_left_alt, B=greeting_right_alt, action_sets/action_set[83]/action[74]@animation: A=anim_greeting_carry_back, B=anim_greeting_right_hand, action_sets/action_set[83]/action[74]@type: A=act_greeting_left_3, B=act_greeting_right_4, action_sets/action_set[83]/action[75]@alternative_group: A=greeting_left_alt, B=listen_alt, action_sets/action_set[83]/action[75]@animation: A=anim_greeting_carry_back, B=anim_hangout_idle_right_hand, action_sets/action_set[83]/action[75]@type: A=act_greeting_left_4, B=act_listen_1, action_sets/action_set[83]/action[76]@alternative_group: A=greeting_right_alt, B=listen_alt, action_sets/action_set[83]/action[76]@animation: A=anim_greeting_carry_back, B=anim_hangout_idle_right_hand, action_sets/action_set[83]/action[76]@type: A=act_greeting_right_1, B=act_listen_2, action_sets/action_set[83]/action[77]@alternative_group: A=greeting_right_alt, B=listen_alt, action_sets/action_set[83]/action[77]@animation: A=anim_greeting_carry_back, B=anim_hangout_idle_right_hand, action_sets/action_set[83]/action[77]@type: A=act_greeting_right_2, B=act_listen_3, action_sets/action_set[83]/action[78]@alternative_group: A=greeting_right_alt, B=listen_alt, action_sets/action_set[83]/action[78]@animation: A=anim_greeting_carry_back, B=anim_hangout_idle_right_hand, action_sets/action_set[83]/action[78]@type: A=act_greeting_right_3, B=act_listen_4, action_sets/action_set[83]/action[79]@alternative_group: A=greeting_right_alt, B=listen_alt, action_sets/action_set[83]/action[79]@animation: A=anim_greeting_carry_back, B=anim_hangout_idle_right_hand, action_sets/action_set[83]/action[79]@type: A=act_greeting_right_4, B=act_listen_5, action_sets/action_set[83]/action[80]@animation: A=anim_hangout_carry_back, B=anim_hangout_idle_right_hand, action_sets/action_set[83]/action[80]@type: A=act_inspect_and_talk_to_right, B=act_listen_6, action_sets/action_set[83]/action[81]@animation: A=anim_hangout_carry_back, B=anim_hangout_idle_right_hand, action_sets/action_set[83]/action[81]@type: A=act_inspect_and_talk_to_left, B=act_listen_7, action_sets/action_set[83]/action[82]@alternative_group: A=gossip_alt, B=talk_to_alt, action_sets/action_set[83]/action[82]@animation: A=anim_hangout_carry_back, B=anim_hangout_idle_right_hand, action_sets/action_set[83]/action[82]@type: A=act_gossip, B=act_talk_to_1, action_sets/action_set[83]/action[83]@alternative_group: A=gossip_alt, B=talk_to_alt, action_sets/action_set[83]/action[83]@animation: A=anim_hangout_carry_back, B=anim_hangout_idle_right_hand, action_sets/action_set[83]/action[83]@type: A=act_gossip_2, B=act_talk_to_2, action_sets/action_set[83]/action[84]@alternative_group: A=argue_alt, B=talk_to_alt, action_sets/action_set[83]/action[84]@animation: A=anim_hangout_carry_back, B=anim_hangout_idle_right_hand, action_sets/action_set[83]/action[84]@type: A=act_argue, B=act_talk_to_3, action_sets/action_set[83]/action[85]@alternative_group: A=argue_alt, B=talk_to_alt, action_sets/action_set[83]/action[85]@animation: A=anim_hangout_carry_back, B=anim_hangout_idle_right_hand, action_sets/action_set[83]/action[85]@type: A=act_argue_2, B=act_talk_to_4, action_sets/action_set[84]@base_set: A=as_human_villager_with_backpack, B=as_human_villager_carry_right_hand, action_sets/action_set[84]@id: A=as_human_female_villager_with_backpack, B=as_human_female_villager_carry_right_hand, action_sets/action_set[85]@id: A=as_human_villager_with_staff, B=as_human_villager_carry_right_arm, action_sets/action_set[85]/action[0]@animation: A=villager_walk_with_staff_idle, B=villager_walk_carry_right_arm_idle, action_sets/action_set[85]/action[1]@animation: A=villager_walk_with_staff, B=villager_walk_carry_right_arm, action_sets/action_set[85]/action[2]@animation: A=villager_walk_with_staff, B=villager_walk_carry_right_arm, action_sets/action_set[85]/action[3]@animation: A=villager_walk_with_staff, B=villager_walk_carry_right_arm, action_sets/action_set[85]/action[4]@animation: A=villager_walk_with_staff, B=villager_walk_carry_right_arm, action_sets/action_set[85]/action[5]@animation: A=villager_walk_with_staff, B=villager_walk_carry_right_arm, action_sets/action_set[85]/action[6]@animation: A=villager_walk_with_staff, B=villager_walk_carry_right_arm, action_sets/action_set[85]/action[7]@animation: A=villager_walk_with_staff, B=villager_walk_carry_right_arm, action_sets/action_set[85]/action[8]@animation: A=villager_walk_with_staff, B=villager_walk_carry_right_arm, action_sets/action_set[85]/action[9]@animation: A=villager_walk_with_staff_idle, B=villager_walk_carry_right_arm_idle, action_sets/action_set[85]/action[10]@animation: A=villager_walk_with_staff, B=villager_walk_carry_right_arm, action_sets/action_set[85]/action[11]@animation: A=villager_walk_with_staff, B=villager_walk_carry_right_arm, action_sets/action_set[85]/action[12]@animation: A=villager_walk_with_staff, B=villager_walk_carry_right_arm, action_sets/action_set[85]/action[13]@animation: A=villager_walk_with_staff, B=villager_walk_carry_right_arm, action_sets/action_set[85]/action[14]@animation: A=villager_walk_with_staff, B=villager_walk_carry_right_arm, action_sets/action_set[85]/action[15]@animation: A=villager_walk_with_staff, B=villager_walk_carry_right_arm, action_sets/action_set[85]/action[16]@animation: A=villager_walk_with_staff, B=villager_walk_carry_right_arm, action_sets/action_set[85]/action[17]@animation: A=villager_walk_with_staff, B=villager_walk_carry_right_arm, action_sets/action_set[85]/action[18]@animation: A=villager_walk_with_staff_idle, B=villager_walk_carry_right_arm_idle, action_sets/action_set[85]/action[19]@animation: A=villager_walk_with_staff_idle, B=villager_walk_carry_right_arm_idle, action_sets/action_set[85]/action[20]@animation: A=villager_walk_with_staff_idle, B=villager_walk_carry_right_arm_idle, action_sets/action_set[85]/action[20]@type: A=act_walk_idle_polearm, B=act_conversation_normal_start, action_sets/action_set[85]/action[21]@animation: A=villager_walk_with_staff, B=villager_walk_carry_right_arm_idle, action_sets/action_set[85]/action[21]@type: A=act_walk_forward_polearm, B=act_conversation_aggressive_start, action_sets/action_set[85]/action[22]@animation: A=villager_walk_with_staff, B=villager_walk_carry_right_arm_idle, action_sets/action_set[85]/action[22]@type: A=act_walk_right_polearm, B=act_conversation_warrior_start, action_sets/action_set[85]/action[23]@animation: A=villager_walk_with_staff, B=villager_walk_carry_right_arm_idle, action_sets/action_set[85]/action[23]@type: A=act_walk_left_polearm, B=act_conversation_hip_start, action_sets/action_set[85]/action[24]@animation: A=villager_walk_with_staff, B=villager_walk_carry_right_arm_idle, action_sets/action_set[85]/action[24]@type: A=act_walk_backward_polearm, B=act_conversation_closed_start, action_sets/action_set[85]/action[25]@animation: A=villager_walk_with_staff, B=villager_walk_carry_right_arm_idle, action_sets/action_set[85]/action[25]@type: A=act_walk_right_back_polearm, B=act_conversation_confident_start, action_sets/action_set[85]/action[26]@animation: A=villager_walk_with_staff, B=villager_walk_carry_right_arm_idle, action_sets/action_set[85]/action[26]@type: A=act_walk_left_back_polearm, B=act_conversation_confident2_start, action_sets/action_set[85]/action[27]@animation: A=villager_walk_with_staff, B=villager_walk_carry_right_arm_idle, action_sets/action_set[85]/action[27]@type: A=act_walk_right_to_left_polearm, B=act_conversation_demure_start, action_sets/action_set[85]/action[28]@animation: A=villager_walk_with_staff, B=villager_walk_carry_right_arm_idle, action_sets/action_set[85]/action[28]@type: A=act_walk_left_to_right_polearm, B=act_conversation_nervous_start, action_sets/action_set[85]/action[29]@animation: A=villager_walk_with_staff_idle, B=villager_walk_carry_right_arm_idle, action_sets/action_set[85]/action[29]@type: A=act_walk_idle_polearm_left_stance, B=act_conversation_weary_start, action_sets/action_set[85]/action[30]@animation: A=villager_walk_with_staff, B=villager_walk_carry_right_arm_idle, action_sets/action_set[85]/action[30]@type: A=act_walk_forward_polearm_left_stance, B=act_conversation_normal_loop, action_sets/action_set[85]/action[31]@animation: A=villager_walk_with_staff, B=villager_walk_carry_right_arm_idle, action_sets/action_set[85]/action[31]@type: A=act_walk_right_polearm_left_stance, B=act_conversation_aggressive_loop, action_sets/action_set[85]/action[32]@animation: A=villager_walk_with_staff, B=villager_walk_carry_right_arm_idle, action_sets/action_set[85]/action[32]@type: A=act_walk_left_polearm_left_stance, B=act_conversation_warrior_loop, action_sets/action_set[85]/action[33]@animation: A=villager_walk_with_staff, B=villager_walk_carry_right_arm_idle, action_sets/action_set[85]/action[33]@type: A=act_walk_backward_polearm_left_stance, B=act_conversation_hip_loop, action_sets/action_set[85]/action[34]@animation: A=villager_walk_with_staff, B=villager_walk_carry_right_arm_idle, action_sets/action_set[85]/action[34]@type: A=act_walk_right_back_polearm_left_stance, B=act_conversation_closed_loop, action_sets/action_set[85]/action[35]@animation: A=villager_walk_with_staff, B=villager_walk_carry_right_arm_idle, action_sets/action_set[85]/action[35]@type: A=act_walk_left_back_polearm_left_stance, B=act_conversation_confident_loop, action_sets/action_set[85]/action[36]@animation: A=villager_walk_with_staff, B=villager_walk_carry_right_arm_idle, action_sets/action_set[85]/action[36]@type: A=act_walk_right_to_left_polearm_left_stance, B=act_conversation_confident2_loop, action_sets/action_set[85]/action[37]@animation: A=villager_walk_with_staff, B=villager_walk_carry_right_arm_idle, action_sets/action_set[85]/action[37]@type: A=act_walk_left_to_right_polearm_left_stance, B=act_conversation_demure_loop, action_sets/action_set[85]/action[38]@animation: A=villager_walk_with_staff_idle, B=villager_walk_carry_right_arm_idle, action_sets/action_set[85]/action[38]@type: A=act_run_idle_polearm, B=act_conversation_nervous_loop, action_sets/action_set[85]/action[39]@animation: A=villager_walk_with_staff_idle, B=villager_walk_carry_right_arm_idle, action_sets/action_set[85]/action[39]@type: A=act_run_idle_polearm_left_stance, B=act_conversation_weary_loop, action_sets/action_set[85]/action[40]@animation: A=villager_walk_with_staff_idle, B=villager_walk_carry_right_arm_idle, action_sets/action_set[85]/action[40]@type: A=act_conversation_normal_start, B=act_stand_1, action_sets/action_set[85]/action[41]@animation: A=villager_walk_with_staff_idle, B=villager_walk_carry_right_arm_idle, action_sets/action_set[85]/action[41]@type: A=act_conversation_aggressive_start, B=act_stand_2, action_sets/action_set[85]/action[42]@animation: A=villager_walk_with_staff_idle, B=villager_walk_carry_right_arm_idle, action_sets/action_set[85]/action[42]@type: A=act_conversation_warrior_start, B=act_stand_3, action_sets/action_set[85]/action[43]@animation: A=villager_walk_with_staff_idle, B=villager_walk_carry_right_arm_idle, action_sets/action_set[85]/action[43]@type: A=act_conversation_hip_start, B=act_stand_4, action_sets/action_set[85]/action[44]@animation: A=villager_walk_with_staff_idle, B=villager_walk_carry_right_arm_idle, action_sets/action_set[85]/action[44]@type: A=act_conversation_closed_start, B=act_stand_5, action_sets/action_set[85]/action[45]@animation: A=villager_walk_with_staff_idle, B=villager_walk_carry_right_arm_idle, action_sets/action_set[85]/action[45]@type: A=act_conversation_confident_start, B=act_stand_6, action_sets/action_set[85]/action[46]@animation: A=villager_walk_with_staff_idle, B=villager_walk_carry_right_arm_idle, action_sets/action_set[85]/action[46]@type: A=act_conversation_confident2_start, B=act_stand_7, action_sets/action_set[85]/action[47]@animation: A=villager_walk_with_staff_idle, B=villager_walk_carry_right_arm_idle, action_sets/action_set[85]/action[47]@type: A=act_conversation_demure_start, B=act_stand_8, action_sets/action_set[85]/action[48]@animation: A=villager_walk_with_staff_idle, B=villager_walk_carry_right_arm_idle, action_sets/action_set[85]/action[48]@type: A=act_conversation_nervous_start, B=act_stand_9, action_sets/action_set[85]/action[49]@animation: A=villager_walk_with_staff_idle, B=villager_walk_carry_right_arm_idle, action_sets/action_set[85]/action[49]@type: A=act_conversation_weary_start, B=act_stand_10, action_sets/action_set[85]/action[50]@animation: A=villager_walk_with_staff_idle, B=villager_walk_carry_right_arm_idle, action_sets/action_set[85]/action[50]@type: A=act_conversation_normal_loop, B=act_customer_idle_1, action_sets/action_set[85]/action[51]@animation: A=villager_walk_with_staff_idle, B=villager_walk_carry_right_arm_idle, action_sets/action_set[85]/action[51]@type: A=act_conversation_aggressive_loop, B=act_customer_idle_2, action_sets/action_set[85]/action[52]@animation: A=villager_walk_with_staff_idle, B=villager_walk_carry_right_arm_idle, action_sets/action_set[85]/action[52]@type: A=act_conversation_warrior_loop, B=act_customer_idle_3, action_sets/action_set[85]/action[53]@animation: A=villager_walk_with_staff_idle, B=villager_walk_carry_right_arm_idle, action_sets/action_set[85]/action[53]@type: A=act_conversation_hip_loop, B=act_cheer_1, action_sets/action_set[85]/action[54]@animation: A=villager_walk_with_staff_idle, B=villager_walk_carry_right_arm_idle, action_sets/action_set[85]/action[54]@type: A=act_conversation_closed_loop, B=act_duel_spectator_1, action_sets/action_set[85]/action[55]@animation: A=villager_walk_with_staff_idle, B=villager_walk_carry_right_arm_idle, action_sets/action_set[85]/action[55]@type: A=act_conversation_confident_loop, B=act_duel_spectator_2, action_sets/action_set[85]/action[56]@animation: A=villager_walk_with_staff_idle, B=villager_walk_carry_right_arm_idle, action_sets/action_set[85]/action[56]@type: A=act_conversation_confident2_loop, B=act_duel_spectator_3, action_sets/action_set[85]/action[57]@animation: A=villager_walk_with_staff_idle, B=villager_walk_carry_right_arm_idle, action_sets/action_set[85]/action[57]@type: A=act_conversation_demure_loop, B=act_duel_spectator_4, action_sets/action_set[85]/action[58]@animation: A=villager_walk_with_staff_idle, B=villager_walk_carry_right_arm_idle, action_sets/action_set[85]/action[58]@type: A=act_conversation_nervous_loop, B=act_scared_reaction_1, action_sets/action_set[85]/action[59]@animation: A=villager_walk_with_staff_idle, B=villager_walk_carry_right_arm_idle, action_sets/action_set[85]/action[59]@type: A=act_conversation_weary_loop, B=act_scared_reaction_2, action_sets/action_set[85]/action[60]@alternative_group: A=stand_alt, B=scared_idle, action_sets/action_set[85]/action[60]@animation: A=villager_walk_with_staff_idle, B=villager_walk_carry_right_arm_idle, action_sets/action_set[85]/action[60]@type: A=act_stand_1, B=act_scared_idle_1, action_sets/action_set[85]/action[61]@alternative_group: A=stand_alt, B=scared_idle, action_sets/action_set[85]/action[61]@animation: A=villager_walk_with_staff_idle, B=villager_walk_carry_right_arm_idle, action_sets/action_set[85]/action[61]@type: A=act_stand_2, B=act_scared_idle_2, action_sets/action_set[85]/action[62]@alternative_group: A=stand_alt, B=scared_idle, action_sets/action_set[85]/action[62]@animation: A=villager_walk_with_staff_idle, B=villager_walk_carry_right_arm_idle, action_sets/action_set[85]/action[62]@type: A=act_stand_3, B=act_scared_idle_3, action_sets/action_set[85]/action[63]@alternative_group: A=stand_alt, B=greeting_front_alt, action_sets/action_set[85]/action[63]@animation: A=villager_walk_with_staff_idle, B=anim_greeting_right_arm_khuzait, action_sets/action_set[85]/action[63]@type: A=act_stand_4, B=act_greeting_front_1, action_sets/action_set[85]/action[64]@alternative_group: A=stand_alt, B=greeting_front_alt, action_sets/action_set[85]/action[64]@animation: A=villager_walk_with_staff_idle, B=anim_greeting_right_arm_khuzait, action_sets/action_set[85]/action[64]@type: A=act_stand_5, B=act_greeting_front_2, action_sets/action_set[85]/action[65]@alternative_group: A=stand_alt, B=greeting_front_alt, action_sets/action_set[85]/action[65]@animation: A=villager_walk_with_staff_idle, B=anim_greeting_right_arm_khuzait, action_sets/action_set[85]/action[65]@type: A=act_stand_6, B=act_greeting_front_3, action_sets/action_set[85]/action[66]@alternative_group: A=stand_alt, B=greeting_front_alt, action_sets/action_set[85]/action[66]@animation: A=villager_walk_with_staff_idle, B=anim_greeting_right_arm_khuzait, action_sets/action_set[85]/action[66]@type: A=act_stand_7, B=act_greeting_front_4, action_sets/action_set[85]/action[67]@alternative_group: A=stand_alt, B=greeting_left_alt, action_sets/action_set[85]/action[67]@animation: A=villager_walk_with_staff_idle, B=anim_greeting_right_arm_khuzait, action_sets/action_set[85]/action[67]@type: A=act_stand_8, B=act_greeting_left_1, action_sets/action_set[85]/action[68]@alternative_group: A=stand_alt, B=greeting_left_alt, action_sets/action_set[85]/action[68]@animation: A=villager_walk_with_staff_idle, B=anim_greeting_right_arm_khuzait, action_sets/action_set[85]/action[68]@type: A=act_stand_9, B=act_greeting_left_2, action_sets/action_set[85]/action[69]@alternative_group: A=stand_alt, B=greeting_left_alt, action_sets/action_set[85]/action[69]@animation: A=villager_walk_with_staff_idle, B=anim_greeting_right_arm_khuzait, action_sets/action_set[85]/action[69]@type: A=act_stand_10, B=act_greeting_left_3, action_sets/action_set[85]/action[70]@animation: A=villager_walk_with_staff_idle, B=anim_greeting_right_arm_khuzait, action_sets/action_set[85]/action[70]@type: A=act_stand_staff, B=act_greeting_left_4, action_sets/action_set[85]/action[71]@animation: A=villager_walk_with_staff_idle, B=anim_greeting_right_arm_khuzait, action_sets/action_set[85]/action[71]@type: A=act_stand_staff_left_stance, B=act_greeting_right_1, action_sets/action_set[85]/action[72]@alternative_group: A=citizen_customer_alt, B=greeting_right_alt, action_sets/action_set[85]/action[72]@animation: A=villager_walk_with_staff_idle, B=anim_greeting_right_arm_khuzait, action_sets/action_set[85]/action[72]@type: A=act_customer_idle_1, B=act_greeting_right_2, action_sets/action_set[85]/action[73]@alternative_group: A=citizen_customer_alt, B=greeting_right_alt, action_sets/action_set[85]/action[73]@animation: A=villager_walk_with_staff_idle, B=anim_greeting_right_arm_khuzait, action_sets/action_set[85]/action[73]@type: A=act_customer_idle_2, B=act_greeting_right_3, action_sets/action_set[85]/action[74]@alternative_group: A=citizen_customer_alt, B=greeting_right_alt, action_sets/action_set[85]/action[74]@animation: A=villager_walk_with_staff_idle, B=anim_greeting_right_arm_khuzait, action_sets/action_set[85]/action[74]@type: A=act_customer_idle_3, B=act_greeting_right_4, action_sets/action_set[85]/action[75]@animation: A=villager_walk_with_staff_idle, B=anim_hangout_idle_right_arm, action_sets/action_set[85]/action[75]@type: A=act_cheer_1, B=act_talk_to_1, action_sets/action_set[85]/action[76]@alternative_group: A=duel_spectator_alt, B=talk_to_alt, action_sets/action_set[85]/action[76]@animation: A=villager_walk_with_staff_idle, B=anim_hangout_idle_right_arm, action_sets/action_set[85]/action[76]@type: A=act_duel_spectator_1, B=act_talk_to_2, action_sets/action_set[85]/action[77]@alternative_group: A=duel_spectator_alt, B=talk_to_alt, action_sets/action_set[85]/action[77]@animation: A=villager_walk_with_staff_idle, B=anim_hangout_idle_right_arm, action_sets/action_set[85]/action[77]@type: A=act_duel_spectator_2, B=act_talk_to_3, action_sets/action_set[85]/action[78]@alternative_group: A=duel_spectator_alt, B=talk_to_alt, action_sets/action_set[85]/action[78]@animation: A=villager_walk_with_staff_idle, B=anim_hangout_idle_right_arm, action_sets/action_set[85]/action[78]@type: A=act_duel_spectator_3, B=act_talk_to_4, action_sets/action_set[85]/action[79]@alternative_group: A=duel_spectator_alt, B=talk_to_alt, action_sets/action_set[85]/action[79]@animation: A=villager_walk_with_staff_idle, B=anim_hangout_idle_right_arm, action_sets/action_set[85]/action[79]@type: A=act_duel_spectator_4, B=act_talk_to_5, action_sets/action_set[85]/action[80]@animation: A=villager_walk_with_staff_idle, B=anim_inspect_hangout_left_right_arm, action_sets/action_set[85]/action[80]@type: A=act_scared_reaction_1, B=act_inspect_and_talk_to_right, action_sets/action_set[85]/action[81]@animation: A=villager_walk_with_staff_idle, B=anim_inspect_hangout_right_right_arm, action_sets/action_set[85]/action[81]@type: A=act_scared_reaction_2, B=act_inspect_and_talk_to_left, action_sets/action_set[85]/action[82]@alternative_group: A=scared_idle, B=gossip_alt, action_sets/action_set[85]/action[82]@animation: A=villager_walk_with_staff_idle, B=anim_hangout_gossip_man_right_arm, action_sets/action_set[85]/action[82]@type: A=act_scared_idle_1, B=act_gossip, action_sets/action_set[85]/action[83]@alternative_group: A=scared_idle, B=gossip_alt, action_sets/action_set[85]/action[83]@animation: A=villager_walk_with_staff_idle, B=anim_hangout_gossip_man_right_arm, action_sets/action_set[85]/action[83]@type: A=act_scared_idle_2, B=act_gossip_2, action_sets/action_set[85]/action[84]@alternative_group: A=scared_idle, B=argue_alt, action_sets/action_set[85]/action[84]@animation: A=villager_walk_with_staff_idle, B=anim_hangout_argue_woman_right_arm, action_sets/action_set[85]/action[84]@type: A=act_scared_idle_3, B=act_argue, action_sets/action_set[85]/action[85]@alternative_group: A=greeting_front_alt, B=argue_alt, action_sets/action_set[85]/action[85]@animation: A=anim_greeting_staff, B=anim_hangout_argue_woman_right_arm, action_sets/action_set[85]/action[85]@type: A=act_greeting_front_1, B=act_argue_2, action_sets/action_set[86]@base_set: A=as_human_villager_with_staff, B=as_human_villager_carry_right_arm, action_sets/action_set[86]@id: A=as_human_female_villager_with_staff, B=as_human_female_villager_carry_right_arm, action_sets/action_set[87]@id: A=as_human_villager_carry_on_shoulder, B=as_human_villager_carry_over_head, action_sets/action_set[87]/action[0]@animation: A=villager_walk_carry_on_shoulder_idle, B=villager_walk_carry_over_head_idle, action_sets/action_set[87]/action[1]@animation: A=villager_walk_carry_on_shoulder, B=villager_walk_carry_over_head, action_sets/action_set[87]/action[2]@animation: A=villager_walk_carry_on_shoulder, B=villager_walk_carry_over_head, action_sets/action_set[87]/action[3]@animation: A=villager_walk_carry_on_shoulder, B=villager_walk_carry_over_head, action_sets/action_set[87]/action[4]@animation: A=villager_walk_carry_on_shoulder, B=villager_walk_carry_over_head, action_sets/action_set[87]/action[5]@animation: A=villager_walk_carry_on_shoulder, B=villager_walk_carry_over_head, action_sets/action_set[87]/action[6]@animation: A=villager_walk_carry_on_shoulder, B=villager_walk_carry_over_head, action_sets/action_set[87]/action[7]@animation: A=villager_walk_carry_on_shoulder, B=villager_walk_carry_over_head, action_sets/action_set[87]/action[8]@animation: A=villager_walk_carry_on_shoulder, B=villager_walk_carry_over_head, action_sets/action_set[87]/action[9]@animation: A=villager_walk_carry_on_shoulder_idle, B=villager_walk_carry_over_head_idle, action_sets/action_set[87]/action[10]@animation: A=villager_walk_carry_on_shoulder, B=villager_walk_carry_over_head, action_sets/action_set[87]/action[11]@animation: A=villager_walk_carry_on_shoulder, B=villager_walk_carry_over_head, action_sets/action_set[87]/action[12]@animation: A=villager_walk_carry_on_shoulder, B=villager_walk_carry_over_head, action_sets/action_set[87]/action[13]@animation: A=villager_walk_carry_on_shoulder, B=villager_walk_carry_over_head, action_sets/action_set[87]/action[14]@animation: A=villager_walk_carry_on_shoulder, B=villager_walk_carry_over_head, action_sets/action_set[87]/action[15]@animation: A=villager_walk_carry_on_shoulder, B=villager_walk_carry_over_head, action_sets/action_set[87]/action[16]@animation: A=villager_walk_carry_on_shoulder, B=villager_walk_carry_over_head, action_sets/action_set[87]/action[17]@animation: A=villager_walk_carry_on_shoulder, B=villager_walk_carry_over_head, action_sets/action_set[87]/action[18]@animation: A=villager_walk_carry_on_shoulder_idle, B=villager_walk_carry_over_head_idle, action_sets/action_set[87]/action[19]@animation: A=villager_walk_carry_on_shoulder_idle, B=villager_walk_carry_over_head_idle, action_sets/action_set[87]/action[20]@animation: A=villager_walk_carry_on_shoulder_idle, B=villager_walk_carry_over_head_idle, action_sets/action_set[87]/action[21]@animation: A=villager_walk_carry_on_shoulder_idle, B=villager_walk_carry_over_head_idle, action_sets/action_set[87]/action[22]@animation: A=villager_walk_carry_on_shoulder_idle, B=villager_walk_carry_over_head_idle, action_sets/action_set[87]/action[23]@animation: A=villager_walk_carry_on_shoulder_idle, B=villager_walk_carry_over_head_idle, action_sets/action_set[87]/action[24]@animation: A=villager_walk_carry_on_shoulder_idle, B=villager_walk_carry_over_head_idle, action_sets/action_set[87]/action[25]@animation: A=villager_walk_carry_on_shoulder_idle, B=villager_walk_carry_over_head_idle, action_sets/action_set[87]/action[26]@animation: A=villager_walk_carry_on_shoulder_idle, B=villager_walk_carry_over_head_idle, action_sets/action_set[87]/action[27]@animation: A=villager_walk_carry_on_shoulder_idle, B=villager_walk_carry_over_head_idle, action_sets/action_set[87]/action[28]@animation: A=villager_walk_carry_on_shoulder_idle, B=villager_walk_carry_over_head_idle, action_sets/action_set[87]/action[29]@animation: A=villager_walk_carry_on_shoulder_idle, B=villager_walk_carry_over_head_idle, action_sets/action_set[87]/action[30]@animation: A=villager_walk_carry_on_shoulder_idle, B=villager_walk_carry_over_head_idle, action_sets/action_set[87]/action[31]@animation: A=villager_walk_carry_on_shoulder_idle, B=villager_walk_carry_over_head_idle, action_sets/action_set[87]/action[32]@animation: A=villager_walk_carry_on_shoulder_idle, B=villager_walk_carry_over_head_idle, action_sets/action_set[87]/action[33]@animation: A=villager_walk_carry_on_shoulder_idle, B=villager_walk_carry_over_head_idle, action_sets/action_set[87]/action[34]@animation: A=villager_walk_carry_on_shoulder_idle, B=villager_walk_carry_over_head_idle, action_sets/action_set[87]/action[35]@animation: A=villager_walk_carry_on_shoulder_idle, B=villager_walk_carry_over_head_idle, action_sets/action_set[87]/action[36]@animation: A=villager_walk_carry_on_shoulder_idle, B=villager_walk_carry_over_head_idle, action_sets/action_set[87]/action[37]@animation: A=villager_walk_carry_on_shoulder_idle, B=villager_walk_carry_over_head_idle, action_sets/action_set[87]/action[38]@animation: A=villager_walk_carry_on_shoulder_idle, B=villager_walk_carry_over_head_idle, action_sets/action_set[87]/action[39]@animation: A=villager_walk_carry_on_shoulder_idle, B=villager_walk_carry_over_head_idle, action_sets/action_set[87]/action[40]@animation: A=villager_walk_carry_on_shoulder_idle, B=villager_walk_carry_over_head_idle, action_sets/action_set[87]/action[41]@animation: A=villager_walk_carry_on_shoulder_idle, B=villager_walk_carry_over_head_idle, action_sets/action_set[87]/action[42]@animation: A=villager_walk_carry_on_shoulder_idle, B=villager_walk_carry_over_head_idle, action_sets/action_set[87]/action[43]@animation: A=villager_walk_carry_on_shoulder_idle, B=villager_walk_carry_over_head_idle, action_sets/action_set[87]/action[44]@animation: A=villager_walk_carry_on_shoulder_idle, B=villager_walk_carry_over_head_idle, action_sets/action_set[87]/action[45]@animation: A=villager_walk_carry_on_shoulder_idle, B=villager_walk_carry_over_head_idle, action_sets/action_set[87]/action[46]@animation: A=villager_walk_carry_on_shoulder_idle, B=villager_walk_carry_over_head_idle, action_sets/action_set[87]/action[47]@animation: A=villager_walk_carry_on_shoulder_idle, B=villager_walk_carry_over_head_idle, action_sets/action_set[87]/action[48]@animation: A=villager_walk_carry_on_shoulder_idle, B=villager_walk_carry_over_head_idle, action_sets/action_set[87]/action[49]@animation: A=villager_walk_carry_on_shoulder_idle, B=villager_walk_carry_over_head_idle, action_sets/action_set[87]/action[50]@animation: A=villager_walk_carry_on_shoulder_idle, B=villager_walk_carry_over_head_idle, action_sets/action_set[87]/action[51]@animation: A=villager_walk_carry_on_shoulder_idle, B=villager_walk_carry_over_head_idle, action_sets/action_set[87]/action[52]@animation: A=villager_walk_carry_on_shoulder_idle, B=villager_walk_carry_over_head_idle, action_sets/action_set[87]/action[53]@animation: A=villager_walk_carry_on_shoulder_idle, B=villager_walk_carry_over_head_idle, action_sets/action_set[87]/action[54]@animation: A=villager_walk_carry_on_shoulder_idle, B=villager_walk_carry_over_head_idle, action_sets/action_set[87]/action[55]@animation: A=villager_walk_carry_on_shoulder_idle, B=villager_walk_carry_over_head_idle, action_sets/action_set[87]/action[56]@animation: A=villager_walk_carry_on_shoulder_idle, B=villager_walk_carry_over_head_idle, action_sets/action_set[87]/action[57]@animation: A=villager_walk_carry_on_shoulder_idle, B=villager_walk_carry_over_head_idle, action_sets/action_set[87]/action[58]@animation: A=villager_walk_carry_on_shoulder_idle, B=villager_walk_carry_over_head_idle, action_sets/action_set[87]/action[59]@animation: A=villager_walk_carry_on_shoulder_idle, B=villager_walk_carry_over_head_idle, action_sets/action_set[87]/action[60]@animation: A=villager_walk_carry_on_shoulder_idle, B=villager_walk_carry_over_head_idle, action_sets/action_set[87]/action[61]@animation: A=villager_walk_carry_on_shoulder_idle, B=villager_walk_carry_over_head_idle, action_sets/action_set[87]/action[62]@animation: A=villager_walk_carry_on_shoulder_idle, B=villager_walk_carry_over_head_idle, action_sets/action_set[87]/action[63]@animation: A=anim_greeting_axe, B=anim_greeting_carry_head, action_sets/action_set[87]/action[64]@animation: A=anim_greeting_axe, B=anim_greeting_carry_head, action_sets/action_set[87]/action[65]@animation: A=anim_greeting_axe, B=anim_greeting_carry_head, action_sets/action_set[87]/action[66]@animation: A=anim_greeting_axe, B=anim_greeting_carry_head, action_sets/action_set[87]/action[67]@animation: A=anim_greeting_axe, B=anim_greeting_carry_head, action_sets/action_set[87]/action[68]@animation: A=anim_greeting_axe, B=anim_greeting_carry_head, action_sets/action_set[87]/action[69]@animation: A=anim_greeting_axe, B=anim_greeting_carry_head, action_sets/action_set[87]/action[70]@animation: A=anim_greeting_axe, B=anim_greeting_carry_head, action_sets/action_set[87]/action[71]@animation: A=anim_greeting_axe, B=anim_greeting_carry_head, action_sets/action_set[87]/action[72]@animation: A=anim_greeting_axe, B=anim_greeting_carry_head, action_sets/action_set[87]/action[73]@animation: A=anim_greeting_axe, B=anim_greeting_carry_head, action_sets/action_set[87]/action[74]@animation: A=anim_greeting_axe, B=anim_greeting_carry_head, action_sets/action_set[87]/action[75]@animation: A=anim_hangout_idle_axe, B=anim_hangout_carry_head, action_sets/action_set[87]/action[76]@animation: A=anim_hangout_idle_axe, B=anim_hangout_carry_head, action_sets/action_set[87]/action[77]@animation: A=anim_hangout_idle_axe, B=anim_hangout_carry_head, action_sets/action_set[87]/action[78]@animation: A=anim_hangout_idle_axe, B=anim_hangout_carry_head, action_sets/action_set[87]/action[79]@animation: A=anim_hangout_idle_axe, B=anim_hangout_carry_head, action_sets/action_set[87]/action[80]@animation: A=anim_inspect_hangout_left_axe, B=anim_hangout_carry_head, action_sets/action_set[87]/action[81]@animation: A=anim_inspect_hangout_right_axe, B=anim_hangout_carry_head, action_sets/action_set[87]/action[82]@animation: A=anim_hangout_gossip_man_axe, B=anim_hangout_carry_head, action_sets/action_set[87]/action[83]@animation: A=anim_hangout_gossip_man_axe, B=anim_hangout_carry_head, action_sets/action_set[87]/action[84]@animation: A=anim_hangout_argue_man_axe, B=anim_hangout_carry_head, action_sets/action_set[87]/action[85]@animation: A=anim_hangout_argue_man_axe, B=anim_hangout_carry_head, action_sets/action_set[88]@base_set: A=as_human_villager_carry_on_shoulder, B=as_human_villager_carry_over_head, action_sets/action_set[88]@id: A=as_human_female_villager_carry_on_shoulder, B=as_human_female_villager_carry_over_head, action_sets/action_set[89]@id: A=as_human_villager_carry_axe, B=as_human_villager_carry_over_head_v2, action_sets/action_set[89]/action[0]@animation: A=villager_walk_carry_axe_idle, B=villager_walk_carry_over_head_v2_idle, action_sets/action_set[89]/action[1]@animation: A=villager_walk_carry_axe, B=villager_walk_carry_over_head_v2, action_sets/action_set[89]/action[2]@animation: A=villager_walk_carry_axe, B=villager_walk_carry_over_head_v2, action_sets/action_set[89]/action[3]@animation: A=villager_walk_carry_axe, B=villager_walk_carry_over_head_v2, action_sets/action_set[89]/action[4]@animation: A=villager_walk_carry_axe, B=villager_walk_carry_over_head_v2, action_sets/action_set[89]/action[5]@animation: A=villager_walk_carry_axe, B=villager_walk_carry_over_head_v2, action_sets/action_set[89]/action[6]@animation: A=villager_walk_carry_axe, B=villager_walk_carry_over_head_v2, action_sets/action_set[89]/action[7]@animation: A=villager_walk_carry_axe, B=villager_walk_carry_over_head_v2, action_sets/action_set[89]/action[8]@animation: A=villager_walk_carry_axe, B=villager_walk_carry_over_head_v2, action_sets/action_set[89]/action[9]@animation: A=villager_walk_carry_axe_idle, B=villager_walk_carry_over_head_v2_idle, action_sets/action_set[89]/action[10]@animation: A=villager_walk_carry_axe, B=villager_walk_carry_over_head_v2, action_sets/action_set[89]/action[11]@animation: A=villager_walk_carry_axe, B=villager_walk_carry_over_head_v2, action_sets/action_set[89]/action[12]@animation: A=villager_walk_carry_axe, B=villager_walk_carry_over_head_v2, action_sets/action_set[89]/action[13]@animation: A=villager_walk_carry_axe, B=villager_walk_carry_over_head_v2, action_sets/action_set[89]/action[14]@animation: A=villager_walk_carry_axe, B=villager_walk_carry_over_head_v2, action_sets/action_set[89]/action[15]@animation: A=villager_walk_carry_axe, B=villager_walk_carry_over_head_v2, action_sets/action_set[89]/action[16]@animation: A=villager_walk_carry_axe, B=villager_walk_carry_over_head_v2, action_sets/action_set[89]/action[17]@animation: A=villager_walk_carry_axe, B=villager_walk_carry_over_head_v2, action_sets/action_set[89]/action[18]@animation: A=villager_walk_carry_axe_idle, B=villager_walk_carry_over_head_v2_idle, action_sets/action_set[89]/action[19]@animation: A=villager_walk_carry_axe_idle, B=villager_walk_carry_over_head_v2_idle, action_sets/action_set[89]/action[20]@animation: A=villager_walk_carry_axe_idle, B=villager_walk_carry_over_head_v2_idle, action_sets/action_set[89]/action[20]@type: A=act_walk_idle_1h, B=act_conversation_normal_start, action_sets/action_set[89]/action[21]@animation: A=villager_walk_carry_axe, B=villager_walk_carry_over_head_v2_idle, action_sets/action_set[89]/action[21]@type: A=act_walk_forward_1h, B=act_conversation_aggressive_start, action_sets/action_set[89]/action[22]@animation: A=villager_walk_carry_axe, B=villager_walk_carry_over_head_v2_idle, action_sets/action_set[89]/action[22]@type: A=act_walk_right_1h, B=act_conversation_warrior_start, action_sets/action_set[89]/action[23]@animation: A=villager_walk_carry_axe, B=villager_walk_carry_over_head_v2_idle, action_sets/action_set[89]/action[23]@type: A=act_walk_left_1h, B=act_conversation_hip_start, action_sets/action_set[89]/action[24]@animation: A=villager_walk_carry_axe, B=villager_walk_carry_over_head_v2_idle, action_sets/action_set[89]/action[24]@type: A=act_walk_backward_1h, B=act_conversation_closed_start, action_sets/action_set[89]/action[25]@animation: A=villager_walk_carry_axe, B=villager_walk_carry_over_head_v2_idle, action_sets/action_set[89]/action[25]@type: A=act_walk_right_back_1h, B=act_conversation_confident_start, action_sets/action_set[89]/action[26]@animation: A=villager_walk_carry_axe, B=villager_walk_carry_over_head_v2_idle, action_sets/action_set[89]/action[26]@type: A=act_walk_left_back_1h, B=act_conversation_confident2_start, action_sets/action_set[89]/action[27]@animation: A=villager_walk_carry_axe, B=villager_walk_carry_over_head_v2_idle, action_sets/action_set[89]/action[27]@type: A=act_walk_right_to_left_1h, B=act_conversation_demure_start, action_sets/action_set[89]/action[28]@animation: A=villager_walk_carry_axe, B=villager_walk_carry_over_head_v2_idle, action_sets/action_set[89]/action[28]@type: A=act_walk_left_to_right_1h, B=act_conversation_nervous_start, action_sets/action_set[89]/action[29]@animation: A=villager_walk_carry_axe_idle, B=villager_walk_carry_over_head_v2_idle, action_sets/action_set[89]/action[29]@type: A=act_walk_idle_1h_left_stance, B=act_conversation_weary_start, action_sets/action_set[89]/action[30]@animation: A=villager_walk_carry_axe, B=villager_walk_carry_over_head_v2_idle, action_sets/action_set[89]/action[30]@type: A=act_walk_forward_1h_left_stance, B=act_conversation_normal_loop, action_sets/action_set[89]/action[31]@animation: A=villager_walk_carry_axe, B=villager_walk_carry_over_head_v2_idle, action_sets/action_set[89]/action[31]@type: A=act_walk_right_1h_left_stance, B=act_conversation_aggressive_loop, action_sets/action_set[89]/action[32]@animation: A=villager_walk_carry_axe, B=villager_walk_carry_over_head_v2_idle, action_sets/action_set[89]/action[32]@type: A=act_walk_left_1h_left_stance, B=act_conversation_warrior_loop, action_sets/action_set[89]/action[33]@animation: A=villager_walk_carry_axe, B=villager_walk_carry_over_head_v2_idle, action_sets/action_set[89]/action[33]@type: A=act_walk_backward_1h_left_stance, B=act_conversation_hip_loop, action_sets/action_set[89]/action[34]@animation: A=villager_walk_carry_axe, B=villager_walk_carry_over_head_v2_idle, action_sets/action_set[89]/action[34]@type: A=act_walk_right_back_1h_left_stance, B=act_conversation_closed_loop, action_sets/action_set[89]/action[35]@animation: A=villager_walk_carry_axe, B=villager_walk_carry_over_head_v2_idle, action_sets/action_set[89]/action[35]@type: A=act_walk_left_back_1h_left_stance, B=act_conversation_confident_loop, action_sets/action_set[89]/action[36]@animation: A=villager_walk_carry_axe, B=villager_walk_carry_over_head_v2_idle, action_sets/action_set[89]/action[36]@type: A=act_walk_right_to_left_1h_left_stance, B=act_conversation_confident2_loop, action_sets/action_set[89]/action[37]@animation: A=villager_walk_carry_axe, B=villager_walk_carry_over_head_v2_idle, action_sets/action_set[89]/action[37]@type: A=act_walk_left_to_right_1h_left_stance, B=act_conversation_demure_loop, action_sets/action_set[89]/action[38]@animation: A=villager_walk_carry_axe_idle, B=villager_walk_carry_over_head_v2_idle, action_sets/action_set[89]/action[38]@type: A=act_run_idle_1h, B=act_conversation_nervous_loop, action_sets/action_set[89]/action[39]@animation: A=villager_walk_carry_axe_idle, B=villager_walk_carry_over_head_v2_idle, action_sets/action_set[89]/action[39]@type: A=act_run_idle_1h_left_stance, B=act_conversation_weary_loop, action_sets/action_set[89]/action[40]@animation: A=villager_walk_carry_axe_idle, B=villager_walk_carry_over_head_v2_idle, action_sets/action_set[89]/action[40]@type: A=act_walk_idle_2h_axe, B=act_stand_1, action_sets/action_set[89]/action[41]@animation: A=villager_walk_carry_axe, B=villager_walk_carry_over_head_v2_idle, action_sets/action_set[89]/action[41]@type: A=act_walk_forward_2h_axe, B=act_stand_2, action_sets/action_set[89]/action[42]@animation: A=villager_walk_carry_axe, B=villager_walk_carry_over_head_v2_idle, action_sets/action_set[89]/action[42]@type: A=act_walk_right_2h_axe, B=act_stand_3, action_sets/action_set[89]/action[43]@animation: A=villager_walk_carry_axe, B=villager_walk_carry_over_head_v2_idle, action_sets/action_set[89]/action[43]@type: A=act_walk_left_2h_axe, B=act_stand_4, action_sets/action_set[89]/action[44]@animation: A=villager_walk_carry_axe, B=villager_walk_carry_over_head_v2_idle, action_sets/action_set[89]/action[44]@type: A=act_walk_backward_2h_axe, B=act_stand_5, action_sets/action_set[89]/action[45]@animation: A=villager_walk_carry_axe, B=villager_walk_carry_over_head_v2_idle, action_sets/action_set[89]/action[45]@type: A=act_walk_right_back_2h_axe, B=act_stand_6, action_sets/action_set[89]/action[46]@animation: A=villager_walk_carry_axe, B=villager_walk_carry_over_head_v2_idle, action_sets/action_set[89]/action[46]@type: A=act_walk_left_back_2h_axe, B=act_stand_7, action_sets/action_set[89]/action[47]@animation: A=villager_walk_carry_axe, B=villager_walk_carry_over_head_v2_idle, action_sets/action_set[89]/action[47]@type: A=act_walk_right_to_left_2h_axe, B=act_stand_8, action_sets/action_set[89]/action[48]@animation: A=villager_walk_carry_axe, B=villager_walk_carry_over_head_v2_idle, action_sets/action_set[89]/action[48]@type: A=act_walk_left_to_right_2h_axe, B=act_stand_9, action_sets/action_set[89]/action[49]@animation: A=villager_walk_carry_axe_idle, B=villager_walk_carry_over_head_v2_idle, action_sets/action_set[89]/action[49]@type: A=act_walk_idle_2h_axe_left_stance, B=act_stand_10, action_sets/action_set[89]/action[50]@animation: A=villager_walk_carry_axe, B=villager_walk_carry_over_head_v2_idle, action_sets/action_set[89]/action[50]@type: A=act_walk_forward_2h_axe_left_stance, B=act_customer_idle_1, action_sets/action_set[89]/action[51]@animation: A=villager_walk_carry_axe, B=villager_walk_carry_over_head_v2_idle, action_sets/action_set[89]/action[51]@type: A=act_walk_right_2h_axe_left_stance, B=act_customer_idle_2, action_sets/action_set[89]/action[52]@animation: A=villager_walk_carry_axe, B=villager_walk_carry_over_head_v2_idle, action_sets/action_set[89]/action[52]@type: A=act_walk_left_2h_axe_left_stance, B=act_customer_idle_3, action_sets/action_set[89]/action[53]@animation: A=villager_walk_carry_axe, B=villager_walk_carry_over_head_v2_idle, action_sets/action_set[89]/action[53]@type: A=act_walk_backward_2h_axe_left_stance, B=act_cheer_1, action_sets/action_set[89]/action[54]@animation: A=villager_walk_carry_axe, B=villager_walk_carry_over_head_v2_idle, action_sets/action_set[89]/action[54]@type: A=act_walk_right_back_2h_axe_left_stance, B=act_duel_spectator_1, action_sets/action_set[89]/action[55]@animation: A=villager_walk_carry_axe, B=villager_walk_carry_over_head_v2_idle, action_sets/action_set[89]/action[55]@type: A=act_walk_left_back_2h_axe_left_stance, B=act_duel_spectator_2, action_sets/action_set[89]/action[56]@animation: A=villager_walk_carry_axe, B=villager_walk_carry_over_head_v2_idle, action_sets/action_set[89]/action[56]@type: A=act_walk_right_to_left_2h_axe_left_stance, B=act_duel_spectator_3, action_sets/action_set[89]/action[57]@animation: A=villager_walk_carry_axe, B=villager_walk_carry_over_head_v2_idle, action_sets/action_set[89]/action[57]@type: A=act_walk_left_to_right_2h_axe_left_stance, B=act_duel_spectator_4, action_sets/action_set[89]/action[58]@animation: A=villager_walk_carry_axe_idle, B=villager_walk_carry_over_head_v2_idle, action_sets/action_set[89]/action[58]@type: A=act_run_idle_2h_axe, B=act_scared_reaction_1, action_sets/action_set[89]/action[59]@animation: A=villager_walk_carry_axe_idle, B=villager_walk_carry_over_head_v2_idle, action_sets/action_set[89]/action[59]@type: A=act_run_idle_2h_axe_left_stance, B=act_scared_reaction_2, action_sets/action_set[89]/action[60]@animation: A=villager_walk_carry_axe_idle, B=villager_walk_carry_over_head_v2_idle, action_sets/action_set[89]/action[60]@type: A=act_conversation_normal_start, B=act_scared_idle_1, action_sets/action_set[89]/action[61]@animation: A=villager_walk_carry_axe_idle, B=villager_walk_carry_over_head_v2_idle, action_sets/action_set[89]/action[61]@type: A=act_conversation_aggressive_start, B=act_scared_idle_2, action_sets/action_set[89]/action[62]@animation: A=villager_walk_carry_axe_idle, B=villager_walk_carry_over_head_v2_idle, action_sets/action_set[89]/action[62]@type: A=act_conversation_warrior_start, B=act_scared_idle_3, action_sets/action_set[89]/action[63]@animation: A=villager_walk_carry_axe_idle, B=anim_greeting_carry_head, action_sets/action_set[89]/action[63]@type: A=act_conversation_hip_start, B=act_greeting_front_1, action_sets/action_set[89]/action[64]@animation: A=villager_walk_carry_axe_idle, B=anim_greeting_carry_head, action_sets/action_set[89]/action[64]@type: A=act_conversation_closed_start, B=act_greeting_front_2, action_sets/action_set[89]/action[65]@animation: A=villager_walk_carry_axe_idle, B=anim_greeting_carry_head, action_sets/action_set[89]/action[65]@type: A=act_conversation_confident_start, B=act_greeting_front_3, action_sets/action_set[89]/action[66]@animation: A=villager_walk_carry_axe_idle, B=anim_greeting_carry_head, action_sets/action_set[89]/action[66]@type: A=act_conversation_confident2_start, B=act_greeting_front_4, action_sets/action_set[89]/action[67]@animation: A=villager_walk_carry_axe_idle, B=anim_greeting_carry_head, action_sets/action_set[89]/action[67]@type: A=act_conversation_demure_start, B=act_greeting_left_1, action_sets/action_set[89]/action[68]@animation: A=villager_walk_carry_axe_idle, B=anim_greeting_carry_head, action_sets/action_set[89]/action[68]@type: A=act_conversation_nervous_start, B=act_greeting_left_2, action_sets/action_set[89]/action[69]@animation: A=villager_walk_carry_axe_idle, B=anim_greeting_carry_head, action_sets/action_set[89]/action[69]@type: A=act_conversation_weary_start, B=act_greeting_left_3, action_sets/action_set[89]/action[70]@animation: A=villager_walk_carry_axe_idle, B=anim_greeting_carry_head, action_sets/action_set[89]/action[70]@type: A=act_conversation_normal_loop, B=act_greeting_left_4, action_sets/action_set[89]/action[71]@animation: A=villager_walk_carry_axe_idle, B=anim_greeting_carry_head, action_sets/action_set[89]/action[71]@type: A=act_conversation_aggressive_loop, B=act_greeting_right_1, action_sets/action_set[89]/action[72]@animation: A=villager_walk_carry_axe_idle, B=anim_greeting_carry_head, action_sets/action_set[89]/action[72]@type: A=act_conversation_warrior_loop, B=act_greeting_right_2, action_sets/action_set[89]/action[73]@animation: A=villager_walk_carry_axe_idle, B=anim_greeting_carry_head, action_sets/action_set[89]/action[73]@type: A=act_conversation_hip_loop, B=act_greeting_right_3, action_sets/action_set[89]/action[74]@animation: A=villager_walk_carry_axe_idle, B=anim_greeting_carry_head, action_sets/action_set[89]/action[74]@type: A=act_conversation_closed_loop, B=act_greeting_right_4, action_sets/action_set[89]/action[75]@animation: A=villager_walk_carry_axe_idle, B=anim_hangout_carry_head, action_sets/action_set[89]/action[75]@type: A=act_conversation_confident_loop, B=act_talk_to_1, action_sets/action_set[89]/action[76]@animation: A=villager_walk_carry_axe_idle, B=anim_hangout_carry_head, action_sets/action_set[89]/action[76]@type: A=act_conversation_confident2_loop, B=act_talk_to_2, action_sets/action_set[89]/action[77]@animation: A=villager_walk_carry_axe_idle, B=anim_hangout_carry_head, action_sets/action_set[89]/action[77]@type: A=act_conversation_demure_loop, B=act_talk_to_3, action_sets/action_set[89]/action[78]@animation: A=villager_walk_carry_axe_idle, B=anim_hangout_carry_head, action_sets/action_set[89]/action[78]@type: A=act_conversation_nervous_loop, B=act_talk_to_4, action_sets/action_set[89]/action[79]@animation: A=villager_walk_carry_axe_idle, B=anim_hangout_carry_head, action_sets/action_set[89]/action[79]@type: A=act_conversation_weary_loop, B=act_talk_to_5, action_sets/action_set[89]/action[80]@animation: A=villager_walk_carry_axe_idle, B=anim_hangout_carry_head, action_sets/action_set[89]/action[80]@type: A=act_stand_1, B=act_inspect_and_talk_to_right, action_sets/action_set[89]/action[81]@animation: A=villager_walk_carry_axe_idle, B=anim_hangout_carry_head, action_sets/action_set[89]/action[81]@type: A=act_stand_2, B=act_inspect_and_talk_to_left, action_sets/action_set[89]/action[82]@alternative_group: A=stand_alt, B=gossip_alt, action_sets/action_set[89]/action[82]@animation: A=villager_walk_carry_axe_idle, B=anim_hangout_carry_head, action_sets/action_set[89]/action[82]@type: A=act_stand_3, B=act_gossip, action_sets/action_set[89]/action[83]@alternative_group: A=stand_alt, B=gossip_alt, action_sets/action_set[89]/action[83]@animation: A=villager_walk_carry_axe_idle, B=anim_hangout_carry_head, action_sets/action_set[89]/action[83]@type: A=act_stand_4, B=act_gossip_2, action_sets/action_set[89]/action[84]@alternative_group: A=stand_alt, B=argue_alt, action_sets/action_set[89]/action[84]@animation: A=villager_walk_carry_axe_idle, B=anim_hangout_carry_head, action_sets/action_set[89]/action[84]@type: A=act_stand_5, B=act_argue, action_sets/action_set[89]/action[85]@alternative_group: A=stand_alt, B=argue_alt, action_sets/action_set[89]/action[85]@animation: A=villager_walk_carry_axe_idle, B=anim_hangout_carry_head, action_sets/action_set[89]/action[85]@type: A=act_stand_6, B=act_argue_2, action_sets/action_set[90]@base_set: A=as_human_villager_carry_axe, B=as_human_villager_carry_over_head_v2, action_sets/action_set[90]@id: A=as_human_female_villager_carry_axe, B=as_human_female_villager_carry_over_head_v2, action_sets/action_set[91]@id: A=as_human_villager_carry_right_side, B=as_human_villager_2, action_sets/action_set[91]/action[0]@animation: A=villager_walk_carry_right_side_idle, B=villager_walk_forward_female_b, action_sets/action_set[91]/action[0]@type: A=act_walk_idle_unarmed, B=act_walk_forward_unarmed, action_sets/action_set[91]/action[1]@animation: A=villager_walk_carry_right_side, B=villager_walk_forward_female_b, action_sets/action_set[91]/action[1]@type: A=act_walk_forward_unarmed, B=act_walk_right_unarmed, action_sets/action_set[91]/action[2]@animation: A=villager_walk_carry_right_side, B=villager_walk_forward_female_b, action_sets/action_set[91]/action[2]@type: A=act_walk_right_unarmed, B=act_walk_left_unarmed, action_sets/action_set[91]/action[3]@animation: A=villager_walk_carry_right_side, B=villager_walk_forward_female_b, action_sets/action_set[91]/action[3]@type: A=act_walk_left_unarmed, B=act_walk_backward_unarmed, action_sets/action_set[91]/action[4]@animation: A=villager_walk_carry_right_side, B=villager_walk_forward_female_b, action_sets/action_set[91]/action[4]@type: A=act_walk_backward_unarmed, B=act_walk_right_back_unarmed, action_sets/action_set[91]/action[5]@animation: A=villager_walk_carry_right_side, B=villager_walk_forward_female_b, action_sets/action_set[91]/action[5]@type: A=act_walk_right_back_unarmed, B=act_walk_left_back_unarmed, action_sets/action_set[91]/action[6]@animation: A=villager_walk_carry_right_side, B=villager_walk_forward_female_b, action_sets/action_set[91]/action[6]@type: A=act_walk_left_back_unarmed, B=act_walk_right_to_left_unarmed, action_sets/action_set[91]/action[7]@animation: A=villager_walk_carry_right_side, B=villager_walk_forward_female_b, action_sets/action_set[91]/action[7]@type: A=act_walk_right_to_left_unarmed, B=act_walk_left_to_right_unarmed, action_sets/action_set[91]/action[8]@animation: A=villager_walk_carry_right_side, B=villager_walk_forward_female_b, action_sets/action_set[91]/action[8]@type: A=act_walk_left_to_right_unarmed, B=act_walk_forward_unarmed_left_stance, action_sets/action_set[91]/action[9]@animation: A=villager_walk_carry_right_side_idle, B=villager_walk_forward_female_b, action_sets/action_set[91]/action[9]@type: A=act_walk_idle_unarmed_left_stance, B=act_walk_right_unarmed_left_stance, action_sets/action_set[91]/action[10]@animation: A=villager_walk_carry_right_side, B=villager_walk_forward_female_b, action_sets/action_set[91]/action[10]@type: A=act_walk_forward_unarmed_left_stance, B=act_walk_left_unarmed_left_stance, action_sets/action_set[91]/action[11]@animation: A=villager_walk_carry_right_side, B=villager_walk_forward_female_b, action_sets/action_set[91]/action[11]@type: A=act_walk_right_unarmed_left_stance, B=act_walk_backward_unarmed_left_stance, action_sets/action_set[91]/action[12]@animation: A=villager_walk_carry_right_side, B=villager_walk_forward_female_b, action_sets/action_set[91]/action[12]@type: A=act_walk_left_unarmed_left_stance, B=act_walk_right_back_unarmed_left_stance, action_sets/action_set[91]/action[13]@animation: A=villager_walk_carry_right_side, B=villager_walk_forward_female_b, action_sets/action_set[91]/action[13]@type: A=act_walk_backward_unarmed_left_stance, B=act_walk_left_back_unarmed_left_stance, action_sets/action_set[91]/action[14]@animation: A=villager_walk_carry_right_side, B=villager_walk_forward_female_b, action_sets/action_set[91]/action[14]@type: A=act_walk_right_back_unarmed_left_stance, B=act_walk_right_to_left_unarmed_left_stance, action_sets/action_set[91]/action[15]@animation: A=villager_walk_carry_right_side, B=villager_walk_forward_female_b, action_sets/action_set[91]/action[15]@type: A=act_walk_left_back_unarmed_left_stance, B=act_walk_left_to_right_unarmed_left_stance, action_sets/action_set[92]@base_set: A=as_human_villager_carry_right_side, B=as_human_villager, action_sets/action_set[92]@id: A=as_human_female_villager_carry_right_side, B=as_human_female_villager_2, action_sets/action_set[93]@id: A=as_human_villager_carry_front_v2, B=as_human_villager_3, action_sets/action_set[93]/action[0]@animation: A=villager_walk_carry_front_v2_idle, B=villager_walk_merchant, action_sets/action_set[93]/action[0]@type: A=act_walk_idle_unarmed, B=act_walk_forward_unarmed, action_sets/action_set[93]/action[1]@animation: A=villager_walk_carry_front_v2, B=villager_walk_merchant, action_sets/action_set[93]/action[1]@type: A=act_walk_forward_unarmed, B=act_walk_right_unarmed, action_sets/action_set[93]/action[2]@animation: A=villager_walk_carry_front_v2, B=villager_walk_merchant, action_sets/action_set[93]/action[2]@type: A=act_walk_right_unarmed, B=act_walk_left_unarmed, action_sets/action_set[93]/action[3]@animation: A=villager_walk_carry_front_v2, B=villager_walk_merchant, action_sets/action_set[93]/action[3]@type: A=act_walk_left_unarmed, B=act_walk_backward_unarmed, action_sets/action_set[93]/action[4]@animation: A=villager_walk_carry_front_v2, B=villager_walk_merchant, action_sets/action_set[93]/action[4]@type: A=act_walk_backward_unarmed, B=act_walk_right_back_unarmed, action_sets/action_set[93]/action[5]@animation: A=villager_walk_carry_front_v2, B=villager_walk_merchant, action_sets/action_set[93]/action[5]@type: A=act_walk_right_back_unarmed, B=act_walk_left_back_unarmed, action_sets/action_set[93]/action[6]@animation: A=villager_walk_carry_front_v2, B=villager_walk_merchant, action_sets/action_set[93]/action[6]@type: A=act_walk_left_back_unarmed, B=act_walk_right_to_left_unarmed, action_sets/action_set[93]/action[7]@animation: A=villager_walk_carry_front_v2, B=villager_walk_merchant, action_sets/action_set[93]/action[7]@type: A=act_walk_right_to_left_unarmed, B=act_walk_left_to_right_unarmed, action_sets/action_set[93]/action[8]@animation: A=villager_walk_carry_front_v2, B=villager_walk_merchant, action_sets/action_set[93]/action[8]@type: A=act_walk_left_to_right_unarmed, B=act_walk_forward_unarmed_left_stance, action_sets/action_set[93]/action[9]@animation: A=villager_walk_carry_front_v2_idle, B=villager_walk_merchant, action_sets/action_set[93]/action[9]@type: A=act_walk_idle_unarmed_left_stance, B=act_walk_right_unarmed_left_stance, action_sets/action_set[93]/action[10]@animation: A=villager_walk_carry_front_v2, B=villager_walk_merchant, action_sets/action_set[93]/action[10]@type: A=act_walk_forward_unarmed_left_stance, B=act_walk_left_unarmed_left_stance, action_sets/action_set[93]/action[11]@animation: A=villager_walk_carry_front_v2, B=villager_walk_merchant, action_sets/action_set[93]/action[11]@type: A=act_walk_right_unarmed_left_stance, B=act_walk_backward_unarmed_left_stance, action_sets/action_set[93]/action[12]@animation: A=villager_walk_carry_front_v2, B=villager_walk_merchant, action_sets/action_set[93]/action[12]@type: A=act_walk_left_unarmed_left_stance, B=act_walk_right_back_unarmed_left_stance, action_sets/action_set[93]/action[13]@animation: A=villager_walk_carry_front_v2, B=villager_walk_merchant, action_sets/action_set[93]/action[13]@type: A=act_walk_backward_unarmed_left_stance, B=act_walk_left_back_unarmed_left_stance, action_sets/action_set[93]/action[14]@animation: A=villager_walk_carry_front_v2, B=villager_walk_merchant, action_sets/action_set[93]/action[14]@type: A=act_walk_right_back_unarmed_left_stance, B=act_walk_right_to_left_unarmed_left_stance, action_sets/action_set[93]/action[15]@animation: A=villager_walk_carry_front_v2, B=villager_walk_merchant, action_sets/action_set[93]/action[15]@type: A=act_walk_left_back_unarmed_left_stance, B=act_walk_left_to_right_unarmed_left_stance, action_sets/action_set[94]@base_set: A=as_human_villager_carry_front_v2, B=as_human_villager_3, action_sets/action_set[94]@id: A=as_human_female_villager_carry_front_v2, B=as_human_female_villager_3, action_sets/action_set[95]@base_set: A=as_human_villager, B=as_horse, action_sets/action_set[95]@id: A=as_human_villager_carry_front, B=as_horse_map, action_sets/action_set[95]/action[0]@animation: A=villager_walk_carry_front_idle, B=map_horse_attack_1h, action_sets/action_set[95]/action[0]@type: A=act_walk_idle_unarmed, B=act_map_mount_attack_1h, action_sets/action_set[95]/action[1]@animation: A=villager_walk_carry_front, B=map_horse_attack_spear, action_sets/action_set[95]/action[1]@type: A=act_walk_forward_unarmed, B=act_map_mount_attack_spear, action_sets/action_set[95]/action[2]@animation: A=villager_walk_carry_front, B=map_mount_attack_swing, action_sets/action_set[95]/action[2]@type: A=act_walk_right_unarmed, B=act_map_mount_attack_swing, action_sets/action_set[95]/action[3]@animation: A=villager_walk_carry_front, B=map_horse_attack_unarmed, action_sets/action_set[95]/action[3]@type: A=act_walk_left_unarmed, B=act_map_mount_attack_unarmed, action_sets/action_set[95]/action[4]@animation: A=villager_walk_carry_front, B=convo_start_normal_female1, action_sets/action_set[95]/action[4]@type: A=act_walk_backward_unarmed, B=act_conversation_normal_start, action_sets/action_set[95]/action[5]@animation: A=villager_walk_carry_front, B=convo_stand_normal_female1, action_sets/action_set[95]/action[5]@type: A=act_walk_right_back_unarmed, B=act_conversation_normal_loop, action_sets/action_set[95]/action[6]@animation: A=villager_walk_carry_front, B=convo_start_normal_female2, action_sets/action_set[95]/action[6]@type: A=act_walk_left_back_unarmed, B=act_conversation_normal2_start, action_sets/action_set[95]/action[7]@animation: A=villager_walk_carry_front, B=convo_stand_normal_female2, action_sets/action_set[95]/action[7]@type: A=act_walk_right_to_left_unarmed, B=act_conversation_normal2_loop, action_sets/action_set[95]/action[8]@animation: A=villager_walk_carry_front, B=convo_start_closed_female1, action_sets/action_set[95]/action[8]@type: A=act_walk_left_to_right_unarmed, B=act_conversation_closed_start, action_sets/action_set[95]/action[9]@animation: A=villager_walk_carry_front_idle, B=convo_stand_closed_female1, action_sets/action_set[95]/action[9]@type: A=act_walk_idle_unarmed_left_stance, B=act_conversation_closed_loop, action_sets/action_set[95]/action[10]@animation: A=villager_walk_carry_front, B=convo_start_closed_female2, action_sets/action_set[95]/action[10]@type: A=act_walk_forward_unarmed_left_stance, B=act_conversation_closed2_start, action_sets/action_set[95]/action[11]@animation: A=villager_walk_carry_front, B=convo_stand_closed_female2, action_sets/action_set[95]/action[11]@type: A=act_walk_right_unarmed_left_stance, B=act_conversation_closed2_loop, action_sets/action_set[95]/action[12]@animation: A=villager_walk_carry_front, B=convo_start_confident_female1, action_sets/action_set[95]/action[12]@type: A=act_walk_left_unarmed_left_stance, B=act_conversation_confident_start, action_sets/action_set[95]/action[13]@animation: A=villager_walk_carry_front, B=convo_stand_confident_female1, action_sets/action_set[95]/action[13]@type: A=act_walk_backward_unarmed_left_stance, B=act_conversation_confident_loop, action_sets/action_set[95]/action[14]@animation: A=villager_walk_carry_front, B=convo_start_confident_female2, action_sets/action_set[95]/action[14]@type: A=act_walk_right_back_unarmed_left_stance, B=act_conversation_confident2_start, action_sets/action_set[95]/action[15]@animation: A=villager_walk_carry_front, B=convo_stand_confident_female2, action_sets/action_set[95]/action[15]@type: A=act_walk_left_back_unarmed_left_stance, B=act_conversation_confident2_loop, action_sets/action_set[95]/action[16]@animation: A=villager_walk_carry_front, B=convo_start_hip_female1, action_sets/action_set[95]/action[16]@type: A=act_walk_right_to_left_unarmed_left_stance, B=act_conversation_hip_start, action_sets/action_set[95]/action[17]@animation: A=villager_walk_carry_front, B=convo_stand_hip_female1, action_sets/action_set[95]/action[17]@type: A=act_walk_left_to_right_unarmed_left_stance, B=act_conversation_hip_loop, action_sets/action_set[96]@base_set: A=as_human_villager_carry_front, B=as_horse_2, action_sets/action_set[96]@id: A=as_human_female_villager_carry_front, B=as_horse_2_map, action_sets/action_set[97]@base_set: A=as_human_villager, B=as_camel, action_sets/action_set[97]@id: A=as_human_villager_carry_right_hand, B=as_camel_map, action_sets/action_set[97]/action[0]@animation: A=villager_walk_carry_right_hand_idle, B=map_camel_attack_1h, action_sets/action_set[97]/action[0]@type: A=act_walk_idle_unarmed, B=act_map_mount_attack_1h, action_sets/action_set[97]/action[1]@animation: A=villager_walk_carry_right_hand, B=map_camel_attack_swing, action_sets/action_set[97]/action[1]@type: A=act_walk_forward_unarmed, B=act_map_mount_attack_swing, action_sets/action_set[97]/action[2]@animation: A=villager_walk_carry_right_hand, B=map_camel_attack_spear, action_sets/action_set[97]/action[2]@type: A=act_walk_right_unarmed, B=act_map_mount_attack_spear, action_sets/action_set[97]/action[3]@animation: A=villager_walk_carry_right_hand, B=map_camel_attack_unarmed, action_sets/action_set[97]/action[3]@type: A=act_walk_left_unarmed, B=act_map_mount_attack_unarmed, action_sets/action_set[98]@base_set: A=as_human_villager_carry_right_hand, B=as_human_warrior, action_sets/action_set[98]@id: A=as_human_female_villager_carry_right_hand, B=as_human_poses
  已通过 BannerlordModEditor.Common.Tests.DebugActionSetsTest.Debug_ActionSets_Deserialization_Serialization [287 ms]
  已通过 BannerlordModEditor.Common.Tests.ManagedCoreParametersXmlTests.ManagedCoreParameters_RoundTripSerialization_MaintainsData [9 ms]
  已通过 BannerlordModEditor.Common.Tests.ManagedCoreParametersXmlTests.ManagedCoreParameters_FromActualFile_CanDeserializeCorrectly [< 1 ms]
  已通过 BannerlordModEditor.Common.Tests.ManagedCoreParametersXmlTests.ManagedCoreParameters_AirFrictionParameters_HaveLogicalValues [< 1 ms]
  已通过 BannerlordModEditor.Common.Tests.ManagedCoreParametersXmlTests.ManagedCoreParameters_DamageThresholdParameters_HaveConsistentValues [2 ms]
  已通过 BannerlordModEditor.Common.Tests.ManagedCoreParametersXmlTests.ManagedCoreParameters_WithStunParameters_CanDeserializeFromXml [< 1 ms]
  已通过 BannerlordModEditor.Common.Tests.ManagedCoreParametersXmlTests.ManagedCoreParameters_WithCombatParameters_CanDeserializeFromXml [< 1 ms]
  已通过 BannerlordModEditor.Common.Tests.ManagedCoreParametersXmlTests.ManagedCoreParameters_CanDeserializeFromXml [< 1 ms]
  已通过 BannerlordModEditor.Common.Tests.ManagedCoreParametersXmlTests.ManagedCoreParameters_CanSerializeToXml [< 1 ms]
原始XML元素数量: 22818
序列化后XML元素数量: 22818
原始XML属性数量: 46787
序列化后XML属性数量: 46787
缺失的元素类型统计:
原始curve元素数量: 684
序列化后curve元素数量: 684
原始keys元素数量: 1124
序列化后keys元素数量: 1124
原始key元素数量: 2761
序列化后key元素数量: 2761
空的curve元素数量: 0
空的keys元素数量: 2
第一个curve元素:
  父元素: parameter
  属性: name=particle_life, version=1, default=1.000, curve_multiplier=0.050
  子元素: keys
  是否为空: False
Original XML length: 6086
Root element: base
Definitions element exists: True
CombatParameters element exists: True
Definitions count: 95
CombatParameters count: 0
Definitions: BannerlordModEditor.Common.Models.DO.DefinitionsDO
Definitions.Defs count: 95
CombatParametersList count: 0
HasDefinitions: True
Type: combat_parameters
Serialized XML length: 5828
Serialized Root element: base
Serialized Definitions element exists: True
Serialized CombatParameters element exists: True
Serialized Definitions count: 95
Serialized CombatParameters count: 0
Debug files saved to: Debug/combat_parameters_debug_20250818_013403
IsStructurallyEqual: True
NodeCountDifference: 
AttributeCountDifference: 
MissingNodes: 
ExtraNodes: 
Original - Nodes: 98, Attributes: 193
Serialized - Nodes: 98, Attributes: 191
  已通过 BannerlordModEditor.Common.Tests.ManagedCoreParametersXmlTests.ManagedCoreParameters_EmptyFile_HandlesGracefully [< 1 ms]
  已通过 BannerlordModEditor.Common.Tests.ManagedCoreParametersXmlTests.ManagedCoreParameters_ValidateNumericValuesCanBeParsed [< 1 ms]
  已通过 BannerlordModEditor.Common.Tests.ManagedCoreParametersXmlTests.ManagedCoreParameters_ValidateParameterIdUniqueness [< 1 ms]
  已通过 BannerlordModEditor.Common.Tests.ParticleSystemsDetailedAnalysisTest.Analyze_ParticleSystems_Differences [903 ms]
  已通过 BannerlordModEditor.Common.Tests.CombatParametersDetailedDebugTest.CombatParameters_Full_Detailed_Debug [4 ms]
  已通过 BannerlordModEditor.Common.Tests.NativeParametersXmlTests.NativeParameters_ValidateDataIntegrity_ShouldPassBasicChecks [8 ms]
  已通过 BannerlordModEditor.Common.Tests.NativeParametersXmlTests.NativeParameters_LoadAndSave_ShouldBeLogicallyIdentical [2 ms]
  已通过 BannerlordModEditor.Common.Tests.MusicParametersXmlTests.MusicParameters_LoadAndSave_ShouldBeLogicallyIdentical [5 ms]
  已通过 BannerlordModEditor.Common.Tests.MusicParametersXmlTests.MusicParameters_LoadWithMissingOrEmptyFields_ShouldHandleOptionalNodes [< 1 ms]
Missing entire path: base/widgets[0]/widget[107]/sub_widgets[1]
Missing entire path: base/widgets[0]/widget[107]/sub_widgets[1]/sub_widget[0]
Total original attributes: 1220
Total serialized attributes: 1210
Difference: 10
  已通过 BannerlordModEditor.Common.Tests.MusicParametersXmlTests.MusicParameters_ValidateDataIntegrity_ShouldPassBasicChecks [< 1 ms]
  已通过 BannerlordModEditor.Common.Tests.FindMissingAttributeTest.Find_Single_Missing_Attribute [38 ms]
  已通过 BannerlordModEditor.Common.Tests.Services.FileDiscoveryServiceTests.ConvertToModelName_ShouldConvertCorrectly(input: "", expected: "") [< 1 ms]
  已通过 BannerlordModEditor.Common.Tests.Services.FileDiscoveryServiceTests.ConvertToModelName_ShouldConvertCorrectly(input: "action_types", expected: "ActionTypes") [< 1 ms]
  已通过 BannerlordModEditor.Common.Tests.Services.FileDiscoveryServiceTests.ConvertToModelName_ShouldConvertCorrectly(input: "some_file_name", expected: "SomeFileName") [< 1 ms]
  已通过 BannerlordModEditor.Common.Tests.Services.FileDiscoveryServiceTests.ConvertToModelName_ShouldConvertCorrectly(input: "simple_name", expected: "SimpleName") [< 1 ms]
  已通过 BannerlordModEditor.Common.Tests.Services.FileDiscoveryServiceTests.ConvertToModelName_ShouldConvertCorrectly(input: "mp_items", expected: "MpItems") [< 1 ms]
  已通过 BannerlordModEditor.Common.Tests.Services.FileDiscoveryServiceTests.ModelExists_WithNonExistingModel_ShouldReturnFalse [< 1 ms]
  已通过 BannerlordModEditor.Common.Tests.Services.FileDiscoveryServiceTests.FindUnadaptedFilesAsync_ShouldSetCorrectFileProperties [13 ms]
--- Serialized XML ---
<?xml version="1.0" encoding="utf-8"?>
<action_sets>
  <action_set id="as_human_warrior" movement_system="bipedal" skeleton="human_skeleton">
    <action animation="pose_cavalry_sword" type="act_troop_cavalry_sword" />
    <action animation="inventory_idle_start" type="act_inventory_idle_start" />
  </action_set>
  <action_set base_set="as_human_warrior" id="as_human_female_warrior">
    <action animation="female_stand_non_combat" type="act_run_idle_unarmed" />
    <action animation="female_run_forward_unarmed" type="act_run_forward_unarmed" />
  </action_set>
  <action_set id="as_sheep" movement_system="quadrupedal" skeleton="sheep_skeleton_01">
    <action animation="sheep_graze" type="act_graze" />
  </action_set>
</action_sets>
--- Diff Report ---
IsStructurallyEqual: True
NodeCountDifference: 
AttributeCountDifference: 
Testing with 50 action sets
Deserialized 50 action sets
--- Diff Report ---
IsStructurallyEqual: True
NodeCountDifference: 
AttributeCountDifference: 
Total action sets in file: 99
No breaking point found up to full file size
Testing with 99 action sets
Deserialized 99 action sets
--- Diff Report ---
IsStructurallyEqual: True
NodeCountDifference: 
AttributeCountDifference: 
=== 开始简单调试测试 ===
反序列化成功: Effects数量 = 96
再序列化成功: 长度 = 1532248
原始XML: 元素=22818, 属性=46787
序列化XML: 元素=22818, 属性=46787
差异: 元素=0, 属性=0
结构化相等: True
文件已输出到 /tmp/ 目录
  已通过 BannerlordModEditor.Common.Tests.Services.FileDiscoveryServiceTests.FindUnadaptedFilesAsync_ShouldOrderByComplexity [19 ms]
  已通过 BannerlordModEditor.Common.Tests.Services.FileDiscoveryServiceTests.ModelExists_WithExistingModel_ShouldReturnTrue [< 1 ms]
  已通过 BannerlordModEditor.Common.Tests.Services.FileDiscoveryServiceTests.FindUnadaptedFilesAsync_ShouldReturnUnadaptedFiles [12 ms]
  已通过 BannerlordModEditor.Common.Tests.Services.FileDiscoveryServiceTests.ConvertToModelName_WithXmlExtension_ShouldRemoveExtension [< 1 ms]
  已通过 BannerlordModEditor.Common.Tests.SimpleActionSetsTest.Test_Small_Section_ActionSets [< 1 ms]
  已通过 BannerlordModEditor.Common.Tests.SimpleActionSetsTest.Test_First_50_ActionSets [166 ms]
  已通过 BannerlordModEditor.Common.Tests.SimpleActionSetsTest.FindBreakingPoint [7 ms]
  已通过 BannerlordModEditor.Common.Tests.SimpleActionSetsTest.Test_First_200_ActionSets [213 ms]
  已通过 BannerlordModEditor.Common.Tests.SimpleParticleSystemsDebugTest.Simple_Debug_Test [524 ms]
Original sub_widgets: 104
Serialized sub_widgets: 104
Total original attributes: 1220
Total serialized attributes: 1220
Difference: 0
Difference percentage: 0.00%
Widget 111 in object: name=facegen_arrow_down, type=Button_widget
Widget 112 in object: name=facegen_selection, type=Selection_widget
Widget 111 sub_widgets count: 1
  SubWidget[0]: name=label, ref=text
Widget 112 sub_widgets count: 3
  SubWidget[0]: name=label, ref=text
  SubWidget[1]: name=inc_button, ref=transparent_button
  SubWidget[2]: name=dec_button, ref=transparent_button
Widget 111 in serialized XML: name=facegen_arrow_down
Widget 112 in serialized XML: name=facegen_selection
Widget 111 sub_widgets count in serialized: 1
  SubWidget[0]: name=label, ref=text
  已通过 BannerlordModEditor.Common.Tests.SimpleFinalAnalysisTest.Quick_Analysis [7 ms]
  已通过 BannerlordModEditor.Common.Tests.ManagedCampaignParametersXmlTests.ManagedCampaignParameters_RoundTrip_StructuralEquality [10 ms]
  已通过 BannerlordModEditor.Common.Tests.Widget111ProblemTest.Analyze_Widget111_Problem [5 ms]
  已通过 BannerlordModEditor.Common.Tests.HybridXml.HybridXmlArchitectureIntegrationTests.XmlDocumentMerger_LoadAndMerge_ShouldWorkCorrectly [< 1 ms]
  已通过 BannerlordModEditor.Common.Tests.HybridXml.HybridXmlArchitectureIntegrationTests.LooknfeelMapper_GeneratePatch_ShouldDetectChanges [< 1 ms]
  已通过 BannerlordModEditor.Common.Tests.HybridXml.HybridXmlArchitectureIntegrationTests.LooknfeelMapper_Validate_ShouldWorkCorrectly [1 ms]
  已通过 BannerlordModEditor.Common.Tests.HybridXml.HybridXmlArchitectureIntegrationTests.LoadAndSave_LooknfeelXml_ShouldPreserveStructure [< 1 ms]
  已通过 BannerlordModEditor.Common.Tests.HybridXml.HybridXmlArchitectureIntegrationTests.LooknfeelMapper_FromXElementAndToXElement_ShouldBeSymmetric [< 1 ms]
  已通过 BannerlordModEditor.Common.Tests.MapTreeTypesXmlTests.MapTreeTypes_LoadAndSave_ShouldBeLogicallyIdentical [8 ms]
Widget 107 original name: facegen_reset_button
Widget 107 serialized name: facegen_reset_button
Original sub_widgets: exists
Serialized sub_widgets: exists
Original sub_widgets count: 1
  Original sub_widget[0]: name=label, ref=text
Serialized sub_widgets count: 1
  Serialized sub_widget[0]: name=label, ref=text
=== Object Model Analysis ===
Widget 107 in object: name=facegen_reset_button, type=Button_widget
SubWidgets in object: count=1
  SubWidget[0]: name=label, ref=text
--- Diff Report ---
IsStructurallyEqual: True
NodeCountDifference: 
AttributeCountDifference: 
  已通过 BannerlordModEditor.Common.Tests.MapTreeTypesXmlTests.MapTreeTypes_ValidateDataIntegrity_ShouldPassBasicChecks [< 1 ms]
  已通过 BannerlordModEditor.Common.Tests.CreditsXmlTests.CreditsXml_RoundTrip_StructuralEquality [6 ms]
  已通过 BannerlordModEditor.Common.Tests.CraftingTemplatesXmlTests.CraftingTemplates_RoundTrip_StructuralEquality(filePath: "TestData/crafting_templates.xml") [18 ms]
  已通过 BannerlordModEditor.Common.Tests.CraftingTemplatesXmlTests.CraftingTemplates_RoundTrip_StructuralEquality(filePath: "TestData/crafting_templates_part1.xml") [< 1 ms]
  已通过 BannerlordModEditor.Common.Tests.CraftingTemplatesXmlTests.CraftingTemplates_RoundTrip_StructuralEquality(filePath: "TestData/crafting_templates_part2.xml") [< 1 ms]
  已通过 BannerlordModEditor.Common.Tests.DetailedSubWidgetTest.Analyze_SubWidget_Structure [5 ms]
  已通过 BannerlordModEditor.Common.Tests.ActionTypesDebugTest.ActionTypesSimpleTest [4 ms]
  已通过 BannerlordModEditor.Common.Tests.LayeredParticleSystemsTests.DTO_Layer_Should_Provide_Numeric_Properties [< 1 ms]
  已通过 BannerlordModEditor.Common.Tests.LayeredParticleSystemsTests.Mapping_Between_DO_And_DTO_Should_Work_For_ParticleSystems [7 ms]
  已通过 BannerlordModEditor.Common.Tests.LayeredParticleSystemsTests.DTO_Setter_Methods_Should_Convert_To_String [2 ms]
  已通过 BannerlordModEditor.Common.Tests.LayeredParticleSystemsTests.DO_Layer_Should_Serialize_ParticleSystems_Correctly [8 ms]
  已通过 BannerlordModEditor.Common.Tests.LayeredParticleSystemsTests.Full_ParticleSystems_RoundTrip_Should_Work_With_Layered_Architecture [33 ms]
  已通过 BannerlordModEditor.Common.Tests.PrebakedAnimationsXmlTests.PrebakedAnimations_RoundTrip_StructuralEquality [73 ms]
  已通过 BannerlordModEditor.Common.Tests.DecalTexturesMultiplayerXmlTests.DecalTexturesMultiplayer_RoundTrip_StructuralEquality [7 ms]
  已通过 BannerlordModEditor.Common.Tests.CollisionInfosXmlTests.CollisionInfos_CanBeDeserializedAndSerialized_StructurallyEqual [9 ms]
  已通过 BannerlordModEditor.Common.Tests.SoundAndCoreParametersTests.ManagedCoreParameters_LoadAndSave_ShouldBeLogicallyIdentical [6 ms]
  已通过 BannerlordModEditor.Common.Tests.SoundAndCoreParametersTests.SoundFiles_LoadAndSave_ShouldBeLogicallyIdentical [7 ms]
  已通过 BannerlordModEditor.Common.Tests.SoundAndCoreParametersTests.ManagedCoreParameters_NumericPrecision_ShouldBePreserved [< 1 ms]
XML Length: 38760
XML Start: <?xml version="1.0" encoding="utf-8"?>
<base xmlns:xsi="http://www.w3.org/2001/XMLSchema-instance" 
BannerIconGroups count: 6
Serialized XML Length: 33422
Serialized XML Start: <?xml version="1.0" encoding="utf-8"?>
<base type="string">
  <!--Looters-->
  <!--Steppe Bandits-->
  已通过 BannerlordModEditor.Common.Tests.SoundAndCoreParametersTests.ManagedCoreParameters_ParameterCategories_ShouldBeCategorized [< 1 ms]
  已通过 BannerlordModEditor.Common.Tests.SoundAndCoreParametersTests.SoundFiles_DecompressSettings_ShouldBeCorrect [< 1 ms]
  已通过 BannerlordModEditor.Common.Tests.BannerIconsXmlTests.BannerIcons_RoundTrip_StructuralEquality [18 ms]
  已通过 BannerlordModEditor.Common.Tests.SimpleParametersAndSystemsTests.GpuParticleSystems_NumericPrecision_ShouldBePreserved [8 ms]
  已通过 BannerlordModEditor.Common.Tests.SimpleParametersAndSystemsTests.GpuParticleSystems_LoadAndSave_ShouldBeLogicallyIdentical [1 ms]
  已通过 BannerlordModEditor.Common.Tests.SimpleParametersAndSystemsTests.ManagedCampaignParameters_LoadAndSave_ShouldBeLogicallyIdentical [5 ms]
  已通过 BannerlordModEditor.Common.Tests.SimpleParametersAndSystemsTests.SpecialMeshes_LoadAndSave_ShouldBeLogicallyIdentical [8 ms]
  已通过 BannerlordModEditor.Common.Tests.SimpleBannerIconsTest.Simple_BannerIcons_Test [20 ms]
  已通过 BannerlordModEditor.Common.Tests.PartiesXmlTests.Parties_LoadAndSave_ShouldBeLogicallyIdentical [9 ms]
[xUnit.net 00:00:06.16]       Assert.True() Failure
[xUnit.net 00:00:06.16]       Expected: True
[xUnit.net 00:00:06.16]       Actual:   False
[xUnit.net 00:00:06.16]       Stack Trace:
[xUnit.net 00:00:06.16]         /root/WorkSpace/CSharp/BannerlordModEditor/BannerlordModEditor.Common.Tests/VoiceDefinitionsXmlTests.cs(231,0): at BannerlordModEditor.Common.Tests.VoiceDefinitionsXmlTests.VoiceDefinitions_OnlyVoiceTypeDeclarationsHandledCorrectly()
[xUnit.net 00:00:06.16]            at System.RuntimeMethodHandle.InvokeMethod(Object target, Void** arguments, Signature sig, Boolean isConstructor)
[xUnit.net 00:00:06.16]            at System.Reflection.MethodBaseInvoker.InvokeWithNoArgs(Object obj, BindingFlags invokeAttr)
  已通过 BannerlordModEditor.Common.Tests.PartiesXmlTests.Parties_ValidateDataIntegrity_ShouldPassBasicChecks [< 1 ms]
  已通过 BannerlordModEditor.Common.Tests.DebugCombatParameters.CombatParameters_DebugStructuralIssues [10 ms]
  已通过 BannerlordModEditor.Common.Tests.SpecialMeshesXmlTests.SpecialMeshes_ValidateDataIntegrity_ShouldPassBasicChecks [7 ms]
  已通过 BannerlordModEditor.Common.Tests.SpecialMeshesXmlTests.SpecialMeshes_LoadAndSave_ShouldBeLogicallyIdentical [2 ms]
  已通过 BannerlordModEditor.Common.Tests.ParticleSystemsHardcodedMiscDetailedDebugTest.Debug_ParticleSystemsHardcodedMisc1_DetailedAnalysis [426 ms]
  已通过 BannerlordModEditor.Common.Tests.MpItemsXmlSerializationTests.MpItemsDO_XmlSerialization_ShouldPreserveNamespaceAndStructure [18 ms]
  已通过 BannerlordModEditor.Common.Tests.MpItemsXmlSerializationTests.MpItemsDO_ToDTO_ToDO_XmlSerialization_ShouldBeConsistent [3 ms]
  已通过 BannerlordModEditor.Common.Tests.VoiceDefinitionsXmlTests.VoiceDefinitions_EmptyXmlHandledCorrectly [4 ms]
  失败 BannerlordModEditor.Common.Tests.VoiceDefinitionsXmlTests.VoiceDefinitions_OnlyVoiceTypeDeclarationsHandledCorrectly [1 ms]
  错误消息:
   Assert.True() Failure
Expected: True
Actual:   False
  堆栈跟踪:
     at BannerlordModEditor.Common.Tests.VoiceDefinitionsXmlTests.VoiceDefinitions_OnlyVoiceTypeDeclarationsHandledCorrectly() in /root/WorkSpace/CSharp/BannerlordModEditor/BannerlordModEditor.Common.Tests/VoiceDefinitionsXmlTests.cs:line 231
   at System.RuntimeMethodHandle.InvokeMethod(Object target, Void** arguments, Signature sig, Boolean isConstructor)
   at System.Reflection.MethodBaseInvoker.InvokeWithNoArgs(Object obj, BindingFlags invokeAttr)
[xUnit.net 00:00:06.16]       Assert.Equal() Failure: Values differ
[xUnit.net 00:00:06.16]       Expected: True
[xUnit.net 00:00:06.16]       Actual:   False
[xUnit.net 00:00:06.16]       Stack Trace:
[xUnit.net 00:00:06.16]         /root/WorkSpace/CSharp/BannerlordModEditor/BannerlordModEditor.Common.Tests/VoiceDefinitionsXmlTests.cs(165,0): at BannerlordModEditor.Common.Tests.VoiceDefinitionsXmlTests.VoiceDefinitions_RoundTripPreservesData()
[xUnit.net 00:00:06.16]            at System.RuntimeMethodHandle.InvokeMethod(Object target, Void** arguments, Signature sig, Boolean isConstructor)
[xUnit.net 00:00:06.16]            at System.Reflection.MethodBaseInvoker.InvokeWithNoArgs(Object obj, BindingFlags invokeAttr)
[xUnit.net 00:00:06.16]       Assert.True() Failure
[xUnit.net 00:00:06.16]       Expected: True
[xUnit.net 00:00:06.16]       Actual:   False
[xUnit.net 00:00:06.16]       Stack Trace:
[xUnit.net 00:00:06.16]         /root/WorkSpace/CSharp/BannerlordModEditor/BannerlordModEditor.Common.Tests/VoiceDefinitionsXmlTests.cs(35,0): at BannerlordModEditor.Common.Tests.VoiceDefinitionsXmlTests.VoiceDefinitions_CanDeserializeFromXml()
[xUnit.net 00:00:06.16]            at System.RuntimeMethodHandle.InvokeMethod(Object target, Void** arguments, Signature sig, Boolean isConstructor)
[xUnit.net 00:00:06.16]            at System.Reflection.MethodBaseInvoker.InvokeWithNoArgs(Object obj, BindingFlags invokeAttr)
  失败 BannerlordModEditor.Common.Tests.VoiceDefinitionsXmlTests.VoiceDefinitions_RoundTripPreservesData [3 ms]
  错误消息:
   Assert.Equal() Failure: Values differ
Expected: True
Actual:   False
  堆栈跟踪:
     at BannerlordModEditor.Common.Tests.VoiceDefinitionsXmlTests.VoiceDefinitions_RoundTripPreservesData() in /root/WorkSpace/CSharp/BannerlordModEditor/BannerlordModEditor.Common.Tests/VoiceDefinitionsXmlTests.cs:line 165
   at System.RuntimeMethodHandle.InvokeMethod(Object target, Void** arguments, Signature sig, Boolean isConstructor)
   at System.Reflection.MethodBaseInvoker.InvokeWithNoArgs(Object obj, BindingFlags invokeAttr)
  已通过 BannerlordModEditor.Common.Tests.VoiceDefinitionsXmlTests.VoiceDefinitions_CanSerializeToXml [< 1 ms]
  已通过 BannerlordModEditor.Common.Tests.VoiceDefinitionsXmlTests.VoiceDefinitions_OnlyVoiceDefinitionsHandledCorrectly [< 1 ms]
  失败 BannerlordModEditor.Common.Tests.VoiceDefinitionsXmlTests.VoiceDefinitions_CanDeserializeFromXml [< 1 ms]
  错误消息:
   Assert.True() Failure
Expected: True
Actual:   False
  堆栈跟踪:
     at BannerlordModEditor.Common.Tests.VoiceDefinitionsXmlTests.VoiceDefinitions_CanDeserializeFromXml() in /root/WorkSpace/CSharp/BannerlordModEditor/BannerlordModEditor.Common.Tests/VoiceDefinitionsXmlTests.cs:line 35
   at System.RuntimeMethodHandle.InvokeMethod(Object target, Void** arguments, Signature sig, Boolean isConstructor)
   at System.Reflection.MethodBaseInvoker.InvokeWithNoArgs(Object obj, BindingFlags invokeAttr)
  已通过 BannerlordModEditor.Common.Tests.ActionTypesXmlTests.ActionTypes_SubsetXmls_RoundTrip_StructuralEquality(subsetPath: "/root/WorkSpace/CSharp/BannerlordModEditor/Bannerl"···) [7 ms]
  已通过 BannerlordModEditor.Common.Tests.ActionTypesXmlTests.ActionTypes_SubsetXmls_RoundTrip_StructuralEquality(subsetPath: "/root/WorkSpace/CSharp/BannerlordModEditor/Bannerl"···) [3 ms]
  已通过 BannerlordModEditor.Common.Tests.ActionTypesXmlTests.ActionTypes_SubsetXmls_RoundTrip_StructuralEquality(subsetPath: "/root/WorkSpace/CSharp/BannerlordModEditor/Bannerl"···) [3 ms]
  已通过 BannerlordModEditor.Common.Tests.ActionTypesXmlTests.ActionTypes_SubsetXmls_RoundTrip_StructuralEquality(subsetPath: "/root/WorkSpace/CSharp/BannerlordModEditor/Bannerl"···) [4 ms]
  已通过 BannerlordModEditor.Common.Tests.ActionTypesXmlTests.ActionTypes_SubsetXmls_RoundTrip_StructuralEquality(subsetPath: "/root/WorkSpace/CSharp/BannerlordModEditor/Bannerl"···) [3 ms]
  已通过 BannerlordModEditor.Common.Tests.ActionTypesXmlTests.ActionTypes_SubsetXmls_RoundTrip_StructuralEquality(subsetPath: "/root/WorkSpace/CSharp/BannerlordModEditor/Bannerl"···) [3 ms]
  已通过 BannerlordModEditor.Common.Tests.ActionTypesXmlTests.ActionTypes_SubsetXmls_RoundTrip_StructuralEquality(subsetPath: "/root/WorkSpace/CSharp/BannerlordModEditor/Bannerl"···) [4 ms]
  已通过 BannerlordModEditor.Common.Tests.ActionTypesXmlTests.ActionTypes_SubsetXmls_RoundTrip_StructuralEquality(subsetPath: "/root/WorkSpace/CSharp/BannerlordModEditor/Bannerl"···) [2 ms]
  已通过 BannerlordModEditor.Common.Tests.ActionTypesXmlTests.ActionTypes_SubsetXmls_RoundTrip_StructuralEquality(subsetPath: "/root/WorkSpace/CSharp/BannerlordModEditor/Bannerl"···) [6 ms]
  已通过 BannerlordModEditor.Common.Tests.ActionTypesXmlTests.ActionTypes_SubsetXmls_RoundTrip_StructuralEquality(subsetPath: "/root/WorkSpace/CSharp/BannerlordModEditor/Bannerl"···) [6 ms]
  已通过 BannerlordModEditor.Common.Tests.ActionTypesXmlTests.ActionTypes_MainXml_RoundTrip_StructuralEquality [49 ms]
  已通过 BannerlordModEditor.Common.Tests.MPClassDivisionsXmlTests.MPClassDivisions_CanSerializeToXml [8 ms]
  已通过 BannerlordModEditor.Common.Tests.MPClassDivisionsXmlTests.MPClassDivisions_CanDeserializeFromXml [6 ms]
  已通过 BannerlordModEditor.Common.Tests.MPClassDivisionsXmlTests.MPClassDivisions_EmptyXmlHandledCorrectly [< 1 ms]
  已通过 BannerlordModEditor.Common.Tests.MPClassDivisionsXmlTests.MPClassDivisions_ComplexPerkStructureHandledCorrectly [5 ms]
  已通过 BannerlordModEditor.Common.Tests.MPClassDivisionsXmlTests.MPClassDivisions_RoundTripPreservesData [1 ms]
  已通过 BannerlordModEditor.Common.Tests.ClothMaterialsXmlTests.ClothMaterials_RoundTrip_StructuralEquality [9 ms]
  已通过 BannerlordModEditor.Common.Tests.BannerIconsMapperTests.BannerIconDataMapper_ToDTO_NullInput_ReturnsNull [< 1 ms]
  已通过 BannerlordModEditor.Common.Tests.BannerIconsMapperTests.IconMapper_ToDTO_PreservesAllProperties [< 1 ms]
  已通过 BannerlordModEditor.Common.Tests.BannerIconsMapperTests.BannerColorsMapper_ToDO_NullColors_SetsFlagToFalse [< 1 ms]
  已通过 BannerlordModEditor.Common.Tests.BannerIconsMapperTests.BannerIconsMapper_ToDTO_NullInput_ReturnsNull [< 1 ms]
  已通过 BannerlordModEditor.Common.Tests.BannerIconsMapperTests.BannerIconsMapper_RoundTrip_PreservesData [2 ms]
  已通过 BannerlordModEditor.Common.Tests.BannerIconsMapperTests.BackgroundMapper_ToDTO_NullInput_ReturnsNull [< 1 ms]
  已通过 BannerlordModEditor.Common.Tests.BannerIconsMapperTests.BannerIconGroupMapper_ToDTO_NullInput_ReturnsNull [< 1 ms]
  已通过 BannerlordModEditor.Common.Tests.BannerIconsMapperTests.BannerIconGroupMapper_ToDO_SetsEmptyFlagsCorrectly [< 1 ms]
  已通过 BannerlordModEditor.Common.Tests.BannerIconsMapperTests.BannerIconDataMapper_ToDO_NullCollections_SetsFlagsToFalse [< 1 ms]
  已通过 BannerlordModEditor.Common.Tests.BannerIconsMapperTests.BannerIconsMapper_RoundTripWithEmptyCollections_PreservesEmptyFlags [< 1 ms]
  已通过 BannerlordModEditor.Common.Tests.BannerIconsMapperTests.BannerIconGroupMapper_ToDO_NullCollections_SetsFlagsToFalse [< 1 ms]
  已通过 BannerlordModEditor.Common.Tests.BannerIconsMapperTests.IconMapper_ToDTO_NullInput_ReturnsNull [< 1 ms]
  已通过 BannerlordModEditor.Common.Tests.BannerIconsMapperTests.IconMapper_ToDO_NullInput_ReturnsNull [< 1 ms]
  已通过 BannerlordModEditor.Common.Tests.BannerIconsMapperTests.ColorEntryMapper_ToDTO_NullInput_ReturnsNull [< 1 ms]
  已通过 BannerlordModEditor.Common.Tests.BannerIconsMapperTests.BannerIconsMapper_ToDO_NullInput_ReturnsNull [< 1 ms]
  已通过 BannerlordModEditor.Common.Tests.BannerIconsMapperTests.BannerIconDataMapper_ToDTO_EmptyCollections_ReturnsEmptyLists [< 1 ms]
  已通过 BannerlordModEditor.Common.Tests.BannerIconsMapperTests.BannerColorsMapper_ToDTO_NullInput_ReturnsNull [< 1 ms]
  已通过 BannerlordModEditor.Common.Tests.BannerIconsMapperTests.BannerIconGroupMapper_ToDTO_PreservesAllProperties [< 1 ms]
  已通过 BannerlordModEditor.Common.Tests.BannerIconsMapperTests.BannerIconsMapper_ToDO_ValidInput_SetsHasBannerIconDataFlag [< 1 ms]
  已通过 BannerlordModEditor.Common.Tests.BannerIconsMapperTests.BannerIconsMapper_ToDO_NullBannerIconData_SetsHasBannerIconDataToFalse [< 1 ms]
  已通过 BannerlordModEditor.Common.Tests.BannerIconsMapperTests.BackgroundMapper_ToDO_NullInput_ReturnsNull [< 1 ms]
  已通过 BannerlordModEditor.Common.Tests.BannerIconsMapperTests.BannerColorsMapper_ToDO_SetsEmptyColorsFlag [< 1 ms]
  已通过 BannerlordModEditor.Common.Tests.BannerIconsMapperTests.ColorEntryMapper_ToDTO_PreservesAllProperties [< 1 ms]
  已通过 BannerlordModEditor.Common.Tests.BannerIconsMapperTests.BackgroundMapper_ToDTO_PreservesAllProperties [< 1 ms]
[xUnit.net 00:00:06.31]     BannerlordModEditor.Common.Tests.DebugAttributesComparison.Debug_Attributes_Format_Comparison [SKIP]
[xUnit.net 00:00:06.31]       Debug only
  已通过 BannerlordModEditor.Common.Tests.BannerIconsMapperTests.BannerIconDataMapper_ToDO_SetsEmptyFlagsCorrectly [< 1 ms]
  已通过 BannerlordModEditor.Common.Tests.BannerIconsMapperTests.ColorEntryMapper_ToDO_NullInput_ReturnsNull [< 1 ms]
  已通过 BannerlordModEditor.Common.Tests.BannerIconsMapperTests.BannerIconsMapper_ToDTO_ValidInput_ReturnsCorrectDTO [< 1 ms]
  已通过 BannerlordModEditor.Common.Tests.DecalTexturesAllXmlTests.DecalTexturesAll_LoadAndSave_ShouldBeLogicallyIdentical [7 ms]
  已跳过 BannerlordModEditor.Common.Tests.DebugAttributesComparison.Debug_Attributes_Format_Comparison [1 ms]
  已通过 BannerlordModEditor.Common.Tests.MpItemsSubsetTests.SingleItem_LoadAndSave_ShouldBeLogicallyIdentical(itemFilePath: "/root/WorkSpace/CSharp/BannerlordModEditor/Bannerl"···) [25 ms]
  已通过 BannerlordModEditor.Common.Tests.MpItemsSubsetTests.SingleItem_LoadAndSave_ShouldBeLogicallyIdentical(itemFilePath: "/root/WorkSpace/CSharp/BannerlordModEditor/Bannerl"···) [2 ms]
  已通过 BannerlordModEditor.Common.Tests.MpItemsSubsetTests.SingleItem_LoadAndSave_ShouldBeLogicallyIdentical(itemFilePath: "/root/WorkSpace/CSharp/BannerlordModEditor/Bannerl"···) [< 1 ms]
  已通过 BannerlordModEditor.Common.Tests.MpItemsSubsetTests.SingleItem_LoadAndSave_ShouldBeLogicallyIdentical(itemFilePath: "/root/WorkSpace/CSharp/BannerlordModEditor/Bannerl"···) [< 1 ms]
  已通过 BannerlordModEditor.Common.Tests.MpItemsSubsetTests.SingleItem_LoadAndSave_ShouldBeLogicallyIdentical(itemFilePath: "/root/WorkSpace/CSharp/BannerlordModEditor/Bannerl"···) [< 1 ms]
  已通过 BannerlordModEditor.Common.Tests.MpItemsSubsetTests.SingleItem_LoadAndSave_ShouldBeLogicallyIdentical(itemFilePath: "/root/WorkSpace/CSharp/BannerlordModEditor/Bannerl"···) [< 1 ms]
  已通过 BannerlordModEditor.Common.Tests.MpItemsSubsetTests.SingleItem_LoadAndSave_ShouldBeLogicallyIdentical(itemFilePath: "/root/WorkSpace/CSharp/BannerlordModEditor/Bannerl"···) [< 1 ms]
  已通过 BannerlordModEditor.Common.Tests.MpItemsSubsetTests.SingleItem_LoadAndSave_ShouldBeLogicallyIdentical(itemFilePath: "/root/WorkSpace/CSharp/BannerlordModEditor/Bannerl"···) [10 ms]
  已通过 BannerlordModEditor.Common.Tests.MpItemsSubsetTests.SingleItem_LoadAndSave_ShouldBeLogicallyIdentical(itemFilePath: "/root/WorkSpace/CSharp/BannerlordModEditor/Bannerl"···) [1 ms]
  已通过 BannerlordModEditor.Common.Tests.MpItemsSubsetTests.SingleItem_LoadAndSave_ShouldBeLogicallyIdentical(itemFilePath: "/root/WorkSpace/CSharp/BannerlordModEditor/Bannerl"···) [< 1 ms]
  已通过 BannerlordModEditor.Common.Tests.MpItemsSubsetTests.SingleItem_LoadAndSave_ShouldBeLogicallyIdentical(itemFilePath: "/root/WorkSpace/CSharp/BannerlordModEditor/Bannerl"···) [< 1 ms]
  已通过 BannerlordModEditor.Common.Tests.MpItemsSubsetTests.SingleItem_LoadAndSave_ShouldBeLogicallyIdentical(itemFilePath: "/root/WorkSpace/CSharp/BannerlordModEditor/Bannerl"···) [< 1 ms]
  已通过 BannerlordModEditor.Common.Tests.MpItemsSubsetTests.SingleItem_LoadAndSave_ShouldBeLogicallyIdentical(itemFilePath: "/root/WorkSpace/CSharp/BannerlordModEditor/Bannerl"···) [< 1 ms]
  已通过 BannerlordModEditor.Common.Tests.MpItemsSubsetTests.SingleItem_LoadAndSave_ShouldBeLogicallyIdentical(itemFilePath: "/root/WorkSpace/CSharp/BannerlordModEditor/Bannerl"···) [< 1 ms]
  已通过 BannerlordModEditor.Common.Tests.MpItemsSubsetTests.SingleItem_LoadAndSave_ShouldBeLogicallyIdentical(itemFilePath: "/root/WorkSpace/CSharp/BannerlordModEditor/Bannerl"···) [< 1 ms]
  已通过 BannerlordModEditor.Common.Tests.MpItemsSubsetTests.SingleItem_LoadAndSave_ShouldBeLogicallyIdentical(itemFilePath: "/root/WorkSpace/CSharp/BannerlordModEditor/Bannerl"···) [< 1 ms]
  已通过 BannerlordModEditor.Common.Tests.MpItemsSubsetTests.SingleItem_LoadAndSave_ShouldBeLogicallyIdentical(itemFilePath: "/root/WorkSpace/CSharp/BannerlordModEditor/Bannerl"···) [< 1 ms]
  已通过 BannerlordModEditor.Common.Tests.MpItemsSubsetTests.SingleItem_LoadAndSave_ShouldBeLogicallyIdentical(itemFilePath: "/root/WorkSpace/CSharp/BannerlordModEditor/Bannerl"···) [< 1 ms]
  已通过 BannerlordModEditor.Common.Tests.MpItemsSubsetTests.SingleItem_LoadAndSave_ShouldBeLogicallyIdentical(itemFilePath: "/root/WorkSpace/CSharp/BannerlordModEditor/Bannerl"···) [< 1 ms]
  已通过 BannerlordModEditor.Common.Tests.MpItemsSubsetTests.SingleItem_LoadAndSave_ShouldBeLogicallyIdentical(itemFilePath: "/root/WorkSpace/CSharp/BannerlordModEditor/Bannerl"···) [< 1 ms]
  已通过 BannerlordModEditor.Common.Tests.MpItemsSubsetTests.SingleItem_LoadAndSave_ShouldBeLogicallyIdentical(itemFilePath: "/root/WorkSpace/CSharp/BannerlordModEditor/Bannerl"···) [< 1 ms]
  已通过 BannerlordModEditor.Common.Tests.MpItemsSubsetTests.SingleItem_LoadAndSave_ShouldBeLogicallyIdentical(itemFilePath: "/root/WorkSpace/CSharp/BannerlordModEditor/Bannerl"···) [< 1 ms]
  已通过 BannerlordModEditor.Common.Tests.MpItemsSubsetTests.SingleItem_LoadAndSave_ShouldBeLogicallyIdentical(itemFilePath: "/root/WorkSpace/CSharp/BannerlordModEditor/Bannerl"···) [< 1 ms]
  已通过 BannerlordModEditor.Common.Tests.MpItemsSubsetTests.SingleItem_LoadAndSave_ShouldBeLogicallyIdentical(itemFilePath: "/root/WorkSpace/CSharp/BannerlordModEditor/Bannerl"···) [< 1 ms]
  已通过 BannerlordModEditor.Common.Tests.MpItemsSubsetTests.SingleItem_LoadAndSave_ShouldBeLogicallyIdentical(itemFilePath: "/root/WorkSpace/CSharp/BannerlordModEditor/Bannerl"···) [< 1 ms]
  已通过 BannerlordModEditor.Common.Tests.MpItemsSubsetTests.SingleItem_LoadAndSave_ShouldBeLogicallyIdentical(itemFilePath: "/root/WorkSpace/CSharp/BannerlordModEditor/Bannerl"···) [< 1 ms]
  已通过 BannerlordModEditor.Common.Tests.MpItemsSubsetTests.SingleItem_LoadAndSave_ShouldBeLogicallyIdentical(itemFilePath: "/root/WorkSpace/CSharp/BannerlordModEditor/Bannerl"···) [< 1 ms]
  已通过 BannerlordModEditor.Common.Tests.MpItemsSubsetTests.SingleItem_LoadAndSave_ShouldBeLogicallyIdentical(itemFilePath: "/root/WorkSpace/CSharp/BannerlordModEditor/Bannerl"···) [< 1 ms]
  已通过 BannerlordModEditor.Common.Tests.MpItemsSubsetTests.SingleItem_LoadAndSave_ShouldBeLogicallyIdentical(itemFilePath: "/root/WorkSpace/CSharp/BannerlordModEditor/Bannerl"···) [< 1 ms]
  已通过 BannerlordModEditor.Common.Tests.MpItemsSubsetTests.SingleItem_LoadAndSave_ShouldBeLogicallyIdentical(itemFilePath: "/root/WorkSpace/CSharp/BannerlordModEditor/Bannerl"···) [< 1 ms]
  已通过 BannerlordModEditor.Common.Tests.MpItemsSubsetTests.SingleItem_LoadAndSave_ShouldBeLogicallyIdentical(itemFilePath: "/root/WorkSpace/CSharp/BannerlordModEditor/Bannerl"···) [< 1 ms]
  已通过 BannerlordModEditor.Common.Tests.MpItemsSubsetTests.SingleItem_LoadAndSave_ShouldBeLogicallyIdentical(itemFilePath: "/root/WorkSpace/CSharp/BannerlordModEditor/Bannerl"···) [< 1 ms]
  已通过 BannerlordModEditor.Common.Tests.MpItemsSubsetTests.SingleItem_LoadAndSave_ShouldBeLogicallyIdentical(itemFilePath: "/root/WorkSpace/CSharp/BannerlordModEditor/Bannerl"···) [< 1 ms]
  已通过 BannerlordModEditor.Common.Tests.MpItemsSubsetTests.SingleItem_LoadAndSave_ShouldBeLogicallyIdentical(itemFilePath: "/root/WorkSpace/CSharp/BannerlordModEditor/Bannerl"···) [< 1 ms]
  已通过 BannerlordModEditor.Common.Tests.MpItemsSubsetTests.SingleItem_LoadAndSave_ShouldBeLogicallyIdentical(itemFilePath: "/root/WorkSpace/CSharp/BannerlordModEditor/Bannerl"···) [< 1 ms]
  已通过 BannerlordModEditor.Common.Tests.MpItemsSubsetTests.SingleItem_LoadAndSave_ShouldBeLogicallyIdentical(itemFilePath: "/root/WorkSpace/CSharp/BannerlordModEditor/Bannerl"···) [< 1 ms]
  已通过 BannerlordModEditor.Common.Tests.MpItemsSubsetTests.SingleItem_LoadAndSave_ShouldBeLogicallyIdentical(itemFilePath: "/root/WorkSpace/CSharp/BannerlordModEditor/Bannerl"···) [< 1 ms]
  已通过 BannerlordModEditor.Common.Tests.MpItemsSubsetTests.SingleItem_LoadAndSave_ShouldBeLogicallyIdentical(itemFilePath: "/root/WorkSpace/CSharp/BannerlordModEditor/Bannerl"···) [< 1 ms]
  已通过 BannerlordModEditor.Common.Tests.MpItemsSubsetTests.SingleItem_LoadAndSave_ShouldBeLogicallyIdentical(itemFilePath: "/root/WorkSpace/CSharp/BannerlordModEditor/Bannerl"···) [< 1 ms]
  已通过 BannerlordModEditor.Common.Tests.MpItemsSubsetTests.SingleItem_LoadAndSave_ShouldBeLogicallyIdentical(itemFilePath: "/root/WorkSpace/CSharp/BannerlordModEditor/Bannerl"···) [9 ms]
  已通过 BannerlordModEditor.Common.Tests.MpItemsSubsetTests.SingleItem_LoadAndSave_ShouldBeLogicallyIdentical(itemFilePath: "/root/WorkSpace/CSharp/BannerlordModEditor/Bannerl"···) [< 1 ms]
  已通过 BannerlordModEditor.Common.Tests.MpItemsSubsetTests.SingleItem_LoadAndSave_ShouldBeLogicallyIdentical(itemFilePath: "/root/WorkSpace/CSharp/BannerlordModEditor/Bannerl"···) [< 1 ms]
  已通过 BannerlordModEditor.Common.Tests.MpItemsSubsetTests.SingleItem_LoadAndSave_ShouldBeLogicallyIdentical(itemFilePath: "/root/WorkSpace/CSharp/BannerlordModEditor/Bannerl"···) [< 1 ms]
  已通过 BannerlordModEditor.Common.Tests.MpItemsSubsetTests.SingleItem_LoadAndSave_ShouldBeLogicallyIdentical(itemFilePath: "/root/WorkSpace/CSharp/BannerlordModEditor/Bannerl"···) [< 1 ms]
  已通过 BannerlordModEditor.Common.Tests.MpItemsSubsetTests.SingleItem_LoadAndSave_ShouldBeLogicallyIdentical(itemFilePath: "/root/WorkSpace/CSharp/BannerlordModEditor/Bannerl"···) [< 1 ms]
  已通过 BannerlordModEditor.Common.Tests.MpItemsSubsetTests.SingleItem_LoadAndSave_ShouldBeLogicallyIdentical(itemFilePath: "/root/WorkSpace/CSharp/BannerlordModEditor/Bannerl"···) [< 1 ms]
  已通过 BannerlordModEditor.Common.Tests.MpItemsSubsetTests.SingleItem_LoadAndSave_ShouldBeLogicallyIdentical(itemFilePath: "/root/WorkSpace/CSharp/BannerlordModEditor/Bannerl"···) [< 1 ms]
  已通过 BannerlordModEditor.Common.Tests.MpItemsSubsetTests.SingleItem_LoadAndSave_ShouldBeLogicallyIdentical(itemFilePath: "/root/WorkSpace/CSharp/BannerlordModEditor/Bannerl"···) [< 1 ms]
  已通过 BannerlordModEditor.Common.Tests.MpItemsSubsetTests.SingleItem_LoadAndSave_ShouldBeLogicallyIdentical(itemFilePath: "/root/WorkSpace/CSharp/BannerlordModEditor/Bannerl"···) [< 1 ms]
  已通过 BannerlordModEditor.Common.Tests.MpItemsSubsetTests.SingleItem_LoadAndSave_ShouldBeLogicallyIdentical(itemFilePath: "/root/WorkSpace/CSharp/BannerlordModEditor/Bannerl"···) [< 1 ms]
  已通过 BannerlordModEditor.Common.Tests.MpItemsSubsetTests.SingleItem_LoadAndSave_ShouldBeLogicallyIdentical(itemFilePath: "/root/WorkSpace/CSharp/BannerlordModEditor/Bannerl"···) [< 1 ms]
  已通过 BannerlordModEditor.Common.Tests.MpItemsSubsetTests.SingleItem_LoadAndSave_ShouldBeLogicallyIdentical(itemFilePath: "/root/WorkSpace/CSharp/BannerlordModEditor/Bannerl"···) [< 1 ms]
  已通过 BannerlordModEditor.Common.Tests.MpItemsSubsetTests.SingleItem_LoadAndSave_ShouldBeLogicallyIdentical(itemFilePath: "/root/WorkSpace/CSharp/BannerlordModEditor/Bannerl"···) [< 1 ms]
  已通过 BannerlordModEditor.Common.Tests.MpItemsSubsetTests.SingleItem_LoadAndSave_ShouldBeLogicallyIdentical(itemFilePath: "/root/WorkSpace/CSharp/BannerlordModEditor/Bannerl"···) [< 1 ms]
  已通过 BannerlordModEditor.Common.Tests.MpItemsSubsetTests.SingleItem_LoadAndSave_ShouldBeLogicallyIdentical(itemFilePath: "/root/WorkSpace/CSharp/BannerlordModEditor/Bannerl"···) [< 1 ms]
  已通过 BannerlordModEditor.Common.Tests.MpItemsSubsetTests.SingleItem_LoadAndSave_ShouldBeLogicallyIdentical(itemFilePath: "/root/WorkSpace/CSharp/BannerlordModEditor/Bannerl"···) [< 1 ms]
  已通过 BannerlordModEditor.Common.Tests.MpItemsSubsetTests.SingleItem_LoadAndSave_ShouldBeLogicallyIdentical(itemFilePath: "/root/WorkSpace/CSharp/BannerlordModEditor/Bannerl"···) [< 1 ms]
  已通过 BannerlordModEditor.Common.Tests.MpItemsSubsetTests.SingleItem_LoadAndSave_ShouldBeLogicallyIdentical(itemFilePath: "/root/WorkSpace/CSharp/BannerlordModEditor/Bannerl"···) [< 1 ms]
  已通过 BannerlordModEditor.Common.Tests.MpItemsSubsetTests.SingleItem_LoadAndSave_ShouldBeLogicallyIdentical(itemFilePath: "/root/WorkSpace/CSharp/BannerlordModEditor/Bannerl"···) [< 1 ms]
  已通过 BannerlordModEditor.Common.Tests.MpItemsSubsetTests.SingleItem_LoadAndSave_ShouldBeLogicallyIdentical(itemFilePath: "/root/WorkSpace/CSharp/BannerlordModEditor/Bannerl"···) [< 1 ms]
  已通过 BannerlordModEditor.Common.Tests.MpItemsSubsetTests.SingleItem_LoadAndSave_ShouldBeLogicallyIdentical(itemFilePath: "/root/WorkSpace/CSharp/BannerlordModEditor/Bannerl"···) [< 1 ms]
  已通过 BannerlordModEditor.Common.Tests.MpItemsSubsetTests.SingleItem_LoadAndSave_ShouldBeLogicallyIdentical(itemFilePath: "/root/WorkSpace/CSharp/BannerlordModEditor/Bannerl"···) [< 1 ms]
  已通过 BannerlordModEditor.Common.Tests.MpItemsSubsetTests.SingleItem_LoadAndSave_ShouldBeLogicallyIdentical(itemFilePath: "/root/WorkSpace/CSharp/BannerlordModEditor/Bannerl"···) [< 1 ms]
  已通过 BannerlordModEditor.Common.Tests.MpItemsSubsetTests.SingleItem_LoadAndSave_ShouldBeLogicallyIdentical(itemFilePath: "/root/WorkSpace/CSharp/BannerlordModEditor/Bannerl"···) [1 ms]
  已通过 BannerlordModEditor.Common.Tests.MpItemsSubsetTests.SingleItem_LoadAndSave_ShouldBeLogicallyIdentical(itemFilePath: "/root/WorkSpace/CSharp/BannerlordModEditor/Bannerl"···) [< 1 ms]
  已通过 BannerlordModEditor.Common.Tests.MpItemsSubsetTests.SingleItem_LoadAndSave_ShouldBeLogicallyIdentical(itemFilePath: "/root/WorkSpace/CSharp/BannerlordModEditor/Bannerl"···) [< 1 ms]
  已通过 BannerlordModEditor.Common.Tests.MpItemsSubsetTests.SingleItem_LoadAndSave_ShouldBeLogicallyIdentical(itemFilePath: "/root/WorkSpace/CSharp/BannerlordModEditor/Bannerl"···) [< 1 ms]
  已通过 BannerlordModEditor.Common.Tests.MpItemsSubsetTests.SingleItem_LoadAndSave_ShouldBeLogicallyIdentical(itemFilePath: "/root/WorkSpace/CSharp/BannerlordModEditor/Bannerl"···) [< 1 ms]
  已通过 BannerlordModEditor.Common.Tests.MpItemsSubsetTests.SingleItem_LoadAndSave_ShouldBeLogicallyIdentical(itemFilePath: "/root/WorkSpace/CSharp/BannerlordModEditor/Bannerl"···) [< 1 ms]
  已通过 BannerlordModEditor.Common.Tests.MpItemsSubsetTests.SingleItem_LoadAndSave_ShouldBeLogicallyIdentical(itemFilePath: "/root/WorkSpace/CSharp/BannerlordModEditor/Bannerl"···) [< 1 ms]
  已通过 BannerlordModEditor.Common.Tests.MpItemsSubsetTests.SingleItem_LoadAndSave_ShouldBeLogicallyIdentical(itemFilePath: "/root/WorkSpace/CSharp/BannerlordModEditor/Bannerl"···) [< 1 ms]
  已通过 BannerlordModEditor.Common.Tests.MpItemsSubsetTests.SingleItem_LoadAndSave_ShouldBeLogicallyIdentical(itemFilePath: "/root/WorkSpace/CSharp/BannerlordModEditor/Bannerl"···) [< 1 ms]
  已通过 BannerlordModEditor.Common.Tests.MpItemsSubsetTests.SingleItem_LoadAndSave_ShouldBeLogicallyIdentical(itemFilePath: "/root/WorkSpace/CSharp/BannerlordModEditor/Bannerl"···) [< 1 ms]
  已通过 BannerlordModEditor.Common.Tests.MpItemsSubsetTests.SingleItem_LoadAndSave_ShouldBeLogicallyIdentical(itemFilePath: "/root/WorkSpace/CSharp/BannerlordModEditor/Bannerl"···) [< 1 ms]
  已通过 BannerlordModEditor.Common.Tests.MpItemsSubsetTests.SingleItem_LoadAndSave_ShouldBeLogicallyIdentical(itemFilePath: "/root/WorkSpace/CSharp/BannerlordModEditor/Bannerl"···) [< 1 ms]
  已通过 BannerlordModEditor.Common.Tests.MpItemsSubsetTests.SingleItem_LoadAndSave_ShouldBeLogicallyIdentical(itemFilePath: "/root/WorkSpace/CSharp/BannerlordModEditor/Bannerl"···) [< 1 ms]
  已通过 BannerlordModEditor.Common.Tests.MpItemsSubsetTests.SingleItem_LoadAndSave_ShouldBeLogicallyIdentical(itemFilePath: "/root/WorkSpace/CSharp/BannerlordModEditor/Bannerl"···) [< 1 ms]
  已通过 BannerlordModEditor.Common.Tests.MpItemsSubsetTests.SingleItem_LoadAndSave_ShouldBeLogicallyIdentical(itemFilePath: "/root/WorkSpace/CSharp/BannerlordModEditor/Bannerl"···) [< 1 ms]
  已通过 BannerlordModEditor.Common.Tests.MpItemsSubsetTests.SingleItem_LoadAndSave_ShouldBeLogicallyIdentical(itemFilePath: "/root/WorkSpace/CSharp/BannerlordModEditor/Bannerl"···) [< 1 ms]
  已通过 BannerlordModEditor.Common.Tests.MpItemsSubsetTests.SingleItem_LoadAndSave_ShouldBeLogicallyIdentical(itemFilePath: "/root/WorkSpace/CSharp/BannerlordModEditor/Bannerl"···) [< 1 ms]
  已通过 BannerlordModEditor.Common.Tests.MpItemsSubsetTests.SingleItem_LoadAndSave_ShouldBeLogicallyIdentical(itemFilePath: "/root/WorkSpace/CSharp/BannerlordModEditor/Bannerl"···) [< 1 ms]
  已通过 BannerlordModEditor.Common.Tests.MpItemsSubsetTests.SingleItem_LoadAndSave_ShouldBeLogicallyIdentical(itemFilePath: "/root/WorkSpace/CSharp/BannerlordModEditor/Bannerl"···) [< 1 ms]
  已通过 BannerlordModEditor.Common.Tests.MpItemsSubsetTests.SingleItem_LoadAndSave_ShouldBeLogicallyIdentical(itemFilePath: "/root/WorkSpace/CSharp/BannerlordModEditor/Bannerl"···) [< 1 ms]
  已通过 BannerlordModEditor.Common.Tests.MpItemsSubsetTests.SingleItem_LoadAndSave_ShouldBeLogicallyIdentical(itemFilePath: "/root/WorkSpace/CSharp/BannerlordModEditor/Bannerl"···) [< 1 ms]
  已通过 BannerlordModEditor.Common.Tests.MpItemsSubsetTests.SingleItem_LoadAndSave_ShouldBeLogicallyIdentical(itemFilePath: "/root/WorkSpace/CSharp/BannerlordModEditor/Bannerl"···) [< 1 ms]
  已通过 BannerlordModEditor.Common.Tests.MpItemsSubsetTests.SingleItem_LoadAndSave_ShouldBeLogicallyIdentical(itemFilePath: "/root/WorkSpace/CSharp/BannerlordModEditor/Bannerl"···) [< 1 ms]
  已通过 BannerlordModEditor.Common.Tests.MpItemsSubsetTests.SingleItem_LoadAndSave_ShouldBeLogicallyIdentical(itemFilePath: "/root/WorkSpace/CSharp/BannerlordModEditor/Bannerl"···) [< 1 ms]
  已通过 BannerlordModEditor.Common.Tests.MpItemsSubsetTests.SingleItem_LoadAndSave_ShouldBeLogicallyIdentical(itemFilePath: "/root/WorkSpace/CSharp/BannerlordModEditor/Bannerl"···) [< 1 ms]
  已通过 BannerlordModEditor.Common.Tests.MpItemsSubsetTests.SingleItem_LoadAndSave_ShouldBeLogicallyIdentical(itemFilePath: "/root/WorkSpace/CSharp/BannerlordModEditor/Bannerl"···) [< 1 ms]
  已通过 BannerlordModEditor.Common.Tests.MpItemsSubsetTests.SingleItem_LoadAndSave_ShouldBeLogicallyIdentical(itemFilePath: "/root/WorkSpace/CSharp/BannerlordModEditor/Bannerl"···) [< 1 ms]
  已通过 BannerlordModEditor.Common.Tests.MpItemsSubsetTests.SingleItem_LoadAndSave_ShouldBeLogicallyIdentical(itemFilePath: "/root/WorkSpace/CSharp/BannerlordModEditor/Bannerl"···) [< 1 ms]
  已通过 BannerlordModEditor.Common.Tests.MpItemsSubsetTests.SingleItem_LoadAndSave_ShouldBeLogicallyIdentical(itemFilePath: "/root/WorkSpace/CSharp/BannerlordModEditor/Bannerl"···) [< 1 ms]
  已通过 BannerlordModEditor.Common.Tests.MpItemsSubsetTests.SingleItem_LoadAndSave_ShouldBeLogicallyIdentical(itemFilePath: "/root/WorkSpace/CSharp/BannerlordModEditor/Bannerl"···) [< 1 ms]
  已通过 BannerlordModEditor.Common.Tests.MpItemsSubsetTests.SingleItem_LoadAndSave_ShouldBeLogicallyIdentical(itemFilePath: "/root/WorkSpace/CSharp/BannerlordModEditor/Bannerl"···) [< 1 ms]
  已通过 BannerlordModEditor.Common.Tests.MpItemsSubsetTests.SingleItem_LoadAndSave_ShouldBeLogicallyIdentical(itemFilePath: "/root/WorkSpace/CSharp/BannerlordModEditor/Bannerl"···) [< 1 ms]
  已通过 BannerlordModEditor.Common.Tests.MpItemsSubsetTests.SingleItem_LoadAndSave_ShouldBeLogicallyIdentical(itemFilePath: "/root/WorkSpace/CSharp/BannerlordModEditor/Bannerl"···) [< 1 ms]
  已通过 BannerlordModEditor.Common.Tests.MpItemsSubsetTests.SingleItem_LoadAndSave_ShouldBeLogicallyIdentical(itemFilePath: "/root/WorkSpace/CSharp/BannerlordModEditor/Bannerl"···) [< 1 ms]
  已通过 BannerlordModEditor.Common.Tests.MpItemsSubsetTests.SingleItem_LoadAndSave_ShouldBeLogicallyIdentical(itemFilePath: "/root/WorkSpace/CSharp/BannerlordModEditor/Bannerl"···) [< 1 ms]
  已通过 BannerlordModEditor.Common.Tests.MpItemsSubsetTests.SingleItem_LoadAndSave_ShouldBeLogicallyIdentical(itemFilePath: "/root/WorkSpace/CSharp/BannerlordModEditor/Bannerl"···) [< 1 ms]
  已通过 BannerlordModEditor.Common.Tests.MpItemsSubsetTests.SingleItem_LoadAndSave_ShouldBeLogicallyIdentical(itemFilePath: "/root/WorkSpace/CSharp/BannerlordModEditor/Bannerl"···) [< 1 ms]
  已通过 BannerlordModEditor.Common.Tests.MpItemsSubsetTests.SingleItem_LoadAndSave_ShouldBeLogicallyIdentical(itemFilePath: "/root/WorkSpace/CSharp/BannerlordModEditor/Bannerl"···) [< 1 ms]
  已通过 BannerlordModEditor.Common.Tests.MpItemsSubsetTests.SingleItem_LoadAndSave_ShouldBeLogicallyIdentical(itemFilePath: "/root/WorkSpace/CSharp/BannerlordModEditor/Bannerl"···) [< 1 ms]
  已通过 BannerlordModEditor.Common.Tests.MpItemsSubsetTests.SingleItem_LoadAndSave_ShouldBeLogicallyIdentical(itemFilePath: "/root/WorkSpace/CSharp/BannerlordModEditor/Bannerl"···) [< 1 ms]
  已通过 BannerlordModEditor.Common.Tests.MpItemsSubsetTests.SingleItem_LoadAndSave_ShouldBeLogicallyIdentical(itemFilePath: "/root/WorkSpace/CSharp/BannerlordModEditor/Bannerl"···) [< 1 ms]
  已通过 BannerlordModEditor.Common.Tests.MpItemsSubsetTests.SingleItem_LoadAndSave_ShouldBeLogicallyIdentical(itemFilePath: "/root/WorkSpace/CSharp/BannerlordModEditor/Bannerl"···) [< 1 ms]
  已通过 BannerlordModEditor.Common.Tests.MpItemsSubsetTests.SingleItem_LoadAndSave_ShouldBeLogicallyIdentical(itemFilePath: "/root/WorkSpace/CSharp/BannerlordModEditor/Bannerl"···) [< 1 ms]
  已通过 BannerlordModEditor.Common.Tests.MpItemsSubsetTests.SingleItem_LoadAndSave_ShouldBeLogicallyIdentical(itemFilePath: "/root/WorkSpace/CSharp/BannerlordModEditor/Bannerl"···) [< 1 ms]
  已通过 BannerlordModEditor.Common.Tests.MpItemsSubsetTests.SingleItem_LoadAndSave_ShouldBeLogicallyIdentical(itemFilePath: "/root/WorkSpace/CSharp/BannerlordModEditor/Bannerl"···) [< 1 ms]
  已通过 BannerlordModEditor.Common.Tests.MpItemsSubsetTests.SingleItem_LoadAndSave_ShouldBeLogicallyIdentical(itemFilePath: "/root/WorkSpace/CSharp/BannerlordModEditor/Bannerl"···) [< 1 ms]
  已通过 BannerlordModEditor.Common.Tests.MpItemsSubsetTests.SingleItem_LoadAndSave_ShouldBeLogicallyIdentical(itemFilePath: "/root/WorkSpace/CSharp/BannerlordModEditor/Bannerl"···) [< 1 ms]
  已通过 BannerlordModEditor.Common.Tests.MpItemsSubsetTests.SingleItem_LoadAndSave_ShouldBeLogicallyIdentical(itemFilePath: "/root/WorkSpace/CSharp/BannerlordModEditor/Bannerl"···) [< 1 ms]
  已通过 BannerlordModEditor.Common.Tests.MpItemsSubsetTests.SingleItem_LoadAndSave_ShouldBeLogicallyIdentical(itemFilePath: "/root/WorkSpace/CSharp/BannerlordModEditor/Bannerl"···) [< 1 ms]
  已通过 BannerlordModEditor.Common.Tests.MpItemsSubsetTests.SingleItem_LoadAndSave_ShouldBeLogicallyIdentical(itemFilePath: "/root/WorkSpace/CSharp/BannerlordModEditor/Bannerl"···) [< 1 ms]
  已通过 BannerlordModEditor.Common.Tests.MpItemsSubsetTests.SingleItem_LoadAndSave_ShouldBeLogicallyIdentical(itemFilePath: "/root/WorkSpace/CSharp/BannerlordModEditor/Bannerl"···) [< 1 ms]
  已通过 BannerlordModEditor.Common.Tests.MpItemsSubsetTests.SingleItem_LoadAndSave_ShouldBeLogicallyIdentical(itemFilePath: "/root/WorkSpace/CSharp/BannerlordModEditor/Bannerl"···) [< 1 ms]
  已通过 BannerlordModEditor.Common.Tests.MpItemsSubsetTests.SingleItem_LoadAndSave_ShouldBeLogicallyIdentical(itemFilePath: "/root/WorkSpace/CSharp/BannerlordModEditor/Bannerl"···) [< 1 ms]
  已通过 BannerlordModEditor.Common.Tests.MpItemsSubsetTests.SingleItem_LoadAndSave_ShouldBeLogicallyIdentical(itemFilePath: "/root/WorkSpace/CSharp/BannerlordModEditor/Bannerl"···) [1 ms]
  已通过 BannerlordModEditor.Common.Tests.MpItemsSubsetTests.SingleItem_LoadAndSave_ShouldBeLogicallyIdentical(itemFilePath: "/root/WorkSpace/CSharp/BannerlordModEditor/Bannerl"···) [< 1 ms]
  已通过 BannerlordModEditor.Common.Tests.MpItemsSubsetTests.SingleItem_LoadAndSave_ShouldBeLogicallyIdentical(itemFilePath: "/root/WorkSpace/CSharp/BannerlordModEditor/Bannerl"···) [< 1 ms]
  已通过 BannerlordModEditor.Common.Tests.MpItemsSubsetTests.SingleItem_LoadAndSave_ShouldBeLogicallyIdentical(itemFilePath: "/root/WorkSpace/CSharp/BannerlordModEditor/Bannerl"···) [< 1 ms]
  已通过 BannerlordModEditor.Common.Tests.MpItemsSubsetTests.SingleItem_LoadAndSave_ShouldBeLogicallyIdentical(itemFilePath: "/root/WorkSpace/CSharp/BannerlordModEditor/Bannerl"···) [< 1 ms]
  已通过 BannerlordModEditor.Common.Tests.MpItemsSubsetTests.SingleItem_LoadAndSave_ShouldBeLogicallyIdentical(itemFilePath: "/root/WorkSpace/CSharp/BannerlordModEditor/Bannerl"···) [< 1 ms]
  已通过 BannerlordModEditor.Common.Tests.MpItemsSubsetTests.SingleItem_LoadAndSave_ShouldBeLogicallyIdentical(itemFilePath: "/root/WorkSpace/CSharp/BannerlordModEditor/Bannerl"···) [< 1 ms]
  已通过 BannerlordModEditor.Common.Tests.MpItemsSubsetTests.SingleItem_LoadAndSave_ShouldBeLogicallyIdentical(itemFilePath: "/root/WorkSpace/CSharp/BannerlordModEditor/Bannerl"···) [< 1 ms]
  已通过 BannerlordModEditor.Common.Tests.MpItemsSubsetTests.SingleItem_LoadAndSave_ShouldBeLogicallyIdentical(itemFilePath: "/root/WorkSpace/CSharp/BannerlordModEditor/Bannerl"···) [< 1 ms]
  已通过 BannerlordModEditor.Common.Tests.MpItemsSubsetTests.SingleItem_LoadAndSave_ShouldBeLogicallyIdentical(itemFilePath: "/root/WorkSpace/CSharp/BannerlordModEditor/Bannerl"···) [< 1 ms]
  已通过 BannerlordModEditor.Common.Tests.MpItemsSubsetTests.SingleItem_LoadAndSave_ShouldBeLogicallyIdentical(itemFilePath: "/root/WorkSpace/CSharp/BannerlordModEditor/Bannerl"···) [< 1 ms]
  已通过 BannerlordModEditor.Common.Tests.MpItemsSubsetTests.SingleItem_LoadAndSave_ShouldBeLogicallyIdentical(itemFilePath: "/root/WorkSpace/CSharp/BannerlordModEditor/Bannerl"···) [< 1 ms]
  已通过 BannerlordModEditor.Common.Tests.MpItemsSubsetTests.SingleItem_LoadAndSave_ShouldBeLogicallyIdentical(itemFilePath: "/root/WorkSpace/CSharp/BannerlordModEditor/Bannerl"···) [< 1 ms]
  已通过 BannerlordModEditor.Common.Tests.MpItemsSubsetTests.SingleItem_LoadAndSave_ShouldBeLogicallyIdentical(itemFilePath: "/root/WorkSpace/CSharp/BannerlordModEditor/Bannerl"···) [1 ms]
  已通过 BannerlordModEditor.Common.Tests.MpItemsSubsetTests.SingleItem_LoadAndSave_ShouldBeLogicallyIdentical(itemFilePath: "/root/WorkSpace/CSharp/BannerlordModEditor/Bannerl"···) [< 1 ms]
  已通过 BannerlordModEditor.Common.Tests.MpItemsSubsetTests.SingleItem_LoadAndSave_ShouldBeLogicallyIdentical(itemFilePath: "/root/WorkSpace/CSharp/BannerlordModEditor/Bannerl"···) [< 1 ms]
  已通过 BannerlordModEditor.Common.Tests.MpItemsSubsetTests.SingleItem_LoadAndSave_ShouldBeLogicallyIdentical(itemFilePath: "/root/WorkSpace/CSharp/BannerlordModEditor/Bannerl"···) [< 1 ms]
  已通过 BannerlordModEditor.Common.Tests.MpItemsSubsetTests.SingleItem_LoadAndSave_ShouldBeLogicallyIdentical(itemFilePath: "/root/WorkSpace/CSharp/BannerlordModEditor/Bannerl"···) [< 1 ms]
  已通过 BannerlordModEditor.Common.Tests.MpItemsSubsetTests.SingleItem_LoadAndSave_ShouldBeLogicallyIdentical(itemFilePath: "/root/WorkSpace/CSharp/BannerlordModEditor/Bannerl"···) [< 1 ms]
  已通过 BannerlordModEditor.Common.Tests.MpItemsSubsetTests.SingleItem_LoadAndSave_ShouldBeLogicallyIdentical(itemFilePath: "/root/WorkSpace/CSharp/BannerlordModEditor/Bannerl"···) [< 1 ms]
  已通过 BannerlordModEditor.Common.Tests.MpItemsSubsetTests.SingleItem_LoadAndSave_ShouldBeLogicallyIdentical(itemFilePath: "/root/WorkSpace/CSharp/BannerlordModEditor/Bannerl"···) [< 1 ms]
  已通过 BannerlordModEditor.Common.Tests.MpItemsSubsetTests.SingleItem_LoadAndSave_ShouldBeLogicallyIdentical(itemFilePath: "/root/WorkSpace/CSharp/BannerlordModEditor/Bannerl"···) [< 1 ms]
  已通过 BannerlordModEditor.Common.Tests.MpItemsSubsetTests.SingleItem_LoadAndSave_ShouldBeLogicallyIdentical(itemFilePath: "/root/WorkSpace/CSharp/BannerlordModEditor/Bannerl"···) [< 1 ms]
  已通过 BannerlordModEditor.Common.Tests.MpItemsSubsetTests.SingleItem_LoadAndSave_ShouldBeLogicallyIdentical(itemFilePath: "/root/WorkSpace/CSharp/BannerlordModEditor/Bannerl"···) [< 1 ms]
  已通过 BannerlordModEditor.Common.Tests.MpItemsSubsetTests.SingleItem_LoadAndSave_ShouldBeLogicallyIdentical(itemFilePath: "/root/WorkSpace/CSharp/BannerlordModEditor/Bannerl"···) [< 1 ms]
  已通过 BannerlordModEditor.Common.Tests.MpItemsSubsetTests.SingleItem_LoadAndSave_ShouldBeLogicallyIdentical(itemFilePath: "/root/WorkSpace/CSharp/BannerlordModEditor/Bannerl"···) [< 1 ms]
  已通过 BannerlordModEditor.Common.Tests.MpItemsSubsetTests.SingleItem_LoadAndSave_ShouldBeLogicallyIdentical(itemFilePath: "/root/WorkSpace/CSharp/BannerlordModEditor/Bannerl"···) [< 1 ms]
  已通过 BannerlordModEditor.Common.Tests.MpItemsSubsetTests.SingleItem_LoadAndSave_ShouldBeLogicallyIdentical(itemFilePath: "/root/WorkSpace/CSharp/BannerlordModEditor/Bannerl"···) [< 1 ms]
  已通过 BannerlordModEditor.Common.Tests.MpItemsSubsetTests.SingleItem_LoadAndSave_ShouldBeLogicallyIdentical(itemFilePath: "/root/WorkSpace/CSharp/BannerlordModEditor/Bannerl"···) [< 1 ms]
  已通过 BannerlordModEditor.Common.Tests.MpItemsSubsetTests.SingleItem_LoadAndSave_ShouldBeLogicallyIdentical(itemFilePath: "/root/WorkSpace/CSharp/BannerlordModEditor/Bannerl"···) [< 1 ms]
  已通过 BannerlordModEditor.Common.Tests.MpItemsSubsetTests.SingleItem_LoadAndSave_ShouldBeLogicallyIdentical(itemFilePath: "/root/WorkSpace/CSharp/BannerlordModEditor/Bannerl"···) [< 1 ms]
  已通过 BannerlordModEditor.Common.Tests.MpItemsSubsetTests.SingleItem_LoadAndSave_ShouldBeLogicallyIdentical(itemFilePath: "/root/WorkSpace/CSharp/BannerlordModEditor/Bannerl"···) [< 1 ms]
  已通过 BannerlordModEditor.Common.Tests.MpItemsSubsetTests.SingleItem_LoadAndSave_ShouldBeLogicallyIdentical(itemFilePath: "/root/WorkSpace/CSharp/BannerlordModEditor/Bannerl"···) [< 1 ms]
  已通过 BannerlordModEditor.Common.Tests.MpItemsSubsetTests.SingleItem_LoadAndSave_ShouldBeLogicallyIdentical(itemFilePath: "/root/WorkSpace/CSharp/BannerlordModEditor/Bannerl"···) [< 1 ms]
  已通过 BannerlordModEditor.Common.Tests.MpItemsSubsetTests.SingleItem_LoadAndSave_ShouldBeLogicallyIdentical(itemFilePath: "/root/WorkSpace/CSharp/BannerlordModEditor/Bannerl"···) [< 1 ms]
  已通过 BannerlordModEditor.Common.Tests.MpItemsSubsetTests.SingleItem_LoadAndSave_ShouldBeLogicallyIdentical(itemFilePath: "/root/WorkSpace/CSharp/BannerlordModEditor/Bannerl"···) [< 1 ms]
  已通过 BannerlordModEditor.Common.Tests.MpItemsSubsetTests.SingleItem_LoadAndSave_ShouldBeLogicallyIdentical(itemFilePath: "/root/WorkSpace/CSharp/BannerlordModEditor/Bannerl"···) [< 1 ms]
  已通过 BannerlordModEditor.Common.Tests.MpItemsSubsetTests.SingleItem_LoadAndSave_ShouldBeLogicallyIdentical(itemFilePath: "/root/WorkSpace/CSharp/BannerlordModEditor/Bannerl"···) [< 1 ms]
  已通过 BannerlordModEditor.Common.Tests.MpItemsSubsetTests.SingleItem_LoadAndSave_ShouldBeLogicallyIdentical(itemFilePath: "/root/WorkSpace/CSharp/BannerlordModEditor/Bannerl"···) [< 1 ms]
  已通过 BannerlordModEditor.Common.Tests.MpItemsSubsetTests.SingleItem_LoadAndSave_ShouldBeLogicallyIdentical(itemFilePath: "/root/WorkSpace/CSharp/BannerlordModEditor/Bannerl"···) [< 1 ms]
  已通过 BannerlordModEditor.Common.Tests.MpItemsSubsetTests.SingleItem_LoadAndSave_ShouldBeLogicallyIdentical(itemFilePath: "/root/WorkSpace/CSharp/BannerlordModEditor/Bannerl"···) [< 1 ms]
  已通过 BannerlordModEditor.Common.Tests.MpItemsSubsetTests.SingleItem_LoadAndSave_ShouldBeLogicallyIdentical(itemFilePath: "/root/WorkSpace/CSharp/BannerlordModEditor/Bannerl"···) [< 1 ms]
  已通过 BannerlordModEditor.Common.Tests.MpItemsSubsetTests.SingleItem_LoadAndSave_ShouldBeLogicallyIdentical(itemFilePath: "/root/WorkSpace/CSharp/BannerlordModEditor/Bannerl"···) [< 1 ms]
  已通过 BannerlordModEditor.Common.Tests.MpItemsSubsetTests.SingleItem_LoadAndSave_ShouldBeLogicallyIdentical(itemFilePath: "/root/WorkSpace/CSharp/BannerlordModEditor/Bannerl"···) [< 1 ms]
  已通过 BannerlordModEditor.Common.Tests.MpItemsSubsetTests.SingleItem_LoadAndSave_ShouldBeLogicallyIdentical(itemFilePath: "/root/WorkSpace/CSharp/BannerlordModEditor/Bannerl"···) [< 1 ms]
  已通过 BannerlordModEditor.Common.Tests.MpItemsSubsetTests.SingleItem_LoadAndSave_ShouldBeLogicallyIdentical(itemFilePath: "/root/WorkSpace/CSharp/BannerlordModEditor/Bannerl"···) [< 1 ms]
  已通过 BannerlordModEditor.Common.Tests.MpItemsSubsetTests.SingleItem_LoadAndSave_ShouldBeLogicallyIdentical(itemFilePath: "/root/WorkSpace/CSharp/BannerlordModEditor/Bannerl"···) [< 1 ms]
  已通过 BannerlordModEditor.Common.Tests.MpItemsSubsetTests.SingleItem_LoadAndSave_ShouldBeLogicallyIdentical(itemFilePath: "/root/WorkSpace/CSharp/BannerlordModEditor/Bannerl"···) [< 1 ms]
  已通过 BannerlordModEditor.Common.Tests.MpItemsSubsetTests.SingleItem_LoadAndSave_ShouldBeLogicallyIdentical(itemFilePath: "/root/WorkSpace/CSharp/BannerlordModEditor/Bannerl"···) [< 1 ms]
  已通过 BannerlordModEditor.Common.Tests.MpItemsSubsetTests.SingleItem_LoadAndSave_ShouldBeLogicallyIdentical(itemFilePath: "/root/WorkSpace/CSharp/BannerlordModEditor/Bannerl"···) [< 1 ms]
  已通过 BannerlordModEditor.Common.Tests.MpItemsSubsetTests.SingleItem_LoadAndSave_ShouldBeLogicallyIdentical(itemFilePath: "/root/WorkSpace/CSharp/BannerlordModEditor/Bannerl"···) [< 1 ms]
  已通过 BannerlordModEditor.Common.Tests.MpItemsSubsetTests.SingleItem_LoadAndSave_ShouldBeLogicallyIdentical(itemFilePath: "/root/WorkSpace/CSharp/BannerlordModEditor/Bannerl"···) [< 1 ms]
  已通过 BannerlordModEditor.Common.Tests.MpItemsSubsetTests.SingleItem_LoadAndSave_ShouldBeLogicallyIdentical(itemFilePath: "/root/WorkSpace/CSharp/BannerlordModEditor/Bannerl"···) [< 1 ms]
  已通过 BannerlordModEditor.Common.Tests.MpItemsSubsetTests.SingleItem_LoadAndSave_ShouldBeLogicallyIdentical(itemFilePath: "/root/WorkSpace/CSharp/BannerlordModEditor/Bannerl"···) [< 1 ms]
  已通过 BannerlordModEditor.Common.Tests.MpItemsSubsetTests.SingleItem_LoadAndSave_ShouldBeLogicallyIdentical(itemFilePath: "/root/WorkSpace/CSharp/BannerlordModEditor/Bannerl"···) [< 1 ms]
  已通过 BannerlordModEditor.Common.Tests.MpItemsSubsetTests.SingleItem_LoadAndSave_ShouldBeLogicallyIdentical(itemFilePath: "/root/WorkSpace/CSharp/BannerlordModEditor/Bannerl"···) [< 1 ms]
  已通过 BannerlordModEditor.Common.Tests.MpItemsSubsetTests.SingleItem_LoadAndSave_ShouldBeLogicallyIdentical(itemFilePath: "/root/WorkSpace/CSharp/BannerlordModEditor/Bannerl"···) [< 1 ms]
  已通过 BannerlordModEditor.Common.Tests.MpItemsSubsetTests.SingleItem_LoadAndSave_ShouldBeLogicallyIdentical(itemFilePath: "/root/WorkSpace/CSharp/BannerlordModEditor/Bannerl"···) [< 1 ms]
  已通过 BannerlordModEditor.Common.Tests.MpItemsSubsetTests.SingleItem_LoadAndSave_ShouldBeLogicallyIdentical(itemFilePath: "/root/WorkSpace/CSharp/BannerlordModEditor/Bannerl"···) [< 1 ms]
  已通过 BannerlordModEditor.Common.Tests.MpItemsSubsetTests.SingleItem_LoadAndSave_ShouldBeLogicallyIdentical(itemFilePath: "/root/WorkSpace/CSharp/BannerlordModEditor/Bannerl"···) [< 1 ms]
  已通过 BannerlordModEditor.Common.Tests.MpItemsSubsetTests.SingleItem_LoadAndSave_ShouldBeLogicallyIdentical(itemFilePath: "/root/WorkSpace/CSharp/BannerlordModEditor/Bannerl"···) [< 1 ms]
  已通过 BannerlordModEditor.Common.Tests.MpItemsSubsetTests.SingleItem_LoadAndSave_ShouldBeLogicallyIdentical(itemFilePath: "/root/WorkSpace/CSharp/BannerlordModEditor/Bannerl"···) [< 1 ms]
  已通过 BannerlordModEditor.Common.Tests.MpItemsSubsetTests.SingleItem_LoadAndSave_ShouldBeLogicallyIdentical(itemFilePath: "/root/WorkSpace/CSharp/BannerlordModEditor/Bannerl"···) [< 1 ms]
  已通过 BannerlordModEditor.Common.Tests.MpItemsSubsetTests.SingleItem_LoadAndSave_ShouldBeLogicallyIdentical(itemFilePath: "/root/WorkSpace/CSharp/BannerlordModEditor/Bannerl"···) [< 1 ms]
  已通过 BannerlordModEditor.Common.Tests.MpItemsSubsetTests.SingleItem_LoadAndSave_ShouldBeLogicallyIdentical(itemFilePath: "/root/WorkSpace/CSharp/BannerlordModEditor/Bannerl"···) [< 1 ms]
  已通过 BannerlordModEditor.Common.Tests.MpItemsSubsetTests.SingleItem_LoadAndSave_ShouldBeLogicallyIdentical(itemFilePath: "/root/WorkSpace/CSharp/BannerlordModEditor/Bannerl"···) [< 1 ms]
  已通过 BannerlordModEditor.Common.Tests.MpItemsSubsetTests.SingleItem_LoadAndSave_ShouldBeLogicallyIdentical(itemFilePath: "/root/WorkSpace/CSharp/BannerlordModEditor/Bannerl"···) [< 1 ms]
  已通过 BannerlordModEditor.Common.Tests.MpItemsSubsetTests.SingleItem_LoadAndSave_ShouldBeLogicallyIdentical(itemFilePath: "/root/WorkSpace/CSharp/BannerlordModEditor/Bannerl"···) [< 1 ms]
  已通过 BannerlordModEditor.Common.Tests.MpItemsSubsetTests.SingleItem_LoadAndSave_ShouldBeLogicallyIdentical(itemFilePath: "/root/WorkSpace/CSharp/BannerlordModEditor/Bannerl"···) [< 1 ms]
  已通过 BannerlordModEditor.Common.Tests.MpItemsSubsetTests.SingleItem_LoadAndSave_ShouldBeLogicallyIdentical(itemFilePath: "/root/WorkSpace/CSharp/BannerlordModEditor/Bannerl"···) [< 1 ms]
  已通过 BannerlordModEditor.Common.Tests.MpItemsSubsetTests.SingleItem_LoadAndSave_ShouldBeLogicallyIdentical(itemFilePath: "/root/WorkSpace/CSharp/BannerlordModEditor/Bannerl"···) [< 1 ms]
  已通过 BannerlordModEditor.Common.Tests.MpItemsSubsetTests.SingleItem_LoadAndSave_ShouldBeLogicallyIdentical(itemFilePath: "/root/WorkSpace/CSharp/BannerlordModEditor/Bannerl"···) [< 1 ms]
  已通过 BannerlordModEditor.Common.Tests.MpItemsSubsetTests.SingleItem_LoadAndSave_ShouldBeLogicallyIdentical(itemFilePath: "/root/WorkSpace/CSharp/BannerlordModEditor/Bannerl"···) [< 1 ms]
  已通过 BannerlordModEditor.Common.Tests.MpItemsSubsetTests.SingleItem_LoadAndSave_ShouldBeLogicallyIdentical(itemFilePath: "/root/WorkSpace/CSharp/BannerlordModEditor/Bannerl"···) [< 1 ms]
  已通过 BannerlordModEditor.Common.Tests.MpItemsSubsetTests.SingleItem_LoadAndSave_ShouldBeLogicallyIdentical(itemFilePath: "/root/WorkSpace/CSharp/BannerlordModEditor/Bannerl"···) [< 1 ms]
  已通过 BannerlordModEditor.Common.Tests.MpItemsSubsetTests.SingleItem_LoadAndSave_ShouldBeLogicallyIdentical(itemFilePath: "/root/WorkSpace/CSharp/BannerlordModEditor/Bannerl"···) [< 1 ms]
  已通过 BannerlordModEditor.Common.Tests.MpItemsSubsetTests.SingleItem_LoadAndSave_ShouldBeLogicallyIdentical(itemFilePath: "/root/WorkSpace/CSharp/BannerlordModEditor/Bannerl"···) [< 1 ms]
  已通过 BannerlordModEditor.Common.Tests.MpItemsSubsetTests.SingleItem_LoadAndSave_ShouldBeLogicallyIdentical(itemFilePath: "/root/WorkSpace/CSharp/BannerlordModEditor/Bannerl"···) [< 1 ms]
  已通过 BannerlordModEditor.Common.Tests.MpItemsSubsetTests.SingleItem_LoadAndSave_ShouldBeLogicallyIdentical(itemFilePath: "/root/WorkSpace/CSharp/BannerlordModEditor/Bannerl"···) [< 1 ms]
  已通过 BannerlordModEditor.Common.Tests.MpItemsSubsetTests.SingleItem_LoadAndSave_ShouldBeLogicallyIdentical(itemFilePath: "/root/WorkSpace/CSharp/BannerlordModEditor/Bannerl"···) [< 1 ms]
  已通过 BannerlordModEditor.Common.Tests.MpItemsSubsetTests.SingleItem_LoadAndSave_ShouldBeLogicallyIdentical(itemFilePath: "/root/WorkSpace/CSharp/BannerlordModEditor/Bannerl"···) [< 1 ms]
  已通过 BannerlordModEditor.Common.Tests.MpItemsSubsetTests.SingleItem_LoadAndSave_ShouldBeLogicallyIdentical(itemFilePath: "/root/WorkSpace/CSharp/BannerlordModEditor/Bannerl"···) [1 ms]
  已通过 BannerlordModEditor.Common.Tests.MpItemsSubsetTests.SingleItem_LoadAndSave_ShouldBeLogicallyIdentical(itemFilePath: "/root/WorkSpace/CSharp/BannerlordModEditor/Bannerl"···) [< 1 ms]
  已通过 BannerlordModEditor.Common.Tests.MpItemsSubsetTests.SingleItem_LoadAndSave_ShouldBeLogicallyIdentical(itemFilePath: "/root/WorkSpace/CSharp/BannerlordModEditor/Bannerl"···) [< 1 ms]
  已通过 BannerlordModEditor.Common.Tests.MpItemsSubsetTests.SingleItem_LoadAndSave_ShouldBeLogicallyIdentical(itemFilePath: "/root/WorkSpace/CSharp/BannerlordModEditor/Bannerl"···) [< 1 ms]
  已通过 BannerlordModEditor.Common.Tests.MpItemsSubsetTests.SingleItem_LoadAndSave_ShouldBeLogicallyIdentical(itemFilePath: "/root/WorkSpace/CSharp/BannerlordModEditor/Bannerl"···) [< 1 ms]
  已通过 BannerlordModEditor.Common.Tests.MpItemsSubsetTests.SingleItem_LoadAndSave_ShouldBeLogicallyIdentical(itemFilePath: "/root/WorkSpace/CSharp/BannerlordModEditor/Bannerl"···) [< 1 ms]
  已通过 BannerlordModEditor.Common.Tests.MpItemsSubsetTests.SingleItem_LoadAndSave_ShouldBeLogicallyIdentical(itemFilePath: "/root/WorkSpace/CSharp/BannerlordModEditor/Bannerl"···) [< 1 ms]
  已通过 BannerlordModEditor.Common.Tests.MpItemsSubsetTests.SingleItem_LoadAndSave_ShouldBeLogicallyIdentical(itemFilePath: "/root/WorkSpace/CSharp/BannerlordModEditor/Bannerl"···) [< 1 ms]
  已通过 BannerlordModEditor.Common.Tests.MpItemsSubsetTests.SingleItem_LoadAndSave_ShouldBeLogicallyIdentical(itemFilePath: "/root/WorkSpace/CSharp/BannerlordModEditor/Bannerl"···) [< 1 ms]
  已通过 BannerlordModEditor.Common.Tests.MpItemsSubsetTests.SingleItem_LoadAndSave_ShouldBeLogicallyIdentical(itemFilePath: "/root/WorkSpace/CSharp/BannerlordModEditor/Bannerl"···) [< 1 ms]
  已通过 BannerlordModEditor.Common.Tests.MpItemsSubsetTests.SingleItem_LoadAndSave_ShouldBeLogicallyIdentical(itemFilePath: "/root/WorkSpace/CSharp/BannerlordModEditor/Bannerl"···) [< 1 ms]
  已通过 BannerlordModEditor.Common.Tests.MpItemsSubsetTests.SingleItem_LoadAndSave_ShouldBeLogicallyIdentical(itemFilePath: "/root/WorkSpace/CSharp/BannerlordModEditor/Bannerl"···) [< 1 ms]
  已通过 BannerlordModEditor.Common.Tests.MpItemsSubsetTests.SingleItem_LoadAndSave_ShouldBeLogicallyIdentical(itemFilePath: "/root/WorkSpace/CSharp/BannerlordModEditor/Bannerl"···) [< 1 ms]
  已通过 BannerlordModEditor.Common.Tests.MpItemsSubsetTests.SingleItem_LoadAndSave_ShouldBeLogicallyIdentical(itemFilePath: "/root/WorkSpace/CSharp/BannerlordModEditor/Bannerl"···) [< 1 ms]
  已通过 BannerlordModEditor.Common.Tests.MpItemsSubsetTests.SingleItem_LoadAndSave_ShouldBeLogicallyIdentical(itemFilePath: "/root/WorkSpace/CSharp/BannerlordModEditor/Bannerl"···) [< 1 ms]
  已通过 BannerlordModEditor.Common.Tests.MpItemsSubsetTests.SingleItem_LoadAndSave_ShouldBeLogicallyIdentical(itemFilePath: "/root/WorkSpace/CSharp/BannerlordModEditor/Bannerl"···) [< 1 ms]
  已通过 BannerlordModEditor.Common.Tests.MpItemsSubsetTests.SingleItem_LoadAndSave_ShouldBeLogicallyIdentical(itemFilePath: "/root/WorkSpace/CSharp/BannerlordModEditor/Bannerl"···) [< 1 ms]
  已通过 BannerlordModEditor.Common.Tests.MpItemsSubsetTests.SingleItem_LoadAndSave_ShouldBeLogicallyIdentical(itemFilePath: "/root/WorkSpace/CSharp/BannerlordModEditor/Bannerl"···) [< 1 ms]
  已通过 BannerlordModEditor.Common.Tests.MpItemsSubsetTests.SingleItem_LoadAndSave_ShouldBeLogicallyIdentical(itemFilePath: "/root/WorkSpace/CSharp/BannerlordModEditor/Bannerl"···) [< 1 ms]
  已通过 BannerlordModEditor.Common.Tests.MpItemsSubsetTests.SingleItem_LoadAndSave_ShouldBeLogicallyIdentical(itemFilePath: "/root/WorkSpace/CSharp/BannerlordModEditor/Bannerl"···) [< 1 ms]
  已通过 BannerlordModEditor.Common.Tests.MpItemsSubsetTests.SingleItem_LoadAndSave_ShouldBeLogicallyIdentical(itemFilePath: "/root/WorkSpace/CSharp/BannerlordModEditor/Bannerl"···) [< 1 ms]
  已通过 BannerlordModEditor.Common.Tests.MpItemsSubsetTests.SingleItem_LoadAndSave_ShouldBeLogicallyIdentical(itemFilePath: "/root/WorkSpace/CSharp/BannerlordModEditor/Bannerl"···) [< 1 ms]
  已通过 BannerlordModEditor.Common.Tests.MpItemsSubsetTests.SingleItem_LoadAndSave_ShouldBeLogicallyIdentical(itemFilePath: "/root/WorkSpace/CSharp/BannerlordModEditor/Bannerl"···) [< 1 ms]
  已通过 BannerlordModEditor.Common.Tests.MpItemsSubsetTests.SingleItem_LoadAndSave_ShouldBeLogicallyIdentical(itemFilePath: "/root/WorkSpace/CSharp/BannerlordModEditor/Bannerl"···) [< 1 ms]
  已通过 BannerlordModEditor.Common.Tests.MpItemsSubsetTests.SingleItem_LoadAndSave_ShouldBeLogicallyIdentical(itemFilePath: "/root/WorkSpace/CSharp/BannerlordModEditor/Bannerl"···) [< 1 ms]
  已通过 BannerlordModEditor.Common.Tests.MpItemsSubsetTests.SingleItem_LoadAndSave_ShouldBeLogicallyIdentical(itemFilePath: "/root/WorkSpace/CSharp/BannerlordModEditor/Bannerl"···) [< 1 ms]
  已通过 BannerlordModEditor.Common.Tests.MpItemsSubsetTests.SingleItem_LoadAndSave_ShouldBeLogicallyIdentical(itemFilePath: "/root/WorkSpace/CSharp/BannerlordModEditor/Bannerl"···) [< 1 ms]
  已通过 BannerlordModEditor.Common.Tests.MpItemsSubsetTests.SingleItem_LoadAndSave_ShouldBeLogicallyIdentical(itemFilePath: "/root/WorkSpace/CSharp/BannerlordModEditor/Bannerl"···) [< 1 ms]
  已通过 BannerlordModEditor.Common.Tests.MpItemsSubsetTests.SingleItem_LoadAndSave_ShouldBeLogicallyIdentical(itemFilePath: "/root/WorkSpace/CSharp/BannerlordModEditor/Bannerl"···) [< 1 ms]
  已通过 BannerlordModEditor.Common.Tests.MpItemsSubsetTests.SingleItem_LoadAndSave_ShouldBeLogicallyIdentical(itemFilePath: "/root/WorkSpace/CSharp/BannerlordModEditor/Bannerl"···) [< 1 ms]
  已通过 BannerlordModEditor.Common.Tests.MpItemsSubsetTests.SingleItem_LoadAndSave_ShouldBeLogicallyIdentical(itemFilePath: "/root/WorkSpace/CSharp/BannerlordModEditor/Bannerl"···) [< 1 ms]
  已通过 BannerlordModEditor.Common.Tests.MpItemsSubsetTests.SingleItem_LoadAndSave_ShouldBeLogicallyIdentical(itemFilePath: "/root/WorkSpace/CSharp/BannerlordModEditor/Bannerl"···) [< 1 ms]
  已通过 BannerlordModEditor.Common.Tests.MpItemsSubsetTests.SingleItem_LoadAndSave_ShouldBeLogicallyIdentical(itemFilePath: "/root/WorkSpace/CSharp/BannerlordModEditor/Bannerl"···) [< 1 ms]
  已通过 BannerlordModEditor.Common.Tests.MpItemsSubsetTests.SingleItem_LoadAndSave_ShouldBeLogicallyIdentical(itemFilePath: "/root/WorkSpace/CSharp/BannerlordModEditor/Bannerl"···) [< 1 ms]
  已通过 BannerlordModEditor.Common.Tests.MpItemsSubsetTests.SingleItem_LoadAndSave_ShouldBeLogicallyIdentical(itemFilePath: "/root/WorkSpace/CSharp/BannerlordModEditor/Bannerl"···) [< 1 ms]
  已通过 BannerlordModEditor.Common.Tests.MpItemsSubsetTests.SingleItem_LoadAndSave_ShouldBeLogicallyIdentical(itemFilePath: "/root/WorkSpace/CSharp/BannerlordModEditor/Bannerl"···) [< 1 ms]
  已通过 BannerlordModEditor.Common.Tests.MpItemsSubsetTests.SingleItem_LoadAndSave_ShouldBeLogicallyIdentical(itemFilePath: "/root/WorkSpace/CSharp/BannerlordModEditor/Bannerl"···) [< 1 ms]
  已通过 BannerlordModEditor.Common.Tests.MpItemsSubsetTests.SingleItem_LoadAndSave_ShouldBeLogicallyIdentical(itemFilePath: "/root/WorkSpace/CSharp/BannerlordModEditor/Bannerl"···) [< 1 ms]
  已通过 BannerlordModEditor.Common.Tests.MpItemsSubsetTests.SingleItem_LoadAndSave_ShouldBeLogicallyIdentical(itemFilePath: "/root/WorkSpace/CSharp/BannerlordModEditor/Bannerl"···) [< 1 ms]
  已通过 BannerlordModEditor.Common.Tests.MpItemsSubsetTests.SingleItem_LoadAndSave_ShouldBeLogicallyIdentical(itemFilePath: "/root/WorkSpace/CSharp/BannerlordModEditor/Bannerl"···) [< 1 ms]
  已通过 BannerlordModEditor.Common.Tests.MpItemsSubsetTests.SingleItem_LoadAndSave_ShouldBeLogicallyIdentical(itemFilePath: "/root/WorkSpace/CSharp/BannerlordModEditor/Bannerl"···) [< 1 ms]
  已通过 BannerlordModEditor.Common.Tests.MpItemsSubsetTests.SingleItem_LoadAndSave_ShouldBeLogicallyIdentical(itemFilePath: "/root/WorkSpace/CSharp/BannerlordModEditor/Bannerl"···) [< 1 ms]
  已通过 BannerlordModEditor.Common.Tests.MpItemsSubsetTests.SingleItem_LoadAndSave_ShouldBeLogicallyIdentical(itemFilePath: "/root/WorkSpace/CSharp/BannerlordModEditor/Bannerl"···) [< 1 ms]
  已通过 BannerlordModEditor.Common.Tests.MpItemsSubsetTests.SingleItem_LoadAndSave_ShouldBeLogicallyIdentical(itemFilePath: "/root/WorkSpace/CSharp/BannerlordModEditor/Bannerl"···) [< 1 ms]
  已通过 BannerlordModEditor.Common.Tests.MpItemsSubsetTests.SingleItem_LoadAndSave_ShouldBeLogicallyIdentical(itemFilePath: "/root/WorkSpace/CSharp/BannerlordModEditor/Bannerl"···) [< 1 ms]
  已通过 BannerlordModEditor.Common.Tests.MpItemsSubsetTests.SingleItem_LoadAndSave_ShouldBeLogicallyIdentical(itemFilePath: "/root/WorkSpace/CSharp/BannerlordModEditor/Bannerl"···) [< 1 ms]
  已通过 BannerlordModEditor.Common.Tests.MpItemsSubsetTests.SingleItem_LoadAndSave_ShouldBeLogicallyIdentical(itemFilePath: "/root/WorkSpace/CSharp/BannerlordModEditor/Bannerl"···) [< 1 ms]
  已通过 BannerlordModEditor.Common.Tests.MpItemsSubsetTests.SingleItem_LoadAndSave_ShouldBeLogicallyIdentical(itemFilePath: "/root/WorkSpace/CSharp/BannerlordModEditor/Bannerl"···) [< 1 ms]
  已通过 BannerlordModEditor.Common.Tests.MpItemsSubsetTests.SingleItem_LoadAndSave_ShouldBeLogicallyIdentical(itemFilePath: "/root/WorkSpace/CSharp/BannerlordModEditor/Bannerl"···) [< 1 ms]
  已通过 BannerlordModEditor.Common.Tests.MpItemsSubsetTests.SingleItem_LoadAndSave_ShouldBeLogicallyIdentical(itemFilePath: "/root/WorkSpace/CSharp/BannerlordModEditor/Bannerl"···) [< 1 ms]
  已通过 BannerlordModEditor.Common.Tests.MpItemsSubsetTests.SingleItem_LoadAndSave_ShouldBeLogicallyIdentical(itemFilePath: "/root/WorkSpace/CSharp/BannerlordModEditor/Bannerl"···) [< 1 ms]
  已通过 BannerlordModEditor.Common.Tests.MpItemsSubsetTests.SingleItem_LoadAndSave_ShouldBeLogicallyIdentical(itemFilePath: "/root/WorkSpace/CSharp/BannerlordModEditor/Bannerl"···) [< 1 ms]
  已通过 BannerlordModEditor.Common.Tests.MpItemsSubsetTests.SingleItem_LoadAndSave_ShouldBeLogicallyIdentical(itemFilePath: "/root/WorkSpace/CSharp/BannerlordModEditor/Bannerl"···) [< 1 ms]
  已通过 BannerlordModEditor.Common.Tests.MpItemsSubsetTests.SingleItem_LoadAndSave_ShouldBeLogicallyIdentical(itemFilePath: "/root/WorkSpace/CSharp/BannerlordModEditor/Bannerl"···) [< 1 ms]
  已通过 BannerlordModEditor.Common.Tests.MpItemsSubsetTests.SingleItem_LoadAndSave_ShouldBeLogicallyIdentical(itemFilePath: "/root/WorkSpace/CSharp/BannerlordModEditor/Bannerl"···) [< 1 ms]
  已通过 BannerlordModEditor.Common.Tests.MpItemsSubsetTests.SingleItem_LoadAndSave_ShouldBeLogicallyIdentical(itemFilePath: "/root/WorkSpace/CSharp/BannerlordModEditor/Bannerl"···) [< 1 ms]
  已通过 BannerlordModEditor.Common.Tests.MpItemsSubsetTests.SingleItem_LoadAndSave_ShouldBeLogicallyIdentical(itemFilePath: "/root/WorkSpace/CSharp/BannerlordModEditor/Bannerl"···) [< 1 ms]
  已通过 BannerlordModEditor.Common.Tests.MpItemsSubsetTests.SingleItem_LoadAndSave_ShouldBeLogicallyIdentical(itemFilePath: "/root/WorkSpace/CSharp/BannerlordModEditor/Bannerl"···) [< 1 ms]
  已通过 BannerlordModEditor.Common.Tests.MpItemsSubsetTests.SingleItem_LoadAndSave_ShouldBeLogicallyIdentical(itemFilePath: "/root/WorkSpace/CSharp/BannerlordModEditor/Bannerl"···) [< 1 ms]
  已通过 BannerlordModEditor.Common.Tests.MpItemsSubsetTests.SingleItem_LoadAndSave_ShouldBeLogicallyIdentical(itemFilePath: "/root/WorkSpace/CSharp/BannerlordModEditor/Bannerl"···) [< 1 ms]
  已通过 BannerlordModEditor.Common.Tests.MpItemsSubsetTests.SingleItem_LoadAndSave_ShouldBeLogicallyIdentical(itemFilePath: "/root/WorkSpace/CSharp/BannerlordModEditor/Bannerl"···) [< 1 ms]
  已通过 BannerlordModEditor.Common.Tests.MpItemsSubsetTests.SingleItem_LoadAndSave_ShouldBeLogicallyIdentical(itemFilePath: "/root/WorkSpace/CSharp/BannerlordModEditor/Bannerl"···) [< 1 ms]
  已通过 BannerlordModEditor.Common.Tests.MpItemsSubsetTests.SingleItem_LoadAndSave_ShouldBeLogicallyIdentical(itemFilePath: "/root/WorkSpace/CSharp/BannerlordModEditor/Bannerl"···) [< 1 ms]
  已通过 BannerlordModEditor.Common.Tests.MpItemsSubsetTests.SingleItem_LoadAndSave_ShouldBeLogicallyIdentical(itemFilePath: "/root/WorkSpace/CSharp/BannerlordModEditor/Bannerl"···) [< 1 ms]
  已通过 BannerlordModEditor.Common.Tests.MpItemsSubsetTests.SingleItem_LoadAndSave_ShouldBeLogicallyIdentical(itemFilePath: "/root/WorkSpace/CSharp/BannerlordModEditor/Bannerl"···) [< 1 ms]
  已通过 BannerlordModEditor.Common.Tests.MpItemsSubsetTests.SingleItem_LoadAndSave_ShouldBeLogicallyIdentical(itemFilePath: "/root/WorkSpace/CSharp/BannerlordModEditor/Bannerl"···) [< 1 ms]
  已通过 BannerlordModEditor.Common.Tests.MpItemsSubsetTests.SingleItem_LoadAndSave_ShouldBeLogicallyIdentical(itemFilePath: "/root/WorkSpace/CSharp/BannerlordModEditor/Bannerl"···) [1 ms]
  已通过 BannerlordModEditor.Common.Tests.MpItemsSubsetTests.SingleItem_LoadAndSave_ShouldBeLogicallyIdentical(itemFilePath: "/root/WorkSpace/CSharp/BannerlordModEditor/Bannerl"···) [< 1 ms]
  已通过 BannerlordModEditor.Common.Tests.MpItemsSubsetTests.SingleItem_LoadAndSave_ShouldBeLogicallyIdentical(itemFilePath: "/root/WorkSpace/CSharp/BannerlordModEditor/Bannerl"···) [< 1 ms]
  已通过 BannerlordModEditor.Common.Tests.MpItemsSubsetTests.SingleItem_LoadAndSave_ShouldBeLogicallyIdentical(itemFilePath: "/root/WorkSpace/CSharp/BannerlordModEditor/Bannerl"···) [< 1 ms]
  已通过 BannerlordModEditor.Common.Tests.MpItemsSubsetTests.SingleItem_LoadAndSave_ShouldBeLogicallyIdentical(itemFilePath: "/root/WorkSpace/CSharp/BannerlordModEditor/Bannerl"···) [< 1 ms]
  已通过 BannerlordModEditor.Common.Tests.MpItemsSubsetTests.SingleItem_LoadAndSave_ShouldBeLogicallyIdentical(itemFilePath: "/root/WorkSpace/CSharp/BannerlordModEditor/Bannerl"···) [< 1 ms]
  已通过 BannerlordModEditor.Common.Tests.MpItemsSubsetTests.SingleItem_LoadAndSave_ShouldBeLogicallyIdentical(itemFilePath: "/root/WorkSpace/CSharp/BannerlordModEditor/Bannerl"···) [< 1 ms]
  已通过 BannerlordModEditor.Common.Tests.MpItemsSubsetTests.SingleItem_LoadAndSave_ShouldBeLogicallyIdentical(itemFilePath: "/root/WorkSpace/CSharp/BannerlordModEditor/Bannerl"···) [< 1 ms]
  已通过 BannerlordModEditor.Common.Tests.MpItemsSubsetTests.SingleItem_LoadAndSave_ShouldBeLogicallyIdentical(itemFilePath: "/root/WorkSpace/CSharp/BannerlordModEditor/Bannerl"···) [< 1 ms]
  已通过 BannerlordModEditor.Common.Tests.MpItemsSubsetTests.SingleItem_LoadAndSave_ShouldBeLogicallyIdentical(itemFilePath: "/root/WorkSpace/CSharp/BannerlordModEditor/Bannerl"···) [< 1 ms]
  已通过 BannerlordModEditor.Common.Tests.MpItemsSubsetTests.SingleItem_LoadAndSave_ShouldBeLogicallyIdentical(itemFilePath: "/root/WorkSpace/CSharp/BannerlordModEditor/Bannerl"···) [< 1 ms]
  已通过 BannerlordModEditor.Common.Tests.MpItemsSubsetTests.SingleItem_LoadAndSave_ShouldBeLogicallyIdentical(itemFilePath: "/root/WorkSpace/CSharp/BannerlordModEditor/Bannerl"···) [< 1 ms]
  已通过 BannerlordModEditor.Common.Tests.MpItemsSubsetTests.SingleItem_LoadAndSave_ShouldBeLogicallyIdentical(itemFilePath: "/root/WorkSpace/CSharp/BannerlordModEditor/Bannerl"···) [< 1 ms]
  已通过 BannerlordModEditor.Common.Tests.MpItemsSubsetTests.SingleItem_LoadAndSave_ShouldBeLogicallyIdentical(itemFilePath: "/root/WorkSpace/CSharp/BannerlordModEditor/Bannerl"···) [< 1 ms]
  已通过 BannerlordModEditor.Common.Tests.MpItemsSubsetTests.SingleItem_LoadAndSave_ShouldBeLogicallyIdentical(itemFilePath: "/root/WorkSpace/CSharp/BannerlordModEditor/Bannerl"···) [< 1 ms]
  已通过 BannerlordModEditor.Common.Tests.MpItemsSubsetTests.SingleItem_LoadAndSave_ShouldBeLogicallyIdentical(itemFilePath: "/root/WorkSpace/CSharp/BannerlordModEditor/Bannerl"···) [< 1 ms]
  已通过 BannerlordModEditor.Common.Tests.MpItemsSubsetTests.SingleItem_LoadAndSave_ShouldBeLogicallyIdentical(itemFilePath: "/root/WorkSpace/CSharp/BannerlordModEditor/Bannerl"···) [< 1 ms]
  已通过 BannerlordModEditor.Common.Tests.MpItemsSubsetTests.SingleItem_LoadAndSave_ShouldBeLogicallyIdentical(itemFilePath: "/root/WorkSpace/CSharp/BannerlordModEditor/Bannerl"···) [< 1 ms]
  已通过 BannerlordModEditor.Common.Tests.MpItemsSubsetTests.SingleItem_LoadAndSave_ShouldBeLogicallyIdentical(itemFilePath: "/root/WorkSpace/CSharp/BannerlordModEditor/Bannerl"···) [< 1 ms]
  已通过 BannerlordModEditor.Common.Tests.MpItemsSubsetTests.SingleItem_LoadAndSave_ShouldBeLogicallyIdentical(itemFilePath: "/root/WorkSpace/CSharp/BannerlordModEditor/Bannerl"···) [< 1 ms]
  已通过 BannerlordModEditor.Common.Tests.MpItemsSubsetTests.SingleItem_LoadAndSave_ShouldBeLogicallyIdentical(itemFilePath: "/root/WorkSpace/CSharp/BannerlordModEditor/Bannerl"···) [< 1 ms]
  已通过 BannerlordModEditor.Common.Tests.MpItemsSubsetTests.SingleItem_LoadAndSave_ShouldBeLogicallyIdentical(itemFilePath: "/root/WorkSpace/CSharp/BannerlordModEditor/Bannerl"···) [< 1 ms]
  已通过 BannerlordModEditor.Common.Tests.MpItemsSubsetTests.SingleItem_LoadAndSave_ShouldBeLogicallyIdentical(itemFilePath: "/root/WorkSpace/CSharp/BannerlordModEditor/Bannerl"···) [< 1 ms]
  已通过 BannerlordModEditor.Common.Tests.MpItemsSubsetTests.SingleItem_LoadAndSave_ShouldBeLogicallyIdentical(itemFilePath: "/root/WorkSpace/CSharp/BannerlordModEditor/Bannerl"···) [< 1 ms]
  已通过 BannerlordModEditor.Common.Tests.MpItemsSubsetTests.SingleItem_LoadAndSave_ShouldBeLogicallyIdentical(itemFilePath: "/root/WorkSpace/CSharp/BannerlordModEditor/Bannerl"···) [< 1 ms]
  已通过 BannerlordModEditor.Common.Tests.MpItemsSubsetTests.SingleItem_LoadAndSave_ShouldBeLogicallyIdentical(itemFilePath: "/root/WorkSpace/CSharp/BannerlordModEditor/Bannerl"···) [< 1 ms]
  已通过 BannerlordModEditor.Common.Tests.MpItemsSubsetTests.SingleItem_LoadAndSave_ShouldBeLogicallyIdentical(itemFilePath: "/root/WorkSpace/CSharp/BannerlordModEditor/Bannerl"···) [< 1 ms]
  已通过 BannerlordModEditor.Common.Tests.MpItemsSubsetTests.SingleItem_LoadAndSave_ShouldBeLogicallyIdentical(itemFilePath: "/root/WorkSpace/CSharp/BannerlordModEditor/Bannerl"···) [< 1 ms]
  已通过 BannerlordModEditor.Common.Tests.MpItemsSubsetTests.SingleItem_LoadAndSave_ShouldBeLogicallyIdentical(itemFilePath: "/root/WorkSpace/CSharp/BannerlordModEditor/Bannerl"···) [< 1 ms]
  已通过 BannerlordModEditor.Common.Tests.MpItemsSubsetTests.SingleItem_LoadAndSave_ShouldBeLogicallyIdentical(itemFilePath: "/root/WorkSpace/CSharp/BannerlordModEditor/Bannerl"···) [< 1 ms]
  已通过 BannerlordModEditor.Common.Tests.MpItemsSubsetTests.SingleItem_LoadAndSave_ShouldBeLogicallyIdentical(itemFilePath: "/root/WorkSpace/CSharp/BannerlordModEditor/Bannerl"···) [< 1 ms]
  已通过 BannerlordModEditor.Common.Tests.MpItemsSubsetTests.SingleItem_LoadAndSave_ShouldBeLogicallyIdentical(itemFilePath: "/root/WorkSpace/CSharp/BannerlordModEditor/Bannerl"···) [< 1 ms]
  已通过 BannerlordModEditor.Common.Tests.MpItemsSubsetTests.SingleItem_LoadAndSave_ShouldBeLogicallyIdentical(itemFilePath: "/root/WorkSpace/CSharp/BannerlordModEditor/Bannerl"···) [< 1 ms]
  已通过 BannerlordModEditor.Common.Tests.MpItemsSubsetTests.SingleItem_LoadAndSave_ShouldBeLogicallyIdentical(itemFilePath: "/root/WorkSpace/CSharp/BannerlordModEditor/Bannerl"···) [< 1 ms]
  已通过 BannerlordModEditor.Common.Tests.MpItemsSubsetTests.SingleItem_LoadAndSave_ShouldBeLogicallyIdentical(itemFilePath: "/root/WorkSpace/CSharp/BannerlordModEditor/Bannerl"···) [< 1 ms]
  已通过 BannerlordModEditor.Common.Tests.MpItemsSubsetTests.SingleItem_LoadAndSave_ShouldBeLogicallyIdentical(itemFilePath: "/root/WorkSpace/CSharp/BannerlordModEditor/Bannerl"···) [< 1 ms]
  已通过 BannerlordModEditor.Common.Tests.MpItemsSubsetTests.SingleItem_LoadAndSave_ShouldBeLogicallyIdentical(itemFilePath: "/root/WorkSpace/CSharp/BannerlordModEditor/Bannerl"···) [< 1 ms]
  已通过 BannerlordModEditor.Common.Tests.MpItemsSubsetTests.SingleItem_LoadAndSave_ShouldBeLogicallyIdentical(itemFilePath: "/root/WorkSpace/CSharp/BannerlordModEditor/Bannerl"···) [< 1 ms]
  已通过 BannerlordModEditor.Common.Tests.MpItemsSubsetTests.SingleItem_LoadAndSave_ShouldBeLogicallyIdentical(itemFilePath: "/root/WorkSpace/CSharp/BannerlordModEditor/Bannerl"···) [< 1 ms]
  已通过 BannerlordModEditor.Common.Tests.MpItemsSubsetTests.SingleItem_LoadAndSave_ShouldBeLogicallyIdentical(itemFilePath: "/root/WorkSpace/CSharp/BannerlordModEditor/Bannerl"···) [< 1 ms]
  已通过 BannerlordModEditor.Common.Tests.MpItemsSubsetTests.SingleItem_LoadAndSave_ShouldBeLogicallyIdentical(itemFilePath: "/root/WorkSpace/CSharp/BannerlordModEditor/Bannerl"···) [< 1 ms]
  已通过 BannerlordModEditor.Common.Tests.MpItemsSubsetTests.SingleItem_LoadAndSave_ShouldBeLogicallyIdentical(itemFilePath: "/root/WorkSpace/CSharp/BannerlordModEditor/Bannerl"···) [< 1 ms]
  已通过 BannerlordModEditor.Common.Tests.MpItemsSubsetTests.SingleItem_LoadAndSave_ShouldBeLogicallyIdentical(itemFilePath: "/root/WorkSpace/CSharp/BannerlordModEditor/Bannerl"···) [< 1 ms]
  已通过 BannerlordModEditor.Common.Tests.MpItemsSubsetTests.SingleItem_LoadAndSave_ShouldBeLogicallyIdentical(itemFilePath: "/root/WorkSpace/CSharp/BannerlordModEditor/Bannerl"···) [< 1 ms]
  已通过 BannerlordModEditor.Common.Tests.MpItemsSubsetTests.SingleItem_LoadAndSave_ShouldBeLogicallyIdentical(itemFilePath: "/root/WorkSpace/CSharp/BannerlordModEditor/Bannerl"···) [< 1 ms]
  已通过 BannerlordModEditor.Common.Tests.MpItemsSubsetTests.SingleItem_LoadAndSave_ShouldBeLogicallyIdentical(itemFilePath: "/root/WorkSpace/CSharp/BannerlordModEditor/Bannerl"···) [< 1 ms]
  已通过 BannerlordModEditor.Common.Tests.MpItemsSubsetTests.SingleItem_LoadAndSave_ShouldBeLogicallyIdentical(itemFilePath: "/root/WorkSpace/CSharp/BannerlordModEditor/Bannerl"···) [< 1 ms]
  已通过 BannerlordModEditor.Common.Tests.MpItemsSubsetTests.SingleItem_LoadAndSave_ShouldBeLogicallyIdentical(itemFilePath: "/root/WorkSpace/CSharp/BannerlordModEditor/Bannerl"···) [< 1 ms]
  已通过 BannerlordModEditor.Common.Tests.MpItemsSubsetTests.SingleItem_LoadAndSave_ShouldBeLogicallyIdentical(itemFilePath: "/root/WorkSpace/CSharp/BannerlordModEditor/Bannerl"···) [< 1 ms]
  已通过 BannerlordModEditor.Common.Tests.MpItemsSubsetTests.SingleItem_LoadAndSave_ShouldBeLogicallyIdentical(itemFilePath: "/root/WorkSpace/CSharp/BannerlordModEditor/Bannerl"···) [< 1 ms]
  已通过 BannerlordModEditor.Common.Tests.MpItemsSubsetTests.SingleItem_LoadAndSave_ShouldBeLogicallyIdentical(itemFilePath: "/root/WorkSpace/CSharp/BannerlordModEditor/Bannerl"···) [< 1 ms]
  已通过 BannerlordModEditor.Common.Tests.MpItemsSubsetTests.SingleItem_LoadAndSave_ShouldBeLogicallyIdentical(itemFilePath: "/root/WorkSpace/CSharp/BannerlordModEditor/Bannerl"···) [< 1 ms]
  已通过 BannerlordModEditor.Common.Tests.MpItemsSubsetTests.SingleItem_LoadAndSave_ShouldBeLogicallyIdentical(itemFilePath: "/root/WorkSpace/CSharp/BannerlordModEditor/Bannerl"···) [< 1 ms]
  已通过 BannerlordModEditor.Common.Tests.MpItemsSubsetTests.SingleItem_LoadAndSave_ShouldBeLogicallyIdentical(itemFilePath: "/root/WorkSpace/CSharp/BannerlordModEditor/Bannerl"···) [< 1 ms]
  已通过 BannerlordModEditor.Common.Tests.MpItemsSubsetTests.SingleItem_LoadAndSave_ShouldBeLogicallyIdentical(itemFilePath: "/root/WorkSpace/CSharp/BannerlordModEditor/Bannerl"···) [< 1 ms]
  已通过 BannerlordModEditor.Common.Tests.MpItemsSubsetTests.SingleItem_LoadAndSave_ShouldBeLogicallyIdentical(itemFilePath: "/root/WorkSpace/CSharp/BannerlordModEditor/Bannerl"···) [< 1 ms]
  已通过 BannerlordModEditor.Common.Tests.MpItemsSubsetTests.SingleItem_LoadAndSave_ShouldBeLogicallyIdentical(itemFilePath: "/root/WorkSpace/CSharp/BannerlordModEditor/Bannerl"···) [< 1 ms]
  已通过 BannerlordModEditor.Common.Tests.MpItemsSubsetTests.SingleItem_LoadAndSave_ShouldBeLogicallyIdentical(itemFilePath: "/root/WorkSpace/CSharp/BannerlordModEditor/Bannerl"···) [< 1 ms]
  已通过 BannerlordModEditor.Common.Tests.MpItemsSubsetTests.SingleItem_LoadAndSave_ShouldBeLogicallyIdentical(itemFilePath: "/root/WorkSpace/CSharp/BannerlordModEditor/Bannerl"···) [< 1 ms]
  已通过 BannerlordModEditor.Common.Tests.MpItemsSubsetTests.SingleItem_LoadAndSave_ShouldBeLogicallyIdentical(itemFilePath: "/root/WorkSpace/CSharp/BannerlordModEditor/Bannerl"···) [< 1 ms]
  已通过 BannerlordModEditor.Common.Tests.MpItemsSubsetTests.SingleItem_LoadAndSave_ShouldBeLogicallyIdentical(itemFilePath: "/root/WorkSpace/CSharp/BannerlordModEditor/Bannerl"···) [< 1 ms]
  已通过 BannerlordModEditor.Common.Tests.MpItemsSubsetTests.SingleItem_LoadAndSave_ShouldBeLogicallyIdentical(itemFilePath: "/root/WorkSpace/CSharp/BannerlordModEditor/Bannerl"···) [< 1 ms]
  已通过 BannerlordModEditor.Common.Tests.MpItemsSubsetTests.SingleItem_LoadAndSave_ShouldBeLogicallyIdentical(itemFilePath: "/root/WorkSpace/CSharp/BannerlordModEditor/Bannerl"···) [< 1 ms]
  已通过 BannerlordModEditor.Common.Tests.MpItemsSubsetTests.SingleItem_LoadAndSave_ShouldBeLogicallyIdentical(itemFilePath: "/root/WorkSpace/CSharp/BannerlordModEditor/Bannerl"···) [< 1 ms]
  已通过 BannerlordModEditor.Common.Tests.MpItemsSubsetTests.SingleItem_LoadAndSave_ShouldBeLogicallyIdentical(itemFilePath: "/root/WorkSpace/CSharp/BannerlordModEditor/Bannerl"···) [< 1 ms]
  已通过 BannerlordModEditor.Common.Tests.MpItemsSubsetTests.SingleItem_LoadAndSave_ShouldBeLogicallyIdentical(itemFilePath: "/root/WorkSpace/CSharp/BannerlordModEditor/Bannerl"···) [< 1 ms]
  已通过 BannerlordModEditor.Common.Tests.MpItemsSubsetTests.SingleItem_LoadAndSave_ShouldBeLogicallyIdentical(itemFilePath: "/root/WorkSpace/CSharp/BannerlordModEditor/Bannerl"···) [< 1 ms]
  已通过 BannerlordModEditor.Common.Tests.MpItemsSubsetTests.SingleItem_LoadAndSave_ShouldBeLogicallyIdentical(itemFilePath: "/root/WorkSpace/CSharp/BannerlordModEditor/Bannerl"···) [< 1 ms]
  已通过 BannerlordModEditor.Common.Tests.MpItemsSubsetTests.SingleItem_LoadAndSave_ShouldBeLogicallyIdentical(itemFilePath: "/root/WorkSpace/CSharp/BannerlordModEditor/Bannerl"···) [< 1 ms]
  已通过 BannerlordModEditor.Common.Tests.MpItemsSubsetTests.SingleItem_LoadAndSave_ShouldBeLogicallyIdentical(itemFilePath: "/root/WorkSpace/CSharp/BannerlordModEditor/Bannerl"···) [< 1 ms]
  已通过 BannerlordModEditor.Common.Tests.MpItemsSubsetTests.SingleItem_LoadAndSave_ShouldBeLogicallyIdentical(itemFilePath: "/root/WorkSpace/CSharp/BannerlordModEditor/Bannerl"···) [< 1 ms]
  已通过 BannerlordModEditor.Common.Tests.MpItemsSubsetTests.SingleItem_LoadAndSave_ShouldBeLogicallyIdentical(itemFilePath: "/root/WorkSpace/CSharp/BannerlordModEditor/Bannerl"···) [< 1 ms]
  已通过 BannerlordModEditor.Common.Tests.MpItemsSubsetTests.SingleItem_LoadAndSave_ShouldBeLogicallyIdentical(itemFilePath: "/root/WorkSpace/CSharp/BannerlordModEditor/Bannerl"···) [< 1 ms]
  已通过 BannerlordModEditor.Common.Tests.MpItemsSubsetTests.SingleItem_LoadAndSave_ShouldBeLogicallyIdentical(itemFilePath: "/root/WorkSpace/CSharp/BannerlordModEditor/Bannerl"···) [< 1 ms]
  已通过 BannerlordModEditor.Common.Tests.MpItemsSubsetTests.SingleItem_LoadAndSave_ShouldBeLogicallyIdentical(itemFilePath: "/root/WorkSpace/CSharp/BannerlordModEditor/Bannerl"···) [< 1 ms]
  已通过 BannerlordModEditor.Common.Tests.MpItemsSubsetTests.SingleItem_LoadAndSave_ShouldBeLogicallyIdentical(itemFilePath: "/root/WorkSpace/CSharp/BannerlordModEditor/Bannerl"···) [< 1 ms]
  已通过 BannerlordModEditor.Common.Tests.MpItemsSubsetTests.SingleItem_LoadAndSave_ShouldBeLogicallyIdentical(itemFilePath: "/root/WorkSpace/CSharp/BannerlordModEditor/Bannerl"···) [< 1 ms]
  已通过 BannerlordModEditor.Common.Tests.MpItemsSubsetTests.SingleItem_LoadAndSave_ShouldBeLogicallyIdentical(itemFilePath: "/root/WorkSpace/CSharp/BannerlordModEditor/Bannerl"···) [< 1 ms]
  已通过 BannerlordModEditor.Common.Tests.MpItemsSubsetTests.SingleItem_LoadAndSave_ShouldBeLogicallyIdentical(itemFilePath: "/root/WorkSpace/CSharp/BannerlordModEditor/Bannerl"···) [< 1 ms]
  已通过 BannerlordModEditor.Common.Tests.MpItemsSubsetTests.SingleItem_LoadAndSave_ShouldBeLogicallyIdentical(itemFilePath: "/root/WorkSpace/CSharp/BannerlordModEditor/Bannerl"···) [< 1 ms]
  已通过 BannerlordModEditor.Common.Tests.MpItemsSubsetTests.SingleItem_LoadAndSave_ShouldBeLogicallyIdentical(itemFilePath: "/root/WorkSpace/CSharp/BannerlordModEditor/Bannerl"···) [< 1 ms]
  已通过 BannerlordModEditor.Common.Tests.MpItemsSubsetTests.SingleItem_LoadAndSave_ShouldBeLogicallyIdentical(itemFilePath: "/root/WorkSpace/CSharp/BannerlordModEditor/Bannerl"···) [< 1 ms]
  已通过 BannerlordModEditor.Common.Tests.MpItemsSubsetTests.SingleItem_LoadAndSave_ShouldBeLogicallyIdentical(itemFilePath: "/root/WorkSpace/CSharp/BannerlordModEditor/Bannerl"···) [< 1 ms]
  已通过 BannerlordModEditor.Common.Tests.MpItemsSubsetTests.SingleItem_LoadAndSave_ShouldBeLogicallyIdentical(itemFilePath: "/root/WorkSpace/CSharp/BannerlordModEditor/Bannerl"···) [< 1 ms]
  已通过 BannerlordModEditor.Common.Tests.MpItemsSubsetTests.SingleItem_LoadAndSave_ShouldBeLogicallyIdentical(itemFilePath: "/root/WorkSpace/CSharp/BannerlordModEditor/Bannerl"···) [< 1 ms]
  已通过 BannerlordModEditor.Common.Tests.MpItemsSubsetTests.SingleItem_LoadAndSave_ShouldBeLogicallyIdentical(itemFilePath: "/root/WorkSpace/CSharp/BannerlordModEditor/Bannerl"···) [< 1 ms]
  已通过 BannerlordModEditor.Common.Tests.MpItemsSubsetTests.SingleItem_LoadAndSave_ShouldBeLogicallyIdentical(itemFilePath: "/root/WorkSpace/CSharp/BannerlordModEditor/Bannerl"···) [< 1 ms]
  已通过 BannerlordModEditor.Common.Tests.MpItemsSubsetTests.SingleItem_LoadAndSave_ShouldBeLogicallyIdentical(itemFilePath: "/root/WorkSpace/CSharp/BannerlordModEditor/Bannerl"···) [< 1 ms]
  已通过 BannerlordModEditor.Common.Tests.MpItemsSubsetTests.SingleItem_LoadAndSave_ShouldBeLogicallyIdentical(itemFilePath: "/root/WorkSpace/CSharp/BannerlordModEditor/Bannerl"···) [< 1 ms]
  已通过 BannerlordModEditor.Common.Tests.MpItemsSubsetTests.SingleItem_LoadAndSave_ShouldBeLogicallyIdentical(itemFilePath: "/root/WorkSpace/CSharp/BannerlordModEditor/Bannerl"···) [< 1 ms]
  已通过 BannerlordModEditor.Common.Tests.MpItemsSubsetTests.SingleItem_LoadAndSave_ShouldBeLogicallyIdentical(itemFilePath: "/root/WorkSpace/CSharp/BannerlordModEditor/Bannerl"···) [< 1 ms]
  已通过 BannerlordModEditor.Common.Tests.MpItemsSubsetTests.SingleItem_LoadAndSave_ShouldBeLogicallyIdentical(itemFilePath: "/root/WorkSpace/CSharp/BannerlordModEditor/Bannerl"···) [< 1 ms]
  已通过 BannerlordModEditor.Common.Tests.MpItemsSubsetTests.SingleItem_LoadAndSave_ShouldBeLogicallyIdentical(itemFilePath: "/root/WorkSpace/CSharp/BannerlordModEditor/Bannerl"···) [< 1 ms]
  已通过 BannerlordModEditor.Common.Tests.MpItemsSubsetTests.SingleItem_LoadAndSave_ShouldBeLogicallyIdentical(itemFilePath: "/root/WorkSpace/CSharp/BannerlordModEditor/Bannerl"···) [< 1 ms]
  已通过 BannerlordModEditor.Common.Tests.MpItemsSubsetTests.SingleItem_LoadAndSave_ShouldBeLogicallyIdentical(itemFilePath: "/root/WorkSpace/CSharp/BannerlordModEditor/Bannerl"···) [< 1 ms]
  已通过 BannerlordModEditor.Common.Tests.MpItemsSubsetTests.SingleItem_LoadAndSave_ShouldBeLogicallyIdentical(itemFilePath: "/root/WorkSpace/CSharp/BannerlordModEditor/Bannerl"···) [< 1 ms]
  已通过 BannerlordModEditor.Common.Tests.MpItemsSubsetTests.SingleItem_LoadAndSave_ShouldBeLogicallyIdentical(itemFilePath: "/root/WorkSpace/CSharp/BannerlordModEditor/Bannerl"···) [< 1 ms]
  已通过 BannerlordModEditor.Common.Tests.MpItemsSubsetTests.SingleItem_LoadAndSave_ShouldBeLogicallyIdentical(itemFilePath: "/root/WorkSpace/CSharp/BannerlordModEditor/Bannerl"···) [< 1 ms]
  已通过 BannerlordModEditor.Common.Tests.MpItemsSubsetTests.SingleItem_LoadAndSave_ShouldBeLogicallyIdentical(itemFilePath: "/root/WorkSpace/CSharp/BannerlordModEditor/Bannerl"···) [< 1 ms]
  已通过 BannerlordModEditor.Common.Tests.MpItemsSubsetTests.SingleItem_LoadAndSave_ShouldBeLogicallyIdentical(itemFilePath: "/root/WorkSpace/CSharp/BannerlordModEditor/Bannerl"···) [< 1 ms]
  已通过 BannerlordModEditor.Common.Tests.MpItemsSubsetTests.SingleItem_LoadAndSave_ShouldBeLogicallyIdentical(itemFilePath: "/root/WorkSpace/CSharp/BannerlordModEditor/Bannerl"···) [< 1 ms]
  已通过 BannerlordModEditor.Common.Tests.MpItemsSubsetTests.SingleItem_LoadAndSave_ShouldBeLogicallyIdentical(itemFilePath: "/root/WorkSpace/CSharp/BannerlordModEditor/Bannerl"···) [< 1 ms]
  已通过 BannerlordModEditor.Common.Tests.MpItemsSubsetTests.SingleItem_LoadAndSave_ShouldBeLogicallyIdentical(itemFilePath: "/root/WorkSpace/CSharp/BannerlordModEditor/Bannerl"···) [< 1 ms]
  已通过 BannerlordModEditor.Common.Tests.MpItemsSubsetTests.SingleItem_LoadAndSave_ShouldBeLogicallyIdentical(itemFilePath: "/root/WorkSpace/CSharp/BannerlordModEditor/Bannerl"···) [< 1 ms]
  已通过 BannerlordModEditor.Common.Tests.MpItemsSubsetTests.SingleItem_LoadAndSave_ShouldBeLogicallyIdentical(itemFilePath: "/root/WorkSpace/CSharp/BannerlordModEditor/Bannerl"···) [< 1 ms]
  已通过 BannerlordModEditor.Common.Tests.MpItemsSubsetTests.SingleItem_LoadAndSave_ShouldBeLogicallyIdentical(itemFilePath: "/root/WorkSpace/CSharp/BannerlordModEditor/Bannerl"···) [< 1 ms]
  已通过 BannerlordModEditor.Common.Tests.MpItemsSubsetTests.SingleItem_LoadAndSave_ShouldBeLogicallyIdentical(itemFilePath: "/root/WorkSpace/CSharp/BannerlordModEditor/Bannerl"···) [< 1 ms]
  已通过 BannerlordModEditor.Common.Tests.MpItemsSubsetTests.SingleItem_LoadAndSave_ShouldBeLogicallyIdentical(itemFilePath: "/root/WorkSpace/CSharp/BannerlordModEditor/Bannerl"···) [< 1 ms]
  已通过 BannerlordModEditor.Common.Tests.MpItemsSubsetTests.SingleItem_LoadAndSave_ShouldBeLogicallyIdentical(itemFilePath: "/root/WorkSpace/CSharp/BannerlordModEditor/Bannerl"···) [< 1 ms]
  已通过 BannerlordModEditor.Common.Tests.MpItemsSubsetTests.SingleItem_LoadAndSave_ShouldBeLogicallyIdentical(itemFilePath: "/root/WorkSpace/CSharp/BannerlordModEditor/Bannerl"···) [< 1 ms]
  已通过 BannerlordModEditor.Common.Tests.MpItemsSubsetTests.SingleItem_LoadAndSave_ShouldBeLogicallyIdentical(itemFilePath: "/root/WorkSpace/CSharp/BannerlordModEditor/Bannerl"···) [< 1 ms]
  已通过 BannerlordModEditor.Common.Tests.MpItemsSubsetTests.SingleItem_LoadAndSave_ShouldBeLogicallyIdentical(itemFilePath: "/root/WorkSpace/CSharp/BannerlordModEditor/Bannerl"···) [< 1 ms]
  已通过 BannerlordModEditor.Common.Tests.MpItemsSubsetTests.SingleItem_LoadAndSave_ShouldBeLogicallyIdentical(itemFilePath: "/root/WorkSpace/CSharp/BannerlordModEditor/Bannerl"···) [< 1 ms]
  已通过 BannerlordModEditor.Common.Tests.MpItemsSubsetTests.SingleItem_LoadAndSave_ShouldBeLogicallyIdentical(itemFilePath: "/root/WorkSpace/CSharp/BannerlordModEditor/Bannerl"···) [< 1 ms]
  已通过 BannerlordModEditor.Common.Tests.MpItemsSubsetTests.SingleItem_LoadAndSave_ShouldBeLogicallyIdentical(itemFilePath: "/root/WorkSpace/CSharp/BannerlordModEditor/Bannerl"···) [< 1 ms]
  已通过 BannerlordModEditor.Common.Tests.MpItemsSubsetTests.SingleItem_LoadAndSave_ShouldBeLogicallyIdentical(itemFilePath: "/root/WorkSpace/CSharp/BannerlordModEditor/Bannerl"···) [< 1 ms]
  已通过 BannerlordModEditor.Common.Tests.MpItemsSubsetTests.SingleItem_LoadAndSave_ShouldBeLogicallyIdentical(itemFilePath: "/root/WorkSpace/CSharp/BannerlordModEditor/Bannerl"···) [< 1 ms]
  已通过 BannerlordModEditor.Common.Tests.MpItemsSubsetTests.SingleItem_LoadAndSave_ShouldBeLogicallyIdentical(itemFilePath: "/root/WorkSpace/CSharp/BannerlordModEditor/Bannerl"···) [< 1 ms]
  已通过 BannerlordModEditor.Common.Tests.MpItemsSubsetTests.SingleItem_LoadAndSave_ShouldBeLogicallyIdentical(itemFilePath: "/root/WorkSpace/CSharp/BannerlordModEditor/Bannerl"···) [< 1 ms]
  已通过 BannerlordModEditor.Common.Tests.MpItemsSubsetTests.SingleItem_LoadAndSave_ShouldBeLogicallyIdentical(itemFilePath: "/root/WorkSpace/CSharp/BannerlordModEditor/Bannerl"···) [< 1 ms]
  已通过 BannerlordModEditor.Common.Tests.MpItemsSubsetTests.SingleItem_LoadAndSave_ShouldBeLogicallyIdentical(itemFilePath: "/root/WorkSpace/CSharp/BannerlordModEditor/Bannerl"···) [< 1 ms]
  已通过 BannerlordModEditor.Common.Tests.MpItemsSubsetTests.SingleItem_LoadAndSave_ShouldBeLogicallyIdentical(itemFilePath: "/root/WorkSpace/CSharp/BannerlordModEditor/Bannerl"···) [< 1 ms]
  已通过 BannerlordModEditor.Common.Tests.MpItemsSubsetTests.SingleItem_LoadAndSave_ShouldBeLogicallyIdentical(itemFilePath: "/root/WorkSpace/CSharp/BannerlordModEditor/Bannerl"···) [< 1 ms]
  已通过 BannerlordModEditor.Common.Tests.MpItemsSubsetTests.SingleItem_LoadAndSave_ShouldBeLogicallyIdentical(itemFilePath: "/root/WorkSpace/CSharp/BannerlordModEditor/Bannerl"···) [< 1 ms]
  已通过 BannerlordModEditor.Common.Tests.MpItemsSubsetTests.SingleItem_LoadAndSave_ShouldBeLogicallyIdentical(itemFilePath: "/root/WorkSpace/CSharp/BannerlordModEditor/Bannerl"···) [< 1 ms]
  已通过 BannerlordModEditor.Common.Tests.MpItemsSubsetTests.SingleItem_LoadAndSave_ShouldBeLogicallyIdentical(itemFilePath: "/root/WorkSpace/CSharp/BannerlordModEditor/Bannerl"···) [< 1 ms]
  已通过 BannerlordModEditor.Common.Tests.MpItemsSubsetTests.SingleItem_LoadAndSave_ShouldBeLogicallyIdentical(itemFilePath: "/root/WorkSpace/CSharp/BannerlordModEditor/Bannerl"···) [< 1 ms]
  已通过 BannerlordModEditor.Common.Tests.MpItemsSubsetTests.SingleItem_LoadAndSave_ShouldBeLogicallyIdentical(itemFilePath: "/root/WorkSpace/CSharp/BannerlordModEditor/Bannerl"···) [< 1 ms]
  已通过 BannerlordModEditor.Common.Tests.MpItemsSubsetTests.SingleItem_LoadAndSave_ShouldBeLogicallyIdentical(itemFilePath: "/root/WorkSpace/CSharp/BannerlordModEditor/Bannerl"···) [< 1 ms]
  已通过 BannerlordModEditor.Common.Tests.MpItemsSubsetTests.SingleItem_LoadAndSave_ShouldBeLogicallyIdentical(itemFilePath: "/root/WorkSpace/CSharp/BannerlordModEditor/Bannerl"···) [< 1 ms]
  已通过 BannerlordModEditor.Common.Tests.MpItemsSubsetTests.SingleItem_LoadAndSave_ShouldBeLogicallyIdentical(itemFilePath: "/root/WorkSpace/CSharp/BannerlordModEditor/Bannerl"···) [< 1 ms]
  已通过 BannerlordModEditor.Common.Tests.MpItemsSubsetTests.SingleItem_LoadAndSave_ShouldBeLogicallyIdentical(itemFilePath: "/root/WorkSpace/CSharp/BannerlordModEditor/Bannerl"···) [< 1 ms]
  已通过 BannerlordModEditor.Common.Tests.MpItemsSubsetTests.SingleItem_LoadAndSave_ShouldBeLogicallyIdentical(itemFilePath: "/root/WorkSpace/CSharp/BannerlordModEditor/Bannerl"···) [< 1 ms]
  已通过 BannerlordModEditor.Common.Tests.MpItemsSubsetTests.SingleItem_LoadAndSave_ShouldBeLogicallyIdentical(itemFilePath: "/root/WorkSpace/CSharp/BannerlordModEditor/Bannerl"···) [< 1 ms]
  已通过 BannerlordModEditor.Common.Tests.MpItemsSubsetTests.SingleItem_LoadAndSave_ShouldBeLogicallyIdentical(itemFilePath: "/root/WorkSpace/CSharp/BannerlordModEditor/Bannerl"···) [< 1 ms]
  已通过 BannerlordModEditor.Common.Tests.MpItemsSubsetTests.SingleItem_LoadAndSave_ShouldBeLogicallyIdentical(itemFilePath: "/root/WorkSpace/CSharp/BannerlordModEditor/Bannerl"···) [< 1 ms]
  已通过 BannerlordModEditor.Common.Tests.MpItemsSubsetTests.SingleItem_LoadAndSave_ShouldBeLogicallyIdentical(itemFilePath: "/root/WorkSpace/CSharp/BannerlordModEditor/Bannerl"···) [1 ms]
  已通过 BannerlordModEditor.Common.Tests.MpItemsSubsetTests.SingleItem_LoadAndSave_ShouldBeLogicallyIdentical(itemFilePath: "/root/WorkSpace/CSharp/BannerlordModEditor/Bannerl"···) [< 1 ms]
  已通过 BannerlordModEditor.Common.Tests.MpItemsSubsetTests.SingleItem_LoadAndSave_ShouldBeLogicallyIdentical(itemFilePath: "/root/WorkSpace/CSharp/BannerlordModEditor/Bannerl"···) [< 1 ms]
  已通过 BannerlordModEditor.Common.Tests.MpItemsSubsetTests.SingleItem_LoadAndSave_ShouldBeLogicallyIdentical(itemFilePath: "/root/WorkSpace/CSharp/BannerlordModEditor/Bannerl"···) [< 1 ms]
  已通过 BannerlordModEditor.Common.Tests.MpItemsSubsetTests.SingleItem_LoadAndSave_ShouldBeLogicallyIdentical(itemFilePath: "/root/WorkSpace/CSharp/BannerlordModEditor/Bannerl"···) [< 1 ms]
  已通过 BannerlordModEditor.Common.Tests.MpItemsSubsetTests.SingleItem_LoadAndSave_ShouldBeLogicallyIdentical(itemFilePath: "/root/WorkSpace/CSharp/BannerlordModEditor/Bannerl"···) [< 1 ms]
  已通过 BannerlordModEditor.Common.Tests.MpItemsSubsetTests.SingleItem_LoadAndSave_ShouldBeLogicallyIdentical(itemFilePath: "/root/WorkSpace/CSharp/BannerlordModEditor/Bannerl"···) [< 1 ms]
  已通过 BannerlordModEditor.Common.Tests.MpItemsSubsetTests.SingleItem_LoadAndSave_ShouldBeLogicallyIdentical(itemFilePath: "/root/WorkSpace/CSharp/BannerlordModEditor/Bannerl"···) [< 1 ms]
  已通过 BannerlordModEditor.Common.Tests.MpItemsSubsetTests.SingleItem_LoadAndSave_ShouldBeLogicallyIdentical(itemFilePath: "/root/WorkSpace/CSharp/BannerlordModEditor/Bannerl"···) [< 1 ms]
  已通过 BannerlordModEditor.Common.Tests.MpItemsSubsetTests.SingleItem_LoadAndSave_ShouldBeLogicallyIdentical(itemFilePath: "/root/WorkSpace/CSharp/BannerlordModEditor/Bannerl"···) [< 1 ms]
  已通过 BannerlordModEditor.Common.Tests.MpItemsSubsetTests.SingleItem_LoadAndSave_ShouldBeLogicallyIdentical(itemFilePath: "/root/WorkSpace/CSharp/BannerlordModEditor/Bannerl"···) [< 1 ms]
  已通过 BannerlordModEditor.Common.Tests.MpItemsSubsetTests.SingleItem_LoadAndSave_ShouldBeLogicallyIdentical(itemFilePath: "/root/WorkSpace/CSharp/BannerlordModEditor/Bannerl"···) [< 1 ms]
  已通过 BannerlordModEditor.Common.Tests.MpItemsSubsetTests.SingleItem_LoadAndSave_ShouldBeLogicallyIdentical(itemFilePath: "/root/WorkSpace/CSharp/BannerlordModEditor/Bannerl"···) [< 1 ms]
  已通过 BannerlordModEditor.Common.Tests.MpItemsSubsetTests.SingleItem_LoadAndSave_ShouldBeLogicallyIdentical(itemFilePath: "/root/WorkSpace/CSharp/BannerlordModEditor/Bannerl"···) [< 1 ms]
  已通过 BannerlordModEditor.Common.Tests.MpItemsSubsetTests.SingleItem_LoadAndSave_ShouldBeLogicallyIdentical(itemFilePath: "/root/WorkSpace/CSharp/BannerlordModEditor/Bannerl"···) [< 1 ms]
  已通过 BannerlordModEditor.Common.Tests.MpItemsSubsetTests.SingleItem_LoadAndSave_ShouldBeLogicallyIdentical(itemFilePath: "/root/WorkSpace/CSharp/BannerlordModEditor/Bannerl"···) [< 1 ms]
  已通过 BannerlordModEditor.Common.Tests.MpItemsSubsetTests.SingleItem_LoadAndSave_ShouldBeLogicallyIdentical(itemFilePath: "/root/WorkSpace/CSharp/BannerlordModEditor/Bannerl"···) [< 1 ms]
  已通过 BannerlordModEditor.Common.Tests.MpItemsSubsetTests.SingleItem_LoadAndSave_ShouldBeLogicallyIdentical(itemFilePath: "/root/WorkSpace/CSharp/BannerlordModEditor/Bannerl"···) [< 1 ms]
  已通过 BannerlordModEditor.Common.Tests.MpItemsSubsetTests.SingleItem_LoadAndSave_ShouldBeLogicallyIdentical(itemFilePath: "/root/WorkSpace/CSharp/BannerlordModEditor/Bannerl"···) [< 1 ms]
  已通过 BannerlordModEditor.Common.Tests.MpItemsSubsetTests.SingleItem_LoadAndSave_ShouldBeLogicallyIdentical(itemFilePath: "/root/WorkSpace/CSharp/BannerlordModEditor/Bannerl"···) [< 1 ms]
  已通过 BannerlordModEditor.Common.Tests.MpItemsSubsetTests.SingleItem_LoadAndSave_ShouldBeLogicallyIdentical(itemFilePath: "/root/WorkSpace/CSharp/BannerlordModEditor/Bannerl"···) [< 1 ms]
  已通过 BannerlordModEditor.Common.Tests.MpItemsSubsetTests.SingleItem_LoadAndSave_ShouldBeLogicallyIdentical(itemFilePath: "/root/WorkSpace/CSharp/BannerlordModEditor/Bannerl"···) [< 1 ms]
  已通过 BannerlordModEditor.Common.Tests.MpItemsSubsetTests.SingleItem_LoadAndSave_ShouldBeLogicallyIdentical(itemFilePath: "/root/WorkSpace/CSharp/BannerlordModEditor/Bannerl"···) [< 1 ms]
  已通过 BannerlordModEditor.Common.Tests.MpItemsSubsetTests.SingleItem_LoadAndSave_ShouldBeLogicallyIdentical(itemFilePath: "/root/WorkSpace/CSharp/BannerlordModEditor/Bannerl"···) [< 1 ms]
  已通过 BannerlordModEditor.Common.Tests.MpItemsSubsetTests.SingleItem_LoadAndSave_ShouldBeLogicallyIdentical(itemFilePath: "/root/WorkSpace/CSharp/BannerlordModEditor/Bannerl"···) [< 1 ms]
  已通过 BannerlordModEditor.Common.Tests.MpItemsSubsetTests.SingleItem_LoadAndSave_ShouldBeLogicallyIdentical(itemFilePath: "/root/WorkSpace/CSharp/BannerlordModEditor/Bannerl"···) [< 1 ms]
  已通过 BannerlordModEditor.Common.Tests.MpItemsSubsetTests.SingleItem_LoadAndSave_ShouldBeLogicallyIdentical(itemFilePath: "/root/WorkSpace/CSharp/BannerlordModEditor/Bannerl"···) [< 1 ms]
  已通过 BannerlordModEditor.Common.Tests.MpItemsSubsetTests.SingleItem_LoadAndSave_ShouldBeLogicallyIdentical(itemFilePath: "/root/WorkSpace/CSharp/BannerlordModEditor/Bannerl"···) [< 1 ms]
  已通过 BannerlordModEditor.Common.Tests.MpItemsSubsetTests.SingleItem_LoadAndSave_ShouldBeLogicallyIdentical(itemFilePath: "/root/WorkSpace/CSharp/BannerlordModEditor/Bannerl"···) [< 1 ms]
  已通过 BannerlordModEditor.Common.Tests.MpItemsSubsetTests.SingleItem_LoadAndSave_ShouldBeLogicallyIdentical(itemFilePath: "/root/WorkSpace/CSharp/BannerlordModEditor/Bannerl"···) [< 1 ms]
  已通过 BannerlordModEditor.Common.Tests.MpItemsSubsetTests.SingleItem_LoadAndSave_ShouldBeLogicallyIdentical(itemFilePath: "/root/WorkSpace/CSharp/BannerlordModEditor/Bannerl"···) [< 1 ms]
  已通过 BannerlordModEditor.Common.Tests.MpItemsSubsetTests.SingleItem_LoadAndSave_ShouldBeLogicallyIdentical(itemFilePath: "/root/WorkSpace/CSharp/BannerlordModEditor/Bannerl"···) [< 1 ms]
  已通过 BannerlordModEditor.Common.Tests.MpItemsSubsetTests.SingleItem_LoadAndSave_ShouldBeLogicallyIdentical(itemFilePath: "/root/WorkSpace/CSharp/BannerlordModEditor/Bannerl"···) [< 1 ms]
  已通过 BannerlordModEditor.Common.Tests.MpItemsSubsetTests.SingleItem_LoadAndSave_ShouldBeLogicallyIdentical(itemFilePath: "/root/WorkSpace/CSharp/BannerlordModEditor/Bannerl"···) [< 1 ms]
  已通过 BannerlordModEditor.Common.Tests.MpItemsSubsetTests.SingleItem_LoadAndSave_ShouldBeLogicallyIdentical(itemFilePath: "/root/WorkSpace/CSharp/BannerlordModEditor/Bannerl"···) [< 1 ms]
  已通过 BannerlordModEditor.Common.Tests.MpItemsSubsetTests.SingleItem_LoadAndSave_ShouldBeLogicallyIdentical(itemFilePath: "/root/WorkSpace/CSharp/BannerlordModEditor/Bannerl"···) [< 1 ms]
  已通过 BannerlordModEditor.Common.Tests.MpItemsSubsetTests.SingleItem_LoadAndSave_ShouldBeLogicallyIdentical(itemFilePath: "/root/WorkSpace/CSharp/BannerlordModEditor/Bannerl"···) [< 1 ms]
  已通过 BannerlordModEditor.Common.Tests.MpItemsSubsetTests.SingleItem_LoadAndSave_ShouldBeLogicallyIdentical(itemFilePath: "/root/WorkSpace/CSharp/BannerlordModEditor/Bannerl"···) [< 1 ms]
  已通过 BannerlordModEditor.Common.Tests.MpItemsSubsetTests.SingleItem_LoadAndSave_ShouldBeLogicallyIdentical(itemFilePath: "/root/WorkSpace/CSharp/BannerlordModEditor/Bannerl"···) [< 1 ms]
  已通过 BannerlordModEditor.Common.Tests.MpItemsSubsetTests.SingleItem_LoadAndSave_ShouldBeLogicallyIdentical(itemFilePath: "/root/WorkSpace/CSharp/BannerlordModEditor/Bannerl"···) [< 1 ms]
  已通过 BannerlordModEditor.Common.Tests.MpItemsSubsetTests.SingleItem_LoadAndSave_ShouldBeLogicallyIdentical(itemFilePath: "/root/WorkSpace/CSharp/BannerlordModEditor/Bannerl"···) [< 1 ms]
  已通过 BannerlordModEditor.Common.Tests.MpItemsSubsetTests.SingleItem_LoadAndSave_ShouldBeLogicallyIdentical(itemFilePath: "/root/WorkSpace/CSharp/BannerlordModEditor/Bannerl"···) [< 1 ms]
  已通过 BannerlordModEditor.Common.Tests.MpItemsSubsetTests.SingleItem_LoadAndSave_ShouldBeLogicallyIdentical(itemFilePath: "/root/WorkSpace/CSharp/BannerlordModEditor/Bannerl"···) [< 1 ms]
  已通过 BannerlordModEditor.Common.Tests.MpItemsSubsetTests.SingleItem_LoadAndSave_ShouldBeLogicallyIdentical(itemFilePath: "/root/WorkSpace/CSharp/BannerlordModEditor/Bannerl"···) [< 1 ms]
  已通过 BannerlordModEditor.Common.Tests.MpItemsSubsetTests.SingleItem_LoadAndSave_ShouldBeLogicallyIdentical(itemFilePath: "/root/WorkSpace/CSharp/BannerlordModEditor/Bannerl"···) [< 1 ms]
  已通过 BannerlordModEditor.Common.Tests.MpItemsSubsetTests.SingleItem_LoadAndSave_ShouldBeLogicallyIdentical(itemFilePath: "/root/WorkSpace/CSharp/BannerlordModEditor/Bannerl"···) [< 1 ms]
  已通过 BannerlordModEditor.Common.Tests.MpItemsSubsetTests.SingleItem_LoadAndSave_ShouldBeLogicallyIdentical(itemFilePath: "/root/WorkSpace/CSharp/BannerlordModEditor/Bannerl"···) [< 1 ms]
  已通过 BannerlordModEditor.Common.Tests.MpItemsSubsetTests.SingleItem_LoadAndSave_ShouldBeLogicallyIdentical(itemFilePath: "/root/WorkSpace/CSharp/BannerlordModEditor/Bannerl"···) [< 1 ms]
  已通过 BannerlordModEditor.Common.Tests.MpItemsSubsetTests.SingleItem_LoadAndSave_ShouldBeLogicallyIdentical(itemFilePath: "/root/WorkSpace/CSharp/BannerlordModEditor/Bannerl"···) [< 1 ms]
  已通过 BannerlordModEditor.Common.Tests.MpItemsSubsetTests.SingleItem_LoadAndSave_ShouldBeLogicallyIdentical(itemFilePath: "/root/WorkSpace/CSharp/BannerlordModEditor/Bannerl"···) [< 1 ms]
  已通过 BannerlordModEditor.Common.Tests.MpItemsSubsetTests.SingleItem_LoadAndSave_ShouldBeLogicallyIdentical(itemFilePath: "/root/WorkSpace/CSharp/BannerlordModEditor/Bannerl"···) [< 1 ms]
  已通过 BannerlordModEditor.Common.Tests.MpItemsSubsetTests.SingleItem_LoadAndSave_ShouldBeLogicallyIdentical(itemFilePath: "/root/WorkSpace/CSharp/BannerlordModEditor/Bannerl"···) [< 1 ms]
  已通过 BannerlordModEditor.Common.Tests.MpItemsSubsetTests.SingleItem_LoadAndSave_ShouldBeLogicallyIdentical(itemFilePath: "/root/WorkSpace/CSharp/BannerlordModEditor/Bannerl"···) [< 1 ms]
  已通过 BannerlordModEditor.Common.Tests.MpItemsSubsetTests.SingleItem_LoadAndSave_ShouldBeLogicallyIdentical(itemFilePath: "/root/WorkSpace/CSharp/BannerlordModEditor/Bannerl"···) [< 1 ms]
  已通过 BannerlordModEditor.Common.Tests.MpItemsSubsetTests.SingleItem_LoadAndSave_ShouldBeLogicallyIdentical(itemFilePath: "/root/WorkSpace/CSharp/BannerlordModEditor/Bannerl"···) [< 1 ms]
  已通过 BannerlordModEditor.Common.Tests.MpItemsSubsetTests.SingleItem_LoadAndSave_ShouldBeLogicallyIdentical(itemFilePath: "/root/WorkSpace/CSharp/BannerlordModEditor/Bannerl"···) [< 1 ms]
  已通过 BannerlordModEditor.Common.Tests.MpItemsSubsetTests.SingleItem_LoadAndSave_ShouldBeLogicallyIdentical(itemFilePath: "/root/WorkSpace/CSharp/BannerlordModEditor/Bannerl"···) [< 1 ms]
  已通过 BannerlordModEditor.Common.Tests.MpItemsSubsetTests.SingleItem_LoadAndSave_ShouldBeLogicallyIdentical(itemFilePath: "/root/WorkSpace/CSharp/BannerlordModEditor/Bannerl"···) [< 1 ms]
  已通过 BannerlordModEditor.Common.Tests.MpItemsSubsetTests.SingleItem_LoadAndSave_ShouldBeLogicallyIdentical(itemFilePath: "/root/WorkSpace/CSharp/BannerlordModEditor/Bannerl"···) [< 1 ms]
  已通过 BannerlordModEditor.Common.Tests.MpItemsSubsetTests.SingleItem_LoadAndSave_ShouldBeLogicallyIdentical(itemFilePath: "/root/WorkSpace/CSharp/BannerlordModEditor/Bannerl"···) [< 1 ms]
  已通过 BannerlordModEditor.Common.Tests.MpItemsSubsetTests.SingleItem_LoadAndSave_ShouldBeLogicallyIdentical(itemFilePath: "/root/WorkSpace/CSharp/BannerlordModEditor/Bannerl"···) [< 1 ms]
  已通过 BannerlordModEditor.Common.Tests.MpItemsSubsetTests.SingleItem_LoadAndSave_ShouldBeLogicallyIdentical(itemFilePath: "/root/WorkSpace/CSharp/BannerlordModEditor/Bannerl"···) [< 1 ms]
  已通过 BannerlordModEditor.Common.Tests.MpItemsSubsetTests.SingleItem_LoadAndSave_ShouldBeLogicallyIdentical(itemFilePath: "/root/WorkSpace/CSharp/BannerlordModEditor/Bannerl"···) [< 1 ms]
  已通过 BannerlordModEditor.Common.Tests.MpItemsSubsetTests.SingleItem_LoadAndSave_ShouldBeLogicallyIdentical(itemFilePath: "/root/WorkSpace/CSharp/BannerlordModEditor/Bannerl"···) [< 1 ms]
  已通过 BannerlordModEditor.Common.Tests.MpItemsSubsetTests.SingleItem_LoadAndSave_ShouldBeLogicallyIdentical(itemFilePath: "/root/WorkSpace/CSharp/BannerlordModEditor/Bannerl"···) [< 1 ms]
  已通过 BannerlordModEditor.Common.Tests.MpItemsSubsetTests.SingleItem_LoadAndSave_ShouldBeLogicallyIdentical(itemFilePath: "/root/WorkSpace/CSharp/BannerlordModEditor/Bannerl"···) [< 1 ms]
  已通过 BannerlordModEditor.Common.Tests.MpItemsSubsetTests.SingleItem_LoadAndSave_ShouldBeLogicallyIdentical(itemFilePath: "/root/WorkSpace/CSharp/BannerlordModEditor/Bannerl"···) [1 ms]
  已通过 BannerlordModEditor.Common.Tests.MpItemsSubsetTests.SingleItem_LoadAndSave_ShouldBeLogicallyIdentical(itemFilePath: "/root/WorkSpace/CSharp/BannerlordModEditor/Bannerl"···) [< 1 ms]
  已通过 BannerlordModEditor.Common.Tests.MpItemsSubsetTests.SingleItem_LoadAndSave_ShouldBeLogicallyIdentical(itemFilePath: "/root/WorkSpace/CSharp/BannerlordModEditor/Bannerl"···) [< 1 ms]
  已通过 BannerlordModEditor.Common.Tests.MpItemsSubsetTests.SingleItem_LoadAndSave_ShouldBeLogicallyIdentical(itemFilePath: "/root/WorkSpace/CSharp/BannerlordModEditor/Bannerl"···) [< 1 ms]
  已通过 BannerlordModEditor.Common.Tests.MpItemsSubsetTests.SingleItem_LoadAndSave_ShouldBeLogicallyIdentical(itemFilePath: "/root/WorkSpace/CSharp/BannerlordModEditor/Bannerl"···) [< 1 ms]
  已通过 BannerlordModEditor.Common.Tests.MpItemsSubsetTests.SingleItem_LoadAndSave_ShouldBeLogicallyIdentical(itemFilePath: "/root/WorkSpace/CSharp/BannerlordModEditor/Bannerl"···) [< 1 ms]
  已通过 BannerlordModEditor.Common.Tests.MpItemsSubsetTests.SingleItem_LoadAndSave_ShouldBeLogicallyIdentical(itemFilePath: "/root/WorkSpace/CSharp/BannerlordModEditor/Bannerl"···) [< 1 ms]
  已通过 BannerlordModEditor.Common.Tests.MpItemsSubsetTests.SingleItem_LoadAndSave_ShouldBeLogicallyIdentical(itemFilePath: "/root/WorkSpace/CSharp/BannerlordModEditor/Bannerl"···) [< 1 ms]
  已通过 BannerlordModEditor.Common.Tests.MpItemsSubsetTests.SingleItem_LoadAndSave_ShouldBeLogicallyIdentical(itemFilePath: "/root/WorkSpace/CSharp/BannerlordModEditor/Bannerl"···) [< 1 ms]
  已通过 BannerlordModEditor.Common.Tests.MpItemsSubsetTests.SingleItem_LoadAndSave_ShouldBeLogicallyIdentical(itemFilePath: "/root/WorkSpace/CSharp/BannerlordModEditor/Bannerl"···) [< 1 ms]
  已通过 BannerlordModEditor.Common.Tests.MpItemsSubsetTests.SingleItem_LoadAndSave_ShouldBeLogicallyIdentical(itemFilePath: "/root/WorkSpace/CSharp/BannerlordModEditor/Bannerl"···) [< 1 ms]
  已通过 BannerlordModEditor.Common.Tests.MpItemsSubsetTests.SingleItem_LoadAndSave_ShouldBeLogicallyIdentical(itemFilePath: "/root/WorkSpace/CSharp/BannerlordModEditor/Bannerl"···) [< 1 ms]
  已通过 BannerlordModEditor.Common.Tests.MpItemsSubsetTests.SingleItem_LoadAndSave_ShouldBeLogicallyIdentical(itemFilePath: "/root/WorkSpace/CSharp/BannerlordModEditor/Bannerl"···) [< 1 ms]
  已通过 BannerlordModEditor.Common.Tests.MpItemsSubsetTests.SingleItem_LoadAndSave_ShouldBeLogicallyIdentical(itemFilePath: "/root/WorkSpace/CSharp/BannerlordModEditor/Bannerl"···) [< 1 ms]
  已通过 BannerlordModEditor.Common.Tests.MpItemsSubsetTests.SingleItem_LoadAndSave_ShouldBeLogicallyIdentical(itemFilePath: "/root/WorkSpace/CSharp/BannerlordModEditor/Bannerl"···) [< 1 ms]
  已通过 BannerlordModEditor.Common.Tests.MpItemsSubsetTests.SingleItem_LoadAndSave_ShouldBeLogicallyIdentical(itemFilePath: "/root/WorkSpace/CSharp/BannerlordModEditor/Bannerl"···) [< 1 ms]
  已通过 BannerlordModEditor.Common.Tests.MpItemsSubsetTests.SingleItem_LoadAndSave_ShouldBeLogicallyIdentical(itemFilePath: "/root/WorkSpace/CSharp/BannerlordModEditor/Bannerl"···) [< 1 ms]
  已通过 BannerlordModEditor.Common.Tests.MpItemsSubsetTests.SingleItem_LoadAndSave_ShouldBeLogicallyIdentical(itemFilePath: "/root/WorkSpace/CSharp/BannerlordModEditor/Bannerl"···) [< 1 ms]
  已通过 BannerlordModEditor.Common.Tests.MpItemsSubsetTests.SingleItem_LoadAndSave_ShouldBeLogicallyIdentical(itemFilePath: "/root/WorkSpace/CSharp/BannerlordModEditor/Bannerl"···) [< 1 ms]
  已通过 BannerlordModEditor.Common.Tests.MpItemsSubsetTests.SingleItem_LoadAndSave_ShouldBeLogicallyIdentical(itemFilePath: "/root/WorkSpace/CSharp/BannerlordModEditor/Bannerl"···) [< 1 ms]
  已通过 BannerlordModEditor.Common.Tests.MpItemsSubsetTests.SingleItem_LoadAndSave_ShouldBeLogicallyIdentical(itemFilePath: "/root/WorkSpace/CSharp/BannerlordModEditor/Bannerl"···) [< 1 ms]
  已通过 BannerlordModEditor.Common.Tests.MpItemsSubsetTests.SingleItem_LoadAndSave_ShouldBeLogicallyIdentical(itemFilePath: "/root/WorkSpace/CSharp/BannerlordModEditor/Bannerl"···) [< 1 ms]
  已通过 BannerlordModEditor.Common.Tests.MpItemsSubsetTests.SingleItem_LoadAndSave_ShouldBeLogicallyIdentical(itemFilePath: "/root/WorkSpace/CSharp/BannerlordModEditor/Bannerl"···) [< 1 ms]
  已通过 BannerlordModEditor.Common.Tests.MpItemsSubsetTests.SingleItem_LoadAndSave_ShouldBeLogicallyIdentical(itemFilePath: "/root/WorkSpace/CSharp/BannerlordModEditor/Bannerl"···) [< 1 ms]
  已通过 BannerlordModEditor.Common.Tests.MpItemsSubsetTests.SingleItem_LoadAndSave_ShouldBeLogicallyIdentical(itemFilePath: "/root/WorkSpace/CSharp/BannerlordModEditor/Bannerl"···) [< 1 ms]
  已通过 BannerlordModEditor.Common.Tests.MpItemsSubsetTests.SingleItem_LoadAndSave_ShouldBeLogicallyIdentical(itemFilePath: "/root/WorkSpace/CSharp/BannerlordModEditor/Bannerl"···) [< 1 ms]
  已通过 BannerlordModEditor.Common.Tests.MpItemsSubsetTests.SingleItem_LoadAndSave_ShouldBeLogicallyIdentical(itemFilePath: "/root/WorkSpace/CSharp/BannerlordModEditor/Bannerl"···) [< 1 ms]
  已通过 BannerlordModEditor.Common.Tests.MpItemsSubsetTests.SingleItem_LoadAndSave_ShouldBeLogicallyIdentical(itemFilePath: "/root/WorkSpace/CSharp/BannerlordModEditor/Bannerl"···) [< 1 ms]
  已通过 BannerlordModEditor.Common.Tests.MpItemsSubsetTests.SingleItem_LoadAndSave_ShouldBeLogicallyIdentical(itemFilePath: "/root/WorkSpace/CSharp/BannerlordModEditor/Bannerl"···) [< 1 ms]
  已通过 BannerlordModEditor.Common.Tests.MpItemsSubsetTests.SingleItem_LoadAndSave_ShouldBeLogicallyIdentical(itemFilePath: "/root/WorkSpace/CSharp/BannerlordModEditor/Bannerl"···) [< 1 ms]
  已通过 BannerlordModEditor.Common.Tests.MpItemsSubsetTests.SingleItem_LoadAndSave_ShouldBeLogicallyIdentical(itemFilePath: "/root/WorkSpace/CSharp/BannerlordModEditor/Bannerl"···) [< 1 ms]
  已通过 BannerlordModEditor.Common.Tests.MpItemsSubsetTests.SingleItem_LoadAndSave_ShouldBeLogicallyIdentical(itemFilePath: "/root/WorkSpace/CSharp/BannerlordModEditor/Bannerl"···) [< 1 ms]
  已通过 BannerlordModEditor.Common.Tests.MpItemsSubsetTests.SingleItem_LoadAndSave_ShouldBeLogicallyIdentical(itemFilePath: "/root/WorkSpace/CSharp/BannerlordModEditor/Bannerl"···) [< 1 ms]
  已通过 BannerlordModEditor.Common.Tests.MpItemsSubsetTests.SingleItem_LoadAndSave_ShouldBeLogicallyIdentical(itemFilePath: "/root/WorkSpace/CSharp/BannerlordModEditor/Bannerl"···) [< 1 ms]
  已通过 BannerlordModEditor.Common.Tests.MpItemsSubsetTests.SingleItem_LoadAndSave_ShouldBeLogicallyIdentical(itemFilePath: "/root/WorkSpace/CSharp/BannerlordModEditor/Bannerl"···) [< 1 ms]
  已通过 BannerlordModEditor.Common.Tests.MpItemsSubsetTests.SingleItem_LoadAndSave_ShouldBeLogicallyIdentical(itemFilePath: "/root/WorkSpace/CSharp/BannerlordModEditor/Bannerl"···) [< 1 ms]
  已通过 BannerlordModEditor.Common.Tests.MpItemsSubsetTests.SingleItem_LoadAndSave_ShouldBeLogicallyIdentical(itemFilePath: "/root/WorkSpace/CSharp/BannerlordModEditor/Bannerl"···) [< 1 ms]
  已通过 BannerlordModEditor.Common.Tests.MpItemsSubsetTests.SingleItem_LoadAndSave_ShouldBeLogicallyIdentical(itemFilePath: "/root/WorkSpace/CSharp/BannerlordModEditor/Bannerl"···) [< 1 ms]
  已通过 BannerlordModEditor.Common.Tests.MpItemsSubsetTests.SingleItem_LoadAndSave_ShouldBeLogicallyIdentical(itemFilePath: "/root/WorkSpace/CSharp/BannerlordModEditor/Bannerl"···) [< 1 ms]
  已通过 BannerlordModEditor.Common.Tests.MpItemsSubsetTests.SingleItem_LoadAndSave_ShouldBeLogicallyIdentical(itemFilePath: "/root/WorkSpace/CSharp/BannerlordModEditor/Bannerl"···) [< 1 ms]
  已通过 BannerlordModEditor.Common.Tests.MpItemsSubsetTests.SingleItem_LoadAndSave_ShouldBeLogicallyIdentical(itemFilePath: "/root/WorkSpace/CSharp/BannerlordModEditor/Bannerl"···) [< 1 ms]
  已通过 BannerlordModEditor.Common.Tests.MpItemsSubsetTests.SingleItem_LoadAndSave_ShouldBeLogicallyIdentical(itemFilePath: "/root/WorkSpace/CSharp/BannerlordModEditor/Bannerl"···) [< 1 ms]
  已通过 BannerlordModEditor.Common.Tests.MpItemsSubsetTests.SingleItem_LoadAndSave_ShouldBeLogicallyIdentical(itemFilePath: "/root/WorkSpace/CSharp/BannerlordModEditor/Bannerl"···) [< 1 ms]
  已通过 BannerlordModEditor.Common.Tests.MpItemsSubsetTests.SingleItem_LoadAndSave_ShouldBeLogicallyIdentical(itemFilePath: "/root/WorkSpace/CSharp/BannerlordModEditor/Bannerl"···) [< 1 ms]
  已通过 BannerlordModEditor.Common.Tests.MpItemsSubsetTests.SingleItem_LoadAndSave_ShouldBeLogicallyIdentical(itemFilePath: "/root/WorkSpace/CSharp/BannerlordModEditor/Bannerl"···) [< 1 ms]
  已通过 BannerlordModEditor.Common.Tests.MpItemsSubsetTests.SingleItem_LoadAndSave_ShouldBeLogicallyIdentical(itemFilePath: "/root/WorkSpace/CSharp/BannerlordModEditor/Bannerl"···) [< 1 ms]
  已通过 BannerlordModEditor.Common.Tests.MpItemsSubsetTests.SingleItem_LoadAndSave_ShouldBeLogicallyIdentical(itemFilePath: "/root/WorkSpace/CSharp/BannerlordModEditor/Bannerl"···) [< 1 ms]
  已通过 BannerlordModEditor.Common.Tests.MpItemsSubsetTests.SingleItem_LoadAndSave_ShouldBeLogicallyIdentical(itemFilePath: "/root/WorkSpace/CSharp/BannerlordModEditor/Bannerl"···) [< 1 ms]
  已通过 BannerlordModEditor.Common.Tests.MpItemsSubsetTests.SingleItem_LoadAndSave_ShouldBeLogicallyIdentical(itemFilePath: "/root/WorkSpace/CSharp/BannerlordModEditor/Bannerl"···) [< 1 ms]
  已通过 BannerlordModEditor.Common.Tests.MpItemsSubsetTests.SingleItem_LoadAndSave_ShouldBeLogicallyIdentical(itemFilePath: "/root/WorkSpace/CSharp/BannerlordModEditor/Bannerl"···) [< 1 ms]
  已通过 BannerlordModEditor.Common.Tests.MpItemsSubsetTests.SingleItem_LoadAndSave_ShouldBeLogicallyIdentical(itemFilePath: "/root/WorkSpace/CSharp/BannerlordModEditor/Bannerl"···) [< 1 ms]
  已通过 BannerlordModEditor.Common.Tests.MpItemsSubsetTests.SingleItem_LoadAndSave_ShouldBeLogicallyIdentical(itemFilePath: "/root/WorkSpace/CSharp/BannerlordModEditor/Bannerl"···) [< 1 ms]
  已通过 BannerlordModEditor.Common.Tests.MpItemsSubsetTests.SingleItem_LoadAndSave_ShouldBeLogicallyIdentical(itemFilePath: "/root/WorkSpace/CSharp/BannerlordModEditor/Bannerl"···) [< 1 ms]
  已通过 BannerlordModEditor.Common.Tests.MpItemsSubsetTests.SingleItem_LoadAndSave_ShouldBeLogicallyIdentical(itemFilePath: "/root/WorkSpace/CSharp/BannerlordModEditor/Bannerl"···) [< 1 ms]
  已通过 BannerlordModEditor.Common.Tests.MpItemsSubsetTests.SingleItem_LoadAndSave_ShouldBeLogicallyIdentical(itemFilePath: "/root/WorkSpace/CSharp/BannerlordModEditor/Bannerl"···) [< 1 ms]
  已通过 BannerlordModEditor.Common.Tests.MpItemsSubsetTests.SingleItem_LoadAndSave_ShouldBeLogicallyIdentical(itemFilePath: "/root/WorkSpace/CSharp/BannerlordModEditor/Bannerl"···) [< 1 ms]
  已通过 BannerlordModEditor.Common.Tests.MpItemsSubsetTests.SingleItem_LoadAndSave_ShouldBeLogicallyIdentical(itemFilePath: "/root/WorkSpace/CSharp/BannerlordModEditor/Bannerl"···) [< 1 ms]
  已通过 BannerlordModEditor.Common.Tests.MpItemsSubsetTests.SingleItem_LoadAndSave_ShouldBeLogicallyIdentical(itemFilePath: "/root/WorkSpace/CSharp/BannerlordModEditor/Bannerl"···) [< 1 ms]
  已通过 BannerlordModEditor.Common.Tests.MpItemsSubsetTests.SingleItem_LoadAndSave_ShouldBeLogicallyIdentical(itemFilePath: "/root/WorkSpace/CSharp/BannerlordModEditor/Bannerl"···) [< 1 ms]
  已通过 BannerlordModEditor.Common.Tests.MpItemsSubsetTests.SingleItem_LoadAndSave_ShouldBeLogicallyIdentical(itemFilePath: "/root/WorkSpace/CSharp/BannerlordModEditor/Bannerl"···) [< 1 ms]
  已通过 BannerlordModEditor.Common.Tests.MpItemsSubsetTests.SingleItem_LoadAndSave_ShouldBeLogicallyIdentical(itemFilePath: "/root/WorkSpace/CSharp/BannerlordModEditor/Bannerl"···) [< 1 ms]
  已通过 BannerlordModEditor.Common.Tests.MpItemsSubsetTests.SingleItem_LoadAndSave_ShouldBeLogicallyIdentical(itemFilePath: "/root/WorkSpace/CSharp/BannerlordModEditor/Bannerl"···) [< 1 ms]
  已通过 BannerlordModEditor.Common.Tests.MpItemsSubsetTests.SingleItem_LoadAndSave_ShouldBeLogicallyIdentical(itemFilePath: "/root/WorkSpace/CSharp/BannerlordModEditor/Bannerl"···) [< 1 ms]
  已通过 BannerlordModEditor.Common.Tests.MpItemsSubsetTests.SingleItem_LoadAndSave_ShouldBeLogicallyIdentical(itemFilePath: "/root/WorkSpace/CSharp/BannerlordModEditor/Bannerl"···) [< 1 ms]
  已通过 BannerlordModEditor.Common.Tests.MpItemsSubsetTests.SingleItem_LoadAndSave_ShouldBeLogicallyIdentical(itemFilePath: "/root/WorkSpace/CSharp/BannerlordModEditor/Bannerl"···) [< 1 ms]
  已通过 BannerlordModEditor.Common.Tests.MpItemsSubsetTests.SingleItem_LoadAndSave_ShouldBeLogicallyIdentical(itemFilePath: "/root/WorkSpace/CSharp/BannerlordModEditor/Bannerl"···) [< 1 ms]
  已通过 BannerlordModEditor.Common.Tests.MpItemsSubsetTests.SingleItem_LoadAndSave_ShouldBeLogicallyIdentical(itemFilePath: "/root/WorkSpace/CSharp/BannerlordModEditor/Bannerl"···) [< 1 ms]
  已通过 BannerlordModEditor.Common.Tests.MpItemsSubsetTests.SingleItem_LoadAndSave_ShouldBeLogicallyIdentical(itemFilePath: "/root/WorkSpace/CSharp/BannerlordModEditor/Bannerl"···) [< 1 ms]
  已通过 BannerlordModEditor.Common.Tests.MpItemsSubsetTests.SingleItem_LoadAndSave_ShouldBeLogicallyIdentical(itemFilePath: "/root/WorkSpace/CSharp/BannerlordModEditor/Bannerl"···) [< 1 ms]
  已通过 BannerlordModEditor.Common.Tests.MpItemsSubsetTests.SingleItem_LoadAndSave_ShouldBeLogicallyIdentical(itemFilePath: "/root/WorkSpace/CSharp/BannerlordModEditor/Bannerl"···) [1 ms]
  已通过 BannerlordModEditor.Common.Tests.MpItemsSubsetTests.SingleItem_LoadAndSave_ShouldBeLogicallyIdentical(itemFilePath: "/root/WorkSpace/CSharp/BannerlordModEditor/Bannerl"···) [< 1 ms]
  已通过 BannerlordModEditor.Common.Tests.MpItemsSubsetTests.SingleItem_LoadAndSave_ShouldBeLogicallyIdentical(itemFilePath: "/root/WorkSpace/CSharp/BannerlordModEditor/Bannerl"···) [< 1 ms]
  已通过 BannerlordModEditor.Common.Tests.MpItemsSubsetTests.SingleItem_LoadAndSave_ShouldBeLogicallyIdentical(itemFilePath: "/root/WorkSpace/CSharp/BannerlordModEditor/Bannerl"···) [< 1 ms]
  已通过 BannerlordModEditor.Common.Tests.MpItemsSubsetTests.SingleItem_LoadAndSave_ShouldBeLogicallyIdentical(itemFilePath: "/root/WorkSpace/CSharp/BannerlordModEditor/Bannerl"···) [< 1 ms]
  已通过 BannerlordModEditor.Common.Tests.MpItemsSubsetTests.SingleItem_LoadAndSave_ShouldBeLogicallyIdentical(itemFilePath: "/root/WorkSpace/CSharp/BannerlordModEditor/Bannerl"···) [< 1 ms]
  已通过 BannerlordModEditor.Common.Tests.MpItemsSubsetTests.SingleItem_LoadAndSave_ShouldBeLogicallyIdentical(itemFilePath: "/root/WorkSpace/CSharp/BannerlordModEditor/Bannerl"···) [< 1 ms]
  已通过 BannerlordModEditor.Common.Tests.MpItemsSubsetTests.SingleItem_LoadAndSave_ShouldBeLogicallyIdentical(itemFilePath: "/root/WorkSpace/CSharp/BannerlordModEditor/Bannerl"···) [< 1 ms]
  已通过 BannerlordModEditor.Common.Tests.MpItemsSubsetTests.SingleItem_LoadAndSave_ShouldBeLogicallyIdentical(itemFilePath: "/root/WorkSpace/CSharp/BannerlordModEditor/Bannerl"···) [< 1 ms]
  已通过 BannerlordModEditor.Common.Tests.MpItemsSubsetTests.SingleItem_LoadAndSave_ShouldBeLogicallyIdentical(itemFilePath: "/root/WorkSpace/CSharp/BannerlordModEditor/Bannerl"···) [< 1 ms]
  已通过 BannerlordModEditor.Common.Tests.MpItemsSubsetTests.SingleItem_LoadAndSave_ShouldBeLogicallyIdentical(itemFilePath: "/root/WorkSpace/CSharp/BannerlordModEditor/Bannerl"···) [< 1 ms]
  已通过 BannerlordModEditor.Common.Tests.MpItemsSubsetTests.SingleItem_LoadAndSave_ShouldBeLogicallyIdentical(itemFilePath: "/root/WorkSpace/CSharp/BannerlordModEditor/Bannerl"···) [< 1 ms]
  已通过 BannerlordModEditor.Common.Tests.MpItemsSubsetTests.SingleItem_LoadAndSave_ShouldBeLogicallyIdentical(itemFilePath: "/root/WorkSpace/CSharp/BannerlordModEditor/Bannerl"···) [< 1 ms]
  已通过 BannerlordModEditor.Common.Tests.MpItemsSubsetTests.SingleItem_LoadAndSave_ShouldBeLogicallyIdentical(itemFilePath: "/root/WorkSpace/CSharp/BannerlordModEditor/Bannerl"···) [< 1 ms]
  已通过 BannerlordModEditor.Common.Tests.MpItemsSubsetTests.SingleItem_LoadAndSave_ShouldBeLogicallyIdentical(itemFilePath: "/root/WorkSpace/CSharp/BannerlordModEditor/Bannerl"···) [< 1 ms]
  已通过 BannerlordModEditor.Common.Tests.MpItemsSubsetTests.SingleItem_LoadAndSave_ShouldBeLogicallyIdentical(itemFilePath: "/root/WorkSpace/CSharp/BannerlordModEditor/Bannerl"···) [< 1 ms]
  已通过 BannerlordModEditor.Common.Tests.MpItemsSubsetTests.SingleItem_LoadAndSave_ShouldBeLogicallyIdentical(itemFilePath: "/root/WorkSpace/CSharp/BannerlordModEditor/Bannerl"···) [< 1 ms]
  已通过 BannerlordModEditor.Common.Tests.MpItemsSubsetTests.SingleItem_LoadAndSave_ShouldBeLogicallyIdentical(itemFilePath: "/root/WorkSpace/CSharp/BannerlordModEditor/Bannerl"···) [< 1 ms]
  已通过 BannerlordModEditor.Common.Tests.MpItemsSubsetTests.SingleItem_LoadAndSave_ShouldBeLogicallyIdentical(itemFilePath: "/root/WorkSpace/CSharp/BannerlordModEditor/Bannerl"···) [< 1 ms]
  已通过 BannerlordModEditor.Common.Tests.MpItemsSubsetTests.SingleItem_LoadAndSave_ShouldBeLogicallyIdentical(itemFilePath: "/root/WorkSpace/CSharp/BannerlordModEditor/Bannerl"···) [< 1 ms]
  已通过 BannerlordModEditor.Common.Tests.MpItemsSubsetTests.SingleItem_LoadAndSave_ShouldBeLogicallyIdentical(itemFilePath: "/root/WorkSpace/CSharp/BannerlordModEditor/Bannerl"···) [< 1 ms]
  已通过 BannerlordModEditor.Common.Tests.MpItemsSubsetTests.SingleItem_LoadAndSave_ShouldBeLogicallyIdentical(itemFilePath: "/root/WorkSpace/CSharp/BannerlordModEditor/Bannerl"···) [< 1 ms]
  已通过 BannerlordModEditor.Common.Tests.MpItemsSubsetTests.SingleItem_LoadAndSave_ShouldBeLogicallyIdentical(itemFilePath: "/root/WorkSpace/CSharp/BannerlordModEditor/Bannerl"···) [< 1 ms]
  已通过 BannerlordModEditor.Common.Tests.MpItemsSubsetTests.SingleItem_LoadAndSave_ShouldBeLogicallyIdentical(itemFilePath: "/root/WorkSpace/CSharp/BannerlordModEditor/Bannerl"···) [< 1 ms]
  已通过 BannerlordModEditor.Common.Tests.MpItemsSubsetTests.SingleItem_LoadAndSave_ShouldBeLogicallyIdentical(itemFilePath: "/root/WorkSpace/CSharp/BannerlordModEditor/Bannerl"···) [< 1 ms]
  已通过 BannerlordModEditor.Common.Tests.MpItemsSubsetTests.SingleItem_LoadAndSave_ShouldBeLogicallyIdentical(itemFilePath: "/root/WorkSpace/CSharp/BannerlordModEditor/Bannerl"···) [< 1 ms]
  已通过 BannerlordModEditor.Common.Tests.MpItemsSubsetTests.SingleItem_LoadAndSave_ShouldBeLogicallyIdentical(itemFilePath: "/root/WorkSpace/CSharp/BannerlordModEditor/Bannerl"···) [< 1 ms]
  已通过 BannerlordModEditor.Common.Tests.MpItemsSubsetTests.SingleItem_LoadAndSave_ShouldBeLogicallyIdentical(itemFilePath: "/root/WorkSpace/CSharp/BannerlordModEditor/Bannerl"···) [< 1 ms]
  已通过 BannerlordModEditor.Common.Tests.MpItemsSubsetTests.SingleItem_LoadAndSave_ShouldBeLogicallyIdentical(itemFilePath: "/root/WorkSpace/CSharp/BannerlordModEditor/Bannerl"···) [< 1 ms]
  已通过 BannerlordModEditor.Common.Tests.MpItemsSubsetTests.SingleItem_LoadAndSave_ShouldBeLogicallyIdentical(itemFilePath: "/root/WorkSpace/CSharp/BannerlordModEditor/Bannerl"···) [< 1 ms]
  已通过 BannerlordModEditor.Common.Tests.MpItemsSubsetTests.SingleItem_LoadAndSave_ShouldBeLogicallyIdentical(itemFilePath: "/root/WorkSpace/CSharp/BannerlordModEditor/Bannerl"···) [< 1 ms]
  已通过 BannerlordModEditor.Common.Tests.MpItemsSubsetTests.SingleItem_LoadAndSave_ShouldBeLogicallyIdentical(itemFilePath: "/root/WorkSpace/CSharp/BannerlordModEditor/Bannerl"···) [< 1 ms]
  已通过 BannerlordModEditor.Common.Tests.MpItemsSubsetTests.SingleItem_LoadAndSave_ShouldBeLogicallyIdentical(itemFilePath: "/root/WorkSpace/CSharp/BannerlordModEditor/Bannerl"···) [< 1 ms]
  已通过 BannerlordModEditor.Common.Tests.MpItemsSubsetTests.SingleItem_LoadAndSave_ShouldBeLogicallyIdentical(itemFilePath: "/root/WorkSpace/CSharp/BannerlordModEditor/Bannerl"···) [< 1 ms]
  已通过 BannerlordModEditor.Common.Tests.MpItemsSubsetTests.SingleItem_LoadAndSave_ShouldBeLogicallyIdentical(itemFilePath: "/root/WorkSpace/CSharp/BannerlordModEditor/Bannerl"···) [< 1 ms]
  已通过 BannerlordModEditor.Common.Tests.MpItemsSubsetTests.SingleItem_LoadAndSave_ShouldBeLogicallyIdentical(itemFilePath: "/root/WorkSpace/CSharp/BannerlordModEditor/Bannerl"···) [< 1 ms]
  已通过 BannerlordModEditor.Common.Tests.MpItemsSubsetTests.SingleItem_LoadAndSave_ShouldBeLogicallyIdentical(itemFilePath: "/root/WorkSpace/CSharp/BannerlordModEditor/Bannerl"···) [< 1 ms]
  已通过 BannerlordModEditor.Common.Tests.MpItemsSubsetTests.SingleItem_LoadAndSave_ShouldBeLogicallyIdentical(itemFilePath: "/root/WorkSpace/CSharp/BannerlordModEditor/Bannerl"···) [< 1 ms]
  已通过 BannerlordModEditor.Common.Tests.MpItemsSubsetTests.SingleItem_LoadAndSave_ShouldBeLogicallyIdentical(itemFilePath: "/root/WorkSpace/CSharp/BannerlordModEditor/Bannerl"···) [< 1 ms]
  已通过 BannerlordModEditor.Common.Tests.MpItemsSubsetTests.SingleItem_LoadAndSave_ShouldBeLogicallyIdentical(itemFilePath: "/root/WorkSpace/CSharp/BannerlordModEditor/Bannerl"···) [< 1 ms]
  已通过 BannerlordModEditor.Common.Tests.MpItemsSubsetTests.SingleItem_LoadAndSave_ShouldBeLogicallyIdentical(itemFilePath: "/root/WorkSpace/CSharp/BannerlordModEditor/Bannerl"···) [< 1 ms]
  已通过 BannerlordModEditor.Common.Tests.MpItemsSubsetTests.SingleItem_LoadAndSave_ShouldBeLogicallyIdentical(itemFilePath: "/root/WorkSpace/CSharp/BannerlordModEditor/Bannerl"···) [< 1 ms]
  已通过 BannerlordModEditor.Common.Tests.MpItemsSubsetTests.SingleItem_LoadAndSave_ShouldBeLogicallyIdentical(itemFilePath: "/root/WorkSpace/CSharp/BannerlordModEditor/Bannerl"···) [< 1 ms]
  已通过 BannerlordModEditor.Common.Tests.MpItemsSubsetTests.SingleItem_LoadAndSave_ShouldBeLogicallyIdentical(itemFilePath: "/root/WorkSpace/CSharp/BannerlordModEditor/Bannerl"···) [< 1 ms]
  已通过 BannerlordModEditor.Common.Tests.MpItemsSubsetTests.SingleItem_LoadAndSave_ShouldBeLogicallyIdentical(itemFilePath: "/root/WorkSpace/CSharp/BannerlordModEditor/Bannerl"···) [< 1 ms]
  已通过 BannerlordModEditor.Common.Tests.MpItemsSubsetTests.SingleItem_LoadAndSave_ShouldBeLogicallyIdentical(itemFilePath: "/root/WorkSpace/CSharp/BannerlordModEditor/Bannerl"···) [< 1 ms]
  已通过 BannerlordModEditor.Common.Tests.MpItemsSubsetTests.SingleItem_LoadAndSave_ShouldBeLogicallyIdentical(itemFilePath: "/root/WorkSpace/CSharp/BannerlordModEditor/Bannerl"···) [< 1 ms]
  已通过 BannerlordModEditor.Common.Tests.MpItemsSubsetTests.SingleItem_LoadAndSave_ShouldBeLogicallyIdentical(itemFilePath: "/root/WorkSpace/CSharp/BannerlordModEditor/Bannerl"···) [< 1 ms]
  已通过 BannerlordModEditor.Common.Tests.MpItemsSubsetTests.SingleItem_LoadAndSave_ShouldBeLogicallyIdentical(itemFilePath: "/root/WorkSpace/CSharp/BannerlordModEditor/Bannerl"···) [< 1 ms]
  已通过 BannerlordModEditor.Common.Tests.MpItemsSubsetTests.SingleItem_LoadAndSave_ShouldBeLogicallyIdentical(itemFilePath: "/root/WorkSpace/CSharp/BannerlordModEditor/Bannerl"···) [< 1 ms]
  已通过 BannerlordModEditor.Common.Tests.MpItemsSubsetTests.SingleItem_LoadAndSave_ShouldBeLogicallyIdentical(itemFilePath: "/root/WorkSpace/CSharp/BannerlordModEditor/Bannerl"···) [< 1 ms]
  已通过 BannerlordModEditor.Common.Tests.MpItemsSubsetTests.SingleItem_LoadAndSave_ShouldBeLogicallyIdentical(itemFilePath: "/root/WorkSpace/CSharp/BannerlordModEditor/Bannerl"···) [< 1 ms]
  已通过 BannerlordModEditor.Common.Tests.MpItemsSubsetTests.SingleItem_LoadAndSave_ShouldBeLogicallyIdentical(itemFilePath: "/root/WorkSpace/CSharp/BannerlordModEditor/Bannerl"···) [< 1 ms]
  已通过 BannerlordModEditor.Common.Tests.MpItemsSubsetTests.SingleItem_LoadAndSave_ShouldBeLogicallyIdentical(itemFilePath: "/root/WorkSpace/CSharp/BannerlordModEditor/Bannerl"···) [< 1 ms]
  已通过 BannerlordModEditor.Common.Tests.MpItemsSubsetTests.SingleItem_LoadAndSave_ShouldBeLogicallyIdentical(itemFilePath: "/root/WorkSpace/CSharp/BannerlordModEditor/Bannerl"···) [< 1 ms]
  已通过 BannerlordModEditor.Common.Tests.MpItemsSubsetTests.SingleItem_LoadAndSave_ShouldBeLogicallyIdentical(itemFilePath: "/root/WorkSpace/CSharp/BannerlordModEditor/Bannerl"···) [< 1 ms]
  已通过 BannerlordModEditor.Common.Tests.MpItemsSubsetTests.SingleItem_LoadAndSave_ShouldBeLogicallyIdentical(itemFilePath: "/root/WorkSpace/CSharp/BannerlordModEditor/Bannerl"···) [< 1 ms]
  已通过 BannerlordModEditor.Common.Tests.MpItemsSubsetTests.SingleItem_LoadAndSave_ShouldBeLogicallyIdentical(itemFilePath: "/root/WorkSpace/CSharp/BannerlordModEditor/Bannerl"···) [< 1 ms]
  已通过 BannerlordModEditor.Common.Tests.MpItemsSubsetTests.SingleItem_LoadAndSave_ShouldBeLogicallyIdentical(itemFilePath: "/root/WorkSpace/CSharp/BannerlordModEditor/Bannerl"···) [< 1 ms]
  已通过 BannerlordModEditor.Common.Tests.MpItemsSubsetTests.SingleItem_LoadAndSave_ShouldBeLogicallyIdentical(itemFilePath: "/root/WorkSpace/CSharp/BannerlordModEditor/Bannerl"···) [< 1 ms]
  已通过 BannerlordModEditor.Common.Tests.MpItemsSubsetTests.SingleItem_LoadAndSave_ShouldBeLogicallyIdentical(itemFilePath: "/root/WorkSpace/CSharp/BannerlordModEditor/Bannerl"···) [< 1 ms]
  已通过 BannerlordModEditor.Common.Tests.MpItemsSubsetTests.SingleItem_LoadAndSave_ShouldBeLogicallyIdentical(itemFilePath: "/root/WorkSpace/CSharp/BannerlordModEditor/Bannerl"···) [< 1 ms]
  已通过 BannerlordModEditor.Common.Tests.MpItemsSubsetTests.SingleItem_LoadAndSave_ShouldBeLogicallyIdentical(itemFilePath: "/root/WorkSpace/CSharp/BannerlordModEditor/Bannerl"···) [< 1 ms]
  已通过 BannerlordModEditor.Common.Tests.MpItemsSubsetTests.SingleItem_LoadAndSave_ShouldBeLogicallyIdentical(itemFilePath: "/root/WorkSpace/CSharp/BannerlordModEditor/Bannerl"···) [< 1 ms]
  已通过 BannerlordModEditor.Common.Tests.MpItemsSubsetTests.SingleItem_LoadAndSave_ShouldBeLogicallyIdentical(itemFilePath: "/root/WorkSpace/CSharp/BannerlordModEditor/Bannerl"···) [< 1 ms]
  已通过 BannerlordModEditor.Common.Tests.MpItemsSubsetTests.SingleItem_LoadAndSave_ShouldBeLogicallyIdentical(itemFilePath: "/root/WorkSpace/CSharp/BannerlordModEditor/Bannerl"···) [< 1 ms]
  已通过 BannerlordModEditor.Common.Tests.MpItemsSubsetTests.SingleItem_LoadAndSave_ShouldBeLogicallyIdentical(itemFilePath: "/root/WorkSpace/CSharp/BannerlordModEditor/Bannerl"···) [< 1 ms]
  已通过 BannerlordModEditor.Common.Tests.MpItemsSubsetTests.SingleItem_LoadAndSave_ShouldBeLogicallyIdentical(itemFilePath: "/root/WorkSpace/CSharp/BannerlordModEditor/Bannerl"···) [1 ms]
  已通过 BannerlordModEditor.Common.Tests.MpItemsSubsetTests.SingleItem_LoadAndSave_ShouldBeLogicallyIdentical(itemFilePath: "/root/WorkSpace/CSharp/BannerlordModEditor/Bannerl"···) [< 1 ms]
  已通过 BannerlordModEditor.Common.Tests.MpItemsSubsetTests.SingleItem_LoadAndSave_ShouldBeLogicallyIdentical(itemFilePath: "/root/WorkSpace/CSharp/BannerlordModEditor/Bannerl"···) [< 1 ms]
  已通过 BannerlordModEditor.Common.Tests.MpItemsSubsetTests.SingleItem_LoadAndSave_ShouldBeLogicallyIdentical(itemFilePath: "/root/WorkSpace/CSharp/BannerlordModEditor/Bannerl"···) [< 1 ms]
  已通过 BannerlordModEditor.Common.Tests.MpItemsSubsetTests.SingleItem_LoadAndSave_ShouldBeLogicallyIdentical(itemFilePath: "/root/WorkSpace/CSharp/BannerlordModEditor/Bannerl"···) [< 1 ms]
  已通过 BannerlordModEditor.Common.Tests.MpItemsSubsetTests.SingleItem_LoadAndSave_ShouldBeLogicallyIdentical(itemFilePath: "/root/WorkSpace/CSharp/BannerlordModEditor/Bannerl"···) [< 1 ms]
  已通过 BannerlordModEditor.Common.Tests.MpItemsSubsetTests.SingleItem_LoadAndSave_ShouldBeLogicallyIdentical(itemFilePath: "/root/WorkSpace/CSharp/BannerlordModEditor/Bannerl"···) [< 1 ms]
  已通过 BannerlordModEditor.Common.Tests.MpItemsSubsetTests.SingleItem_LoadAndSave_ShouldBeLogicallyIdentical(itemFilePath: "/root/WorkSpace/CSharp/BannerlordModEditor/Bannerl"···) [< 1 ms]
  已通过 BannerlordModEditor.Common.Tests.MpItemsSubsetTests.SingleItem_LoadAndSave_ShouldBeLogicallyIdentical(itemFilePath: "/root/WorkSpace/CSharp/BannerlordModEditor/Bannerl"···) [< 1 ms]
  已通过 BannerlordModEditor.Common.Tests.MpItemsSubsetTests.SingleItem_LoadAndSave_ShouldBeLogicallyIdentical(itemFilePath: "/root/WorkSpace/CSharp/BannerlordModEditor/Bannerl"···) [< 1 ms]
  已通过 BannerlordModEditor.Common.Tests.MpItemsSubsetTests.SingleItem_LoadAndSave_ShouldBeLogicallyIdentical(itemFilePath: "/root/WorkSpace/CSharp/BannerlordModEditor/Bannerl"···) [< 1 ms]
  已通过 BannerlordModEditor.Common.Tests.MpItemsSubsetTests.SingleItem_LoadAndSave_ShouldBeLogicallyIdentical(itemFilePath: "/root/WorkSpace/CSharp/BannerlordModEditor/Bannerl"···) [< 1 ms]
  已通过 BannerlordModEditor.Common.Tests.MpItemsSubsetTests.SingleItem_LoadAndSave_ShouldBeLogicallyIdentical(itemFilePath: "/root/WorkSpace/CSharp/BannerlordModEditor/Bannerl"···) [< 1 ms]
  已通过 BannerlordModEditor.Common.Tests.MpItemsSubsetTests.SingleItem_LoadAndSave_ShouldBeLogicallyIdentical(itemFilePath: "/root/WorkSpace/CSharp/BannerlordModEditor/Bannerl"···) [< 1 ms]
  已通过 BannerlordModEditor.Common.Tests.MpItemsSubsetTests.SingleItem_LoadAndSave_ShouldBeLogicallyIdentical(itemFilePath: "/root/WorkSpace/CSharp/BannerlordModEditor/Bannerl"···) [< 1 ms]
  已通过 BannerlordModEditor.Common.Tests.MpItemsSubsetTests.SingleItem_LoadAndSave_ShouldBeLogicallyIdentical(itemFilePath: "/root/WorkSpace/CSharp/BannerlordModEditor/Bannerl"···) [< 1 ms]
  已通过 BannerlordModEditor.Common.Tests.MpItemsSubsetTests.SingleItem_LoadAndSave_ShouldBeLogicallyIdentical(itemFilePath: "/root/WorkSpace/CSharp/BannerlordModEditor/Bannerl"···) [< 1 ms]
  已通过 BannerlordModEditor.Common.Tests.MpItemsSubsetTests.SingleItem_LoadAndSave_ShouldBeLogicallyIdentical(itemFilePath: "/root/WorkSpace/CSharp/BannerlordModEditor/Bannerl"···) [< 1 ms]
  已通过 BannerlordModEditor.Common.Tests.MpItemsSubsetTests.SingleItem_LoadAndSave_ShouldBeLogicallyIdentical(itemFilePath: "/root/WorkSpace/CSharp/BannerlordModEditor/Bannerl"···) [< 1 ms]
  已通过 BannerlordModEditor.Common.Tests.MpItemsSubsetTests.SingleItem_LoadAndSave_ShouldBeLogicallyIdentical(itemFilePath: "/root/WorkSpace/CSharp/BannerlordModEditor/Bannerl"···) [< 1 ms]
  已通过 BannerlordModEditor.Common.Tests.MpItemsSubsetTests.SingleItem_LoadAndSave_ShouldBeLogicallyIdentical(itemFilePath: "/root/WorkSpace/CSharp/BannerlordModEditor/Bannerl"···) [< 1 ms]
  已通过 BannerlordModEditor.Common.Tests.MpItemsSubsetTests.SingleItem_LoadAndSave_ShouldBeLogicallyIdentical(itemFilePath: "/root/WorkSpace/CSharp/BannerlordModEditor/Bannerl"···) [< 1 ms]
  已通过 BannerlordModEditor.Common.Tests.MpItemsSubsetTests.SingleItem_LoadAndSave_ShouldBeLogicallyIdentical(itemFilePath: "/root/WorkSpace/CSharp/BannerlordModEditor/Bannerl"···) [< 1 ms]
  已通过 BannerlordModEditor.Common.Tests.MpItemsSubsetTests.SingleItem_LoadAndSave_ShouldBeLogicallyIdentical(itemFilePath: "/root/WorkSpace/CSharp/BannerlordModEditor/Bannerl"···) [< 1 ms]
  已通过 BannerlordModEditor.Common.Tests.MpItemsSubsetTests.SingleItem_LoadAndSave_ShouldBeLogicallyIdentical(itemFilePath: "/root/WorkSpace/CSharp/BannerlordModEditor/Bannerl"···) [< 1 ms]
  已通过 BannerlordModEditor.Common.Tests.MpItemsSubsetTests.SingleItem_LoadAndSave_ShouldBeLogicallyIdentical(itemFilePath: "/root/WorkSpace/CSharp/BannerlordModEditor/Bannerl"···) [< 1 ms]
  已通过 BannerlordModEditor.Common.Tests.MpItemsSubsetTests.SingleItem_LoadAndSave_ShouldBeLogicallyIdentical(itemFilePath: "/root/WorkSpace/CSharp/BannerlordModEditor/Bannerl"···) [< 1 ms]
  已通过 BannerlordModEditor.Common.Tests.MpItemsSubsetTests.SingleItem_LoadAndSave_ShouldBeLogicallyIdentical(itemFilePath: "/root/WorkSpace/CSharp/BannerlordModEditor/Bannerl"···) [< 1 ms]
  已通过 BannerlordModEditor.Common.Tests.MpItemsSubsetTests.SingleItem_LoadAndSave_ShouldBeLogicallyIdentical(itemFilePath: "/root/WorkSpace/CSharp/BannerlordModEditor/Bannerl"···) [< 1 ms]
  已通过 BannerlordModEditor.Common.Tests.MpItemsSubsetTests.SingleItem_LoadAndSave_ShouldBeLogicallyIdentical(itemFilePath: "/root/WorkSpace/CSharp/BannerlordModEditor/Bannerl"···) [< 1 ms]
  已通过 BannerlordModEditor.Common.Tests.MpItemsSubsetTests.SingleItem_LoadAndSave_ShouldBeLogicallyIdentical(itemFilePath: "/root/WorkSpace/CSharp/BannerlordModEditor/Bannerl"···) [< 1 ms]
  已通过 BannerlordModEditor.Common.Tests.MpItemsSubsetTests.SingleItem_LoadAndSave_ShouldBeLogicallyIdentical(itemFilePath: "/root/WorkSpace/CSharp/BannerlordModEditor/Bannerl"···) [< 1 ms]
  已通过 BannerlordModEditor.Common.Tests.MpItemsSubsetTests.SingleItem_LoadAndSave_ShouldBeLogicallyIdentical(itemFilePath: "/root/WorkSpace/CSharp/BannerlordModEditor/Bannerl"···) [< 1 ms]
  已通过 BannerlordModEditor.Common.Tests.MpItemsSubsetTests.SingleItem_LoadAndSave_ShouldBeLogicallyIdentical(itemFilePath: "/root/WorkSpace/CSharp/BannerlordModEditor/Bannerl"···) [< 1 ms]
  已通过 BannerlordModEditor.Common.Tests.MpItemsSubsetTests.SingleItem_LoadAndSave_ShouldBeLogicallyIdentical(itemFilePath: "/root/WorkSpace/CSharp/BannerlordModEditor/Bannerl"···) [< 1 ms]
  已通过 BannerlordModEditor.Common.Tests.MpItemsSubsetTests.SingleItem_LoadAndSave_ShouldBeLogicallyIdentical(itemFilePath: "/root/WorkSpace/CSharp/BannerlordModEditor/Bannerl"···) [< 1 ms]
  已通过 BannerlordModEditor.Common.Tests.MpItemsSubsetTests.SingleItem_LoadAndSave_ShouldBeLogicallyIdentical(itemFilePath: "/root/WorkSpace/CSharp/BannerlordModEditor/Bannerl"···) [< 1 ms]
  已通过 BannerlordModEditor.Common.Tests.MpItemsSubsetTests.SingleItem_LoadAndSave_ShouldBeLogicallyIdentical(itemFilePath: "/root/WorkSpace/CSharp/BannerlordModEditor/Bannerl"···) [< 1 ms]
  已通过 BannerlordModEditor.Common.Tests.MpItemsSubsetTests.SingleItem_LoadAndSave_ShouldBeLogicallyIdentical(itemFilePath: "/root/WorkSpace/CSharp/BannerlordModEditor/Bannerl"···) [< 1 ms]
  已通过 BannerlordModEditor.Common.Tests.MpItemsSubsetTests.SingleItem_LoadAndSave_ShouldBeLogicallyIdentical(itemFilePath: "/root/WorkSpace/CSharp/BannerlordModEditor/Bannerl"···) [< 1 ms]
  已通过 BannerlordModEditor.Common.Tests.MpItemsSubsetTests.SingleItem_LoadAndSave_ShouldBeLogicallyIdentical(itemFilePath: "/root/WorkSpace/CSharp/BannerlordModEditor/Bannerl"···) [< 1 ms]
  已通过 BannerlordModEditor.Common.Tests.MpItemsSubsetTests.SingleItem_LoadAndSave_ShouldBeLogicallyIdentical(itemFilePath: "/root/WorkSpace/CSharp/BannerlordModEditor/Bannerl"···) [< 1 ms]
  已通过 BannerlordModEditor.Common.Tests.MpItemsSubsetTests.SingleItem_LoadAndSave_ShouldBeLogicallyIdentical(itemFilePath: "/root/WorkSpace/CSharp/BannerlordModEditor/Bannerl"···) [< 1 ms]
  已通过 BannerlordModEditor.Common.Tests.MpItemsSubsetTests.SingleItem_LoadAndSave_ShouldBeLogicallyIdentical(itemFilePath: "/root/WorkSpace/CSharp/BannerlordModEditor/Bannerl"···) [< 1 ms]
  已通过 BannerlordModEditor.Common.Tests.MpItemsSubsetTests.SingleItem_LoadAndSave_ShouldBeLogicallyIdentical(itemFilePath: "/root/WorkSpace/CSharp/BannerlordModEditor/Bannerl"···) [< 1 ms]
  已通过 BannerlordModEditor.Common.Tests.MpItemsSubsetTests.SingleItem_LoadAndSave_ShouldBeLogicallyIdentical(itemFilePath: "/root/WorkSpace/CSharp/BannerlordModEditor/Bannerl"···) [< 1 ms]
  已通过 BannerlordModEditor.Common.Tests.MpItemsSubsetTests.SingleItem_LoadAndSave_ShouldBeLogicallyIdentical(itemFilePath: "/root/WorkSpace/CSharp/BannerlordModEditor/Bannerl"···) [< 1 ms]
  已通过 BannerlordModEditor.Common.Tests.MpItemsSubsetTests.SingleItem_LoadAndSave_ShouldBeLogicallyIdentical(itemFilePath: "/root/WorkSpace/CSharp/BannerlordModEditor/Bannerl"···) [< 1 ms]
  已通过 BannerlordModEditor.Common.Tests.MpItemsSubsetTests.SingleItem_LoadAndSave_ShouldBeLogicallyIdentical(itemFilePath: "/root/WorkSpace/CSharp/BannerlordModEditor/Bannerl"···) [< 1 ms]
  已通过 BannerlordModEditor.Common.Tests.MpItemsSubsetTests.SingleItem_LoadAndSave_ShouldBeLogicallyIdentical(itemFilePath: "/root/WorkSpace/CSharp/BannerlordModEditor/Bannerl"···) [< 1 ms]
  已通过 BannerlordModEditor.Common.Tests.MpItemsSubsetTests.SingleItem_LoadAndSave_ShouldBeLogicallyIdentical(itemFilePath: "/root/WorkSpace/CSharp/BannerlordModEditor/Bannerl"···) [< 1 ms]
  已通过 BannerlordModEditor.Common.Tests.MpItemsSubsetTests.SingleItem_LoadAndSave_ShouldBeLogicallyIdentical(itemFilePath: "/root/WorkSpace/CSharp/BannerlordModEditor/Bannerl"···) [< 1 ms]
  已通过 BannerlordModEditor.Common.Tests.MpItemsSubsetTests.SingleItem_LoadAndSave_ShouldBeLogicallyIdentical(itemFilePath: "/root/WorkSpace/CSharp/BannerlordModEditor/Bannerl"···) [< 1 ms]
  已通过 BannerlordModEditor.Common.Tests.MpItemsSubsetTests.SingleItem_LoadAndSave_ShouldBeLogicallyIdentical(itemFilePath: "/root/WorkSpace/CSharp/BannerlordModEditor/Bannerl"···) [< 1 ms]
  已通过 BannerlordModEditor.Common.Tests.MpItemsSubsetTests.SingleItem_LoadAndSave_ShouldBeLogicallyIdentical(itemFilePath: "/root/WorkSpace/CSharp/BannerlordModEditor/Bannerl"···) [< 1 ms]
  已通过 BannerlordModEditor.Common.Tests.MpItemsSubsetTests.SingleItem_LoadAndSave_ShouldBeLogicallyIdentical(itemFilePath: "/root/WorkSpace/CSharp/BannerlordModEditor/Bannerl"···) [< 1 ms]
  已通过 BannerlordModEditor.Common.Tests.MpItemsSubsetTests.SingleItem_LoadAndSave_ShouldBeLogicallyIdentical(itemFilePath: "/root/WorkSpace/CSharp/BannerlordModEditor/Bannerl"···) [< 1 ms]
  已通过 BannerlordModEditor.Common.Tests.MpItemsSubsetTests.SingleItem_LoadAndSave_ShouldBeLogicallyIdentical(itemFilePath: "/root/WorkSpace/CSharp/BannerlordModEditor/Bannerl"···) [< 1 ms]
  已通过 BannerlordModEditor.Common.Tests.MpItemsSubsetTests.SingleItem_LoadAndSave_ShouldBeLogicallyIdentical(itemFilePath: "/root/WorkSpace/CSharp/BannerlordModEditor/Bannerl"···) [< 1 ms]
  已通过 BannerlordModEditor.Common.Tests.MpItemsSubsetTests.SingleItem_LoadAndSave_ShouldBeLogicallyIdentical(itemFilePath: "/root/WorkSpace/CSharp/BannerlordModEditor/Bannerl"···) [< 1 ms]
  已通过 BannerlordModEditor.Common.Tests.MpItemsSubsetTests.SingleItem_LoadAndSave_ShouldBeLogicallyIdentical(itemFilePath: "/root/WorkSpace/CSharp/BannerlordModEditor/Bannerl"···) [< 1 ms]
  已通过 BannerlordModEditor.Common.Tests.MpItemsSubsetTests.SingleItem_LoadAndSave_ShouldBeLogicallyIdentical(itemFilePath: "/root/WorkSpace/CSharp/BannerlordModEditor/Bannerl"···) [< 1 ms]
  已通过 BannerlordModEditor.Common.Tests.MpItemsSubsetTests.SingleItem_LoadAndSave_ShouldBeLogicallyIdentical(itemFilePath: "/root/WorkSpace/CSharp/BannerlordModEditor/Bannerl"···) [< 1 ms]
  已通过 BannerlordModEditor.Common.Tests.MpItemsSubsetTests.SingleItem_LoadAndSave_ShouldBeLogicallyIdentical(itemFilePath: "/root/WorkSpace/CSharp/BannerlordModEditor/Bannerl"···) [< 1 ms]
  已通过 BannerlordModEditor.Common.Tests.MpItemsSubsetTests.SingleItem_LoadAndSave_ShouldBeLogicallyIdentical(itemFilePath: "/root/WorkSpace/CSharp/BannerlordModEditor/Bannerl"···) [< 1 ms]
  已通过 BannerlordModEditor.Common.Tests.MpItemsSubsetTests.SingleItem_LoadAndSave_ShouldBeLogicallyIdentical(itemFilePath: "/root/WorkSpace/CSharp/BannerlordModEditor/Bannerl"···) [< 1 ms]
  已通过 BannerlordModEditor.Common.Tests.MpItemsSubsetTests.SingleItem_LoadAndSave_ShouldBeLogicallyIdentical(itemFilePath: "/root/WorkSpace/CSharp/BannerlordModEditor/Bannerl"···) [< 1 ms]
  已通过 BannerlordModEditor.Common.Tests.MpItemsSubsetTests.SingleItem_LoadAndSave_ShouldBeLogicallyIdentical(itemFilePath: "/root/WorkSpace/CSharp/BannerlordModEditor/Bannerl"···) [1 ms]
  已通过 BannerlordModEditor.Common.Tests.MpItemsSubsetTests.SingleItem_LoadAndSave_ShouldBeLogicallyIdentical(itemFilePath: "/root/WorkSpace/CSharp/BannerlordModEditor/Bannerl"···) [< 1 ms]
XML文件大小: 1525815 字符
反序列化成功: FloraKind数量 = 341
序列化成功: 大小 = 1371934 字符
结构相等: True
  已通过 BannerlordModEditor.Common.Tests.MpItemsSubsetTests.SingleItem_LoadAndSave_ShouldBeLogicallyIdentical(itemFilePath: "/root/WorkSpace/CSharp/BannerlordModEditor/Bannerl"···) [< 1 ms]
  已通过 BannerlordModEditor.Common.Tests.MpItemsSubsetTests.SingleItem_LoadAndSave_ShouldBeLogicallyIdentical(itemFilePath: "/root/WorkSpace/CSharp/BannerlordModEditor/Bannerl"···) [< 1 ms]
  已通过 BannerlordModEditor.Common.Tests.MpItemsSubsetTests.SingleItem_LoadAndSave_ShouldBeLogicallyIdentical(itemFilePath: "/root/WorkSpace/CSharp/BannerlordModEditor/Bannerl"···) [< 1 ms]
  已通过 BannerlordModEditor.Common.Tests.MpItemsSubsetTests.SingleItem_LoadAndSave_ShouldBeLogicallyIdentical(itemFilePath: "/root/WorkSpace/CSharp/BannerlordModEditor/Bannerl"···) [< 1 ms]
  已通过 BannerlordModEditor.Common.Tests.MpItemsSubsetTests.SingleItem_LoadAndSave_ShouldBeLogicallyIdentical(itemFilePath: "/root/WorkSpace/CSharp/BannerlordModEditor/Bannerl"···) [< 1 ms]
  已通过 BannerlordModEditor.Common.Tests.MpItemsSubsetTests.SingleItem_LoadAndSave_ShouldBeLogicallyIdentical(itemFilePath: "/root/WorkSpace/CSharp/BannerlordModEditor/Bannerl"···) [< 1 ms]
  已通过 BannerlordModEditor.Common.Tests.MpItemsSubsetTests.SingleItem_LoadAndSave_ShouldBeLogicallyIdentical(itemFilePath: "/root/WorkSpace/CSharp/BannerlordModEditor/Bannerl"···) [< 1 ms]
  已通过 BannerlordModEditor.Common.Tests.FloraKindsSimpleTest.FloraKinds_SimpleAnalysis [246 ms]
  已通过 BannerlordModEditor.Common.Tests.ParticleSystemsDORegressionTests.ParticleSystems_VeryLargeValues_ShouldHandle_Correctly [< 1 ms]
  已通过 BannerlordModEditor.Common.Tests.ParticleSystemsDORegressionTests.ParticleSystems_DeepNesting_ShouldHandle_Correctly [< 1 ms]
  已通过 BannerlordModEditor.Common.Tests.ParticleSystemsDORegressionTests.DecalMaterials_EmptyElement_ShouldBePreserved [< 1 ms]
  已通过 BannerlordModEditor.Common.Tests.ParticleSystemsDORegressionTests.StringProperties_ValidValues_ShouldBeSerialized [< 1 ms]
  已通过 BannerlordModEditor.Common.Tests.ParticleSystemsDORegressionTests.StringProperties_EmptyValues_ShouldNotBeSerialized [< 1 ms]
  已通过 BannerlordModEditor.Common.Tests.ParticleSystemsDORegressionTests.CurveElements_WithEmptyKeys_ShouldBePreserved [< 1 ms]
  已通过 BannerlordModEditor.Common.Tests.ParticleSystemsDORegressionTests.ParticleSystems_OriginalRoundTripTest_ShouldStillPass [354 ms]
  已通过 BannerlordModEditor.Common.Tests.ParticleSystemsDORegressionTests.ParticleSystems_AllParticleSystemsFiles_ShouldPassRoundTrip [791 ms]
  已通过 BannerlordModEditor.Common.Tests.ParticleSystemsDORegressionTests.KeyProperties_ValidPositionAndTangent_ShouldBeSerialized [< 1 ms]
  已通过 BannerlordModEditor.Common.Tests.ParticleSystemsDORegressionTests.ParticleSystems_CompatibilityWithOtherXmlTypes_ShouldNotConflict [< 1 ms]
=== FloraKinds 分析开始 ===
XML文件大小: 1525815 字符
反序列化成功: True
FloraKind数量: 341
序列化成功: True
序列化XML大小: 1371934 字符
结构相等: True
节点数量差异: 
属性数量差异: 
=== FloraKinds 分析结束 ===
  已通过 BannerlordModEditor.Common.Tests.ParticleSystemsDORegressionTests.DecalMaterials_MissingElement_ShouldNotBeSerialized [< 1 ms]
  已通过 BannerlordModEditor.Common.Tests.ParticleSystemsDORegressionTests.CurveElements_WithValidKeys_ShouldWorkNormally [< 1 ms]
  已通过 BannerlordModEditor.Common.Tests.ParticleSystemsDORegressionTests.DecalMaterials_NonEmptyElement_ShouldWorkNormally [< 1 ms]
  已通过 BannerlordModEditor.Common.Tests.ParticleSystemsDORegressionTests.KeyProperties_EmptyPositionAndTangent_ShouldNotBeSerialized [< 1 ms]
  已通过 BannerlordModEditor.Common.Tests.SiegeEnginesXmlTests.SiegeEngines_NumericValues_ShouldBePreserved [8 ms]
  已通过 BannerlordModEditor.Common.Tests.SiegeEnginesXmlTests.SiegeEngines_LoadAndSave_ShouldBeLogicallyIdentical [1 ms]
  已通过 BannerlordModEditor.Common.Tests.SiegeEnginesXmlTests.SiegeEngines_OptionalFields_ShouldBeCorrectlyHandled [< 1 ms]
  已通过 BannerlordModEditor.Common.Tests.FloraKindsDirectTest.FloraKinds_DirectAnalysis [233 ms]
  已通过 BannerlordModEditor.Common.Tests.MultiplayerStringsXmlTests.MultiplayerStrings_ValidateDataIntegrity_ShouldPassBasicChecks [7 ms]
=== 曲线元素分析报告 ===
原始XML: curve=684, keys=1124, key=2761
序列化XML: curve=684, keys=1124, key=2761
差异: curve=0, keys=0, key=0
DO对象统计: curve=658, keys=658, key=1534
曲线数量差异: 684 -> 684
Keys数量差异: 1124 -> 1124
Key数量差异: 2761 -> 2761
  已通过 BannerlordModEditor.Common.Tests.MultiplayerStringsXmlTests.MultiplayerStrings_LoadAndSave_ShouldBeLogicallyIdentical [1 ms]
  已通过 BannerlordModEditor.Common.Tests.MultiplayerStringsXmlTests.MultiplayerStrings_SpecificStringValidation_ShouldPassDetailedChecks [1 ms]
  已通过 BannerlordModEditor.Common.Tests.WeaponDescriptionsXmlTests.WeaponDescriptions_Deserialization_Works [12 ms]
  已通过 BannerlordModEditor.Common.Tests.ParticleSystemsCurveAnalysisTest.Analyze_Curve_Elements_In_ParticleSystems [199 ms]
  已通过 BannerlordModEditor.Common.Tests.CreditsXmlDebugTests.DebugCreditsXmlIssue [17 ms]
  已通过 BannerlordModEditor.Common.Tests.ParticleSystemsOutdoorXmlTests.ParticleSystemsOutdoor_Roundtrip_StructuralEquality [15 ms]
  已通过 BannerlordModEditor.Common.Tests.ParticleSystemsGeneralXmlTests.ParticleSystemsGeneral_RoundTrip_StructuralEquality [76 ms]
  已通过 BannerlordModEditor.Common.Tests.CreditsExternalPartnersPlayStationXmlTests.CreditsExternalPartnersPlayStation_RoundTrip_StructuralEquality [< 1 ms]
  已通过 BannerlordModEditor.Common.Tests.ParticleSystemsHardcodedMiscDetailedAnalysisTest.DetailedAnalysis_ParticleSystemsHardcodedMisc1 [410 ms]
  已通过 BannerlordModEditor.Common.Tests.SkinsXmlTests.Skins_ShouldHandleEmptyCollections [9 ms]
  已通过 BannerlordModEditor.Common.Tests.SkinsXmlTests.Skins_ShouldHandleOptionalFields [< 1 ms]
  已通过 BannerlordModEditor.Common.Tests.SkinsXmlTests.Skins_LoadAndSave_ShouldBeLogicallyIdentical [20 ms]
  已通过 BannerlordModEditor.Common.Tests.BannerIconsBoundaryConditionsTests.TypeConversion_MixedFormats_HandlesCorrectly [< 1 ms]
  已通过 BannerlordModEditor.Common.Tests.BannerIconsBoundaryConditionsTests.ValidBooleanValues_HandleCorrectly(booleanValue: "FALSE") [< 1 ms]
  已通过 BannerlordModEditor.Common.Tests.BannerIconsBoundaryConditionsTests.ValidBooleanValues_HandleCorrectly(booleanValue: "false") [< 1 ms]
  已通过 BannerlordModEditor.Common.Tests.BannerIconsBoundaryConditionsTests.ValidBooleanValues_HandleCorrectly(booleanValue: "TRUE") [< 1 ms]
  已通过 BannerlordModEditor.Common.Tests.BannerIconsBoundaryConditionsTests.ValidBooleanValues_HandleCorrectly(booleanValue: "1") [< 1 ms]
  已通过 BannerlordModEditor.Common.Tests.BannerIconsBoundaryConditionsTests.ValidBooleanValues_HandleCorrectly(booleanValue: "True") [< 1 ms]
  已通过 BannerlordModEditor.Common.Tests.BannerIconsBoundaryConditionsTests.ValidBooleanValues_HandleCorrectly(booleanValue: "False") [< 1 ms]
  已通过 BannerlordModEditor.Common.Tests.BannerIconsBoundaryConditionsTests.ValidBooleanValues_HandleCorrectly(booleanValue: "0") [< 1 ms]
  已通过 BannerlordModEditor.Common.Tests.BannerIconsBoundaryConditionsTests.ValidBooleanValues_HandleCorrectly(booleanValue: "true") [< 1 ms]
  已通过 BannerlordModEditor.Common.Tests.BannerIconsBoundaryConditionsTests.InvalidBooleanValues_HandleCorrectly(booleanValue: "on") [< 1 ms]
  已通过 BannerlordModEditor.Common.Tests.BannerIconsBoundaryConditionsTests.InvalidBooleanValues_HandleCorrectly(booleanValue: "   ") [< 1 ms]
  已通过 BannerlordModEditor.Common.Tests.BannerIconsBoundaryConditionsTests.InvalidBooleanValues_HandleCorrectly(booleanValue: "off") [< 1 ms]
  已通过 BannerlordModEditor.Common.Tests.BannerIconsBoundaryConditionsTests.InvalidBooleanValues_HandleCorrectly(booleanValue: null) [< 1 ms]
  已通过 BannerlordModEditor.Common.Tests.BannerIconsBoundaryConditionsTests.InvalidBooleanValues_HandleCorrectly(booleanValue: "no") [< 1 ms]
  已通过 BannerlordModEditor.Common.Tests.BannerIconsBoundaryConditionsTests.InvalidBooleanValues_HandleCorrectly(booleanValue: "yes") [< 1 ms]
  已通过 BannerlordModEditor.Common.Tests.BannerIconsBoundaryConditionsTests.InvalidBooleanValues_HandleCorrectly(booleanValue: "") [< 1 ms]
  已通过 BannerlordModEditor.Common.Tests.BannerIconsBoundaryConditionsTests.InvalidBooleanValues_HandleCorrectly(booleanValue: "invalid") [< 1 ms]
  已通过 BannerlordModEditor.Common.Tests.BannerIconsBoundaryConditionsTests.InvalidBooleanValues_HandleCorrectly(booleanValue: "2") [< 1 ms]
  已通过 BannerlordModEditor.Common.Tests.BannerIconsBoundaryConditionsTests.LargeStringValues_HandleCorrectly [< 1 ms]
  已通过 BannerlordModEditor.Common.Tests.BannerIconsBoundaryConditionsTests.TypeConversion_LeadingTrailingWhitespace_HandlesCorrectly [< 1 ms]
  已通过 BannerlordModEditor.Common.Tests.BannerIconsBoundaryConditionsTests.CircularReferences_DoNotCauseStackOverflow [< 1 ms]
  已通过 BannerlordModEditor.Common.Tests.BannerIconsBoundaryConditionsTests.MapperLargeCollections_HandleCorrectly [1 ms]
  已通过 BannerlordModEditor.Common.Tests.BannerIconsBoundaryConditionsTests.DeepNesting_HandlesCorrectly [< 1 ms]
  已通过 BannerlordModEditor.Common.Tests.BannerIconsBoundaryConditionsTests.SpecialCharactersInStrings_HandleCorrectly [< 1 ms]
  已通过 BannerlordModEditor.Common.Tests.BannerIconsBoundaryConditionsTests.XmlSerialization_InvalidXml_ThrowsException [< 1 ms]
  已通过 BannerlordModEditor.Common.Tests.BannerIconsBoundaryConditionsTests.NestedEmptyCollections_PropagateCorrectly [< 1 ms]
  已通过 BannerlordModEditor.Common.Tests.BannerIconsBoundaryConditionsTests.VeryLargeObject_DoesNotCauseMemoryIssues [3 ms]
  已通过 BannerlordModEditor.Common.Tests.BannerIconsBoundaryConditionsTests.XmlSerialization_WithSpecialCharacters_DoesNotThrow [< 1 ms]
  已通过 BannerlordModEditor.Common.Tests.BannerIconsBoundaryConditionsTests.MapperEmptyCollections_HandleCorrectly [< 1 ms]
  已通过 BannerlordModEditor.Common.Tests.BannerIconsBoundaryConditionsTests.XmlSerialization_EmptyDocument_HandlesGracefully [< 1 ms]
  已通过 BannerlordModEditor.Common.Tests.BannerIconsBoundaryConditionsTests.AllMappers_HandleNullInput_Gracefully [< 1 ms]
  已通过 BannerlordModEditor.Common.Tests.BannerIconsBoundaryConditionsTests.ExtremeIntegerValues_HandleCorrectly [< 1 ms]
  已通过 BannerlordModEditor.Common.Tests.BannerIconsBoundaryConditionsTests.MapperNullCollections_DontThrowException [< 1 ms]
  已通过 BannerlordModEditor.Common.Tests.BannerIconsBoundaryConditionsTests.TypeConversion_OverflowValues_HandlesGracefully [< 1 ms]
  已通过 BannerlordModEditor.Common.Tests.ActionSetsXmlTests.ActionSets_RoundTrip_StructuralEquality [96 ms]
  已通过 BannerlordModEditor.Common.Tests.MapIconsXmlTests.MapIcons_RoundTrip_StructuralEquality [10 ms]
  已通过 BannerlordModEditor.Common.Tests.HardCodedSoundsXmlTests.HardCodedSounds_EmptyFile_HandlesGracefully [4 ms]
  已通过 BannerlordModEditor.Common.Tests.HardCodedSoundsXmlTests.HardCodedSounds_ValidateIdUniqueness [1 ms]
  已通过 BannerlordModEditor.Common.Tests.HardCodedSoundsXmlTests.HardCodedSounds_ValidateXmlFormatting [< 1 ms]
  已通过 BannerlordModEditor.Common.Tests.HardCodedSoundsXmlTests.HardCodedSounds_CanRoundtripXml [1 ms]
  已通过 BannerlordModEditor.Common.Tests.HardCodedSoundsXmlTests.HardCodedSounds_ValidateEventPathFormats [< 1 ms]
  已通过 BannerlordModEditor.Common.Tests.HardCodedSoundsXmlTests.HardCodedSounds_ValidateSpecificSounds [< 1 ms]
直接反序列化的Cosmetic数量: 586
第一个Cosmetic (直接反序列化):
  Type: Clothing
  Id: mp_vlandia_chainmail
  Replace存在: True
  Items数量: 1
  第一个Item: mp_white_coat_over_mail
直接序列化的XML长度: 88167
直接序列化的XML开头:
<?xml version="1.0" encoding="utf-16"?>
<Cosmetics xmlns:xsi="http://www.w3.org/2001/XMLSchema-instance" xmlns:xsd="http://www.w3.org/2001/XMLSchema">
  <Cosmetic type="Clothing" id="mp_vlandia_chainm
总共Cosmetic数量: 586
原始XML中Replace元素数量: 323
问题Replace #4: 有 2 个子元素
  父Cosmetic: mp_aketon
  内容: <Replace>
  <Item id="mp_bandit_leather_water_flask" />
  <Item id="mp_vlandia_bandit_a" />
</Replace>
问题Replace #8: 有 3 个子元素
  父Cosmetic: mp_hauberk
  内容: <Replace>
  <Item id="mp_mail_shirt" />
  <Item id="mp_white_coat_over_mail" />
  <Item id="mp_vlandia_chainmail" />
</Replace>
问题Replace #9: 有 2 个子元素
  父Cosmetic: mp_leather_scale_armor
  内容: <Replace>
  <Item id="mp_studded_leather_over_aketon" />
  <Item id="mp_layered_leather_tunic" />
</Replace>
问题Replace #15: 有 2 个子元素
  父Cosmetic: mp_nordic_sloven_leather
  内容: <Replace>
  <Item id="mp_layered_leather_tunic" />
  <Item id="mp_heavy_nordic_coat" />
</Replace>
问题Replace #16: 有 2 个子元素
  父Cosmetic: mp_nordic_sloven_over_mail
  内容: <Replace>
  <Item id="mp_banded_leather_over_mail" />
  <Item id="mp_mail_shirt" />
</Replace>
问题Replace #19: 有 2 个子元素
  父Cosmetic: mp_banded_leather_over_mail
  内容: <Replace>
  <Item id="mp_mail_shirt" />
  <Item id="mp_sleeveless_padded_short_coat" />
</Replace>
问题Replace #26: 有 2 个子元素
  父Cosmetic: mp_cervelliere_over_arming_coif
  内容: <Replace>
  <Item id="mp_segmented_skullcap_over_mail_coif" />
  <Item id="mp_segmented_skullcap_over_laced_coif" />
</Replace>
问题Replace #33: 有 2 个子元素
  父Cosmetic: mp_guards_kettle_over_laced_coif
  内容: <Replace>
  <Item id="mp_kettle_helmet_over_padded_cloth" />
  <Item id="mp_kettle_helmet_over_mail" />
</Replace>
问题Replace #37: 有 2 个子元素
  父Cosmetic: mp_kettle_helmet_with_leather
  内容: <Replace>
  <Item id="mp_kettle_helmet_over_padded_cloth" />
  <Item id="mp_kettle_helmet_over_mail" />
</Replace>
问题Replace #38: 有 2 个子元素
  父Cosmetic: mp_guards_kettle_over_padded_coif
  内容: <Replace>
  <Item id="mp_kettle_helmet_over_padded_cloth" />
  <Item id="mp_kettle_helmet_over_mail" />
</Replace>
问题Replace #39: 有 2 个子元素
  父Cosmetic: mp_kettle_hat_over_padded_cloth
  内容: <Replace>
  <Item id="mp_kettle_helmet_over_padded_cloth" />
  <Item id="mp_kettle_helmet_over_mail" />
</Replace>
问题Replace #40: 有 2 个子元素
  父Cosmetic: mp_kettle_hat_over_padded_coif
  内容: <Replace>
  <Item id="mp_kettle_helmet_over_padded_cloth" />
  <Item id="mp_kettle_helmet_over_mail" />
</Replace>
问题Replace #41: 有 2 个子元素
  父Cosmetic: mp_kettle_helmet_over_arming_coif
  内容: <Replace>
  <Item id="mp_kettle_hat_over_mail_coif" />
  <Item id="mp_kettle_helmet_over_mail" />
</Replace>
问题Replace #43: 有 2 个子元素
  父Cosmetic: mp_kettle_helmet_over_laced_coif
  内容: <Replace>
  <Item id="mp_kettle_hat_over_mail_coif" />
  <Item id="mp_kettle_helmet_over_mail" />
</Replace>
问题Replace #44: 有 2 个子元素
  父Cosmetic: mp_kettle_helmet_over_padded_cap
  内容: <Replace>
  <Item id="mp_kettle_hat_over_mail_coif" />
  <Item id="mp_kettle_helmet_over_mail" />
</Replace>
问题Replace #45: 有 2 个子元素
  父Cosmetic: mp_kettle_helmet_over_padded_cloth
  内容: <Replace>
  <Item id="mp_kettle_hat_over_mail_coif" />
  <Item id="mp_kettle_helmet_over_mail" />
</Replace>
问题Replace #46: 有 2 个子元素
  父Cosmetic: mp_kettle_helmet_over_padded_coif
  内容: <Replace>
  <Item id="mp_kettle_hat_over_mail_coif" />
  <Item id="mp_kettle_helmet_over_mail" />
</Replace>
问题Replace #50: 有 2 个子元素
  父Cosmetic: mp_nasal_cervelliere_over_padded_cap
  内容: <Replace>
  <Item id="mp_segmented_skullcap_over_mail_coif" />
  <Item id="mp_segmented_skullcap_over_laced_coif" />
</Replace>
问题Replace #51: 有 2 个子元素
  父Cosmetic: mp_nasal_cervelliere_over_padded_coif
  内容: <Replace>
  <Item id="mp_segmented_skullcap_over_mail_coif" />
  <Item id="mp_segmented_skullcap_over_laced_coif" />
</Replace>
问题Replace #52: 有 2 个子元素
  父Cosmetic: mp_nasal_helmet_over_cloth_headwrap
  内容: <Replace>
  <Item id="mp_nasal_helmet_over_laced_coif" />
  <Item id="mp_pointed_skullcap_over_mail" />
</Replace>
问题Replace #54: 有 2 个子元素
  父Cosmetic: mp_nasal_helmet_over_mail
  内容: <Replace>
  <Item id="mp_nasal_helmet_over_laced_coif" />
  <Item id="mp_pointed_skullcap_over_mail" />
</Replace>
问题Replace #55: 有 2 个子元素
  父Cosmetic: mp_nasal_helmet_over_mail_coif
  内容: <Replace>
  <Item id="mp_pointed_skullcap_over_mail" />
  <Item id="mp_nasal_helmet_over_laced_coif" />
</Replace>
问题Replace #56: 有 3 个子元素
  父Cosmetic: mp_nasal_helmet_over_padded_cloth
  内容: <Replace>
  <Item id="mp_nasal_helmet_over_mail_coif" />
  <Item id="mp_pointed_skullcap_over_mail" />
  <Item id="mp_nasal_helmet_over_laced_coif" />
</Replace>
问题Replace #57: 有 3 个子元素
  父Cosmetic: mp_nasal_helmet_over_padded_coif
  内容: <Replace>
  <Item id="mp_nasal_helmet_over_mail_coif" />
  <Item id="mp_pointed_skullcap_over_mail" />
  <Item id="mp_nasal_helmet_over_laced_coif" />
</Replace>
问题Replace #58: 有 2 个子元素
  父Cosmetic: mp_western_crowned_plated_helmet
  内容: <Replace>
  <Item id="mp_pointed_skullcap_over_mail" />
  <Item id="mp_full_helm_over_padded_cap" />
</Replace>
问题Replace #67: 有 2 个子元素
  父Cosmetic: mp_segmented_skullcap_over_padded_cloth
  内容: <Replace>
  <Item id="mp_segmented_skullcap_over_mail_coif" />
  <Item id="mp_segmented_skullcap_over_laced_coif" />
</Replace>
问题Replace #68: 有 2 个子元素
  父Cosmetic: mp_segmented_skullcap_over_padded_coif
  内容: <Replace>
  <Item id="mp_segmented_skullcap_over_mail_coif" />
  <Item id="mp_segmented_skullcap_over_laced_coif" />
</Replace>
问题Replace #69: 有 2 个子元素
  父Cosmetic: mp_visored_helmet_over_mail_coif
  内容: <Replace>
  <Item id="mp_pointed_skullcap_over_mail" />
  <Item id="mp_full_helm_over_padded_cap" />
</Replace>
问题Replace #70: 有 2 个子元素
  父Cosmetic: mp_visored_helmet_over_laced_coif
  内容: <Replace>
  <Item id="mp_visored_helmet_over_mail_coif" />
  <Item id="mp_pointed_skullcap_over_mail" />
</Replace>
问题Replace #71: 有 2 个子元素
  父Cosmetic: mp_visored_helmet_over_padded_cloth
  内容: <Replace>
  <Item id="mp_visored_helmet_over_mail_coif" />
  <Item id="mp_pointed_skullcap_over_mail" />
</Replace>
问题Replace #72: 有 2 个子元素
  父Cosmetic: mp_visored_helmet_over_padded_coif
  内容: <Replace>
  <Item id="mp_visored_helmet_over_mail_coif" />
  <Item id="mp_pointed_skullcap_over_mail" />
</Replace>
问题Replace #73: 有 2 个子元素
  父Cosmetic: mp_vlandian_faceguard_helmet_a
  内容: <Replace>
  <Item id="mp_visored_helmet_over_mail_coif" />
  <Item id="mp_pointed_skullcap_over_mail" />
</Replace>
问题Replace #74: 有 2 个子元素
  父Cosmetic: mp_vlandian_faceguard_helmet_b
  内容: <Replace>
  <Item id="mp_visored_helmet_over_mail_coif" />
  <Item id="mp_pointed_skullcap_over_mail" />
</Replace>
问题Replace #76: 有 2 个子元素
  父Cosmetic: mp_padded_leather_shoulders
  内容: <Replace>
  <Item id="mp_hood" />
  <Item id="mp_peasant_hood" />
</Replace>
问题Replace #77: 有 3 个子元素
  父Cosmetic: mp_battania_woodland_cloak
  内容: <Replace>
  <Item id="mp_hood" />
  <Item id="mp_peasant_hood" />
  <Item id="mp_battania_civil_cloak" />
</Replace>
问题Replace #78: 有 2 个子元素
  父Cosmetic: mp_lordly_mail_mitten
  内容: <Replace>
  <Item id="mp_reinforced_mail_mitten" />
  <Item id="mp_mail_mitten" />
</Replace>
问题Replace #80: 有 3 个子元素
  父Cosmetic: mp_leather_cavalier_boots
  内容: <Replace>
  <Item id="mp_leather_boots" />
  <Item id="mp_empire_horseman_boots" />
  <Item id="mp_steppe_leather_boots" />
</Replace>
问题Replace #81: 有 4 个子元素
  父Cosmetic: mp_mail_cavalier_boots
  内容: <Replace>
  <Item id="mp_leather_boots" />
  <Item id="mp_leather_cavalier_boots" />
  <Item id="mp_mail_chausses" />
  <Item id="mp_steppe_leather_boots" />
</Replace>
问题Replace #82: 有 2 个子元素
  父Cosmetic: mp_armored_baggy_trunks
  内容: <Replace>
  <Item id="mp_battanian_savage_armor" />
  <Item id="mp_baggy_trunks" />
</Replace>
问题Replace #87: 有 2 个子元素
  父Cosmetic: mp_battania_light_armor_c
  内容: <Replace>
  <Item id="mp_battania_civil_b" />
  <Item id="mp_battania_civil_a" />
</Replace>
问题Replace #91: 有 2 个子元素
  父Cosmetic: mp_battanian_chainmail_armor_a
  内容: <Replace>
  <Item id="mp_hauberk" />
  <Item id="mp_battania_woodland_chainmail" />
</Replace>
问题Replace #96: 有 2 个子元素
  父Cosmetic: mp_battania_noble_armor
  内容: <Replace>
  <Item id="mp_ranger_mail" />
  <Item id="mp_battania_woodland_chainmail" />
</Replace>
问题Replace #101: 有 2 个子元素
  父Cosmetic: mp_battania_fur_helmet
  内容: <Replace>
  <Itemless troop="mp_light_infantry_battania" slot="Head" />
  <Itemless troop="mp_shock_infantry_battania" slot="Head" />
</Replace>
问题Replace #102: 有 4 个子元素
  父Cosmetic: mp_battania_earmuff_helmet_a
  内容: <Replace>
  <Item id="mp_battania_fur_helmet" />
  <Itemless troop="mp_light_infantry_battania" slot="Head" />
  <Itemless troop="mp_shock_infantry_battania" slot="Head" />
  <Itemless troop="mp_light_cavalry_battania" slot="Head" />
</Replace>
问题Replace #103: 有 3 个子元素
  父Cosmetic: mp_battania_earmuff_helmet_a_brnz
  内容: <Replace>
  <Item id="mp_battania_fur_helmet" />
  <Itemless troop="mp_light_infantry_battania" slot="Head" />
  <Itemless troop="mp_shock_infantry_battania" slot="Head" />
</Replace>
问题Replace #104: 有 2 个子元素
  父Cosmetic: mp_ridged_northernhelm
  内容: <Replace>
  <Itemless troop="mp_light_infantry_battania" slot="Head" />
  <Itemless troop="mp_light_cavalry_battania" slot="Head" />
</Replace>
问题Replace #105: 有 2 个子元素
  父Cosmetic: mp_battania_earmuff_helmet_b
  内容: <Replace>
  <Item id="mp_ridged_northernhelm" />
  <Itemless troop="mp_light_infantry_battania" slot="Head" />
</Replace>
问题Replace #106: 有 2 个子元素
  父Cosmetic: mp_battania_earmuff_helmet_b_brnz
  内容: <Replace>
  <Item id="mp_ridged_northernhelm" />
  <Itemless troop="mp_light_infantry_battania" slot="Head" />
</Replace>
问题Replace #112: 有 2 个子元素
  父Cosmetic: mp_battanian_noble_helmet_with_feather
  内容: <Replace>
  <Item id="mp_battanian_crowned_helmet" />
  <Item id="mp_helmet_with_faceguard" />
</Replace>
问题Replace #116: 有 2 个子元素
  父Cosmetic: mp_bearhead
  内容: <Replace>
  <Itemless troop="mp_shock_infantry_battania" slot="Head" />
  <Itemless troop="mp_light_cavalry_battania" slot="Head" />
</Replace>
问题Replace #118: 有 3 个子元素
  父Cosmetic: mp_battania_scarf_a
  内容: <Replace>
  <Item id="mp_battania_civil_cloak" />
  <Item id="mp_battania_cloak" />
  <Item id="mp_battania_shoulder_strap_cloak" />
</Replace>
问题Replace #119: 有 2 个子元素
  父Cosmetic: mp_battanian_leather_shoulder_a
  内容: <Replace>
  <Item id="mp_battania_civil_cloak" />
  <Item id="mp_battania_shoulder_strap_cloak" />
</Replace>
问题Replace #121: 有 2 个子元素
  父Cosmetic: mp_battanian_chainmail_shoulder_b
  内容: <Replace>
  <Item id="mp_battania_shoulder_furr" />
  <Item id="mp_battania_shoulder_strap_cloak" />
</Replace>
问题Replace #122: 有 3 个子元素
  父Cosmetic: mp_battania_cloak_furr
  内容: <Replace>
  <Item id="mp_battania_civil_cloak" />
  <Item id="mp_battania_cloak" />
  <Item id="mp_battania_shoulder_strap_cloak" />
</Replace>
问题Replace #123: 有 2 个子元素
  父Cosmetic: mp_battania_shoulder_strap
  内容: <Replace>
  <Item id="mp_armored_bearskin" />
  <Item id="mp_battania_shoulder_strap_cloak" />
</Replace>
问题Replace #127: 有 2 个子元素
  父Cosmetic: mp_bearskin
  内容: <Replace>
  <Item id="mp_battania_shoulder_strap" />
  <Item id="mp_rough_bearskin" />
</Replace>
问题Replace #129: 有 7 个子元素
  父Cosmetic: mp_guarded_armwraps
  内容: <Replace>
  <Item id="mp_highland_gloves" />
  <Item id="mp_armwraps" />
  <Itemless troop="mp_light_infantry_battania" slot="Gloves" />
  <Itemless troop="mp_skirmisher_battania" slot="Gloves" />
  <Itemless troop="mp_light_cavalry_battania" slot="Gloves" />
  <Itemless troop="mp_light_ranged_battania" slot="Gloves" />
  <Itemless troop="mp_light_ranged_sturgia" slot="Gloves" />
</Replace>
问题Replace #130: 有 5 个子元素
  父Cosmetic: mp_ragged_armwraps
  内容: <Replace>
  <Item id="mp_armwraps" />
  <Item id="mp_guarded_armwraps" />
  <Itemless troop="mp_light_ranged_battania" slot="Gloves" />
  <Itemless troop="mp_light_infantry_battania" slot="Gloves" />
  <Itemless troop="mp_light_cavalry_battania" slot="Gloves" />
</Replace>
问题Replace #131: 有 3 个子元素
  父Cosmetic: mp_battania_noble_bracers
  内容: <Replace>
  <Item id="mp_highland_gloves" />
  <Item id="mp_guarded_armwraps" />
  <Itemless troop="mp_skirmisher_battania" slot="Gloves" />
</Replace>
问题Replace #132: 有 7 个子元素
  父Cosmetic: mp_rough_tied_bracers
  内容: <Replace>
  <Item id="mp_guarded_armwraps" />
  <Item id="mp_studded_leather_vambraces" />
  <Item id="mp_plated_strip_gauntlets" />
  <Item id="mp_eastern_plated_leather_vambraces" />
  <Itemless troop="mp_light_infantry_battania" slot="Gloves" />
  <Itemless troop="mp_light_cavalry_aserai" slot="Gloves" />
  <Itemless troop="mp_light_cavalry_sturgia" slot="Gloves" />
</Replace>
问题Replace #133: 有 2 个子元素
  父Cosmetic: mp_wrapped_leather_boots
  内容: <Replace>
  <Item id="mp_highland_leg_wrappings" />
  <Item id="mp_battania_leather_boots" />
</Replace>
问题Replace #134: 有 4 个子元素
  父Cosmetic: mp_highland_boots
  内容: <Replace>
  <Item id="mp_battania_fur_boots" />
  <Item id="mp_battania_leather_boots" />
  <Item id="mp_wrapped_leather_boots" />
  <Item id="mp_highland_leg_wrappings" />
</Replace>
问题Replace #135: 有 5 个子元素
  父Cosmetic: mp_battania_fur_boots
  内容: <Replace>
  <Item id="mp_plated_strip_boots" />
  <Item id="mp_highland_boots" />
  <Item id="mp_wrapped_leather_boots" />
  <Item id="mp_highland_leg_wrappings" />
  <Item id="mp_battania_leather_boots" />
</Replace>
问题Replace #136: 有 5 个子元素
  父Cosmetic: mp_battania_woodland_boots
  内容: <Replace>
  <Item id="mp_plated_strip_boots" />
  <Item id="mp_highland_boots" />
  <Item id="mp_wrapped_leather_boots" />
  <Item id="mp_highland_leg_wrappings" />
  <Item id="mp_battania_leather_boots" />
</Replace>
问题Replace #137: 有 4 个子元素
  父Cosmetic: mp_battania_leather_boots
  内容: <Replace>
  <Item id="mp_plated_strip_boots" />
  <Item id="mp_highland_boots" />
  <Item id="mp_wrapped_leather_boots" />
  <Item id="mp_highland_leg_wrappings" />
</Replace>
问题Replace #138: 有 5 个子元素
  父Cosmetic: mp_ragged_boots
  内容: <Replace>
  <Item id="mp_plated_strip_boots" />
  <Item id="mp_highland_boots" />
  <Item id="mp_wrapped_leather_boots" />
  <Item id="mp_highland_leg_wrappings" />
  <Item id="mp_battania_leather_boots" />
</Replace>
问题Replace #139: 有 2 个子元素
  父Cosmetic: mp_rough_tied_boots
  内容: <Replace>
  <Item id="mp_battania_fur_boots" />
  <Item id="mp_battania_woodland_boots" />
</Replace>
问题Replace #146: 有 2 个子元素
  父Cosmetic: mp_imperial_lamellar_over_leather
  内容: <Replace>
  <Item id="mp_legionary_mail" />
  <Item id="mp_basic_imperial_leather_armor" />
</Replace>
问题Replace #147: 有 5 个子元素
  父Cosmetic: mp_northern_brass_lamellar_over_mail
  内容: <Replace>
  <Item id="mp_imperial_lamellar_over_leather" />
  <Item id="mp_legionary_mail" />
  <Item id="mp_imperial_lamellar" />
  <Item id="mp_nordic_hauberk" />
  <Item id="mp_eastern_lamellar_armor" />
</Replace>
问题Replace #148: 有 3 个子元素
  父Cosmetic: mp_lamellar_with_scale_skirt
  内容: <Replace>
  <Item id="mp_imperial_lamellar_over_leather" />
  <Item id="mp_legionary_mail" />
  <Item id="mp_imperial_lamellar" />
</Replace>
问题Replace #159: 有 2 个子元素
  父Cosmetic: mp_pilgrim_hood
  内容: <Replace>
  <Item id="mp_laced_coif" />
  <Item id="mp_battania_civil_hood" />
</Replace>
问题Replace #167: 有 2 个子元素
  父Cosmetic: mp_segmented_cervelliere_over_padded_cloth
  内容: <Replace>
  <Itemless troop="mp_shock_infantry_empire" slot="Head" />
  <Item id="mp_segmented_skullcap_over_laced_coif" />
</Replace>
问题Replace #170: 有 3 个子元素
  父Cosmetic: mp_ironlame_roundkettle_over_imperial_mail
  内容: <Replace>
  <Item id="mp_segmented_cervelliere_over_padded_cloth" />
  <Itemless troop="mp_shock_infantry_empire" slot="Head" />
  <Item id="mp_open_mail_coif" />
</Replace>
问题Replace #178: 有 2 个子元素
  父Cosmetic: mp_imperial_lamellar_shoulders
  内容: <Replace>
  <Item id="mp_pauldron_cape_a" />
  <Item id="mp_studded_imperial_neckguard" />
</Replace>
问题Replace #181: 有 2 个子元素
  父Cosmetic: mp_varangian_bra_scale
  内容: <Replace>
  <Item id="mp_empire_warrior_padded_armor_shoulder" />
  <Item id="mp_studded_imperial_neckguard" />
</Replace>
问题Replace #182: 有 2 个子元素
  父Cosmetic: mp_varangian_bra_royal
  内容: <Replace>
  <Item id="mp_empire_warrior_padded_armor_shoulder" />
  <Item id="mp_studded_imperial_neckguard" />
</Replace>
问题Replace #183: 有 2 个子元素
  父Cosmetic: mp_pauldron_cape_a
  内容: <Replace>
  <Item id="mp_empire_warrior_padded_armor_shoulder" />
  <Item id="mp_studded_imperial_neckguard" />
</Replace>
问题Replace #184: 有 2 个子元素
  父Cosmetic: mp_pauldron_cape_b
  内容: <Replace>
  <Item id="mp_padded_leather_shoulders" />
  <Item id="mp_hood" />
</Replace>
问题Replace #185: 有 7 个子元素
  父Cosmetic: mp_leather_gloves
  内容: <Replace>
  <Itemless troop="mp_shock_infantry_sturgia" slot="Gloves" />
  <Itemless troop="mp_light_infantry_sturgia" slot="Gloves" />
  <Itemless troop="mp_light_ranged_empire" slot="Gloves" />
  <Itemless troop="mp_light_ranged_vlandia" slot="Gloves" />
  <Itemless troop="mp_light_infantry_vlandia" slot="Gloves" />
  <Itemless troop="mp_shock_infantry_empire" slot="Gloves" />
  <Itemless troop="mp_light_ranged_sturgia" slot="Gloves" />
</Replace>
问题Replace #186: 有 2 个子元素
  父Cosmetic: mp_padded_vambrace
  内容: <Replace>
  <Itemless troop="mp_shock_infantry_empire" slot="Gloves" />
  <Itemless troop="mp_skirmisher_empire" slot="Gloves" />
</Replace>
问题Replace #187: 有 3 个子元素
  父Cosmetic: mp_padded_mitten
  内容: <Replace>
  <Itemless troop="mp_shock_infantry_empire" slot="Gloves" />
  <Itemless troop="mp_skirmisher_empire" slot="Gloves" />
  <Itemless troop="mp_light_infantry_vlandia" slot="Gloves" />
</Replace>
问题Replace #188: 有 9 个子元素
  父Cosmetic: mp_guarded_padded_vambrace
  内容: <Replace>
  <Item id="mp_leather_gloves" />
  <Item id="mp_eastern_plated_leather_vambraces" />
  <Itemless troop="mp_heavy_infantry_khuzait" slot="Gloves" />
  <Itemless troop="mp_shock_infantry_empire" slot="Gloves" />
  <Itemless troop="mp_light_cavalry_vlandia" slot="Gloves" />
  <Itemless troop="mp_light_ranged_vlandia" slot="Gloves" />
  <Itemless troop="mp_light_ranged_empire" slot="Gloves" />
  <Itemless troop="mp_light_ranged_aserai" slot="Gloves" />
  <Itemless troop="mp_light_infantry_aserai" slot="Gloves" />
</Replace>
问题Replace #189: 有 2 个子元素
  父Cosmetic: mp_mail_mitten
  内容: <Replace>
  <Item id="mp_leather_gloves" />
  <Item id="mp_padded_mitten" />
</Replace>
问题Replace #190: 有 3 个子元素
  父Cosmetic: mp_reinforced_padded_mitten
  内容: <Replace>
  <Itemless troop="mp_shock_infantry_empire" slot="Gloves" />
  <Itemless troop="mp_light_cavalry_vlandia" slot="Gloves" />
  <Item id="mp_padded_mitten" />
</Replace>
问题Replace #192: 有 2 个子元素
  父Cosmetic: mp_decorated_imperial_gauntlets
  内容: <Replace>
  <Item id="mp_reinforced_leather_vambraces" />
  <Item id="mp_lamellar_plate_gauntlets" />
</Replace>
问题Replace #194: 有 7 个子元素
  父Cosmetic: mp_plated_strip_gauntlets
  内容: <Replace>
  <Item id="mp_reinforced_leather_vambraces" />
  <Item id="mp_lamellar_plate_gauntlets" />
  <Item id="mp_studded_leather_vambraces" />
  <Item id="mp_northern_brass_bracers" />
  <Item id="mp_eastern_plated_leather_vambraces" />
  <Itemless troop="mp_shock_infantry_aserai" slot="Gloves" />
  <Itemless troop="mp_light_cavalry_sturgia" slot="Gloves" />
</Replace>
问题Replace #195: 有 3 个子元素
  父Cosmetic: mp_fine_town_boots
  内容: <Replace>
  <Item id="mp_empire_horseman_boots" />
  <Item id="mp_leather_cavalier_boots" />
  <Item id="mp_steppe_leather_boots" />
</Replace>
问题Replace #196: 有 2 个子元素
  父Cosmetic: mp_empire_horseman_boots
  内容: <Replace>
  <Item id="mp_leather_cavalier_boots" />
  <Item id="mp_steppe_leather_boots" />
</Replace>
问题Replace #197: 有 3 个子元素
  父Cosmetic: mp_folded_town_boots
  内容: <Replace>
  <Item id="mp_empire_horseman_boots" />
  <Item id="mp_leather_cavalier_boots" />
  <Item id="mp_steppe_leather_boots" />
</Replace>
问题Replace #198: 有 6 个子元素
  父Cosmetic: mp_plated_strip_boots
  内容: <Replace>
  <Item id="mp_leather_cavalier_boots" />
  <Item id="mp_decorated_imperial_boots" />
  <Item id="mp_lamellar_plate_boots" />
  <Item id="mp_wrapped_shoes" />
  <Item id="mp_steppe_leather_boots" />
  <Item id="mp_battania_leather_boots" />
</Replace>
问题Replace #199: 有 3 个子元素
  父Cosmetic: mp_decorated_imperial_boots
  内容: <Replace>
  <Item id="mp_lamellar_plate_boots" />
  <Item id="mp_fine_town_boots" />
  <Item id="mp_mail_chausses" />
</Replace>
问题Replace #208: 有 4 个子元素
  父Cosmetic: mp_brass_lamellar_over_mail
  内容: <Replace>
  <Item id="mp_eastern_lamellar_armor" />
  <Item id="mp_southern_lamellar_armor" />
  <Item id="mp_stitched_leather_over_mail" />
  <Item id="mp_khuzait_sturdy_armor" />
</Replace>
问题Replace #211: 有 2 个子元素
  父Cosmetic: mp_crude_leather_armor
  内容: <Replace>
  <Item id="mp_tassled_southern_robes" />
  <Item id="mp_khuzait_belt_leather" />
</Replace>
问题Replace #213: 有 2 个子元素
  父Cosmetic: mp_ringed_desert_armor
  内容: <Replace>
  <Item id="mp_aserai_robe_c_chain" />
  <Item id="mp_eastern_plated_leather" />
</Replace>
问题Replace #223: 有 2 个子元素
  父Cosmetic: mp_loose_wrapped_desert_helmet
  内容: <Replace>
  <Item id="mp_open_desert_helmet" />
  <Item id="mp_aserai_civil_hscarf_a" />
</Replace>
问题Replace #225: 有 2 个子元素
  父Cosmetic: mp_closed_desert_helmet
  内容: <Replace>
  <Item id="mp_open_desert_helmet" />
  <Item id="mp_aserai_civil_hscarf_a" />
</Replace>
问题Replace #232: 有 2 个子元素
  父Cosmetic: mp_a_battania_cloak_a
  内容: <Replace>
  <Itemless troop="mp_light_ranged_aserai" slot="Cape" />
  <Item id="mp_empire_warrior_padded_armor_shoulder" />
</Replace>
问题Replace #234: 有 5 个子元素
  父Cosmetic: mp_buttoned_leather_bracers
  内容: <Replace>
  <Itemless troop="mp_skirmisher_aserai" slot="Gloves" />
  <Itemless troop="mp_light_ranged_aserai" slot="Gloves" />
  <Itemless troop="mp_light_infantry_aserai" slot="Gloves" />
  <Itemless troop="mp_light_ranged_sturgia" slot="Gloves" />
  <Itemless troop="mp_light_infantry_khuzait" slot="Gloves" />
</Replace>
问题Replace #235: 有 3 个子元素
  父Cosmetic: mp_strapped_leather_bracers
  内容: <Replace>
  <Itemless troop="mp_skirmisher_aserai" slot="Gloves" />
  <Itemless troop="mp_light_ranged_aserai" slot="Gloves" />
  <Itemless troop="mp_light_infantry_sturgia" slot="Gloves" />
</Replace>
问题Replace #236: 有 2 个子元素
  父Cosmetic: mp_woven_leather_bracers
  内容: <Replace>
  <Item id="mp_studded_leather_vambraces" />
  <Itemless troop="mp_light_cavalry_aserai" slot="Gloves" />
</Replace>
问题Replace #237: 有 4 个子元素
  父Cosmetic: mp_mail_chausses
  内容: <Replace>
  <Item id="mp_plated_strip_boots" />
  <Item id="mp_leather_cavalier_boots" />
  <Item id="mp_fine_town_boots" />
  <Item id="mp_mail_cavalier_boots" />
</Replace>
问题Replace #241: 有 2 个子元素
  父Cosmetic: mp_eastern_plated_leather
  内容: <Replace>
  <Item id="mp_eastern_stitched_leather_coat" />
  <Item id="mp_khuzait_fortified_armor" />
</Replace>
问题Replace #242: 有 2 个子元素
  父Cosmetic: mp_eastern_plated_leather_vest
  内容: <Replace>
  <Item id="mp_eastern_stitched_leather_coat" />
  <Item id="mp_khuzait_fortified_armor" />
</Replace>
问题Replace #243: 有 2 个子元素
  父Cosmetic: mp_khuzait_lamellar_strapped
  内容: <Replace>
  <Item id="mp_khuzait_sturdy_armor" />
  <Item id="mp_khuzait_belt_leather" />
</Replace>
问题Replace #244: 有 3 个子元素
  父Cosmetic: mp_studded_leather_over_aketon
  内容: <Replace>
  <Item id="mp_eastern_stitched_leather_coat" />
  <Item id="mp_khuzait_fortified_armor" />
  <Item id="mp_layered_leather_tunic" />
</Replace>
问题Replace #247: 有 2 个子元素
  父Cosmetic: mp_khuzait_sturdy_armor
  内容: <Replace>
  <Item id="mp_leather_lamellar_armor" />
  <Item id="mp_khuzait_belt_leather" />
</Replace>
问题Replace #248: 有 2 个子元素
  父Cosmetic: mp_plumed_lamellar_helmet
  内容: <Replace>
  <Item id="mp_steppe_helmet" />
  <Item id="mp_nomad_helmet" />
</Replace>
问题Replace #249: 有 3 个子元素
  父Cosmetic: mp_plumed_nomad_helmet
  内容: <Replace>
  <Item id="mp_steppe_helmet" />
  <Item id="mp_nomad_helmet" />
  <Item id="mp_plumed_lamellar_helmet" />
</Replace>
问题Replace #259: 有 2 个子元素
  父Cosmetic: mp_eastern_studded_shoulders
  内容: <Replace>
  <Item id="mp_leather_lamellar_shoulders" />
  <Item id="mp_desert_leather_shoulderpad" />
</Replace>
问题Replace #263: 有 2 个子元素
  父Cosmetic: mp_brass_lamellar_shoulder
  内容: <Replace>
  <Item id="mp_lamellar_shoulders" />
  <Itemless troop="mp_heavy_cavalry_aserai" slot="Cape" />
</Replace>
问题Replace #264: 有 2 个子元素
  父Cosmetic: mp_eastern_plated_leather_vambraces
  内容: <Replace>
  <Item id="mp_buttoned_leather_bracers" />
  <Itemless troop="mp_heavy_infantry_khuzait" slot="Gloves" />
</Replace>
问题Replace #265: 有 2 个子元素
  父Cosmetic: mp_eastern_wrapped_armguards
  内容: <Replace>
  <Item id="mp_buttoned_leather_bracers" />
  <Itemless troop="mp_light_infantry_khuzait" slot="Gloves" />
</Replace>
问题Replace #266: 有 3 个子元素
  父Cosmetic: mp_steppe_leather_vambraces
  内容: <Replace>
  <Item id="mp_buttoned_leather_bracers" />
  <Item id="mp_eastern_plated_leather_vambraces" />
  <Itemless troop="mp_heavy_infantry_khuzait" slot="Gloves" />
</Replace>
问题Replace #267: 有 4 个子元素
  父Cosmetic: mp_studded_leather_vambraces
  内容: <Replace>
  <Item id="mp_buttoned_leather_bracers" />
  <Itemless troop="mp_light_cavalry_aserai" slot="Gloves" />
  <Itemless troop="mp_light_cavalry_sturgia" slot="Gloves" />
  <Itemless troop="mp_heavy_infantry_khuzait" slot="Gloves" />
</Replace>
问题Replace #268: 有 3 个子元素
  父Cosmetic: mp_studded_vambraces
  内容: <Replace>
  <Item id="mp_buttoned_leather_bracers" />
  <Itemless troop="mp_light_infantry_khuzait" slot="Gloves" />
  <Itemless troop="mp_heavy_infantry_khuzait" slot="Gloves" />
</Replace>
问题Replace #269: 有 2 个子元素
  父Cosmetic: mp_woven_leather_boots
  内容: <Replace>
  <Item id="mp_steppe_leather_boots" />
  <Item id="mp_khuzait_curved_boots" />
</Replace>
问题Replace #270: 有 4 个子元素
  父Cosmetic: mp_eastern_leather_boots
  内容: <Replace>
  <Item id="mp_steppe_leather_boots" />
  <Item id="mp_leather_cavalier_boots" />
  <Item id="mp_khuzait_curved_boots" />
  <Item id="mp_woven_leather_boots" />
</Replace>
问题Replace #271: 有 5 个子元素
  父Cosmetic: mp_khuzait_curved_boots
  内容: <Replace>
  <Item id="mp_eastern_leather_boots" />
  <Item id="mp_steppe_leather_boots" />
  <Item id="mp_leather_cavalier_boots" />
  <Item id="mp_woven_leather_boots" />
  <Item id="mp_leather_boots" />
</Replace>
问题Replace #272: 有 5 个子元素
  父Cosmetic: mp_leather_boots
  内容: <Replace>
  <Item id="mp_eastern_leather_boots" />
  <Item id="mp_steppe_leather_boots" />
  <Item id="mp_leather_cavalier_boots" />
  <Item id="mp_khuzait_curved_boots" />
  <Item id="mp_woven_leather_boots" />
</Replace>
问题Replace #273: 有 4 个子元素
  父Cosmetic: mp_steppe_leather_boots
  内容: <Replace>
  <Item id="mp_eastern_leather_boots" />
  <Item id="mp_leather_cavalier_boots" />
  <Item id="mp_khuzait_curved_boots" />
  <Item id="mp_woven_leather_boots" />
</Replace>
问题Replace #278: 有 2 个子元素
  父Cosmetic: mp_northern_leather_tabard
  内容: <Replace>
  <Item id="mp_heavy_nordic_coat" />
  <Item id="mp_northern_lamellar_armor" />
</Replace>
问题Replace #280: 有 2 个子元素
  父Cosmetic: mp_northern_padded_cloth
  内容: <Replace>
  <Item id="mp_battania_civil_b" />
  <Item id="mp_nordic_padded_cloth" />
</Replace>
问题Replace #286: 有 3 个子元素
  父Cosmetic: mp_sturgian_lamellar_base
  内容: <Replace>
  <Item id="mp_northern_brass_lamellar_over_mail" />
  <Item id="mp_nordic_lamellar_armor" />
  <Item id="mp_nordic_hauberk" />
</Replace>
问题Replace #287: 有 3 个子元素
  父Cosmetic: mp_sturgian_lamellar_gambeson
  内容: <Replace>
  <Item id="mp_northern_brass_lamellar_over_mail" />
  <Item id="mp_nordic_lamellar_armor" />
  <Item id="mp_nordic_hauberk" />
</Replace>
问题Replace #288: 有 2 个子元素
  父Cosmetic: mp_sturgian_lamellar_fortified
  内容: <Replace>
  <Item id="mp_northern_brass_lamellar_over_mail" />
  <Item id="mp_nordic_hauberk" />
</Replace>
问题Replace #289: 有 2 个子元素
  父Cosmetic: mp_sturgian_lamellar_gambeson_heavy
  内容: <Replace>
  <Item id="mp_northern_brass_lamellar_over_mail" />
  <Item id="mp_nordic_hauberk" />
</Replace>
问题Replace #291: 有 2 个子元素
  父Cosmetic: mp_sleeveless_studded_fur_armor
  内容: <Replace>
  <Item id="mp_armored_baggy_trunks" />
  <Item id="mp_battanian_savage_armor" />
</Replace>
问题Replace #297: 有 3 个子元素
  父Cosmetic: mp_nordic_fur_cap
  内容: <Replace>
  <Item id="mp_roughhide_cap" />
  <Item id="mp_fur_hat" />
  <Item id="mp_nordic_leather_cap" />
</Replace>
问题Replace #298: 有 4 个子元素
  父Cosmetic: mp_northern_fur_cap
  内容: <Replace>
  <Item id="mp_roughhide_cap" />
  <Item id="mp_nordic_leather_cap" />
  <Item id="mp_nordic_fur_cap" />
  <Item id="mp_fur_hat" />
</Replace>
问题Replace #299: 有 3 个子元素
  父Cosmetic: mp_roughhide_cap
  内容: <Replace>
  <Itemless troop="mp_light_ranged_sturgia" slot="Head" />
  <Item id="mp_fur_hat" />
  <Item id="mp_nordic_leather_cap" />
</Replace>
问题Replace #300: 有 2 个子元素
  父Cosmetic: mp_nasalhelm_over_leather
  内容: <Replace>
  <Item id="mp_nordic_fur_cap" />
  <Item id="mp_roughhide_cap" />
</Replace>
问题Replace #301: 有 4 个子元素
  父Cosmetic: mp_sturgian_helmet_base
  内容: <Replace>
  <Item id="mp_nordic_fur_cap" />
  <Item id="mp_nasalhelm_over_leather" />
  <Item id="mp_nasalhelm_over_mail" />
  <Item id="mp_roughhide_cap" />
</Replace>
问题Replace #308: 有 2 个子元素
  父Cosmetic: mp_sturgian_helmet_b_close
  内容: <Replace>
  <Item id="mp_sturgia_heavy_cavalry_helmet" />
  <Item id="mp_eastern_vendel_helmet" />
</Replace>
问题Replace #314: 有 2 个子元素
  父Cosmetic: mp_brass_lamellar_shoulder_white
  内容: <Replace>
  <Item id="mp_brass_scale_shoulders" />
  <Item id="mp_lamellar_shoulders" />
</Replace>
问题Replace #316: 有 2 个子元素
  父Cosmetic: mp_wolf_shoulder
  内容: <Replace>
  <Item id="mp_rough_bearskin" />
  <Item id="mp_battania_shoulder_strap" />
</Replace>
问题Replace #318: 有 2 个子元素
  父Cosmetic: mp_northern_plated_gloves
  内容: <Replace>
  <Item id="mp_plated_strip_gauntlets" />
  <Itemless troop="mp_light_cavalry_sturgia" slot="Gloves" />
</Replace>
问题Replace #319: 有 9 个子元素
  父Cosmetic: mp_highland_gloves
  内容: <Replace>
  <Item id="mp_guarded_armwraps" />
  <Item id="mp_armwraps" />
  <Itemless troop="mp_shock_infantry_sturgia" slot="Gloves" />
  <Itemless troop="mp_light_infantry_sturgia" slot="Gloves" />
  <Itemless troop="mp_skirmisher_sturgia" slot="Gloves" />
  <Itemless troop="mp_light_infantry_battania" slot="Gloves" />
  <Itemless troop="mp_skirmisher_battania" slot="Gloves" />
  <Itemless troop="mp_light_cavalry_battania" slot="Gloves" />
  <Itemless troop="mp_light_ranged_sturgia" slot="Gloves" />
</Replace>
问题Replace #320: 有 3 个子元素
  父Cosmetic: mp_roughtied_leather_bracers
  内容: <Replace>
  <Itemless troop="mp_skirmisher_sturgia" slot="Gloves" />
  <Itemless troop="mp_light_infantry_sturgia" slot="Gloves" />
  <Itemless troop="mp_light_cavalry_sturgia" slot="Gloves" />
</Replace>
问题Replace #321: 有 2 个子元素
  父Cosmetic: mp_northern_plated_boots
  内容: <Replace>
  <Item id="mp_plated_strip_boots" />
  <Item id="mp_battania_leather_boots" />
</Replace>
问题Replace #322: 有 4 个子元素
  父Cosmetic: mp_strapped_mail_chausses
  内容: <Replace>
  <Item id="mp_plated_strip_boots" />
  <Item id="mp_leather_cavalier_boots" />
  <Item id="mp_mail_chausses" />
  <Item id="mp_mail_cavalier_boots" />
</Replace>
空的Replace在Cosmetic #101: id=mp_battania_fur_helmet
空的Replace在Cosmetic #104: id=mp_ridged_northernhelm
空的Replace在Cosmetic #115: id=mp_wolfhead
空的Replace在Cosmetic #116: id=mp_bearhead
空的Replace在Cosmetic #163: id=mp_roundkettle_over_imperial_cloth
空的Replace在Cosmetic #164: id=mp_ironlame_nasalhelm_over_imperial_mail
空的Replace在Cosmetic #185: id=mp_leather_gloves
空的Replace在Cosmetic #186: id=mp_padded_vambrace
空的Replace在Cosmetic #187: id=mp_padded_mitten
空的Replace在Cosmetic #193: id=mp_northern_brass_bracers
空的Replace在Cosmetic #233: id=mp_leopard_pelt
空的Replace在Cosmetic #234: id=mp_buttoned_leather_bracers
空的Replace在Cosmetic #235: id=mp_strapped_leather_bracers
空的Replace在Cosmetic #315: id=mp_wrapped_scarf
空的Replace在Cosmetic #320: id=mp_roughtied_leather_bracers
模型中有Replace的Cosmetic数量: 323
模型中总Item数量: 488
不匹配的Cosmetic #101:
  ID: mp_battania_fur_helmet
  原始Item数量: 2
  模型Item数量: 0
  原始Replace: <Replace>
  <Itemless troop="mp_light_infantry_battania" slot="Head" />
  <Itemless troop="mp_shock_infantry_battania" slot="Head" />
</Replace>
不匹配的Cosmetic #102:
  ID: mp_battania_earmuff_helmet_a
  原始Item数量: 4
  模型Item数量: 1
  原始Replace: <Replace>
  <Item id="mp_battania_fur_helmet" />
  <Itemless troop="mp_light_infantry_battania" slot="Head" />
  <Itemless troop="mp_shock_infantry_battania" slot="Head" />
  <Itemless troop="mp_light_cavalry_battania" slot="Head" />
</Replace>
不匹配的Cosmetic #103:
  ID: mp_battania_earmuff_helmet_a_brnz
  原始Item数量: 3
  模型Item数量: 1
  原始Replace: <Replace>
  <Item id="mp_battania_fur_helmet" />
  <Itemless troop="mp_light_infantry_battania" slot="Head" />
  <Itemless troop="mp_shock_infantry_battania" slot="Head" />
</Replace>
不匹配的Cosmetic #104:
  ID: mp_ridged_northernhelm
  原始Item数量: 2
  模型Item数量: 0
  原始Replace: <Replace>
  <Itemless troop="mp_light_infantry_battania" slot="Head" />
  <Itemless troop="mp_light_cavalry_battania" slot="Head" />
</Replace>
不匹配的Cosmetic #105:
  ID: mp_battania_earmuff_helmet_b
  原始Item数量: 2
  模型Item数量: 1
  原始Replace: <Replace>
  <Item id="mp_ridged_northernhelm" />
  <Itemless troop="mp_light_infantry_battania" slot="Head" />
</Replace>
不匹配的Cosmetic #106:
  ID: mp_battania_earmuff_helmet_b_brnz
  原始Item数量: 2
  模型Item数量: 1
  原始Replace: <Replace>
  <Item id="mp_ridged_northernhelm" />
  <Itemless troop="mp_light_infantry_battania" slot="Head" />
</Replace>
不匹配的Cosmetic #115:
  ID: mp_wolfhead
  原始Item数量: 1
  模型Item数量: 0
  原始Replace: <Replace>
  <Itemless troop="mp_shock_infantry_battania" slot="Head" />
</Replace>
不匹配的Cosmetic #116:
  ID: mp_bearhead
  原始Item数量: 2
  模型Item数量: 0
  原始Replace: <Replace>
  <Itemless troop="mp_shock_infantry_battania" slot="Head" />
  <Itemless troop="mp_light_cavalry_battania" slot="Head" />
</Replace>
不匹配的Cosmetic #129:
  ID: mp_guarded_armwraps
  原始Item数量: 7
  模型Item数量: 2
  原始Replace: <Replace>
  <Item id="mp_highland_gloves" />
  <Item id="mp_armwraps" />
  <Itemless troop="mp_light_infantry_battania" slot="Gloves" />
  <Itemless troop="mp_skirmisher_battania" slot="Gloves" />
  <Itemless troop="mp_light_cavalry_battania" slot="Gloves" />
  <Itemless troop="mp_light_ranged_battania" slot="Gloves" />
  <Itemless troop="mp_light_ranged_sturgia" slot="Gloves" />
</Replace>
不匹配的Cosmetic #130:
  ID: mp_ragged_armwraps
  原始Item数量: 5
  模型Item数量: 2
  原始Replace: <Replace>
  <Item id="mp_armwraps" />
  <Item id="mp_guarded_armwraps" />
  <Itemless troop="mp_light_ranged_battania" slot="Gloves" />
  <Itemless troop="mp_light_infantry_battania" slot="Gloves" />
  <Itemless troop="mp_light_cavalry_battania" slot="Gloves" />
</Replace>
不匹配的Cosmetic #131:
  ID: mp_battania_noble_bracers
  原始Item数量: 3
  模型Item数量: 2
  原始Replace: <Replace>
  <Item id="mp_highland_gloves" />
  <Item id="mp_guarded_armwraps" />
  <Itemless troop="mp_skirmisher_battania" slot="Gloves" />
</Replace>
不匹配的Cosmetic #132:
  ID: mp_rough_tied_bracers
  原始Item数量: 7
  模型Item数量: 4
  原始Replace: <Replace>
  <Item id="mp_guarded_armwraps" />
  <Item id="mp_studded_leather_vambraces" />
  <Item id="mp_plated_strip_gauntlets" />
  <Item id="mp_eastern_plated_leather_vambraces" />
  <Itemless troop="mp_light_infantry_battania" slot="Gloves" />
  <Itemless troop="mp_light_cavalry_aserai" slot="Gloves" />
  <Itemless troop="mp_light_cavalry_sturgia" slot="Gloves" />
</Replace>
不匹配的Cosmetic #163:
  ID: mp_roundkettle_over_imperial_cloth
  原始Item数量: 1
  模型Item数量: 0
  原始Replace: <Replace>
  <Itemless troop="mp_shock_infantry_empire" slot="Head" />
</Replace>
不匹配的Cosmetic #164:
  ID: mp_ironlame_nasalhelm_over_imperial_mail
  原始Item数量: 1
  模型Item数量: 0
  原始Replace: <Replace>
  <Itemless troop="mp_shock_infantry_empire" slot="Head" />
</Replace>
不匹配的Cosmetic #167:
  ID: mp_segmented_cervelliere_over_padded_cloth
  原始Item数量: 2
  模型Item数量: 1
  原始Replace: <Replace>
  <Itemless troop="mp_shock_infantry_empire" slot="Head" />
  <Item id="mp_segmented_skullcap_over_laced_coif" />
</Replace>
不匹配的Cosmetic #170:
  ID: mp_ironlame_roundkettle_over_imperial_mail
  原始Item数量: 3
  模型Item数量: 2
  原始Replace: <Replace>
  <Item id="mp_segmented_cervelliere_over_padded_cloth" />
  <Itemless troop="mp_shock_infantry_empire" slot="Head" />
  <Item id="mp_open_mail_coif" />
</Replace>
不匹配的Cosmetic #185:
  ID: mp_leather_gloves
  原始Item数量: 7
  模型Item数量: 0
  原始Replace: <Replace>
  <Itemless troop="mp_shock_infantry_sturgia" slot="Gloves" />
  <Itemless troop="mp_light_infantry_sturgia" slot="Gloves" />
  <Itemless troop="mp_light_ranged_empire" slot="Gloves" />
  <Itemless troop="mp_light_ranged_vlandia" slot="Gloves" />
  <Itemless troop="mp_light_infantry_vlandia" slot="Gloves" />
  <Itemless troop="mp_shock_infantry_empire" slot="Gloves" />
  <Itemless troop="mp_light_ranged_sturgia" slot="Gloves" />
</Replace>
不匹配的Cosmetic #186:
  ID: mp_padded_vambrace
  原始Item数量: 2
  模型Item数量: 0
  原始Replace: <Replace>
  <Itemless troop="mp_shock_infantry_empire" slot="Gloves" />
  <Itemless troop="mp_skirmisher_empire" slot="Gloves" />
</Replace>
不匹配的Cosmetic #187:
  ID: mp_padded_mitten
  原始Item数量: 3
  模型Item数量: 0
  原始Replace: <Replace>
  <Itemless troop="mp_shock_infantry_empire" slot="Gloves" />
  <Itemless troop="mp_skirmisher_empire" slot="Gloves" />
  <Itemless troop="mp_light_infantry_vlandia" slot="Gloves" />
</Replace>
不匹配的Cosmetic #188:
  ID: mp_guarded_padded_vambrace
  原始Item数量: 9
  模型Item数量: 2
  原始Replace: <Replace>
  <Item id="mp_leather_gloves" />
  <Item id="mp_eastern_plated_leather_vambraces" />
  <Itemless troop="mp_heavy_infantry_khuzait" slot="Gloves" />
  <Itemless troop="mp_shock_infantry_empire" slot="Gloves" />
  <Itemless troop="mp_light_cavalry_vlandia" slot="Gloves" />
  <Itemless troop="mp_light_ranged_vlandia" slot="Gloves" />
  <Itemless troop="mp_light_ranged_empire" slot="Gloves" />
  <Itemless troop="mp_light_ranged_aserai" slot="Gloves" />
  <Itemless troop="mp_light_infantry_aserai" slot="Gloves" />
</Replace>
不匹配的Cosmetic #190:
  ID: mp_reinforced_padded_mitten
  原始Item数量: 3
  模型Item数量: 1
  原始Replace: <Replace>
  <Itemless troop="mp_shock_infantry_empire" slot="Gloves" />
  <Itemless troop="mp_light_cavalry_vlandia" slot="Gloves" />
  <Item id="mp_padded_mitten" />
</Replace>
不匹配的Cosmetic #193:
  ID: mp_northern_brass_bracers
  原始Item数量: 1
  模型Item数量: 0
  原始Replace: <Replace>
  <Itemless troop="mp_light_cavalry_sturgia" slot="Gloves" />
</Replace>
不匹配的Cosmetic #194:
  ID: mp_plated_strip_gauntlets
  原始Item数量: 7
  模型Item数量: 5
  原始Replace: <Replace>
  <Item id="mp_reinforced_leather_vambraces" />
  <Item id="mp_lamellar_plate_gauntlets" />
  <Item id="mp_studded_leather_vambraces" />
  <Item id="mp_northern_brass_bracers" />
  <Item id="mp_eastern_plated_leather_vambraces" />
  <Itemless troop="mp_shock_infantry_aserai" slot="Gloves" />
  <Itemless troop="mp_light_cavalry_sturgia" slot="Gloves" />
</Replace>
不匹配的Cosmetic #232:
  ID: mp_a_battania_cloak_a
  原始Item数量: 2
  模型Item数量: 1
  原始Replace: <Replace>
  <Itemless troop="mp_light_ranged_aserai" slot="Cape" />
  <Item id="mp_empire_warrior_padded_armor_shoulder" />
</Replace>
不匹配的Cosmetic #233:
  ID: mp_leopard_pelt
  原始Item数量: 1
  模型Item数量: 0
  原始Replace: <Replace>
  <Itemless troop="mp_desert_leather_shoulderpad" slot="Cape" />
</Replace>
不匹配的Cosmetic #234:
  ID: mp_buttoned_leather_bracers
  原始Item数量: 5
  模型Item数量: 0
  原始Replace: <Replace>
  <Itemless troop="mp_skirmisher_aserai" slot="Gloves" />
  <Itemless troop="mp_light_ranged_aserai" slot="Gloves" />
  <Itemless troop="mp_light_infantry_aserai" slot="Gloves" />
  <Itemless troop="mp_light_ranged_sturgia" slot="Gloves" />
  <Itemless troop="mp_light_infantry_khuzait" slot="Gloves" />
</Replace>
不匹配的Cosmetic #235:
  ID: mp_strapped_leather_bracers
  原始Item数量: 3
  模型Item数量: 0
  原始Replace: <Replace>
  <Itemless troop="mp_skirmisher_aserai" slot="Gloves" />
  <Itemless troop="mp_light_ranged_aserai" slot="Gloves" />
  <Itemless troop="mp_light_infantry_sturgia" slot="Gloves" />
</Replace>
不匹配的Cosmetic #236:
  ID: mp_woven_leather_bracers
  原始Item数量: 2
  模型Item数量: 1
  原始Replace: <Replace>
  <Item id="mp_studded_leather_vambraces" />
  <Itemless troop="mp_light_cavalry_aserai" slot="Gloves" />
</Replace>
不匹配的Cosmetic #263:
  ID: mp_brass_lamellar_shoulder
  原始Item数量: 2
  模型Item数量: 1
  原始Replace: <Replace>
  <Item id="mp_lamellar_shoulders" />
  <Itemless troop="mp_heavy_cavalry_aserai" slot="Cape" />
</Replace>
不匹配的Cosmetic #264:
  ID: mp_eastern_plated_leather_vambraces
  原始Item数量: 2
  模型Item数量: 1
  原始Replace: <Replace>
  <Item id="mp_buttoned_leather_bracers" />
  <Itemless troop="mp_heavy_infantry_khuzait" slot="Gloves" />
</Replace>
不匹配的Cosmetic #265:
  ID: mp_eastern_wrapped_armguards
  原始Item数量: 2
  模型Item数量: 1
  原始Replace: <Replace>
  <Item id="mp_buttoned_leather_bracers" />
  <Itemless troop="mp_light_infantry_khuzait" slot="Gloves" />
</Replace>
不匹配的Cosmetic #266:
  ID: mp_steppe_leather_vambraces
  原始Item数量: 3
  模型Item数量: 2
  原始Replace: <Replace>
  <Item id="mp_buttoned_leather_bracers" />
  <Item id="mp_eastern_plated_leather_vambraces" />
  <Itemless troop="mp_heavy_infantry_khuzait" slot="Gloves" />
</Replace>
不匹配的Cosmetic #267:
  ID: mp_studded_leather_vambraces
  原始Item数量: 4
  模型Item数量: 1
  原始Replace: <Replace>
  <Item id="mp_buttoned_leather_bracers" />
  <Itemless troop="mp_light_cavalry_aserai" slot="Gloves" />
  <Itemless troop="mp_light_cavalry_sturgia" slot="Gloves" />
  <Itemless troop="mp_heavy_infantry_khuzait" slot="Gloves" />
</Replace>
不匹配的Cosmetic #268:
  ID: mp_studded_vambraces
  原始Item数量: 3
  模型Item数量: 1
  原始Replace: <Replace>
  <Item id="mp_buttoned_leather_bracers" />
  <Itemless troop="mp_light_infantry_khuzait" slot="Gloves" />
  <Itemless troop="mp_heavy_infantry_khuzait" slot="Gloves" />
</Replace>
不匹配的Cosmetic #299:
  ID: mp_roughhide_cap
  原始Item数量: 3
  模型Item数量: 2
  原始Replace: <Replace>
  <Itemless troop="mp_light_ranged_sturgia" slot="Head" />
  <Item id="mp_fur_hat" />
  <Item id="mp_nordic_leather_cap" />
</Replace>
不匹配的Cosmetic #315:
  ID: mp_wrapped_scarf
  原始Item数量: 1
  模型Item数量: 0
  原始Replace: <Replace>
  <Itemless troop="mp_heavy_cavalry_aserai" slot="Cape" />
</Replace>
不匹配的Cosmetic #318:
  ID: mp_northern_plated_gloves
  原始Item数量: 2
  模型Item数量: 1
  原始Replace: <Replace>
  <Item id="mp_plated_strip_gauntlets" />
  <Itemless troop="mp_light_cavalry_sturgia" slot="Gloves" />
</Replace>
不匹配的Cosmetic #319:
  ID: mp_highland_gloves
  原始Item数量: 9
  模型Item数量: 2
  原始Replace: <Replace>
  <Item id="mp_guarded_armwraps" />
  <Item id="mp_armwraps" />
  <Itemless troop="mp_shock_infantry_sturgia" slot="Gloves" />
  <Itemless troop="mp_light_infantry_sturgia" slot="Gloves" />
  <Itemless troop="mp_skirmisher_sturgia" slot="Gloves" />
  <Itemless troop="mp_light_infantry_battania" slot="Gloves" />
  <Itemless troop="mp_skirmisher_battania" slot="Gloves" />
  <Itemless troop="mp_light_cavalry_battania" slot="Gloves" />
  <Itemless troop="mp_light_ranged_sturgia" slot="Gloves" />
</Replace>
不匹配的Cosmetic #320:
  ID: mp_roughtied_leather_bracers
  原始Item数量: 3
  模型Item数量: 0
  原始Replace: <Replace>
  <Itemless troop="mp_skirmisher_sturgia" slot="Gloves" />
  <Itemless troop="mp_light_infantry_sturgia" slot="Gloves" />
  <Itemless troop="mp_light_cavalry_sturgia" slot="Gloves" />
</Replace>
包含Replace的Cosmetic数量: 323
Cosmetic mp_battania_earmuff_helmet_a 同时包含Items(1)和Itemless(3)
Cosmetic mp_battania_earmuff_helmet_a_brnz 同时包含Items(1)和Itemless(2)
Cosmetic mp_battania_earmuff_helmet_b 同时包含Items(1)和Itemless(1)
Cosmetic mp_battania_earmuff_helmet_b_brnz 同时包含Items(1)和Itemless(1)
Cosmetic mp_guarded_armwraps 同时包含Items(2)和Itemless(5)
Cosmetic mp_ragged_armwraps 同时包含Items(2)和Itemless(3)
Cosmetic mp_battania_noble_bracers 同时包含Items(2)和Itemless(1)
Cosmetic mp_rough_tied_bracers 同时包含Items(4)和Itemless(3)
Cosmetic mp_segmented_cervelliere_over_padded_cloth 同时包含Items(1)和Itemless(1)
Cosmetic mp_ironlame_roundkettle_over_imperial_mail 同时包含Items(2)和Itemless(1)
Cosmetic mp_guarded_padded_vambrace 同时包含Items(2)和Itemless(7)
Cosmetic mp_reinforced_padded_mitten 同时包含Items(1)和Itemless(2)
Cosmetic mp_plated_strip_gauntlets 同时包含Items(5)和Itemless(2)
Cosmetic mp_a_battania_cloak_a 同时包含Items(1)和Itemless(1)
Cosmetic mp_woven_leather_bracers 同时包含Items(1)和Itemless(1)
Cosmetic mp_brass_lamellar_shoulder 同时包含Items(1)和Itemless(1)
Cosmetic mp_eastern_plated_leather_vambraces 同时包含Items(1)和Itemless(1)
Cosmetic mp_eastern_wrapped_armguards 同时包含Items(1)和Itemless(1)
Cosmetic mp_steppe_leather_vambraces 同时包含Items(2)和Itemless(1)
Cosmetic mp_studded_leather_vambraces 同时包含Items(1)和Itemless(3)
Cosmetic mp_studded_vambraces 同时包含Items(1)和Itemless(2)
Cosmetic mp_roughhide_cap 同时包含Items(2)和Itemless(1)
Cosmetic mp_northern_plated_gloves 同时包含Items(1)和Itemless(1)
Cosmetic mp_highland_gloves 同时包含Items(2)和Itemless(7)
Replace统计:
  只有Items: 284
  只有Itemless: 15
  两者都有: 24
  空Replace: 0
=== 元素统计 ===
原始XML - Item元素: 488, Itemless元素: 87
序列化XML - Item元素: 488, Itemless元素: 87
模型数据 - Items: 488, Itemless: 87
\n=== XML结构分析 ===
原始XML根节点子元素数量: 637
序列化XML根节点子元素数量: 637
原始Cosmetic元素: 586
序列化Cosmetic元素: 586
模型Cosmetic对象: 586
=== 最终分析结果 ===
原始节点数: 539, 序列化节点数: 539
原始属性数: 1220, 序列化属性数: 1220
节点差异: 0
属性差异: 0
=== facegen_reset_button 分析 ===
原始子元素数: 3
序列化子元素数: 3
原始子元素顺序: sub_widgets, sub_widgets, meshes
序列化子元素顺序: meshes, sub_widgets, sub_widgets
原始sub_widgets元素数: 2
序列化sub_widgets元素数: 2
原始sub_widget总数: 2
序列化sub_widget总数: 2
=== 统计信息 ===
原始widget总数: 113
序列化widget总数: 113
原始有多个sub_widgets的widget数: 1
序列化有多个sub_widgets的widget数: 1
  已通过 BannerlordModEditor.Common.Tests.HardCodedSoundsXmlTests.HardCodedSounds_ValidateDataIntegrity [< 1 ms]
  已通过 BannerlordModEditor.Common.Tests.HardCodedSoundsXmlTests.HardCodedSounds_CanDeserializeFromXml [< 1 ms]
  已通过 BannerlordModEditor.Common.Tests.MpcosmeticsDirectTest.Test_Direct_Xml_Serialization [1 ms]
  已通过 BannerlordModEditor.Common.Tests.MpcosmeticsDetailedDebugTest.Debug_Find_Problematic_Replace [4 ms]
  已通过 BannerlordModEditor.Common.Tests.MpcosmeticsDetailedAnalysisTest.Test_Mpcosmetics_Replace_Structure [2 ms]
  已通过 BannerlordModEditor.Common.Tests.MpcosmeticsDetailedAnalysisTest.Analyze_Mpcosmetics_Item_vs_Itemless_Issue [15 ms]
  已通过 BannerlordModEditor.Common.Tests.LooknfeelFinalAnalysisTest.Analyze_Final_Looknfeel_Issues [7 ms]
  已通过 BannerlordModEditor.Common.Tests.GlobalStringsXmlTests.GlobalStrings_ValidateDataIntegrity_ShouldPassBasicChecks [6 ms]
  已通过 BannerlordModEditor.Common.Tests.GlobalStringsXmlTests.GlobalStrings_LoadAndSave_ShouldBeLogicallyIdentical [3 ms]
原始XML长度: 1763305
序列化XML长度: 1532248
结构化相等: True
反序列化后的Cosmetic数量: 586
Cosmetic 1:
  Type: Clothing
  Id: mp_vlandia_chainmail
  Rarity: Rare
  Cost: 500
  Replace: 存在
  Replace.Items数量: 1
    Item 1: mp_white_coat_over_mail
Cosmetic 2:
  Type: Clothing
  Id: mp_white_coat_over_mail
  Rarity: Unique
  Cost: 1000
  Replace: 存在
  Replace.Items数量: 1
    Item 1: mp_vlandia_chainmail
Cosmetic 3:
  Type: Clothing
  Id: mp_coat_of_plates_over_mail
  Rarity: Unique
  Cost: 1000
  Replace: 存在
  Replace.Items数量: 1
    Item 1: mp_white_coat_over_mail
Cosmetic 4:
  Type: Clothing
  Id: mp_cloth_tunic
  Rarity: Rare
  Cost: 500
  Replace: 存在
  Replace.Items数量: 1
    Item 1: mp_bandit_leather_water_flask
Cosmetic 5:
  Type: Clothing
  Id: mp_aketon
  Rarity: Unique
  Cost: 1000
  Replace: 存在
  Replace.Items数量: 2
    Item 1: mp_bandit_leather_water_flask
    Item 2: mp_vlandia_bandit_a
序列化后的XML长度: 88067
序列化后的XML开头:
<?xml version="1.0" encoding="utf-8"?>
<Cosmetics>
  <Cosmetic cost="500" id="mp_vlandia_chainmail" rarity="Rare" type="Clothing">
    <Replace>
      <Item id="mp_white_coat_over_mail" />
    </Replace>
  </Cosmetic>
  <Cosmetic cost="1000" id="mp_white_coat_over_mail" rarity="Unique" type="Clothing">
    <Replace>
      <Item id="mp_vlandia_chainmail" />
    </Replace>
  </Cosmetic>
  <Cosmetic cost="1000" id="mp_coat_of_plates_over_mail" rarity="Unique" type="Clothing">
    <Replace>
      <I
  已通过 BannerlordModEditor.Common.Tests.WorldmapColorGradesXmlTests.WorldmapColorGrades_LoadAndSave_ShouldBeLogicallyIdentical [8 ms]
  已通过 BannerlordModEditor.Common.Tests.WorldmapColorGradesXmlTests.WorldmapColorGrades_ValidateDataIntegrity_ShouldPassBasicChecks [1 ms]
  已通过 BannerlordModEditor.Common.Tests.ItemModifiersGroupsXmlTests.ItemModifiersGroups_RoundTrip_StructuralEquality [5 ms]
  已通过 BannerlordModEditor.Common.Tests.ParticleSystemsSimpleTest.Simple_ParticleSystems_Test [371 ms]
  已通过 BannerlordModEditor.Common.Tests.NativeEquipmentSetsXmlTests.NativeEquipmentSets_LoadAndSave_ShouldBeLogicallyIdentical [5 ms]
  已通过 BannerlordModEditor.Common.Tests.NativeEquipmentSetsXmlTests.NativeEquipmentSets_EmptyFile_HandlesCorrectly [< 1 ms]
  已通过 BannerlordModEditor.Common.Tests.ParticleSystemsHardcodedMisc2XmlTests.ParticleSystemsHardcodedMisc2_RoundTrip_StructuralEquality [303 ms]
  已通过 BannerlordModEditor.Common.Tests.SkinnedDecalsXmlTests.SkinnedDecals_Deserialization_Works [14 ms]
  已通过 BannerlordModEditor.Common.Tests.MpcosmeticsObjectStateTest.Check_Object_State_After_Deserialization [5 ms]
=== 比较根元素 ===
Root1: MultiplayerScenes
Root2: MultiplayerScenes
=== 场景数量对比 ===
Original scenes: 39
Serialized scenes: 39
--- Scene 0 ---
Original name: 'mp_skirmish_spawn_test'
Serialized name: 'mp_skirmish_spawn_test'
Original GameTypes: 4
Serialized GameTypes: 4
  GameType 0: 'TeamDeathmatch' vs 'TeamDeathmatch'
  GameType 1: 'Battle' vs 'Battle'
  GameType 2: 'Captain' vs 'Captain'
  GameType 3: 'Skirmish' vs 'Skirmish'
--- Scene 1 ---
Original name: 'mp_troop_test_10m'
Serialized name: 'mp_troop_test_10m'
Original GameTypes: 1
Serialized GameTypes: 1
  GameType 0: 'Captain' vs 'Captain'
--- Scene 2 ---
Original name: 'mp_troop_test_50m'
Serialized name: 'mp_troop_test_50m'
Original GameTypes: 1
Serialized GameTypes: 1
  GameType 0: 'Captain' vs 'Captain'
--- Scene 3 ---
Original name: 'mp_troop_test_90m'
Serialized name: 'mp_troop_test_90m'
Original GameTypes: 1
Serialized GameTypes: 1
  GameType 0: 'Captain' vs 'Captain'
--- Scene 4 ---
Original name: 'mp_sergeant_map_007'
Serialized name: 'mp_sergeant_map_007'
Original GameTypes: 1
Serialized GameTypes: 1
  GameType 0: 'Captain' vs 'Captain'
--- Scene 5 ---
Original name: 'mp_sergeant_map_008'
Serialized name: 'mp_sergeant_map_008'
Original GameTypes: 1
Serialized GameTypes: 1
  GameType 0: 'Captain' vs 'Captain'
--- Scene 6 ---
Original name: 'mp_sergeant_map_009'
Serialized name: 'mp_sergeant_map_009'
Original GameTypes: 1
Serialized GameTypes: 1
  GameType 0: 'Captain' vs 'Captain'
--- Scene 7 ---
Original name: 'mp_sergeant_map_010'
Serialized name: 'mp_sergeant_map_010'
Original GameTypes: 1
Serialized GameTypes: 1
  GameType 0: 'Captain' vs 'Captain'
--- Scene 8 ---
Original name: 'mp_sergeant_map_012'
Serialized name: 'mp_sergeant_map_012'
Original GameTypes: 1
Serialized GameTypes: 1
  GameType 0: 'Captain' vs 'Captain'
--- Scene 9 ---
Original name: 'mp_sergeant_map_013'
Serialized name: 'mp_sergeant_map_013'
Original GameTypes: 1
Serialized GameTypes: 1
  GameType 0: 'Captain' vs 'Captain'
--- Scene 10 ---
Original name: 'mp_sergeant_map_vlandia_01'
Serialized name: 'mp_sergeant_map_vlandia_01'
Original GameTypes: 1
Serialized GameTypes: 1
  GameType 0: 'Captain' vs 'Captain'
--- Scene 11 ---
Original name: 'mp_sergeant_map_013'
Serialized name: 'mp_sergeant_map_013'
Original GameTypes: 1
Serialized GameTypes: 1
  GameType 0: 'Captain' vs 'Captain'
--- Scene 12 ---
Original name: 'mp_battle_map_001'
Serialized name: 'mp_battle_map_001'
Original GameTypes: 1
Serialized GameTypes: 1
  GameType 0: 'Battle' vs 'Battle'
--- Scene 13 ---
Original name: 'mp_battle_map_002'
Serialized name: 'mp_battle_map_002'
Original GameTypes: 1
Serialized GameTypes: 1
  GameType 0: 'Battle' vs 'Battle'
--- Scene 14 ---
Original name: 'mp_battle_map_003'
Serialized name: 'mp_battle_map_003'
Original GameTypes: 1
Serialized GameTypes: 1
  GameType 0: 'Battle' vs 'Battle'
--- Scene 15 ---
Original name: 'mp_skirmish_map_002f'
Serialized name: 'mp_skirmish_map_002f'
Original GameTypes: 2
Serialized GameTypes: 2
  GameType 0: 'Battle' vs 'Battle'
  GameType 1: 'Skirmish' vs 'Skirmish'
--- Scene 16 ---
Original name: 'mp_skirmish_map_003_skinc'
Serialized name: 'mp_skirmish_map_003_skinc'
Original GameTypes: 2
Serialized GameTypes: 2
  GameType 0: 'Battle' vs 'Battle'
  GameType 1: 'Skirmish' vs 'Skirmish'
--- Scene 17 ---
Original name: 'mp_skirmish_map_010'
Serialized name: 'mp_skirmish_map_010'
Original GameTypes: 2
Serialized GameTypes: 2
  GameType 0: 'Battle' vs 'Battle'
  GameType 1: 'Skirmish' vs 'Skirmish'
--- Scene 18 ---
Original name: 'mp_skirmish_map_007'
Serialized name: 'mp_skirmish_map_007'
Original GameTypes: 1
Serialized GameTypes: 1
  GameType 0: 'Skirmish' vs 'Skirmish'
--- Scene 19 ---
Original name: 'mp_skirmish_map_008_skin'
Serialized name: 'mp_skirmish_map_008_skin'
Original GameTypes: 1
Serialized GameTypes: 1
  GameType 0: 'Skirmish' vs 'Skirmish'
--- Scene 20 ---
Original name: 'mp_skirmish_map_009'
Serialized name: 'mp_skirmish_map_009'
Original GameTypes: 2
Serialized GameTypes: 2
  GameType 0: 'Battle' vs 'Battle'
  GameType 1: 'Skirmish' vs 'Skirmish'
--- Scene 21 ---
Original name: 'mp_skirmish_map_014'
Serialized name: 'mp_skirmish_map_014'
Original GameTypes: 2
Serialized GameTypes: 2
  GameType 0: 'Battle' vs 'Battle'
  GameType 1: 'Skirmish' vs 'Skirmish'
--- Scene 22 ---
Original name: 'mp_skirmish_map_020'
Serialized name: 'mp_skirmish_map_020'
Original GameTypes: 2
Serialized GameTypes: 2
  GameType 0: 'Battle' vs 'Battle'
  GameType 1: 'Skirmish' vs 'Skirmish'
--- Scene 23 ---
Original name: 'mp_duel_mode_map_004'
Serialized name: 'mp_duel_mode_map_004'
Original GameTypes: 1
Serialized GameTypes: 1
  GameType 0: 'Duel' vs 'Duel'
--- Scene 24 ---
Original name: 'mp_duel_001'
Serialized name: 'mp_duel_001'
Original GameTypes: 2
Serialized GameTypes: 2
  GameType 0: 'FreeForAll' vs 'FreeForAll'
  GameType 1: 'TeamDeathmatch' vs 'TeamDeathmatch'
--- Scene 25 ---
Original name: 'mp_tdm_map_001'
Serialized name: 'mp_tdm_map_001'
Original GameTypes: 1
Serialized GameTypes: 1
  GameType 0: 'TeamDeathmatch' vs 'TeamDeathmatch'
--- Scene 26 ---
Original name: 'mp_tdm_map_004a'
Serialized name: 'mp_tdm_map_004a'
Original GameTypes: 1
Serialized GameTypes: 1
  GameType 0: 'TeamDeathmatch' vs 'TeamDeathmatch'
--- Scene 27 ---
Original name: 'mp_tdm_map_001_spring'
Serialized name: 'mp_tdm_map_001_spring'
Original GameTypes: 1
Serialized GameTypes: 1
  GameType 0: 'TeamDeathmatch' vs 'TeamDeathmatch'
--- Scene 28 ---
Original name: 'mp_duel_002'
Serialized name: 'mp_duel_002'
Original GameTypes: 2
Serialized GameTypes: 2
  GameType 0: 'FreeForAll' vs 'FreeForAll'
  GameType 1: 'TeamDeathmatch' vs 'TeamDeathmatch'
--- Scene 29 ---
Original name: 'mp_compact'
Serialized name: 'mp_compact'
Original GameTypes: 2
Serialized GameTypes: 2
  GameType 0: 'FreeForAll' vs 'FreeForAll'
  GameType 1: 'TeamDeathmatch' vs 'TeamDeathmatch'
--- Scene 30 ---
Original name: 'mp_tdm_map_003'
Serialized name: 'mp_tdm_map_003'
Original GameTypes: 1
Serialized GameTypes: 1
  GameType 0: 'TeamDeathmatch' vs 'TeamDeathmatch'
--- Scene 31 ---
Original name: 'mp_siege_map_test'
Serialized name: 'mp_siege_map_test'
Original GameTypes: 1
Serialized GameTypes: 1
  GameType 0: 'Siege' vs 'Siege'
--- Scene 32 ---
Original name: 'mp_siege_map_004_rs'
Serialized name: 'mp_siege_map_004_rs'
Original GameTypes: 1
Serialized GameTypes: 1
  GameType 0: 'Siege' vs 'Siege'
--- Scene 33 ---
Original name: 'mp_siege_map_003'
Serialized name: 'mp_siege_map_003'
Original GameTypes: 1
Serialized GameTypes: 1
  GameType 0: 'Siege' vs 'Siege'
--- Scene 34 ---
Original name: 'mp_siege_map_005'
Serialized name: 'mp_siege_map_005'
Original GameTypes: 1
Serialized GameTypes: 1
  GameType 0: 'Siege' vs 'Siege'
--- Scene 35 ---
Original name: 'mp_siege_map_007_battania'
Serialized name: 'mp_siege_map_007_battania'
Original GameTypes: 1
Serialized GameTypes: 1
  GameType 0: 'Siege' vs 'Siege'
--- Scene 36 ---
Original name: 'mp_siege_map_009'
Serialized name: 'mp_siege_map_009'
Original GameTypes: 1
Serialized GameTypes: 1
  GameType 0: 'Siege' vs 'Siege'
--- Scene 37 ---
Original name: 'mp_siege_map_011_b'
Serialized name: 'mp_siege_map_011_b'
Original GameTypes: 1
Serialized GameTypes: 1
  GameType 0: 'Siege' vs 'Siege'
--- Scene 38 ---
Original name: 'mp_siege_map_012'
Serialized name: 'mp_siege_map_012'
Original GameTypes: 1
Serialized GameTypes: 1
  GameType 0: 'Siege' vs 'Siege'
=== XML字符串差异分析 ===
Original lines: 227
Serialized lines: 132
Line 3 differs:
  Original:  '	<!-- Test Maps -->'
  Serialized: '  <Scene name="mp_skirmish_spawn_test">'
Line 4 differs:
  Original:  '	<Scene'
  Serialized: '    <GameType name="TeamDeathmatch" />'
Line 5 differs:
  Original:  '		name="mp_skirmish_spawn_test">'
  Serialized: '    <GameType name="Battle" />'
Line 6 differs:
  Original:  '		<GameType'
  Serialized: '    <GameType name="Captain" />'
Line 7 differs:
  Original:  '			name="TeamDeathmatch" />'
  Serialized: '    <GameType name="Skirmish" />'
Line 8 differs:
  Original:  '		<GameType'
  Serialized: '  </Scene>'
Line 9 differs:
  Original:  '			name="Battle" />'
  Serialized: '  <Scene name="mp_troop_test_10m">'
Line 10 differs:
  Original:  '		<GameType'
  Serialized: '    <GameType name="Captain" />'
Line 11 differs:
  Original:  '			name="Captain" />'
  Serialized: '  </Scene>'
Line 12 differs:
  Original:  '		<GameType'
  Serialized: '  <Scene name="mp_troop_test_50m">'
...
=== 简化曲线序列化结果 ===
<?xml version="1.0" encoding="utf-8"?>
<particle_effects>
  <effect guid="{TEST-GUID-0000-0000-000000000001}" name="test_effect">
    <emitters>
      <emitter _index_="0" name="test_emitter">
        <parameters>
          <parameter name="test_parameter" value="1.0">
            <curve name="test_curve" version="1">
              <keys>
                <key time="0" value="0" />
                <key time="1" value="1" />
              </keys>
            </curve>
          </parameter>
        </parameters>
      </emitter>
    </emitters>
  </effect>
</particle_effects>
结构化对比结果: True
=== 空曲线参数序列化结果 ===
<?xml version="1.0" encoding="utf-8"?>
<particle_effects>
  <effect guid="{TEST-GUID-0000-0000-000000000002}" name="test_effect">
    <emitters>
      <emitter _index_="0" name="test_emitter">
        <parameters>
          <parameter name="test_parameter" value="1.0" />
        </parameters>
      </emitter>
    </emitters>
  </effect>
</particle_effects>
结构化对比结果: True
=== Looknfeel结构分析测试 ===
包含ref属性的元素数量: 104
包含size属性的元素数量: 109
包含position属性的元素数量: 94
包含style属性的元素数量: 59
\nsub_widget元素数量: 104
\nsub_widget属性:
  ref: text
  name: label
  size: (.80,0.0)(.60,0.0)
  position: (0.05,0.0)(0.23,0.0)
  style: singleline
  vertical_alignment: center
  horizontal_aligment: center
  text_color: 0xFF000000
  text_highlight_color: 0xFFFFDD00
  font_size: (0,28),(0,28)
\nsub_widget属性:
  ref: sample_button_new
  name: thumb
  position: (0.0,0),(0,0)
  size: (0.1,0),(1,0)
\nsub_widget属性:
  ref: sample_button_new
  name: thumb
  position: (0.0,0),(0,0)
  size: (0.05,0),(1.0,0)
\nmeshes元素数量: 94
\nmeshes元素 (应该没有属性):
  子元素: background_mesh
\nmeshes元素 (应该没有属性):
  子元素: button_mesh, button_pressed_mesh, highlight_mesh
\nmeshes元素 (应该没有属性):
  子元素: background_mesh
\n=== 序列化后分析 ===
包含ref属性的元素数量: 104
包含size属性的元素数量: 109
包含position属性的元素数量: 94
包含style属性的元素数量: 59
\n序列化后的meshes元素:
\n=== 问题确认 ===
错误获得sub_widget属性的meshes元素数量: 0
Original XML:
<?xml version="1.0" encoding="utf-8"?>
<MultiplayerScenes>
	<!-- Test Maps -->
	<Scene
		name="mp_skirmish_spawn_test">
		<GameType
			name="TeamDeathmatch" />
		<GameType
			name="Battle" />
		<GameType
			name="Captain" />
		<GameType
			name="Skirmish" />
	</Scene>
	<Scene
		name="mp_troop_test_10m">
		<GameType
			name="Captain" />
	</Scene>
	<Scene
		name="mp_troop_test_50m">
		<GameType
			name="Captain" />
	</Scene>
	<Scene
		name="mp_troop_test_90m">
		<GameType
			name="Captain" />
	</Scene>
	<!-- Captain Maps -->
	<Scene
		name="mp_sergeant_map_007">
		<GameType
			name="Captain" />
	</Scene>
	<Scene
		name="mp_sergeant_map_008">
		<GameType
			name="Captain" />
	</Scene>
	<Scene
		name="mp_sergeant_map_009">
		<GameType
			name="Captain" />
	</Scene>
	<Scene
		name="mp_sergeant_map_010">
		<GameType
			name="Captain" />
	</Scene>
	<Scene
		name="mp_sergeant_map_012">
		<GameType
			name="Captain" />
	</Scene>
	<Scene
		name="mp_sergeant_map_013">
		<GameType
			name="Captain" />
	</Scene>
	<Scene
		name="mp_sergeant_map_vlandia_01">
		<GameType
			name="Captain" />
	</Scene>
	<Scene
		name="mp_sergeant_map_013">
		<GameType
			name="Captain" />
	</Scene>
	<!-- Battle / Skirmish Maps -->
	<Scene
		name="mp_battle_map_001">
		<GameType
			name="Battle" />
	</Scene>
	<Scene
		name="mp_battle_map_002">
		<GameType
			name="Battle" />
	</Scene>
	<Scene
		name="mp_battle_map_003">
		<GameType
			name="Battle" />
	</Scene>
	<Scene
		name="mp_skirmish_map_002f">
		<GameType
			name="Battle" />
		<GameType
			name="Skirmish" />
	</Scene>
	<Scene
		name="mp_skirmish_map_003_skinc">
		<GameType
			name="Battle" />
		<GameType
			name="Skirmish" />
	</Scene>
	<Scene
		name="mp_skirmish_map_010">
		<GameType
			name="Battle" />
		<GameType
			name="Skirmish" />
	</Scene>
	<Scene
		name="mp_skirmish_map_007">
		<GameType
			name="Skirmish" />
	</Scene>
	<Scene
		name="mp_skirmish_map_008_skin">
		<GameType
			name="Skirmish" />
	</Scene>
	<Scene
		name="mp_skirmish_map_009">
		<GameType
			name="Battle" />
		<GameType
			name="Skirmish" />
	</Scene>
	<Scene
		name="mp_skirmish_map_014">
		<GameType
			name="Battle" />
		<GameType
			name="Skirmish" />
	</Scene>
	<Scene
		name="mp_skirmish_map_020">
		<GameType
			name="Battle" />
		<GameType
			name="Skirmish" />
	</Scene>
	<!-- TDM & Duel Maps -->
	<Scene
		name="mp_duel_mode_map_004">
		<GameType
			name="Duel" />
	</Scene>
	<Scene
		name="mp_duel_001">
		<GameType
			name="FreeForAll" />
		<GameType
			name="TeamDeathmatch" />
	</Scene>
	<Scene
		name="mp_tdm_map_001">
		<GameType
			name="TeamDeathmatch" />
	</Scene>
	<Scene
		name="mp_tdm_map_004a">
		<GameType
			name="TeamDeathmatch" />
	</Scene>
	<Scene
		name="mp_tdm_map_001_spring">
		<GameType
			name="TeamDeathmatch" />
	</Scene>
	<Scene
		name="mp_duel_002">
		<GameType
			name="FreeForAll" />
		<GameType
			name="TeamDeathmatch" />
	</Scene>
	<Scene
		name="mp_compact">
		<GameType
			name="FreeForAll" />
		<GameType
			name="TeamDeathmatch" />
	</Scene>
	<Scene
		name="mp_tdm_map_003">
		<GameType
			name="TeamDeathmatch" />
	</Scene>
	<!-- Siege Maps -->
	<Scene
		name="mp_siege_map_test">
		<GameType
			name="Siege" />
	</Scene>
	<Scene
		name="mp_siege_map_004_rs">
		<GameType
			name="Siege" />
	</Scene>
	<Scene
		name="mp_siege_map_003">
		<GameType
			name="Siege" />
	</Scene>
	<Scene
		name="mp_siege_map_005">
		<GameType
			name="Siege" />
	</Scene>
	<Scene
		name="mp_siege_map_007_battania">
		<GameType
			name="Siege" />
	</Scene>
	<Scene
		name="mp_siege_map_009">
		<GameType
			name="Siege" />
	</Scene>
	<Scene
		name="mp_siege_map_011_b">
		<GameType
			name="Siege" />
	</Scene>
	<Scene
		name="mp_siege_map_012">
		<GameType
			name="Siege" />
	</Scene>
</MultiplayerScenes>
Deserialized object - Scene count: 39
Serialized XML:
<?xml version="1.0" encoding="utf-8"?>
<MultiplayerScenes>
  <Scene name="mp_skirmish_spawn_test">
    <GameType name="TeamDeathmatch" />
    <GameType name="Battle" />
    <GameType name="Captain" />
    <GameType name="Skirmish" />
  </Scene>
  <Scene name="mp_troop_test_10m">
    <GameType name="Captain" />
  </Scene>
  <Scene name="mp_troop_test_50m">
    <GameType name="Captain" />
  </Scene>
  <Scene name="mp_troop_test_90m">
    <GameType name="Captain" />
  </Scene>
  <Scene name="mp_sergeant_map_007">
    <GameType name="Captain" />
  </Scene>
  <Scene name="mp_sergeant_map_008">
    <GameType name="Captain" />
  </Scene>
  <Scene name="mp_sergeant_map_009">
    <GameType name="Captain" />
  </Scene>
  <Scene name="mp_sergeant_map_010">
    <GameType name="Captain" />
  </Scene>
  <Scene name="mp_sergeant_map_012">
    <GameType name="Captain" />
  </Scene>
  <Scene name="mp_sergeant_map_013">
    <GameType name="Captain" />
  </Scene>
  <Scene name="mp_sergeant_map_vlandia_01">
    <GameType name="Captain" />
  </Scene>
  <Scene name="mp_sergeant_map_013">
    <GameType name="Captain" />
  </Scene>
  <Scene name="mp_battle_map_001">
    <GameType name="Battle" />
  </Scene>
  <Scene name="mp_battle_map_002">
    <GameType name="Battle" />
  </Scene>
  <Scene name="mp_battle_map_003">
    <GameType name="Battle" />
  </Scene>
  <Scene name="mp_skirmish_map_002f">
    <GameType name="Battle" />
    <GameType name="Skirmish" />
  </Scene>
  <Scene name="mp_skirmish_map_003_skinc">
    <GameType name="Battle" />
    <GameType name="Skirmish" />
  </Scene>
  <Scene name="mp_skirmish_map_010">
    <GameType name="Battle" />
    <GameType name="Skirmish" />
  </Scene>
  <Scene name="mp_skirmish_map_007">
    <GameType name="Skirmish" />
  </Scene>
  <Scene name="mp_skirmish_map_008_skin">
    <GameType name="Skirmish" />
  </Scene>
  <Scene name="mp_skirmish_map_009">
    <GameType name="Battle" />
    <GameType name="Skirmish" />
  </Scene>
  <Scene name="mp_skirmish_map_014">
    <GameType name="Battle" />
    <GameType name="Skirmish" />
  </Scene>
  <Scene name="mp_skirmish_map_020">
    <GameType name="Battle" />
    <GameType name="Skirmish" />
  </Scene>
  <Scene name="mp_duel_mode_map_004">
    <GameType name="Duel" />
  </Scene>
  <Scene name="mp_duel_001">
    <GameType name="FreeForAll" />
    <GameType name="TeamDeathmatch" />
  </Scene>
  <Scene name="mp_tdm_map_001">
    <GameType name="TeamDeathmatch" />
  </Scene>
  <Scene name="mp_tdm_map_004a">
    <GameType name="TeamDeathmatch" />
  </Scene>
  <Scene name="mp_tdm_map_001_spring">
    <GameType name="TeamDeathmatch" />
  </Scene>
  <Scene name="mp_duel_002">
    <GameType name="FreeForAll" />
    <GameType name="TeamDeathmatch" />
  </Scene>
  <Scene name="mp_compact">
    <GameType name="FreeForAll" />
    <GameType name="TeamDeathmatch" />
  </Scene>
  <Scene name="mp_tdm_map_003">
    <GameType name="TeamDeathmatch" />
  </Scene>
  <Scene name="mp_siege_map_test">
    <GameType name="Siege" />
  </Scene>
  <Scene name="mp_siege_map_004_rs">
    <GameType name="Siege" />
  </Scene>
  <Scene name="mp_siege_map_003">
    <GameType name="Siege" />
  </Scene>
  <Scene name="mp_siege_map_005">
    <GameType name="Siege" />
  </Scene>
  <Scene name="mp_siege_map_007_battania">
    <GameType name="Siege" />
  </Scene>
  <Scene name="mp_siege_map_009">
    <GameType name="Siege" />
  </Scene>
  <Scene name="mp_siege_map_011_b">
    <GameType name="Siege" />
  </Scene>
  <Scene name="mp_siege_map_012">
    <GameType name="Siege" />
  </Scene>
</MultiplayerScenes>
Comparing XMLs...
Are XMLs equal: False
XMLs are different!
Original scenes count: 39
Serialized scenes count: 39
Scene 0: name='mp_skirmish_spawn_test' gameTypes=4
Scene 1: name='mp_troop_test_10m' gameTypes=1
Scene 2: name='mp_troop_test_50m' gameTypes=1
Scene 3: name='mp_troop_test_90m' gameTypes=1
Scene 4: name='mp_sergeant_map_007' gameTypes=1
Scene 5: name='mp_sergeant_map_008' gameTypes=1
Scene 6: name='mp_sergeant_map_009' gameTypes=1
Scene 7: name='mp_sergeant_map_010' gameTypes=1
Scene 8: name='mp_sergeant_map_012' gameTypes=1
Scene 9: name='mp_sergeant_map_013' gameTypes=1
Scene 10: name='mp_sergeant_map_vlandia_01' gameTypes=1
Scene 11: name='mp_sergeant_map_013' gameTypes=1
Scene 12: name='mp_battle_map_001' gameTypes=1
Scene 13: name='mp_battle_map_002' gameTypes=1
Scene 14: name='mp_battle_map_003' gameTypes=1
Scene 15: name='mp_skirmish_map_002f' gameTypes=2
Scene 16: name='mp_skirmish_map_003_skinc' gameTypes=2
Scene 17: name='mp_skirmish_map_010' gameTypes=2
Scene 18: name='mp_skirmish_map_007' gameTypes=1
Scene 19: name='mp_skirmish_map_008_skin' gameTypes=1
Scene 20: name='mp_skirmish_map_009' gameTypes=2
Scene 21: name='mp_skirmish_map_014' gameTypes=2
Scene 22: name='mp_skirmish_map_020' gameTypes=2
Scene 23: name='mp_duel_mode_map_004' gameTypes=1
Scene 24: name='mp_duel_001' gameTypes=2
Scene 25: name='mp_tdm_map_001' gameTypes=1
Scene 26: name='mp_tdm_map_004a' gameTypes=1
Scene 27: name='mp_tdm_map_001_spring' gameTypes=1
Scene 28: name='mp_duel_002' gameTypes=2
Scene 29: name='mp_compact' gameTypes=2
Scene 30: name='mp_tdm_map_003' gameTypes=1
Scene 31: name='mp_siege_map_test' gameTypes=1
Scene 32: name='mp_siege_map_004_rs' gameTypes=1
Scene 33: name='mp_siege_map_003' gameTypes=1
Scene 34: name='mp_siege_map_005' gameTypes=1
Scene 35: name='mp_siege_map_007_battania' gameTypes=1
Scene 36: name='mp_siege_map_009' gameTypes=1
Scene 37: name='mp_siege_map_011_b' gameTypes=1
Scene 38: name='mp_siege_map_012' gameTypes=1
Scene 0: name='mp_skirmish_spawn_test' gameTypes=4
Scene 1: name='mp_troop_test_10m' gameTypes=1
Scene 2: name='mp_troop_test_50m' gameTypes=1
Scene 3: name='mp_troop_test_90m' gameTypes=1
Scene 4: name='mp_sergeant_map_007' gameTypes=1
Scene 5: name='mp_sergeant_map_008' gameTypes=1
Scene 6: name='mp_sergeant_map_009' gameTypes=1
Scene 7: name='mp_sergeant_map_010' gameTypes=1
Scene 8: name='mp_sergeant_map_012' gameTypes=1
Scene 9: name='mp_sergeant_map_013' gameTypes=1
Scene 10: name='mp_sergeant_map_vlandia_01' gameTypes=1
Scene 11: name='mp_sergeant_map_013' gameTypes=1
Scene 12: name='mp_battle_map_001' gameTypes=1
Scene 13: name='mp_battle_map_002' gameTypes=1
Scene 14: name='mp_battle_map_003' gameTypes=1
Scene 15: name='mp_skirmish_map_002f' gameTypes=2
Scene 16: name='mp_skirmish_map_003_skinc' gameTypes=2
Scene 17: name='mp_skirmish_map_010' gameTypes=2
Scene 18: name='mp_skirmish_map_007' gameTypes=1
Scene 19: name='mp_skirmish_map_008_skin' gameTypes=1
Scene 20: name='mp_skirmish_map_009' gameTypes=2
Scene 21: name='mp_skirmish_map_014' gameTypes=2
Scene 22: name='mp_skirmish_map_020' gameTypes=2
Scene 23: name='mp_duel_mode_map_004' gameTypes=1
Scene 24: name='mp_duel_001' gameTypes=2
Scene 25: name='mp_tdm_map_001' gameTypes=1
Scene 26: name='mp_tdm_map_004a' gameTypes=1
Scene 27: name='mp_tdm_map_001_spring' gameTypes=1
Scene 28: name='mp_duel_002' gameTypes=2
Scene 29: name='mp_compact' gameTypes=2
Scene 30: name='mp_tdm_map_003' gameTypes=1
Scene 31: name='mp_siege_map_test' gameTypes=1
Scene 32: name='mp_siege_map_004_rs' gameTypes=1
Scene 33: name='mp_siege_map_003' gameTypes=1
Scene 34: name='mp_siege_map_005' gameTypes=1
Scene 35: name='mp_siege_map_007_battania' gameTypes=1
Scene 36: name='mp_siege_map_009' gameTypes=1
Scene 37: name='mp_siege_map_011_b' gameTypes=1
Scene 38: name='mp_siege_map_012' gameTypes=1
[xUnit.net 00:00:10.01]       Assert.True() Failure
[xUnit.net 00:00:10.01]       Expected: True
[xUnit.net 00:00:10.01]       Actual:   False
[xUnit.net 00:00:10.01]       Stack Trace:
[xUnit.net 00:00:10.01]         /root/WorkSpace/CSharp/BannerlordModEditor/BannerlordModEditor.Common.Tests/DebugMultiplayerScenes.cs(68,0): at BannerlordModEditor.Common.Tests.DebugMultiplayerScenes.Debug_MultiplayerScenes_Serialization()
[xUnit.net 00:00:10.01]            at System.RuntimeMethodHandle.InvokeMethod(Object target, Void** arguments, Signature sig, Boolean isConstructor)
[xUnit.net 00:00:10.01]            at System.Reflection.MethodBaseInvoker.InvokeWithNoArgs(Object obj, BindingFlags invokeAttr)
  已通过 BannerlordModEditor.Common.Tests.DebugXmlFormatComparison.Debug_Xml_Format_Comparison [1 ms]
  已通过 BannerlordModEditor.Common.Tests.ParticleSystemsSimpleCurveTest.Test_Simple_Curve_Serialization [< 1 ms]
  已通过 BannerlordModEditor.Common.Tests.ParticleSystemsSimpleCurveTest.Test_Parameter_With_Empty_Curve [< 1 ms]
  已通过 BannerlordModEditor.Common.Tests.LooknfeelStructureAnalysisTest.Analyze_Looknfeel_Property_Misalignment_Issue [10 ms]
  已通过 BannerlordModEditor.Common.Tests.CombatParametersXmlTests.CombatParameters_PartFiles_RoundTrip_StructuralEquality(xmlPath: "TestData/combat_parameters_part2.xml") [< 1 ms]
  已通过 BannerlordModEditor.Common.Tests.CombatParametersXmlTests.CombatParameters_PartFiles_RoundTrip_StructuralEquality(xmlPath: "TestData/combat_parameters_part1.xml") [2 ms]
  已通过 BannerlordModEditor.Common.Tests.CombatParametersXmlTests.CombatParameters_RoundTrip_StructuralEquality [1 ms]
  失败 BannerlordModEditor.Common.Tests.DebugMultiplayerScenes.Debug_MultiplayerScenes_Serialization [< 1 ms]
  错误消息:
   Assert.True() Failure
Expected: True
Actual:   False
  堆栈跟踪:
     at BannerlordModEditor.Common.Tests.DebugMultiplayerScenes.Debug_MultiplayerScenes_Serialization() in /root/WorkSpace/CSharp/BannerlordModEditor/BannerlordModEditor.Common.Tests/DebugMultiplayerScenes.cs:line 68
   at System.RuntimeMethodHandle.InvokeMethod(Object target, Void** arguments, Signature sig, Boolean isConstructor)
   at System.Reflection.MethodBaseInvoker.InvokeWithNoArgs(Object obj, BindingFlags invokeAttr)
  已通过 BannerlordModEditor.Common.Tests.ParticleSystemsDOIntegrationTests.ParticleSystems_XmlEntities_Preserved_Correctly [< 1 ms]
内存使用: 10999KB
大文件处理性能 - 反序列化: 0ms, 序列化: 2ms
  已通过 BannerlordModEditor.Common.Tests.ParticleSystemsDOIntegrationTests.ParticleSystems_ComplexNestedStructure_Preserved_Correctly [< 1 ms]
  已通过 BannerlordModEditor.Common.Tests.ParticleSystemsDOIntegrationTests.ParticleSystems_MemoryUsage_Reasonable [30 ms]
  已通过 BannerlordModEditor.Common.Tests.ParticleSystemsDOIntegrationTests.ParticleSystems_MultipleEffects_Preserved_Correctly [< 1 ms]
  已通过 BannerlordModEditor.Common.Tests.ParticleSystemsDOIntegrationTests.ParticleSystems_FullXmlFile_RoundTrip_Success [359 ms]
  已通过 BannerlordModEditor.Common.Tests.ParticleSystemsDOIntegrationTests.ParticleSystems_LargeXml_Handled_Efficiently [5 ms]
  已通过 BannerlordModEditor.Common.Tests.ParticleSystemsDOIntegrationTests.ParticleSystems_EmptyXml_Handled_Correctly [< 1 ms]
  已通过 BannerlordModEditor.Common.Tests.ParticleSystemsDOIntegrationTests.ParticleSystems_MalformedXml_Throws_Exception [< 1 ms]
  已通过 BannerlordModEditor.Common.Tests.ParticleSystemsDOIntegrationTests.ParticleSystems_NullInput_Throws_Exception [< 1 ms]
  已通过 BannerlordModEditor.Common.Tests.ParticleSystemsDOIntegrationTests.ParticleSystems_SpecialCharacters_Preserved_Correctly [< 1 ms]
=== ItemModifiers 节点差异分析 ===
原始节点总数: 95
序列化节点总数: 95
节点差异: 0
=== 按元素名称统计 ===
=== XML 声明比较 ===
原始: version=1.0, encoding=utf-8, standalone=
序列化: version=1.0, encoding=utf-8, standalone=
=== 注释比较 ===
原始注释数: 20
序列化注释数: 20
=== 调试信息 ===
原始节点数: 95, 序列化节点数: 95
原始属性数: 840, 序列化属性数: 840
属性差异: 0
Materials count: 8
Monsters count: 10
First material ID: wood_weapon
First material collision infos count: 2
First collision info second material: wood_shield
First collision info effects count: 1
First effect particle: 'psys_game_empty_particle'
First effect decal: ''
First effect sound: ''
Files saved for inspection
=== 原始XML ===
<?xml version="1.0" encoding="utf-8"?>
<ArrayOfAttributeData xmlns:xsi="http://www.w3.org/2001/XMLSchema-instance" xmlns:xsd="http://www.w3.org/2001/XMLSchema">
	<AttributeData
		id="AgentHitPoints"
		Name="HitPoints"
		Source="Character">
		<Documentation>Hit points of an agent.</Documentation>
	</AttributeData>
	<AttributeData
		id="AgentRunningSpeed"
		Name="Running Speed"
		Source="Character">
		<Documentation>Running speed of an agent.</Documentation>
	</AttributeData>
	<AttributeData
		id="AgentStrength"
		Name="Strength"
		Source="Character">
		<Documentation>Strength of an agent.</Documentation>
	</AttributeData>
	<AttributeData
		id="AgentAgility"
		Name="Agility"
		Source="Character">
		<Documentation>Agility of an agent.</Documentation>
	</AttributeData>
	<AttributeData
		id="AgentIntelligence"
		Name="Intelligence"
		Source="Character">
		<Documentation>Intelligence of an agent.</Documentation>
	</AttributeData>
	<AttributeData
		id="AgentCharisma"
		Name="Charisma"
		Source="Character">
		<Documentation>Charisma of an agent.</Documentation>
	</AttributeData>
	<AttributeData
		id="WeaponSwingDamage"
		Name="Swing Damage"
		Source="WieldedWeapon">
		<Documentation>Damage type to be applied when a weapon is swung.</Documentation>
	</AttributeData>
	<AttributeData
		id="WeaponThrustDamage"
		Name="Thrust Damage"
		Source="WieldedWeapon">
		<Documentation>Damage type to be applied when a weapon is thrust.</Documentation>
	</AttributeData>
	<AttributeData
		id="WeaponLength"
		Name="Weapon Length"
		Source="WieldedWeapon">
		<Documentation>Length of a weapon</Documentation>
	</AttributeData>
	<AttributeData
		id="ShieldHitPoints"
		Name="Hit Points"
		Source="WieldedShield">
		<Documentation>Hit points of a shield.</Documentation>
	</AttributeData>
	<AttributeData
		id="ShieldSize"
		Name="Size"
		Source="WieldedShield">
		<Documentation>Size of a shield.</Documentation>
	</AttributeData>
	<AttributeData
		id="RangedWeaponAccuracy"
		Name="Accuracy"
		Source="WieldedWeapon">
		<Documentation>Accuracy to be used when a ranged weapon is fired.</Documentation>
	</AttributeData>
	<AttributeData
		id="HelmetHeadDefense"
		Name="Head Defense"
		Source="SumEquipment">
		<Documentation>Head defense an armor or helmet provides.</Documentation>
	</AttributeData>
	<AttributeData
		id="ArmorBodyDefense"
		Name="Body Defense"
		Source="SumEquipment">
		<Documentation>Body defense an armor provides.</Documentation>
	</AttributeData>
	<AttributeData
		id="ArmorLegDefense"
		Name="Leg Defense"
		Source="SumEquipment">
		<Documentation>Leg defense an armor provides.</Documentation>
	</AttributeData>
</ArrayOfAttributeData>
=== 反序列化成功，属性数量: 15 ===
=== 序列化后的XML ===
<?xml version="1.0" encoding="utf-8"?>
<ArrayOfAttributeData>
  <AttributeData id="AgentHitPoints" Name="HitPoints" Source="Character">
    <Documentation>Hit points of an agent.</Documentation>
  </AttributeData>
  <AttributeData id="AgentRunningSpeed" Name="Running Speed" Source="Character">
    <Documentation>Running speed of an agent.</Documentation>
  </AttributeData>
  <AttributeData id="AgentStrength" Name="Strength" Source="Character">
    <Documentation>Strength of an agent.</Documentation>
  </AttributeData>
  <AttributeData id="AgentAgility" Name="Agility" Source="Character">
    <Documentation>Agility of an agent.</Documentation>
  </AttributeData>
  <AttributeData id="AgentIntelligence" Name="Intelligence" Source="Character">
    <Documentation>Intelligence of an agent.</Documentation>
  </AttributeData>
  <AttributeData id="AgentCharisma" Name="Charisma" Source="Character">
    <Documentation>Charisma of an agent.</Documentation>
  </AttributeData>
  <AttributeData id="WeaponSwingDamage" Name="Swing Damage" Source="WieldedWeapon">
    <Documentation>Damage type to be applied when a weapon is swung.</Documentation>
  </AttributeData>
  <AttributeData id="WeaponThrustDamage" Name="Thrust Damage" Source="WieldedWeapon">
    <Documentation>Damage type to be applied when a weapon is thrust.</Documentation>
  </AttributeData>
  <AttributeData id="WeaponLength" Name="Weapon Length" Source="WieldedWeapon">
    <Documentation>Length of a weapon</Documentation>
  </AttributeData>
  <AttributeData id="ShieldHitPoints" Name="Hit Points" Source="WieldedShield">
    <Documentation>Hit points of a shield.</Documentation>
  </AttributeData>
  <AttributeData id="ShieldSize" Name="Size" Source="WieldedShield">
    <Documentation>Size of a shield.</Documentation>
  </AttributeData>
  <AttributeData id="RangedWeaponAccuracy" Name="Accuracy" Source="WieldedWeapon">
    <Documentation>Accuracy to be used when a ranged weapon is fired.</Documentation>
  </AttributeData>
  <AttributeData id="HelmetHeadDefense" Name="Head Defense" Source="SumEquipment">
    <Documentation>Head defense an armor or helmet provides.</Documentation>
  </AttributeData>
  <AttributeData id="ArmorBodyDefense" Name="Body Defense" Source="SumEquipment">
    <Documentation>Body defense an armor provides.</Documentation>
  </AttributeData>
  <AttributeData id="ArmorLegDefense" Name="Leg Defense" Source="SumEquipment">
    <Documentation>Leg defense an armor provides.</Documentation>
  </AttributeData>
</ArrayOfAttributeData>
=== 节点和属性统计 ===
原始XML - 节点: 31, 属性: 47
序列化XML - 节点: 31, 属性: 45
=== 根元素比较 ===
原始根元素名称: ArrayOfAttributeData
序列化根元素名称: ArrayOfAttributeData
=== 原始根元素属性 ===
  {http://www.w3.org/2000/xmlns/}xsi: http://www.w3.org/2001/XMLSchema-instance
  {http://www.w3.org/2000/xmlns/}xsd: http://www.w3.org/2001/XMLSchema
=== 序列化根元素属性 ===
[xUnit.net 00:00:10.44]       Assert.Equal() Failure: Values differ
[xUnit.net 00:00:10.44]       Expected: 47
[xUnit.net 00:00:10.44]       Actual:   45
[xUnit.net 00:00:10.44]       Stack Trace:
[xUnit.net 00:00:10.44]         /root/WorkSpace/CSharp/BannerlordModEditor/BannerlordModEditor.Common.Tests/TempDebugTest.cs(62,0): at BannerlordModEditor.Common.Tests.TempDebugTest.Temp_Debug_Attributes_Format_Comparison()
[xUnit.net 00:00:10.44]            at System.RuntimeMethodHandle.InvokeMethod(Object target, Void** arguments, Signature sig, Boolean isConstructor)
[xUnit.net 00:00:10.44]            at System.Reflection.MethodBaseInvoker.InvokeWithNoArgs(Object obj, BindingFlags invokeAttr)
[xUnit.net 00:00:10.44]       System.InvalidOperationException : There is an error in XML document (2, 2).
[xUnit.net 00:00:10.44]       ---- System.InvalidOperationException : <base xmlns=''> was not expected.
[xUnit.net 00:00:10.44]       Stack Trace:
[xUnit.net 00:00:10.44]            at System.Xml.Serialization.XmlSerializer.Deserialize(XmlReader xmlReader, String encodingStyle, XmlDeserializationEvents events)
[xUnit.net 00:00:10.44]            at System.Xml.Serialization.XmlSerializer.Deserialize(TextReader textReader)
[xUnit.net 00:00:10.44]         /root/WorkSpace/CSharp/BannerlordModEditor/BannerlordModEditor.Common.Tests/XmlTestUtils.cs(57,0): at BannerlordModEditor.Common.Tests.XmlTestUtils.Deserialize[T](String xml)
[xUnit.net 00:00:10.44]         /root/WorkSpace/CSharp/BannerlordModEditor/BannerlordModEditor.Common.Tests/ItemHolstersLayoutXmlTests.cs(23,0): at BannerlordModEditor.Common.Tests.ItemHolstersLayoutXmlTests.Deserialize_ItemHolstersLayoutXml_ShouldSucceed()
[xUnit.net 00:00:10.44]            at System.RuntimeMethodHandle.InvokeMethod(Object target, Void** arguments, Signature sig, Boolean isConstructor)
[xUnit.net 00:00:10.44]            at System.Reflection.MethodBaseInvoker.InvokeWithNoArgs(Object obj, BindingFlags invokeAttr)
[xUnit.net 00:00:10.44]         ----- Inner Stack Trace -----
[xUnit.net 00:00:10.44]            at Microsoft.Xml.Serialization.GeneratedAssembly.XmlSerializationReaderItemHolstersLayoutDO.Read17_ItemHolstersLayoutDO()
[xUnit.net 00:00:10.44]            at System.RuntimeMethodHandle.InvokeMethod(Object target, Void** arguments, Signature sig, Boolean isConstructor)
[xUnit.net 00:00:10.44]            at System.Reflection.MethodBaseInvoker.InvokeWithNoArgs(Object obj, BindingFlags invokeAttr)
[xUnit.net 00:00:10.44]       System.InvalidOperationException : There is an error in XML document (2, 2).
[xUnit.net 00:00:10.44]       ---- System.InvalidOperationException : <base xmlns=''> was not expected.
[xUnit.net 00:00:10.44]       Stack Trace:
[xUnit.net 00:00:10.44]            at System.Xml.Serialization.XmlSerializer.Deserialize(XmlReader xmlReader, String encodingStyle, XmlDeserializationEvents events)
[xUnit.net 00:00:10.44]            at System.Xml.Serialization.XmlSerializer.Deserialize(TextReader textReader)
[xUnit.net 00:00:10.44]         /root/WorkSpace/CSharp/BannerlordModEditor/BannerlordModEditor.Common.Tests/XmlTestUtils.cs(57,0): at BannerlordModEditor.Common.Tests.XmlTestUtils.Deserialize[T](String xml)
[xUnit.net 00:00:10.44]         /root/WorkSpace/CSharp/BannerlordModEditor/BannerlordModEditor.Common.Tests/ItemHolstersLayoutXmlTests.cs(64,0): at BannerlordModEditor.Common.Tests.ItemHolstersLayoutXmlTests.Mapper_ItemHolstersLayoutDOToDTO_ShouldPreserveData()
[xUnit.net 00:00:10.44]            at System.RuntimeMethodHandle.InvokeMethod(Object target, Void** arguments, Signature sig, Boolean isConstructor)
[xUnit.net 00:00:10.44]            at System.Reflection.MethodBaseInvoker.InvokeWithNoArgs(Object obj, BindingFlags invokeAttr)
[xUnit.net 00:00:10.44]         ----- Inner Stack Trace -----
[xUnit.net 00:00:10.44]            at Microsoft.Xml.Serialization.GeneratedAssembly.XmlSerializationReaderItemHolstersLayoutDO.Read17_ItemHolstersLayoutDO()
[xUnit.net 00:00:10.44]            at InvokeStub_XmlSerializationReaderItemHolstersLayoutDO.Read17_ItemHolstersLayoutDO(Object, Object, IntPtr*)
[xUnit.net 00:00:10.44]            at System.Reflection.MethodBaseInvoker.InvokeWithNoArgs(Object obj, BindingFlags invokeAttr)
[xUnit.net 00:00:10.44]       System.InvalidOperationException : There is an error in XML document (2, 2).
[xUnit.net 00:00:10.44]       ---- System.InvalidOperationException : <base xmlns=''> was not expected.
[xUnit.net 00:00:10.44]       Stack Trace:
[xUnit.net 00:00:10.44]            at System.Xml.Serialization.XmlSerializer.Deserialize(XmlReader xmlReader, String encodingStyle, XmlDeserializationEvents events)
[xUnit.net 00:00:10.44]            at System.Xml.Serialization.XmlSerializer.Deserialize(TextReader textReader)
[xUnit.net 00:00:10.44]         /root/WorkSpace/CSharp/BannerlordModEditor/BannerlordModEditor.Common.Tests/XmlTestUtils.cs(57,0): at BannerlordModEditor.Common.Tests.XmlTestUtils.Deserialize[T](String xml)
[xUnit.net 00:00:10.44]         /root/WorkSpace/CSharp/BannerlordModEditor/BannerlordModEditor.Common.Tests/ItemHolstersLayoutXmlTests.cs(47,0): at BannerlordModEditor.Common.Tests.ItemHolstersLayoutXmlTests.Serialize_ItemHolstersLayoutDO_ShouldMatchOriginal()
[xUnit.net 00:00:10.44]            at System.RuntimeMethodHandle.InvokeMethod(Object target, Void** arguments, Signature sig, Boolean isConstructor)
[xUnit.net 00:00:10.44]            at System.Reflection.MethodBaseInvoker.InvokeWithNoArgs(Object obj, BindingFlags invokeAttr)
[xUnit.net 00:00:10.44]         ----- Inner Stack Trace -----
[xUnit.net 00:00:10.45]            at Microsoft.Xml.Serialization.GeneratedAssembly.XmlSerializationReaderItemHolstersLayoutDO.Read17_ItemHolstersLayoutDO()
[xUnit.net 00:00:10.45]            at InvokeStub_XmlSerializationReaderItemHolstersLayoutDO.Read17_ItemHolstersLayoutDO(Object, Object, IntPtr*)
[xUnit.net 00:00:10.45]            at System.Reflection.MethodBaseInvoker.InvokeWithNoArgs(Object obj, BindingFlags invokeAttr)
[xUnit.net 00:00:10.45]       System.InvalidOperationException : There is an error in XML document (2, 2).
[xUnit.net 00:00:10.45]       ---- System.InvalidOperationException : <base xmlns=''> was not expected.
[xUnit.net 00:00:10.45]       Stack Trace:
[xUnit.net 00:00:10.45]            at System.Xml.Serialization.XmlSerializer.Deserialize(XmlReader xmlReader, String encodingStyle, XmlDeserializationEvents events)
[xUnit.net 00:00:10.45]            at System.Xml.Serialization.XmlSerializer.Deserialize(TextReader textReader)
[xUnit.net 00:00:10.45]         /root/WorkSpace/CSharp/BannerlordModEditor/BannerlordModEditor.Common.Tests/XmlTestUtils.cs(57,0): at BannerlordModEditor.Common.Tests.XmlTestUtils.Deserialize[T](String xml)
[xUnit.net 00:00:10.45]         /root/WorkSpace/CSharp/BannerlordModEditor/BannerlordModEditor.Common.Tests/ItemHolstersLayoutXmlTests.cs(105,0): at BannerlordModEditor.Common.Tests.ItemHolstersLayoutXmlTests.ItemHolstersLayoutDO_ShouldHandleEmptyElements()
[xUnit.net 00:00:10.45]            at System.RuntimeMethodHandle.InvokeMethod(Object target, Void** arguments, Signature sig, Boolean isConstructor)
[xUnit.net 00:00:10.45]            at System.Reflection.MethodBaseInvoker.InvokeWithNoArgs(Object obj, BindingFlags invokeAttr)
[xUnit.net 00:00:10.45]         ----- Inner Stack Trace -----
[xUnit.net 00:00:10.45]            at Microsoft.Xml.Serialization.GeneratedAssembly.XmlSerializationReaderItemHolstersLayoutDO.Read17_ItemHolstersLayoutDO()
[xUnit.net 00:00:10.45]            at InvokeStub_XmlSerializationReaderItemHolstersLayoutDO.Read17_ItemHolstersLayoutDO(Object, Object, IntPtr*)
[xUnit.net 00:00:10.45]            at System.Reflection.MethodBaseInvoker.InvokeWithNoArgs(Object obj, BindingFlags invokeAttr)
  已通过 BannerlordModEditor.Common.Tests.ParticleSystemsDOIntegrationTests.ParticleSystems_MinimalXml_Handled_Correctly [< 1 ms]
  已通过 BannerlordModEditor.Common.Tests.ParticleSystemsDOIntegrationTests.ParticleSystems_InvalidXml_Throws_Exception [< 1 ms]
  已通过 BannerlordModEditor.Common.Tests.ItemModifiersXmlTests.ItemModifiers_RoundTrip_NodeAndAttributeCount [16 ms]
  已通过 BannerlordModEditor.Common.Tests.Debug.DebugCollisionInfosSimpleTest.Debug_CollisionInfos_Simple_Test [3 ms]
  失败 BannerlordModEditor.Common.Tests.TempDebugTest.Temp_Debug_Attributes_Format_Comparison [5 ms]
  错误消息:
   Assert.Equal() Failure: Values differ
Expected: 47
Actual:   45
  堆栈跟踪:
     at BannerlordModEditor.Common.Tests.TempDebugTest.Temp_Debug_Attributes_Format_Comparison() in /root/WorkSpace/CSharp/BannerlordModEditor/BannerlordModEditor.Common.Tests/TempDebugTest.cs:line 62
   at System.RuntimeMethodHandle.InvokeMethod(Object target, Void** arguments, Signature sig, Boolean isConstructor)
   at System.Reflection.MethodBaseInvoker.InvokeWithNoArgs(Object obj, BindingFlags invokeAttr)
  失败 BannerlordModEditor.Common.Tests.ItemHolstersLayoutXmlTests.Deserialize_ItemHolstersLayoutXml_ShouldSucceed [6 ms]
  错误消息:
   System.InvalidOperationException : There is an error in XML document (2, 2).
---- System.InvalidOperationException : <base xmlns=''> was not expected.
  堆栈跟踪:
     at System.Xml.Serialization.XmlSerializer.Deserialize(XmlReader xmlReader, String encodingStyle, XmlDeserializationEvents events)
   at System.Xml.Serialization.XmlSerializer.Deserialize(TextReader textReader)
   at BannerlordModEditor.Common.Tests.XmlTestUtils.Deserialize[T](String xml) in /root/WorkSpace/CSharp/BannerlordModEditor/BannerlordModEditor.Common.Tests/XmlTestUtils.cs:line 57
   at BannerlordModEditor.Common.Tests.ItemHolstersLayoutXmlTests.Deserialize_ItemHolstersLayoutXml_ShouldSucceed() in /root/WorkSpace/CSharp/BannerlordModEditor/BannerlordModEditor.Common.Tests/ItemHolstersLayoutXmlTests.cs:line 23
   at System.RuntimeMethodHandle.InvokeMethod(Object target, Void** arguments, Signature sig, Boolean isConstructor)
   at System.Reflection.MethodBaseInvoker.InvokeWithNoArgs(Object obj, BindingFlags invokeAttr)
----- Inner Stack Trace -----
   at Microsoft.Xml.Serialization.GeneratedAssembly.XmlSerializationReaderItemHolstersLayoutDO.Read17_ItemHolstersLayoutDO()
   at System.RuntimeMethodHandle.InvokeMethod(Object target, Void** arguments, Signature sig, Boolean isConstructor)
   at System.Reflection.MethodBaseInvoker.InvokeWithNoArgs(Object obj, BindingFlags invokeAttr)
  失败 BannerlordModEditor.Common.Tests.ItemHolstersLayoutXmlTests.Mapper_ItemHolstersLayoutDOToDTO_ShouldPreserveData [< 1 ms]
  错误消息:
   System.InvalidOperationException : There is an error in XML document (2, 2).
---- System.InvalidOperationException : <base xmlns=''> was not expected.
  堆栈跟踪:
     at System.Xml.Serialization.XmlSerializer.Deserialize(XmlReader xmlReader, String encodingStyle, XmlDeserializationEvents events)
   at System.Xml.Serialization.XmlSerializer.Deserialize(TextReader textReader)
   at BannerlordModEditor.Common.Tests.XmlTestUtils.Deserialize[T](String xml) in /root/WorkSpace/CSharp/BannerlordModEditor/BannerlordModEditor.Common.Tests/XmlTestUtils.cs:line 57
   at BannerlordModEditor.Common.Tests.ItemHolstersLayoutXmlTests.Mapper_ItemHolstersLayoutDOToDTO_ShouldPreserveData() in /root/WorkSpace/CSharp/BannerlordModEditor/BannerlordModEditor.Common.Tests/ItemHolstersLayoutXmlTests.cs:line 64
   at System.RuntimeMethodHandle.InvokeMethod(Object target, Void** arguments, Signature sig, Boolean isConstructor)
   at System.Reflection.MethodBaseInvoker.InvokeWithNoArgs(Object obj, BindingFlags invokeAttr)
----- Inner Stack Trace -----
   at Microsoft.Xml.Serialization.GeneratedAssembly.XmlSerializationReaderItemHolstersLayoutDO.Read17_ItemHolstersLayoutDO()
   at InvokeStub_XmlSerializationReaderItemHolstersLayoutDO.Read17_ItemHolstersLayoutDO(Object, Object, IntPtr*)
   at System.Reflection.MethodBaseInvoker.InvokeWithNoArgs(Object obj, BindingFlags invokeAttr)
  失败 BannerlordModEditor.Common.Tests.ItemHolstersLayoutXmlTests.Serialize_ItemHolstersLayoutDO_ShouldMatchOriginal [< 1 ms]
  错误消息:
   System.InvalidOperationException : There is an error in XML document (2, 2).
---- System.InvalidOperationException : <base xmlns=''> was not expected.
  堆栈跟踪:
     at System.Xml.Serialization.XmlSerializer.Deserialize(XmlReader xmlReader, String encodingStyle, XmlDeserializationEvents events)
   at System.Xml.Serialization.XmlSerializer.Deserialize(TextReader textReader)
   at BannerlordModEditor.Common.Tests.XmlTestUtils.Deserialize[T](String xml) in /root/WorkSpace/CSharp/BannerlordModEditor/BannerlordModEditor.Common.Tests/XmlTestUtils.cs:line 57
   at BannerlordModEditor.Common.Tests.ItemHolstersLayoutXmlTests.Serialize_ItemHolstersLayoutDO_ShouldMatchOriginal() in /root/WorkSpace/CSharp/BannerlordModEditor/BannerlordModEditor.Common.Tests/ItemHolstersLayoutXmlTests.cs:line 47
   at System.RuntimeMethodHandle.InvokeMethod(Object target, Void** arguments, Signature sig, Boolean isConstructor)
   at System.Reflection.MethodBaseInvoker.InvokeWithNoArgs(Object obj, BindingFlags invokeAttr)
----- Inner Stack Trace -----
   at Microsoft.Xml.Serialization.GeneratedAssembly.XmlSerializationReaderItemHolstersLayoutDO.Read17_ItemHolstersLayoutDO()
   at InvokeStub_XmlSerializationReaderItemHolstersLayoutDO.Read17_ItemHolstersLayoutDO(Object, Object, IntPtr*)
   at System.Reflection.MethodBaseInvoker.InvokeWithNoArgs(Object obj, BindingFlags invokeAttr)
  失败 BannerlordModEditor.Common.Tests.ItemHolstersLayoutXmlTests.ItemHolstersLayoutDO_ShouldHandleEmptyElements [< 1 ms]
  错误消息:
   System.InvalidOperationException : There is an error in XML document (2, 2).
---- System.InvalidOperationException : <base xmlns=''> was not expected.
  堆栈跟踪:
     at System.Xml.Serialization.XmlSerializer.Deserialize(XmlReader xmlReader, String encodingStyle, XmlDeserializationEvents events)
   at System.Xml.Serialization.XmlSerializer.Deserialize(TextReader textReader)
   at BannerlordModEditor.Common.Tests.XmlTestUtils.Deserialize[T](String xml) in /root/WorkSpace/CSharp/BannerlordModEditor/BannerlordModEditor.Common.Tests/XmlTestUtils.cs:line 57
   at BannerlordModEditor.Common.Tests.ItemHolstersLayoutXmlTests.ItemHolstersLayoutDO_ShouldHandleEmptyElements() in /root/WorkSpace/CSharp/BannerlordModEditor/BannerlordModEditor.Common.Tests/ItemHolstersLayoutXmlTests.cs:line 105
   at System.RuntimeMethodHandle.InvokeMethod(Object target, Void** arguments, Signature sig, Boolean isConstructor)
   at System.Reflection.MethodBaseInvoker.InvokeWithNoArgs(Object obj, BindingFlags invokeAttr)
----- Inner Stack Trace -----
   at Microsoft.Xml.Serialization.GeneratedAssembly.XmlSerializationReaderItemHolstersLayoutDO.Read17_ItemHolstersLayoutDO()
   at InvokeStub_XmlSerializationReaderItemHolstersLayoutDO.Read17_ItemHolstersLayoutDO(Object, Object, IntPtr*)
   at System.Reflection.MethodBaseInvoker.InvokeWithNoArgs(Object obj, BindingFlags invokeAttr)
[xUnit.net 00:00:10.45]       System.InvalidOperationException : There is an error in XML document (2, 2).
[xUnit.net 00:00:10.45]       ---- System.InvalidOperationException : <base xmlns=''> was not expected.
[xUnit.net 00:00:10.45]       Stack Trace:
[xUnit.net 00:00:10.45]            at System.Xml.Serialization.XmlSerializer.Deserialize(XmlReader xmlReader, String encodingStyle, XmlDeserializationEvents events)
[xUnit.net 00:00:10.45]            at System.Xml.Serialization.XmlSerializer.Deserialize(TextReader textReader)
[xUnit.net 00:00:10.45]         /root/WorkSpace/CSharp/BannerlordModEditor/BannerlordModEditor.Common.Tests/XmlTestUtils.cs(57,0): at BannerlordModEditor.Common.Tests.XmlTestUtils.Deserialize[T](String xml)
[xUnit.net 00:00:10.45]         /root/WorkSpace/CSharp/BannerlordModEditor/BannerlordModEditor.Common.Tests/ItemHolstersLayoutXmlTests.cs(202,0): at BannerlordModEditor.Common.Tests.ItemHolstersLayoutXmlTests.ItemHolstersLayoutDO_ShouldContainOptionalAttributes()
[xUnit.net 00:00:10.45]            at System.RuntimeMethodHandle.InvokeMethod(Object target, Void** arguments, Signature sig, Boolean isConstructor)
[xUnit.net 00:00:10.45]            at System.Reflection.MethodBaseInvoker.InvokeWithNoArgs(Object obj, BindingFlags invokeAttr)
[xUnit.net 00:00:10.45]         ----- Inner Stack Trace -----
[xUnit.net 00:00:10.45]            at Microsoft.Xml.Serialization.GeneratedAssembly.XmlSerializationReaderItemHolstersLayoutDO.Read17_ItemHolstersLayoutDO()
[xUnit.net 00:00:10.45]            at InvokeStub_XmlSerializationReaderItemHolstersLayoutDO.Read17_ItemHolstersLayoutDO(Object, Object, IntPtr*)
[xUnit.net 00:00:10.45]            at System.Reflection.MethodBaseInvoker.InvokeWithNoArgs(Object obj, BindingFlags invokeAttr)
[xUnit.net 00:00:10.45]       System.InvalidOperationException : There is an error in XML document (2, 2).
[xUnit.net 00:00:10.45]       ---- System.InvalidOperationException : <base xmlns=''> was not expected.
[xUnit.net 00:00:10.45]       Stack Trace:
[xUnit.net 00:00:10.45]            at System.Xml.Serialization.XmlSerializer.Deserialize(XmlReader xmlReader, String encodingStyle, XmlDeserializationEvents events)
[xUnit.net 00:00:10.45]            at System.Xml.Serialization.XmlSerializer.Deserialize(TextReader textReader)
[xUnit.net 00:00:10.45]         /root/WorkSpace/CSharp/BannerlordModEditor/BannerlordModEditor.Common.Tests/XmlTestUtils.cs(57,0): at BannerlordModEditor.Common.Tests.XmlTestUtils.Deserialize[T](String xml)
[xUnit.net 00:00:10.45]         /root/WorkSpace/CSharp/BannerlordModEditor/BannerlordModEditor.Common.Tests/ItemHolstersLayoutXmlTests.cs(155,0): at BannerlordModEditor.Common.Tests.ItemHolstersLayoutXmlTests.ItemHolstersLayoutDO_ShouldContainSpecificItemFields()
[xUnit.net 00:00:10.45]            at System.RuntimeMethodHandle.InvokeMethod(Object target, Void** arguments, Signature sig, Boolean isConstructor)
[xUnit.net 00:00:10.45]            at System.Reflection.MethodBaseInvoker.InvokeWithNoArgs(Object obj, BindingFlags invokeAttr)
[xUnit.net 00:00:10.45]         ----- Inner Stack Trace -----
[xUnit.net 00:00:10.45]            at Microsoft.Xml.Serialization.GeneratedAssembly.XmlSerializationReaderItemHolstersLayoutDO.Read17_ItemHolstersLayoutDO()
[xUnit.net 00:00:10.45]            at InvokeStub_XmlSerializationReaderItemHolstersLayoutDO.Read17_ItemHolstersLayoutDO(Object, Object, IntPtr*)
[xUnit.net 00:00:10.45]            at System.Reflection.MethodBaseInvoker.InvokeWithNoArgs(Object obj, BindingFlags invokeAttr)
  失败 BannerlordModEditor.Common.Tests.ItemHolstersLayoutXmlTests.ItemHolstersLayoutDO_ShouldContainOptionalAttributes [< 1 ms]
  错误消息:
   System.InvalidOperationException : There is an error in XML document (2, 2).
---- System.InvalidOperationException : <base xmlns=''> was not expected.
  堆栈跟踪:
     at System.Xml.Serialization.XmlSerializer.Deserialize(XmlReader xmlReader, String encodingStyle, XmlDeserializationEvents events)
   at System.Xml.Serialization.XmlSerializer.Deserialize(TextReader textReader)
   at BannerlordModEditor.Common.Tests.XmlTestUtils.Deserialize[T](String xml) in /root/WorkSpace/CSharp/BannerlordModEditor/BannerlordModEditor.Common.Tests/XmlTestUtils.cs:line 57
   at BannerlordModEditor.Common.Tests.ItemHolstersLayoutXmlTests.ItemHolstersLayoutDO_ShouldContainOptionalAttributes() in /root/WorkSpace/CSharp/BannerlordModEditor/BannerlordModEditor.Common.Tests/ItemHolstersLayoutXmlTests.cs:line 202
   at System.RuntimeMethodHandle.InvokeMethod(Object target, Void** arguments, Signature sig, Boolean isConstructor)
   at System.Reflection.MethodBaseInvoker.InvokeWithNoArgs(Object obj, BindingFlags invokeAttr)
----- Inner Stack Trace -----
   at Microsoft.Xml.Serialization.GeneratedAssembly.XmlSerializationReaderItemHolstersLayoutDO.Read17_ItemHolstersLayoutDO()
   at InvokeStub_XmlSerializationReaderItemHolstersLayoutDO.Read17_ItemHolstersLayoutDO(Object, Object, IntPtr*)
   at System.Reflection.MethodBaseInvoker.InvokeWithNoArgs(Object obj, BindingFlags invokeAttr)
  失败 BannerlordModEditor.Common.Tests.ItemHolstersLayoutXmlTests.ItemHolstersLayoutDO_ShouldContainSpecificItemFields [< 1 ms]
  错误消息:
   System.InvalidOperationException : There is an error in XML document (2, 2).
---- System.InvalidOperationException : <base xmlns=''> was not expected.
  堆栈跟踪:
     at System.Xml.Serialization.XmlSerializer.Deserialize(XmlReader xmlReader, String encodingStyle, XmlDeserializationEvents events)
   at System.Xml.Serialization.XmlSerializer.Deserialize(TextReader textReader)
   at BannerlordModEditor.Common.Tests.XmlTestUtils.Deserialize[T](String xml) in /root/WorkSpace/CSharp/BannerlordModEditor/BannerlordModEditor.Common.Tests/XmlTestUtils.cs:line 57
   at BannerlordModEditor.Common.Tests.ItemHolstersLayoutXmlTests.ItemHolstersLayoutDO_ShouldContainSpecificItemFields() in /root/WorkSpace/CSharp/BannerlordModEditor/BannerlordModEditor.Common.Tests/ItemHolstersLayoutXmlTests.cs:line 155
   at System.RuntimeMethodHandle.InvokeMethod(Object target, Void** arguments, Signature sig, Boolean isConstructor)
   at System.Reflection.MethodBaseInvoker.InvokeWithNoArgs(Object obj, BindingFlags invokeAttr)
----- Inner Stack Trace -----
   at Microsoft.Xml.Serialization.GeneratedAssembly.XmlSerializationReaderItemHolstersLayoutDO.Read17_ItemHolstersLayoutDO()
   at InvokeStub_XmlSerializationReaderItemHolstersLayoutDO.Read17_ItemHolstersLayoutDO(Object, Object, IntPtr*)
   at System.Reflection.MethodBaseInvoker.InvokeWithNoArgs(Object obj, BindingFlags invokeAttr)
  已通过 BannerlordModEditor.Common.Tests.LayeredArchitectureConsistencyTests.Serialization_Respects_ShouldSerialize_Methods [5 ms]
  已通过 BannerlordModEditor.Common.Tests.LayeredArchitectureConsistencyTests.Mapper_Preserves_Data_Regardless_Of_Serialization_Status [< 1 ms]
  已通过 BannerlordModEditor.Common.Tests.LayeredArchitectureConsistencyTests.Full_Roundtrip_Maintains_ShouldSerialize_Consistency [20 ms]
  已通过 BannerlordModEditor.Common.Tests.LayeredArchitectureConsistencyTests.ShouldSerialize_Consistency_Between_DO_And_DTO [< 1 ms]
  已通过 BannerlordModEditor.Common.Tests.MpItemsXmlTests.MpItems_LoadAndSave_ShouldBeLogicallyIdentical [66 ms]
  已通过 BannerlordModEditor.Common.Tests.RandomTerrainTemplatesXmlTests.RandomTerrainTemplates_ValidateDataIntegrity_ShouldPassBasicChecks [8 ms]
  已通过 BannerlordModEditor.Common.Tests.RandomTerrainTemplatesXmlTests.RandomTerrainTemplates_LoadAndSave_ShouldBeLogicallyIdentical [1 ms]
  已通过 BannerlordModEditor.Common.Tests.MpItemsDoDtoMappingTests.MpItemDO_BooleanValueParsing_ShouldHandleVariousFormats [< 1 ms]
  已通过 BannerlordModEditor.Common.Tests.MpItemsDoDtoMappingTests.MpItems_Mapping_DoToDtoAndBack_ShouldPreserveData [1 ms]
  已通过 BannerlordModEditor.Common.Tests.MpItemsDoDtoMappingTests.WeaponFlagsDO_BooleanValueParsing_ShouldHandleVariousFormats [3 ms]
  已通过 BannerlordModEditor.Common.Tests.MpItemsDoDtoMappingTests.HorseDO_BooleanValueParsing_ShouldHandleVariousFormats [2 ms]
  已通过 BannerlordModEditor.Common.Tests.MpItemsDoDtoMappingTests.ItemFlagsDO_BooleanValueParsing_ShouldHandleVariousFormats [< 1 ms]
  已通过 BannerlordModEditor.Common.Tests.MpItemsDoDtoMappingTests.ArmorDO_BooleanValueParsing_ShouldHandleVariousFormats [1 ms]
  已通过 BannerlordModEditor.Common.Tests.MpItemsDoDtoMappingTests.MpItems_Mapping_WithNullValues_ShouldHandleGracefully [< 1 ms]
  已通过 BannerlordModEditor.Common.Tests.MpItemsDoDtoMappingTests.AdditionalMeshDO_BooleanValueParsing_ShouldHandleVariousFormats [< 1 ms]
  已通过 BannerlordModEditor.Common.Tests.MapTests.MapIcons_DirtNameAttribute_ShouldBeOptional [7 ms]
Original sub_widgets count: 73
Serialized sub_widgets count: 72
Original[0]: base/widgets[0]/widget[2]/sub_widgets[0] -> 1 sub_widgets
Serialized[0]: base/widgets[0]/widget[2]/sub_widgets[0] -> 1 sub_widgets
Original[1]: base/widgets[0]/widget[3]/sub_widgets[0] -> 1 sub_widgets
Serialized[1]: base/widgets[0]/widget[3]/sub_widgets[0] -> 1 sub_widgets
Original[2]: base/widgets[0]/widget[4]/sub_widgets[0] -> 1 sub_widgets
Serialized[2]: base/widgets[0]/widget[4]/sub_widgets[0] -> 1 sub_widgets
Original[3]: base/widgets[0]/widget[14]/sub_widgets[0] -> 1 sub_widgets
Serialized[3]: base/widgets[0]/widget[14]/sub_widgets[0] -> 1 sub_widgets
Original[4]: base/widgets[0]/widget[15]/sub_widgets[0] -> 1 sub_widgets
Serialized[4]: base/widgets[0]/widget[15]/sub_widgets[0] -> 1 sub_widgets
Original[5]: base/widgets[0]/widget[16]/sub_widgets[0] -> 1 sub_widgets
Serialized[5]: base/widgets[0]/widget[16]/sub_widgets[0] -> 1 sub_widgets
Original[6]: base/widgets[0]/widget[19]/sub_widgets[0] -> 1 sub_widgets
Serialized[6]: base/widgets[0]/widget[19]/sub_widgets[0] -> 1 sub_widgets
Original[7]: base/widgets[0]/widget[21]/sub_widgets[0] -> 1 sub_widgets
Serialized[7]: base/widgets[0]/widget[21]/sub_widgets[0] -> 1 sub_widgets
Original[8]: base/widgets[0]/widget[23]/sub_widgets[0] -> 1 sub_widgets
Serialized[8]: base/widgets[0]/widget[23]/sub_widgets[0] -> 1 sub_widgets
Original[9]: base/widgets[0]/widget[24]/sub_widgets[0] -> 1 sub_widgets
Serialized[9]: base/widgets[0]/widget[24]/sub_widgets[0] -> 1 sub_widgets
Original[10]: base/widgets[0]/widget[25]/sub_widgets[0] -> 1 sub_widgets
Serialized[10]: base/widgets[0]/widget[25]/sub_widgets[0] -> 1 sub_widgets
Original[11]: base/widgets[0]/widget[26]/sub_widgets[0] -> 1 sub_widgets
Serialized[11]: base/widgets[0]/widget[26]/sub_widgets[0] -> 1 sub_widgets
Original[12]: base/widgets[0]/widget[27]/sub_widgets[0] -> 1 sub_widgets
Serialized[12]: base/widgets[0]/widget[27]/sub_widgets[0] -> 1 sub_widgets
Original[13]: base/widgets[0]/widget[32]/sub_widgets[0] -> 2 sub_widgets
Serialized[13]: base/widgets[0]/widget[32]/sub_widgets[0] -> 2 sub_widgets
Original[14]: base/widgets[0]/widget[34]/sub_widgets[0] -> 1 sub_widgets
Serialized[14]: base/widgets[0]/widget[34]/sub_widgets[0] -> 1 sub_widgets
Original[15]: base/widgets[0]/widget[35]/sub_widgets[0] -> 2 sub_widgets
Serialized[15]: base/widgets[0]/widget[35]/sub_widgets[0] -> 2 sub_widgets
Original[16]: base/widgets[0]/widget[36]/sub_widgets[0] -> 2 sub_widgets
Serialized[16]: base/widgets[0]/widget[36]/sub_widgets[0] -> 2 sub_widgets
Original[17]: base/widgets[0]/widget[37]/sub_widgets[0] -> 2 sub_widgets
Serialized[17]: base/widgets[0]/widget[37]/sub_widgets[0] -> 2 sub_widgets
Original[18]: base/widgets[0]/widget[38]/sub_widgets[0] -> 2 sub_widgets
Serialized[18]: base/widgets[0]/widget[38]/sub_widgets[0] -> 2 sub_widgets
Original[19]: base/widgets[0]/widget[39]/sub_widgets[0] -> 2 sub_widgets
Serialized[19]: base/widgets[0]/widget[39]/sub_widgets[0] -> 2 sub_widgets
Original[20]: base/widgets[0]/widget[40]/sub_widgets[0] -> 1 sub_widgets
Serialized[20]: base/widgets[0]/widget[40]/sub_widgets[0] -> 1 sub_widgets
Original[21]: base/widgets[0]/widget[43]/sub_widgets[0] -> 1 sub_widgets
Serialized[21]: base/widgets[0]/widget[43]/sub_widgets[0] -> 1 sub_widgets
Original[22]: base/widgets[0]/widget[49]/sub_widgets[0] -> 1 sub_widgets
Serialized[22]: base/widgets[0]/widget[49]/sub_widgets[0] -> 1 sub_widgets
Original[23]: base/widgets[0]/widget[50]/sub_widgets[0] -> 1 sub_widgets
Serialized[23]: base/widgets[0]/widget[50]/sub_widgets[0] -> 1 sub_widgets
Original[24]: base/widgets[0]/widget[51]/sub_widgets[0] -> 1 sub_widgets
Serialized[24]: base/widgets[0]/widget[51]/sub_widgets[0] -> 1 sub_widgets
Original[25]: base/widgets[0]/widget[52]/sub_widgets[0] -> 1 sub_widgets
Serialized[25]: base/widgets[0]/widget[52]/sub_widgets[0] -> 1 sub_widgets
Original[26]: base/widgets[0]/widget[53]/sub_widgets[0] -> 1 sub_widgets
Serialized[26]: base/widgets[0]/widget[53]/sub_widgets[0] -> 1 sub_widgets
Original[27]: base/widgets[0]/widget[54]/sub_widgets[0] -> 1 sub_widgets
Serialized[27]: base/widgets[0]/widget[54]/sub_widgets[0] -> 1 sub_widgets
Original[28]: base/widgets[0]/widget[55]/sub_widgets[0] -> 2 sub_widgets
Serialized[28]: base/widgets[0]/widget[55]/sub_widgets[0] -> 2 sub_widgets
Original[29]: base/widgets[0]/widget[56]/sub_widgets[0] -> 2 sub_widgets
Serialized[29]: base/widgets[0]/widget[56]/sub_widgets[0] -> 2 sub_widgets
Original[30]: base/widgets[0]/widget[57]/sub_widgets[0] -> 2 sub_widgets
Serialized[30]: base/widgets[0]/widget[57]/sub_widgets[0] -> 2 sub_widgets
Original[31]: base/widgets[0]/widget[58]/sub_widgets[0] -> 2 sub_widgets
Serialized[31]: base/widgets[0]/widget[58]/sub_widgets[0] -> 2 sub_widgets
Original[32]: base/widgets[0]/widget[69]/sub_widgets[0] -> 1 sub_widgets
Serialized[32]: base/widgets[0]/widget[69]/sub_widgets[0] -> 1 sub_widgets
Original[33]: base/widgets[0]/widget[70]/sub_widgets[0] -> 3 sub_widgets
Serialized[33]: base/widgets[0]/widget[70]/sub_widgets[0] -> 3 sub_widgets
Original[34]: base/widgets[0]/widget[70]/sub_widgets[0]/sub_widget[2]/sub_widgets[0] -> 1 sub_widgets
Serialized[34]: base/widgets[0]/widget[70]/sub_widgets[0]/sub_widget[2]/sub_widgets[0] -> 1 sub_widgets
Original[35]: base/widgets[0]/widget[71]/sub_widgets[0] -> 3 sub_widgets
Serialized[35]: base/widgets[0]/widget[71]/sub_widgets[0] -> 3 sub_widgets
Original[36]: base/widgets[0]/widget[71]/sub_widgets[0]/sub_widget[2]/sub_widgets[0] -> 1 sub_widgets
Serialized[36]: base/widgets[0]/widget[71]/sub_widgets[0]/sub_widget[2]/sub_widgets[0] -> 1 sub_widgets
Original[37]: base/widgets[0]/widget[72]/sub_widgets[0] -> 3 sub_widgets
Serialized[37]: base/widgets[0]/widget[72]/sub_widgets[0] -> 3 sub_widgets
Original[38]: base/widgets[0]/widget[74]/sub_widgets[0] -> 3 sub_widgets
Serialized[38]: base/widgets[0]/widget[74]/sub_widgets[0] -> 3 sub_widgets
Original[39]: base/widgets[0]/widget[75]/sub_widgets[0] -> 1 sub_widgets
Serialized[39]: base/widgets[0]/widget[75]/sub_widgets[0] -> 1 sub_widgets
Original[40]: base/widgets[0]/widget[76]/sub_widgets[0] -> 1 sub_widgets
Serialized[40]: base/widgets[0]/widget[76]/sub_widgets[0] -> 1 sub_widgets
Original[41]: base/widgets[0]/widget[77]/sub_widgets[0] -> 2 sub_widgets
Serialized[41]: base/widgets[0]/widget[77]/sub_widgets[0] -> 2 sub_widgets
Original[42]: base/widgets[0]/widget[78]/sub_widgets[0] -> 1 sub_widgets
Serialized[42]: base/widgets[0]/widget[78]/sub_widgets[0] -> 1 sub_widgets
Original[43]: base/widgets[0]/widget[79]/sub_widgets[0] -> 2 sub_widgets
Serialized[43]: base/widgets[0]/widget[79]/sub_widgets[0] -> 2 sub_widgets
Original[44]: base/widgets[0]/widget[80]/sub_widgets[0] -> 2 sub_widgets
Serialized[44]: base/widgets[0]/widget[80]/sub_widgets[0] -> 2 sub_widgets
Original[45]: base/widgets[0]/widget[81]/sub_widgets[0] -> 1 sub_widgets
Serialized[45]: base/widgets[0]/widget[81]/sub_widgets[0] -> 1 sub_widgets
Original[46]: base/widgets[0]/widget[83]/sub_widgets[0] -> 1 sub_widgets
Serialized[46]: base/widgets[0]/widget[83]/sub_widgets[0] -> 1 sub_widgets
Original[47]: base/widgets[0]/widget[90]/sub_widgets[0] -> 1 sub_widgets
Serialized[47]: base/widgets[0]/widget[90]/sub_widgets[0] -> 1 sub_widgets
Original[48]: base/widgets[0]/widget[91]/sub_widgets[0] -> 2 sub_widgets
Serialized[48]: base/widgets[0]/widget[91]/sub_widgets[0] -> 2 sub_widgets
Original[49]: base/widgets[0]/widget[92]/sub_widgets[0] -> 1 sub_widgets
Serialized[49]: base/widgets[0]/widget[92]/sub_widgets[0] -> 1 sub_widgets
Original[50]: base/widgets[0]/widget[93]/sub_widgets[0] -> 2 sub_widgets
Serialized[50]: base/widgets[0]/widget[93]/sub_widgets[0] -> 2 sub_widgets
Original[51]: base/widgets[0]/widget[94]/sub_widgets[0] -> 1 sub_widgets
Serialized[51]: base/widgets[0]/widget[94]/sub_widgets[0] -> 1 sub_widgets
Original[52]: base/widgets[0]/widget[95]/sub_widgets[0] -> 3 sub_widgets
Serialized[52]: base/widgets[0]/widget[95]/sub_widgets[0] -> 3 sub_widgets
Original[53]: base/widgets[0]/widget[95]/sub_widgets[0]/sub_widget[2]/sub_widgets[0] -> 1 sub_widgets
Serialized[53]: base/widgets[0]/widget[95]/sub_widgets[0]/sub_widget[2]/sub_widgets[0] -> 1 sub_widgets
Original[54]: base/widgets[0]/widget[96]/sub_widgets[0] -> 3 sub_widgets
Serialized[54]: base/widgets[0]/widget[96]/sub_widgets[0] -> 3 sub_widgets
Original[55]: base/widgets[0]/widget[96]/sub_widgets[0]/sub_widget[2]/sub_widgets[0] -> 1 sub_widgets
Serialized[55]: base/widgets[0]/widget[96]/sub_widgets[0]/sub_widget[2]/sub_widgets[0] -> 1 sub_widgets
Original[56]: base/widgets[0]/widget[97]/sub_widgets[0] -> 1 sub_widgets
Serialized[56]: base/widgets[0]/widget[97]/sub_widgets[0] -> 1 sub_widgets
Original[57]: base/widgets[0]/widget[98]/sub_widgets[0] -> 1 sub_widgets
Serialized[57]: base/widgets[0]/widget[98]/sub_widgets[0] -> 1 sub_widgets
Original[58]: base/widgets[0]/widget[99]/sub_widgets[0] -> 2 sub_widgets
Serialized[58]: base/widgets[0]/widget[99]/sub_widgets[0] -> 2 sub_widgets
Original[59]: base/widgets[0]/widget[100]/sub_widgets[0] -> 1 sub_widgets
Serialized[59]: base/widgets[0]/widget[100]/sub_widgets[0] -> 1 sub_widgets
Original[60]: base/widgets[0]/widget[101]/sub_widgets[0] -> 1 sub_widgets
Serialized[60]: base/widgets[0]/widget[101]/sub_widgets[0] -> 1 sub_widgets
Original[61]: base/widgets[0]/widget[102]/sub_widgets[0] -> 1 sub_widgets
Serialized[61]: base/widgets[0]/widget[102]/sub_widgets[0] -> 1 sub_widgets
Original[62]: base/widgets[0]/widget[103]/sub_widgets[0] -> 1 sub_widgets
Serialized[62]: base/widgets[0]/widget[103]/sub_widgets[0] -> 1 sub_widgets
Original[63]: base/widgets[0]/widget[104]/sub_widgets[0] -> 1 sub_widgets
Serialized[63]: base/widgets[0]/widget[104]/sub_widgets[0] -> 1 sub_widgets
Original[64]: base/widgets[0]/widget[105]/sub_widgets[0] -> 1 sub_widgets
Serialized[64]: base/widgets[0]/widget[105]/sub_widgets[0] -> 1 sub_widgets
Original[65]: base/widgets[0]/widget[106]/sub_widgets[0] -> 2 sub_widgets
Serialized[65]: base/widgets[0]/widget[106]/sub_widgets[0] -> 2 sub_widgets
Original[66]: base/widgets[0]/widget[107]/sub_widgets[0] -> 1 sub_widgets
Serialized[66]: base/widgets[0]/widget[107]/sub_widgets[0] -> 1 sub_widgets
Original[67]: base/widgets[0]/widget[107]/sub_widgets[1] -> 1 sub_widgets
Serialized[67]: base/widgets[0]/widget[108]/sub_widgets[0] -> 1 sub_widgets
Original[68]: base/widgets[0]/widget[108]/sub_widgets[0] -> 1 sub_widgets
Serialized[68]: base/widgets[0]/widget[109]/sub_widgets[0] -> 1 sub_widgets
Original[69]: base/widgets[0]/widget[109]/sub_widgets[0] -> 1 sub_widgets
Serialized[69]: base/widgets[0]/widget[110]/sub_widgets[0] -> 1 sub_widgets
Original[70]: base/widgets[0]/widget[110]/sub_widgets[0] -> 1 sub_widgets
Serialized[70]: base/widgets[0]/widget[111]/sub_widgets[0] -> 1 sub_widgets
Original[71]: base/widgets[0]/widget[111]/sub_widgets[0] -> 1 sub_widgets
Serialized[71]: base/widgets[0]/widget[112]/sub_widgets[0] -> 3 sub_widgets
MISMATCH at base/widgets[0]/widget[111]/sub_widgets[0]: 1 vs 3
  Original sub_widgets:
    label
  Serialized sub_widgets:
    label
    inc_button
    dec_button
Original[72]: base/widgets[0]/widget[112]/sub_widgets[0] -> 3 sub_widgets
Empty sub_widgets in original: 0
Empty sub_widgets in serialized: 0
  已通过 BannerlordModEditor.Common.Tests.MapTests.MapIcons_AttributeFormats_ShouldBeValid [1 ms]
  已通过 BannerlordModEditor.Common.Tests.MapTests.MapIcons_CultureSpecificIcons_ShouldHaveConsistentNaming [1 ms]
  已通过 BannerlordModEditor.Common.Tests.MapTests.MapIcons_IconTypes_ShouldBeValid [1 ms]
  已通过 BannerlordModEditor.Common.Tests.MapTests.MapIcons_LoadAndSave_ShouldBeLogicallyIdentical [1 ms]
  已通过 BannerlordModEditor.Common.Tests.SubWidgetIndexAnalysisTest.Analyze_SubWidget_Index_Issue [6 ms]
  已通过 BannerlordModEditor.Common.Tests.SkeletonScalesXmlTests.SkeletonScales_LoadAndSave_ShouldBeLogicallyIdentical [8 ms]
  已通过 BannerlordModEditor.Common.Tests.SkeletonScalesXmlTests.SkeletonScales_ValidateDataIntegrity_ShouldPassBasicChecks [1 ms]
  已通过 BannerlordModEditor.Common.Tests.EnhancedActionTypesXmlTests.ActionTypes_LoadWithEmptyTypeField_ShouldTrackExistenceCorrectly [< 1 ms]
  已通过 BannerlordModEditor.Common.Tests.EnhancedActionTypesXmlTests.ActionTypes_ComplexScenario_ShouldHandleMixedFieldStates [< 1 ms]
100次DO/DTO转换耗时: 101ms
空元素处理耗时: 2ms
  已通过 BannerlordModEditor.Common.Tests.EnhancedActionTypesXmlTests.ActionTypes_LoadWithMissingTypeField_ShouldTrackExistenceCorrectly [< 1 ms]
  已通过 BannerlordModEditor.Common.Tests.EnhancedActionTypesXmlTests.ActionTypes_PropertyExistenceTracking_ShouldWorkCorrectly [< 1 ms]
  已通过 BannerlordModEditor.Common.Tests.EnhancedActionTypesXmlTests.ActionTypes_ShouldSerializeBehavior_ShouldWorkCorrectly [< 1 ms]
  已通过 BannerlordModEditor.Common.Tests.GenerateTestSubsets.SplitMpItemsXmlIntoIndividualFiles [6 ms]
  已通过 BannerlordModEditor.Common.Tests.ParticleSystemsHardcodedMiscSimpleDebugTest.ParticleSystemsHardcodedMisc1_Simple_Debug [392 ms]
  已通过 BannerlordModEditor.Common.Tests.ParticleSystemsHardcodedMiscSimpleDebugTest.ParticleSystemsHardcodedMisc2_Simple_Debug [280 ms]
  已通过 BannerlordModEditor.Common.Tests.ParticleSystemsDOPerformanceTests.ParticleSystems_Performance_MapperConversion [102 ms]
  已通过 BannerlordModEditor.Common.Tests.ParticleSystemsDOPerformanceTests.ParticleSystems_Performance_EmptyElementHandling [3 ms]
序列化耗时: 1017ms
反序列化耗时: 228ms
XML大小: 9861967 字符
效果数量: 1000
发射器总数: 10000
处理 100 条曲线耗时: 36ms
  已通过 BannerlordModEditor.Common.Tests.ParticleSystemsDOPerformanceTests.ParticleSystems_Performance_LargeDataHandling [1 s]
  已通过 BannerlordModEditor.Common.Tests.ParticleSystemsDOPerformanceTests.ParticleSystems_Performance_CurveOptimization [37 ms]
内存增长: 68171KB
  已通过 BannerlordModEditor.Common.Tests.ParticleSystemsDOPerformanceTests.ParticleSystems_Performance_MemoryUsage [2 s]
Original sub_widgets count: 104
Serialized sub_widgets count: 103
SIZE MISMATCH at index 96:
  Path1: base/widgets[0]/widget[107]/sub_widgets[1]/sub_widget[0]
  Path2: base/widgets[0]/widget[108]/sub_widgets[0]/sub_widget[0]
  Original: (.80,0.0)(.60,0.0)
  Serialized: (0.9,0.0)(0.9,0.0)
SIZE MISMATCH at index 97:
  Path1: base/widgets[0]/widget[108]/sub_widgets[0]/sub_widget[0]
  Path2: base/widgets[0]/widget[109]/sub_widgets[0]/sub_widget[0]
  Original: (0.9,0.0)(0.9,0.0)
  Serialized: (1,0.0)(1,0.0)
SIZE MISMATCH at index 100:
  Path1: base/widgets[0]/widget[111]/sub_widgets[0]/sub_widget[0]
  Path2: base/widgets[0]/widget[112]/sub_widgets[0]/sub_widget[0]
  Original: (1,0.0)(1,0.0)
  Serialized: (0.78,0.0)(0.98,0.0)
NAME MISMATCH at index 101:
  Path1: base/widgets[0]/widget[112]/sub_widgets[0]/sub_widget[0]
  Path2: base/widgets[0]/widget[112]/sub_widgets[0]/sub_widget[1]
  Original: label
  Serialized: inc_button
SIZE MISMATCH at index 101:
  Path1: base/widgets[0]/widget[112]/sub_widgets[0]/sub_widget[0]
  Path2: base/widgets[0]/widget[112]/sub_widgets[0]/sub_widget[1]
  Original: (0.78,0.0)(0.98,0.0)
  Serialized: (0.10,0.0)(0.98,0.0)
NAME MISMATCH at index 102:
  Path1: base/widgets[0]/widget[112]/sub_widgets[0]/sub_widget[1]
  Path2: base/widgets[0]/widget[112]/sub_widgets[0]/sub_widget[2]
  Original: inc_button
  Serialized: dec_button
SUB_WIDGET COUNT MISMATCH: 104 vs 103
Missing sub_widgets in serialized:
  base/widgets[0]/widget[112]/sub_widgets[0]/sub_widget[2]: dec_button
  已通过 BannerlordModEditor.Common.Tests.FinalAnalysisTest.Final_Analysis [6 ms]
  已通过 BannerlordModEditor.Common.Tests.ParticleSystemsMapIconXmlTests.ParticleSystemsMapIcon_LoadAndSave_ShouldBeLogicallyIdentical [17 ms]
  已通过 BannerlordModEditor.Common.Tests.ParticleSystemsMapIconXmlTests.ParticleSystemsMapIcon_ValidateDataIntegrity_ShouldPassBasicChecks [1 ms]
  已通过 BannerlordModEditor.Common.Tests.ParticleSystemsMapIconXmlTests.ParticleSystemsMapIcon_SpecificEffectValidation_ShouldPassDetailedChecks [1 ms]
  已通过 BannerlordModEditor.Common.Tests.LayeredArchitectureTests.DTO_Setter_Methods_Should_Convert_To_String [< 1 ms]
  已通过 BannerlordModEditor.Common.Tests.LayeredArchitectureTests.DO_Layer_Should_Serialize_Correctly [12 ms]
  已通过 BannerlordModEditor.Common.Tests.LayeredArchitectureTests.Mapping_Between_DO_And_DTO_Should_Work [< 1 ms]
  已通过 BannerlordModEditor.Common.Tests.LayeredArchitectureTests.Full_MpItems_Structure_Should_Map_Correctly [3 ms]
  已通过 BannerlordModEditor.Common.Tests.LayeredArchitectureTests.DTO_Layer_Should_Provide_Numeric_Properties [< 1 ms]
Original nodes: 539, Serialized nodes: 539
Original attrs: 1220, Serialized attrs: 1220
  已通过 BannerlordModEditor.Common.Tests.LayeredArchitectureTests.DO_Layer_Should_Handle_Null_Values_Correctly [< 1 ms]
  已通过 BannerlordModEditor.Common.Tests.EnhancedBannerIconsXmlTests.CanSerializeWithoutThrowing [3 ms]
  已通过 BannerlordModEditor.Common.Tests.EnhancedBannerIconsXmlTests.CanDeserializeWithoutThrowing [< 1 ms]
  已通过 BannerlordModEditor.Common.Tests.EnhancedBannerIconsXmlTests.CanDeserializeAndSerialize_WithoutDataLoss [5 ms]
  已通过 BannerlordModEditor.Common.Tests.EnhancedBannerIconsXmlTests.RoundTripDeserializationMaintainsLogicalEquivalence [1 ms]
  已通过 BannerlordModEditor.Common.Tests.SimpleLooknfeelDebugTest.Simple_Looknfeel_Debug [8 ms]
  已通过 BannerlordModEditor.Common.Tests.LooknfeelDebugTest.Debug_Looknfeel_Name_Attribute_Issues [4 ms]
  已通过 BannerlordModEditor.Common.Tests.SkillsXmlTests.Skills_ValidateDataIntegrity_ShouldPassBasicChecks [8 ms]
  已通过 BannerlordModEditor.Common.Tests.SkillsXmlTests.Skills_LoadAndSave_ShouldBeLogicallyIdentical [1 ms]
[xUnit.net 00:00:15.69]       System.InvalidOperationException : There is an error in XML document (2, 2).
[xUnit.net 00:00:15.69]       ---- System.InvalidOperationException : <base xmlns=''> was not expected.
[xUnit.net 00:00:15.69]       Stack Trace:
[xUnit.net 00:00:15.69]            at System.Xml.Serialization.XmlSerializer.Deserialize(XmlReader xmlReader, String encodingStyle, XmlDeserializationEvents events)
[xUnit.net 00:00:15.69]            at System.Xml.Serialization.XmlSerializer.Deserialize(TextReader textReader)
[xUnit.net 00:00:15.69]         /root/WorkSpace/CSharp/BannerlordModEditor/BannerlordModEditor.Common.Tests/XmlTestUtils.cs(57,0): at BannerlordModEditor.Common.Tests.XmlTestUtils.Deserialize[T](String xml)
[xUnit.net 00:00:15.69]         /root/WorkSpace/CSharp/BannerlordModEditor/BannerlordModEditor.Common.Tests/PhysicsMaterialsLayoutXmlTests.cs(64,0): at BannerlordModEditor.Common.Tests.PhysicsMaterialsLayoutXmlTests.Mapper_PhysicsMaterialsLayoutDOToDTO_ShouldPreserveData()
[xUnit.net 00:00:15.69]            at System.RuntimeMethodHandle.InvokeMethod(Object target, Void** arguments, Signature sig, Boolean isConstructor)
[xUnit.net 00:00:15.69]            at System.Reflection.MethodBaseInvoker.InvokeWithNoArgs(Object obj, BindingFlags invokeAttr)
[xUnit.net 00:00:15.69]         ----- Inner Stack Trace -----
[xUnit.net 00:00:15.69]            at Microsoft.Xml.Serialization.GeneratedAssembly.XmlSerializationReaderPhysicsMaterialsLayoutDO.Read17_PhysicsMaterialsLayoutDO()
[xUnit.net 00:00:15.69]            at System.RuntimeMethodHandle.InvokeMethod(Object target, Void** arguments, Signature sig, Boolean isConstructor)
[xUnit.net 00:00:15.69]            at System.Reflection.MethodBaseInvoker.InvokeWithNoArgs(Object obj, BindingFlags invokeAttr)
[xUnit.net 00:00:15.69]       System.InvalidOperationException : There is an error in XML document (2, 2).
[xUnit.net 00:00:15.69]       ---- System.InvalidOperationException : <base xmlns=''> was not expected.
[xUnit.net 00:00:15.69]       Stack Trace:
[xUnit.net 00:00:15.69]            at System.Xml.Serialization.XmlSerializer.Deserialize(XmlReader xmlReader, String encodingStyle, XmlDeserializationEvents events)
[xUnit.net 00:00:15.69]            at System.Xml.Serialization.XmlSerializer.Deserialize(TextReader textReader)
[xUnit.net 00:00:15.69]         /root/WorkSpace/CSharp/BannerlordModEditor/BannerlordModEditor.Common.Tests/XmlTestUtils.cs(57,0): at BannerlordModEditor.Common.Tests.XmlTestUtils.Deserialize[T](String xml)
[xUnit.net 00:00:15.69]         /root/WorkSpace/CSharp/BannerlordModEditor/BannerlordModEditor.Common.Tests/PhysicsMaterialsLayoutXmlTests.cs(186,0): at BannerlordModEditor.Common.Tests.PhysicsMaterialsLayoutXmlTests.PhysicsMaterialsLayoutDO_ShouldContainProperColumnConfiguration()
[xUnit.net 00:00:15.69]            at System.RuntimeMethodHandle.InvokeMethod(Object target, Void** arguments, Signature sig, Boolean isConstructor)
[xUnit.net 00:00:15.69]            at System.Reflection.MethodBaseInvoker.InvokeWithNoArgs(Object obj, BindingFlags invokeAttr)
[xUnit.net 00:00:15.69]         ----- Inner Stack Trace -----
[xUnit.net 00:00:15.69]            at Microsoft.Xml.Serialization.GeneratedAssembly.XmlSerializationReaderPhysicsMaterialsLayoutDO.Read17_PhysicsMaterialsLayoutDO()
[xUnit.net 00:00:15.69]            at InvokeStub_XmlSerializationReaderPhysicsMaterialsLayoutDO.Read17_PhysicsMaterialsLayoutDO(Object, Object, IntPtr*)
[xUnit.net 00:00:15.69]            at System.Reflection.MethodBaseInvoker.InvokeWithNoArgs(Object obj, BindingFlags invokeAttr)
[xUnit.net 00:00:15.70]       System.InvalidOperationException : There is an error in XML document (2, 2).
[xUnit.net 00:00:15.70]       ---- System.InvalidOperationException : <base xmlns=''> was not expected.
[xUnit.net 00:00:15.70]       Stack Trace:
[xUnit.net 00:00:15.70]            at System.Xml.Serialization.XmlSerializer.Deserialize(XmlReader xmlReader, String encodingStyle, XmlDeserializationEvents events)
[xUnit.net 00:00:15.70]            at System.Xml.Serialization.XmlSerializer.Deserialize(TextReader textReader)
[xUnit.net 00:00:15.70]         /root/WorkSpace/CSharp/BannerlordModEditor/BannerlordModEditor.Common.Tests/XmlTestUtils.cs(57,0): at BannerlordModEditor.Common.Tests.XmlTestUtils.Deserialize[T](String xml)
[xUnit.net 00:00:15.70]         /root/WorkSpace/CSharp/BannerlordModEditor/BannerlordModEditor.Common.Tests/PhysicsMaterialsLayoutXmlTests.cs(104,0): at BannerlordModEditor.Common.Tests.PhysicsMaterialsLayoutXmlTests.PhysicsMaterialsLayoutDO_ShouldHandleEmptyElements()
[xUnit.net 00:00:15.70]            at System.RuntimeMethodHandle.InvokeMethod(Object target, Void** arguments, Signature sig, Boolean isConstructor)
[xUnit.net 00:00:15.70]            at System.Reflection.MethodBaseInvoker.InvokeWithNoArgs(Object obj, BindingFlags invokeAttr)
[xUnit.net 00:00:15.70]         ----- Inner Stack Trace -----
[xUnit.net 00:00:15.70]            at Microsoft.Xml.Serialization.GeneratedAssembly.XmlSerializationReaderPhysicsMaterialsLayoutDO.Read17_PhysicsMaterialsLayoutDO()
[xUnit.net 00:00:15.70]            at InvokeStub_XmlSerializationReaderPhysicsMaterialsLayoutDO.Read17_PhysicsMaterialsLayoutDO(Object, Object, IntPtr*)
[xUnit.net 00:00:15.70]            at System.Reflection.MethodBaseInvoker.InvokeWithNoArgs(Object obj, BindingFlags invokeAttr)
[xUnit.net 00:00:15.70]       System.InvalidOperationException : There is an error in XML document (2, 2).
[xUnit.net 00:00:15.70]       ---- System.InvalidOperationException : <base xmlns=''> was not expected.
[xUnit.net 00:00:15.70]       Stack Trace:
[xUnit.net 00:00:15.70]            at System.Xml.Serialization.XmlSerializer.Deserialize(XmlReader xmlReader, String encodingStyle, XmlDeserializationEvents events)
[xUnit.net 00:00:15.70]            at System.Xml.Serialization.XmlSerializer.Deserialize(TextReader textReader)
[xUnit.net 00:00:15.70]         /root/WorkSpace/CSharp/BannerlordModEditor/BannerlordModEditor.Common.Tests/XmlTestUtils.cs(57,0): at BannerlordModEditor.Common.Tests.XmlTestUtils.Deserialize[T](String xml)
[xUnit.net 00:00:15.70]         /root/WorkSpace/CSharp/BannerlordModEditor/BannerlordModEditor.Common.Tests/PhysicsMaterialsLayoutXmlTests.cs(47,0): at BannerlordModEditor.Common.Tests.PhysicsMaterialsLayoutXmlTests.Serialize_PhysicsMaterialsLayoutDO_ShouldMatchOriginal()
[xUnit.net 00:00:15.70]            at System.RuntimeMethodHandle.InvokeMethod(Object target, Void** arguments, Signature sig, Boolean isConstructor)
[xUnit.net 00:00:15.70]            at System.Reflection.MethodBaseInvoker.InvokeWithNoArgs(Object obj, BindingFlags invokeAttr)
[xUnit.net 00:00:15.70]         ----- Inner Stack Trace -----
[xUnit.net 00:00:15.70]            at Microsoft.Xml.Serialization.GeneratedAssembly.XmlSerializationReaderPhysicsMaterialsLayoutDO.Read17_PhysicsMaterialsLayoutDO()
[xUnit.net 00:00:15.70]            at InvokeStub_XmlSerializationReaderPhysicsMaterialsLayoutDO.Read17_PhysicsMaterialsLayoutDO(Object, Object, IntPtr*)
[xUnit.net 00:00:15.70]            at System.Reflection.MethodBaseInvoker.InvokeWithNoArgs(Object obj, BindingFlags invokeAttr)
[xUnit.net 00:00:15.70]       System.InvalidOperationException : There is an error in XML document (2, 2).
[xUnit.net 00:00:15.70]       ---- System.InvalidOperationException : <base xmlns=''> was not expected.
[xUnit.net 00:00:15.70]       Stack Trace:
[xUnit.net 00:00:15.70]            at System.Xml.Serialization.XmlSerializer.Deserialize(XmlReader xmlReader, String encodingStyle, XmlDeserializationEvents events)
[xUnit.net 00:00:15.70]            at System.Xml.Serialization.XmlSerializer.Deserialize(TextReader textReader)
[xUnit.net 00:00:15.70]         /root/WorkSpace/CSharp/BannerlordModEditor/BannerlordModEditor.Common.Tests/XmlTestUtils.cs(57,0): at BannerlordModEditor.Common.Tests.XmlTestUtils.Deserialize[T](String xml)
[xUnit.net 00:00:15.70]         /root/WorkSpace/CSharp/BannerlordModEditor/BannerlordModEditor.Common.Tests/PhysicsMaterialsLayoutXmlTests.cs(23,0): at BannerlordModEditor.Common.Tests.PhysicsMaterialsLayoutXmlTests.Deserialize_PhysicsMaterialsLayoutXml_ShouldSucceed()
[xUnit.net 00:00:15.70]            at System.RuntimeMethodHandle.InvokeMethod(Object target, Void** arguments, Signature sig, Boolean isConstructor)
[xUnit.net 00:00:15.70]            at System.Reflection.MethodBaseInvoker.InvokeWithNoArgs(Object obj, BindingFlags invokeAttr)
[xUnit.net 00:00:15.70]         ----- Inner Stack Trace -----
[xUnit.net 00:00:15.70]            at Microsoft.Xml.Serialization.GeneratedAssembly.XmlSerializationReaderPhysicsMaterialsLayoutDO.Read17_PhysicsMaterialsLayoutDO()
[xUnit.net 00:00:15.70]            at InvokeStub_XmlSerializationReaderPhysicsMaterialsLayoutDO.Read17_PhysicsMaterialsLayoutDO(Object, Object, IntPtr*)
[xUnit.net 00:00:15.70]            at System.Reflection.MethodBaseInvoker.InvokeWithNoArgs(Object obj, BindingFlags invokeAttr)
[xUnit.net 00:00:15.70]       System.InvalidOperationException : There is an error in XML document (2, 2).
[xUnit.net 00:00:15.70]       ---- System.InvalidOperationException : <base xmlns=''> was not expected.
[xUnit.net 00:00:15.70]       Stack Trace:
[xUnit.net 00:00:15.70]            at System.Xml.Serialization.XmlSerializer.Deserialize(XmlReader xmlReader, String encodingStyle, XmlDeserializationEvents events)
[xUnit.net 00:00:15.70]            at System.Xml.Serialization.XmlSerializer.Deserialize(TextReader textReader)
[xUnit.net 00:00:15.70]         /root/WorkSpace/CSharp/BannerlordModEditor/BannerlordModEditor.Common.Tests/XmlTestUtils.cs(57,0): at BannerlordModEditor.Common.Tests.XmlTestUtils.Deserialize[T](String xml)
[xUnit.net 00:00:15.70]         /root/WorkSpace/CSharp/BannerlordModEditor/BannerlordModEditor.Common.Tests/PhysicsMaterialsLayoutXmlTests.cs(216,0): at BannerlordModEditor.Common.Tests.PhysicsMaterialsLayoutXmlTests.PhysicsMaterialsLayoutDO_ShouldContainCorrectXmlPaths()
[xUnit.net 00:00:15.70]            at System.RuntimeMethodHandle.InvokeMethod(Object target, Void** arguments, Signature sig, Boolean isConstructor)
[xUnit.net 00:00:15.70]            at System.Reflection.MethodBaseInvoker.InvokeWithNoArgs(Object obj, BindingFlags invokeAttr)
[xUnit.net 00:00:15.70]         ----- Inner Stack Trace -----
[xUnit.net 00:00:15.70]            at Microsoft.Xml.Serialization.GeneratedAssembly.XmlSerializationReaderPhysicsMaterialsLayoutDO.Read17_PhysicsMaterialsLayoutDO()
[xUnit.net 00:00:15.70]            at InvokeStub_XmlSerializationReaderPhysicsMaterialsLayoutDO.Read17_PhysicsMaterialsLayoutDO(Object, Object, IntPtr*)
[xUnit.net 00:00:15.70]            at System.Reflection.MethodBaseInvoker.InvokeWithNoArgs(Object obj, BindingFlags invokeAttr)
[xUnit.net 00:00:15.70]       System.InvalidOperationException : There is an error in XML document (2, 2).
[xUnit.net 00:00:15.70]       ---- System.InvalidOperationException : <base xmlns=''> was not expected.
[xUnit.net 00:00:15.70]       Stack Trace:
[xUnit.net 00:00:15.70]            at System.Xml.Serialization.XmlSerializer.Deserialize(XmlReader xmlReader, String encodingStyle, XmlDeserializationEvents events)
[xUnit.net 00:00:15.70]            at System.Xml.Serialization.XmlSerializer.Deserialize(TextReader textReader)
[xUnit.net 00:00:15.70]         /root/WorkSpace/CSharp/BannerlordModEditor/BannerlordModEditor.Common.Tests/XmlTestUtils.cs(57,0): at BannerlordModEditor.Common.Tests.XmlTestUtils.Deserialize[T](String xml)
[xUnit.net 00:00:15.70]         /root/WorkSpace/CSharp/BannerlordModEditor/BannerlordModEditor.Common.Tests/PhysicsMaterialsLayoutXmlTests.cs(144,0): at BannerlordModEditor.Common.Tests.PhysicsMaterialsLayoutXmlTests.PhysicsMaterialsLayoutDO_ShouldContainSpecificItemFields()
[xUnit.net 00:00:15.70]            at System.RuntimeMethodHandle.InvokeMethod(Object target, Void** arguments, Signature sig, Boolean isConstructor)
[xUnit.net 00:00:15.70]            at System.Reflection.MethodBaseInvoker.InvokeWithNoArgs(Object obj, BindingFlags invokeAttr)
[xUnit.net 00:00:15.70]         ----- Inner Stack Trace -----
[xUnit.net 00:00:15.70]            at Microsoft.Xml.Serialization.GeneratedAssembly.XmlSerializationReaderPhysicsMaterialsLayoutDO.Read17_PhysicsMaterialsLayoutDO()
[xUnit.net 00:00:15.70]            at InvokeStub_XmlSerializationReaderPhysicsMaterialsLayoutDO.Read17_PhysicsMaterialsLayoutDO(Object, Object, IntPtr*)
[xUnit.net 00:00:15.70]            at System.Reflection.MethodBaseInvoker.InvokeWithNoArgs(Object obj, BindingFlags invokeAttr)
  失败 BannerlordModEditor.Common.Tests.PhysicsMaterialsLayoutXmlTests.Mapper_PhysicsMaterialsLayoutDOToDTO_ShouldPreserveData [6 ms]
  错误消息:
   System.InvalidOperationException : There is an error in XML document (2, 2).
---- System.InvalidOperationException : <base xmlns=''> was not expected.
  堆栈跟踪:
     at System.Xml.Serialization.XmlSerializer.Deserialize(XmlReader xmlReader, String encodingStyle, XmlDeserializationEvents events)
   at System.Xml.Serialization.XmlSerializer.Deserialize(TextReader textReader)
   at BannerlordModEditor.Common.Tests.XmlTestUtils.Deserialize[T](String xml) in /root/WorkSpace/CSharp/BannerlordModEditor/BannerlordModEditor.Common.Tests/XmlTestUtils.cs:line 57
   at BannerlordModEditor.Common.Tests.PhysicsMaterialsLayoutXmlTests.Mapper_PhysicsMaterialsLayoutDOToDTO_ShouldPreserveData() in /root/WorkSpace/CSharp/BannerlordModEditor/BannerlordModEditor.Common.Tests/PhysicsMaterialsLayoutXmlTests.cs:line 64
   at System.RuntimeMethodHandle.InvokeMethod(Object target, Void** arguments, Signature sig, Boolean isConstructor)
   at System.Reflection.MethodBaseInvoker.InvokeWithNoArgs(Object obj, BindingFlags invokeAttr)
----- Inner Stack Trace -----
   at Microsoft.Xml.Serialization.GeneratedAssembly.XmlSerializationReaderPhysicsMaterialsLayoutDO.Read17_PhysicsMaterialsLayoutDO()
   at System.RuntimeMethodHandle.InvokeMethod(Object target, Void** arguments, Signature sig, Boolean isConstructor)
   at System.Reflection.MethodBaseInvoker.InvokeWithNoArgs(Object obj, BindingFlags invokeAttr)
  失败 BannerlordModEditor.Common.Tests.PhysicsMaterialsLayoutXmlTests.PhysicsMaterialsLayoutDO_ShouldContainProperColumnConfiguration [< 1 ms]
  错误消息:
   System.InvalidOperationException : There is an error in XML document (2, 2).
---- System.InvalidOperationException : <base xmlns=''> was not expected.
  堆栈跟踪:
     at System.Xml.Serialization.XmlSerializer.Deserialize(XmlReader xmlReader, String encodingStyle, XmlDeserializationEvents events)
   at System.Xml.Serialization.XmlSerializer.Deserialize(TextReader textReader)
   at BannerlordModEditor.Common.Tests.XmlTestUtils.Deserialize[T](String xml) in /root/WorkSpace/CSharp/BannerlordModEditor/BannerlordModEditor.Common.Tests/XmlTestUtils.cs:line 57
   at BannerlordModEditor.Common.Tests.PhysicsMaterialsLayoutXmlTests.PhysicsMaterialsLayoutDO_ShouldContainProperColumnConfiguration() in /root/WorkSpace/CSharp/BannerlordModEditor/BannerlordModEditor.Common.Tests/PhysicsMaterialsLayoutXmlTests.cs:line 186
   at System.RuntimeMethodHandle.InvokeMethod(Object target, Void** arguments, Signature sig, Boolean isConstructor)
   at System.Reflection.MethodBaseInvoker.InvokeWithNoArgs(Object obj, BindingFlags invokeAttr)
----- Inner Stack Trace -----
   at Microsoft.Xml.Serialization.GeneratedAssembly.XmlSerializationReaderPhysicsMaterialsLayoutDO.Read17_PhysicsMaterialsLayoutDO()
   at InvokeStub_XmlSerializationReaderPhysicsMaterialsLayoutDO.Read17_PhysicsMaterialsLayoutDO(Object, Object, IntPtr*)
   at System.Reflection.MethodBaseInvoker.InvokeWithNoArgs(Object obj, BindingFlags invokeAttr)
  失败 BannerlordModEditor.Common.Tests.PhysicsMaterialsLayoutXmlTests.PhysicsMaterialsLayoutDO_ShouldHandleEmptyElements [< 1 ms]
  错误消息:
   System.InvalidOperationException : There is an error in XML document (2, 2).
---- System.InvalidOperationException : <base xmlns=''> was not expected.
  堆栈跟踪:
     at System.Xml.Serialization.XmlSerializer.Deserialize(XmlReader xmlReader, String encodingStyle, XmlDeserializationEvents events)
   at System.Xml.Serialization.XmlSerializer.Deserialize(TextReader textReader)
   at BannerlordModEditor.Common.Tests.XmlTestUtils.Deserialize[T](String xml) in /root/WorkSpace/CSharp/BannerlordModEditor/BannerlordModEditor.Common.Tests/XmlTestUtils.cs:line 57
   at BannerlordModEditor.Common.Tests.PhysicsMaterialsLayoutXmlTests.PhysicsMaterialsLayoutDO_ShouldHandleEmptyElements() in /root/WorkSpace/CSharp/BannerlordModEditor/BannerlordModEditor.Common.Tests/PhysicsMaterialsLayoutXmlTests.cs:line 104
   at System.RuntimeMethodHandle.InvokeMethod(Object target, Void** arguments, Signature sig, Boolean isConstructor)
   at System.Reflection.MethodBaseInvoker.InvokeWithNoArgs(Object obj, BindingFlags invokeAttr)
----- Inner Stack Trace -----
   at Microsoft.Xml.Serialization.GeneratedAssembly.XmlSerializationReaderPhysicsMaterialsLayoutDO.Read17_PhysicsMaterialsLayoutDO()
   at InvokeStub_XmlSerializationReaderPhysicsMaterialsLayoutDO.Read17_PhysicsMaterialsLayoutDO(Object, Object, IntPtr*)
   at System.Reflection.MethodBaseInvoker.InvokeWithNoArgs(Object obj, BindingFlags invokeAttr)
  失败 BannerlordModEditor.Common.Tests.PhysicsMaterialsLayoutXmlTests.Serialize_PhysicsMaterialsLayoutDO_ShouldMatchOriginal [< 1 ms]
  错误消息:
   System.InvalidOperationException : There is an error in XML document (2, 2).
---- System.InvalidOperationException : <base xmlns=''> was not expected.
  堆栈跟踪:
     at System.Xml.Serialization.XmlSerializer.Deserialize(XmlReader xmlReader, String encodingStyle, XmlDeserializationEvents events)
   at System.Xml.Serialization.XmlSerializer.Deserialize(TextReader textReader)
   at BannerlordModEditor.Common.Tests.XmlTestUtils.Deserialize[T](String xml) in /root/WorkSpace/CSharp/BannerlordModEditor/BannerlordModEditor.Common.Tests/XmlTestUtils.cs:line 57
   at BannerlordModEditor.Common.Tests.PhysicsMaterialsLayoutXmlTests.Serialize_PhysicsMaterialsLayoutDO_ShouldMatchOriginal() in /root/WorkSpace/CSharp/BannerlordModEditor/BannerlordModEditor.Common.Tests/PhysicsMaterialsLayoutXmlTests.cs:line 47
   at System.RuntimeMethodHandle.InvokeMethod(Object target, Void** arguments, Signature sig, Boolean isConstructor)
   at System.Reflection.MethodBaseInvoker.InvokeWithNoArgs(Object obj, BindingFlags invokeAttr)
----- Inner Stack Trace -----
   at Microsoft.Xml.Serialization.GeneratedAssembly.XmlSerializationReaderPhysicsMaterialsLayoutDO.Read17_PhysicsMaterialsLayoutDO()
   at InvokeStub_XmlSerializationReaderPhysicsMaterialsLayoutDO.Read17_PhysicsMaterialsLayoutDO(Object, Object, IntPtr*)
   at System.Reflection.MethodBaseInvoker.InvokeWithNoArgs(Object obj, BindingFlags invokeAttr)
  失败 BannerlordModEditor.Common.Tests.PhysicsMaterialsLayoutXmlTests.Deserialize_PhysicsMaterialsLayoutXml_ShouldSucceed [< 1 ms]
  错误消息:
   System.InvalidOperationException : There is an error in XML document (2, 2).
---- System.InvalidOperationException : <base xmlns=''> was not expected.
  堆栈跟踪:
     at System.Xml.Serialization.XmlSerializer.Deserialize(XmlReader xmlReader, String encodingStyle, XmlDeserializationEvents events)
   at System.Xml.Serialization.XmlSerializer.Deserialize(TextReader textReader)
   at BannerlordModEditor.Common.Tests.XmlTestUtils.Deserialize[T](String xml) in /root/WorkSpace/CSharp/BannerlordModEditor/BannerlordModEditor.Common.Tests/XmlTestUtils.cs:line 57
   at BannerlordModEditor.Common.Tests.PhysicsMaterialsLayoutXmlTests.Deserialize_PhysicsMaterialsLayoutXml_ShouldSucceed() in /root/WorkSpace/CSharp/BannerlordModEditor/BannerlordModEditor.Common.Tests/PhysicsMaterialsLayoutXmlTests.cs:line 23
   at System.RuntimeMethodHandle.InvokeMethod(Object target, Void** arguments, Signature sig, Boolean isConstructor)
   at System.Reflection.MethodBaseInvoker.InvokeWithNoArgs(Object obj, BindingFlags invokeAttr)
----- Inner Stack Trace -----
   at Microsoft.Xml.Serialization.GeneratedAssembly.XmlSerializationReaderPhysicsMaterialsLayoutDO.Read17_PhysicsMaterialsLayoutDO()
   at InvokeStub_XmlSerializationReaderPhysicsMaterialsLayoutDO.Read17_PhysicsMaterialsLayoutDO(Object, Object, IntPtr*)
   at System.Reflection.MethodBaseInvoker.InvokeWithNoArgs(Object obj, BindingFlags invokeAttr)
  失败 BannerlordModEditor.Common.Tests.PhysicsMaterialsLayoutXmlTests.PhysicsMaterialsLayoutDO_ShouldContainCorrectXmlPaths [< 1 ms]
  错误消息:
   System.InvalidOperationException : There is an error in XML document (2, 2).
---- System.InvalidOperationException : <base xmlns=''> was not expected.
  堆栈跟踪:
     at System.Xml.Serialization.XmlSerializer.Deserialize(XmlReader xmlReader, String encodingStyle, XmlDeserializationEvents events)
   at System.Xml.Serialization.XmlSerializer.Deserialize(TextReader textReader)
   at BannerlordModEditor.Common.Tests.XmlTestUtils.Deserialize[T](String xml) in /root/WorkSpace/CSharp/BannerlordModEditor/BannerlordModEditor.Common.Tests/XmlTestUtils.cs:line 57
   at BannerlordModEditor.Common.Tests.PhysicsMaterialsLayoutXmlTests.PhysicsMaterialsLayoutDO_ShouldContainCorrectXmlPaths() in /root/WorkSpace/CSharp/BannerlordModEditor/BannerlordModEditor.Common.Tests/PhysicsMaterialsLayoutXmlTests.cs:line 216
   at System.RuntimeMethodHandle.InvokeMethod(Object target, Void** arguments, Signature sig, Boolean isConstructor)
   at System.Reflection.MethodBaseInvoker.InvokeWithNoArgs(Object obj, BindingFlags invokeAttr)
----- Inner Stack Trace -----
   at Microsoft.Xml.Serialization.GeneratedAssembly.XmlSerializationReaderPhysicsMaterialsLayoutDO.Read17_PhysicsMaterialsLayoutDO()
   at InvokeStub_XmlSerializationReaderPhysicsMaterialsLayoutDO.Read17_PhysicsMaterialsLayoutDO(Object, Object, IntPtr*)
   at System.Reflection.MethodBaseInvoker.InvokeWithNoArgs(Object obj, BindingFlags invokeAttr)
  失败 BannerlordModEditor.Common.Tests.PhysicsMaterialsLayoutXmlTests.PhysicsMaterialsLayoutDO_ShouldContainSpecificItemFields [< 1 ms]
  错误消息:
   System.InvalidOperationException : There is an error in XML document (2, 2).
---- System.InvalidOperationException : <base xmlns=''> was not expected.
  堆栈跟踪:
     at System.Xml.Serialization.XmlSerializer.Deserialize(XmlReader xmlReader, String encodingStyle, XmlDeserializationEvents events)
   at System.Xml.Serialization.XmlSerializer.Deserialize(TextReader textReader)
   at BannerlordModEditor.Common.Tests.XmlTestUtils.Deserialize[T](String xml) in /root/WorkSpace/CSharp/BannerlordModEditor/BannerlordModEditor.Common.Tests/XmlTestUtils.cs:line 57
   at BannerlordModEditor.Common.Tests.PhysicsMaterialsLayoutXmlTests.PhysicsMaterialsLayoutDO_ShouldContainSpecificItemFields() in /root/WorkSpace/CSharp/BannerlordModEditor/BannerlordModEditor.Common.Tests/PhysicsMaterialsLayoutXmlTests.cs:line 144
   at System.RuntimeMethodHandle.InvokeMethod(Object target, Void** arguments, Signature sig, Boolean isConstructor)
   at System.Reflection.MethodBaseInvoker.InvokeWithNoArgs(Object obj, BindingFlags invokeAttr)
----- Inner Stack Trace -----
   at Microsoft.Xml.Serialization.GeneratedAssembly.XmlSerializationReaderPhysicsMaterialsLayoutDO.Read17_PhysicsMaterialsLayoutDO()
   at InvokeStub_XmlSerializationReaderPhysicsMaterialsLayoutDO.Read17_PhysicsMaterialsLayoutDO(Object, Object, IntPtr*)
   at System.Reflection.MethodBaseInvoker.InvokeWithNoArgs(Object obj, BindingFlags invokeAttr)
  已通过 BannerlordModEditor.Common.Tests.WaterPrefabsXmlTests.WaterPrefabs_EmptyFile_HandlesGracefully [3 ms]
  已通过 BannerlordModEditor.Common.Tests.WaterPrefabsXmlTests.WaterPrefabs_WithSpecialCases_CanDeserializeFromXml [1 ms]
=== 原始XML分析 ===
总节点数: 539
总属性数: 1220
=== 元素类型分布 ===
widget: 113
sub_widget: 104
meshes: 94
sub_widgets: 73
background_mesh: 51
button_mesh: 42
button_pressed_mesh: 36
highlight_mesh: 18
cursor_mesh: 2
left_border_mesh: 2
right_border_mesh: 2
base: 1
widgets: 1
=== 序列化后XML分析 ===
总节点数: 539
总属性数: 1220
=== 序列化后元素类型分布 ===
widget: 113
sub_widget: 104
meshes: 94
sub_widgets: 73
background_mesh: 51
button_mesh: 42
button_pressed_mesh: 36
highlight_mesh: 18
cursor_mesh: 2
left_border_mesh: 2
right_border_mesh: 2
base: 1
widgets: 1
=== 节点差异分析 ===
=== 详细节点分析 ===
位置 7: 原始=sub_widgets, 序列化=meshes
位置 8: 原始=sub_widget, 序列化=button_mesh
位置 9: 原始=meshes, 序列化=button_pressed_mesh
位置 10: 原始=button_mesh, 序列化=highlight_mesh
位置 11: 原始=button_pressed_mesh, 序列化=sub_widgets
位置 12: 原始=highlight_mesh, 序列化=sub_widget
位置 40: 原始=sub_widgets, 序列化=meshes
位置 41: 原始=sub_widget, 序列化=background_mesh
位置 42: 原始=meshes, 序列化=sub_widgets
位置 43: 原始=background_mesh, 序列化=sub_widget
位置 64: 原始=sub_widgets, 序列化=meshes
位置 65: 原始=sub_widget, 序列化=background_mesh
位置 66: 原始=meshes, 序列化=sub_widgets
位置 67: 原始=background_mesh, 序列化=sub_widget
位置 79: 原始=sub_widgets, 序列化=meshes
位置 80: 原始=sub_widget, 序列化=button_mesh
位置 81: 原始=meshes, 序列化=button_pressed_mesh
位置 82: 原始=button_mesh, 序列化=sub_widgets
位置 83: 原始=button_pressed_mesh, 序列化=sub_widget
位置 103: 原始=sub_widgets, 序列化=meshes
位置 104: 原始=sub_widget, 序列化=background_mesh
位置 105: 原始=meshes, 序列化=sub_widgets
位置 106: 原始=background_mesh, 序列化=sub_widget
位置 143: 原始=sub_widgets, 序列化=meshes
位置 144: 原始=sub_widget, 序列化=button_mesh
位置 145: 原始=meshes, 序列化=button_pressed_mesh
位置 146: 原始=button_mesh, 序列化=sub_widgets
位置 147: 原始=button_pressed_mesh, 序列化=sub_widget
位置 157: 原始=sub_widgets, 序列化=meshes
位置 158: 原始=sub_widget, 序列化=button_mesh
位置 159: 原始=meshes, 序列化=button_pressed_mesh
位置 160: 原始=button_mesh, 序列化=sub_widgets
位置 161: 原始=button_pressed_mesh, 序列化=sub_widget
位置 174: 原始=button_mesh, 序列化=background_mesh
位置 175: 原始=background_mesh, 序列化=button_mesh
位置 195: 原始=sub_widgets, 序列化=meshes
位置 196: 原始=sub_widget, 序列化=background_mesh
位置 197: 原始=meshes, 序列化=sub_widgets
位置 198: 原始=background_mesh, 序列化=sub_widget
位置 200: 原始=sub_widgets, 序列化=meshes
位置 201: 原始=sub_widget, 序列化=background_mesh
位置 202: 原始=meshes, 序列化=sub_widgets
位置 203: 原始=background_mesh, 序列化=sub_widget
位置 205: 原始=sub_widgets, 序列化=meshes
位置 206: 原始=sub_widget, 序列化=background_mesh
位置 207: 原始=meshes, 序列化=sub_widgets
位置 208: 原始=background_mesh, 序列化=sub_widget
位置 257: 原始=sub_widgets, 序列化=meshes
位置 258: 原始=sub_widget, 序列化=button_mesh
位置 259: 原始=meshes, 序列化=button_pressed_mesh
位置 260: 原始=button_mesh, 序列化=sub_widgets
位置 261: 原始=button_pressed_mesh, 序列化=sub_widget
位置 354: 原始=sub_widgets, 序列化=meshes
位置 355: 原始=sub_widget, 序列化=background_mesh
位置 356: 原始=meshes, 序列化=sub_widgets
位置 357: 原始=background_mesh, 序列化=sub_widget
位置 382: 原始=sub_widgets, 序列化=meshes
位置 383: 原始=sub_widget, 序列化=button_mesh
位置 384: 原始=meshes, 序列化=button_pressed_mesh
位置 385: 原始=button_mesh, 序列化=sub_widgets
位置 386: 原始=button_pressed_mesh, 序列化=sub_widget
位置 476: 原始=sub_widgets, 序列化=meshes
位置 477: 原始=sub_widget, 序列化=background_mesh
位置 478: 原始=meshes, 序列化=sub_widgets
位置 479: 原始=background_mesh, 序列化=sub_widget
位置 481: 原始=sub_widgets, 序列化=meshes
位置 482: 原始=sub_widget, 序列化=background_mesh
位置 483: 原始=meshes, 序列化=sub_widgets
位置 484: 原始=background_mesh, 序列化=sub_widget
位置 495: 原始=sub_widgets, 序列化=meshes
位置 496: 原始=sub_widget, 序列化=button_mesh
位置 497: 原始=sub_widgets, 序列化=button_pressed_mesh
位置 498: 原始=sub_widget, 序列化=sub_widgets
位置 499: 原始=meshes, 序列化=sub_widget
位置 500: 原始=button_mesh, 序列化=sub_widgets
位置 501: 原始=button_pressed_mesh, 序列化=sub_widget
位置 503: 原始=sub_widgets, 序列化=meshes
位置 504: 原始=sub_widget, 序列化=button_mesh
位置 505: 原始=meshes, 序列化=button_pressed_mesh
位置 506: 原始=button_mesh, 序列化=sub_widgets
位置 507: 原始=button_pressed_mesh, 序列化=sub_widget
位置 509: 原始=sub_widgets, 序列化=meshes
位置 510: 原始=sub_widget, 序列化=button_mesh
位置 511: 原始=meshes, 序列化=button_pressed_mesh
位置 512: 原始=button_mesh, 序列化=sub_widgets
位置 513: 原始=button_pressed_mesh, 序列化=sub_widget
位置 515: 原始=sub_widgets, 序列化=meshes
位置 516: 原始=sub_widget, 序列化=button_mesh
位置 517: 原始=meshes, 序列化=button_pressed_mesh
位置 518: 原始=button_mesh, 序列化=sub_widgets
位置 519: 原始=button_pressed_mesh, 序列化=sub_widget
位置 521: 原始=sub_widgets, 序列化=meshes
位置 522: 原始=sub_widget, 序列化=button_mesh
位置 523: 原始=meshes, 序列化=button_pressed_mesh
位置 524: 原始=button_mesh, 序列化=sub_widgets
位置 525: 原始=button_pressed_mesh, 序列化=sub_widget
  已通过 BannerlordModEditor.Common.Tests.WaterPrefabsXmlTests.WaterPrefabs_RoundTripSerialization_MaintainsData [< 1 ms]
  已通过 BannerlordModEditor.Common.Tests.WaterPrefabsXmlTests.WaterPrefabs_CanDeserializeFromXml [< 1 ms]
  已通过 BannerlordModEditor.Common.Tests.WaterPrefabsXmlTests.WaterPrefabs_CanSerializeToXml [< 1 ms]
  已通过 BannerlordModEditor.Common.Tests.LooknfeelDOStructureTest.LooknfeelDO_Element_Count_Analysis [7 ms]
  已通过 BannerlordModEditor.Common.Tests.HybridXml.LooknfeelNodeCountFixTests.HybridXml_PatchApplication_ShouldOnlyChangeModifiedParts [< 1 ms]
  已通过 BannerlordModEditor.Common.Tests.HybridXml.LooknfeelNodeCountFixTests.HybridXml_CompareWithOldArchitecture_ShouldShowImprovement [< 1 ms]
  已通过 BannerlordModEditor.Common.Tests.HybridXml.LooknfeelNodeCountFixTests.HybridXml_WidgetStructure_ShouldBePreserved [< 1 ms]
  已通过 BannerlordModEditor.Common.Tests.HybridXml.LooknfeelNodeCountFixTests.HybridXml_LoadAndSave_ShouldPreserveNodeCount [< 1 ms]
  已通过 BannerlordModEditor.Common.Tests.CreditsLegalConsoleXmlTests.CreditsLegalConsole_SerializeAndDeserialize_ShouldMaintainImageElements [8 ms]
Original widgets count: 113
Serialized widgets count: 113
=== Detailed analysis around index 107 ===
Original[105]: mbedit_scrollbar_h (type: Scrollbar_Widget)
Serialized[105]: mbedit_scrollbar_h (type: Scrollbar_Widget)
Original[106]: mbedit_scrollable (type: Scrollable_widget)
Serialized[106]: mbedit_scrollable (type: Scrollable_widget)
Original[107]: facegen_reset_button (type: Button_widget)
Serialized[107]: facegen_reset_button (type: Button_widget)
Original[108]: facegen_random_button (type: Button_widget)
Serialized[108]: facegen_random_button (type: Button_widget)
Original[109]: facegen_button (type: Button_widget)
Serialized[109]: facegen_button (type: Button_widget)
Original[110]: facegen_arrow_up (type: Button_widget)
Serialized[110]: facegen_arrow_up (type: Button_widget)
Original[111]: facegen_arrow_down (type: Button_widget)
Serialized[111]: facegen_arrow_down (type: Button_widget)
Original[112]: facegen_selection (type: Selection_widget)
Serialized[112]: facegen_selection (type: Selection_widget)
  已通过 BannerlordModEditor.Common.Tests.CreditsLegalConsoleXmlTests.CreditsLegalConsole_ValidateDataIntegrity_ShouldPassBasicChecks [2 ms]
  已通过 BannerlordModEditor.Common.Tests.CreditsLegalConsoleXmlTests.CreditsLegalConsole_LoadAndSave_ShouldBeLogicallyIdentical [< 1 ms]
  已通过 BannerlordModEditor.Common.Tests.DecalTexturesBattleXmlTests.DecalTexturesBattle_RoundTrip_StructuralEquality [6 ms]
  已通过 BannerlordModEditor.Common.Tests.MusicXmlTests.Music_ValidateDataIntegrity_ShouldPassBasicChecks [6 ms]
  已通过 BannerlordModEditor.Common.Tests.MusicXmlTests.Music_LoadAndSave_ShouldBeLogicallyIdentical [1 ms]
  已通过 BannerlordModEditor.Common.Tests.MusicXmlTests.Music_LoadWithMissingOrEmptyFields_ShouldHandleOptionalNodes [< 1 ms]
  已通过 BannerlordModEditor.Common.Tests.FindMissingWidgetTest.Find_Missing_Widget [7 ms]
  已通过 BannerlordModEditor.Common.Tests.BannerIconsIntegrationTests.RealDataIntegration_LargeBannerIconsFile_HandlesCorrectly [6 ms]
  已通过 BannerlordModEditor.Common.Tests.BannerIconsIntegrationTests.ErrorHandling_MissingRequiredElements_HandlesGracefully [< 1 ms]
[xUnit.net 00:00:15.77]       Assert.True() Failure
[xUnit.net 00:00:15.77]       Expected: True
[xUnit.net 00:00:15.77]       Actual:   False
[xUnit.net 00:00:15.77]       Stack Trace:
[xUnit.net 00:00:15.77]         /root/WorkSpace/CSharp/BannerlordModEditor/BannerlordModEditor.Common.Tests/BannerIconsIntegrationTests.cs(178,0): at BannerlordModEditor.Common.Tests.BannerIconsIntegrationTests.XmlTestUtils_EnhancedFeatures_WorkWithBannerIcons()
[xUnit.net 00:00:15.77]            at System.RuntimeMethodHandle.InvokeMethod(Object target, Void** arguments, Signature sig, Boolean isConstructor)
[xUnit.net 00:00:15.77]            at System.Reflection.MethodBaseInvoker.InvokeWithNoArgs(Object obj, BindingFlags invokeAttr)
[xUnit.net 00:00:15.77]       Assert.Throws() Failure: No exception was thrown
[xUnit.net 00:00:15.77]       Expected: typeof(System.InvalidOperationException)
[xUnit.net 00:00:15.77]       Stack Trace:
[xUnit.net 00:00:15.77]         /root/WorkSpace/CSharp/BannerlordModEditor/BannerlordModEditor.Common.Tests/BannerIconsIntegrationTests.cs(360,0): at BannerlordModEditor.Common.Tests.BannerIconsIntegrationTests.ErrorHandling_MalformedXml_ThrowsAppropriateException()
[xUnit.net 00:00:15.77]            at System.RuntimeMethodHandle.InvokeMethod(Object target, Void** arguments, Signature sig, Boolean isConstructor)
[xUnit.net 00:00:15.77]            at System.Reflection.MethodBaseInvoker.InvokeWithNoArgs(Object obj, BindingFlags invokeAttr)
  已通过 BannerlordModEditor.Common.Tests.BannerIconsIntegrationTests.XmlSerialization_DeserializeAndSerialize_ProducesIdenticalStructure [3 ms]
  已通过 BannerlordModEditor.Common.Tests.BannerIconsIntegrationTests.RealDataIntegration_EnhancedXmlTestUtils_PreservesStructure [7 ms]
  已通过 BannerlordModEditor.Common.Tests.BannerIconsIntegrationTests.CompleteRoundTrip_WithEmptyElements_PreservesEmptyFlags [< 1 ms]
  已通过 BannerlordModEditor.Common.Tests.BannerIconsIntegrationTests.XmlSerialization_RealBannerIconsXml_MatchesExpectedStructure [< 1 ms]
  已通过 BannerlordModEditor.Common.Tests.BannerIconsIntegrationTests.CompleteRoundTrip_RealXml_PreservesStructure [5 ms]
  失败 BannerlordModEditor.Common.Tests.BannerIconsIntegrationTests.XmlTestUtils_EnhancedFeatures_WorkWithBannerIcons [< 1 ms]
  错误消息:
   Assert.True() Failure
Expected: True
Actual:   False
  堆栈跟踪:
     at BannerlordModEditor.Common.Tests.BannerIconsIntegrationTests.XmlTestUtils_EnhancedFeatures_WorkWithBannerIcons() in /root/WorkSpace/CSharp/BannerlordModEditor/BannerlordModEditor.Common.Tests/BannerIconsIntegrationTests.cs:line 178
   at System.RuntimeMethodHandle.InvokeMethod(Object target, Void** arguments, Signature sig, Boolean isConstructor)
   at System.Reflection.MethodBaseInvoker.InvokeWithNoArgs(Object obj, BindingFlags invokeAttr)
  失败 BannerlordModEditor.Common.Tests.BannerIconsIntegrationTests.ErrorHandling_MalformedXml_ThrowsAppropriateException [< 1 ms]
  错误消息:
   Assert.Throws() Failure: No exception was thrown
Expected: typeof(System.InvalidOperationException)
  堆栈跟踪:
     at BannerlordModEditor.Common.Tests.BannerIconsIntegrationTests.ErrorHandling_MalformedXml_ThrowsAppropriateException() in /root/WorkSpace/CSharp/BannerlordModEditor/BannerlordModEditor.Common.Tests/BannerIconsIntegrationTests.cs:line 360
   at System.RuntimeMethodHandle.InvokeMethod(Object target, Void** arguments, Signature sig, Boolean isConstructor)
   at System.Reflection.MethodBaseInvoker.InvokeWithNoArgs(Object obj, BindingFlags invokeAttr)
  已通过 BannerlordModEditor.Common.Tests.BannerIconsIntegrationTests.XmlTestUtils_BooleanNormalization_HandlesBannerIconsBooleans [< 1 ms]
  已通过 BannerlordModEditor.Common.Tests.BannerIconsIntegrationTests.ErrorHandling_InvalidAttributeValues_HandlesGracefully [< 1 ms]
[xUnit.net 00:00:15.78]       Assert.Equal() Failure: Values differ
[xUnit.net 00:00:15.78]       Expected: False
[xUnit.net 00:00:15.78]       Actual:   True
[xUnit.net 00:00:15.78]       Stack Trace:
[xUnit.net 00:00:15.78]         /root/WorkSpace/CSharp/BannerlordModEditor/BannerlordModEditor.Common.Tests/BannerIconsIntegrationTests.cs(515,0): at BannerlordModEditor.Common.Tests.BannerIconsIntegrationTests.AssertDeepEquality(BannerIconsDO expected, BannerIconsDO actual)
[xUnit.net 00:00:15.78]         /root/WorkSpace/CSharp/BannerlordModEditor/BannerlordModEditor.Common.Tests/BannerIconsIntegrationTests.cs(56,0): at BannerlordModEditor.Common.Tests.BannerIconsIntegrationTests.CompleteRoundTrip_ComplexObject_PreservesAllData()
[xUnit.net 00:00:15.78]            at System.RuntimeMethodHandle.InvokeMethod(Object target, Void** arguments, Signature sig, Boolean isConstructor)
[xUnit.net 00:00:15.78]            at System.Reflection.MethodBaseInvoker.InvokeWithNoArgs(Object obj, BindingFlags invokeAttr)
[xUnit.net 00:00:15.78]       Assert.False() Failure
[xUnit.net 00:00:15.78]       Expected: False
[xUnit.net 00:00:15.78]       Actual:   True
[xUnit.net 00:00:15.78]       Stack Trace:
[xUnit.net 00:00:15.78]         /root/WorkSpace/CSharp/BannerlordModEditor/BannerlordModEditor.Common.Tests/BannerIconsEmptyElementsTests.cs(618,0): at BannerlordModEditor.Common.Tests.BannerIconsEmptyElementsTests.IconDO_ShouldSerializeTextureIndex_InvalidTextureIndex_ReturnsFalse(String textureIndex)
[xUnit.net 00:00:15.78]            at InvokeStub_BannerIconsEmptyElementsTests.IconDO_ShouldSerializeTextureIndex_InvalidTextureIndex_ReturnsFalse(Object, Span`1)
[xUnit.net 00:00:15.78]            at System.Reflection.MethodBaseInvoker.InvokeWithOneArg(Object obj, BindingFlags invokeAttr, Binder binder, Object[] parameters, CultureInfo culture)
[xUnit.net 00:00:15.78]       Assert.False() Failure
[xUnit.net 00:00:15.78]       Expected: False
[xUnit.net 00:00:15.78]       Actual:   True
[xUnit.net 00:00:15.78]       Stack Trace:
[xUnit.net 00:00:15.78]         /root/WorkSpace/CSharp/BannerlordModEditor/BannerlordModEditor.Common.Tests/BannerIconsEmptyElementsTests.cs(309,0): at BannerlordModEditor.Common.Tests.BannerIconsEmptyElementsTests.BannerIconGroupDO_ShouldSerializeIsPattern_InvalidIsPattern_ReturnsFalse(String isPattern)
[xUnit.net 00:00:15.78]            at System.RuntimeMethodHandle.InvokeMethod(Object target, Void** arguments, Signature sig, Boolean isConstructor)
[xUnit.net 00:00:15.78]            at System.Reflection.MethodBaseInvoker.InvokeDirectByRefWithFewArgs(Object obj, Span`1 copyOfArgs, BindingFlags invokeAttr)
  失败 BannerlordModEditor.Common.Tests.BannerIconsIntegrationTests.CompleteRoundTrip_ComplexObject_PreservesAllData [< 1 ms]
  错误消息:
   Assert.Equal() Failure: Values differ
Expected: False
Actual:   True
  堆栈跟踪:
     at BannerlordModEditor.Common.Tests.BannerIconsIntegrationTests.AssertDeepEquality(BannerIconsDO expected, BannerIconsDO actual) in /root/WorkSpace/CSharp/BannerlordModEditor/BannerlordModEditor.Common.Tests/BannerIconsIntegrationTests.cs:line 515
   at BannerlordModEditor.Common.Tests.BannerIconsIntegrationTests.CompleteRoundTrip_ComplexObject_PreservesAllData() in /root/WorkSpace/CSharp/BannerlordModEditor/BannerlordModEditor.Common.Tests/BannerIconsIntegrationTests.cs:line 56
   at System.RuntimeMethodHandle.InvokeMethod(Object target, Void** arguments, Signature sig, Boolean isConstructor)
   at System.Reflection.MethodBaseInvoker.InvokeWithNoArgs(Object obj, BindingFlags invokeAttr)
  已通过 BannerlordModEditor.Common.Tests.BannerIconsIntegrationTests.XmlTestUtils_CompareXmlStructure_DetectsBannerIconsDifferences [< 1 ms]
  已通过 BannerlordModEditor.Common.Tests.BannerIconsIntegrationTests.XmlTestUtils_CleanXmlForComparison_HandlesBannerIconsCorrectly [< 1 ms]
  已通过 BannerlordModEditor.Common.Tests.BannerIconsEmptyElementsTests.IconDO_ShouldSerializeTextureIndex_InvalidTextureIndex_ReturnsFalse(textureIndex: null) [< 1 ms]
  已通过 BannerlordModEditor.Common.Tests.BannerIconsEmptyElementsTests.IconDO_ShouldSerializeTextureIndex_InvalidTextureIndex_ReturnsFalse(textureIndex: "") [< 1 ms]
  失败 BannerlordModEditor.Common.Tests.BannerIconsEmptyElementsTests.IconDO_ShouldSerializeTextureIndex_InvalidTextureIndex_ReturnsFalse(textureIndex: "   ") [< 1 ms]
  错误消息:
   Assert.False() Failure
Expected: False
Actual:   True
  堆栈跟踪:
     at BannerlordModEditor.Common.Tests.BannerIconsEmptyElementsTests.IconDO_ShouldSerializeTextureIndex_InvalidTextureIndex_ReturnsFalse(String textureIndex) in /root/WorkSpace/CSharp/BannerlordModEditor/BannerlordModEditor.Common.Tests/BannerIconsEmptyElementsTests.cs:line 618
   at InvokeStub_BannerIconsEmptyElementsTests.IconDO_ShouldSerializeTextureIndex_InvalidTextureIndex_ReturnsFalse(Object, Span`1)
   at System.Reflection.MethodBaseInvoker.InvokeWithOneArg(Object obj, BindingFlags invokeAttr, Binder binder, Object[] parameters, CultureInfo culture)
  已通过 BannerlordModEditor.Common.Tests.BannerIconsEmptyElementsTests.BannerIconGroupDO_ShouldSerializeBackgrounds_HasEmptyBackgroundsTrue_ReturnsTrue [< 1 ms]
  失败 BannerlordModEditor.Common.Tests.BannerIconsEmptyElementsTests.BannerIconGroupDO_ShouldSerializeIsPattern_InvalidIsPattern_ReturnsFalse(isPattern: "   ") [< 1 ms]
  错误消息:
   Assert.False() Failure
Expected: False
Actual:   True
  堆栈跟踪:
     at BannerlordModEditor.Common.Tests.BannerIconsEmptyElementsTests.BannerIconGroupDO_ShouldSerializeIsPattern_InvalidIsPattern_ReturnsFalse(String isPattern) in /root/WorkSpace/CSharp/BannerlordModEditor/BannerlordModEditor.Common.Tests/BannerIconsEmptyElementsTests.cs:line 309
   at System.RuntimeMethodHandle.InvokeMethod(Object target, Void** arguments, Signature sig, Boolean isConstructor)
   at System.Reflection.MethodBaseInvoker.InvokeDirectByRefWithFewArgs(Object obj, Span`1 copyOfArgs, BindingFlags invokeAttr)
  已通过 BannerlordModEditor.Common.Tests.BannerIconsEmptyElementsTests.BannerIconGroupDO_ShouldSerializeIsPattern_InvalidIsPattern_ReturnsFalse(isPattern: null) [< 1 ms]
[xUnit.net 00:00:15.78]       Assert.Contains() Failure: Sub-string not found
[xUnit.net 00:00:15.78]       String:    "<?xml version="1.0" encoding="utf-16"?>\n<"···
[xUnit.net 00:00:15.78]       Not found: "Backgrounds"
[xUnit.net 00:00:15.78]       Stack Trace:
[xUnit.net 00:00:15.78]         /root/WorkSpace/CSharp/BannerlordModEditor/BannerlordModEditor.Common.Tests/BannerIconsEmptyElementsTests.cs(906,0): at BannerlordModEditor.Common.Tests.BannerIconsEmptyElementsTests.BannerIconGroupDO_XmlSerialization_EmptyBackgroundsAndIconsPreserved()
[xUnit.net 00:00:15.78]            at System.RuntimeMethodHandle.InvokeMethod(Object target, Void** arguments, Signature sig, Boolean isConstructor)
[xUnit.net 00:00:15.78]            at System.Reflection.MethodBaseInvoker.InvokeWithNoArgs(Object obj, BindingFlags invokeAttr)
  已通过 BannerlordModEditor.Common.Tests.BannerIconsEmptyElementsTests.BannerIconGroupDO_ShouldSerializeIsPattern_InvalidIsPattern_ReturnsFalse(isPattern: "") [< 1 ms]
  失败 BannerlordModEditor.Common.Tests.BannerIconsEmptyElementsTests.BannerIconGroupDO_XmlSerialization_EmptyBackgroundsAndIconsPreserved [4 ms]
  错误消息:
   Assert.Contains() Failure: Sub-string not found
String:    "<?xml version="1.0" encoding="utf-16"?>\n<"···
Not found: "Backgrounds"
  堆栈跟踪:
     at BannerlordModEditor.Common.Tests.BannerIconsEmptyElementsTests.BannerIconGroupDO_XmlSerialization_EmptyBackgroundsAndIconsPreserved() in /root/WorkSpace/CSharp/BannerlordModEditor/BannerlordModEditor.Common.Tests/BannerIconsEmptyElementsTests.cs:line 906
   at System.RuntimeMethodHandle.InvokeMethod(Object target, Void** arguments, Signature sig, Boolean isConstructor)
   at System.Reflection.MethodBaseInvoker.InvokeWithNoArgs(Object obj, BindingFlags invokeAttr)
  已通过 BannerlordModEditor.Common.Tests.BannerIconsEmptyElementsTests.IconDO_ShouldSerializeIsReserved_ValidIsReserved_ReturnsTrue(isReserved: "False") [< 1 ms]
  已通过 BannerlordModEditor.Common.Tests.BannerIconsEmptyElementsTests.IconDO_ShouldSerializeIsReserved_ValidIsReserved_ReturnsTrue(isReserved: "false") [< 1 ms]
  已通过 BannerlordModEditor.Common.Tests.BannerIconsEmptyElementsTests.IconDO_ShouldSerializeIsReserved_ValidIsReserved_ReturnsTrue(isReserved: "True") [< 1 ms]
  已通过 BannerlordModEditor.Common.Tests.BannerIconsEmptyElementsTests.IconDO_ShouldSerializeIsReserved_ValidIsReserved_ReturnsTrue(isReserved: "true") [< 1 ms]
  已通过 BannerlordModEditor.Common.Tests.BannerIconsEmptyElementsTests.IconDO_ShouldSerializeTextureIndex_ValidTextureIndex_ReturnsTrue(textureIndex: "10") [< 1 ms]
  已通过 BannerlordModEditor.Common.Tests.BannerIconsEmptyElementsTests.IconDO_ShouldSerializeTextureIndex_ValidTextureIndex_ReturnsTrue(textureIndex: "1") [< 1 ms]
  已通过 BannerlordModEditor.Common.Tests.BannerIconsEmptyElementsTests.IconDO_ShouldSerializeTextureIndex_ValidTextureIndex_ReturnsTrue(textureIndex: "0") [< 1 ms]
[xUnit.net 00:00:15.78]       Assert.False() Failure
[xUnit.net 00:00:15.78]       Expected: False
[xUnit.net 00:00:15.78]       Actual:   True
[xUnit.net 00:00:15.78]       Stack Trace:
[xUnit.net 00:00:15.78]         /root/WorkSpace/CSharp/BannerlordModEditor/BannerlordModEditor.Common.Tests/BannerIconsEmptyElementsTests.cs(810,0): at BannerlordModEditor.Common.Tests.BannerIconsEmptyElementsTests.ColorEntryDO_ShouldSerializePlayerCanChooseForBackground_InvalidValue_ReturnsFalse(String value)
[xUnit.net 00:00:15.78]            at InvokeStub_BannerIconsEmptyElementsTests.ColorEntryDO_ShouldSerializePlayerCanChooseForBackground_InvalidValue_ReturnsFalse(Object, Span`1)
[xUnit.net 00:00:15.78]            at System.Reflection.MethodBaseInvoker.InvokeWithOneArg(Object obj, BindingFlags invokeAttr, Binder binder, Object[] parameters, CultureInfo culture)
  已通过 BannerlordModEditor.Common.Tests.BannerIconsEmptyElementsTests.BannerIconsDO_XmlSerialization_NoEmptyElements_ElementsNotSerialized [< 1 ms]
  已通过 BannerlordModEditor.Common.Tests.BannerIconsEmptyElementsTests.ColorEntryDO_ShouldSerializePlayerCanChooseForBackground_InvalidValue_ReturnsFalse(value: null) [< 1 ms]
  已通过 BannerlordModEditor.Common.Tests.BannerIconsEmptyElementsTests.ColorEntryDO_ShouldSerializePlayerCanChooseForBackground_InvalidValue_ReturnsFalse(value: "") [< 1 ms]
  失败 BannerlordModEditor.Common.Tests.BannerIconsEmptyElementsTests.ColorEntryDO_ShouldSerializePlayerCanChooseForBackground_InvalidValue_ReturnsFalse(value: "   ") [< 1 ms]
  错误消息:
   Assert.False() Failure
Expected: False
Actual:   True
  堆栈跟踪:
     at BannerlordModEditor.Common.Tests.BannerIconsEmptyElementsTests.ColorEntryDO_ShouldSerializePlayerCanChooseForBackground_InvalidValue_ReturnsFalse(String value) in /root/WorkSpace/CSharp/BannerlordModEditor/BannerlordModEditor.Common.Tests/BannerIconsEmptyElementsTests.cs:line 810
   at InvokeStub_BannerIconsEmptyElementsTests.ColorEntryDO_ShouldSerializePlayerCanChooseForBackground_InvalidValue_ReturnsFalse(Object, Span`1)
   at System.Reflection.MethodBaseInvoker.InvokeWithOneArg(Object obj, BindingFlags invokeAttr, Binder binder, Object[] parameters, CultureInfo culture)
  已通过 BannerlordModEditor.Common.Tests.BannerIconsEmptyElementsTests.BannerIconGroupDO_ShouldSerializeBackgrounds_HasItems_ReturnsTrue [< 1 ms]
  已通过 BannerlordModEditor.Common.Tests.BannerIconsEmptyElementsTests.ColorEntryDO_ShouldSerializeId_ValidId_ReturnsTrue(id: "1") [< 1 ms]
  已通过 BannerlordModEditor.Common.Tests.BannerIconsEmptyElementsTests.ColorEntryDO_ShouldSerializeId_ValidId_ReturnsTrue(id: "color_1") [< 1 ms]
  已通过 BannerlordModEditor.Common.Tests.BannerIconsEmptyElementsTests.ColorEntryDO_ShouldSerializeId_ValidId_ReturnsTrue(id: "100") [< 1 ms]
  已通过 BannerlordModEditor.Common.Tests.BannerIconsEmptyElementsTests.BackgroundDO_ShouldSerializeIsBaseBackground_InvalidIsBaseBackground_ReturnsFalse(isBaseBackground: "") [< 1 ms]
[xUnit.net 00:00:15.78]       Assert.False() Failure
[xUnit.net 00:00:15.78]       Expected: False
[xUnit.net 00:00:15.78]       Actual:   True
[xUnit.net 00:00:15.78]       Stack Trace:
[xUnit.net 00:00:15.78]         /root/WorkSpace/CSharp/BannerlordModEditor/BannerlordModEditor.Common.Tests/BannerIconsEmptyElementsTests.cs(518,0): at BannerlordModEditor.Common.Tests.BannerIconsEmptyElementsTests.BackgroundDO_ShouldSerializeIsBaseBackground_InvalidIsBaseBackground_ReturnsFalse(String isBaseBackground)
[xUnit.net 00:00:15.78]            at InvokeStub_BannerIconsEmptyElementsTests.BackgroundDO_ShouldSerializeIsBaseBackground_InvalidIsBaseBackground_ReturnsFalse(Object, Span`1)
[xUnit.net 00:00:15.78]            at System.Reflection.MethodBaseInvoker.InvokeWithOneArg(Object obj, BindingFlags invokeAttr, Binder binder, Object[] parameters, CultureInfo culture)
[xUnit.net 00:00:15.78]       Assert.False() Failure
[xUnit.net 00:00:15.78]       Expected: False
[xUnit.net 00:00:15.78]       Actual:   True
[xUnit.net 00:00:15.78]       Stack Trace:
[xUnit.net 00:00:15.78]         /root/WorkSpace/CSharp/BannerlordModEditor/BannerlordModEditor.Common.Tests/BannerIconsEmptyElementsTests.cs(485,0): at BannerlordModEditor.Common.Tests.BannerIconsEmptyElementsTests.BackgroundDO_ShouldSerializeMeshName_InvalidMeshName_ReturnsFalse(String meshName)
[xUnit.net 00:00:15.78]            at System.RuntimeMethodHandle.InvokeMethod(Object target, Void** arguments, Signature sig, Boolean isConstructor)
[xUnit.net 00:00:15.79]            at System.Reflection.MethodBaseInvoker.InvokeDirectByRefWithFewArgs(Object obj, Span`1 copyOfArgs, BindingFlags invokeAttr)
  已通过 BannerlordModEditor.Common.Tests.BannerIconsEmptyElementsTests.BackgroundDO_ShouldSerializeIsBaseBackground_InvalidIsBaseBackground_ReturnsFalse(isBaseBackground: null) [< 1 ms]
  失败 BannerlordModEditor.Common.Tests.BannerIconsEmptyElementsTests.BackgroundDO_ShouldSerializeIsBaseBackground_InvalidIsBaseBackground_ReturnsFalse(isBaseBackground: "   ") [< 1 ms]
  错误消息:
   Assert.False() Failure
Expected: False
Actual:   True
  堆栈跟踪:
     at BannerlordModEditor.Common.Tests.BannerIconsEmptyElementsTests.BackgroundDO_ShouldSerializeIsBaseBackground_InvalidIsBaseBackground_ReturnsFalse(String isBaseBackground) in /root/WorkSpace/CSharp/BannerlordModEditor/BannerlordModEditor.Common.Tests/BannerIconsEmptyElementsTests.cs:line 518
   at InvokeStub_BannerIconsEmptyElementsTests.BackgroundDO_ShouldSerializeIsBaseBackground_InvalidIsBaseBackground_ReturnsFalse(Object, Span`1)
   at System.Reflection.MethodBaseInvoker.InvokeWithOneArg(Object obj, BindingFlags invokeAttr, Binder binder, Object[] parameters, CultureInfo culture)
  已通过 BannerlordModEditor.Common.Tests.BannerIconsEmptyElementsTests.BannerIconDataDO_ShouldSerializeBannerIconGroups_EmptyAndNoFlag_ReturnsFalse [< 1 ms]
  已通过 BannerlordModEditor.Common.Tests.BannerIconsEmptyElementsTests.ColorEntryDO_ShouldSerializeHex_ValidHex_ReturnsTrue(hex: "#000000") [< 1 ms]
  已通过 BannerlordModEditor.Common.Tests.BannerIconsEmptyElementsTests.ColorEntryDO_ShouldSerializeHex_ValidHex_ReturnsTrue(hex: "#FF0000") [< 1 ms]
  已通过 BannerlordModEditor.Common.Tests.BannerIconsEmptyElementsTests.ColorEntryDO_ShouldSerializeHex_ValidHex_ReturnsTrue(hex: "#FFFFFF") [< 1 ms]
  失败 BannerlordModEditor.Common.Tests.BannerIconsEmptyElementsTests.BackgroundDO_ShouldSerializeMeshName_InvalidMeshName_ReturnsFalse(meshName: "   ") [< 1 ms]
  错误消息:
   Assert.False() Failure
Expected: False
Actual:   True
  堆栈跟踪:
     at BannerlordModEditor.Common.Tests.BannerIconsEmptyElementsTests.BackgroundDO_ShouldSerializeMeshName_InvalidMeshName_ReturnsFalse(String meshName) in /root/WorkSpace/CSharp/BannerlordModEditor/BannerlordModEditor.Common.Tests/BannerIconsEmptyElementsTests.cs:line 485
   at System.RuntimeMethodHandle.InvokeMethod(Object target, Void** arguments, Signature sig, Boolean isConstructor)
   at System.Reflection.MethodBaseInvoker.InvokeDirectByRefWithFewArgs(Object obj, Span`1 copyOfArgs, BindingFlags invokeAttr)
  已通过 BannerlordModEditor.Common.Tests.BannerIconsEmptyElementsTests.BackgroundDO_ShouldSerializeMeshName_InvalidMeshName_ReturnsFalse(meshName: "") [< 1 ms]
  已通过 BannerlordModEditor.Common.Tests.BannerIconsEmptyElementsTests.BackgroundDO_ShouldSerializeMeshName_InvalidMeshName_ReturnsFalse(meshName: null) [< 1 ms]
[xUnit.net 00:00:15.79]       Assert.False() Failure
[xUnit.net 00:00:15.79]       Expected: False
[xUnit.net 00:00:15.79]       Actual:   True
[xUnit.net 00:00:15.79]       Stack Trace:
[xUnit.net 00:00:15.79]         /root/WorkSpace/CSharp/BannerlordModEditor/BannerlordModEditor.Common.Tests/BannerIconsEmptyElementsTests.cs(745,0): at BannerlordModEditor.Common.Tests.BannerIconsEmptyElementsTests.ColorEntryDO_ShouldSerializeId_InvalidId_ReturnsFalse(String id)
[xUnit.net 00:00:15.79]            at System.RuntimeMethodHandle.InvokeMethod(Object target, Void** arguments, Signature sig, Boolean isConstructor)
[xUnit.net 00:00:15.79]            at System.Reflection.MethodBaseInvoker.InvokeDirectByRefWithFewArgs(Object obj, Span`1 copyOfArgs, BindingFlags invokeAttr)
[xUnit.net 00:00:15.79]       Assert.False() Failure
[xUnit.net 00:00:15.79]       Expected: False
[xUnit.net 00:00:15.79]       Actual:   True
[xUnit.net 00:00:15.79]       Stack Trace:
[xUnit.net 00:00:15.79]         /root/WorkSpace/CSharp/BannerlordModEditor/BannerlordModEditor.Common.Tests/BannerIconsEmptyElementsTests.cs(453,0): at BannerlordModEditor.Common.Tests.BannerIconsEmptyElementsTests.BackgroundDO_ShouldSerializeId_InvalidId_ReturnsFalse(String id)
[xUnit.net 00:00:15.79]            at System.RuntimeMethodHandle.InvokeMethod(Object target, Void** arguments, Signature sig, Boolean isConstructor)
[xUnit.net 00:00:15.79]            at System.Reflection.MethodBaseInvoker.InvokeDirectByRefWithFewArgs(Object obj, Span`1 copyOfArgs, BindingFlags invokeAttr)
  失败 BannerlordModEditor.Common.Tests.BannerIconsEmptyElementsTests.ColorEntryDO_ShouldSerializeId_InvalidId_ReturnsFalse(id: "   ") [< 1 ms]
  错误消息:
   Assert.False() Failure
Expected: False
Actual:   True
  堆栈跟踪:
     at BannerlordModEditor.Common.Tests.BannerIconsEmptyElementsTests.ColorEntryDO_ShouldSerializeId_InvalidId_ReturnsFalse(String id) in /root/WorkSpace/CSharp/BannerlordModEditor/BannerlordModEditor.Common.Tests/BannerIconsEmptyElementsTests.cs:line 745
   at System.RuntimeMethodHandle.InvokeMethod(Object target, Void** arguments, Signature sig, Boolean isConstructor)
   at System.Reflection.MethodBaseInvoker.InvokeDirectByRefWithFewArgs(Object obj, Span`1 copyOfArgs, BindingFlags invokeAttr)
  已通过 BannerlordModEditor.Common.Tests.BannerIconsEmptyElementsTests.ColorEntryDO_ShouldSerializeId_InvalidId_ReturnsFalse(id: null) [< 1 ms]
  已通过 BannerlordModEditor.Common.Tests.BannerIconsEmptyElementsTests.ColorEntryDO_ShouldSerializeId_InvalidId_ReturnsFalse(id: "") [< 1 ms]
  失败 BannerlordModEditor.Common.Tests.BannerIconsEmptyElementsTests.BackgroundDO_ShouldSerializeId_InvalidId_ReturnsFalse(id: "   ") [< 1 ms]
  错误消息:
   Assert.False() Failure
Expected: False
Actual:   True
  堆栈跟踪:
     at BannerlordModEditor.Common.Tests.BannerIconsEmptyElementsTests.BackgroundDO_ShouldSerializeId_InvalidId_ReturnsFalse(String id) in /root/WorkSpace/CSharp/BannerlordModEditor/BannerlordModEditor.Common.Tests/BannerIconsEmptyElementsTests.cs:line 453
   at System.RuntimeMethodHandle.InvokeMethod(Object target, Void** arguments, Signature sig, Boolean isConstructor)
   at System.Reflection.MethodBaseInvoker.InvokeDirectByRefWithFewArgs(Object obj, Span`1 copyOfArgs, BindingFlags invokeAttr)
  已通过 BannerlordModEditor.Common.Tests.BannerIconsEmptyElementsTests.BackgroundDO_ShouldSerializeId_InvalidId_ReturnsFalse(id: "") [< 1 ms]
  已通过 BannerlordModEditor.Common.Tests.BannerIconsEmptyElementsTests.BackgroundDO_ShouldSerializeId_InvalidId_ReturnsFalse(id: null) [< 1 ms]
  已通过 BannerlordModEditor.Common.Tests.BannerIconsEmptyElementsTests.BackgroundDO_ShouldSerializeIsBaseBackground_ValidIsBaseBackground_ReturnsTrue(isBaseBackground: "False") [< 1 ms]
  已通过 BannerlordModEditor.Common.Tests.BannerIconsEmptyElementsTests.BackgroundDO_ShouldSerializeIsBaseBackground_ValidIsBaseBackground_ReturnsTrue(isBaseBackground: "false") [< 1 ms]
  已通过 BannerlordModEditor.Common.Tests.BannerIconsEmptyElementsTests.BackgroundDO_ShouldSerializeIsBaseBackground_ValidIsBaseBackground_ReturnsTrue(isBaseBackground: "true") [< 1 ms]
[xUnit.net 00:00:15.79]       Assert.False() Failure
[xUnit.net 00:00:15.79]       Expected: False
[xUnit.net 00:00:15.79]       Actual:   True
[xUnit.net 00:00:15.79]       Stack Trace:
[xUnit.net 00:00:15.79]         /root/WorkSpace/CSharp/BannerlordModEditor/BannerlordModEditor.Common.Tests/BannerIconsEmptyElementsTests.cs(777,0): at BannerlordModEditor.Common.Tests.BannerIconsEmptyElementsTests.ColorEntryDO_ShouldSerializeHex_InvalidHex_ReturnsFalse(String hex)
[xUnit.net 00:00:15.79]            at System.RuntimeMethodHandle.InvokeMethod(Object target, Void** arguments, Signature sig, Boolean isConstructor)
[xUnit.net 00:00:15.79]            at System.Reflection.MethodBaseInvoker.InvokeDirectByRefWithFewArgs(Object obj, Span`1 copyOfArgs, BindingFlags invokeAttr)
[xUnit.net 00:00:15.79]       Assert.False() Failure
[xUnit.net 00:00:15.79]       Expected: False
[xUnit.net 00:00:15.79]       Actual:   True
[xUnit.net 00:00:15.79]       Stack Trace:
[xUnit.net 00:00:15.79]         /root/WorkSpace/CSharp/BannerlordModEditor/BannerlordModEditor.Common.Tests/BannerIconsEmptyElementsTests.cs(276,0): at BannerlordModEditor.Common.Tests.BannerIconsEmptyElementsTests.BannerIconGroupDO_ShouldSerializeName_InvalidName_ReturnsFalse(String name)
[xUnit.net 00:00:15.79]            at InvokeStub_BannerIconsEmptyElementsTests.BannerIconGroupDO_ShouldSerializeName_InvalidName_ReturnsFalse(Object, Span`1)
[xUnit.net 00:00:15.79]            at System.Reflection.MethodBaseInvoker.InvokeWithOneArg(Object obj, BindingFlags invokeAttr, Binder binder, Object[] parameters, CultureInfo culture)
  已通过 BannerlordModEditor.Common.Tests.BannerIconsEmptyElementsTests.BackgroundDO_ShouldSerializeIsBaseBackground_ValidIsBaseBackground_ReturnsTrue(isBaseBackground: "True") [< 1 ms]
  已通过 BannerlordModEditor.Common.Tests.BannerIconsEmptyElementsTests.BannerIconsDO_ShouldSerializeBannerIconData_HasBannerIconDataTrue_ReturnsTrue [< 1 ms]
  失败 BannerlordModEditor.Common.Tests.BannerIconsEmptyElementsTests.ColorEntryDO_ShouldSerializeHex_InvalidHex_ReturnsFalse(hex: "   ") [< 1 ms]
  错误消息:
   Assert.False() Failure
Expected: False
Actual:   True
  堆栈跟踪:
     at BannerlordModEditor.Common.Tests.BannerIconsEmptyElementsTests.ColorEntryDO_ShouldSerializeHex_InvalidHex_ReturnsFalse(String hex) in /root/WorkSpace/CSharp/BannerlordModEditor/BannerlordModEditor.Common.Tests/BannerIconsEmptyElementsTests.cs:line 777
   at System.RuntimeMethodHandle.InvokeMethod(Object target, Void** arguments, Signature sig, Boolean isConstructor)
   at System.Reflection.MethodBaseInvoker.InvokeDirectByRefWithFewArgs(Object obj, Span`1 copyOfArgs, BindingFlags invokeAttr)
  已通过 BannerlordModEditor.Common.Tests.BannerIconsEmptyElementsTests.ColorEntryDO_ShouldSerializeHex_InvalidHex_ReturnsFalse(hex: "") [< 1 ms]
  已通过 BannerlordModEditor.Common.Tests.BannerIconsEmptyElementsTests.ColorEntryDO_ShouldSerializeHex_InvalidHex_ReturnsFalse(hex: null) [< 1 ms]
  已通过 BannerlordModEditor.Common.Tests.BannerIconsEmptyElementsTests.BannerIconGroupDO_ShouldSerializeName_InvalidName_ReturnsFalse(name: "") [< 1 ms]
  失败 BannerlordModEditor.Common.Tests.BannerIconsEmptyElementsTests.BannerIconGroupDO_ShouldSerializeName_InvalidName_ReturnsFalse(name: "   ") [< 1 ms]
  错误消息:
   Assert.False() Failure
Expected: False
Actual:   True
  堆栈跟踪:
     at BannerlordModEditor.Common.Tests.BannerIconsEmptyElementsTests.BannerIconGroupDO_ShouldSerializeName_InvalidName_ReturnsFalse(String name) in /root/WorkSpace/CSharp/BannerlordModEditor/BannerlordModEditor.Common.Tests/BannerIconsEmptyElementsTests.cs:line 276
   at InvokeStub_BannerIconsEmptyElementsTests.BannerIconGroupDO_ShouldSerializeName_InvalidName_ReturnsFalse(Object, Span`1)
   at System.Reflection.MethodBaseInvoker.InvokeWithOneArg(Object obj, BindingFlags invokeAttr, Binder binder, Object[] parameters, CultureInfo culture)
  已通过 BannerlordModEditor.Common.Tests.BannerIconsEmptyElementsTests.BannerIconGroupDO_ShouldSerializeName_InvalidName_ReturnsFalse(name: null) [< 1 ms]
  已通过 BannerlordModEditor.Common.Tests.BannerIconsEmptyElementsTests.ColorEntryDO_ShouldSerializePlayerCanChooseForSigil_ValidValue_ReturnsTrue(value: "true") [< 1 ms]
  已通过 BannerlordModEditor.Common.Tests.BannerIconsEmptyElementsTests.ColorEntryDO_ShouldSerializePlayerCanChooseForSigil_ValidValue_ReturnsTrue(value: "True") [< 1 ms]
  已通过 BannerlordModEditor.Common.Tests.BannerIconsEmptyElementsTests.ColorEntryDO_ShouldSerializePlayerCanChooseForSigil_ValidValue_ReturnsTrue(value: "false") [< 1 ms]
  已通过 BannerlordModEditor.Common.Tests.BannerIconsEmptyElementsTests.ColorEntryDO_ShouldSerializePlayerCanChooseForSigil_ValidValue_ReturnsTrue(value: "False") [< 1 ms]
  已通过 BannerlordModEditor.Common.Tests.BannerIconsEmptyElementsTests.IconDO_ShouldSerializeId_ValidId_ReturnsTrue(id: "1") [< 1 ms]
  已通过 BannerlordModEditor.Common.Tests.BannerIconsEmptyElementsTests.IconDO_ShouldSerializeId_ValidId_ReturnsTrue(id: "100") [< 1 ms]
  已通过 BannerlordModEditor.Common.Tests.BannerIconsEmptyElementsTests.IconDO_ShouldSerializeId_ValidId_ReturnsTrue(id: "icon_1") [< 1 ms]
  已通过 BannerlordModEditor.Common.Tests.BannerIconsEmptyElementsTests.ColorEntryDO_ShouldSerializePlayerCanChooseForBackground_ValidValue_ReturnsTrue(value: "true") [< 1 ms]
  已通过 BannerlordModEditor.Common.Tests.BannerIconsEmptyElementsTests.ColorEntryDO_ShouldSerializePlayerCanChooseForBackground_ValidValue_ReturnsTrue(value: "False") [< 1 ms]
  已通过 BannerlordModEditor.Common.Tests.BannerIconsEmptyElementsTests.ColorEntryDO_ShouldSerializePlayerCanChooseForBackground_ValidValue_ReturnsTrue(value: "True") [< 1 ms]
[xUnit.net 00:00:15.79]       Assert.False() Failure
[xUnit.net 00:00:15.79]       Expected: False
[xUnit.net 00:00:15.79]       Actual:   True
[xUnit.net 00:00:15.79]       Stack Trace:
[xUnit.net 00:00:15.79]         /root/WorkSpace/CSharp/BannerlordModEditor/BannerlordModEditor.Common.Tests/BannerIconsEmptyElementsTests.cs(586,0): at BannerlordModEditor.Common.Tests.BannerIconsEmptyElementsTests.IconDO_ShouldSerializeMaterialName_InvalidMaterialName_ReturnsFalse(String materialName)
[xUnit.net 00:00:15.79]            at InvokeStub_BannerIconsEmptyElementsTests.IconDO_ShouldSerializeMaterialName_InvalidMaterialName_ReturnsFalse(Object, Span`1)
[xUnit.net 00:00:15.79]            at System.Reflection.MethodBaseInvoker.InvokeWithOneArg(Object obj, BindingFlags invokeAttr, Binder binder, Object[] parameters, CultureInfo culture)
  已通过 BannerlordModEditor.Common.Tests.BannerIconsEmptyElementsTests.ColorEntryDO_ShouldSerializePlayerCanChooseForBackground_ValidValue_ReturnsTrue(value: "false") [< 1 ms]
  已通过 BannerlordModEditor.Common.Tests.BannerIconsEmptyElementsTests.IconDO_ShouldSerializeMaterialName_InvalidMaterialName_ReturnsFalse(materialName: null) [< 1 ms]
  已通过 BannerlordModEditor.Common.Tests.BannerIconsEmptyElementsTests.IconDO_ShouldSerializeMaterialName_InvalidMaterialName_ReturnsFalse(materialName: "") [< 1 ms]
  失败 BannerlordModEditor.Common.Tests.BannerIconsEmptyElementsTests.IconDO_ShouldSerializeMaterialName_InvalidMaterialName_ReturnsFalse(materialName: "   ") [< 1 ms]
  错误消息:
   Assert.False() Failure
Expected: False
Actual:   True
  堆栈跟踪:
     at BannerlordModEditor.Common.Tests.BannerIconsEmptyElementsTests.IconDO_ShouldSerializeMaterialName_InvalidMaterialName_ReturnsFalse(String materialName) in /root/WorkSpace/CSharp/BannerlordModEditor/BannerlordModEditor.Common.Tests/BannerIconsEmptyElementsTests.cs:line 586
   at InvokeStub_BannerIconsEmptyElementsTests.IconDO_ShouldSerializeMaterialName_InvalidMaterialName_ReturnsFalse(Object, Span`1)
   at System.Reflection.MethodBaseInvoker.InvokeWithOneArg(Object obj, BindingFlags invokeAttr, Binder binder, Object[] parameters, CultureInfo culture)
  已通过 BannerlordModEditor.Common.Tests.BannerIconsEmptyElementsTests.BackgroundDO_ShouldSerializeId_ValidId_ReturnsTrue(id: "1") [< 1 ms]
  已通过 BannerlordModEditor.Common.Tests.BannerIconsEmptyElementsTests.BackgroundDO_ShouldSerializeId_ValidId_ReturnsTrue(id: "background_1") [< 1 ms]
  已通过 BannerlordModEditor.Common.Tests.BannerIconsEmptyElementsTests.BackgroundDO_ShouldSerializeId_ValidId_ReturnsTrue(id: "test") [< 1 ms]
  已通过 BannerlordModEditor.Common.Tests.BannerIconsEmptyElementsTests.BannerIconGroupDO_ShouldSerializeIsPattern_ValidIsPattern_ReturnsTrue(isPattern: "false") [< 1 ms]
  已通过 BannerlordModEditor.Common.Tests.BannerIconsEmptyElementsTests.BannerIconGroupDO_ShouldSerializeIsPattern_ValidIsPattern_ReturnsTrue(isPattern: "False") [< 1 ms]
[xUnit.net 00:00:15.79]       Assert.False() Failure
[xUnit.net 00:00:15.79]       Expected: False
[xUnit.net 00:00:15.79]       Actual:   True
[xUnit.net 00:00:15.79]       Stack Trace:
[xUnit.net 00:00:15.79]         /root/WorkSpace/CSharp/BannerlordModEditor/BannerlordModEditor.Common.Tests/BannerIconsEmptyElementsTests.cs(244,0): at BannerlordModEditor.Common.Tests.BannerIconsEmptyElementsTests.BannerIconGroupDO_ShouldSerializeId_InvalidId_ReturnsFalse(String id)
[xUnit.net 00:00:15.79]            at System.RuntimeMethodHandle.InvokeMethod(Object target, Void** arguments, Signature sig, Boolean isConstructor)
[xUnit.net 00:00:15.79]            at System.Reflection.MethodBaseInvoker.InvokeDirectByRefWithFewArgs(Object obj, Span`1 copyOfArgs, BindingFlags invokeAttr)
  已通过 BannerlordModEditor.Common.Tests.BannerIconsEmptyElementsTests.BannerIconGroupDO_ShouldSerializeIsPattern_ValidIsPattern_ReturnsTrue(isPattern: "true") [< 1 ms]
  已通过 BannerlordModEditor.Common.Tests.BannerIconsEmptyElementsTests.BannerIconGroupDO_ShouldSerializeIsPattern_ValidIsPattern_ReturnsTrue(isPattern: "True") [< 1 ms]
  已通过 BannerlordModEditor.Common.Tests.BannerIconsEmptyElementsTests.BannerIconDataDO_ShouldSerializeBannerColors_HasBannerColorsFalse_ReturnsFalse [< 1 ms]
  失败 BannerlordModEditor.Common.Tests.BannerIconsEmptyElementsTests.BannerIconGroupDO_ShouldSerializeId_InvalidId_ReturnsFalse(id: "   ") [< 1 ms]
  错误消息:
   Assert.False() Failure
Expected: False
Actual:   True
  堆栈跟踪:
     at BannerlordModEditor.Common.Tests.BannerIconsEmptyElementsTests.BannerIconGroupDO_ShouldSerializeId_InvalidId_ReturnsFalse(String id) in /root/WorkSpace/CSharp/BannerlordModEditor/BannerlordModEditor.Common.Tests/BannerIconsEmptyElementsTests.cs:line 244
   at System.RuntimeMethodHandle.InvokeMethod(Object target, Void** arguments, Signature sig, Boolean isConstructor)
   at System.Reflection.MethodBaseInvoker.InvokeDirectByRefWithFewArgs(Object obj, Span`1 copyOfArgs, BindingFlags invokeAttr)
  已通过 BannerlordModEditor.Common.Tests.BannerIconsEmptyElementsTests.BannerIconGroupDO_ShouldSerializeId_InvalidId_ReturnsFalse(id: "") [< 1 ms]
  已通过 BannerlordModEditor.Common.Tests.BannerIconsEmptyElementsTests.BannerIconGroupDO_ShouldSerializeId_InvalidId_ReturnsFalse(id: null) [< 1 ms]
  已通过 BannerlordModEditor.Common.Tests.BannerIconsEmptyElementsTests.BannerIconGroupDO_ShouldSerializeBackgrounds_EmptyAndNoFlag_ReturnsFalse [< 1 ms]
  已通过 BannerlordModEditor.Common.Tests.BannerIconsEmptyElementsTests.BannerIconDataDO_ShouldSerializeBannerColors_HasBannerColorsTrue_ReturnsTrue [< 1 ms]
  已通过 BannerlordModEditor.Common.Tests.BannerIconsEmptyElementsTests.BannerIconsDO_ShouldSerializeType_InvalidType_ReturnsFalse(type: "") [< 1 ms]
[xUnit.net 00:00:15.79]       Assert.False() Failure
[xUnit.net 00:00:15.79]       Expected: False
[xUnit.net 00:00:15.79]       Actual:   True
[xUnit.net 00:00:15.79]       Stack Trace:
[xUnit.net 00:00:15.79]         /root/WorkSpace/CSharp/BannerlordModEditor/BannerlordModEditor.Common.Tests/BannerIconsEmptyElementsTests.cs(99,0): at BannerlordModEditor.Common.Tests.BannerIconsEmptyElementsTests.BannerIconsDO_ShouldSerializeType_InvalidType_ReturnsFalse(String type)
[xUnit.net 00:00:15.79]            at InvokeStub_BannerIconsEmptyElementsTests.BannerIconsDO_ShouldSerializeType_InvalidType_ReturnsFalse(Object, Span`1)
[xUnit.net 00:00:15.79]            at System.Reflection.MethodBaseInvoker.InvokeWithOneArg(Object obj, BindingFlags invokeAttr, Binder binder, Object[] parameters, CultureInfo culture)
  已通过 BannerlordModEditor.Common.Tests.BannerIconsEmptyElementsTests.BannerIconsDO_ShouldSerializeType_InvalidType_ReturnsFalse(type: null) [< 1 ms]
  失败 BannerlordModEditor.Common.Tests.BannerIconsEmptyElementsTests.BannerIconsDO_ShouldSerializeType_InvalidType_ReturnsFalse(type: "   ") [< 1 ms]
  错误消息:
   Assert.False() Failure
Expected: False
Actual:   True
  堆栈跟踪:
     at BannerlordModEditor.Common.Tests.BannerIconsEmptyElementsTests.BannerIconsDO_ShouldSerializeType_InvalidType_ReturnsFalse(String type) in /root/WorkSpace/CSharp/BannerlordModEditor/BannerlordModEditor.Common.Tests/BannerIconsEmptyElementsTests.cs:line 99
   at InvokeStub_BannerIconsEmptyElementsTests.BannerIconsDO_ShouldSerializeType_InvalidType_ReturnsFalse(Object, Span`1)
   at System.Reflection.MethodBaseInvoker.InvokeWithOneArg(Object obj, BindingFlags invokeAttr, Binder binder, Object[] parameters, CultureInfo culture)
  已通过 BannerlordModEditor.Common.Tests.BannerIconsEmptyElementsTests.BannerColorsDO_ShouldSerializeColors_EmptyAndNoFlag_ReturnsFalse [< 1 ms]
  已通过 BannerlordModEditor.Common.Tests.BannerIconsEmptyElementsTests.BackgroundDO_ShouldSerializeMeshName_ValidMeshName_ReturnsTrue(meshName: "test.mesh") [< 1 ms]
  已通过 BannerlordModEditor.Common.Tests.BannerIconsEmptyElementsTests.BackgroundDO_ShouldSerializeMeshName_ValidMeshName_ReturnsTrue(meshName: "some_mesh") [< 1 ms]
  已通过 BannerlordModEditor.Common.Tests.BannerIconsEmptyElementsTests.BackgroundDO_ShouldSerializeMeshName_ValidMeshName_ReturnsTrue(meshName: "mesh_name") [< 1 ms]
  已通过 BannerlordModEditor.Common.Tests.BannerIconsEmptyElementsTests.BannerIconGroupDO_ShouldSerializeId_ValidId_ReturnsTrue(id: "test") [< 1 ms]
  已通过 BannerlordModEditor.Common.Tests.BannerIconsEmptyElementsTests.BannerIconGroupDO_ShouldSerializeId_ValidId_ReturnsTrue(id: "some_id") [< 1 ms]
  已通过 BannerlordModEditor.Common.Tests.BannerIconsEmptyElementsTests.BannerIconGroupDO_ShouldSerializeId_ValidId_ReturnsTrue(id: "123") [< 1 ms]
[xUnit.net 00:00:15.79]       Assert.False() Failure
[xUnit.net 00:00:15.79]       Expected: False
[xUnit.net 00:00:15.79]       Actual:   True
[xUnit.net 00:00:15.79]       Stack Trace:
[xUnit.net 00:00:15.79]         /root/WorkSpace/CSharp/BannerlordModEditor/BannerlordModEditor.Common.Tests/BannerIconsEmptyElementsTests.cs(554,0): at BannerlordModEditor.Common.Tests.BannerIconsEmptyElementsTests.IconDO_ShouldSerializeId_InvalidId_ReturnsFalse(String id)
[xUnit.net 00:00:15.79]            at System.RuntimeMethodHandle.InvokeMethod(Object target, Void** arguments, Signature sig, Boolean isConstructor)
[xUnit.net 00:00:15.79]            at System.Reflection.MethodBaseInvoker.InvokeDirectByRefWithFewArgs(Object obj, Span`1 copyOfArgs, BindingFlags invokeAttr)
  失败 BannerlordModEditor.Common.Tests.BannerIconsEmptyElementsTests.IconDO_ShouldSerializeId_InvalidId_ReturnsFalse(id: "   ") [< 1 ms]
  错误消息:
   Assert.False() Failure
Expected: False
Actual:   True
  堆栈跟踪:
     at BannerlordModEditor.Common.Tests.BannerIconsEmptyElementsTests.IconDO_ShouldSerializeId_InvalidId_ReturnsFalse(String id) in /root/WorkSpace/CSharp/BannerlordModEditor/BannerlordModEditor.Common.Tests/BannerIconsEmptyElementsTests.cs:line 554
   at System.RuntimeMethodHandle.InvokeMethod(Object target, Void** arguments, Signature sig, Boolean isConstructor)
   at System.Reflection.MethodBaseInvoker.InvokeDirectByRefWithFewArgs(Object obj, Span`1 copyOfArgs, BindingFlags invokeAttr)
  已通过 BannerlordModEditor.Common.Tests.BannerIconsEmptyElementsTests.IconDO_ShouldSerializeId_InvalidId_ReturnsFalse(id: null) [< 1 ms]
  已通过 BannerlordModEditor.Common.Tests.BannerIconsEmptyElementsTests.IconDO_ShouldSerializeId_InvalidId_ReturnsFalse(id: "") [< 1 ms]
  已通过 BannerlordModEditor.Common.Tests.BannerIconsEmptyElementsTests.BannerIconGroupDO_ShouldSerializeName_ValidName_ReturnsTrue(name: "Group Name") [< 1 ms]
  已通过 BannerlordModEditor.Common.Tests.BannerIconsEmptyElementsTests.BannerIconGroupDO_ShouldSerializeName_ValidName_ReturnsTrue(name: "test_name") [< 1 ms]
  已通过 BannerlordModEditor.Common.Tests.BannerIconsEmptyElementsTests.BannerIconGroupDO_ShouldSerializeName_ValidName_ReturnsTrue(name: "{=localized_string}") [< 1 ms]
  已通过 BannerlordModEditor.Common.Tests.BannerIconsEmptyElementsTests.IconDO_ShouldSerializeMaterialName_ValidMaterialName_ReturnsTrue(materialName: "test.material") [< 1 ms]
  已通过 BannerlordModEditor.Common.Tests.BannerIconsEmptyElementsTests.IconDO_ShouldSerializeMaterialName_ValidMaterialName_ReturnsTrue(materialName: "icon_material") [< 1 ms]
  已通过 BannerlordModEditor.Common.Tests.BannerIconsEmptyElementsTests.IconDO_ShouldSerializeMaterialName_ValidMaterialName_ReturnsTrue(materialName: "material_name") [< 1 ms]
[xUnit.net 00:00:15.79]       Assert.False() Failure
[xUnit.net 00:00:15.79]       Expected: False
[xUnit.net 00:00:15.79]       Actual:   True
[xUnit.net 00:00:15.79]       Stack Trace:
[xUnit.net 00:00:15.79]         /root/WorkSpace/CSharp/BannerlordModEditor/BannerlordModEditor.Common.Tests/BannerIconsEmptyElementsTests.cs(651,0): at BannerlordModEditor.Common.Tests.BannerIconsEmptyElementsTests.IconDO_ShouldSerializeIsReserved_InvalidIsReserved_ReturnsFalse(String isReserved)
[xUnit.net 00:00:15.79]            at InvokeStub_BannerIconsEmptyElementsTests.IconDO_ShouldSerializeIsReserved_InvalidIsReserved_ReturnsFalse(Object, Span`1)
[xUnit.net 00:00:15.79]            at System.Reflection.MethodBaseInvoker.InvokeWithOneArg(Object obj, BindingFlags invokeAttr, Binder binder, Object[] parameters, CultureInfo culture)
[xUnit.net 00:00:15.79]       Assert.Contains() Failure: Sub-string not found
[xUnit.net 00:00:15.79]       String:    "<?xml version="1.0" encoding="utf-16"?>\n<"···
[xUnit.net 00:00:15.79]       Not found: "BannerIconGroups"
[xUnit.net 00:00:15.79]       Stack Trace:
[xUnit.net 00:00:15.79]         /root/WorkSpace/CSharp/BannerlordModEditor/BannerlordModEditor.Common.Tests/BannerIconsEmptyElementsTests.cs(879,0): at BannerlordModEditor.Common.Tests.BannerIconsEmptyElementsTests.BannerIconsDO_XmlSerialization_EmptyElementsPreservedCorrectly()
[xUnit.net 00:00:15.79]            at System.RuntimeMethodHandle.InvokeMethod(Object target, Void** arguments, Signature sig, Boolean isConstructor)
[xUnit.net 00:00:15.79]            at System.Reflection.MethodBaseInvoker.InvokeWithNoArgs(Object obj, BindingFlags invokeAttr)
[xUnit.net 00:00:15.79]       Assert.False() Failure
[xUnit.net 00:00:15.79]       Expected: False
[xUnit.net 00:00:15.79]       Actual:   True
[xUnit.net 00:00:15.79]       Stack Trace:
[xUnit.net 00:00:15.79]         /root/WorkSpace/CSharp/BannerlordModEditor/BannerlordModEditor.Common.Tests/BannerIconsEmptyElementsTests.cs(843,0): at BannerlordModEditor.Common.Tests.BannerIconsEmptyElementsTests.ColorEntryDO_ShouldSerializePlayerCanChooseForSigil_InvalidValue_ReturnsFalse(String value)
[xUnit.net 00:00:15.79]            at System.RuntimeMethodHandle.InvokeMethod(Object target, Void** arguments, Signature sig, Boolean isConstructor)
[xUnit.net 00:00:15.79]            at System.Reflection.MethodBaseInvoker.InvokeDirectByRefWithFewArgs(Object obj, Span`1 copyOfArgs, BindingFlags invokeAttr)
  已通过 BannerlordModEditor.Common.Tests.BannerIconsEmptyElementsTests.BannerIconsDO_ShouldSerializeType_ValidType_ReturnsTrue [< 1 ms]
  已通过 BannerlordModEditor.Common.Tests.BannerIconsEmptyElementsTests.IconDO_ShouldSerializeIsReserved_InvalidIsReserved_ReturnsFalse(isReserved: null) [< 1 ms]
  已通过 BannerlordModEditor.Common.Tests.BannerIconsEmptyElementsTests.IconDO_ShouldSerializeIsReserved_InvalidIsReserved_ReturnsFalse(isReserved: "") [< 1 ms]
  失败 BannerlordModEditor.Common.Tests.BannerIconsEmptyElementsTests.IconDO_ShouldSerializeIsReserved_InvalidIsReserved_ReturnsFalse(isReserved: "   ") [< 1 ms]
  错误消息:
   Assert.False() Failure
Expected: False
Actual:   True
  堆栈跟踪:
     at BannerlordModEditor.Common.Tests.BannerIconsEmptyElementsTests.IconDO_ShouldSerializeIsReserved_InvalidIsReserved_ReturnsFalse(String isReserved) in /root/WorkSpace/CSharp/BannerlordModEditor/BannerlordModEditor.Common.Tests/BannerIconsEmptyElementsTests.cs:line 651
   at InvokeStub_BannerIconsEmptyElementsTests.IconDO_ShouldSerializeIsReserved_InvalidIsReserved_ReturnsFalse(Object, Span`1)
   at System.Reflection.MethodBaseInvoker.InvokeWithOneArg(Object obj, BindingFlags invokeAttr, Binder binder, Object[] parameters, CultureInfo culture)
  已通过 BannerlordModEditor.Common.Tests.BannerIconsEmptyElementsTests.BannerColorsDO_ShouldSerializeColors_HasItems_ReturnsTrue [< 1 ms]
  失败 BannerlordModEditor.Common.Tests.BannerIconsEmptyElementsTests.BannerIconsDO_XmlSerialization_EmptyElementsPreservedCorrectly [< 1 ms]
  错误消息:
   Assert.Contains() Failure: Sub-string not found
String:    "<?xml version="1.0" encoding="utf-16"?>\n<"···
Not found: "BannerIconGroups"
  堆栈跟踪:
     at BannerlordModEditor.Common.Tests.BannerIconsEmptyElementsTests.BannerIconsDO_XmlSerialization_EmptyElementsPreservedCorrectly() in /root/WorkSpace/CSharp/BannerlordModEditor/BannerlordModEditor.Common.Tests/BannerIconsEmptyElementsTests.cs:line 879
   at System.RuntimeMethodHandle.InvokeMethod(Object target, Void** arguments, Signature sig, Boolean isConstructor)
   at System.Reflection.MethodBaseInvoker.InvokeWithNoArgs(Object obj, BindingFlags invokeAttr)
  失败 BannerlordModEditor.Common.Tests.BannerIconsEmptyElementsTests.ColorEntryDO_ShouldSerializePlayerCanChooseForSigil_InvalidValue_ReturnsFalse(value: "   ") [< 1 ms]
  错误消息:
   Assert.False() Failure
Expected: False
Actual:   True
  堆栈跟踪:
     at BannerlordModEditor.Common.Tests.BannerIconsEmptyElementsTests.ColorEntryDO_ShouldSerializePlayerCanChooseForSigil_InvalidValue_ReturnsFalse(String value) in /root/WorkSpace/CSharp/BannerlordModEditor/BannerlordModEditor.Common.Tests/BannerIconsEmptyElementsTests.cs:line 843
   at System.RuntimeMethodHandle.InvokeMethod(Object target, Void** arguments, Signature sig, Boolean isConstructor)
   at System.Reflection.MethodBaseInvoker.InvokeDirectByRefWithFewArgs(Object obj, Span`1 copyOfArgs, BindingFlags invokeAttr)
  已通过 BannerlordModEditor.Common.Tests.BannerIconsEmptyElementsTests.ColorEntryDO_ShouldSerializePlayerCanChooseForSigil_InvalidValue_ReturnsFalse(value: null) [< 1 ms]
  已通过 BannerlordModEditor.Common.Tests.BannerIconsEmptyElementsTests.ColorEntryDO_ShouldSerializePlayerCanChooseForSigil_InvalidValue_ReturnsFalse(value: "") [< 1 ms]
  已通过 BannerlordModEditor.Common.Tests.BannerIconsEmptyElementsTests.BannerIconDataDO_ShouldSerializeBannerIconGroups_HasEmptyBannerIconGroupsTrue_ReturnsTrue [< 1 ms]
  已通过 BannerlordModEditor.Common.Tests.BannerIconsEmptyElementsTests.BannerIconGroupDO_ShouldSerializeIcons_EmptyAndNoFlag_ReturnsFalse [< 1 ms]
  已通过 BannerlordModEditor.Common.Tests.BannerIconsEmptyElementsTests.BannerIconDataDO_ShouldSerializeBannerIconGroups_HasItems_ReturnsTrue [< 1 ms]
  已通过 BannerlordModEditor.Common.Tests.BannerIconsEmptyElementsTests.BannerIconGroupDO_ShouldSerializeIcons_HasItems_ReturnsTrue [< 1 ms]
  已通过 BannerlordModEditor.Common.Tests.BannerIconsEmptyElementsTests.BannerIconsDO_ShouldSerializeBannerIconData_HasBannerIconDataFalse_ReturnsFalse [< 1 ms]
  已通过 BannerlordModEditor.Common.Tests.BannerIconsEmptyElementsTests.BannerIconsDO_ShouldSerializeBannerIconData_NullBannerIconData_ReturnsFalse [< 1 ms]
  已通过 BannerlordModEditor.Common.Tests.BannerIconsEmptyElementsTests.BannerColorsDO_ShouldSerializeColors_HasEmptyColorsTrue_ReturnsTrue [< 1 ms]
  已通过 BannerlordModEditor.Common.Tests.BannerIconsEmptyElementsTests.BannerIconGroupDO_ShouldSerializeIcons_HasEmptyIconsTrue_ReturnsTrue [< 1 ms]
  已通过 BannerlordModEditor.Common.Tests.BannerIconsEmptyElementsTests.BannerIconDataDO_ShouldSerializeBannerColors_NullBannerColors_ReturnsFalse [< 1 ms]
[xUnit.net 00:00:15.82]       Assert.True() Failure
[xUnit.net 00:00:15.82]       Expected: True
[xUnit.net 00:00:15.82]       Actual:   False
[xUnit.net 00:00:15.82]       Stack Trace:
[xUnit.net 00:00:15.82]         /root/WorkSpace/CSharp/BannerlordModEditor/BannerlordModEditor.Common.Tests/SkeletonsLayoutXmlTests.cs(53,0): at BannerlordModEditor.Common.Tests.SkeletonsLayoutXmlTests.Serialize_SkeletonsLayoutDO_ShouldMatchOriginal()
[xUnit.net 00:00:15.82]            at System.RuntimeMethodHandle.InvokeMethod(Object target, Void** arguments, Signature sig, Boolean isConstructor)
[xUnit.net 00:00:15.82]            at System.Reflection.MethodBaseInvoker.InvokeWithNoArgs(Object obj, BindingFlags invokeAttr)
[xUnit.net 00:00:15.83]       Assert.Equal() Failure: Values differ
[xUnit.net 00:00:15.83]       Expected: True
[xUnit.net 00:00:15.83]       Actual:   False
[xUnit.net 00:00:15.83]       Stack Trace:
[xUnit.net 00:00:15.83]         /root/WorkSpace/CSharp/BannerlordModEditor/BannerlordModEditor.Common.Tests/SkeletonsLayoutXmlTests.cs(76,0): at BannerlordModEditor.Common.Tests.SkeletonsLayoutXmlTests.Mapper_SkeletonsLayoutDOToDTO_ShouldPreserveData()
[xUnit.net 00:00:15.83]            at System.RuntimeMethodHandle.InvokeMethod(Object target, Void** arguments, Signature sig, Boolean isConstructor)
[xUnit.net 00:00:15.83]            at System.Reflection.MethodBaseInvoker.InvokeWithNoArgs(Object obj, BindingFlags invokeAttr)
Original attrs: 1220, Serialized attrs: 1220
Original widgets: 113, Serialized widgets: 113
Original sub_widgets: 104, Serialized sub_widgets: 104
Original nodes: 539, Serialized nodes: 539
Original attrs: 1220, Serialized attrs: 1220
  失败 BannerlordModEditor.Common.Tests.SkeletonsLayoutXmlTests.Serialize_SkeletonsLayoutDO_ShouldMatchOriginal [27 ms]
  错误消息:
   Assert.True() Failure
Expected: True
Actual:   False
  堆栈跟踪:
     at BannerlordModEditor.Common.Tests.SkeletonsLayoutXmlTests.Serialize_SkeletonsLayoutDO_ShouldMatchOriginal() in /root/WorkSpace/CSharp/BannerlordModEditor/BannerlordModEditor.Common.Tests/SkeletonsLayoutXmlTests.cs:line 53
   at System.RuntimeMethodHandle.InvokeMethod(Object target, Void** arguments, Signature sig, Boolean isConstructor)
   at System.Reflection.MethodBaseInvoker.InvokeWithNoArgs(Object obj, BindingFlags invokeAttr)
  失败 BannerlordModEditor.Common.Tests.SkeletonsLayoutXmlTests.Mapper_SkeletonsLayoutDOToDTO_ShouldPreserveData [5 ms]
  错误消息:
   Assert.Equal() Failure: Values differ
Expected: True
Actual:   False
  堆栈跟踪:
     at BannerlordModEditor.Common.Tests.SkeletonsLayoutXmlTests.Mapper_SkeletonsLayoutDOToDTO_ShouldPreserveData() in /root/WorkSpace/CSharp/BannerlordModEditor/BannerlordModEditor.Common.Tests/SkeletonsLayoutXmlTests.cs:line 76
   at System.RuntimeMethodHandle.InvokeMethod(Object target, Void** arguments, Signature sig, Boolean isConstructor)
   at System.Reflection.MethodBaseInvoker.InvokeWithNoArgs(Object obj, BindingFlags invokeAttr)
  已通过 BannerlordModEditor.Common.Tests.SkeletonsLayoutXmlTests.SkeletonsLayoutDO_ShouldHandleEmptyElements [< 1 ms]
  已通过 BannerlordModEditor.Common.Tests.SkeletonsLayoutXmlTests.Deserialize_SkeletonsLayoutXml_ShouldSucceed [1 ms]
  已通过 BannerlordModEditor.Common.Tests.DetailedLooknfeelAnalysisTest.Analyze_Looknfeel_Attribute_Differences [6 ms]
  已通过 BannerlordModEditor.Common.Tests.SimpleLooknfeelStructureTest.Simple_Looknfeel_Element_Count [5 ms]
  已通过 BannerlordModEditor.Common.Tests.CreditsLegalPCXmlTests.CreditsLegalPC_RoundTrip_StructuralEquality [1 ms]
  已通过 BannerlordModEditor.Common.Tests.AudioAndDataTests.ModuleSounds_SoundCategories_ShouldBeValid [7 ms]
  已通过 BannerlordModEditor.Common.Tests.AudioAndDataTests.ModuleSounds_LoadAndSave_ShouldBeLogicallyIdentical [2 ms]
  已通过 BannerlordModEditor.Common.Tests.AudioAndDataTests.AchievementData_ThresholdValues_ShouldBeNumeric [7 ms]
  已通过 BannerlordModEditor.Common.Tests.AudioAndDataTests.AchievementData_StatNames_ShouldFollowConventions [1 ms]
  已通过 BannerlordModEditor.Common.Tests.AudioAndDataTests.ModuleSounds_LoadWithMissingOrEmptyFields_ShouldHandleOptionalNodes [< 1 ms]
  已通过 BannerlordModEditor.Common.Tests.AudioAndDataTests.AchievementData_LoadAndSave_ShouldBeLogicallyIdentical [1 ms]
  已通过 BannerlordModEditor.Common.Tests.FloraGroupsXmlTests.FloraGroups_ValidateDataIntegrity_ShouldPassBasicChecks [6 ms]
  已通过 BannerlordModEditor.Common.Tests.FloraGroupsXmlTests.FloraGroups_LoadAndSave_ShouldBeLogicallyIdentical [1 ms]
  已通过 BannerlordModEditor.Common.Tests.PostfxGraphsXmlTests.PostfxGraphs_CanSerializeToXml [6 ms]
  已通过 BannerlordModEditor.Common.Tests.PostfxGraphsXmlTests.PostfxGraphs_CanDeserializeFromXml [7 ms]
  已通过 BannerlordModEditor.Common.Tests.PostfxGraphsXmlTests.PostfxGraphs_ComplexStructureHandledCorrectly [< 1 ms]
=== ORIGINAL XML ===
<?xml version="1.0" encoding="utf-8"?>
<base xmlns:xsi="http://www.w3.org/2001/XMLSchema-instance" xmlns:xsd="http://www.w3.org/2001/XMLSchema"
	type="string">
	<BannerIconData>
		<BannerIconGroup
			id="1"
			name="{=str_banner_editor_background}Background"
			is_pattern="true">
			<Background
				id="1"
				mesh_name="banner_background_test_1" />
			<Background
				id="2"
				mesh_name="banner_background_test_2" />
			<Background
				id="3"
				mesh_name="banner_background_test_3" />
			<Background
				id="4"
				mesh_name="banner_background_test_4" />
			<Background
				id="5"
				mesh_name="banner_background_test_5" />
			<Background
				id="6"
				mesh_name="banner_background_test_6" />
			<Background
				id="7"
				mesh_name="banner_background_test_7" />
			<Background
				id="8"
				mesh_name="banner_background_test_8" />
			<Background
				id="9"
				mesh_name="banner_background_test_9" />
			<Background
				id="10"
				mesh_name="banner_background_test_10" />
			<Background
				id="11"
				mesh_name="banner_background_test_11"
				is_base_background="true" />
			<Background
				id="12"
				mesh_name="banner_background_test_12" />
			<Background
				id="13"
				mesh_name="banner_background_test_13" />
			<Background
				id="14"
				mesh_name="banner_background_test_14" />
			<Background
				id="15"
				mesh_name="banner_background_test_15" />
			<Background
				id="16"
				mesh_name="banner_background_test_16" />
			<Background
				id="17"
				mesh_name="banner_background_test_17" />
			<Background
				id="18"
				mesh_name="banner_background_test_18" />
			<Background
				id="19"
				mesh_name="banner_background_test_19" />
			<Background
				id="20"
				mesh_name="banner_background_test_20" />
			<Background
				id="21"
				mesh_name="banner_background_test_21" />
			<Background
				id="22"
				mesh_name="banner_background_test_22" />
			<Background
				id="23"
				mesh_name="banner_background_test_23" />
			<Background
				id="24"
				mesh_name="banner_background_test_24" />
			<Background
				id="25"
				mesh_name="banner_background_test_25" />
			<Background
				id="26"
				mesh_name="banner_background_test_26" />
			<Background
				id="27"
				mesh_name="banner_background_test_27" />
			<Background
				id="28"
				mesh_name="banner_background_test_28" />
			<Background
				id="29"
				mesh_name="banner_background_test_29" />
			<Background
				id="30"
				mesh_name="banner_background_test_30" />
			<Background
				id="31"
				mesh_name="banner_background_test_31" />
			<Background
				id="32"
				mesh_name="banner_background_test_32" />
			<Background
				id="33"
				mesh_name="banner_background_test_33" />
			<Background
				id="34"
				mesh_name="banner_background_test_34" />
			<Background
				id="35"
				mesh_name="banner_background_test_35" />
			<Background
				id="36"
				mesh_name="banner_background_test_36" />
		</BannerIconGroup>
		<BannerIconGroup
			id="2"
			name="{=str_banner_editor_animal}Animal"
			is_pattern="false">
			<Icon
				id="100"
				material_name="custom_banner_icons_01"
				texture_index="10" />
			<Icon
				id="101"
				material_name="custom_banner_icons_01"
				texture_index="9" />
			<Icon
				id="102"
				material_name="custom_banner_icons_01"
				texture_index="3" />
			<Icon
				id="103"
				material_name="custom_banner_icons_01"
				texture_index="11" />
			<Icon
				id="104"
				material_name="custom_banner_icons_02"
				texture_index="4" />
			<Icon
				id="105"
				material_name="custom_banner_icons_04"
				texture_index="13" />
			<Icon
				id="106"
				material_name="custom_banner_icons_02"
				texture_index="1" />
			<Icon
				id="107"
				material_name="custom_banner_icons_03"
				texture_index="6" />
			<Icon
				id="108"
				material_name="custom_banner_icons_02"
				texture_index="6" />
			<Icon
				id="109"
				material_name="custom_banner_icons_03"
				texture_index="12" />
			<Icon
				id="110"
				material_name="custom_banner_icons_02"
				texture_index="8" />
			<Icon
				id="111"
				material_name="custom_banner_icons_02"
				texture_index="5" />
			<Icon
				id="112"
				material_name="custom_banner_icons_04"
				texture_index="5" />
			<Icon
				id="113"
				material_name="custom_banner_icons_02"
				texture_index="15" />
			<Icon
				id="114"
				material_name="custom_banner_icons_03"
				texture_index="13" />
			<Icon
				id="115"
				material_name="custom_banner_icons_02"
				texture_index="2" />
			<Icon
				id="116"
				material_name="custom_banner_icons_04"
				texture_index="7" />
			<Icon
				id="117"
				material_name="custom_banner_icons_04"
				texture_index="0" />
			<Icon
				id="118"
				material_name="custom_banner_icons_02"
				texture_index="0" />
			<Icon
				id="119"
				material_name="custom_banner_icons_04"
				texture_index="6" />
			<Icon
				id="120"
				material_name="custom_banner_icons_04"
				texture_index="11" />
			<Icon
				id="121"
				material_name="custom_banner_icons_04"
				texture_index="3" />
			<Icon
				id="122"
				material_name="custom_banner_icons_02"
				texture_index="13" />
			<Icon
				id="123"
				material_name="custom_banner_icons_04"
				texture_index="8" />
			<Icon
				id="124"
				material_name="custom_banner_icons_01"
				texture_index="8" />
			<Icon
				id="125"
				material_name="custom_banner_icons_01"
				texture_index="1" />
			<Icon
				id="126"
				material_name="custom_banner_icons_03"
				texture_index="10" />
			<Icon
				id="127"
				material_name="custom_banner_icons_02"
				texture_index="11" />
			<Icon
				id="128"
				material_name="custom_banner_icons_01"
				texture_index="12" />
			<Icon
				id="129"
				material_name="custom_banner_icons_03"
				texture_index="3" />
			<Icon
				id="130"
				material_name="custom_banner_icons_03"
				texture_index="4" />
			<Icon
				id="131"
				material_name="custom_banner_icons_02"
				texture_index="12" />
			<Icon
				id="132"
				material_name="custom_banner_icons_02"
				texture_index="9" />
			<Icon
				id="133"
				material_name="custom_banner_icons_02"
				texture_index="7" />
			<Icon
				id="134"
				material_name="custom_banner_icons_04"
				texture_index="4" />
			<Icon
				id="135"
				material_name="custom_banner_icons_03"
				texture_index="11" />
			<Icon
				id="136"
				material_name="custom_banner_icons_04"
				texture_index="2" />
			<Icon
				id="137"
				material_name="custom_banner_icons_01"
				texture_index="6" />
			<Icon
				id="138"
				material_name="custom_banner_icons_01"
				texture_index="0" />
			<Icon
				id="139"
				material_name="custom_banner_icons_04"
				texture_index="1" />
			<Icon
				id="140"
				material_name="custom_banner_icons_01"
				texture_index="5" />
			<Icon
				id="141"
				material_name="custom_banner_icons_01"
				texture_index="4" />
			<Icon
				id="142"
				material_name="custom_banner_icons_04"
				texture_index="14" />
			<Icon
				id="143"
				material_name="custom_banner_icons_02"
				texture_index="14" />
			<Icon
				id="144"
				material_name="custom_banner_icons_04"
				texture_index="15" />
			<Icon
				id="145"
				material_name="custom_banner_icons_03"
				texture_index="2" />
			<Icon
				id="146"
				material_name="custom_banner_icons_04"
				texture_index="12" />
			<Icon
				id="147"
				material_name="custom_banner_icons_03"
				texture_index="7" />
			<Icon
				id="148"
				material_name="custom_banner_icons_03"
				texture_index="8" />
			<Icon
				id="149"
				material_name="custom_banner_icons_01"
				texture_index="2" />
			<Icon
				id="150"
				material_name="custom_banner_icons_03"
				texture_index="15" />
			<Icon
				id="151"
				material_name="custom_banner_icons_03"
				texture_index="1" />
			<Icon
				id="152"
				material_name="custom_banner_icons_02"
				texture_index="10" />
			<Icon
				id="153"
				material_name="custom_banner_icons_03"
				texture_index="5" />
			<Icon
				id="154"
				material_name="custom_banner_icons_03"
				texture_index="0" />
			<Icon
				id="155"
				material_name="custom_banner_icons_01"
				texture_index="14" />
			<Icon
				id="156"
				material_name="custom_banner_icons_02"
				texture_index="3" />
			<Icon
				id="157"
				material_name="custom_banner_icons_01"
				texture_index="7" />
			<Icon
				id="158"
				material_name="custom_banner_icons_01"
				texture_index="13" />
			<Icon
				id="159"
				material_name="custom_banner_icons_03"
				texture_index="14" />
			<!--vlandia-->
			<Icon
				id="160"
				material_name="custom_banner_icons_15"
				texture_index="7"
				is_reserved="true" />
			<!--normal empire eagle-->
			<Icon
				id="161"
				material_name="custom_banner_icons_15"
				texture_index="10"
				is_reserved="true" />
			<!--southern empire-->
			<Icon
				id="162"
				material_name="custom_banner_icons_15"
				texture_index="11"
				is_reserved="true" />
			<!--north empire-->
			<Icon
				id="163"
				material_name="custom_banner_icons_15"
				texture_index="12"
				is_reserved="true" />
			<!--western empire-->
			<Icon
				id="164"
				material_name="custom_banner_icons_15"
				texture_index="13"
				is_reserved="true" />
		</BannerIconGroup>
		<BannerIconGroup
			id="3"
			name="{=str_bannereditor_flora}Flora"
			is_pattern="false">
			<Icon
				id="200"
				material_name="custom_banner_icons_13"
				texture_index="0" />
			<Icon
				id="201"
				material_name="custom_banner_icons_05"
				texture_index="14" />
			<Icon
				id="202"
				material_name="custom_banner_icons_05"
				texture_index="13" />
			<Icon
				id="203"
				material_name="custom_banner_icons_05"
				texture_index="6" />
			<Icon
				id="204"
				material_name="custom_banner_icons_05"
				texture_index="9" />
			<Icon
				id="205"
				material_name="custom_banner_icons_05"
				texture_index="0" />
			<Icon
				id="206"
				material_name="custom_banner_icons_05"
				texture_index="1" />
			<Icon
				id="207"
				material_name="custom_banner_icons_05"
				texture_index="3" />
			<Icon
				id="208"
				material_name="custom_banner_icons_05"
				texture_index="15" />
			<Icon
				id="209"
				material_name="custom_banner_icons_05"
				texture_index="5" />
			<Icon
				id="210"
				material_name="custom_banner_icons_13"
				texture_index="3" />
			<Icon
				id="211"
				material_name="custom_banner_icons_13"
				texture_index="8" />
			<Icon
				id="212"
				material_name="custom_banner_icons_13"
				texture_index="2" />
			<Icon
				id="213"
				material_name="custom_banner_icons_13"
				texture_index="1" />
			<Icon
				id="214"
				material_name="custom_banner_icons_13"
				texture_index="6" />
			<Icon
				id="215"
				material_name="custom_banner_icons_13"
				texture_index="7" />
			<Icon
				id="216"
				material_name="custom_banner_icons_13"
				texture_index="4" />
			<Icon
				id="217"
				material_name="custom_banner_icons_13"
				texture_index="5" />
			<Icon
				id="218"
				material_name="custom_banner_icons_05"
				texture_index="11" />
			<Icon
				id="219"
				material_name="custom_banner_icons_05"
				texture_index="2" />
			<Icon
				id="220"
				material_name="custom_banner_icons_05"
				texture_index="4" />
			<Icon
				id="221"
				material_name="custom_banner_icons_05"
				texture_index="10" />
			<Icon
				id="222"
				material_name="custom_banner_icons_05"
				texture_index="7" />
			<Icon
				id="223"
				material_name="custom_banner_icons_05"
				texture_index="8" />
		</BannerIconGroup>
		<BannerIconGroup
			id="4"
			name="{=str_banner_editor_handmade}Handmade"
			is_pattern="false">
			<Icon
				id="300"
				material_name="custom_banner_icons_13"
				texture_index="13" />
			<Icon
				id="301"
				material_name="custom_banner_icons_06"
				texture_index="13" />
			<Icon
				id="302"
				material_name="custom_banner_icons_06"
				texture_index="11" />
			<Icon
				id="303"
				material_name="custom_banner_icons_06"
				texture_index="2" />
			<Icon
				id="304"
				material_name="custom_banner_icons_06"
				texture_index="3" />
			<Icon
				id="306"
				material_name="custom_banner_icons_06"
				texture_index="0" />
			<Icon
				id="305"
				material_name="custom_banner_icons_06"
				texture_index="15" />
			<Icon
				id="307"
				material_name="custom_banner_icons_06"
				texture_index="9" />
			<Icon
				id="308"
				material_name="custom_banner_icons_06"
				texture_index="1" />
			<Icon
				id="309"
				material_name="custom_banner_icons_06"
				texture_index="7" />
			<Icon
				id="310"
				material_name="custom_banner_icons_06"
				texture_index="14" />
			<Icon
				id="311"
				material_name="custom_banner_icons_06"
				texture_index="10" />
			<Icon
				id="312"
				material_name="custom_banner_icons_06"
				texture_index="5" />
			<Icon
				id="313"
				material_name="custom_banner_icons_06"
				texture_index="12" />
			<Icon
				id="314"
				material_name="custom_banner_icons_06"
				texture_index="4" />
			<Icon
				id="315"
				material_name="custom_banner_icons_06"
				texture_index="6" />
			<Icon
				id="316"
				material_name="custom_banner_icons_07"
				texture_index="0" />
			<Icon
				id="317"
				material_name="custom_banner_icons_07"
				texture_index="1" />
			<Icon
				id="318"
				material_name="custom_banner_icons_07"
				texture_index="2" />
			<Icon
				id="319"
				material_name="custom_banner_icons_07"
				texture_index="3" />
			<Icon
				id="320"
				material_name="custom_banner_icons_07"
				texture_index="4" />
			<Icon
				id="321"
				material_name="custom_banner_icons_07"
				texture_index="8" />
			<Icon
				id="322"
				material_name="custom_banner_icons_12"
				texture_index="8" />
			<Icon
				id="323"
				material_name="custom_banner_icons_12"
				texture_index="13" />
			<Icon
				id="324"
				material_name="custom_banner_icons_14"
				texture_index="1" />
			<Icon
				id="325"
				material_name="custom_banner_icons_07"
				texture_index="15" />
			<Icon
				id="326"
				material_name="custom_banner_icons_07"
				texture_index="13" />
			<Icon
				id="327"
				material_name="custom_banner_icons_07"
				texture_index="12" />
			<Icon
				id="328"
				material_name="custom_banner_icons_07"
				texture_index="14" />
			<Icon
				id="329"
				material_name="custom_banner_icons_14"
				texture_index="0" />
			<Icon
				id="330"
				material_name="custom_banner_icons_13"
				texture_index="9" />
			<Icon
				id="331"
				material_name="custom_banner_icons_13"
				texture_index="11" />
			<Icon
				id="332"
				material_name="custom_banner_icons_13"
				texture_index="15" />
			<Icon
				id="333"
				material_name="custom_banner_icons_13"
				texture_index="10" />
			<Icon
				id="334"
				material_name="custom_banner_icons_07"
				texture_index="9" />
			<Icon
				id="335"
				material_name="custom_banner_icons_11"
				texture_index="2" />
			<Icon
				id="336"
				material_name="custom_banner_icons_07"
				texture_index="6" />
			<Icon
				id="337"
				material_name="custom_banner_icons_07"
				texture_index="7" />
			<Icon
				id="338"
				material_name="custom_banner_icons_13"
				texture_index="12" />
			<Icon
				id="339"
				material_name="custom_banner_icons_13"
				texture_index="14" />
			<Icon
				id="340"
				material_name="custom_banner_icons_07"
				texture_index="5" />
			<Icon
				id="341"
				material_name="custom_banner_icons_08"
				texture_index="11" />
			<Icon
				id="342"
				material_name="custom_banner_icons_10"
				texture_index="13" />
			<Icon
				id="343"
				material_name="custom_banner_icons_08"
				texture_index="10" />
			<Icon
				id="344"
				material_name="custom_banner_icons_12"
				texture_index="14" />
			<Icon
				id="345"
				material_name="custom_banner_icons_07"
				texture_index="10" />
			<Icon
				id="346"
				material_name="custom_banner_icons_07"
				texture_index="11" />
			<Icon
				id="347"
				material_name="custom_banner_icons_15"
				texture_index="4" />
		</BannerIconGroup>
		<BannerIconGroup
			id="5"
			name="{=str_banner_editor_sign}Sign"
			is_pattern="false">
			<Icon
				id="400"
				material_name="custom_banner_icons_11"
				texture_index="11" />
			<Icon
				id="401"
				material_name="custom_banner_icons_11"
				texture_index="15" />
			<Icon
				id="402"
				material_name="custom_banner_icons_09"
				texture_index="11" />
			<Icon
				id="403"
				material_name="custom_banner_icons_09"
				texture_index="10" />
			<Icon
				id="404"
				material_name="custom_banner_icons_08"
				texture_index="8" />
			<Icon
				id="405"
				material_name="custom_banner_icons_08"
				texture_index="0" />
			<Icon
				id="406"
				material_name="custom_banner_icons_08"
				texture_index="3" />
			<Icon
				id="407"
				material_name="custom_banner_icons_08"
				texture_index="5" />
			<Icon
				id="408"
				material_name="custom_banner_icons_08"
				texture_index="7" />
			<Icon
				id="409"
				material_name="custom_banner_icons_09"
				texture_index="0" />
			<Icon
				id="410"
				material_name="custom_banner_icons_09"
				texture_index="9" />
			<Icon
				id="411"
				material_name="custom_banner_icons_11"
				texture_index="3" />
			<Icon
				id="412"
				material_name="custom_banner_icons_10"
				texture_index="8" />
			<Icon
				id="413"
				material_name="custom_banner_icons_08"
				texture_index="6" />
			<Icon
				id="414"
				material_name="custom_banner_icons_09"
				texture_index="3" />
			<Icon
				id="415"
				material_name="custom_banner_icons_08"
				texture_index="15" />
			<Icon
				id="416"
				material_name="custom_banner_icons_09"
				texture_index="4" />
			<Icon
				id="417"
				material_name="custom_banner_icons_08"
				texture_index="13" />
			<Icon
				id="418"
				material_name="custom_banner_icons_08"
				texture_index="12" />
			<Icon
				id="419"
				material_name="custom_banner_icons_10"
				texture_index="11" />
			<Icon
				id="420"
				material_name="custom_banner_icons_01"
				texture_index="15" />
			<Icon
				id="421"
				material_name="custom_banner_icons_11"
				texture_index="4" />
			<Icon
				id="422"
				material_name="custom_banner_icons_08"
				texture_index="14" />
			<Icon
				id="423"
				material_name="custom_banner_icons_12"
				texture_index="12" />
			<Icon
				id="424"
				material_name="custom_banner_icons_11"
				texture_index="9" />
			<Icon
				id="425"
				material_name="custom_banner_icons_11"
				texture_index="0" />
			<Icon
				id="426"
				material_name="custom_banner_icons_10"
				texture_index="0" />
			<Icon
				id="427"
				material_name="custom_banner_icons_10"
				texture_index="12" />
			<Icon
				id="428"
				material_name="custom_banner_icons_10"
				texture_index="10" />
			<Icon
				id="429"
				material_name="custom_banner_icons_10"
				texture_index="3" />
			<Icon
				id="430"
				material_name="custom_banner_icons_10"
				texture_index="4" />
			<Icon
				id="431"
				material_name="custom_banner_icons_09"
				texture_index="1" />
			<Icon
				id="432"
				material_name="custom_banner_icons_03"
				texture_index="9" />
			<Icon
				id="433"
				material_name="custom_banner_icons_04"
				texture_index="10" />
			<Icon
				id="434"
				material_name="custom_banner_icons_04"
				texture_index="9" />
			<Icon
				id="435"
				material_name="custom_banner_icons_09"
				texture_index="13" />
			<Icon
				id="436"
				material_name="custom_banner_icons_09"
				texture_index="12" />
			<Icon
				id="437"
				material_name="custom_banner_icons_08"
				texture_index="9" />
			<Icon
				id="438"
				material_name="custom_banner_icons_09"
				texture_index="7" />
			<Icon
				id="439"
				material_name="custom_banner_icons_11"
				texture_index="14" />
			<Icon
				id="440"
				material_name="custom_banner_icons_05"
				texture_index="12" />
			<Icon
				id="441"
				material_name="custom_banner_icons_08"
				texture_index="2" />
			<Icon
				id="442"
				material_name="custom_banner_icons_08"
				texture_index="4" />
			<Icon
				id="443"
				material_name="custom_banner_icons_12"
				texture_index="15" />
			<Icon
				id="444"
				material_name="custom_banner_icons_08"
				texture_index="1" />
			<Icon
				id="445"
				material_name="custom_banner_icons_06"
				texture_index="8" />
			<Icon
				id="446"
				material_name="custom_banner_icons_09"
				texture_index="15" />
			<Icon
				id="448"
				material_name="custom_banner_icons_09"
				texture_index="2" />
			<Icon
				id="447"
				material_name="custom_banner_icons_10"
				texture_index="2" />
			<Icon
				id="449"
				material_name="custom_banner_icons_11"
				texture_index="1" />
			<Icon
				id="450"
				material_name="custom_banner_icons_10"
				texture_index="5" />
			<Icon
				id="451"
				material_name="custom_banner_icons_09"
				texture_index="5" />
			<Icon
				id="452"
				material_name="custom_banner_icons_09"
				texture_index="6" />
			<Icon
				id="453"
				material_name="custom_banner_icons_10"
				texture_index="6" />
			<Icon
				id="454"
				material_name="custom_banner_icons_09"
				texture_index="8" />
			<Icon
				id="455"
				material_name="custom_banner_icons_10"
				texture_index="7" />
			<Icon
				id="456"
				material_name="custom_banner_icons_09"
				texture_index="14" />
			<Icon
				id="457"
				material_name="custom_banner_icons_12"
				texture_index="10" />
			<Icon
				id="458"
				material_name="custom_banner_icons_12"
				texture_index="11" />
			<Icon
				id="459"
				material_name="custom_banner_icons_12"
				texture_index="3" />
			<!--battania-->
			<Icon
				id="460"
				material_name="custom_banner_icons_15"
				texture_index="9"
				is_reserved="true" />
			<!--khuzait-->
			<Icon
				id="461"
				material_name="custom_banner_icons_15"
				texture_index="14"
				is_reserved="true" />
			<!--sturgia-->
			<Icon
				id="462"
				material_name="custom_banner_icons_15"
				texture_index="15"
				is_reserved="true" />
			<!--aserai-->
			<Icon
				id="463"
				material_name="custom_banner_icons_15"
				texture_index="8"
				is_reserved="true" />
		</BannerIconGroup>
		<BannerIconGroup
			id="6"
			name="{=str_banner_editor_shape}Shape"
			is_pattern="false">
			<Icon
				id="500"
				material_name="custom_banner_icons_11"
				texture_index="5" />
			<Icon
				id="501"
				material_name="custom_banner_icons_11"
				texture_index="6" />
			<Icon
				id="502"
				material_name="custom_banner_icons_11"
				texture_index="7" />
			<Icon
				id="503"
				material_name="custom_banner_icons_14"
				texture_index="4" />
			<Icon
				id="504"
				material_name="custom_banner_icons_14"
				texture_index="5" />
			<Icon
				id="505"
				material_name="custom_banner_icons_14"
				texture_index="6" />
			<Icon
				id="506"
				material_name="custom_banner_icons_14"
				texture_index="7" />
			<Icon
				id="507"
				material_name="custom_banner_icons_14"
				texture_index="9" />
			<Icon
				id="508"
				material_name="custom_banner_icons_14"
				texture_index="10" />
			<Icon
				id="509"
				material_name="custom_banner_icons_14"
				texture_index="11" />
			<Icon
				id="510"
				material_name="custom_banner_icons_14"
				texture_index="12" />
			<Icon
				id="511"
				material_name="custom_banner_icons_14"
				texture_index="13" />
			<Icon
				id="512"
				material_name="custom_banner_icons_11"
				texture_index="8" />
			<Icon
				id="513"
				material_name="custom_banner_icons_10"
				texture_index="9" />
			<Icon
				id="514"
				material_name="custom_banner_icons_11"
				texture_index="10" />
			<Icon
				id="515"
				material_name="custom_banner_icons_14"
				texture_index="2" />
			<Icon
				id="516"
				material_name="custom_banner_icons_10"
				texture_index="14" />
			<Icon
				id="517"
				material_name="custom_banner_icons_14"
				texture_index="8" />
			<Icon
				id="518"
				material_name="custom_banner_icons_11"
				texture_index="13" />
			<Icon
				id="519"
				material_name="custom_banner_icons_10"
				texture_index="15" />
			<Icon
				id="520"
				material_name="custom_banner_icons_11"
				texture_index="12" />
			<Icon
				id="521"
				material_name="custom_banner_icons_14"
				texture_index="3" />
			<Icon
				id="522"
				material_name="custom_banner_icons_12"
				texture_index="7" />
			<Icon
				id="523"
				material_name="custom_banner_icons_12"
				texture_index="0" />
			<Icon
				id="524"
				material_name="custom_banner_icons_12"
				texture_index="9" />
			<Icon
				id="525"
				material_name="custom_banner_icons_12"
				texture_index="2" />
			<Icon
				id="526"
				material_name="custom_banner_icons_12"
				texture_index="1" />
			<Icon
				id="527"
				material_name="custom_banner_icons_12"
				texture_index="5" />
			<Icon
				id="528"
				material_name="custom_banner_icons_12"
				texture_index="4" />
			<Icon
				id="529"
				material_name="custom_banner_icons_12"
				texture_index="6" />
			<Icon
				id="530"
				material_name="custom_banner_icons_15"
				texture_index="0" />
			<Icon
				id="531"
				material_name="custom_banner_icons_15"
				texture_index="3" />
			<Icon
				id="532"
				material_name="custom_banner_icons_15"
				texture_index="1" />
			<Icon
				id="533"
				material_name="custom_banner_icons_15"
				texture_index="2" />
			<Icon
				id="534"
				material_name="custom_banner_icons_14"
				texture_index="14" />
			<Icon
				id="535"
				material_name="custom_banner_icons_14"
				texture_index="15" />
		</BannerIconGroup>
		<BannerColors>
			<!--Aserai background-->
			<Color
				id="0"
				hex="0xffB57A1E" />
			<!--Aserai color 2-->
			<Color
				id="1"
				hex="0xff4E1A13" />
			<!--battania background-->
			<Color
				id="2"
				hex="0xff284E19" />
			<!-- battania color 2-->
			<Color
				id="3"
				hex="0xffB4F0F1" />
			<!--northern empire background-->
			<Color
				id="4"
				hex="0xff793191" />
			<!--northern empire color 2-->
			<Color
				id="5"
				hex="0xffFCDE90" />
			<!--southern background-->
			<Color
				id="6"
				hex="0xff382188" />
			<!--southern empire color 2-->
			<Color
				id="7"
				hex="0xffDEA940" />
			<!--western background-->
			<Color
				id="8"
				hex="0xff591645" />
			<!--western empire color 2-->
			<Color
				id="9"
				hex="0xffFFAD54" />
			<!--khuzait background-->
			<Color
				id="10"
				hex="0xff429081" />
			<!--khuzait color 2-->
			<Color
				id="11"
				hex="0xffEFC990" />
			<!--sturgia background-->
			<Color
				id="12"
				hex="0xff224277" />
			<!--sturgia color 2-f-->
			<Color
				id="13"
				hex="0xffCEDAE7" />
			<!--vlandia background-->
			<Color
				id="14"
				hex="0xff8D291A" />
			<!--vlandia color 2-->
			<Color
				id="15"
				hex="0xffF7BF46" />
			<Color
				id="16"
				hex="0xff6bd5dc" />
			<Color
				id="17"
				hex="0xffeed690" />
			<Color
				id="18"
				hex="0xffaec382" />
			<Color
				id="19"
				hex="0xffc3c3c3" />
			<Color
				id="20"
				hex="0xffd5d7d4" />
			<Color
				id="21"
				hex="0xffe7ecd6" />
			<Color
				id="22"
				hex="0xffeaeeef" />
			<Color
				id="23"
				hex="0xff7f6b60" />
			<Color
				id="24"
				hex="0xff967e7e" />
			<Color
				id="25"
				hex="0xffb6aba7" />
			<Color
				id="26"
				hex="0xffe7d3ba" />
			<Color
				id="27"
				hex="0xffeae1da" />
			<Color
				id="28"
				hex="0xffd9dbce" />
			<Color
				id="29"
				hex="0xffdfd6cd" />
			<Color
				id="30"
				hex="0xffcac1ba" />
			<Color
				id="31"
				hex="0xffece8dd" />
			<Color
				id="32"
				hex="0xffe0dcd9" />
			<Color
				id="33"
				hex="0xffefece5" />
			<Color
				id="34"
				hex="0xffeae9e5" />
			<Color
				id="35"
				hex="0xfff5f5f5" />
			<Color
				id="36"
				hex="0xfff5b365" />
			<Color
				id="37"
				hex="0xfff5b365" />
			<Color
				id="38"
				hex="0xffe68c36" />
			<Color
				id="39"
				hex="0xffdcac46" />
			<Color
				id="40"
				hex="0xffffffff" />
			<Color
				id="41"
				hex="0xffeee7d4" />
			<Color
				id="42"
				hex="0xffe9e2c5" />
			<Color
				id="43"
				hex="0xffebdcbb" />
			<Color
				id="44"
				hex="0xfff0e0a5" />
			<Color
				id="45"
				hex="0xffe0c78e" />
			<Color
				id="46"
				hex="0xffcda87c" />
			<Color
				id="47"
				hex="0xfff9d575" />
			<Color
				id="48"
				hex="0xffe44434" />
			<Color
				id="49"
				hex="0xffe69077" />
			<Color
				id="50"
				hex="0xffe79c7d" />
			<Color
				id="51"
				hex="0xffc94b4e" />
			<Color
				id="52"
				hex="0xffe6b0a6" />
			<Color
				id="53"
				hex="0xffe4c8c7" />
			<Color
				id="54"
				hex="0xfff2b0a2" />
			<Color
				id="55"
				hex="0xffDA6C6D" />
			<Color
				id="56"
				hex="0xffE2BCAF" />
			<Color
				id="57"
				hex="0xffBD7E75" />
			<Color
				id="58"
				hex="0xffD1C7C5" />
			<Color
				id="59"
				hex="0xff975B43" />
			<Color
				id="60"
				hex="0xffE6A57F" />
			<Color
				id="61"
				hex="0xff7B5E4E" />
			<Color
				id="62"
				hex="0xffAC9188" />
			<Color
				id="63"
				hex="0xffD7967A" />
			<Color
				id="64"
				hex="0xffE6C9BB" />
			<Color
				id="65"
				hex="0xff934165" />
			<Color
				id="66"
				hex="0xffD39EB0" />
			<Color
				id="67"
				hex="0xff644974" />
			<Color
				id="68"
				hex="0xff7F658A" />
			<Color
				id="69"
				hex="0xffA793AE" />
			<Color
				id="70"
				hex="0xffC5057C" />
			<Color
				id="71"
				hex="0xff710083" />
			<Color
				id="72"
				hex="0xff00667F" />
			<Color
				id="73"
				hex="0xff00A0BA" />
			<Color
				id="74"
				hex="0xff53B7C6" />
			<Color
				id="75"
				hex="0xffA1B1EF" />
			<Color
				id="76"
				hex="0xff7F8CC0" />
			<Color
				id="77"
				hex="0xff5960A8" />
			<Color
				id="78"
				hex="0xffC1589A" />
			<Color
				id="79"
				hex="0xffA34FAF" />
			<Color
				id="80"
				hex="0xffD08E54" />
			<Color
				id="81"
				hex="0xff939BD9" />
			<Color
				id="82"
				hex="0xffEA4F00" />
			<Color
				id="83"
				hex="0xffD22D33" />
			<Color
				id="84"
				hex="0xffFDE217" />
			<Color
				id="85"
				hex="0xffFFA4DD" />
			<Color
				id="86"
				hex="0xffCB83D5" />
			<Color
				id="87"
				hex="0xff895D5E" />
			<Color
				id="88"
				hex="0xff02FF19" />
			<Color
				id="89"
				hex="0xff019678" />
			<Color
				id="90"
				hex="0xff9EC400" />
			<Color
				id="91"
				hex="0xffA34402" />
			<Color
				id="92"
				hex="0xff714214" />
			<Color
				id="93"
				hex="0xffFFC3C3" />
			<Color
				id="94"
				hex="0xff855FA8" />
			<Color
				id="95"
				hex="0xff7E6E4A" />
			<Color
				id="96"
				hex="0xff3A3321" />
			<Color
				id="97"
				hex="0xff3D2F22" />
			<Color
				id="98"
				hex="0xff422C2E" />
			<Color
				id="99"
				hex="0xff453E38" />
			<Color
				id="100"
				hex="0xff332c4d" />
			<Color
				id="101"
				hex="0xff515267" />
			<Color
				id="102"
				hex="0xff6c72a2" />
			<Color
				id="103"
				hex="0xff8b93ba" />
			<Color
				id="104"
				hex="0xffa6d5db" />
			<Color
				id="105"
				hex="0xffa4b1c2" />
			<Color
				id="106"
				hex="0xffc5bcd1" />
			<Color
				id="107"
				hex="0xffd8aec5" />
			<Color
				id="108"
				hex="0xffcedada" />
			<Color
				id="109"
				hex="0xffd2d6d5" />
			<Color
				id="110"
				hex="0xffcacccb" />
			<Color
				id="111"
				hex="0xffdfdedc" />
			<Color
				id="112"
				hex="0xff5d5b44" />
			<Color
				id="113"
				hex="0xff726b3d" />
			<Color
				id="114"
				hex="0xffcdcc7c" />
			<Color
				id="115"
				hex="0xff8fd1dd" />
			<Color
				id="116"
				hex="0xff0B0C11" />
			<Color
				id="117"
				hex="0xfff5b365" />
			<!--Referenced for tournament colours-->
			<Color
				id="118"
				hex="0xffE36664" />
			<!--Referenced for tournament colours-->
			<Color
				id="119"
				hex="0xff456DFF" />
			<!--Referenced for tournament colours-->
			<Color
				id="120"
				hex="0xff5FBD72" />
			<!--Referenced for tournament colours-->
			<Color
				id="121"
				hex="0xfff4d32e" />
			<!--Multiplayer Aserai Background 1-->
			<Color
				id="122"
				hex="0xffa97435" />
			<!--Multiplayer Aserai Foreground 1-->
			<Color
				id="123"
				hex="0xff41281b" />
			<!--Multiplayer Aserai Background 2-->
			<Color
				id="124"
				hex="0xff41281b" />
			<!--Multiplayer Aserai Foreground 2-->
			<Color
				id="125"
				hex="0xffa97435" />
			<!--Multiplayer Battania Background 1-->
			<Color
				id="126"
				hex="0xff34671e" />
			<!--Multiplayer Battania Foreground 1-->
			<Color
				id="127"
				hex="0xfff3f3f3" />
			<!--Multiplayer Battania Background 2-->
			<Color
				id="128"
				hex="0xfff3f3f3" />
			<!--Multiplayer Battania Foreground 2-->
			<Color
				id="129"
				hex="0xff34671e" />
			<!--Multiplayer Empire Background 1-->
			<Color
				id="130"
				hex="0xff7739a7" />
			<!--Multiplayer Empire Foreground 1-->
			<Color
				id="131"
				hex="0xfff1c232" />
			<!--Multiplayer Empire Background 2-->
			<Color
				id="132"
				hex="0xfff1c232" />
			<!--Multiplayer Empire Foreground 2-->
			<Color
				id="133"
				hex="0xff7739a7" />
			<!--Multiplayer Khuzait Background 1-->
			<Color
				id="134"
				hex="0xff5aa4ad" />
			<!--Multiplayer Khuzait Foreground 1-->
			<Color
				id="135"
				hex="0xffffe9d4" />
			<!--Multiplayer Khuzait Background 2-->
			<Color
				id="136"
				hex="0xffffe9d4" />
			<!--Multiplayer Khuzait Foreground 2-->
			<Color
				id="137"
				hex="0xff5aa4ad" />
			<!--Multiplayer Sturgia Background 1-->
			<Color
				id="138"
				hex="0xff3a6298" />
			<!--Multiplayer Sturgia Foreground 1-->
			<Color
				id="139"
				hex="0xffd9d9d9" />
			<!--Multiplayer Sturgia Background 2-->
			<Color
				id="140"
				hex="0xffd9d9d9" />
			<!--Multiplayer Sturgia Foreground 2-->
			<Color
				id="141"
				hex="0xff3a6298" />
			<!--Multiplayer Vlandia Background 1-->
			<Color
				id="142"
				hex="0xff830808" />
			<!--Multiplayer Vlandia Foreground 1-->
			<Color
				id="143"
				hex="0xfff4ca14" />
			<!--Multiplayer Vlandia Background 2-->
			<Color
				id="144"
				hex="0xfff4ca14" />
			<!--Multiplayer Vlandia Foreground 2-->
			<Color
				id="145"
				hex="0xff830808" />
			<Color
				id="146"
				hex="0xff2C4D86" />
			<Color
				id="147"
				hex="0xff955066" />
			<Color
				id="148"
				hex="0xff6c1512" />
			<Color
				id="149"
				hex="0xff211f1f" />
			<Color
				id="150"
				hex="0xffccc4bf" />
			<Color
				id="151"
				hex="0xffef9b9b" />
			<Color
				id="152"
				hex="0xffb5d0fd" />
			<Color
				id="153"
				hex="0xffa8ceab" />
			<Color
				id="154"
				hex="0xff8d5c44" />
			<Color
				id="155"
				hex="0xffe9a74d" />
			<Color
				id="156"
				hex="0xffb3a491" />
			<!--Player Clan Primary-->
			<Color
				id="157"
				hex="0xff5f4f44" />
			<!--Player Clan Secondary-->
			<!--Banner Editor Colors-->
			<Color
				id="158"
				hex="0xff234116"
				player_can_choose_for_background="true" />
			<Color
				id="159"
				hex="0xff26406d"
				player_can_choose_for_background="true" />
			<Color
				id="160"
				hex="0xff7a4253"
				player_can_choose_for_background="true" />
			<Color
				id="161"
				hex="0xff5a1310"
				player_can_choose_for_background="true" />
			<Color
				id="162"
				hex="0xff2f2a2b"
				player_can_choose_for_background="true" />
			<Color
				id="163"
				hex="0xff744c38"
				player_can_choose_for_background="true" />
			<Color
				id="164"
				hex="0xff594012"
				player_can_choose_for_background="true" />
			<Color
				id="165"
				hex="0xffbf5a25"
				player_can_choose_for_background="true" />
			<Color
				id="166"
				hex="0xffffcf83"
				player_can_choose_for_sigil="true" />
			<Color
				id="167"
				hex="0xff85827f"
				player_can_choose_for_sigil="true" />
			<Color
				id="168"
				hex="0xffce9697"
				player_can_choose_for_sigil="true" />
			<Color
				id="169"
				hex="0xff95a9cc"
				player_can_choose_for_sigil="true" />
			<Color
				id="170"
				hex="0xff89a78b"
				player_can_choose_for_sigil="true" />
			<Color
				id="171"
				hex="0xffffb53e"
				player_can_choose_for_sigil="true" />
			<Color
				id="172"
				hex="0xffffffff"
				player_can_choose_for_sigil="true" />
			<Color
				id="173"
				hex="0xffc7beb7"
				player_can_choose_for_sigil="true" />
			<!--Minor Faction Banner Colors-->
			<Color
				id="174"
				hex="0xFFB38841" />
			<Color
				id="175"
				hex="0xFF848B65" />
			<Color
				id="176"
				hex="0xFF5A7A4F" />
			<Color
				id="177"
				hex="0xFF7CAFC7" />
			<Color
				id="178"
				hex="0xFF7C2B1A" />
			<Color
				id="179"
				hex="0xFFAC5F2E" />
			<Color
				id="180"
				hex="0xFF72583B" />
			<Color
				id="181"
				hex="0xFF61725E" />
			<Color
				id="182"
				hex="0xFFA6825C" />
			<Color
				id="183"
				hex="0xFFCCC3AB" />
			<Color
				id="184"
				hex="0xFF8B7C73" />
			<Color
				id="185"
				hex="0xFFD0884E" />
			<Color
				id="186"
				hex="0xFF7B5869" />
			<Color
				id="187"
				hex="0xFF66CCFF" />
			<Color
				id="188"
				hex="0xFFAA415D" />
			<!--Bandit Banner Colors-->
			<!--Forest Bandits-->
			<Color
				id="189"
				hex="0xFF687f5e" />
			<!--Sea Raiders-->
			<Color
				id="190"
				hex="0xFF4E75BC" />
			<!--Desert Bandits-->
			<Color
				id="191"
				hex="0xFFf1c178" />
			<!--Steppe Bandits-->
			<Color
				id="192"
				hex="0xFFd1c4a4" />
			<!--Looters-->
			<Color
				id="193"
				hex="0xFF5e5737" />
		</BannerColors>
	</BannerIconData>
</base>
=== DESERIALIZED MODEL ===
Type: string
BannerIconData null: False
BannerIconGroups count: 6
BannerColors null: False
=== SERIALIZED XML ===
<?xml version="1.0" encoding="utf-8"?>
<base type="string">
  <!--Looters-->
  <!--Steppe Bandits-->
  <!--Desert Bandits-->
  <!--Sea Raiders-->
  <!--Forest Bandits-->
  <!--Bandit Banner Colors-->
  <!--Minor Faction Banner Colors-->
  <!--Banner Editor Colors-->
  <!--Player Clan Secondary-->
  <!--Player Clan Primary-->
  <!--Multiplayer Vlandia Foreground 2-->
  <!--Multiplayer Vlandia Background 2-->
  <!--Multiplayer Vlandia Foreground 1-->
  <!--Multiplayer Vlandia Background 1-->
  <!--Multiplayer Sturgia Foreground 2-->
  <!--Multiplayer Sturgia Background 2-->
  <!--Multiplayer Sturgia Foreground 1-->
  <!--Multiplayer Sturgia Background 1-->
  <!--Multiplayer Khuzait Foreground 2-->
  <!--Multiplayer Khuzait Background 2-->
  <!--Multiplayer Khuzait Foreground 1-->
  <!--Multiplayer Khuzait Background 1-->
  <!--Multiplayer Empire Foreground 2-->
  <!--Multiplayer Empire Background 2-->
  <!--Multiplayer Empire Foreground 1-->
  <!--Multiplayer Empire Background 1-->
  <!--Multiplayer Battania Foreground 2-->
  <!--Multiplayer Battania Background 2-->
  <!--Multiplayer Battania Foreground 1-->
  <!--Multiplayer Battania Background 1-->
  <!--Multiplayer Aserai Foreground 2-->
  <!--Multiplayer Aserai Background 2-->
  <!--Multiplayer Aserai Foreground 1-->
  <!--Multiplayer Aserai Background 1-->
  <!--Referenced for tournament colours-->
  <!--Referenced for tournament colours-->
  <!--Referenced for tournament colours-->
  <!--Referenced for tournament colours-->
  <!--vlandia color 2-->
  <!--vlandia background-->
  <!--sturgia color 2-f-->
  <!--sturgia background-->
  <!--khuzait color 2-->
  <!--khuzait background-->
  <!--western empire color 2-->
  <!--western background-->
  <!--southern empire color 2-->
  <!--southern background-->
  <!--northern empire color 2-->
  <!--northern empire background-->
  <!-- battania color 2-->
  <!--battania background-->
  <!--Aserai color 2-->
  <!--Aserai background-->
  <!--aserai-->
  <!--sturgia-->
  <!--khuzait-->
  <!--battania-->
  <!--western empire-->
  <!--north empire-->
  <!--southern empire-->
  <!--normal empire eagle-->
  <!--vlandia-->
  <BannerIconData>
    <BannerIconGroup id="1" is_pattern="true" name="{=str_banner_editor_background}Background">
      <Background id="1" mesh_name="banner_background_test_1" />
      <Background id="2" mesh_name="banner_background_test_2" />
      <Background id="3" mesh_name="banner_background_test_3" />
      <Background id="4" mesh_name="banner_background_test_4" />
      <Background id="5" mesh_name="banner_background_test_5" />
      <Background id="6" mesh_name="banner_background_test_6" />
      <Background id="7" mesh_name="banner_background_test_7" />
      <Background id="8" mesh_name="banner_background_test_8" />
      <Background id="9" mesh_name="banner_background_test_9" />
      <Background id="10" mesh_name="banner_background_test_10" />
      <Background id="11" is_base_background="true" mesh_name="banner_background_test_11" />
      <Background id="12" mesh_name="banner_background_test_12" />
      <Background id="13" mesh_name="banner_background_test_13" />
      <Background id="14" mesh_name="banner_background_test_14" />
      <Background id="15" mesh_name="banner_background_test_15" />
      <Background id="16" mesh_name="banner_background_test_16" />
      <Background id="17" mesh_name="banner_background_test_17" />
      <Background id="18" mesh_name="banner_background_test_18" />
      <Background id="19" mesh_name="banner_background_test_19" />
      <Background id="20" mesh_name="banner_background_test_20" />
      <Background id="21" mesh_name="banner_background_test_21" />
      <Background id="22" mesh_name="banner_background_test_22" />
      <Background id="23" mesh_name="banner_background_test_23" />
      <Background id="24" mesh_name="banner_background_test_24" />
      <Background id="25" mesh_name="banner_background_test_25" />
      <Background id="26" mesh_name="banner_background_test_26" />
      <Background id="27" mesh_name="banner_background_test_27" />
      <Background id="28" mesh_name="banner_background_test_28" />
      <Background id="29" mesh_name="banner_background_test_29" />
      <Background id="30" mesh_name="banner_background_test_30" />
      <Background id="31" mesh_name="banner_background_test_31" />
      <Background id="32" mesh_name="banner_background_test_32" />
      <Background id="33" mesh_name="banner_background_test_33" />
      <Background id="34" mesh_name="banner_background_test_34" />
      <Background id="35" mesh_name="banner_background_test_35" />
      <Background id="36" mesh_name="banner_background_test_36" />
    </BannerIconGroup>
    <BannerIconGroup id="2" is_pattern="false" name="{=str_banner_editor_animal}Animal">
      <Icon id="100" material_name="custom_banner_icons_01" texture_index="10" />
      <Icon id="101" material_name="custom_banner_icons_01" texture_index="9" />
      <Icon id="102" material_name="custom_banner_icons_01" texture_index="3" />
      <Icon id="103" material_name="custom_banner_icons_01" texture_index="11" />
      <Icon id="104" material_name="custom_banner_icons_02" texture_index="4" />
      <Icon id="105" material_name="custom_banner_icons_04" texture_index="13" />
      <Icon id="106" material_name="custom_banner_icons_02" texture_index="1" />
      <Icon id="107" material_name="custom_banner_icons_03" texture_index="6" />
      <Icon id="108" material_name="custom_banner_icons_02" texture_index="6" />
      <Icon id="109" material_name="custom_banner_icons_03" texture_index="12" />
      <Icon id="110" material_name="custom_banner_icons_02" texture_index="8" />
      <Icon id="111" material_name="custom_banner_icons_02" texture_index="5" />
      <Icon id="112" material_name="custom_banner_icons_04" texture_index="5" />
      <Icon id="113" material_name="custom_banner_icons_02" texture_index="15" />
      <Icon id="114" material_name="custom_banner_icons_03" texture_index="13" />
      <Icon id="115" material_name="custom_banner_icons_02" texture_index="2" />
      <Icon id="116" material_name="custom_banner_icons_04" texture_index="7" />
      <Icon id="117" material_name="custom_banner_icons_04" texture_index="0" />
      <Icon id="118" material_name="custom_banner_icons_02" texture_index="0" />
      <Icon id="119" material_name="custom_banner_icons_04" texture_index="6" />
      <Icon id="120" material_name="custom_banner_icons_04" texture_index="11" />
      <Icon id="121" material_name="custom_banner_icons_04" texture_index="3" />
      <Icon id="122" material_name="custom_banner_icons_02" texture_index="13" />
      <Icon id="123" material_name="custom_banner_icons_04" texture_index="8" />
      <Icon id="124" material_name="custom_banner_icons_01" texture_index="8" />
      <Icon id="125" material_name="custom_banner_icons_01" texture_index="1" />
      <Icon id="126" material_name="custom_banner_icons_03" texture_index="10" />
      <Icon id="127" material_name="custom_banner_icons_02" texture_index="11" />
      <Icon id="128" material_name="custom_banner_icons_01" texture_index="12" />
      <Icon id="129" material_name="custom_banner_icons_03" texture_index="3" />
      <Icon id="130" material_name="custom_banner_icons_03" texture_index="4" />
      <Icon id="131" material_name="custom_banner_icons_02" texture_index="12" />
      <Icon id="132" material_name="custom_banner_icons_02" texture_index="9" />
      <Icon id="133" material_name="custom_banner_icons_02" texture_index="7" />
      <Icon id="134" material_name="custom_banner_icons_04" texture_index="4" />
      <Icon id="135" material_name="custom_banner_icons_03" texture_index="11" />
      <Icon id="136" material_name="custom_banner_icons_04" texture_index="2" />
      <Icon id="137" material_name="custom_banner_icons_01" texture_index="6" />
      <Icon id="138" material_name="custom_banner_icons_01" texture_index="0" />
      <Icon id="139" material_name="custom_banner_icons_04" texture_index="1" />
      <Icon id="140" material_name="custom_banner_icons_01" texture_index="5" />
      <Icon id="141" material_name="custom_banner_icons_01" texture_index="4" />
      <Icon id="142" material_name="custom_banner_icons_04" texture_index="14" />
      <Icon id="143" material_name="custom_banner_icons_02" texture_index="14" />
      <Icon id="144" material_name="custom_banner_icons_04" texture_index="15" />
      <Icon id="145" material_name="custom_banner_icons_03" texture_index="2" />
      <Icon id="146" material_name="custom_banner_icons_04" texture_index="12" />
      <Icon id="147" material_name="custom_banner_icons_03" texture_index="7" />
      <Icon id="148" material_name="custom_banner_icons_03" texture_index="8" />
      <Icon id="149" material_name="custom_banner_icons_01" texture_index="2" />
      <Icon id="150" material_name="custom_banner_icons_03" texture_index="15" />
      <Icon id="151" material_name="custom_banner_icons_03" texture_index="1" />
      <Icon id="152" material_name="custom_banner_icons_02" texture_index="10" />
      <Icon id="153" material_name="custom_banner_icons_03" texture_index="5" />
      <Icon id="154" material_name="custom_banner_icons_03" texture_index="0" />
      <Icon id="155" material_name="custom_banner_icons_01" texture_index="14" />
      <Icon id="156" material_name="custom_banner_icons_02" texture_index="3" />
      <Icon id="157" material_name="custom_banner_icons_01" texture_index="7" />
      <Icon id="158" material_name="custom_banner_icons_01" texture_index="13" />
      <Icon id="159" material_name="custom_banner_icons_03" texture_index="14" />
      <Icon id="160" is_reserved="true" material_name="custom_banner_icons_15" texture_index="7" />
      <Icon id="161" is_reserved="true" material_name="custom_banner_icons_15" texture_index="10" />
      <Icon id="162" is_reserved="true" material_name="custom_banner_icons_15" texture_index="11" />
      <Icon id="163" is_reserved="true" material_name="custom_banner_icons_15" texture_index="12" />
      <Icon id="164" is_reserved="true" material_name="custom_banner_icons_15" texture_index="13" />
    </BannerIconGroup>
    <BannerIconGroup id="3" is_pattern="false" name="{=str_bannereditor_flora}Flora">
      <Icon id="200" material_name="custom_banner_icons_13" texture_index="0" />
      <Icon id="201" material_name="custom_banner_icons_05" texture_index="14" />
      <Icon id="202" material_name="custom_banner_icons_05" texture_index="13" />
      <Icon id="203" material_name="custom_banner_icons_05" texture_index="6" />
      <Icon id="204" material_name="custom_banner_icons_05" texture_index="9" />
      <Icon id="205" material_name="custom_banner_icons_05" texture_index="0" />
      <Icon id="206" material_name="custom_banner_icons_05" texture_index="1" />
      <Icon id="207" material_name="custom_banner_icons_05" texture_index="3" />
      <Icon id="208" material_name="custom_banner_icons_05" texture_index="15" />
      <Icon id="209" material_name="custom_banner_icons_05" texture_index="5" />
      <Icon id="210" material_name="custom_banner_icons_13" texture_index="3" />
      <Icon id="211" material_name="custom_banner_icons_13" texture_index="8" />
      <Icon id="212" material_name="custom_banner_icons_13" texture_index="2" />
      <Icon id="213" material_name="custom_banner_icons_13" texture_index="1" />
      <Icon id="214" material_name="custom_banner_icons_13" texture_index="6" />
      <Icon id="215" material_name="custom_banner_icons_13" texture_index="7" />
      <Icon id="216" material_name="custom_banner_icons_13" texture_index="4" />
      <Icon id="217" material_name="custom_banner_icons_13" texture_index="5" />
      <Icon id="218" material_name="custom_banner_icons_05" texture_index="11" />
      <Icon id="219" material_name="custom_banner_icons_05" texture_index="2" />
      <Icon id="220" material_name="custom_banner_icons_05" texture_index="4" />
      <Icon id="221" material_name="custom_banner_icons_05" texture_index="10" />
      <Icon id="222" material_name="custom_banner_icons_05" texture_index="7" />
      <Icon id="223" material_name="custom_banner_icons_05" texture_index="8" />
    </BannerIconGroup>
    <BannerIconGroup id="4" is_pattern="false" name="{=str_banner_editor_handmade}Handmade">
      <Icon id="300" material_name="custom_banner_icons_13" texture_index="13" />
      <Icon id="301" material_name="custom_banner_icons_06" texture_index="13" />
      <Icon id="302" material_name="custom_banner_icons_06" texture_index="11" />
      <Icon id="303" material_name="custom_banner_icons_06" texture_index="2" />
      <Icon id="304" material_name="custom_banner_icons_06" texture_index="3" />
      <Icon id="306" material_name="custom_banner_icons_06" texture_index="0" />
      <Icon id="305" material_name="custom_banner_icons_06" texture_index="15" />
      <Icon id="307" material_name="custom_banner_icons_06" texture_index="9" />
      <Icon id="308" material_name="custom_banner_icons_06" texture_index="1" />
      <Icon id="309" material_name="custom_banner_icons_06" texture_index="7" />
      <Icon id="310" material_name="custom_banner_icons_06" texture_index="14" />
      <Icon id="311" material_name="custom_banner_icons_06" texture_index="10" />
      <Icon id="312" material_name="custom_banner_icons_06" texture_index="5" />
      <Icon id="313" material_name="custom_banner_icons_06" texture_index="12" />
      <Icon id="314" material_name="custom_banner_icons_06" texture_index="4" />
      <Icon id="315" material_name="custom_banner_icons_06" texture_index="6" />
      <Icon id="316" material_name="custom_banner_icons_07" texture_index="0" />
      <Icon id="317" material_name="custom_banner_icons_07" texture_index="1" />
      <Icon id="318" material_name="custom_banner_icons_07" texture_index="2" />
      <Icon id="319" material_name="custom_banner_icons_07" texture_index="3" />
      <Icon id="320" material_name="custom_banner_icons_07" texture_index="4" />
      <Icon id="321" material_name="custom_banner_icons_07" texture_index="8" />
      <Icon id="322" material_name="custom_banner_icons_12" texture_index="8" />
      <Icon id="323" material_name="custom_banner_icons_12" texture_index="13" />
      <Icon id="324" material_name="custom_banner_icons_14" texture_index="1" />
      <Icon id="325" material_name="custom_banner_icons_07" texture_index="15" />
      <Icon id="326" material_name="custom_banner_icons_07" texture_index="13" />
      <Icon id="327" material_name="custom_banner_icons_07" texture_index="12" />
      <Icon id="328" material_name="custom_banner_icons_07" texture_index="14" />
      <Icon id="329" material_name="custom_banner_icons_14" texture_index="0" />
      <Icon id="330" material_name="custom_banner_icons_13" texture_index="9" />
      <Icon id="331" material_name="custom_banner_icons_13" texture_index="11" />
      <Icon id="332" material_name="custom_banner_icons_13" texture_index="15" />
      <Icon id="333" material_name="custom_banner_icons_13" texture_index="10" />
      <Icon id="334" material_name="custom_banner_icons_07" texture_index="9" />
      <Icon id="335" material_name="custom_banner_icons_11" texture_index="2" />
      <Icon id="336" material_name="custom_banner_icons_07" texture_index="6" />
      <Icon id="337" material_name="custom_banner_icons_07" texture_index="7" />
      <Icon id="338" material_name="custom_banner_icons_13" texture_index="12" />
      <Icon id="339" material_name="custom_banner_icons_13" texture_index="14" />
      <Icon id="340" material_name="custom_banner_icons_07" texture_index="5" />
      <Icon id="341" material_name="custom_banner_icons_08" texture_index="11" />
      <Icon id="342" material_name="custom_banner_icons_10" texture_index="13" />
      <Icon id="343" material_name="custom_banner_icons_08" texture_index="10" />
      <Icon id="344" material_name="custom_banner_icons_12" texture_index="14" />
      <Icon id="345" material_name="custom_banner_icons_07" texture_index="10" />
      <Icon id="346" material_name="custom_banner_icons_07" texture_index="11" />
      <Icon id="347" material_name="custom_banner_icons_15" texture_index="4" />
    </BannerIconGroup>
    <BannerIconGroup id="5" is_pattern="false" name="{=str_banner_editor_sign}Sign">
      <Icon id="400" material_name="custom_banner_icons_11" texture_index="11" />
      <Icon id="401" material_name="custom_banner_icons_11" texture_index="15" />
      <Icon id="402" material_name="custom_banner_icons_09" texture_index="11" />
      <Icon id="403" material_name="custom_banner_icons_09" texture_index="10" />
      <Icon id="404" material_name="custom_banner_icons_08" texture_index="8" />
      <Icon id="405" material_name="custom_banner_icons_08" texture_index="0" />
      <Icon id="406" material_name="custom_banner_icons_08" texture_index="3" />
      <Icon id="407" material_name="custom_banner_icons_08" texture_index="5" />
      <Icon id="408" material_name="custom_banner_icons_08" texture_index="7" />
      <Icon id="409" material_name="custom_banner_icons_09" texture_index="0" />
      <Icon id="410" material_name="custom_banner_icons_09" texture_index="9" />
      <Icon id="411" material_name="custom_banner_icons_11" texture_index="3" />
      <Icon id="412" material_name="custom_banner_icons_10" texture_index="8" />
      <Icon id="413" material_name="custom_banner_icons_08" texture_index="6" />
      <Icon id="414" material_name="custom_banner_icons_09" texture_index="3" />
      <Icon id="415" material_name="custom_banner_icons_08" texture_index="15" />
      <Icon id="416" material_name="custom_banner_icons_09" texture_index="4" />
      <Icon id="417" material_name="custom_banner_icons_08" texture_index="13" />
      <Icon id="418" material_name="custom_banner_icons_08" texture_index="12" />
      <Icon id="419" material_name="custom_banner_icons_10" texture_index="11" />
      <Icon id="420" material_name="custom_banner_icons_01" texture_index="15" />
      <Icon id="421" material_name="custom_banner_icons_11" texture_index="4" />
      <Icon id="422" material_name="custom_banner_icons_08" texture_index="14" />
      <Icon id="423" material_name="custom_banner_icons_12" texture_index="12" />
      <Icon id="424" material_name="custom_banner_icons_11" texture_index="9" />
      <Icon id="425" material_name="custom_banner_icons_11" texture_index="0" />
      <Icon id="426" material_name="custom_banner_icons_10" texture_index="0" />
      <Icon id="427" material_name="custom_banner_icons_10" texture_index="12" />
      <Icon id="428" material_name="custom_banner_icons_10" texture_index="10" />
      <Icon id="429" material_name="custom_banner_icons_10" texture_index="3" />
      <Icon id="430" material_name="custom_banner_icons_10" texture_index="4" />
      <Icon id="431" material_name="custom_banner_icons_09" texture_index="1" />
      <Icon id="432" material_name="custom_banner_icons_03" texture_index="9" />
      <Icon id="433" material_name="custom_banner_icons_04" texture_index="10" />
      <Icon id="434" material_name="custom_banner_icons_04" texture_index="9" />
      <Icon id="435" material_name="custom_banner_icons_09" texture_index="13" />
      <Icon id="436" material_name="custom_banner_icons_09" texture_index="12" />
      <Icon id="437" material_name="custom_banner_icons_08" texture_index="9" />
      <Icon id="438" material_name="custom_banner_icons_09" texture_index="7" />
      <Icon id="439" material_name="custom_banner_icons_11" texture_index="14" />
      <Icon id="440" material_name="custom_banner_icons_05" texture_index="12" />
      <Icon id="441" material_name="custom_banner_icons_08" texture_index="2" />
      <Icon id="442" material_name="custom_banner_icons_08" texture_index="4" />
      <Icon id="443" material_name="custom_banner_icons_12" texture_index="15" />
      <Icon id="444" material_name="custom_banner_icons_08" texture_index="1" />
      <Icon id="445" material_name="custom_banner_icons_06" texture_index="8" />
      <Icon id="446" material_name="custom_banner_icons_09" texture_index="15" />
      <Icon id="448" material_name="custom_banner_icons_09" texture_index="2" />
      <Icon id="447" material_name="custom_banner_icons_10" texture_index="2" />
      <Icon id="449" material_name="custom_banner_icons_11" texture_index="1" />
      <Icon id="450" material_name="custom_banner_icons_10" texture_index="5" />
      <Icon id="451" material_name="custom_banner_icons_09" texture_index="5" />
      <Icon id="452" material_name="custom_banner_icons_09" texture_index="6" />
      <Icon id="453" material_name="custom_banner_icons_10" texture_index="6" />
      <Icon id="454" material_name="custom_banner_icons_09" texture_index="8" />
      <Icon id="455" material_name="custom_banner_icons_10" texture_index="7" />
      <Icon id="456" material_name="custom_banner_icons_09" texture_index="14" />
      <Icon id="457" material_name="custom_banner_icons_12" texture_index="10" />
      <Icon id="458" material_name="custom_banner_icons_12" texture_index="11" />
      <Icon id="459" material_name="custom_banner_icons_12" texture_index="3" />
      <Icon id="460" is_reserved="true" material_name="custom_banner_icons_15" texture_index="9" />
      <Icon id="461" is_reserved="true" material_name="custom_banner_icons_15" texture_index="14" />
      <Icon id="462" is_reserved="true" material_name="custom_banner_icons_15" texture_index="15" />
      <Icon id="463" is_reserved="true" material_name="custom_banner_icons_15" texture_index="8" />
    </BannerIconGroup>
    <BannerIconGroup id="6" is_pattern="false" name="{=str_banner_editor_shape}Shape">
      <Icon id="500" material_name="custom_banner_icons_11" texture_index="5" />
      <Icon id="501" material_name="custom_banner_icons_11" texture_index="6" />
      <Icon id="502" material_name="custom_banner_icons_11" texture_index="7" />
      <Icon id="503" material_name="custom_banner_icons_14" texture_index="4" />
      <Icon id="504" material_name="custom_banner_icons_14" texture_index="5" />
      <Icon id="505" material_name="custom_banner_icons_14" texture_index="6" />
      <Icon id="506" material_name="custom_banner_icons_14" texture_index="7" />
      <Icon id="507" material_name="custom_banner_icons_14" texture_index="9" />
      <Icon id="508" material_name="custom_banner_icons_14" texture_index="10" />
      <Icon id="509" material_name="custom_banner_icons_14" texture_index="11" />
      <Icon id="510" material_name="custom_banner_icons_14" texture_index="12" />
      <Icon id="511" material_name="custom_banner_icons_14" texture_index="13" />
      <Icon id="512" material_name="custom_banner_icons_11" texture_index="8" />
      <Icon id="513" material_name="custom_banner_icons_10" texture_index="9" />
      <Icon id="514" material_name="custom_banner_icons_11" texture_index="10" />
      <Icon id="515" material_name="custom_banner_icons_14" texture_index="2" />
      <Icon id="516" material_name="custom_banner_icons_10" texture_index="14" />
      <Icon id="517" material_name="custom_banner_icons_14" texture_index="8" />
      <Icon id="518" material_name="custom_banner_icons_11" texture_index="13" />
      <Icon id="519" material_name="custom_banner_icons_10" texture_index="15" />
      <Icon id="520" material_name="custom_banner_icons_11" texture_index="12" />
      <Icon id="521" material_name="custom_banner_icons_14" texture_index="3" />
      <Icon id="522" material_name="custom_banner_icons_12" texture_index="7" />
      <Icon id="523" material_name="custom_banner_icons_12" texture_index="0" />
      <Icon id="524" material_name="custom_banner_icons_12" texture_index="9" />
      <Icon id="525" material_name="custom_banner_icons_12" texture_index="2" />
      <Icon id="526" material_name="custom_banner_icons_12" texture_index="1" />
      <Icon id="527" material_name="custom_banner_icons_12" texture_index="5" />
      <Icon id="528" material_name="custom_banner_icons_12" texture_index="4" />
      <Icon id="529" material_name="custom_banner_icons_12" texture_index="6" />
      <Icon id="530" material_name="custom_banner_icons_15" texture_index="0" />
      <Icon id="531" material_name="custom_banner_icons_15" texture_index="3" />
      <Icon id="532" material_name="custom_banner_icons_15" texture_index="1" />
      <Icon id="533" material_name="custom_banner_icons_15" texture_index="2" />
      <Icon id="534" material_name="custom_banner_icons_14" texture_index="14" />
      <Icon id="535" material_name="custom_banner_icons_14" texture_index="15" />
    </BannerIconGroup>
    <BannerColors>
      <Color hex="0xffB57A1E" id="0" />
      <Color hex="0xff4E1A13" id="1" />
      <Color hex="0xff284E19" id="2" />
      <Color hex="0xffB4F0F1" id="3" />
      <Color hex="0xff793191" id="4" />
      <Color hex="0xffFCDE90" id="5" />
      <Color hex="0xff382188" id="6" />
      <Color hex="0xffDEA940" id="7" />
      <Color hex="0xff591645" id="8" />
      <Color hex="0xffFFAD54" id="9" />
      <Color hex="0xff429081" id="10" />
      <Color hex="0xffEFC990" id="11" />
      <Color hex="0xff224277" id="12" />
      <Color hex="0xffCEDAE7" id="13" />
      <Color hex="0xff8D291A" id="14" />
      <Color hex="0xffF7BF46" id="15" />
      <Color hex="0xff6bd5dc" id="16" />
      <Color hex="0xffeed690" id="17" />
      <Color hex="0xffaec382" id="18" />
      <Color hex="0xffc3c3c3" id="19" />
      <Color hex="0xffd5d7d4" id="20" />
      <Color hex="0xffe7ecd6" id="21" />
      <Color hex="0xffeaeeef" id="22" />
      <Color hex="0xff7f6b60" id="23" />
      <Color hex="0xff967e7e" id="24" />
      <Color hex="0xffb6aba7" id="25" />
      <Color hex="0xffe7d3ba" id="26" />
      <Color hex="0xffeae1da" id="27" />
      <Color hex="0xffd9dbce" id="28" />
      <Color hex="0xffdfd6cd" id="29" />
      <Color hex="0xffcac1ba" id="30" />
      <Color hex="0xffece8dd" id="31" />
      <Color hex="0xffe0dcd9" id="32" />
      <Color hex="0xffefece5" id="33" />
      <Color hex="0xffeae9e5" id="34" />
      <Color hex="0xfff5f5f5" id="35" />
      <Color hex="0xfff5b365" id="36" />
      <Color hex="0xfff5b365" id="37" />
      <Color hex="0xffe68c36" id="38" />
      <Color hex="0xffdcac46" id="39" />
      <Color hex="0xffffffff" id="40" />
      <Color hex="0xffeee7d4" id="41" />
      <Color hex="0xffe9e2c5" id="42" />
      <Color hex="0xffebdcbb" id="43" />
      <Color hex="0xfff0e0a5" id="44" />
      <Color hex="0xffe0c78e" id="45" />
      <Color hex="0xffcda87c" id="46" />
      <Color hex="0xfff9d575" id="47" />
      <Color hex="0xffe44434" id="48" />
      <Color hex="0xffe69077" id="49" />
      <Color hex="0xffe79c7d" id="50" />
      <Color hex="0xffc94b4e" id="51" />
      <Color hex="0xffe6b0a6" id="52" />
      <Color hex="0xffe4c8c7" id="53" />
      <Color hex="0xfff2b0a2" id="54" />
      <Color hex="0xffDA6C6D" id="55" />
      <Color hex="0xffE2BCAF" id="56" />
      <Color hex="0xffBD7E75" id="57" />
      <Color hex="0xffD1C7C5" id="58" />
      <Color hex="0xff975B43" id="59" />
      <Color hex="0xffE6A57F" id="60" />
      <Color hex="0xff7B5E4E" id="61" />
      <Color hex="0xffAC9188" id="62" />
      <Color hex="0xffD7967A" id="63" />
      <Color hex="0xffE6C9BB" id="64" />
      <Color hex="0xff934165" id="65" />
      <Color hex="0xffD39EB0" id="66" />
      <Color hex="0xff644974" id="67" />
      <Color hex="0xff7F658A" id="68" />
      <Color hex="0xffA793AE" id="69" />
      <Color hex="0xffC5057C" id="70" />
      <Color hex="0xff710083" id="71" />
      <Color hex="0xff00667F" id="72" />
      <Color hex="0xff00A0BA" id="73" />
      <Color hex="0xff53B7C6" id="74" />
      <Color hex="0xffA1B1EF" id="75" />
      <Color hex="0xff7F8CC0" id="76" />
      <Color hex="0xff5960A8" id="77" />
      <Color hex="0xffC1589A" id="78" />
      <Color hex="0xffA34FAF" id="79" />
      <Color hex="0xffD08E54" id="80" />
      <Color hex="0xff939BD9" id="81" />
      <Color hex="0xffEA4F00" id="82" />
      <Color hex="0xffD22D33" id="83" />
      <Color hex="0xffFDE217" id="84" />
      <Color hex="0xffFFA4DD" id="85" />
      <Color hex="0xffCB83D5" id="86" />
      <Color hex="0xff895D5E" id="87" />
      <Color hex="0xff02FF19" id="88" />
      <Color hex="0xff019678" id="89" />
      <Color hex="0xff9EC400" id="90" />
      <Color hex="0xffA34402" id="91" />
      <Color hex="0xff714214" id="92" />
      <Color hex="0xffFFC3C3" id="93" />
      <Color hex="0xff855FA8" id="94" />
      <Color hex="0xff7E6E4A" id="95" />
      <Color hex="0xff3A3321" id="96" />
      <Color hex="0xff3D2F22" id="97" />
      <Color hex="0xff422C2E" id="98" />
      <Color hex="0xff453E38" id="99" />
      <Color hex="0xff332c4d" id="100" />
      <Color hex="0xff515267" id="101" />
      <Color hex="0xff6c72a2" id="102" />
      <Color hex="0xff8b93ba" id="103" />
      <Color hex="0xffa6d5db" id="104" />
      <Color hex="0xffa4b1c2" id="105" />
      <Color hex="0xffc5bcd1" id="106" />
      <Color hex="0xffd8aec5" id="107" />
      <Color hex="0xffcedada" id="108" />
      <Color hex="0xffd2d6d5" id="109" />
      <Color hex="0xffcacccb" id="110" />
      <Color hex="0xffdfdedc" id="111" />
      <Color hex="0xff5d5b44" id="112" />
      <Color hex="0xff726b3d" id="113" />
      <Color hex="0xffcdcc7c" id="114" />
      <Color hex="0xff8fd1dd" id="115" />
      <Color hex="0xff0B0C11" id="116" />
      <Color hex="0xfff5b365" id="117" />
      <Color hex="0xffE36664" id="118" />
      <Color hex="0xff456DFF" id="119" />
      <Color hex="0xff5FBD72" id="120" />
      <Color hex="0xfff4d32e" id="121" />
      <Color hex="0xffa97435" id="122" />
      <Color hex="0xff41281b" id="123" />
      <Color hex="0xff41281b" id="124" />
      <Color hex="0xffa97435" id="125" />
      <Color hex="0xff34671e" id="126" />
      <Color hex="0xfff3f3f3" id="127" />
      <Color hex="0xfff3f3f3" id="128" />
      <Color hex="0xff34671e" id="129" />
      <Color hex="0xff7739a7" id="130" />
      <Color hex="0xfff1c232" id="131" />
      <Color hex="0xfff1c232" id="132" />
      <Color hex="0xff7739a7" id="133" />
      <Color hex="0xff5aa4ad" id="134" />
      <Color hex="0xffffe9d4" id="135" />
      <Color hex="0xffffe9d4" id="136" />
      <Color hex="0xff5aa4ad" id="137" />
      <Color hex="0xff3a6298" id="138" />
      <Color hex="0xffd9d9d9" id="139" />
      <Color hex="0xffd9d9d9" id="140" />
      <Color hex="0xff3a6298" id="141" />
      <Color hex="0xff830808" id="142" />
      <Color hex="0xfff4ca14" id="143" />
      <Color hex="0xfff4ca14" id="144" />
      <Color hex="0xff830808" id="145" />
      <Color hex="0xff2C4D86" id="146" />
      <Color hex="0xff955066" id="147" />
      <Color hex="0xff6c1512" id="148" />
      <Color hex="0xff211f1f" id="149" />
      <Color hex="0xffccc4bf" id="150" />
      <Color hex="0xffef9b9b" id="151" />
      <Color hex="0xffb5d0fd" id="152" />
      <Color hex="0xffa8ceab" id="153" />
      <Color hex="0xff8d5c44" id="154" />
      <Color hex="0xffe9a74d" id="155" />
      <Color hex="0xffb3a491" id="156" />
      <Color hex="0xff5f4f44" id="157" />
      <Color hex="0xff234116" id="158" player_can_choose_for_background="true" />
      <Color hex="0xff26406d" id="159" player_can_choose_for_background="true" />
      <Color hex="0xff7a4253" id="160" player_can_choose_for_background="true" />
      <Color hex="0xff5a1310" id="161" player_can_choose_for_background="true" />
      <Color hex="0xff2f2a2b" id="162" player_can_choose_for_background="true" />
      <Color hex="0xff744c38" id="163" player_can_choose_for_background="true" />
      <Color hex="0xff594012" id="164" player_can_choose_for_background="true" />
      <Color hex="0xffbf5a25" id="165" player_can_choose_for_background="true" />
      <Color hex="0xffffcf83" id="166" player_can_choose_for_sigil="true" />
      <Color hex="0xff85827f" id="167" player_can_choose_for_sigil="true" />
      <Color hex="0xffce9697" id="168" player_can_choose_for_sigil="true" />
      <Color hex="0xff95a9cc" id="169" player_can_choose_for_sigil="true" />
      <Color hex="0xff89a78b" id="170" player_can_choose_for_sigil="true" />
      <Color hex="0xffffb53e" id="171" player_can_choose_for_sigil="true" />
      <Color hex="0xffffffff" id="172" player_can_choose_for_sigil="true" />
      <Color hex="0xffc7beb7" id="173" player_can_choose_for_sigil="true" />
      <Color hex="0xFFB38841" id="174" />
      <Color hex="0xFF848B65" id="175" />
      <Color hex="0xFF5A7A4F" id="176" />
      <Color hex="0xFF7CAFC7" id="177" />
      <Color hex="0xFF7C2B1A" id="178" />
      <Color hex="0xFFAC5F2E" id="179" />
      <Color hex="0xFF72583B" id="180" />
      <Color hex="0xFF61725E" id="181" />
      <Color hex="0xFFA6825C" id="182" />
      <Color hex="0xFFCCC3AB" id="183" />
      <Color hex="0xFF8B7C73" id="184" />
      <Color hex="0xFFD0884E" id="185" />
      <Color hex="0xFF7B5869" id="186" />
      <Color hex="0xFF66CCFF" id="187" />
      <Color hex="0xFFAA415D" id="188" />
      <Color hex="0xFF687f5e" id="189" />
      <Color hex="0xFF4E75BC" id="190" />
      <Color hex="0xFFf1c178" id="191" />
      <Color hex="0xFFd1c4a4" id="192" />
      <Color hex="0xFF5e5737" id="193" />
    </BannerColors>
  </BannerIconData>
</base>
=== DIFFERENCES ===
Structurally Equal: True
Node count diff: 
Attribute count diff: 
Found difference at element 8
Element: sub_widget
Original attrs count: 10
Serialized attrs count: 2
Original attributes:
  ref=text
  name=label
  size=(.80,0.0)(.60,0.0)
  position=(0.05,0.0)(0.23,0.0)
  style=singleline
  vertical_alignment=center
  horizontal_aligment=center
  text_color=0xFF000000
  text_highlight_color=0xFFFFDD00
  font_size=(0,28),(0,28)
Serialized attributes:
  name=sample_tileable_button
  tiling=button
Missing attributes: ref, size, position, style, vertical_alignment, horizontal_aligment, text_color, text_highlight_color, font_size
Extra attributes: tiling
Total difference: 10
WARNING: Attribute count mismatch detected!
=== 原始XML分析 ===
XML长度: 1763305
XML前500字符: <?xml version="1.0" encoding="utf-8"?>
<particle_effects>
	<effect
		name="falling_burning_woods"
		guid="{DDC909B0-7821-4023-A87C-254D082B51EB}">
		<emitters>
			<emitter
				name="falling_pieces"
				_index_="0">
				<children>
					<emitter
						name="child_emitters"
						_index_="0">
						<flags>
							<flag
								name="emit_while_moving"
								value="false" />
							<flag
								name="dont_emit_while_moving"
								value="false" />
							<flag
								name="
=== 反序列化对象分析 ===
Effects数量: 96
第一个Effect名称: falling_burning_woods
第一个Effect GUID: {DDC909B0-7821-4023-A87C-254D082B51EB}
第一个Effect是否有Emitters: True
Emitters数量: 1
第一个Emitter名称: falling_pieces
第一个Emitter Index: 0
第一个Emitter是否有Children: True
第一个Emitter是否有Flags: True
第一个Emitter是否有Parameters: True
Flags数量: 21
Parameters数量: 55
=== 序列化后XML分析 ===
序列化后XML长度: 1532248
序列化后XML前500字符: <?xml version="1.0" encoding="utf-8"?>
<particle_effects>
  <effect guid="{DDC909B0-7821-4023-A87C-254D082B51EB}" name="falling_burning_woods">
    <emitters>
      <emitter _index_="0" name="falling_pieces">
        <children>
          <emitter _index_="0" name="child_emitters">
            <flags>
              <flag name="emit_while_moving" value="false" />
              <flag name="dont_emit_while_moving" value="false" />
              <flag name="emit_at_once" value="false" />
结构化对比结果: True
  已通过 BannerlordModEditor.Common.Tests.PostfxGraphsXmlTests.PostfxGraphs_EmptyXmlHandledCorrectly [< 1 ms]
  已通过 BannerlordModEditor.Common.Tests.MovementSetsXmlTests.MovementSets_SpecificMovementSetValidation_ShouldPassDetailedChecks [7 ms]
  已通过 BannerlordModEditor.Common.Tests.MovementSetsXmlTests.MovementSets_LoadAndSave_ShouldBeLogicallyIdentical [3 ms]
  已通过 BannerlordModEditor.Common.Tests.MovementSetsXmlTests.MovementSets_ValidateDataIntegrity_ShouldPassBasicChecks [1 ms]
  已通过 BannerlordModEditor.Common.Tests.DebugBannerIconsXmlTests.Debug_BannerIcons_RoundTrip_StructuralEquality [8 ms]
  已通过 BannerlordModEditor.Common.Tests.AdjustablesXmlTests.Adjustables_Xml_RoundTrip_StructuralEquality [5 ms]
  已通过 BannerlordModEditor.Common.Tests.TargetedMissingAttrTest.Targeted_Find_Missing_Attribute [5 ms]
  已通过 BannerlordModEditor.Common.Tests.DecalTexturesTownXmlTests.DecalTexturesTown_RoundTrip_StructuralEquality [6 ms]
  已通过 BannerlordModEditor.Common.Tests.ParticleSystemsHardcodedMiscDebugTest.ParticleSystemsHardcodedMisc1_Debug_Analysis [358 ms]
=== 原始XML分析 ===
XML长度: 1493948
XML前500字符: <?xml version="1.0" encoding="utf-8"?>
<particle_effects>
	<effect
		name="psys_game_boulder_default_coll"
		guid="{8BC00A7B-5B2F-49DD-8BFA-24E003A3FBBB}">
		<emitters>
			<emitter
				name="rocks"
				_index_="0">
				<flags>
					<flag
						name="emit_while_moving"
						value="false" />
					<flag
						name="dont_emit_while_moving"
						value="false" />
					<flag
						name="emit_at_once"
						value="true" />
					<flag
						name="local_emit_dir"
						value="false"
=== 反序列化对象分析 ===
Effects数量: 76
第一个Effect名称: psys_game_boulder_default_coll
第一个Effect GUID: {8BC00A7B-5B2F-49DD-8BFA-24E003A3FBBB}
第一个Effect是否有Emitters: True
Emitters数量: 5
第一个Emitter名称: rocks
第一个Emitter Index: 0
第一个Emitter是否有Children: False
第一个Emitter是否有Flags: True
第一个Emitter是否有Parameters: True
Flags数量: 21
Parameters数量: 55
=== 序列化后XML分析 ===
序列化后XML长度: 1297489
序列化后XML前500字符: <?xml version="1.0" encoding="utf-8"?>
<particle_effects>
  <effect guid="{8BC00A7B-5B2F-49DD-8BFA-24E003A3FBBB}" name="psys_game_boulder_default_coll">
    <emitters>
      <emitter _index_="0" name="rocks">
        <flags>
          <flag name="emit_while_moving" value="false" />
          <flag name="dont_emit_while_moving" value="false" />
          <flag name="emit_at_once" value="true" />
          <flag name="local_emit_dir" value="false" />
          <flag name="loop_sprite" value="false
结构化对比结果: True
Original sub_widgets: 104
Serialized sub_widgets: 104
=== SubWidget 0 ===
Original attributes: 10
Serialized attributes: 10
Missing attributes: horizontal_aligment
Extra attributes: horizontal_alignment
=== SubWidget 1 ===
Original attributes: 4
Serialized attributes: 4
=== SubWidget 2 ===
Original attributes: 4
Serialized attributes: 4
=== SubWidget 3 ===
Original attributes: 6
Serialized attributes: 6
=== SubWidget 4 ===
Original attributes: 6
Serialized attributes: 6
=== SubWidget 5 ===
Original attributes: 7
Serialized attributes: 7
=== SubWidget 6 ===
Original attributes: 3
Serialized attributes: 3
=== SubWidget 7 ===
Original attributes: 4
Serialized attributes: 4
=== SubWidget 8 ===
Original attributes: 8
Serialized attributes: 8
=== SubWidget 9 ===
Original attributes: 10
Serialized attributes: 10
Missing attributes: horizontal_aligment
Extra attributes: horizontal_alignment
Analyzing element 100 (from previous test output)...
Element 100: sub_widget
Parent: sub_widgets
Attributes: ref=scrollbarh, name=horizontal_scrollbar, size=(0.00,0),(0.50,0)
Found 104 serialized elements with same name
Candidate 0: font_size=(0,28),(0,28), horizontal_alignment=center, name=label, position=(0.05,0.0)(0.23,0.0), ref=text, size=(.80,0.0)(.60,0.0), style=singleline, text_color=0xFF000000, text_highlight_color=0xFFFFDD00, vertical_alignment=center
Candidate 1: name=thumb, position=(0.0,0),(0,0), ref=sample_button_new, size=(0.1,0),(1,0)
Candidate 2: name=thumb, position=(0.0,0),(0,0), ref=sample_button_new, size=(0.05,0),(1.0,0)
=== Original XML ===
<?xml version="1.0" encoding="utf-8"?>
<base xmlns:xsd="http://www.w3.org/2001/XMLSchema" xmlns:xsi="http://www.w3.org/2001/XMLSchema-instance"
	type="particle_system">
	<postfx_graphs>
		<postfx_graph
			id="before_transparents_graph">
			<postfx_node
				id="SSSSS_x"
				class="rglSSS_fxnode"
				shader="postfx_sssss_blurx"
				format="R11G11B10F"
				size="relative"
				width="1.0"
				height="1.0">
				<input
					index="0"
					type="provided"
					source="screen_rt" />
				<input
					index="1"
					type="provided"
					source="gbuffer_depth" />
				<preconditions>
					<config
						name="sssss" />
				</preconditions>
			</postfx_node>
			<postfx_node
				id="SSSSS_y"
				class="rglSSS_fxnode"
				shader="postfx_sssss_blury"
				format="R11G11B10F"
				size="relative"
				width="1.0"
				height="1.0">
				<input
					index="0"
					type="node"
					source="SSSSS_x" />
				<input
					index="1"
					type="provided"
					source="gbuffer_depth" />
				<preconditions>
					<config
						name="sssss" />
				</preconditions>
			</postfx_node>
			<postfx_node
				id="SSSSS_specular_add"
				class="rglSSS_specular_add_fxnode"
				shader="pbr_deferred"
				format="R11G11B10F"
				size="relative"
				width="1.0"
				height="1.0">
				<output
					index="0"
					type="provided"
					name="screen_rt" />
				<input
					index="8"
					type="node"
					source="SSSSS_y" />
				<preconditions>
					<config
						name="sssss" />
				</preconditions>
			</postfx_node>
		</postfx_graph>
	</postfx_graphs>
</base>
=== Serialized XML ===
<?xml version="1.0" encoding="utf-8"?>
<base type="particle_system">
  <postfx_graphs>
    <postfx_graph id="before_transparents_graph">
      <postfx_node class="rglSSS_fxnode" format="R11G11B10F" height="1.0" id="SSSSS_x" shader="postfx_sssss_blurx" size="relative" width="1.0">
        <input index="0" source="screen_rt" type="provided" />
        <input index="1" source="gbuffer_depth" type="provided" />
        <preconditions>
          <config name="sssss" />
        </preconditions>
      </postfx_node>
      <postfx_node class="rglSSS_fxnode" format="R11G11B10F" height="1.0" id="SSSSS_y" shader="postfx_sssss_blury" size="relative" width="1.0">
        <input index="0" source="SSSSS_x" type="node" />
        <input index="1" source="gbuffer_depth" type="provided" />
        <preconditions>
          <config name="sssss" />
        </preconditions>
      </postfx_node>
      <postfx_node class="rglSSS_specular_add_fxnode" format="R11G11B10F" height="1.0" id="SSSSS_specular_add" shader="pbr_deferred" size="relative" width="1.0">
        <output index="0" name="screen_rt" type="provided" />
        <input index="8" source="SSSSS_y" type="node" />
        <preconditions>
          <config name="sssss" />
        </preconditions>
      </postfx_node>
    </postfx_graph>
  </postfx_graphs>
</base>
=== Are they equal? ===
True
  已通过 BannerlordModEditor.Common.Tests.ParticleSystemsHardcodedMiscDebugTest.ParticleSystemsHardcodedMisc2_Debug_Analysis [325 ms]
  已通过 BannerlordModEditor.Common.Tests.DetailedSubWidgetAnalysisTest.Analyze_SubWidget_Attribute_Mismatch [6 ms]
  已通过 BannerlordModEditor.Common.Tests.DetailedSubWidgetAnalysisTest.Analyze_Element_Order_Issues [5 ms]
  已通过 BannerlordModEditor.Common.Tests.BeforeTransparentsGraphDebugTest.BeforeTransparentsGraph_Debug_CompareXml [< 1 ms]
  已通过 BannerlordModEditor.Common.Tests.DataTests.WeaponDescriptions_ItemUsageFeaturesAreValid [2 ms]
  已通过 BannerlordModEditor.Common.Tests.DataTests.Monsters_BoneStructuresExist [24 ms]
  已通过 BannerlordModEditor.Common.Tests.DataTests.MPBadges_CustomBadgesAreCorrect [8 ms]
  已通过 BannerlordModEditor.Common.Tests.DataTests.WeaponDescriptions_OneHandedSwordIsCorrect [1 ms]
  已通过 BannerlordModEditor.Common.Tests.DataTests.MPCharacters_BaseMultiplayerCharacterIsCorrect [16 ms]
  已通过 BannerlordModEditor.Common.Tests.DataTests.Monsters_InheritanceWorksCorrectly [1 ms]
  已通过 BannerlordModEditor.Common.Tests.DataTests.MPCharacters_DeserializesCorrectly [1 ms]
  已通过 BannerlordModEditor.Common.Tests.DataTests.WaterPrefabs_DeserializesCorrectly [< 1 ms]
  已通过 BannerlordModEditor.Common.Tests.DataTests.Voices_CommonFlagsExist [8 ms]
  已通过 BannerlordModEditor.Common.Tests.DataTests.MPCharacters_BodyPropertiesAreValid [1 ms]
  已通过 BannerlordModEditor.Common.Tests.DataTests.Skills_RunnerSkillIsCorrect [< 1 ms]
  已通过 BannerlordModEditor.Common.Tests.DataTests.BannerIcons_BackgroundGroupExists [< 1 ms]
  已通过 BannerlordModEditor.Common.Tests.DataTests.Voices_AnimationCategoriesExist [1 ms]
  已通过 BannerlordModEditor.Common.Tests.DataTests.Monsters_CapsulesHaveValidDimensions [1 ms]
  已通过 BannerlordModEditor.Common.Tests.DataTests.Voices_DeserializesCorrectly [< 1 ms]
  已通过 BannerlordModEditor.Common.Tests.DataTests.MPBadges_DeserializesCorrectly [< 1 ms]
  已通过 BannerlordModEditor.Common.Tests.DataTests.WorldmapColorGrades_DeserializesCorrectly [< 1 ms]
  已通过 BannerlordModEditor.Common.Tests.DataTests.BannerIcons_SecondGroupHasCorrectStructure [< 1 ms]
  已通过 BannerlordModEditor.Common.Tests.DataTests.BannerIcons_CultureSpecificIconsExist [< 1 ms]
  已通过 BannerlordModEditor.Common.Tests.DataTests.MPCharacters_EquipmentSlotsAreValid [5 ms]
  已通过 BannerlordModEditor.Common.Tests.DataTests.SpecialMeshes_MeshesHaveCorrectStructure [< 1 ms]
  已通过 BannerlordModEditor.Common.Tests.DataTests.SkinnedDecals_DeserializesCorrectly [< 1 ms]
  已通过 BannerlordModEditor.Common.Tests.DataTests.Scenes_MultiplayerScenesExist [6 ms]
  已通过 BannerlordModEditor.Common.Tests.DataTests.WorldmapColorGrades_ColorGradesHaveValues [< 1 ms]
  已通过 BannerlordModEditor.Common.Tests.DataTests.BannerIcons_IconGroupsHaveCorrectStructure [< 1 ms]
  已通过 BannerlordModEditor.Common.Tests.DataTests.MPCharacters_DummyCharactersExist [1 ms]
  已通过 BannerlordModEditor.Common.Tests.DataTests.Voices_AllRecordsHaveRequiredFields [< 1 ms]
  已通过 BannerlordModEditor.Common.Tests.DataTests.Skills_DeserializesCorrectly [< 1 ms]
  已通过 BannerlordModEditor.Common.Tests.DataTests.MPBadges_GameComBadgeIsCorrect [1 ms]
  已通过 BannerlordModEditor.Common.Tests.DataTests.Monsters_HumanMonsterIsCorrect [1 ms]
  已通过 BannerlordModEditor.Common.Tests.DataTests.MPCharacters_VlandianHeroesExist [1 ms]
  已通过 BannerlordModEditor.Common.Tests.DataTests.BannerIcons_ColorsHaveValidHexValues [< 1 ms]
  已通过 BannerlordModEditor.Common.Tests.DataTests.WeaponDescriptions_DeserializesCorrectly [1 ms]
  已通过 BannerlordModEditor.Common.Tests.DataTests.MPBadges_BadgeGroupsExist [1 ms]
  已通过 BannerlordModEditor.Common.Tests.DataTests.WaterPrefabs_PrefabsHaveRequiredProperties [< 1 ms]
  已通过 BannerlordModEditor.Common.Tests.DataTests.MPCharacters_AllCharactersHaveRequiredFields [1 ms]
  已通过 BannerlordModEditor.Common.Tests.DataTests.Monsters_DeserializesCorrectly [< 1 ms]
  已通过 BannerlordModEditor.Common.Tests.DataTests.WeaponDescriptions_WeaponClassesAreValid [1 ms]
  已通过 BannerlordModEditor.Common.Tests.DataTests.Skills_PowerStrikeSkillsAreCorrect [< 1 ms]
  已通过 BannerlordModEditor.Common.Tests.DataTests.WeaponDescriptions_TwoHandedMaceIsCorrect [1 ms]
  已通过 BannerlordModEditor.Common.Tests.DataTests.MPBadges_ManhunterBadgeHasComplexConditions [< 1 ms]
  已通过 BannerlordModEditor.Common.Tests.DataTests.WeaponDescriptions_AvailablePiecesAreValid [1 ms]
  已通过 BannerlordModEditor.Common.Tests.DataTests.Scenes_DeserializesCorrectly [< 1 ms]
  已通过 BannerlordModEditor.Common.Tests.DataTests.Scenes_IdAndNameFormatIsConsistent [1 ms]
  已通过 BannerlordModEditor.Common.Tests.DataTests.WeaponDescriptions_AllDescriptionsHaveRequiredFields [1 ms]
  已通过 BannerlordModEditor.Common.Tests.DataTests.Monsters_AllMonstersHaveRequiredFields [< 1 ms]
  已通过 BannerlordModEditor.Common.Tests.DataTests.MPBadges_ConditionalBadgesHaveConditions [< 1 ms]
  已通过 BannerlordModEditor.Common.Tests.DataTests.Scenes_AllSitesHaveRequiredFields [< 1 ms]
  已通过 BannerlordModEditor.Common.Tests.DataTests.MPBadges_ChampionBadgesHaveGroupTypes [< 1 ms]
  已通过 BannerlordModEditor.Common.Tests.DataTests.WeaponDescriptions_WeaponFlagsAreValid [1 ms]
  已通过 BannerlordModEditor.Common.Tests.DataTests.MPCharacters_SkillsHaveValidValues [1 ms]
  已通过 BannerlordModEditor.Common.Tests.DataTests.Skills_AllSkillsHaveRequiredFields [< 1 ms]
  已通过 BannerlordModEditor.Common.Tests.DataTests.BannerIcons_DeserializesCorrectly [< 1 ms]
  已通过 BannerlordModEditor.Common.Tests.DataTests.SkinnedDecals_DecalsHaveTexturesAndMaterials [1 ms]
  已通过 BannerlordModEditor.Common.Tests.DataTests.Monsters_HorseMonsterIsCorrect [1 ms]
  已通过 BannerlordModEditor.Common.Tests.DataTests.Skills_IronFleshSkillsAreCorrect [< 1 ms]
  已通过 BannerlordModEditor.Common.Tests.DataTests.Voices_SpecificRecordsExist [< 1 ms]
  已通过 BannerlordModEditor.Common.Tests.DataTests.MPBadges_AllBadgesHaveRequiredFields [< 1 ms]
  已通过 BannerlordModEditor.Common.Tests.DataTests.SpecialMeshes_DeserializesCorrectly [< 1 ms]
Cosmetic数量: 586
第一个Cosmetic:
  Type: Clothing
  Id: mp_vlandia_chainmail
  Replace存在: True
  Items数量: 1
  第一个Item: mp_white_coat_over_mail
  已通过 BannerlordModEditor.Common.Tests.DataTests.WeaponDescriptions_PieceTypesAreConsistent [2 ms]
  已通过 BannerlordModEditor.Common.Tests.DataTests.Scenes_SpecificScenesExist [< 1 ms]
  已通过 BannerlordModEditor.Common.Tests.DataTests.Monsters_AnimalMonstersHaveCorrectProperties [1 ms]
  已通过 BannerlordModEditor.Common.Tests.DataTests.MPCharacters_CavalryCharactersHaveCorrectGroup [1 ms]
  已通过 BannerlordModEditor.Common.Tests.DataTests.MPBadges_LevelBadgesHaveCorrectStructure [1 ms]
  已通过 BannerlordModEditor.Common.Tests.DataTests.Monsters_FlagsHaveValidValues [1 ms]
  已通过 BannerlordModEditor.Common.Tests.SimpleMpcosmeticsTest.Simple_Check_First_Cosmetic [< 1 ms]
  已通过 BannerlordModEditor.Common.Tests.DecalTexturesWorldmapXmlTests.DecalTexturesWorldmap_RoundTrip_StructuralEquality [8 ms]
  已通过 BannerlordModEditor.Common.Tests.PhotoModeStringsXmlTests.PhotoModeStrings_LoadAndSave_ShouldBeLogicallyIdentical [5 ms]
=== 开始BannerIcons调试测试 ===
模型类型: BannerIconsDO
HasBannerIconData: True
BannerIconData: 存在
BannerIconGroups数量: 6
HasBannerColors: True
BannerColors: 存在
Colors数量: 194
结构相等性: True
  已通过 BannerlordModEditor.Common.Tests.PhotoModeStringsXmlTests.PhotoModeStrings_ValidateDataIntegrity_ShouldPassBasicChecks [< 1 ms]
  已通过 BannerlordModEditor.Common.Tests.BannerIconsDebugTest.Debug_BannerIcons_RoundTrip [8 ms]
  已通过 BannerlordModEditor.Common.Tests.SimpleXmlTypesTests.BoneBodyTypes_LoadAndSave_ShouldBeLogicallyIdentical [5 ms]
  已通过 BannerlordModEditor.Common.Tests.SimpleXmlTypesTests.EquipmentRosters_LoadAndSave_ShouldBeLogicallyIdentical [2 ms]
  已通过 BannerlordModEditor.Common.Tests.SimpleXmlTypesTests.SkillSets_LoadAndSave_ShouldBeLogicallyIdentical [2 ms]
  已通过 BannerlordModEditor.Common.Tests.SimpleXmlTypesTests.BodyProperties_LoadAndSave_ShouldBeLogicallyIdentical [2 ms]
  已通过 BannerlordModEditor.Common.Tests.PrerenderXmlTests.Prerender_Xml_Serialization_Roundtrip_Should_Be_Structurally_Equal [13 ms]
  已通过 BannerlordModEditor.Common.Tests.ParticleSystemsHardcodedMiscDirectTest.Analyze_ParticleSystemsHardcodedMisc1_Structure [392 ms]
  已通过 BannerlordModEditor.Common.Tests.ModuleStringsXmlTests.ModuleStrings_LoadAndSave_ShouldBeLogicallyIdentical [14 ms]
Original - Nodes: 10, Attributes: 23
Deserialized Items Count: 9
Serialized - Nodes: 10, Attributes: 23
IsStructurallyEqual: True
NodeCountDifference: 
AttributeCountDifference: 
  已通过 BannerlordModEditor.Common.Tests.DebugBoneBodyTypesTest.Debug_BoneBodyTypes_Deserialization_Serialization [< 1 ms]
  已通过 BannerlordModEditor.Common.Tests.ParticleSystemsBasicXmlTests.ParticleSystemsBasic_RoundTrip_StructuralEquality [20 ms]
  已通过 BannerlordModEditor.Common.Tests.BannerIconsStandaloneTest.BannerIcons_XmlDeserializationWorks [< 1 ms]
  已通过 BannerlordModEditor.Common.Tests.BannerIconsStandaloneTest.BannerIcons_ColorsHaveValidHexValues [< 1 ms]
  已通过 BannerlordModEditor.Common.Tests.BannerIconsStandaloneTest.BannerIcons_BackgroundGroupExists [< 1 ms]
  已通过 BannerlordModEditor.Common.Tests.BannerIconsStandaloneTest.BannerIcons_AnimalGroupExists [< 1 ms]
  已通过 BannerlordModEditor.Common.Tests.BannerIconsStandaloneTest.BannerIcons_GroupStructureIsCorrect [< 1 ms]
  已通过 BannerlordModEditor.Common.Tests.FullMovementSetsXmlTests.FullMovementSets_RoundTrip_ShouldBeLogicallyIdentical [7 ms]
  已通过 BannerlordModEditor.Common.Tests.FullMovementSetsXmlTests.FullMovementSets_CanBeDeserialized [< 1 ms]
数据统计比较:
  Cosmetic数量: 586 vs 586
  Item元素总数: 488 vs 488
  Itemless元素总数: 87 vs 87
  Replace元素总数: 323 vs 323
原始XML长度: 119393
序列化后的XML长度: 91568
反序列化后的Cosmetic数量: 586
第一个Cosmetic对象:
  Type: Clothing
  Id: mp_vlandia_chainmail
  Replace: 存在
  Replace.Items数量: 1
  第一个Item Id: mp_white_coat_over_mail
原始XML开头:
<?xml version="1.0" encoding="utf-8"?>
<Cosmetics>
	<!-- Vlanida Body Armors -->
	<Cosmetic
		type="Clothing"
		id="mp_vlandia_chainmail"
		rarity="Rare"
		cost="500">
		<Replace>
			<Item
序列化XML开头:
<?xml version="1.0" encoding="utf-8"?>
<Cosmetics>
  <!-- Sigils -->
  <!-- Sturgia Leg Armors -->
  <!-- Sturgia Hand Armors -->
  <!-- Sturgia Shoulder Armors -->
  <!-- Sturgia Head Armors-->
  <!-
节点名称不匹配: Item vs Itemless
结构相等性: False
根节点名称: 原始=Cosmetics, 序列化=Cosmetics
根节点属性数量: 原始=0, 序列化=0
  已通过 BannerlordModEditor.Common.Tests.ObjectsXmlTests.Objects_LoadAndSave_ShouldBeLogicallyIdentical [15 ms]
  已通过 BannerlordModEditor.Common.Tests.VoicesXmlTests.Voices_Deserialization_Works [< 1 ms]
  已通过 BannerlordModEditor.Common.Tests.MpcosmeticsXmlTests.Mpcosmetics_RoundTrip_StructuralEquality [11 ms]
  已通过 BannerlordModEditor.Common.Tests.MpcosmeticsXmlTests.Mpcosmetics_Debug_Analysis [25 ms]
  已通过 BannerlordModEditor.Common.Tests.MultiplayerTests.MultiplayerScenes_LoadAndSave_ShouldBeLogicallyIdentical [9 ms]
  已通过 BannerlordModEditor.Common.Tests.MultiplayerTests.TauntUsageSets_Conditions_ShouldBeValid [8 ms]
  已通过 BannerlordModEditor.Common.Tests.MultiplayerTests.TauntUsageSets_ActionNaming_ShouldFollowPattern [1 ms]
  已通过 BannerlordModEditor.Common.Tests.MultiplayerTests.MultiplayerScenes_GameTypes_ShouldBeValid [1 ms]
  已通过 BannerlordModEditor.Common.Tests.MultiplayerTests.TauntUsageSets_LoadAndSave_ShouldBeLogicallyIdentical [2 ms]
原始XML大小: 1525815 字符
序列化XML大小: 1371934 字符
原始根节点名称: flora_kinds
序列化根节点名称: flora_kinds
原始flora_kind节点数量: 341
序列化flora_kind节点数量: 341
第一个flora_kind节点比较:
原始属性数量: 2
序列化属性数量: 2
属性值不同: view_distance - 原始: 150.000, 序列化: 150
原始子元素数量: 5
序列化子元素数量: 5
差异报告:
IsStructurallyEqual: True
MissingNodes: 
ExtraNodes: 
NodeNameDifferences: 
MissingAttributes: 
ExtraAttributes: 
AttributeValueDifferences: 
TextDifferences: 
NodeCountDifference: 
AttributeCountDifference: 
原始XML中空元素数量: 0
序列化XML中空元素数量: 0
序列化结果已保存到 flora_kinds_serialized.xml
[xUnit.net 00:00:17.73]       Performance doesn't scale well: size 10->50 took NaNx longer (size ratio: 5.00x)
[xUnit.net 00:00:17.73]       Stack Trace:
[xUnit.net 00:00:17.73]         /root/WorkSpace/CSharp/BannerlordModEditor/BannerlordModEditor.Common.Tests/BannerIconsPerformanceTests.cs(293,0): at BannerlordModEditor.Common.Tests.BannerIconsPerformanceTests.Scalability_LinearPerformance_AsSizeIncreases()
[xUnit.net 00:00:17.73]            at System.RuntimeMethodHandle.InvokeMethod(Object target, Void** arguments, Signature sig, Boolean isConstructor)
[xUnit.net 00:00:17.73]            at System.Reflection.MethodBaseInvoker.InvokeWithNoArgs(Object obj, BindingFlags invokeAttr)
[xUnit.net 00:00:17.76]       Memory usage too high compared to file size: 79.36x (memory: 3004KB, file: 37KB)
[xUnit.net 00:00:17.76]       Stack Trace:
[xUnit.net 00:00:17.76]         /root/WorkSpace/CSharp/BannerlordModEditor/BannerlordModEditor.Common.Tests/BannerIconsPerformanceTests.cs(392,0): at BannerlordModEditor.Common.Tests.BannerIconsPerformanceTests.RealXmlPerformance_LargeFile_MemoryEfficient()
[xUnit.net 00:00:17.76]            at System.RuntimeMethodHandle.InvokeMethod(Object target, Void** arguments, Signature sig, Boolean isConstructor)
[xUnit.net 00:00:17.76]            at System.Reflection.MethodBaseInvoker.InvokeWithNoArgs(Object obj, BindingFlags invokeAttr)
  已通过 BannerlordModEditor.Common.Tests.DecalSetsXmlTests.DecalSets_RoundTrip_StructuralEquality [6 ms]
  已通过 BannerlordModEditor.Common.Tests.FloraKindsDebugTest.FloraKinds_DetailedAnalysis [279 ms]
  已通过 BannerlordModEditor.Common.Tests.BannerIconsPerformanceTests.Serialization_MediumObject_AcceptablePerformance [5 ms]
  已通过 BannerlordModEditor.Common.Tests.BannerIconsPerformanceTests.Scalability_MemoryUsage_LinearAsSizeIncreases [38 ms]
  已通过 BannerlordModEditor.Common.Tests.BannerIconsPerformanceTests.RealXmlPerformance_DeserializeAndSerialize_AcceptablePerformance [32 ms]
  已通过 BannerlordModEditor.Common.Tests.BannerIconsPerformanceTests.MemoryUsage_MultipleOperations_NoMemoryLeaks [22 ms]
  失败 BannerlordModEditor.Common.Tests.BannerIconsPerformanceTests.Scalability_LinearPerformance_AsSizeIncreases [15 ms]
  错误消息:
   Performance doesn't scale well: size 10->50 took NaNx longer (size ratio: 5.00x)
  堆栈跟踪:
     at BannerlordModEditor.Common.Tests.BannerIconsPerformanceTests.Scalability_LinearPerformance_AsSizeIncreases() in /root/WorkSpace/CSharp/BannerlordModEditor/BannerlordModEditor.Common.Tests/BannerIconsPerformanceTests.cs:line 293
   at System.RuntimeMethodHandle.InvokeMethod(Object target, Void** arguments, Signature sig, Boolean isConstructor)
   at System.Reflection.MethodBaseInvoker.InvokeWithNoArgs(Object obj, BindingFlags invokeAttr)
  已通过 BannerlordModEditor.Common.Tests.BannerIconsPerformanceTests.MemoryUsage_ExtremeLargeObject_HandlesGracefully [14 ms]
  失败 BannerlordModEditor.Common.Tests.BannerIconsPerformanceTests.RealXmlPerformance_LargeFile_MemoryEfficient [14 ms]
  错误消息:
   Memory usage too high compared to file size: 79.36x (memory: 3004KB, file: 37KB)
  堆栈跟踪:
     at BannerlordModEditor.Common.Tests.BannerIconsPerformanceTests.RealXmlPerformance_LargeFile_MemoryEfficient() in /root/WorkSpace/CSharp/BannerlordModEditor/BannerlordModEditor.Common.Tests/BannerIconsPerformanceTests.cs:line 392
   at System.RuntimeMethodHandle.InvokeMethod(Object target, Void** arguments, Signature sig, Boolean isConstructor)
   at System.Reflection.MethodBaseInvoker.InvokeWithNoArgs(Object obj, BindingFlags invokeAttr)
Original - Nodes: 4727, Attributes: 9645
Deserialized Actions Count: 4726
Serialized - Nodes: 4727, Attributes: 9645
IsStructurallyEqual: True
NodeCountDifference: 
AttributeCountDifference: 
  已通过 BannerlordModEditor.Common.Tests.BannerIconsPerformanceTests.TypeConversion_Performance_BulkOperationsEfficient [3 ms]
  已通过 BannerlordModEditor.Common.Tests.BannerIconsPerformanceTests.TypeConversion_Performance_InvalidValues_HandlesGracefully [2 ms]
  已通过 BannerlordModEditor.Common.Tests.BannerIconsPerformanceTests.Concurrency_ParallelOperations_ThreadSafe [9 ms]
  已通过 BannerlordModEditor.Common.Tests.BannerIconsPerformanceTests.Concurrency_MixedObjectSizes_HandlesCorrectly [12 ms]
  已通过 BannerlordModEditor.Common.Tests.BannerIconsPerformanceTests.Serialization_SmallObject_FastPerformance [2 ms]
  已通过 BannerlordModEditor.Common.Tests.BannerIconsPerformanceTests.Serialization_LargeObject_HandlesWithinReasonableTime [4 ms]
  已通过 BannerlordModEditor.Common.Tests.BannerIconsPerformanceTests.MemoryUsage_SingleOperation_ReasonableFootprint [11 ms]
  已通过 BannerlordModEditor.Common.Tests.FloraKindsXmlTests.FloraKinds_RoundTrip_StructuralEquality(xmlPath: "TestData/flora_kinds.xml") [361 ms]
  已通过 BannerlordModEditor.Common.Tests.DebugActionTypesTest.Debug_ActionTypes_Deserialization_Serialization [54 ms]
  已通过 BannerlordModEditor.Common.Tests.MpCraftingPiecesXmlTests.MpCraftingPieces_RoundTrip_StructuralEquality [42 ms]
  已通过 BannerlordModEditor.Common.Tests.Services.NamingConventionMapperTests.GetMappedClassName_WithNormalNames_ShouldConvertToPascalCase(input: "normal_name", expected: "NormalName") [< 1 ms]
  已通过 BannerlordModEditor.Common.Tests.Services.NamingConventionMapperTests.GetMappedClassName_WithNormalNames_ShouldConvertToPascalCase(input: "another_test_case", expected: "AnotherTestCase") [< 1 ms]
  已通过 BannerlordModEditor.Common.Tests.Services.NamingConventionMapperTests.GetMappedClassName_WithNormalNames_ShouldConvertToPascalCase(input: "single", expected: "Single") [< 1 ms]
  已通过 BannerlordModEditor.Common.Tests.Services.NamingConventionMapperTests.GetMappedClassName_WithSpecialCases_ShouldReturnCorrectMapping(input: "looknfeel", expected: "LookAndFeel") [< 1 ms]
  已通过 BannerlordModEditor.Common.Tests.Services.NamingConventionMapperTests.GetMappedClassName_WithSpecialCases_ShouldReturnCorrectMapping(input: "action", expected: "ActionType") [< 1 ms]
  已通过 BannerlordModEditor.Common.Tests.Services.NamingConventionMapperTests.GetMappedClassName_WithSpecialCases_ShouldReturnCorrectMapping(input: "particle_systems2", expected: "ParticleSystems2") [< 1 ms]
  已通过 BannerlordModEditor.Common.Tests.Services.NamingConventionMapperTests.GetMappedClassName_WithSpecialCases_ShouldReturnCorrectMapping(input: "mp_crafting_pieces", expected: "MpCraftingPieces") [< 1 ms]
  已通过 BannerlordModEditor.Common.Tests.Services.NamingConventionMapperTests.GetMappedClassName_WithSpecialCases_ShouldReturnCorrectMapping(input: "object", expected: "GameObjectType") [< 1 ms]
  已通过 BannerlordModEditor.Common.Tests.Services.NamingConventionMapperTests.GetMappedClassName_WithSpecialCases_ShouldReturnCorrectMapping(input: "simple_name", expected: "SimpleName") [< 1 ms]
  已通过 BannerlordModEditor.Common.Tests.Services.NamingConventionMapperTests.GetMappedClassName_WithSpecialCases_ShouldReturnCorrectMapping(input: "before_transparents_graph", expected: "BeforeTransparentsGraph") [< 1 ms]
  已通过 BannerlordModEditor.Common.Tests.Services.NamingConventionMapperTests.GetSuggestedNamespace_ShouldReturnCorrectNamespace(fileName: "animation_data", expected: "Engine") [< 1 ms]
  已通过 BannerlordModEditor.Common.Tests.Services.NamingConventionMapperTests.GetSuggestedNamespace_ShouldReturnCorrectNamespace(fileName: "mp_items", expected: "Multiplayer") [< 1 ms]
  已通过 BannerlordModEditor.Common.Tests.Services.NamingConventionMapperTests.GetSuggestedNamespace_ShouldReturnCorrectNamespace(fileName: "flora_kinds", expected: "Map") [< 1 ms]
  已通过 BannerlordModEditor.Common.Tests.Services.NamingConventionMapperTests.GetSuggestedNamespace_ShouldReturnCorrectNamespace(fileName: "decal_textures", expected: "Engine") [< 1 ms]
  已通过 BannerlordModEditor.Common.Tests.Services.NamingConventionMapperTests.GetSuggestedNamespace_ShouldReturnCorrectNamespace(fileName: "regular_data", expected: "Data") [< 1 ms]
  已通过 BannerlordModEditor.Common.Tests.Services.NamingConventionMapperTests.GetSuggestedNamespace_ShouldReturnCorrectNamespace(fileName: "credits_legal", expected: "Configuration") [< 1 ms]
  已通过 BannerlordModEditor.Common.Tests.Services.NamingConventionMapperTests.GetSuggestedNamespace_ShouldReturnCorrectNamespace(fileName: "particle_systems", expected: "Engine") [< 1 ms]
  已通过 BannerlordModEditor.Common.Tests.Services.NamingConventionMapperTests.RequiresSpecialHandling_WithNormalNames_ShouldReturnFalse(input: "regular_file") [< 1 ms]
  已通过 BannerlordModEditor.Common.Tests.Services.NamingConventionMapperTests.RequiresSpecialHandling_WithNormalNames_ShouldReturnFalse(input: "simple_case") [< 1 ms]
  已通过 BannerlordModEditor.Common.Tests.Services.NamingConventionMapperTests.RequiresSpecialHandling_WithNormalNames_ShouldReturnFalse(input: "normal_name") [< 1 ms]
  已通过 BannerlordModEditor.Common.Tests.Services.NamingConventionMapperTests.GetMappedClassName_WithReservedKeywords_ShouldAppendType(input: "string", expected: "StringType") [< 1 ms]
  已通过 BannerlordModEditor.Common.Tests.Services.NamingConventionMapperTests.GetMappedClassName_WithReservedKeywords_ShouldAppendType(input: "int", expected: "IntType") [< 1 ms]
  已通过 BannerlordModEditor.Common.Tests.Services.NamingConventionMapperTests.GetMappedClassName_WithReservedKeywords_ShouldAppendType(input: "class", expected: "ClassType") [< 1 ms]
  已通过 BannerlordModEditor.Common.Tests.Services.NamingConventionMapperTests.GetMappedClassName_WithReservedKeywords_ShouldAppendType(input: "void", expected: "VoidType") [< 1 ms]
  已通过 BannerlordModEditor.Common.Tests.Services.NamingConventionMapperTests.GetMappedClassName_WithEmptyString_ShouldReturnEmpty [< 1 ms]
  已通过 BannerlordModEditor.Common.Tests.Services.NamingConventionMapperTests.RequiresSpecialHandling_WithSpecialCases_ShouldReturnTrue(input: "action") [< 1 ms]
[xUnit.net 00:00:18.27]   Finished:    BannerlordModEditor.Common.Tests
  已通过 BannerlordModEditor.Common.Tests.Services.NamingConventionMapperTests.RequiresSpecialHandling_WithSpecialCases_ShouldReturnTrue(input: "before_transparents_graph") [< 1 ms]
  已通过 BannerlordModEditor.Common.Tests.Services.NamingConventionMapperTests.RequiresSpecialHandling_WithSpecialCases_ShouldReturnTrue(input: "mp_crafting_pieces") [< 1 ms]
  已通过 BannerlordModEditor.Common.Tests.Services.NamingConventionMapperTests.RequiresSpecialHandling_WithSpecialCases_ShouldReturnTrue(input: "class") [< 1 ms]
  已通过 BannerlordModEditor.Common.Tests.Services.NamingConventionMapperTests.GetMappedClassName_WithNull_ShouldReturnEmpty [< 1 ms]

测试总数: 1581
     通过数: 1513
     失败数: 66
    跳过数: 2
总时间: 18.6327 秒
       _VSTestConsole:
         MSB4181: “VSTestTask”任务返回了 false，但未记录错误。
     1>已完成生成项目“/root/WorkSpace/CSharp/BannerlordModEditor/BannerlordModEditor.Common.Tests/BannerlordModEditor.Common.Tests.csproj”(VSTest 个目标)的操作 - 失败。

生成失败。

       “/root/WorkSpace/CSharp/BannerlordModEditor/BannerlordModEditor.Common.Tests/BannerlordModEditor.Common.Tests.csproj”(VSTest 目标) (1:7) ->
       “/root/WorkSpace/CSharp/BannerlordModEditor/BannerlordModEditor.Common.Tests/BannerlordModEditor.Common.Tests.csproj”(默认目标) (1:8) ->
       “/root/WorkSpace/CSharp/BannerlordModEditor/BannerlordModEditor.Common/BannerlordModEditor.Common.csproj”(默认目标) (2:6) ->
       (CoreCompile 目标) -> 
         /root/WorkSpace/CSharp/BannerlordModEditor/BannerlordModEditor.Common/Mappers/VoiceDefinitionsMapper.cs(121,36): warning CS8603: 可能返回 null 引用。 [/root/WorkSpace/CSharp/BannerlordModEditor/BannerlordModEditor.Common/BannerlordModEditor.Common.csproj]
         /root/WorkSpace/CSharp/BannerlordModEditor/BannerlordModEditor.Common/Mappers/AttributesMapper.cs(39,40): warning CS8603: 可能返回 null 引用。 [/root/WorkSpace/CSharp/BannerlordModEditor/BannerlordModEditor.Common/BannerlordModEditor.Common.csproj]
         /root/WorkSpace/CSharp/BannerlordModEditor/BannerlordModEditor.Common/Mappers/VoiceDefinitionsMapper.cs(133,36): warning CS8603: 可能返回 null 引用。 [/root/WorkSpace/CSharp/BannerlordModEditor/BannerlordModEditor.Common/BannerlordModEditor.Common.csproj]
         /root/WorkSpace/CSharp/BannerlordModEditor/BannerlordModEditor.Common/Mappers/AttributesMapper.cs(52,40): warning CS8603: 可能返回 null 引用。 [/root/WorkSpace/CSharp/BannerlordModEditor/BannerlordModEditor.Common/BannerlordModEditor.Common.csproj]
         /root/WorkSpace/CSharp/BannerlordModEditor/BannerlordModEditor.Common/Mappers/BannerIconsMapper.cs(12,40): warning CS8603: 可能返回 null 引用。 [/root/WorkSpace/CSharp/BannerlordModEditor/BannerlordModEditor.Common/BannerlordModEditor.Common.csproj]
         /root/WorkSpace/CSharp/BannerlordModEditor/BannerlordModEditor.Common/Mappers/BannerIconsMapper.cs(17,61): warning CS8604: “BannerIconDataDTO BannerIconDataMapper.ToDTO(BannerIconDataDO source)”中的形参“source”可能传入 null 引用实参。 [/root/WorkSpace/CSharp/BannerlordModEditor/BannerlordModEditor.Common/BannerlordModEditor.Common.csproj]
         /root/WorkSpace/CSharp/BannerlordModEditor/BannerlordModEditor.Common/Mappers/AttributesMapper.cs(12,40): warning CS8603: 可能返回 null 引用。 [/root/WorkSpace/CSharp/BannerlordModEditor/BannerlordModEditor.Common/BannerlordModEditor.Common.csproj]
         /root/WorkSpace/CSharp/BannerlordModEditor/BannerlordModEditor.Common/Mappers/ActionTypesMapper.cs(15,40): warning CS8603: 可能返回 null 引用。 [/root/WorkSpace/CSharp/BannerlordModEditor/BannerlordModEditor.Common/BannerlordModEditor.Common.csproj]
         /root/WorkSpace/CSharp/BannerlordModEditor/BannerlordModEditor.Common/Mappers/ActionSetsMapper.cs(15,40): warning CS8603: 可能返回 null 引用。 [/root/WorkSpace/CSharp/BannerlordModEditor/BannerlordModEditor.Common/BannerlordModEditor.Common.csproj]
         /root/WorkSpace/CSharp/BannerlordModEditor/BannerlordModEditor.Common/Mappers/BannerIconsMapper.cs(23,40): warning CS8603: 可能返回 null 引用。 [/root/WorkSpace/CSharp/BannerlordModEditor/BannerlordModEditor.Common/BannerlordModEditor.Common.csproj]
         /root/WorkSpace/CSharp/BannerlordModEditor/BannerlordModEditor.Common/Mappers/BannerIconsMapper.cs(28,60): warning CS8604: “BannerIconDataDO BannerIconDataMapper.ToDO(BannerIconDataDTO source)”中的形参“source”可能传入 null 引用实参。 [/root/WorkSpace/CSharp/BannerlordModEditor/BannerlordModEditor.Common/BannerlordModEditor.Common.csproj]
         /root/WorkSpace/CSharp/BannerlordModEditor/BannerlordModEditor.Common/Mappers/ActionTypesMapper.cs(25,40): warning CS8603: 可能返回 null 引用。 [/root/WorkSpace/CSharp/BannerlordModEditor/BannerlordModEditor.Common/BannerlordModEditor.Common.csproj]
         /root/WorkSpace/CSharp/BannerlordModEditor/BannerlordModEditor.Common/Mappers/BannerIconsMapper.cs(38,40): warning CS8603: 可能返回 null 引用。 [/root/WorkSpace/CSharp/BannerlordModEditor/BannerlordModEditor.Common/BannerlordModEditor.Common.csproj]
         /root/WorkSpace/CSharp/BannerlordModEditor/BannerlordModEditor.Common/Mappers/BannerIconsMapper.cs(45,57): warning CS8604: “BannerColorsDTO BannerColorsMapper.ToDTO(BannerColorsDO source)”中的形参“source”可能传入 null 引用实参。 [/root/WorkSpace/CSharp/BannerlordModEditor/BannerlordModEditor.Common/BannerlordModEditor.Common.csproj]
         /root/WorkSpace/CSharp/BannerlordModEditor/BannerlordModEditor.Common/Mappers/AttributesMapper.cs(24,40): warning CS8603: 可能返回 null 引用。 [/root/WorkSpace/CSharp/BannerlordModEditor/BannerlordModEditor.Common/BannerlordModEditor.Common.csproj]
         /root/WorkSpace/CSharp/BannerlordModEditor/BannerlordModEditor.Common/Mappers/ActionTypesMapper.cs(42,40): warning CS8603: 可能返回 null 引用。 [/root/WorkSpace/CSharp/BannerlordModEditor/BannerlordModEditor.Common/BannerlordModEditor.Common.csproj]
         /root/WorkSpace/CSharp/BannerlordModEditor/BannerlordModEditor.Common/Mappers/ActionTypesMapper.cs(52,40): warning CS8603: 可能返回 null 引用。 [/root/WorkSpace/CSharp/BannerlordModEditor/BannerlordModEditor.Common/BannerlordModEditor.Common.csproj]
         /root/WorkSpace/CSharp/BannerlordModEditor/BannerlordModEditor.Common/Mappers/ActionSetsMapper.cs(25,40): warning CS8603: 可能返回 null 引用。 [/root/WorkSpace/CSharp/BannerlordModEditor/BannerlordModEditor.Common/BannerlordModEditor.Common.csproj]
         /root/WorkSpace/CSharp/BannerlordModEditor/BannerlordModEditor.Common/Mappers/VoiceDefinitionsMapper.cs(74,36): warning CS8603: 可能返回 null 引用。 [/root/WorkSpace/CSharp/BannerlordModEditor/BannerlordModEditor.Common/BannerlordModEditor.Common.csproj]
         /root/WorkSpace/CSharp/BannerlordModEditor/BannerlordModEditor.Common/Mappers/BannerIconsMapper.cs(112,40): warning CS8603: 可能返回 null 引用。 [/root/WorkSpace/CSharp/BannerlordModEditor/BannerlordModEditor.Common/BannerlordModEditor.Common.csproj]
         /root/WorkSpace/CSharp/BannerlordModEditor/BannerlordModEditor.Common/Mappers/BannerIconsMapper.cs(51,40): warning CS8603: 可能返回 null 引用。 [/root/WorkSpace/CSharp/BannerlordModEditor/BannerlordModEditor.Common/BannerlordModEditor.Common.csproj]
         /root/WorkSpace/CSharp/BannerlordModEditor/BannerlordModEditor.Common/Mappers/BannerIconsMapper.cs(58,56): warning CS8604: “BannerColorsDO BannerColorsMapper.ToDO(BannerColorsDTO source)”中的形参“source”可能传入 null 引用实参。 [/root/WorkSpace/CSharp/BannerlordModEditor/BannerlordModEditor.Common/BannerlordModEditor.Common.csproj]
         /root/WorkSpace/CSharp/BannerlordModEditor/BannerlordModEditor.Common/Mappers/ActionSetsMapper.cs(39,40): warning CS8603: 可能返回 null 引用。 [/root/WorkSpace/CSharp/BannerlordModEditor/BannerlordModEditor.Common/BannerlordModEditor.Common.csproj]
         /root/WorkSpace/CSharp/BannerlordModEditor/BannerlordModEditor.Common/Mappers/BannerIconsMapper.cs(124,40): warning CS8603: 可能返回 null 引用。 [/root/WorkSpace/CSharp/BannerlordModEditor/BannerlordModEditor.Common/BannerlordModEditor.Common.csproj]
         /root/WorkSpace/CSharp/BannerlordModEditor/BannerlordModEditor.Common/Mappers/BannerIconsMapper.cs(70,40): warning CS8603: 可能返回 null 引用。 [/root/WorkSpace/CSharp/BannerlordModEditor/BannerlordModEditor.Common/BannerlordModEditor.Common.csproj]
         /root/WorkSpace/CSharp/BannerlordModEditor/BannerlordModEditor.Common/Mappers/VoiceDefinitionsMapper.cs(86,36): warning CS8603: 可能返回 null 引用。 [/root/WorkSpace/CSharp/BannerlordModEditor/BannerlordModEditor.Common/BannerlordModEditor.Common.csproj]
         /root/WorkSpace/CSharp/BannerlordModEditor/BannerlordModEditor.Common/Mappers/VoiceDefinitionsMapper.cs(98,36): warning CS8603: 可能返回 null 引用。 [/root/WorkSpace/CSharp/BannerlordModEditor/BannerlordModEditor.Common/BannerlordModEditor.Common.csproj]
         /root/WorkSpace/CSharp/BannerlordModEditor/BannerlordModEditor.Common/Mappers/ActionSetsMapper.cs(55,40): warning CS8603: 可能返回 null 引用。 [/root/WorkSpace/CSharp/BannerlordModEditor/BannerlordModEditor.Common/BannerlordModEditor.Common.csproj]
         /root/WorkSpace/CSharp/BannerlordModEditor/BannerlordModEditor.Common/Mappers/VoiceDefinitionsMapper.cs(108,36): warning CS8603: 可能返回 null 引用。 [/root/WorkSpace/CSharp/BannerlordModEditor/BannerlordModEditor.Common/BannerlordModEditor.Common.csproj]
         /root/WorkSpace/CSharp/BannerlordModEditor/BannerlordModEditor.Common/Mappers/VoiceDefinitionsMapper.cs(10,36): warning CS8603: 可能返回 null 引用。 [/root/WorkSpace/CSharp/BannerlordModEditor/BannerlordModEditor.Common/BannerlordModEditor.Common.csproj]
         /root/WorkSpace/CSharp/BannerlordModEditor/BannerlordModEditor.Common/Mappers/BannerIconsMapper.cs(139,40): warning CS8603: 可能返回 null 引用。 [/root/WorkSpace/CSharp/BannerlordModEditor/BannerlordModEditor.Common/BannerlordModEditor.Common.csproj]
         /root/WorkSpace/CSharp/BannerlordModEditor/BannerlordModEditor.Common/Mappers/BannerIconsMapper.cs(197,40): warning CS8603: 可能返回 null 引用。 [/root/WorkSpace/CSharp/BannerlordModEditor/BannerlordModEditor.Common/BannerlordModEditor.Common.csproj]
         /root/WorkSpace/CSharp/BannerlordModEditor/BannerlordModEditor.Common/Mappers/BannerIconsMapper.cs(168,40): warning CS8603: 可能返回 null 引用。 [/root/WorkSpace/CSharp/BannerlordModEditor/BannerlordModEditor.Common/BannerlordModEditor.Common.csproj]
         /root/WorkSpace/CSharp/BannerlordModEditor/BannerlordModEditor.Common/Mappers/BannerIconsMapper.cs(152,40): warning CS8603: 可能返回 null 引用。 [/root/WorkSpace/CSharp/BannerlordModEditor/BannerlordModEditor.Common/BannerlordModEditor.Common.csproj]
         /root/WorkSpace/CSharp/BannerlordModEditor/BannerlordModEditor.Common/Mappers/ActionSetsMapper.cs(65,40): warning CS8603: 可能返回 null 引用。 [/root/WorkSpace/CSharp/BannerlordModEditor/BannerlordModEditor.Common/BannerlordModEditor.Common.csproj]
         /root/WorkSpace/CSharp/BannerlordModEditor/BannerlordModEditor.Common/Mappers/BannerIconsMapper.cs(210,40): warning CS8603: 可能返回 null 引用。 [/root/WorkSpace/CSharp/BannerlordModEditor/BannerlordModEditor.Common/BannerlordModEditor.Common.csproj]
         /root/WorkSpace/CSharp/BannerlordModEditor/BannerlordModEditor.Common/Mappers/VoiceDefinitionsMapper.cs(23,36): warning CS8603: 可能返回 null 引用。 [/root/WorkSpace/CSharp/BannerlordModEditor/BannerlordModEditor.Common/BannerlordModEditor.Common.csproj]
         /root/WorkSpace/CSharp/BannerlordModEditor/BannerlordModEditor.Common/Mappers/BoneBodyTypesMapper.cs(15,40): warning CS8603: 可能返回 null 引用。 [/root/WorkSpace/CSharp/BannerlordModEditor/BannerlordModEditor.Common/BannerlordModEditor.Common.csproj]
         /root/WorkSpace/CSharp/BannerlordModEditor/BannerlordModEditor.Common/Mappers/ActionSetsMapper.cs(79,40): warning CS8603: 可能返回 null 引用。 [/root/WorkSpace/CSharp/BannerlordModEditor/BannerlordModEditor.Common/BannerlordModEditor.Common.csproj]
         /root/WorkSpace/CSharp/BannerlordModEditor/BannerlordModEditor.Common/Mappers/CollisionInfosMapper.cs(12,40): warning CS8603: 可能返回 null 引用。 [/root/WorkSpace/CSharp/BannerlordModEditor/BannerlordModEditor.Common/BannerlordModEditor.Common.csproj]
         /root/WorkSpace/CSharp/BannerlordModEditor/BannerlordModEditor.Common/Mappers/CollisionInfosMapper.cs(17,40): warning CS8604: “CollisionInfosDTO CollisionInfosMapper.ToDTO(CollisionInfosDO source)”中的形参“source”可能传入 null 引用实参。 [/root/WorkSpace/CSharp/BannerlordModEditor/BannerlordModEditor.Common/BannerlordModEditor.Common.csproj]
         /root/WorkSpace/CSharp/BannerlordModEditor/BannerlordModEditor.Common/Mappers/BoneBodyTypesMapper.cs(25,40): warning CS8603: 可能返回 null 引用。 [/root/WorkSpace/CSharp/BannerlordModEditor/BannerlordModEditor.Common/BannerlordModEditor.Common.csproj]
         /root/WorkSpace/CSharp/BannerlordModEditor/BannerlordModEditor.Common/Mappers/BannerIconsMapper.cs(180,40): warning CS8603: 可能返回 null 引用。 [/root/WorkSpace/CSharp/BannerlordModEditor/BannerlordModEditor.Common/BannerlordModEditor.Common.csproj]
         /root/WorkSpace/CSharp/BannerlordModEditor/BannerlordModEditor.Common/Mappers/CraftingPiecesMapper.cs(13,40): warning CS8603: 可能返回 null 引用。 [/root/WorkSpace/CSharp/BannerlordModEditor/BannerlordModEditor.Common/BannerlordModEditor.Common.csproj]
         /root/WorkSpace/CSharp/BannerlordModEditor/BannerlordModEditor.Common/Mappers/CollisionInfosMapper.cs(23,40): warning CS8603: 可能返回 null 引用。 [/root/WorkSpace/CSharp/BannerlordModEditor/BannerlordModEditor.Common/BannerlordModEditor.Common.csproj]
         /root/WorkSpace/CSharp/BannerlordModEditor/BannerlordModEditor.Common/Mappers/CollisionInfosMapper.cs(28,39): warning CS8604: “CollisionInfosDO CollisionInfosMapper.ToDO(CollisionInfosDTO source)”中的形参“source”可能传入 null 引用实参。 [/root/WorkSpace/CSharp/BannerlordModEditor/BannerlordModEditor.Common/BannerlordModEditor.Common.csproj]
         /root/WorkSpace/CSharp/BannerlordModEditor/BannerlordModEditor.Common/Mappers/VoiceDefinitionsMapper.cs(37,36): warning CS8603: 可能返回 null 引用。 [/root/WorkSpace/CSharp/BannerlordModEditor/BannerlordModEditor.Common/BannerlordModEditor.Common.csproj]
         /root/WorkSpace/CSharp/BannerlordModEditor/BannerlordModEditor.Common/Mappers/BoneBodyTypesMapper.cs(43,40): warning CS8603: 可能返回 null 引用。 [/root/WorkSpace/CSharp/BannerlordModEditor/BannerlordModEditor.Common/BannerlordModEditor.Common.csproj]
         /root/WorkSpace/CSharp/BannerlordModEditor/BannerlordModEditor.Common/Mappers/CombatParametersMapper.cs(15,40): warning CS8603: 可能返回 null 引用。 [/root/WorkSpace/CSharp/BannerlordModEditor/BannerlordModEditor.Common/BannerlordModEditor.Common.csproj]
         /root/WorkSpace/CSharp/BannerlordModEditor/BannerlordModEditor.Common/Mappers/CraftingTemplatesMapper.cs(13,40): warning CS8603: 可能返回 null 引用。 [/root/WorkSpace/CSharp/BannerlordModEditor/BannerlordModEditor.Common/BannerlordModEditor.Common.csproj]
         /root/WorkSpace/CSharp/BannerlordModEditor/BannerlordModEditor.Common/Mappers/CreditsMapper.cs(14,40): warning CS8603: 可能返回 null 引用。 [/root/WorkSpace/CSharp/BannerlordModEditor/BannerlordModEditor.Common/BannerlordModEditor.Common.csproj]
         /root/WorkSpace/CSharp/BannerlordModEditor/BannerlordModEditor.Common/Mappers/FloraKindsLayoutMapper.cs(14,40): warning CS8603: 可能返回 null 引用。 [/root/WorkSpace/CSharp/BannerlordModEditor/BannerlordModEditor.Common/BannerlordModEditor.Common.csproj]
         /root/WorkSpace/CSharp/BannerlordModEditor/BannerlordModEditor.Common/Mappers/BoneBodyTypesMapper.cs(53,40): warning CS8603: 可能返回 null 引用。 [/root/WorkSpace/CSharp/BannerlordModEditor/BannerlordModEditor.Common/BannerlordModEditor.Common.csproj]
         /root/WorkSpace/CSharp/BannerlordModEditor/BannerlordModEditor.Common/Mappers/FloraKindsLayoutMapper.cs(25,40): warning CS8603: 可能返回 null 引用。 [/root/WorkSpace/CSharp/BannerlordModEditor/BannerlordModEditor.Common/BannerlordModEditor.Common.csproj]
         /root/WorkSpace/CSharp/BannerlordModEditor/BannerlordModEditor.Common/Mappers/CombatParametersMapper.cs(27,40): warning CS8603: 可能返回 null 引用。 [/root/WorkSpace/CSharp/BannerlordModEditor/BannerlordModEditor.Common/BannerlordModEditor.Common.csproj]
         /root/WorkSpace/CSharp/BannerlordModEditor/BannerlordModEditor.Common/Mappers/VoiceDefinitionsMapper.cs(54,36): warning CS8603: 可能返回 null 引用。 [/root/WorkSpace/CSharp/BannerlordModEditor/BannerlordModEditor.Common/BannerlordModEditor.Common.csproj]
         /root/WorkSpace/CSharp/BannerlordModEditor/BannerlordModEditor.Common/Mappers/CraftingTemplatesMapper.cs(25,40): warning CS8603: 可能返回 null 引用。 [/root/WorkSpace/CSharp/BannerlordModEditor/BannerlordModEditor.Common/BannerlordModEditor.Common.csproj]
         /root/WorkSpace/CSharp/BannerlordModEditor/BannerlordModEditor.Common/Mappers/CombatParametersMapper.cs(37,40): warning CS8603: 可能返回 null 引用。 [/root/WorkSpace/CSharp/BannerlordModEditor/BannerlordModEditor.Common/BannerlordModEditor.Common.csproj]
         /root/WorkSpace/CSharp/BannerlordModEditor/BannerlordModEditor.Common/Mappers/ItemHolstersLayoutMapper.cs(14,40): warning CS8603: 可能返回 null 引用。 [/root/WorkSpace/CSharp/BannerlordModEditor/BannerlordModEditor.Common/BannerlordModEditor.Common.csproj]
         /root/WorkSpace/CSharp/BannerlordModEditor/BannerlordModEditor.Common/Mappers/SkeletonsLayoutMapper.cs(17,40): warning CS8603: 可能返回 null 引用。 [/root/WorkSpace/CSharp/BannerlordModEditor/BannerlordModEditor.Common/BannerlordModEditor.Common.csproj]
         /root/WorkSpace/CSharp/BannerlordModEditor/BannerlordModEditor.Common/Mappers/CollisionInfosMapper.cs(34,40): warning CS8603: 可能返回 null 引用。 [/root/WorkSpace/CSharp/BannerlordModEditor/BannerlordModEditor.Common/BannerlordModEditor.Common.csproj]
         /root/WorkSpace/CSharp/BannerlordModEditor/BannerlordModEditor.Common/Mappers/ItemHolstersLayoutMapper.cs(25,40): warning CS8603: 可能返回 null 引用。 [/root/WorkSpace/CSharp/BannerlordModEditor/BannerlordModEditor.Common/BannerlordModEditor.Common.csproj]
         /root/WorkSpace/CSharp/BannerlordModEditor/BannerlordModEditor.Common/Mappers/CreditsMapper.cs(25,40): warning CS8603: 可能返回 null 引用。 [/root/WorkSpace/CSharp/BannerlordModEditor/BannerlordModEditor.Common/BannerlordModEditor.Common.csproj]
         /root/WorkSpace/CSharp/BannerlordModEditor/BannerlordModEditor.Common/Mappers/CombatParametersMapper.cs(48,40): warning CS8603: 可能返回 null 引用。 [/root/WorkSpace/CSharp/BannerlordModEditor/BannerlordModEditor.Common/BannerlordModEditor.Common.csproj]
         /root/WorkSpace/CSharp/BannerlordModEditor/BannerlordModEditor.Common/Mappers/CombatParametersMapper.cs(73,48): warning CS8604: “CustomCollisionCapsuleDTO CombatParametersMapper.ToDTO(CustomCollisionCapsuleDO source)”中的形参“source”可能传入 null 引用实参。 [/root/WorkSpace/CSharp/BannerlordModEditor/BannerlordModEditor.Common/BannerlordModEditor.Common.csproj]
         /root/WorkSpace/CSharp/BannerlordModEditor/BannerlordModEditor.Common/Mappers/SkeletonsLayoutMapper.cs(31,40): warning CS8603: 可能返回 null 引用。 [/root/WorkSpace/CSharp/BannerlordModEditor/BannerlordModEditor.Common/BannerlordModEditor.Common.csproj]
         /root/WorkSpace/CSharp/BannerlordModEditor/BannerlordModEditor.Common/Mappers/CraftingTemplatesMapper.cs(37,40): warning CS8603: 可能返回 null 引用。 [/root/WorkSpace/CSharp/BannerlordModEditor/BannerlordModEditor.Common/BannerlordModEditor.Common.csproj]
         /root/WorkSpace/CSharp/BannerlordModEditor/BannerlordModEditor.Common/Mappers/CombatParametersMapper.cs(79,40): warning CS8603: 可能返回 null 引用。 [/root/WorkSpace/CSharp/BannerlordModEditor/BannerlordModEditor.Common/BannerlordModEditor.Common.csproj]
         /root/WorkSpace/CSharp/BannerlordModEditor/BannerlordModEditor.Common/Mappers/ItemHolstersMapper.cs(14,24): warning CS8603: 可能返回 null 引用。 [/root/WorkSpace/CSharp/BannerlordModEditor/BannerlordModEditor.Common/BannerlordModEditor.Common.csproj]
         /root/WorkSpace/CSharp/BannerlordModEditor/BannerlordModEditor.Common/Mappers/PostfxGraphsMapper.cs(223,36): warning CS8603: 可能返回 null 引用。 [/root/WorkSpace/CSharp/BannerlordModEditor/BannerlordModEditor.Common/BannerlordModEditor.Common.csproj]
         /root/WorkSpace/CSharp/BannerlordModEditor/BannerlordModEditor.Common/Mappers/PostfxGraphsMapper.cs(233,36): warning CS8603: 可能返回 null 引用。 [/root/WorkSpace/CSharp/BannerlordModEditor/BannerlordModEditor.Common/BannerlordModEditor.Common.csproj]
         /root/WorkSpace/CSharp/BannerlordModEditor/BannerlordModEditor.Common/Mappers/CreditsMapper.cs(40,40): warning CS8603: 可能返回 null 引用。 [/root/WorkSpace/CSharp/BannerlordModEditor/BannerlordModEditor.Common/BannerlordModEditor.Common.csproj]
         /root/WorkSpace/CSharp/BannerlordModEditor/BannerlordModEditor.Common/Mappers/CombatParametersMapper.cs(95,40): warning CS8603: 可能返回 null 引用。 [/root/WorkSpace/CSharp/BannerlordModEditor/BannerlordModEditor.Common/BannerlordModEditor.Common.csproj]
         /root/WorkSpace/CSharp/BannerlordModEditor/BannerlordModEditor.Common/Mappers/ItemHolstersMapper.cs(25,24): warning CS8603: 可能返回 null 引用。 [/root/WorkSpace/CSharp/BannerlordModEditor/BannerlordModEditor.Common/BannerlordModEditor.Common.csproj]
         /root/WorkSpace/CSharp/BannerlordModEditor/BannerlordModEditor.Common/Mappers/PostfxGraphsMapper.cs(196,36): warning CS8603: 可能返回 null 引用。 [/root/WorkSpace/CSharp/BannerlordModEditor/BannerlordModEditor.Common/BannerlordModEditor.Common.csproj]
         /root/WorkSpace/CSharp/BannerlordModEditor/BannerlordModEditor.Common/Mappers/CraftingTemplatesMapper.cs(61,40): warning CS8603: 可能返回 null 引用。 [/root/WorkSpace/CSharp/BannerlordModEditor/BannerlordModEditor.Common/BannerlordModEditor.Common.csproj]
         /root/WorkSpace/CSharp/BannerlordModEditor/BannerlordModEditor.Common/Mappers/CreditsMapper.cs(52,40): warning CS8603: 可能返回 null 引用。 [/root/WorkSpace/CSharp/BannerlordModEditor/BannerlordModEditor.Common/BannerlordModEditor.Common.csproj]
         /root/WorkSpace/CSharp/BannerlordModEditor/BannerlordModEditor.Common/Mappers/CollisionInfosMapper.cs(45,40): warning CS8603: 可能返回 null 引用。 [/root/WorkSpace/CSharp/BannerlordModEditor/BannerlordModEditor.Common/BannerlordModEditor.Common.csproj]
         /root/WorkSpace/CSharp/BannerlordModEditor/BannerlordModEditor.Common/Mappers/CreditsMapper.cs(63,40): warning CS8603: 可能返回 null 引用。 [/root/WorkSpace/CSharp/BannerlordModEditor/BannerlordModEditor.Common/BannerlordModEditor.Common.csproj]
         /root/WorkSpace/CSharp/BannerlordModEditor/BannerlordModEditor.Common/Mappers/CombatParametersMapper.cs(107,40): warning CS8603: 可能返回 null 引用。 [/root/WorkSpace/CSharp/BannerlordModEditor/BannerlordModEditor.Common/BannerlordModEditor.Common.csproj]
         /root/WorkSpace/CSharp/BannerlordModEditor/BannerlordModEditor.Common/Mappers/PostfxGraphsMapper.cs(208,36): warning CS8603: 可能返回 null 引用。 [/root/WorkSpace/CSharp/BannerlordModEditor/BannerlordModEditor.Common/BannerlordModEditor.Common.csproj]
         /root/WorkSpace/CSharp/BannerlordModEditor/BannerlordModEditor.Common/Mappers/CreditsMapper.cs(70,40): warning CS8603: 可能返回 null 引用。 [/root/WorkSpace/CSharp/BannerlordModEditor/BannerlordModEditor.Common/BannerlordModEditor.Common.csproj]
         /root/WorkSpace/CSharp/BannerlordModEditor/BannerlordModEditor.Common/Mappers/BannerIconsMapper.cs(88,40): warning CS8603: 可能返回 null 引用。 [/root/WorkSpace/CSharp/BannerlordModEditor/BannerlordModEditor.Common/BannerlordModEditor.Common.csproj]
         /root/WorkSpace/CSharp/BannerlordModEditor/BannerlordModEditor.Common/Mappers/CombatParametersMapper.cs(117,40): warning CS8603: 可能返回 null 引用。 [/root/WorkSpace/CSharp/BannerlordModEditor/BannerlordModEditor.Common/BannerlordModEditor.Common.csproj]
         /root/WorkSpace/CSharp/BannerlordModEditor/BannerlordModEditor.Common/Mappers/CreditsMapper.cs(82,40): warning CS8603: 可能返回 null 引用。 [/root/WorkSpace/CSharp/BannerlordModEditor/BannerlordModEditor.Common/BannerlordModEditor.Common.csproj]
         /root/WorkSpace/CSharp/BannerlordModEditor/BannerlordModEditor.Common/Mappers/ItemUsageSetsMapper.cs(12,40): warning CS8603: 可能返回 null 引用。 [/root/WorkSpace/CSharp/BannerlordModEditor/BannerlordModEditor.Common/BannerlordModEditor.Common.csproj]
         /root/WorkSpace/CSharp/BannerlordModEditor/BannerlordModEditor.Common/Mappers/LayoutsBaseMapper.cs(17,40): warning CS8603: 可能返回 null 引用。 [/root/WorkSpace/CSharp/BannerlordModEditor/BannerlordModEditor.Common/BannerlordModEditor.Common.csproj]
         /root/WorkSpace/CSharp/BannerlordModEditor/BannerlordModEditor.Common/Mappers/ItemModifiersMapper.cs(13,40): warning CS8603: 可能返回 null 引用。 [/root/WorkSpace/CSharp/BannerlordModEditor/BannerlordModEditor.Common/BannerlordModEditor.Common.csproj]
         /root/WorkSpace/CSharp/BannerlordModEditor/BannerlordModEditor.Common/Mappers/CollisionInfosMapper.cs(56,40): warning CS8603: 可能返回 null 引用。 [/root/WorkSpace/CSharp/BannerlordModEditor/BannerlordModEditor.Common/BannerlordModEditor.Common.csproj]
         /root/WorkSpace/CSharp/BannerlordModEditor/BannerlordModEditor.Common/Mappers/CombatParametersMapper.cs(128,40): warning CS8603: 可能返回 null 引用。 [/root/WorkSpace/CSharp/BannerlordModEditor/BannerlordModEditor.Common/BannerlordModEditor.Common.csproj]
         /root/WorkSpace/CSharp/BannerlordModEditor/BannerlordModEditor.Common/Mappers/CombatParametersMapper.cs(153,47): warning CS8604: “CustomCollisionCapsuleDO CombatParametersMapper.ToDO(CustomCollisionCapsuleDTO source)”中的形参“source”可能传入 null 引用实参。 [/root/WorkSpace/CSharp/BannerlordModEditor/BannerlordModEditor.Common/BannerlordModEditor.Common.csproj]
         /root/WorkSpace/CSharp/BannerlordModEditor/BannerlordModEditor.Common/Mappers/LayoutsBaseMapper.cs(31,40): warning CS8603: 可能返回 null 引用。 [/root/WorkSpace/CSharp/BannerlordModEditor/BannerlordModEditor.Common/BannerlordModEditor.Common.csproj]
         /root/WorkSpace/CSharp/BannerlordModEditor/BannerlordModEditor.Common/Mappers/CombatParametersMapper.cs(159,40): warning CS8603: 可能返回 null 引用。 [/root/WorkSpace/CSharp/BannerlordModEditor/BannerlordModEditor.Common/BannerlordModEditor.Common.csproj]
         /root/WorkSpace/CSharp/BannerlordModEditor/BannerlordModEditor.Common/Mappers/ItemHolstersMapper.cs(36,24): warning CS8603: 可能返回 null 引用。 [/root/WorkSpace/CSharp/BannerlordModEditor/BannerlordModEditor.Common/BannerlordModEditor.Common.csproj]
         /root/WorkSpace/CSharp/BannerlordModEditor/BannerlordModEditor.Common/Mappers/LayoutsBaseMapper.cs(48,40): warning CS8603: 可能返回 null 引用。 [/root/WorkSpace/CSharp/BannerlordModEditor/BannerlordModEditor.Common/BannerlordModEditor.Common.csproj]
         /root/WorkSpace/CSharp/BannerlordModEditor/BannerlordModEditor.Common/Mappers/CreditsMapper.cs(96,40): warning CS8603: 可能返回 null 引用。 [/root/WorkSpace/CSharp/BannerlordModEditor/BannerlordModEditor.Common/BannerlordModEditor.Common.csproj]
         /root/WorkSpace/CSharp/BannerlordModEditor/BannerlordModEditor.Common/Mappers/ItemUsageSetsMapper.cs(24,40): warning CS8603: 可能返回 null 引用。 [/root/WorkSpace/CSharp/BannerlordModEditor/BannerlordModEditor.Common/BannerlordModEditor.Common.csproj]
         /root/WorkSpace/CSharp/BannerlordModEditor/BannerlordModEditor.Common/Mappers/ItemHolstersMapper.cs(58,24): warning CS8603: 可能返回 null 引用。 [/root/WorkSpace/CSharp/BannerlordModEditor/BannerlordModEditor.Common/BannerlordModEditor.Common.csproj]
         /root/WorkSpace/CSharp/BannerlordModEditor/BannerlordModEditor.Common/Mappers/ItemModifiersMapper.cs(25,40): warning CS8603: 可能返回 null 引用。 [/root/WorkSpace/CSharp/BannerlordModEditor/BannerlordModEditor.Common/BannerlordModEditor.Common.csproj]
         /root/WorkSpace/CSharp/BannerlordModEditor/BannerlordModEditor.Common/Mappers/CraftingTemplatesMapper.cs(109,40): warning CS8603: 可能返回 null 引用。 [/root/WorkSpace/CSharp/BannerlordModEditor/BannerlordModEditor.Common/BannerlordModEditor.Common.csproj]
         /root/WorkSpace/CSharp/BannerlordModEditor/BannerlordModEditor.Common/Mappers/CraftingPiecesMapper.cs(24,40): warning CS8603: 可能返回 null 引用。 [/root/WorkSpace/CSharp/BannerlordModEditor/BannerlordModEditor.Common/BannerlordModEditor.Common.csproj]
         /root/WorkSpace/CSharp/BannerlordModEditor/BannerlordModEditor.Common/Mappers/CollisionInfosMapper.cs(67,40): warning CS8603: 可能返回 null 引用。 [/root/WorkSpace/CSharp/BannerlordModEditor/BannerlordModEditor.Common/BannerlordModEditor.Common.csproj]
         /root/WorkSpace/CSharp/BannerlordModEditor/BannerlordModEditor.Common/Mappers/ItemUsageSetsMapper.cs(36,40): warning CS8603: 可能返回 null 引用。 [/root/WorkSpace/CSharp/BannerlordModEditor/BannerlordModEditor.Common/BannerlordModEditor.Common.csproj]
         /root/WorkSpace/CSharp/BannerlordModEditor/BannerlordModEditor.Common/Mappers/ItemHolstersMapper.cs(69,24): warning CS8603: 可能返回 null 引用。 [/root/WorkSpace/CSharp/BannerlordModEditor/BannerlordModEditor.Common/BannerlordModEditor.Common.csproj]
         /root/WorkSpace/CSharp/BannerlordModEditor/BannerlordModEditor.Common/Mappers/CraftingTemplatesMapper.cs(120,40): warning CS8603: 可能返回 null 引用。 [/root/WorkSpace/CSharp/BannerlordModEditor/BannerlordModEditor.Common/BannerlordModEditor.Common.csproj]
         /root/WorkSpace/CSharp/BannerlordModEditor/BannerlordModEditor.Common/Mappers/ItemModifiersMapper.cs(37,40): warning CS8603: 可能返回 null 引用。 [/root/WorkSpace/CSharp/BannerlordModEditor/BannerlordModEditor.Common/BannerlordModEditor.Common.csproj]
         /root/WorkSpace/CSharp/BannerlordModEditor/BannerlordModEditor.Common/Mappers/ItemHolstersMapper.cs(80,24): warning CS8603: 可能返回 null 引用。 [/root/WorkSpace/CSharp/BannerlordModEditor/BannerlordModEditor.Common/BannerlordModEditor.Common.csproj]
         /root/WorkSpace/CSharp/BannerlordModEditor/BannerlordModEditor.Common/Mappers/PostfxGraphsMapper.cs(169,36): warning CS8603: 可能返回 null 引用。 [/root/WorkSpace/CSharp/BannerlordModEditor/BannerlordModEditor.Common/BannerlordModEditor.Common.csproj]
         /root/WorkSpace/CSharp/BannerlordModEditor/BannerlordModEditor.Common/Mappers/ItemUsageSetsMapper.cs(57,40): warning CS8603: 可能返回 null 引用。 [/root/WorkSpace/CSharp/BannerlordModEditor/BannerlordModEditor.Common/BannerlordModEditor.Common.csproj]
         /root/WorkSpace/CSharp/BannerlordModEditor/BannerlordModEditor.Common/Mappers/PostfxGraphsMapper.cs(181,36): warning CS8603: 可能返回 null 引用。 [/root/WorkSpace/CSharp/BannerlordModEditor/BannerlordModEditor.Common/BannerlordModEditor.Common.csproj]
         /root/WorkSpace/CSharp/BannerlordModEditor/BannerlordModEditor.Common/Mappers/CollisionInfosMapper.cs(78,40): warning CS8603: 可能返回 null 引用。 [/root/WorkSpace/CSharp/BannerlordModEditor/BannerlordModEditor.Common/BannerlordModEditor.Common.csproj]
         /root/WorkSpace/CSharp/BannerlordModEditor/BannerlordModEditor.Common/Mappers/ItemModifiersMapper.cs(63,40): warning CS8603: 可能返回 null 引用。 [/root/WorkSpace/CSharp/BannerlordModEditor/BannerlordModEditor.Common/BannerlordModEditor.Common.csproj]
         /root/WorkSpace/CSharp/BannerlordModEditor/BannerlordModEditor.Common/Mappers/LayoutsBaseMapper.cs(78,40): warning CS8603: 可能返回 null 引用。 [/root/WorkSpace/CSharp/BannerlordModEditor/BannerlordModEditor.Common/BannerlordModEditor.Common.csproj]
         /root/WorkSpace/CSharp/BannerlordModEditor/BannerlordModEditor.Common/Mappers/CraftingPiecesMapper.cs(35,40): warning CS8603: 可能返回 null 引用。 [/root/WorkSpace/CSharp/BannerlordModEditor/BannerlordModEditor.Common/BannerlordModEditor.Common.csproj]
         /root/WorkSpace/CSharp/BannerlordModEditor/BannerlordModEditor.Common/Mappers/LayoutsBaseMapper.cs(120,40): warning CS8603: 可能返回 null 引用。 [/root/WorkSpace/CSharp/BannerlordModEditor/BannerlordModEditor.Common/BannerlordModEditor.Common.csproj]
         /root/WorkSpace/CSharp/BannerlordModEditor/BannerlordModEditor.Common/Mappers/LayoutsBaseMapper.cs(96,40): warning CS8603: 可能返回 null 引用。 [/root/WorkSpace/CSharp/BannerlordModEditor/BannerlordModEditor.Common/BannerlordModEditor.Common.csproj]
         /root/WorkSpace/CSharp/BannerlordModEditor/BannerlordModEditor.Common/Mappers/CraftingTemplatesMapper.cs(155,40): warning CS8603: 可能返回 null 引用。 [/root/WorkSpace/CSharp/BannerlordModEditor/BannerlordModEditor.Common/BannerlordModEditor.Common.csproj]
         /root/WorkSpace/CSharp/BannerlordModEditor/BannerlordModEditor.Common/Mappers/LayoutsBaseMapper.cs(150,40): warning CS8603: 可能返回 null 引用。 [/root/WorkSpace/CSharp/BannerlordModEditor/BannerlordModEditor.Common/BannerlordModEditor.Common.csproj]
         /root/WorkSpace/CSharp/BannerlordModEditor/BannerlordModEditor.Common/Mappers/CollisionInfosMapper.cs(89,40): warning CS8603: 可能返回 null 引用。 [/root/WorkSpace/CSharp/BannerlordModEditor/BannerlordModEditor.Common/BannerlordModEditor.Common.csproj]
         /root/WorkSpace/CSharp/BannerlordModEditor/BannerlordModEditor.Common/Mappers/PostfxGraphsMapper.cs(142,36): warning CS8603: 可能返回 null 引用。 [/root/WorkSpace/CSharp/BannerlordModEditor/BannerlordModEditor.Common/BannerlordModEditor.Common.csproj]
         /root/WorkSpace/CSharp/BannerlordModEditor/BannerlordModEditor.Common/Mappers/CraftingTemplatesMapper.cs(165,40): warning CS8603: 可能返回 null 引用。 [/root/WorkSpace/CSharp/BannerlordModEditor/BannerlordModEditor.Common/BannerlordModEditor.Common.csproj]
         /root/WorkSpace/CSharp/BannerlordModEditor/BannerlordModEditor.Common/Mappers/LayoutsBaseMapper.cs(208,40): warning CS8603: 可能返回 null 引用。 [/root/WorkSpace/CSharp/BannerlordModEditor/BannerlordModEditor.Common/BannerlordModEditor.Common.csproj]
         /root/WorkSpace/CSharp/BannerlordModEditor/BannerlordModEditor.Common/Mappers/CreditsMapper.cs(107,40): warning CS8603: 可能返回 null 引用。 [/root/WorkSpace/CSharp/BannerlordModEditor/BannerlordModEditor.Common/BannerlordModEditor.Common.csproj]
         /root/WorkSpace/CSharp/BannerlordModEditor/BannerlordModEditor.Common/Mappers/LayoutsBaseMapper.cs(161,40): warning CS8603: 可能返回 null 引用。 [/root/WorkSpace/CSharp/BannerlordModEditor/BannerlordModEditor.Common/BannerlordModEditor.Common.csproj]
         /root/WorkSpace/CSharp/BannerlordModEditor/BannerlordModEditor.Common/Mappers/PostfxGraphsMapper.cs(154,36): warning CS8603: 可能返回 null 引用。 [/root/WorkSpace/CSharp/BannerlordModEditor/BannerlordModEditor.Common/BannerlordModEditor.Common.csproj]
         /root/WorkSpace/CSharp/BannerlordModEditor/BannerlordModEditor.Common/Mappers/CraftingPiecesMapper.cs(47,40): warning CS8603: 可能返回 null 引用。 [/root/WorkSpace/CSharp/BannerlordModEditor/BannerlordModEditor.Common/BannerlordModEditor.Common.csproj]
         /root/WorkSpace/CSharp/BannerlordModEditor/BannerlordModEditor.Common/Mappers/LayoutsBaseMapper.cs(220,40): warning CS8603: 可能返回 null 引用。 [/root/WorkSpace/CSharp/BannerlordModEditor/BannerlordModEditor.Common/BannerlordModEditor.Common.csproj]
         /root/WorkSpace/CSharp/BannerlordModEditor/BannerlordModEditor.Common/Mappers/LayoutsBaseMapper.cs(132,40): warning CS8603: 可能返回 null 引用。 [/root/WorkSpace/CSharp/BannerlordModEditor/BannerlordModEditor.Common/BannerlordModEditor.Common.csproj]
         /root/WorkSpace/CSharp/BannerlordModEditor/BannerlordModEditor.Common/Mappers/LayoutsBaseMapper.cs(178,40): warning CS8603: 可能返回 null 引用。 [/root/WorkSpace/CSharp/BannerlordModEditor/BannerlordModEditor.Common/BannerlordModEditor.Common.csproj]
         /root/WorkSpace/CSharp/BannerlordModEditor/BannerlordModEditor.Common/Mappers/CraftingTemplatesMapper.cs(175,40): warning CS8603: 可能返回 null 引用。 [/root/WorkSpace/CSharp/BannerlordModEditor/BannerlordModEditor.Common/BannerlordModEditor.Common.csproj]
         /root/WorkSpace/CSharp/BannerlordModEditor/BannerlordModEditor.Common/Mappers/CreditsMapper.cs(141,40): warning CS8603: 可能返回 null 引用。 [/root/WorkSpace/CSharp/BannerlordModEditor/BannerlordModEditor.Common/BannerlordModEditor.Common.csproj]
         /root/WorkSpace/CSharp/BannerlordModEditor/BannerlordModEditor.Common/Mappers/CollisionInfosMapper.cs(100,40): warning CS8603: 可能返回 null 引用。 [/root/WorkSpace/CSharp/BannerlordModEditor/BannerlordModEditor.Common/BannerlordModEditor.Common.csproj]
         /root/WorkSpace/CSharp/BannerlordModEditor/BannerlordModEditor.Common/Mappers/LayoutsBaseMapper.cs(238,40): warning CS8603: 可能返回 null 引用。 [/root/WorkSpace/CSharp/BannerlordModEditor/BannerlordModEditor.Common/BannerlordModEditor.Common.csproj]
         /root/WorkSpace/CSharp/BannerlordModEditor/BannerlordModEditor.Common/Mappers/LayoutsBaseMapper.cs(190,40): warning CS8603: 可能返回 null 引用。 [/root/WorkSpace/CSharp/BannerlordModEditor/BannerlordModEditor.Common/BannerlordModEditor.Common.csproj]
         /root/WorkSpace/CSharp/BannerlordModEditor/BannerlordModEditor.Common/Mappers/LayoutsBaseMapper.cs(60,40): warning CS8603: 可能返回 null 引用。 [/root/WorkSpace/CSharp/BannerlordModEditor/BannerlordModEditor.Common/BannerlordModEditor.Common.csproj]
         /root/WorkSpace/CSharp/BannerlordModEditor/BannerlordModEditor.Common/Mappers/LayoutsBaseMapper.cs(248,40): warning CS8603: 可能返回 null 引用。 [/root/WorkSpace/CSharp/BannerlordModEditor/BannerlordModEditor.Common/BannerlordModEditor.Common.csproj]
         /root/WorkSpace/CSharp/BannerlordModEditor/BannerlordModEditor.Common/Mappers/CraftingPiecesMapper.cs(59,40): warning CS8603: 可能返回 null 引用。 [/root/WorkSpace/CSharp/BannerlordModEditor/BannerlordModEditor.Common/BannerlordModEditor.Common.csproj]
         /root/WorkSpace/CSharp/BannerlordModEditor/BannerlordModEditor.Common/Mappers/LayoutsBaseMapper.cs(264,40): warning CS8603: 可能返回 null 引用。 [/root/WorkSpace/CSharp/BannerlordModEditor/BannerlordModEditor.Common/BannerlordModEditor.Common.csproj]
         /root/WorkSpace/CSharp/BannerlordModEditor/BannerlordModEditor.Common/Mappers/LayoutsBaseMapper.cs(294,40): warning CS8603: 可能返回 null 引用。 [/root/WorkSpace/CSharp/BannerlordModEditor/BannerlordModEditor.Common/BannerlordModEditor.Common.csproj]
         /root/WorkSpace/CSharp/BannerlordModEditor/BannerlordModEditor.Common/Mappers/CollisionInfosMapper.cs(112,40): warning CS8603: 可能返回 null 引用。 [/root/WorkSpace/CSharp/BannerlordModEditor/BannerlordModEditor.Common/BannerlordModEditor.Common.csproj]
         /root/WorkSpace/CSharp/BannerlordModEditor/BannerlordModEditor.Common/Mappers/LayoutsBaseMapper.cs(322,40): warning CS8603: 可能返回 null 引用。 [/root/WorkSpace/CSharp/BannerlordModEditor/BannerlordModEditor.Common/BannerlordModEditor.Common.csproj]
         /root/WorkSpace/CSharp/BannerlordModEditor/BannerlordModEditor.Common/Mappers/LayoutsBaseMapper.cs(305,40): warning CS8603: 可能返回 null 引用。 [/root/WorkSpace/CSharp/BannerlordModEditor/BannerlordModEditor.Common/BannerlordModEditor.Common.csproj]
         /root/WorkSpace/CSharp/BannerlordModEditor/BannerlordModEditor.Common/Mappers/LayoutsBaseMapper.cs(352,40): warning CS8603: 可能返回 null 引用。 [/root/WorkSpace/CSharp/BannerlordModEditor/BannerlordModEditor.Common/BannerlordModEditor.Common.csproj]
         /root/WorkSpace/CSharp/BannerlordModEditor/BannerlordModEditor.Common/Mappers/LayoutsBaseMapper.cs(276,40): warning CS8603: 可能返回 null 引用。 [/root/WorkSpace/CSharp/BannerlordModEditor/BannerlordModEditor.Common/BannerlordModEditor.Common.csproj]
         /root/WorkSpace/CSharp/BannerlordModEditor/BannerlordModEditor.Common/Mappers/CollisionInfosMapper.cs(124,40): warning CS8603: 可能返回 null 引用。 [/root/WorkSpace/CSharp/BannerlordModEditor/BannerlordModEditor.Common/BannerlordModEditor.Common.csproj]
         /root/WorkSpace/CSharp/BannerlordModEditor/BannerlordModEditor.Common/Mappers/LayoutsBaseMapper.cs(420,40): warning CS8603: 可能返回 null 引用。 [/root/WorkSpace/CSharp/BannerlordModEditor/BannerlordModEditor.Common/BannerlordModEditor.Common.csproj]
         /root/WorkSpace/CSharp/BannerlordModEditor/BannerlordModEditor.Common/Mappers/LayoutsBaseMapper.cs(390,40): warning CS8603: 可能返回 null 引用。 [/root/WorkSpace/CSharp/BannerlordModEditor/BannerlordModEditor.Common/BannerlordModEditor.Common.csproj]
         /root/WorkSpace/CSharp/BannerlordModEditor/BannerlordModEditor.Common/Mappers/CraftingPiecesMapper.cs(85,40): warning CS8603: 可能返回 null 引用。 [/root/WorkSpace/CSharp/BannerlordModEditor/BannerlordModEditor.Common/BannerlordModEditor.Common.csproj]
         /root/WorkSpace/CSharp/BannerlordModEditor/BannerlordModEditor.Common/Mappers/PostfxGraphsMapper.cs(92,36): warning CS8603: 可能返回 null 引用。 [/root/WorkSpace/CSharp/BannerlordModEditor/BannerlordModEditor.Common/BannerlordModEditor.Common.csproj]
         /root/WorkSpace/CSharp/BannerlordModEditor/BannerlordModEditor.Common/Mappers/LayoutsBaseMapper.cs(431,40): warning CS8603: 可能返回 null 引用。 [/root/WorkSpace/CSharp/BannerlordModEditor/BannerlordModEditor.Common/BannerlordModEditor.Common.csproj]
         /root/WorkSpace/CSharp/BannerlordModEditor/BannerlordModEditor.Common/Mappers/LayoutsBaseMapper.cs(334,40): warning CS8603: 可能返回 null 引用。 [/root/WorkSpace/CSharp/BannerlordModEditor/BannerlordModEditor.Common/BannerlordModEditor.Common.csproj]
         /root/WorkSpace/CSharp/BannerlordModEditor/BannerlordModEditor.Common/Mappers/LayoutsBaseMapper.cs(368,40): warning CS8603: 可能返回 null 引用。 [/root/WorkSpace/CSharp/BannerlordModEditor/BannerlordModEditor.Common/BannerlordModEditor.Common.csproj]
         /root/WorkSpace/CSharp/BannerlordModEditor/BannerlordModEditor.Common/Mappers/CollisionInfosMapper.cs(143,40): warning CS8603: 可能返回 null 引用。 [/root/WorkSpace/CSharp/BannerlordModEditor/BannerlordModEditor.Common/BannerlordModEditor.Common.csproj]
         /root/WorkSpace/CSharp/BannerlordModEditor/BannerlordModEditor.Common/Mappers/LooknfeelMapper.cs(12,40): warning CS8603: 可能返回 null 引用。 [/root/WorkSpace/CSharp/BannerlordModEditor/BannerlordModEditor.Common/BannerlordModEditor.Common.csproj]
         /root/WorkSpace/CSharp/BannerlordModEditor/BannerlordModEditor.Common/Mappers/LayoutsBaseMapper.cs(402,40): warning CS8603: 可能返回 null 引用。 [/root/WorkSpace/CSharp/BannerlordModEditor/BannerlordModEditor.Common/BannerlordModEditor.Common.csproj]
         /root/WorkSpace/CSharp/BannerlordModEditor/BannerlordModEditor.Common/Mappers/LooknfeelMapper.cs(24,40): warning CS8603: 可能返回 null 引用。 [/root/WorkSpace/CSharp/BannerlordModEditor/BannerlordModEditor.Common/BannerlordModEditor.Common.csproj]
         /root/WorkSpace/CSharp/BannerlordModEditor/BannerlordModEditor.Common/Mappers/LooknfeelMapper.cs(39,40): warning CS8603: 可能返回 null 引用。 [/root/WorkSpace/CSharp/BannerlordModEditor/BannerlordModEditor.Common/BannerlordModEditor.Common.csproj]
         /root/WorkSpace/CSharp/BannerlordModEditor/BannerlordModEditor.Common/Mappers/PostfxGraphsMapper.cs(115,36): warning CS8603: 可能返回 null 引用。 [/root/WorkSpace/CSharp/BannerlordModEditor/BannerlordModEditor.Common/BannerlordModEditor.Common.csproj]
         /root/WorkSpace/CSharp/BannerlordModEditor/BannerlordModEditor.Common/Mappers/LooknfeelMapper.cs(66,40): warning CS8603: 可能返回 null 引用。 [/root/WorkSpace/CSharp/BannerlordModEditor/BannerlordModEditor.Common/BannerlordModEditor.Common.csproj]
         /root/WorkSpace/CSharp/BannerlordModEditor/BannerlordModEditor.Common/Mappers/LooknfeelMapper.cs(51,40): warning CS8603: 可能返回 null 引用。 [/root/WorkSpace/CSharp/BannerlordModEditor/BannerlordModEditor.Common/BannerlordModEditor.Common.csproj]
         /root/WorkSpace/CSharp/BannerlordModEditor/BannerlordModEditor.Common/Mappers/CreditsMapper.cs(153,40): warning CS8603: 可能返回 null 引用。 [/root/WorkSpace/CSharp/BannerlordModEditor/BannerlordModEditor.Common/BannerlordModEditor.Common.csproj]
         /root/WorkSpace/CSharp/BannerlordModEditor/BannerlordModEditor.Common/Mappers/CraftingTemplatesMapper.cs(188,40): warning CS8603: 可能返回 null 引用。 [/root/WorkSpace/CSharp/BannerlordModEditor/BannerlordModEditor.Common/BannerlordModEditor.Common.csproj]
         /root/WorkSpace/CSharp/BannerlordModEditor/BannerlordModEditor.Common/Mappers/CreditsMapper.cs(164,40): warning CS8603: 可能返回 null 引用。 [/root/WorkSpace/CSharp/BannerlordModEditor/BannerlordModEditor.Common/BannerlordModEditor.Common.csproj]
         /root/WorkSpace/CSharp/BannerlordModEditor/BannerlordModEditor.Common/Mappers/ItemUsageSetsMapper.cs(104,40): warning CS8603: 可能返回 null 引用。 [/root/WorkSpace/CSharp/BannerlordModEditor/BannerlordModEditor.Common/BannerlordModEditor.Common.csproj]
         /root/WorkSpace/CSharp/BannerlordModEditor/BannerlordModEditor.Common/Mappers/CraftingTemplatesMapper.cs(201,40): warning CS8603: 可能返回 null 引用。 [/root/WorkSpace/CSharp/BannerlordModEditor/BannerlordModEditor.Common/BannerlordModEditor.Common.csproj]
         /root/WorkSpace/CSharp/BannerlordModEditor/BannerlordModEditor.Common/Mappers/LooknfeelMapper.cs(232,40): warning CS8603: 可能返回 null 引用。 [/root/WorkSpace/CSharp/BannerlordModEditor/BannerlordModEditor.Common/BannerlordModEditor.Common.csproj]
         /root/WorkSpace/CSharp/BannerlordModEditor/BannerlordModEditor.Common/Mappers/CreditsMapper.cs(171,40): warning CS8603: 可能返回 null 引用。 [/root/WorkSpace/CSharp/BannerlordModEditor/BannerlordModEditor.Common/BannerlordModEditor.Common.csproj]
         /root/WorkSpace/CSharp/BannerlordModEditor/BannerlordModEditor.Common/Mappers/CraftingTemplatesMapper.cs(212,40): warning CS8603: 可能返回 null 引用。 [/root/WorkSpace/CSharp/BannerlordModEditor/BannerlordModEditor.Common/BannerlordModEditor.Common.csproj]
         /root/WorkSpace/CSharp/BannerlordModEditor/BannerlordModEditor.Common/Mappers/ItemUsageSetsMapper.cs(117,40): warning CS8603: 可能返回 null 引用。 [/root/WorkSpace/CSharp/BannerlordModEditor/BannerlordModEditor.Common/BannerlordModEditor.Common.csproj]
         /root/WorkSpace/CSharp/BannerlordModEditor/BannerlordModEditor.Common/Mappers/CreditsMapper.cs(183,40): warning CS8603: 可能返回 null 引用。 [/root/WorkSpace/CSharp/BannerlordModEditor/BannerlordModEditor.Common/BannerlordModEditor.Common.csproj]
         /root/WorkSpace/CSharp/BannerlordModEditor/BannerlordModEditor.Common/Mappers/LooknfeelMapper.cs(245,40): warning CS8603: 可能返回 null 引用。 [/root/WorkSpace/CSharp/BannerlordModEditor/BannerlordModEditor.Common/BannerlordModEditor.Common.csproj]
         /root/WorkSpace/CSharp/BannerlordModEditor/BannerlordModEditor.Common/Services/HybridXml/IHybridXmlServices.cs(319,52): warning CS8604: “XmlNode? XmlNode.SelectSingleNode(string xpath)”中的形参“xpath”可能传入 null 引用实参。 [/root/WorkSpace/CSharp/BannerlordModEditor/BannerlordModEditor.Common/BannerlordModEditor.Common.csproj]
         /root/WorkSpace/CSharp/BannerlordModEditor/BannerlordModEditor.Common/Mappers/LooknfeelMapper.cs(116,40): warning CS8603: 可能返回 null 引用。 [/root/WorkSpace/CSharp/BannerlordModEditor/BannerlordModEditor.Common/BannerlordModEditor.Common.csproj]
         /root/WorkSpace/CSharp/BannerlordModEditor/BannerlordModEditor.Common/Mappers/CraftingPiecesMapper.cs(181,40): warning CS8603: 可能返回 null 引用。 [/root/WorkSpace/CSharp/BannerlordModEditor/BannerlordModEditor.Common/BannerlordModEditor.Common.csproj]
         /root/WorkSpace/CSharp/BannerlordModEditor/BannerlordModEditor.Common/Mappers/LooknfeelMapper.cs(261,40): warning CS8603: 可能返回 null 引用。 [/root/WorkSpace/CSharp/BannerlordModEditor/BannerlordModEditor.Common/BannerlordModEditor.Common.csproj]
         /root/WorkSpace/CSharp/BannerlordModEditor/BannerlordModEditor.Common/Mappers/CraftingPiecesMapper.cs(193,40): warning CS8603: 可能返回 null 引用。 [/root/WorkSpace/CSharp/BannerlordModEditor/BannerlordModEditor.Common/BannerlordModEditor.Common.csproj]
         /root/WorkSpace/CSharp/BannerlordModEditor/BannerlordModEditor.Common/Mappers/MapIconsMapper.cs(15,40): warning CS8603: 可能返回 null 引用。 [/root/WorkSpace/CSharp/BannerlordModEditor/BannerlordModEditor.Common/BannerlordModEditor.Common.csproj]
         /root/WorkSpace/CSharp/BannerlordModEditor/BannerlordModEditor.Common/Mappers/LooknfeelMapper.cs(273,40): warning CS8603: 可能返回 null 引用。 [/root/WorkSpace/CSharp/BannerlordModEditor/BannerlordModEditor.Common/BannerlordModEditor.Common.csproj]
         /root/WorkSpace/CSharp/BannerlordModEditor/BannerlordModEditor.Common/Mappers/MapIconsMapper.cs(26,40): warning CS8603: 可能返回 null 引用。 [/root/WorkSpace/CSharp/BannerlordModEditor/BannerlordModEditor.Common/BannerlordModEditor.Common.csproj]
         /root/WorkSpace/CSharp/BannerlordModEditor/BannerlordModEditor.Common/Mappers/CraftingTemplatesMapper.cs(247,40): warning CS8603: 可能返回 null 引用。 [/root/WorkSpace/CSharp/BannerlordModEditor/BannerlordModEditor.Common/BannerlordModEditor.Common.csproj]
         /root/WorkSpace/CSharp/BannerlordModEditor/BannerlordModEditor.Common/Mappers/ItemUsageSetsMapper.cs(154,40): warning CS8603: 可能返回 null 引用。 [/root/WorkSpace/CSharp/BannerlordModEditor/BannerlordModEditor.Common/BannerlordModEditor.Common.csproj]
         /root/WorkSpace/CSharp/BannerlordModEditor/BannerlordModEditor.Common/Mappers/LooknfeelMapper.cs(288,40): warning CS8603: 可能返回 null 引用。 [/root/WorkSpace/CSharp/BannerlordModEditor/BannerlordModEditor.Common/BannerlordModEditor.Common.csproj]
         /root/WorkSpace/CSharp/BannerlordModEditor/BannerlordModEditor.Common/Mappers/MapIconsMapper.cs(36,40): warning CS8603: 可能返回 null 引用。 [/root/WorkSpace/CSharp/BannerlordModEditor/BannerlordModEditor.Common/BannerlordModEditor.Common.csproj]
         /root/WorkSpace/CSharp/BannerlordModEditor/BannerlordModEditor.Common/Mappers/CraftingTemplatesMapper.cs(258,40): warning CS8603: 可能返回 null 引用。 [/root/WorkSpace/CSharp/BannerlordModEditor/BannerlordModEditor.Common/BannerlordModEditor.Common.csproj]
         /root/WorkSpace/CSharp/BannerlordModEditor/BannerlordModEditor.Common/Mappers/ItemUsageSetsMapper.cs(165,40): warning CS8603: 可能返回 null 引用。 [/root/WorkSpace/CSharp/BannerlordModEditor/BannerlordModEditor.Common/BannerlordModEditor.Common.csproj]
         /root/WorkSpace/CSharp/BannerlordModEditor/BannerlordModEditor.Common/Mappers/MapIconsMapper.cs(57,40): warning CS8603: 可能返回 null 引用。 [/root/WorkSpace/CSharp/BannerlordModEditor/BannerlordModEditor.Common/BannerlordModEditor.Common.csproj]
         /root/WorkSpace/CSharp/BannerlordModEditor/BannerlordModEditor.Common/Mappers/MapIconsMapper.cs(68,40): warning CS8603: 可能返回 null 引用。 [/root/WorkSpace/CSharp/BannerlordModEditor/BannerlordModEditor.Common/BannerlordModEditor.Common.csproj]
         /root/WorkSpace/CSharp/BannerlordModEditor/BannerlordModEditor.Common/Mappers/MapIconsMapper.cs(78,40): warning CS8603: 可能返回 null 引用。 [/root/WorkSpace/CSharp/BannerlordModEditor/BannerlordModEditor.Common/BannerlordModEditor.Common.csproj]
         /root/WorkSpace/CSharp/BannerlordModEditor/BannerlordModEditor.Common/Mappers/CraftingPiecesMapper.cs(229,40): warning CS8603: 可能返回 null 引用。 [/root/WorkSpace/CSharp/BannerlordModEditor/BannerlordModEditor.Common/BannerlordModEditor.Common.csproj]
         /root/WorkSpace/CSharp/BannerlordModEditor/BannerlordModEditor.Common/Mappers/MonsterUsageSetsMapper.cs(10,36): warning CS8603: 可能返回 null 引用。 [/root/WorkSpace/CSharp/BannerlordModEditor/BannerlordModEditor.Common/BannerlordModEditor.Common.csproj]
         /root/WorkSpace/CSharp/BannerlordModEditor/BannerlordModEditor.Common/Mappers/ItemUsageSetsMapper.cs(200,40): warning CS8603: 可能返回 null 引用。 [/root/WorkSpace/CSharp/BannerlordModEditor/BannerlordModEditor.Common/BannerlordModEditor.Common.csproj]
         /root/WorkSpace/CSharp/BannerlordModEditor/BannerlordModEditor.Common/Mappers/MpcosmeticsMapper.cs(39,40): warning CS8603: 可能返回 null 引用。 [/root/WorkSpace/CSharp/BannerlordModEditor/BannerlordModEditor.Common/BannerlordModEditor.Common.csproj]
         /root/WorkSpace/CSharp/BannerlordModEditor/BannerlordModEditor.Common/Mappers/MpcosmeticsMapper.cs(47,47): warning CS8604: “ReplaceDTO ReplaceMapper.ToDTO(ReplaceDO source)”中的形参“source”可能传入 null 引用实参。 [/root/WorkSpace/CSharp/BannerlordModEditor/BannerlordModEditor.Common/BannerlordModEditor.Common.csproj]
         /root/WorkSpace/CSharp/BannerlordModEditor/BannerlordModEditor.Common/Mappers/MonsterUsageSetsMapper.cs(23,36): warning CS8603: 可能返回 null 引用。 [/root/WorkSpace/CSharp/BannerlordModEditor/BannerlordModEditor.Common/BannerlordModEditor.Common.csproj]
         /root/WorkSpace/CSharp/BannerlordModEditor/BannerlordModEditor.Common/Mappers/MpcosmeticsMapper.cs(12,40): warning CS8603: 可能返回 null 引用。 [/root/WorkSpace/CSharp/BannerlordModEditor/BannerlordModEditor.Common/BannerlordModEditor.Common.csproj]
         /root/WorkSpace/CSharp/BannerlordModEditor/BannerlordModEditor.Common/Mappers/MPClassDivisionsMapper.cs(10,36): warning CS8603: 可能返回 null 引用。 [/root/WorkSpace/CSharp/BannerlordModEditor/BannerlordModEditor.Common/BannerlordModEditor.Common.csproj]
         /root/WorkSpace/CSharp/BannerlordModEditor/BannerlordModEditor.Common/Mappers/MonsterUsageSetsMapper.cs(36,36): warning CS8603: 可能返回 null 引用。 [/root/WorkSpace/CSharp/BannerlordModEditor/BannerlordModEditor.Common/BannerlordModEditor.Common.csproj]
         /root/WorkSpace/CSharp/BannerlordModEditor/BannerlordModEditor.Common/Mappers/MpcosmeticsMapper.cs(53,40): warning CS8603: 可能返回 null 引用。 [/root/WorkSpace/CSharp/BannerlordModEditor/BannerlordModEditor.Common/BannerlordModEditor.Common.csproj]
         /root/WorkSpace/CSharp/BannerlordModEditor/BannerlordModEditor.Common/Mappers/MpcosmeticsMapper.cs(61,46): warning CS8604: “ReplaceDO ReplaceMapper.ToDO(ReplaceDTO source)”中的形参“source”可能传入 null 引用实参。 [/root/WorkSpace/CSharp/BannerlordModEditor/BannerlordModEditor.Common/BannerlordModEditor.Common.csproj]
         /root/WorkSpace/CSharp/BannerlordModEditor/BannerlordModEditor.Common/Mappers/ItemUsageSetsMapper.cs(222,40): warning CS8603: 可能返回 null 引用。 [/root/WorkSpace/CSharp/BannerlordModEditor/BannerlordModEditor.Common/BannerlordModEditor.Common.csproj]
         /root/WorkSpace/CSharp/BannerlordModEditor/BannerlordModEditor.Common/Mappers/MpcosmeticsMapper.cs(70,40): warning CS8603: 可能返回 null 引用。 [/root/WorkSpace/CSharp/BannerlordModEditor/BannerlordModEditor.Common/BannerlordModEditor.Common.csproj]
         /root/WorkSpace/CSharp/BannerlordModEditor/BannerlordModEditor.Common/Mappers/PostfxGraphsMapper.cs(63,36): warning CS8603: 可能返回 null 引用。 [/root/WorkSpace/CSharp/BannerlordModEditor/BannerlordModEditor.Common/BannerlordModEditor.Common.csproj]
         /root/WorkSpace/CSharp/BannerlordModEditor/BannerlordModEditor.Common/Mappers/CraftingPiecesMapper.cs(242,40): warning CS8603: 可能返回 null 引用。 [/root/WorkSpace/CSharp/BannerlordModEditor/BannerlordModEditor.Common/BannerlordModEditor.Common.csproj]
         /root/WorkSpace/CSharp/BannerlordModEditor/BannerlordModEditor.Common/Mappers/MpcosmeticsMapper.cs(24,40): warning CS8603: 可能返回 null 引用。 [/root/WorkSpace/CSharp/BannerlordModEditor/BannerlordModEditor.Common/BannerlordModEditor.Common.csproj]
         /root/WorkSpace/CSharp/BannerlordModEditor/BannerlordModEditor.Common/Mappers/MonsterUsageSetsMapper.cs(53,36): warning CS8603: 可能返回 null 引用。 [/root/WorkSpace/CSharp/BannerlordModEditor/BannerlordModEditor.Common/BannerlordModEditor.Common.csproj]
         /root/WorkSpace/CSharp/BannerlordModEditor/BannerlordModEditor.Common/Mappers/PostfxGraphsMapper.cs(76,36): warning CS8603: 可能返回 null 引用。 [/root/WorkSpace/CSharp/BannerlordModEditor/BannerlordModEditor.Common/BannerlordModEditor.Common.csproj]
         /root/WorkSpace/CSharp/BannerlordModEditor/BannerlordModEditor.Common/Mappers/MpcosmeticsMapper.cs(85,40): warning CS8603: 可能返回 null 引用。 [/root/WorkSpace/CSharp/BannerlordModEditor/BannerlordModEditor.Common/BannerlordModEditor.Common.csproj]
         /root/WorkSpace/CSharp/BannerlordModEditor/BannerlordModEditor.Common/Mappers/MPClassDivisionsMapper.cs(22,36): warning CS8603: 可能返回 null 引用。 [/root/WorkSpace/CSharp/BannerlordModEditor/BannerlordModEditor.Common/BannerlordModEditor.Common.csproj]
         /root/WorkSpace/CSharp/BannerlordModEditor/BannerlordModEditor.Common/Mappers/MpcosmeticsMapper.cs(103,40): warning CS8603: 可能返回 null 引用。 [/root/WorkSpace/CSharp/BannerlordModEditor/BannerlordModEditor.Common/BannerlordModEditor.Common.csproj]
         /root/WorkSpace/CSharp/BannerlordModEditor/BannerlordModEditor.Common/Mappers/MpcosmeticsMapper.cs(113,40): warning CS8603: 可能返回 null 引用。 [/root/WorkSpace/CSharp/BannerlordModEditor/BannerlordModEditor.Common/BannerlordModEditor.Common.csproj]
         /root/WorkSpace/CSharp/BannerlordModEditor/BannerlordModEditor.Common/Mappers/MPClassDivisionsMapper.cs(34,36): warning CS8603: 可能返回 null 引用。 [/root/WorkSpace/CSharp/BannerlordModEditor/BannerlordModEditor.Common/BannerlordModEditor.Common.csproj]
         /root/WorkSpace/CSharp/BannerlordModEditor/BannerlordModEditor.Common/Mappers/PostfxGraphsMapper.cs(36,36): warning CS8603: 可能返回 null 引用。 [/root/WorkSpace/CSharp/BannerlordModEditor/BannerlordModEditor.Common/BannerlordModEditor.Common.csproj]
         /root/WorkSpace/CSharp/BannerlordModEditor/BannerlordModEditor.Common/Mappers/LooknfeelMapper.cs(169,40): warning CS8603: 可能返回 null 引用。 [/root/WorkSpace/CSharp/BannerlordModEditor/BannerlordModEditor.Common/BannerlordModEditor.Common.csproj]
         /root/WorkSpace/CSharp/BannerlordModEditor/BannerlordModEditor.Common/Mappers/MpcosmeticsMapper.cs(126,40): warning CS8603: 可能返回 null 引用。 [/root/WorkSpace/CSharp/BannerlordModEditor/BannerlordModEditor.Common/BannerlordModEditor.Common.csproj]
         /root/WorkSpace/CSharp/BannerlordModEditor/BannerlordModEditor.Common/Mappers/ItemUsageSetsMapper.cs(268,40): warning CS8603: 可能返回 null 引用。 [/root/WorkSpace/CSharp/BannerlordModEditor/BannerlordModEditor.Common/BannerlordModEditor.Common.csproj]
         /root/WorkSpace/CSharp/BannerlordModEditor/BannerlordModEditor.Common/Mappers/MpcosmeticsMapper.cs(137,40): warning CS8603: 可能返回 null 引用。 [/root/WorkSpace/CSharp/BannerlordModEditor/BannerlordModEditor.Common/BannerlordModEditor.Common.csproj]
         /root/WorkSpace/CSharp/BannerlordModEditor/BannerlordModEditor.Common/Mappers/ItemUsageSetsMapper.cs(278,40): warning CS8603: 可能返回 null 引用。 [/root/WorkSpace/CSharp/BannerlordModEditor/BannerlordModEditor.Common/BannerlordModEditor.Common.csproj]
         /root/WorkSpace/CSharp/BannerlordModEditor/BannerlordModEditor.Common/Mappers/MPClassDivisionsMapper.cs(59,36): warning CS8603: 可能返回 null 引用。 [/root/WorkSpace/CSharp/BannerlordModEditor/BannerlordModEditor.Common/BannerlordModEditor.Common.csproj]
         /root/WorkSpace/CSharp/BannerlordModEditor/BannerlordModEditor.Common/Mappers/CraftingPiecesMapper.cs(279,40): warning CS8603: 可能返回 null 引用。 [/root/WorkSpace/CSharp/BannerlordModEditor/BannerlordModEditor.Common/BannerlordModEditor.Common.csproj]
         /root/WorkSpace/CSharp/BannerlordModEditor/BannerlordModEditor.Common/Mappers/CraftingPiecesMapper.cs(290,40): warning CS8603: 可能返回 null 引用。 [/root/WorkSpace/CSharp/BannerlordModEditor/BannerlordModEditor.Common/BannerlordModEditor.Common.csproj]
         /root/WorkSpace/CSharp/BannerlordModEditor/BannerlordModEditor.Common/Mappers/PostfxGraphsMapper.cs(48,36): warning CS8603: 可能返回 null 引用。 [/root/WorkSpace/CSharp/BannerlordModEditor/BannerlordModEditor.Common/BannerlordModEditor.Common.csproj]
         /root/WorkSpace/CSharp/BannerlordModEditor/BannerlordModEditor.Common/Models/Data/ActionSetsData.cs(11,32): warning CS8618: 在退出构造函数时，不可为 null 的 属性 "ActionSets" 必须包含非 null 值。请考虑添加 "required" 修饰符或将该 属性 声明为可为 null。 [/root/WorkSpace/CSharp/BannerlordModEditor/BannerlordModEditor.Common/BannerlordModEditor.Common.csproj]
         /root/WorkSpace/CSharp/BannerlordModEditor/BannerlordModEditor.Common/Mappers/LooknfeelMapper.cs(317,40): warning CS8603: 可能返回 null 引用。 [/root/WorkSpace/CSharp/BannerlordModEditor/BannerlordModEditor.Common/BannerlordModEditor.Common.csproj]
         /root/WorkSpace/CSharp/BannerlordModEditor/BannerlordModEditor.Common/Mappers/PostfxGraphsMapper.cs(10,36): warning CS8603: 可能返回 null 引用。 [/root/WorkSpace/CSharp/BannerlordModEditor/BannerlordModEditor.Common/BannerlordModEditor.Common.csproj]
         /root/WorkSpace/CSharp/BannerlordModEditor/BannerlordModEditor.Common/Mappers/MPClassDivisionsMapper.cs(85,36): warning CS8603: 可能返回 null 引用。 [/root/WorkSpace/CSharp/BannerlordModEditor/BannerlordModEditor.Common/BannerlordModEditor.Common.csproj]
         /root/WorkSpace/CSharp/BannerlordModEditor/BannerlordModEditor.Common/Mappers/ParticleSystemLayoutMapper.cs(14,40): warning CS8603: 可能返回 null 引用。 [/root/WorkSpace/CSharp/BannerlordModEditor/BannerlordModEditor.Common/BannerlordModEditor.Common.csproj]
         /root/WorkSpace/CSharp/BannerlordModEditor/BannerlordModEditor.Common/Mappers/PostfxGraphsMapper.cs(21,36): warning CS8603: 可能返回 null 引用。 [/root/WorkSpace/CSharp/BannerlordModEditor/BannerlordModEditor.Common/BannerlordModEditor.Common.csproj]
         /root/WorkSpace/CSharp/BannerlordModEditor/BannerlordModEditor.Common/Mappers/ParticleSystemLayoutMapper.cs(25,40): warning CS8603: 可能返回 null 引用。 [/root/WorkSpace/CSharp/BannerlordModEditor/BannerlordModEditor.Common/BannerlordModEditor.Common.csproj]
         /root/WorkSpace/CSharp/BannerlordModEditor/BannerlordModEditor.Common/Models/Data/ActionSetsData.cs(19,23): warning CS8618: 在退出构造函数时，不可为 null 的 属性 "Id" 必须包含非 null 值。请考虑添加 "required" 修饰符或将该 属性 声明为可为 null。 [/root/WorkSpace/CSharp/BannerlordModEditor/BannerlordModEditor.Common/BannerlordModEditor.Common.csproj]
         /root/WorkSpace/CSharp/BannerlordModEditor/BannerlordModEditor.Common/Models/Data/ActionSetsData.cs(22,23): warning CS8618: 在退出构造函数时，不可为 null 的 属性 "Skeleton" 必须包含非 null 值。请考虑添加 "required" 修饰符或将该 属性 声明为可为 null。 [/root/WorkSpace/CSharp/BannerlordModEditor/BannerlordModEditor.Common/BannerlordModEditor.Common.csproj]
         /root/WorkSpace/CSharp/BannerlordModEditor/BannerlordModEditor.Common/Models/Data/ActionSetsData.cs(25,23): warning CS8618: 在退出构造函数时，不可为 null 的 属性 "MovementSystem" 必须包含非 null 值。请考虑添加 "required" 修饰符或将该 属性 声明为可为 null。 [/root/WorkSpace/CSharp/BannerlordModEditor/BannerlordModEditor.Common/BannerlordModEditor.Common.csproj]
         /root/WorkSpace/CSharp/BannerlordModEditor/BannerlordModEditor.Common/Models/Data/ActionSetsData.cs(28,29): warning CS8618: 在退出构造函数时，不可为 null 的 属性 "Actions" 必须包含非 null 值。请考虑添加 "required" 修饰符或将该 属性 声明为可为 null。 [/root/WorkSpace/CSharp/BannerlordModEditor/BannerlordModEditor.Common/BannerlordModEditor.Common.csproj]
         /root/WorkSpace/CSharp/BannerlordModEditor/BannerlordModEditor.Common/Mappers/PhysicsMaterialsLayoutMapper.cs(14,40): warning CS8603: 可能返回 null 引用。 [/root/WorkSpace/CSharp/BannerlordModEditor/BannerlordModEditor.Common/BannerlordModEditor.Common.csproj]
         /root/WorkSpace/CSharp/BannerlordModEditor/BannerlordModEditor.Common/Mappers/MPClassDivisionsMapper.cs(97,36): warning CS8603: 可能返回 null 引用。 [/root/WorkSpace/CSharp/BannerlordModEditor/BannerlordModEditor.Common/BannerlordModEditor.Common.csproj]
         /root/WorkSpace/CSharp/BannerlordModEditor/BannerlordModEditor.Common/Mappers/CraftingPiecesMapper.cs(325,40): warning CS8603: 可能返回 null 引用。 [/root/WorkSpace/CSharp/BannerlordModEditor/BannerlordModEditor.Common/BannerlordModEditor.Common.csproj]
         /root/WorkSpace/CSharp/BannerlordModEditor/BannerlordModEditor.Common/Mappers/PhysicsMaterialsLayoutMapper.cs(25,40): warning CS8603: 可能返回 null 引用。 [/root/WorkSpace/CSharp/BannerlordModEditor/BannerlordModEditor.Common/BannerlordModEditor.Common.csproj]
         /root/WorkSpace/CSharp/BannerlordModEditor/BannerlordModEditor.Common/Models/Data/ActionSetsData.cs(39,23): warning CS8618: 在退出构造函数时，不可为 null 的 属性 "Type" 必须包含非 null 值。请考虑添加 "required" 修饰符或将该 属性 声明为可为 null。 [/root/WorkSpace/CSharp/BannerlordModEditor/BannerlordModEditor.Common/BannerlordModEditor.Common.csproj]
         /root/WorkSpace/CSharp/BannerlordModEditor/BannerlordModEditor.Common/Models/Data/ActionSetsData.cs(42,23): warning CS8618: 在退出构造函数时，不可为 null 的 属性 "Animation" 必须包含非 null 值。请考虑添加 "required" 修饰符或将该 属性 声明为可为 null。 [/root/WorkSpace/CSharp/BannerlordModEditor/BannerlordModEditor.Common/BannerlordModEditor.Common.csproj]
         /root/WorkSpace/CSharp/BannerlordModEditor/BannerlordModEditor.Common/Mappers/CraftingPiecesMapper.cs(337,40): warning CS8603: 可能返回 null 引用。 [/root/WorkSpace/CSharp/BannerlordModEditor/BannerlordModEditor.Common/BannerlordModEditor.Common.csproj]
         /root/WorkSpace/CSharp/BannerlordModEditor/BannerlordModEditor.Common/Mappers/LooknfeelMapper.cs(199,40): warning CS8603: 可能返回 null 引用。 [/root/WorkSpace/CSharp/BannerlordModEditor/BannerlordModEditor.Common/BannerlordModEditor.Common.csproj]
         /root/WorkSpace/CSharp/BannerlordModEditor/BannerlordModEditor.Common/Models/Data/ActionTypesModel.cs(19,23): warning CS8618: 在退出构造函数时，不可为 null 的 属性 "Name" 必须包含非 null 值。请考虑添加 "required" 修饰符或将该 属性 声明为可为 null。 [/root/WorkSpace/CSharp/BannerlordModEditor/BannerlordModEditor.Common/BannerlordModEditor.Common.csproj]
         /root/WorkSpace/CSharp/BannerlordModEditor/BannerlordModEditor.Common/Models/Data/ActionTypesModel.cs(22,23): warning CS8618: 在退出构造函数时，不可为 null 的 属性 "Type" 必须包含非 null 值。请考虑添加 "required" 修饰符或将该 属性 声明为可为 null。 [/root/WorkSpace/CSharp/BannerlordModEditor/BannerlordModEditor.Common/BannerlordModEditor.Common.csproj]
         /root/WorkSpace/CSharp/BannerlordModEditor/BannerlordModEditor.Common/Models/Data/ActionTypesModel.cs(25,23): warning CS8618: 在退出构造函数时，不可为 null 的 属性 "UsageDirection" 必须包含非 null 值。请考虑添加 "required" 修饰符或将该 属性 声明为可为 null。 [/root/WorkSpace/CSharp/BannerlordModEditor/BannerlordModEditor.Common/BannerlordModEditor.Common.csproj]
         /root/WorkSpace/CSharp/BannerlordModEditor/BannerlordModEditor.Common/Mappers/ParticleSystemsMapper.cs(15,40): warning CS8603: 可能返回 null 引用。 [/root/WorkSpace/CSharp/BannerlordModEditor/BannerlordModEditor.Common/BannerlordModEditor.Common.csproj]
         /root/WorkSpace/CSharp/BannerlordModEditor/BannerlordModEditor.Common/Models/Data/AdjustablesDataModel.cs(19,23): warning CS8618: 在退出构造函数时，不可为 null 的 属性 "Name" 必须包含非 null 值。请考虑添加 "required" 修饰符或将该 属性 声明为可为 null。 [/root/WorkSpace/CSharp/BannerlordModEditor/BannerlordModEditor.Common/BannerlordModEditor.Common.csproj]
         /root/WorkSpace/CSharp/BannerlordModEditor/BannerlordModEditor.Common/Models/Data/AdjustablesDataModel.cs(22,23): warning CS8618: 在退出构造函数时，不可为 null 的 属性 "Value" 必须包含非 null 值。请考虑添加 "required" 修饰符或将该 属性 声明为可为 null。 [/root/WorkSpace/CSharp/BannerlordModEditor/BannerlordModEditor.Common/BannerlordModEditor.Common.csproj]
         /root/WorkSpace/CSharp/BannerlordModEditor/BannerlordModEditor.Common/Models/Data/Adjustables.cs(19,23): warning CS8618: 在退出构造函数时，不可为 null 的 属性 "Name" 必须包含非 null 值。请考虑添加 "required" 修饰符或将该 属性 声明为可为 null。 [/root/WorkSpace/CSharp/BannerlordModEditor/BannerlordModEditor.Common/BannerlordModEditor.Common.csproj]
         /root/WorkSpace/CSharp/BannerlordModEditor/BannerlordModEditor.Common/Models/Data/Adjustables.cs(22,23): warning CS8618: 在退出构造函数时，不可为 null 的 属性 "Value" 必须包含非 null 值。请考虑添加 "required" 修饰符或将该 属性 声明为可为 null。 [/root/WorkSpace/CSharp/BannerlordModEditor/BannerlordModEditor.Common/BannerlordModEditor.Common.csproj]
         /root/WorkSpace/CSharp/BannerlordModEditor/BannerlordModEditor.Common/Mappers/ParticleSystemsMapper.cs(25,40): warning CS8603: 可能返回 null 引用。 [/root/WorkSpace/CSharp/BannerlordModEditor/BannerlordModEditor.Common/BannerlordModEditor.Common.csproj]
         /root/WorkSpace/CSharp/BannerlordModEditor/BannerlordModEditor.Common/Mappers/ParticleSystemsMapper.cs(32,34): warning CS8604: “EmittersDTO ParticleSystemsMapper.ToDTO(EmittersDO source)”中的形参“source”可能传入 null 引用实参。 [/root/WorkSpace/CSharp/BannerlordModEditor/BannerlordModEditor.Common/BannerlordModEditor.Common.csproj]
         /root/WorkSpace/CSharp/BannerlordModEditor/BannerlordModEditor.Common/Mappers/ParticleSystemsMapper.cs(38,40): warning CS8603: 可能返回 null 引用。 [/root/WorkSpace/CSharp/BannerlordModEditor/BannerlordModEditor.Common/BannerlordModEditor.Common.csproj]
         /root/WorkSpace/CSharp/BannerlordModEditor/BannerlordModEditor.Common/Models/Data/BannerIconsModel.cs(71,23): warning CS8618: 在退出构造函数时，不可为 null 的 属性 "MaterialName" 必须包含非 null 值。请考虑添加 "required" 修饰符或将该 属性 声明为可为 null。 [/root/WorkSpace/CSharp/BannerlordModEditor/BannerlordModEditor.Common/BannerlordModEditor.Common.csproj]
         /root/WorkSpace/CSharp/BannerlordModEditor/BannerlordModEditor.Common/Mappers/MonsterUsageSetsMapper.cs(74,36): warning CS8603: 可能返回 null 引用。 [/root/WorkSpace/CSharp/BannerlordModEditor/BannerlordModEditor.Common/BannerlordModEditor.Common.csproj]
         /root/WorkSpace/CSharp/BannerlordModEditor/BannerlordModEditor.Common/Models/Data/BeforeTransparentsGraph.cs(11,23): warning CS8618: 在退出构造函数时，不可为 null 的 属性 "Type" 必须包含非 null 值。请考虑添加 "required" 修饰符或将该 属性 声明为可为 null。 [/root/WorkSpace/CSharp/BannerlordModEditor/BannerlordModEditor.Common/BannerlordModEditor.Common.csproj]
         /root/WorkSpace/CSharp/BannerlordModEditor/BannerlordModEditor.Common/Models/Data/BeforeTransparentsGraph.cs(14,29): warning CS8618: 在退出构造函数时，不可为 null 的 属性 "PostfxGraphs" 必须包含非 null 值。请考虑添加 "required" 修饰符或将该 属性 声明为可为 null。 [/root/WorkSpace/CSharp/BannerlordModEditor/BannerlordModEditor.Common/BannerlordModEditor.Common.csproj]
         /root/WorkSpace/CSharp/BannerlordModEditor/BannerlordModEditor.Common/Mappers/ParticleSystemsMapper.cs(48,40): warning CS8603: 可能返回 null 引用。 [/root/WorkSpace/CSharp/BannerlordModEditor/BannerlordModEditor.Common/BannerlordModEditor.Common.csproj]
         /root/WorkSpace/CSharp/BannerlordModEditor/BannerlordModEditor.Common/Mappers/ParticleSystemsMapper.cs(54,34): warning CS8604: “ChildrenDTO ParticleSystemsMapper.ToDTO(ChildrenDO source)”中的形参“source”可能传入 null 引用实参。 [/root/WorkSpace/CSharp/BannerlordModEditor/BannerlordModEditor.Common/BannerlordModEditor.Common.csproj]
         /root/WorkSpace/CSharp/BannerlordModEditor/BannerlordModEditor.Common/Mappers/ParticleSystemsMapper.cs(55,31): warning CS8604: “ParticleFlagsDTO ParticleSystemsMapper.ToDTO(ParticleFlagsDO source)”中的形参“source”可能传入 null 引用实参。 [/root/WorkSpace/CSharp/BannerlordModEditor/BannerlordModEditor.Common/BannerlordModEditor.Common.csproj]
         /root/WorkSpace/CSharp/BannerlordModEditor/BannerlordModEditor.Common/Mappers/ParticleSystemsMapper.cs(56,36): warning CS8604: “ParametersDTO ParticleSystemsMapper.ToDTO(ParametersDO source)”中的形参“source”可能传入 null 引用实参。 [/root/WorkSpace/CSharp/BannerlordModEditor/BannerlordModEditor.Common/BannerlordModEditor.Common.csproj]
         /root/WorkSpace/CSharp/BannerlordModEditor/BannerlordModEditor.Common/Mappers/MpItemsMapper.cs(15,40): warning CS8603: 可能返回 null 引用。 [/root/WorkSpace/CSharp/BannerlordModEditor/BannerlordModEditor.Common/BannerlordModEditor.Common.csproj]
         /root/WorkSpace/CSharp/BannerlordModEditor/BannerlordModEditor.Common/Mappers/MonsterUsageSetsMapper.cs(86,36): warning CS8603: 可能返回 null 引用。 [/root/WorkSpace/CSharp/BannerlordModEditor/BannerlordModEditor.Common/BannerlordModEditor.Common.csproj]
         /root/WorkSpace/CSharp/BannerlordModEditor/BannerlordModEditor.Common/Models/Data/BeforeTransparentsGraph.cs(23,34): warning CS8618: 在退出构造函数时，不可为 null 的 属性 "PostfxGraphList" 必须包含非 null 值。请考虑添加 "required" 修饰符或将该 属性 声明为可为 null。 [/root/WorkSpace/CSharp/BannerlordModEditor/BannerlordModEditor.Common/BannerlordModEditor.Common.csproj]
         /root/WorkSpace/CSharp/BannerlordModEditor/BannerlordModEditor.Common/Mappers/MonsterUsageSetsMapper.cs(98,36): warning CS8603: 可能返回 null 引用。 [/root/WorkSpace/CSharp/BannerlordModEditor/BannerlordModEditor.Common/BannerlordModEditor.Common.csproj]
         /root/WorkSpace/CSharp/BannerlordModEditor/BannerlordModEditor.Common/Models/Data/BeforeTransparentsGraph.cs(31,23): warning CS8618: 在退出构造函数时，不可为 null 的 属性 "Id" 必须包含非 null 值。请考虑添加 "required" 修饰符或将该 属性 声明为可为 null。 [/root/WorkSpace/CSharp/BannerlordModEditor/BannerlordModEditor.Common/BannerlordModEditor.Common.csproj]
         /root/WorkSpace/CSharp/BannerlordModEditor/BannerlordModEditor.Common/Models/Data/BeforeTransparentsGraph.cs(34,33): warning CS8618: 在退出构造函数时，不可为 null 的 属性 "PostfxNodes" 必须包含非 null 值。请考虑添加 "required" 修饰符或将该 属性 声明为可为 null。 [/root/WorkSpace/CSharp/BannerlordModEditor/BannerlordModEditor.Common/BannerlordModEditor.Common.csproj]
         /root/WorkSpace/CSharp/BannerlordModEditor/BannerlordModEditor.Common/Mappers/ParticleSystemsMapper.cs(62,40): warning CS8603: 可能返回 null 引用。 [/root/WorkSpace/CSharp/BannerlordModEditor/BannerlordModEditor.Common/BannerlordModEditor.Common.csproj]
         /root/WorkSpace/CSharp/BannerlordModEditor/BannerlordModEditor.Common/Mappers/MonsterUsageSetsMapper.cs(113,36): warning CS8603: 可能返回 null 引用。 [/root/WorkSpace/CSharp/BannerlordModEditor/BannerlordModEditor.Common/BannerlordModEditor.Common.csproj]
         /root/WorkSpace/CSharp/BannerlordModEditor/BannerlordModEditor.Common/Models/Data/BeforeTransparentsGraph.cs(87,23): warning CS8618: 在退出构造函数时，不可为 null 的 属性 "Index" 必须包含非 null 值。请考虑添加 "required" 修饰符或将该 属性 声明为可为 null。 [/root/WorkSpace/CSharp/BannerlordModEditor/BannerlordModEditor.Common/BannerlordModEditor.Common.csproj]
         /root/WorkSpace/CSharp/BannerlordModEditor/BannerlordModEditor.Common/Models/Data/BeforeTransparentsGraph.cs(90,23): warning CS8618: 在退出构造函数时，不可为 null 的 属性 "Type" 必须包含非 null 值。请考虑添加 "required" 修饰符或将该 属性 声明为可为 null。 [/root/WorkSpace/CSharp/BannerlordModEditor/BannerlordModEditor.Common/BannerlordModEditor.Common.csproj]
         /root/WorkSpace/CSharp/BannerlordModEditor/BannerlordModEditor.Common/Models/Data/BeforeTransparentsGraph.cs(93,23): warning CS8618: 在退出构造函数时，不可为 null 的 属性 "Source" 必须包含非 null 值。请考虑添加 "required" 修饰符或将该 属性 声明为可为 null。 [/root/WorkSpace/CSharp/BannerlordModEditor/BannerlordModEditor.Common/BannerlordModEditor.Common.csproj]
         /root/WorkSpace/CSharp/BannerlordModEditor/BannerlordModEditor.Common/Mappers/MpItemsMapper.cs(26,40): warning CS8603: 可能返回 null 引用。 [/root/WorkSpace/CSharp/BannerlordModEditor/BannerlordModEditor.Common/BannerlordModEditor.Common.csproj]
         /root/WorkSpace/CSharp/BannerlordModEditor/BannerlordModEditor.Common/Mappers/MpItemsMapper.cs(57,39): warning CS8604: “ItemComponentDTO MpItemsMapper.ToDTO(ItemComponentDO source)”中的形参“source”可能传入 null 引用实参。 [/root/WorkSpace/CSharp/BannerlordModEditor/BannerlordModEditor.Common/BannerlordModEditor.Common.csproj]
         /root/WorkSpace/CSharp/BannerlordModEditor/BannerlordModEditor.Common/Mappers/MpItemsMapper.cs(58,31): warning CS8604: “ItemFlagsDTO MpItemsMapper.ToDTO(ItemFlagsDO source)”中的形参“source”可能传入 null 引用实参。 [/root/WorkSpace/CSharp/BannerlordModEditor/BannerlordModEditor.Common/BannerlordModEditor.Common.csproj]
         /root/WorkSpace/CSharp/BannerlordModEditor/BannerlordModEditor.Common/Models/Data/BeforeTransparentsGraph.cs(103,23): warning CS8618: 在退出构造函数时，不可为 null 的 属性 "Index" 必须包含非 null 值。请考虑添加 "required" 修饰符或将该 属性 声明为可为 null。 [/root/WorkSpace/CSharp/BannerlordModEditor/BannerlordModEditor.Common/BannerlordModEditor.Common.csproj]
         /root/WorkSpace/CSharp/BannerlordModEditor/BannerlordModEditor.Common/Models/Data/BeforeTransparentsGraph.cs(106,23): warning CS8618: 在退出构造函数时，不可为 null 的 属性 "Type" 必须包含非 null 值。请考虑添加 "required" 修饰符或将该 属性 声明为可为 null。 [/root/WorkSpace/CSharp/BannerlordModEditor/BannerlordModEditor.Common/BannerlordModEditor.Common.csproj]
         /root/WorkSpace/CSharp/BannerlordModEditor/BannerlordModEditor.Common/Models/Data/BeforeTransparentsGraph.cs(109,23): warning CS8618: 在退出构造函数时，不可为 null 的 属性 "Name" 必须包含非 null 值。请考虑添加 "required" 修饰符或将该 属性 声明为可为 null。 [/root/WorkSpace/CSharp/BannerlordModEditor/BannerlordModEditor.Common/BannerlordModEditor.Common.csproj]
         /root/WorkSpace/CSharp/BannerlordModEditor/BannerlordModEditor.Common/Models/Data/BeforeTransparentsGraph.cs(127,23): warning CS8618: 在退出构造函数时，不可为 null 的 属性 "Name" 必须包含非 null 值。请考虑添加 "required" 修饰符或将该 属性 声明为可为 null。 [/root/WorkSpace/CSharp/BannerlordModEditor/BannerlordModEditor.Common/BannerlordModEditor.Common.csproj]
         /root/WorkSpace/CSharp/BannerlordModEditor/BannerlordModEditor.Common/Models/Data/BeforeTransparentsGraph.cs(119,39): warning CS8618: 在退出构造函数时，不可为 null 的 属性 "Configs" 必须包含非 null 值。请考虑添加 "required" 修饰符或将该 属性 声明为可为 null。 [/root/WorkSpace/CSharp/BannerlordModEditor/BannerlordModEditor.Common/BannerlordModEditor.Common.csproj]
         /root/WorkSpace/CSharp/BannerlordModEditor/BannerlordModEditor.Common/Mappers/ParticleSystemsMapper.cs(72,40): warning CS8603: 可能返回 null 引用。 [/root/WorkSpace/CSharp/BannerlordModEditor/BannerlordModEditor.Common/BannerlordModEditor.Common.csproj]
         /root/WorkSpace/CSharp/BannerlordModEditor/BannerlordModEditor.Common/Mappers/ParticleSystemsMapper.cs(82,40): warning CS8603: 可能返回 null 引用。 [/root/WorkSpace/CSharp/BannerlordModEditor/BannerlordModEditor.Common/BannerlordModEditor.Common.csproj]
         /root/WorkSpace/CSharp/BannerlordModEditor/BannerlordModEditor.Common/Mappers/MpItemsMapper.cs(64,40): warning CS8603: 可能返回 null 引用。 [/root/WorkSpace/CSharp/BannerlordModEditor/BannerlordModEditor.Common/BannerlordModEditor.Common.csproj]
         /root/WorkSpace/CSharp/BannerlordModEditor/BannerlordModEditor.Common/Mappers/MpItemsMapper.cs(75,32): warning CS8604: “PiecesDTO MpItemsMapper.ToDTO(PiecesDO source)”中的形参“source”可能传入 null 引用实参。 [/root/WorkSpace/CSharp/BannerlordModEditor/BannerlordModEditor.Common/BannerlordModEditor.Common.csproj]
         /root/WorkSpace/CSharp/BannerlordModEditor/BannerlordModEditor.Common/Models/Data/BeforeTransparentsGraph.cs(43,23): warning CS8618: 在退出构造函数时，不可为 null 的 属性 "Id" 必须包含非 null 值。请考虑添加 "required" 修饰符或将该 属性 声明为可为 null。 [/root/WorkSpace/CSharp/BannerlordModEditor/BannerlordModEditor.Common/BannerlordModEditor.Common.csproj]
         /root/WorkSpace/CSharp/BannerlordModEditor/BannerlordModEditor.Common/Models/Data/BeforeTransparentsGraph.cs(46,23): warning CS8618: 在退出构造函数时，不可为 null 的 属性 "Class" 必须包含非 null 值。请考虑添加 "required" 修饰符或将该 属性 声明为可为 null。 [/root/WorkSpace/CSharp/BannerlordModEditor/BannerlordModEditor.Common/BannerlordModEditor.Common.csproj]
         /root/WorkSpace/CSharp/BannerlordModEditor/BannerlordModEditor.Common/Models/Data/BeforeTransparentsGraph.cs(49,23): warning CS8618: 在退出构造函数时，不可为 null 的 属性 "Shader" 必须包含非 null 值。请考虑添加 "required" 修饰符或将该 属性 声明为可为 null。 [/root/WorkSpace/CSharp/BannerlordModEditor/BannerlordModEditor.Common/BannerlordModEditor.Common.csproj]
         /root/WorkSpace/CSharp/BannerlordModEditor/BannerlordModEditor.Common/Models/Data/BeforeTransparentsGraph.cs(52,23): warning CS8618: 在退出构造函数时，不可为 null 的 属性 "Format" 必须包含非 null 值。请考虑添加 "required" 修饰符或将该 属性 声明为可为 null。 [/root/WorkSpace/CSharp/BannerlordModEditor/BannerlordModEditor.Common/BannerlordModEditor.Common.csproj]
         /root/WorkSpace/CSharp/BannerlordModEditor/BannerlordModEditor.Common/Models/Data/BeforeTransparentsGraph.cs(55,23): warning CS8618: 在退出构造函数时，不可为 null 的 属性 "Size" 必须包含非 null 值。请考虑添加 "required" 修饰符或将该 属性 声明为可为 null。 [/root/WorkSpace/CSharp/BannerlordModEditor/BannerlordModEditor.Common/BannerlordModEditor.Common.csproj]
         /root/WorkSpace/CSharp/BannerlordModEditor/BannerlordModEditor.Common/Models/Data/BeforeTransparentsGraph.cs(58,23): warning CS8618: 在退出构造函数时，不可为 null 的 属性 "Width" 必须包含非 null 值。请考虑添加 "required" 修饰符或将该 属性 声明为可为 null。 [/root/WorkSpace/CSharp/BannerlordModEditor/BannerlordModEditor.Common/BannerlordModEditor.Common.csproj]
         /root/WorkSpace/CSharp/BannerlordModEditor/BannerlordModEditor.Common/Models/Data/BeforeTransparentsGraph.cs(61,23): warning CS8618: 在退出构造函数时，不可为 null 的 属性 "Height" 必须包含非 null 值。请考虑添加 "required" 修饰符或将该 属性 声明为可为 null。 [/root/WorkSpace/CSharp/BannerlordModEditor/BannerlordModEditor.Common/BannerlordModEditor.Common.csproj]
         /root/WorkSpace/CSharp/BannerlordModEditor/BannerlordModEditor.Common/Models/Data/BeforeTransparentsGraph.cs(64,39): warning CS8618: 在退出构造函数时，不可为 null 的 属性 "Outputs" 必须包含非 null 值。请考虑添加 "required" 修饰符或将该 属性 声明为可为 null。 [/root/WorkSpace/CSharp/BannerlordModEditor/BannerlordModEditor.Common/BannerlordModEditor.Common.csproj]
         /root/WorkSpace/CSharp/BannerlordModEditor/BannerlordModEditor.Common/Models/Data/BeforeTransparentsGraph.cs(67,38): warning CS8618: 在退出构造函数时，不可为 null 的 属性 "Inputs" 必须包含非 null 值。请考虑添加 "required" 修饰符或将该 属性 声明为可为 null。 [/root/WorkSpace/CSharp/BannerlordModEditor/BannerlordModEditor.Common/BannerlordModEditor.Common.csproj]
         /root/WorkSpace/CSharp/BannerlordModEditor/BannerlordModEditor.Common/Models/Data/BeforeTransparentsGraph.cs(70,40): warning CS8618: 在退出构造函数时，不可为 null 的 属性 "Preconditions" 必须包含非 null 值。请考虑添加 "required" 修饰符或将该 属性 声明为可为 null。 [/root/WorkSpace/CSharp/BannerlordModEditor/BannerlordModEditor.Common/BannerlordModEditor.Common.csproj]
         /root/WorkSpace/CSharp/BannerlordModEditor/BannerlordModEditor.Common/Models/Data/BannerIconsModel.cs(11,23): warning CS8618: 在退出构造函数时，不可为 null 的 属性 "Type" 必须包含非 null 值。请考虑添加 "required" 修饰符或将该 属性 声明为可为 null。 [/root/WorkSpace/CSharp/BannerlordModEditor/BannerlordModEditor.Common/BannerlordModEditor.Common.csproj]
         /root/WorkSpace/CSharp/BannerlordModEditor/BannerlordModEditor.Common/Models/Data/BannerIconsModel.cs(14,31): warning CS8618: 在退出构造函数时，不可为 null 的 属性 "BannerIconData" 必须包含非 null 值。请考虑添加 "required" 修饰符或将该 属性 声明为可为 null。 [/root/WorkSpace/CSharp/BannerlordModEditor/BannerlordModEditor.Common/BannerlordModEditor.Common.csproj]
         /root/WorkSpace/CSharp/BannerlordModEditor/BannerlordModEditor.Common/Models/Data/BoneBodyTypes.cs(17,23): warning CS8618: 在退出构造函数时，不可为 null 的 属性 "Type" 必须包含非 null 值。请考虑添加 "required" 修饰符或将该 属性 声明为可为 null。 [/root/WorkSpace/CSharp/BannerlordModEditor/BannerlordModEditor.Common/BannerlordModEditor.Common.csproj]
         /root/WorkSpace/CSharp/BannerlordModEditor/BannerlordModEditor.Common/Models/Data/ClothBodiesModel.cs(19,23): warning CS8618: 在退出构造函数时，不可为 null 的 属性 "Name" 必须包含非 null 值。请考虑添加 "required" 修饰符或将该 属性 声明为可为 null。 [/root/WorkSpace/CSharp/BannerlordModEditor/BannerlordModEditor.Common/BannerlordModEditor.Common.csproj]
         /root/WorkSpace/CSharp/BannerlordModEditor/BannerlordModEditor.Common/Models/Data/ClothBodiesModel.cs(22,23): warning CS8618: 在退出构造函数时，不可为 null 的 属性 "OwnerSkeleton" 必须包含非 null 值。请考虑添加 "required" 修饰符或将该 属性 声明为可为 null。 [/root/WorkSpace/CSharp/BannerlordModEditor/BannerlordModEditor.Common/BannerlordModEditor.Common.csproj]
         /root/WorkSpace/CSharp/BannerlordModEditor/BannerlordModEditor.Common/Models/Data/ClothBodiesModel.cs(27,30): warning CS8618: 在退出构造函数时，不可为 null 的 属性 "Capsules" 必须包含非 null 值。请考虑添加 "required" 修饰符或将该 属性 声明为可为 null。 [/root/WorkSpace/CSharp/BannerlordModEditor/BannerlordModEditor.Common/BannerlordModEditor.Common.csproj]
         /root/WorkSpace/CSharp/BannerlordModEditor/BannerlordModEditor.Common/Models/Data/ClothBodiesModel.cs(43,23): warning CS8618: 在退出构造函数时，不可为 null 的 属性 "Name" 必须包含非 null 值。请考虑添加 "required" 修饰符或将该 属性 声明为可为 null。 [/root/WorkSpace/CSharp/BannerlordModEditor/BannerlordModEditor.Common/BannerlordModEditor.Common.csproj]
         /root/WorkSpace/CSharp/BannerlordModEditor/BannerlordModEditor.Common/Models/Data/ClothBodiesModel.cs(46,23): warning CS8618: 在退出构造函数时，不可为 null 的 属性 "Length" 必须包含非 null 值。请考虑添加 "required" 修饰符或将该 属性 声明为可为 null。 [/root/WorkSpace/CSharp/BannerlordModEditor/BannerlordModEditor.Common/BannerlordModEditor.Common.csproj]
         /root/WorkSpace/CSharp/BannerlordModEditor/BannerlordModEditor.Common/Models/Data/ClothBodiesModel.cs(49,23): warning CS8618: 在退出构造函数时，不可为 null 的 属性 "Origin" 必须包含非 null 值。请考虑添加 "required" 修饰符或将该 属性 声明为可为 null。 [/root/WorkSpace/CSharp/BannerlordModEditor/BannerlordModEditor.Common/BannerlordModEditor.Common.csproj]
         /root/WorkSpace/CSharp/BannerlordModEditor/BannerlordModEditor.Common/Models/Data/ClothBodiesModel.cs(52,23): warning CS8618: 在退出构造函数时，不可为 null 的 属性 "Frame" 必须包含非 null 值。请考虑添加 "required" 修饰符或将该 属性 声明为可为 null。 [/root/WorkSpace/CSharp/BannerlordModEditor/BannerlordModEditor.Common/BannerlordModEditor.Common.csproj]
         /root/WorkSpace/CSharp/BannerlordModEditor/BannerlordModEditor.Common/Models/Data/ClothBodiesModel.cs(55,28): warning CS8618: 在退出构造函数时，不可为 null 的 属性 "Points" 必须包含非 null 值。请考虑添加 "required" 修饰符或将该 属性 声明为可为 null。 [/root/WorkSpace/CSharp/BannerlordModEditor/BannerlordModEditor.Common/BannerlordModEditor.Common.csproj]
         /root/WorkSpace/CSharp/BannerlordModEditor/BannerlordModEditor.Common/Mappers/ParticleSystemsMapper.cs(93,40): warning CS8603: 可能返回 null 引用。 [/root/WorkSpace/CSharp/BannerlordModEditor/BannerlordModEditor.Common/BannerlordModEditor.Common.csproj]
         /root/WorkSpace/CSharp/BannerlordModEditor/BannerlordModEditor.Common/Mappers/ParticleSystemsMapper.cs(98,40): warning CS8604: “DecalMaterialsDTO ParticleSystemsMapper.ToDTO(DecalMaterialsDO source)”中的形参“source”可能传入 null 引用实参。 [/root/WorkSpace/CSharp/BannerlordModEditor/BannerlordModEditor.Common/BannerlordModEditor.Common.csproj]
         /root/WorkSpace/CSharp/BannerlordModEditor/BannerlordModEditor.Common/Mappers/MpItemsMapper.cs(81,40): warning CS8603: 可能返回 null 引用。 [/root/WorkSpace/CSharp/BannerlordModEditor/BannerlordModEditor.Common/BannerlordModEditor.Common.csproj]
         /root/WorkSpace/CSharp/BannerlordModEditor/BannerlordModEditor.Common/Models/Data/ClothBodiesModel.cs(71,23): warning CS8618: 在退出构造函数时，不可为 null 的 属性 "Radius" 必须包含非 null 值。请考虑添加 "required" 修饰符或将该 属性 声明为可为 null。 [/root/WorkSpace/CSharp/BannerlordModEditor/BannerlordModEditor.Common/BannerlordModEditor.Common.csproj]
         /root/WorkSpace/CSharp/BannerlordModEditor/BannerlordModEditor.Common/Models/Data/ClothBodiesModel.cs(74,27): warning CS8618: 在退出构造函数时，不可为 null 的 属性 "Bones" 必须包含非 null 值。请考虑添加 "required" 修饰符或将该 属性 声明为可为 null。 [/root/WorkSpace/CSharp/BannerlordModEditor/BannerlordModEditor.Common/BannerlordModEditor.Common.csproj]
         /root/WorkSpace/CSharp/BannerlordModEditor/BannerlordModEditor.Common/Mappers/MpItemsMapper.cs(91,40): warning CS8603: 可能返回 null 引用。 [/root/WorkSpace/CSharp/BannerlordModEditor/BannerlordModEditor.Common/BannerlordModEditor.Common.csproj]
         /root/WorkSpace/CSharp/BannerlordModEditor/BannerlordModEditor.Common/Models/Data/BannerIconsModel.cs(94,23): warning CS8618: 在退出构造函数时，不可为 null 的 属性 "Hex" 必须包含非 null 值。请考虑添加 "required" 修饰符或将该 属性 声明为可为 null。 [/root/WorkSpace/CSharp/BannerlordModEditor/BannerlordModEditor.Common/BannerlordModEditor.Common.csproj]
         /root/WorkSpace/CSharp/BannerlordModEditor/BannerlordModEditor.Common/Models/Data/ClothMaterials.cs(11,31): warning CS8618: 在退出构造函数时，不可为 null 的 属性 "Materials" 必须包含非 null 值。请考虑添加 "required" 修饰符或将该 属性 声明为可为 null。 [/root/WorkSpace/CSharp/BannerlordModEditor/BannerlordModEditor.Common/BannerlordModEditor.Common.csproj]
         /root/WorkSpace/CSharp/BannerlordModEditor/BannerlordModEditor.Common/Models/Data/ClothMaterials.cs(19,36): warning CS8618: 在退出构造函数时，不可为 null 的 属性 "MaterialList" 必须包含非 null 值。请考虑添加 "required" 修饰符或将该 属性 声明为可为 null。 [/root/WorkSpace/CSharp/BannerlordModEditor/BannerlordModEditor.Common/BannerlordModEditor.Common.csproj]
         /root/WorkSpace/CSharp/BannerlordModEditor/BannerlordModEditor.Common/Models/Data/ClothBodiesModel.cs(90,23): warning CS8618: 在退出构造函数时，不可为 null 的 属性 "Name" 必须包含非 null 值。请考虑添加 "required" 修饰符或将该 属性 声明为可为 null。 [/root/WorkSpace/CSharp/BannerlordModEditor/BannerlordModEditor.Common/BannerlordModEditor.Common.csproj]
         /root/WorkSpace/CSharp/BannerlordModEditor/BannerlordModEditor.Common/Models/Data/ClothBodiesModel.cs(93,23): warning CS8618: 在退出构造函数时，不可为 null 的 属性 "Weight" 必须包含非 null 值。请考虑添加 "required" 修饰符或将该 属性 声明为可为 null。 [/root/WorkSpace/CSharp/BannerlordModEditor/BannerlordModEditor.Common/BannerlordModEditor.Common.csproj]
         /root/WorkSpace/CSharp/BannerlordModEditor/BannerlordModEditor.Common/Models/Data/ClothMaterials.cs(27,23): warning CS8618: 在退出构造函数时，不可为 null 的 属性 "Name" 必须包含非 null 值。请考虑添加 "required" 修饰符或将该 属性 声明为可为 null。 [/root/WorkSpace/CSharp/BannerlordModEditor/BannerlordModEditor.Common/BannerlordModEditor.Common.csproj]
         /root/WorkSpace/CSharp/BannerlordModEditor/BannerlordModEditor.Common/Models/Data/ClothMaterials.cs(30,40): warning CS8618: 在退出构造函数时，不可为 null 的 属性 "Simulation" 必须包含非 null 值。请考虑添加 "required" 修饰符或将该 属性 声明为可为 null。 [/root/WorkSpace/CSharp/BannerlordModEditor/BannerlordModEditor.Common/BannerlordModEditor.Common.csproj]
         /root/WorkSpace/CSharp/BannerlordModEditor/BannerlordModEditor.Common/Mappers/ParticleSystemsMapper.cs(104,40): warning CS8603: 可能返回 null 引用。 [/root/WorkSpace/CSharp/BannerlordModEditor/BannerlordModEditor.Common/BannerlordModEditor.Common.csproj]
         /root/WorkSpace/CSharp/BannerlordModEditor/BannerlordModEditor.Common/Mappers/ParticleSystemsMapper.cs(113,91): warning CS8604: “CurveDTO ParticleSystemsMapper.ToDTO(CurveDO source)”中的形参“source”可能传入 null 引用实参。 [/root/WorkSpace/CSharp/BannerlordModEditor/BannerlordModEditor.Common/BannerlordModEditor.Common.csproj]
         /root/WorkSpace/CSharp/BannerlordModEditor/BannerlordModEditor.Common/Mappers/ParticleSystemsMapper.cs(114,38): warning CS8604: “ColorDTO ParticleSystemsMapper.ToDTO(ColorDO source)”中的形参“source”可能传入 null 引用实参。 [/root/WorkSpace/CSharp/BannerlordModEditor/BannerlordModEditor.Common/BannerlordModEditor.Common.csproj]
         /root/WorkSpace/CSharp/BannerlordModEditor/BannerlordModEditor.Common/Mappers/ParticleSystemsMapper.cs(115,38): warning CS8604: “AlphaDTO ParticleSystemsMapper.ToDTO(AlphaDO source)”中的形参“source”可能传入 null 引用实参。 [/root/WorkSpace/CSharp/BannerlordModEditor/BannerlordModEditor.Common/BannerlordModEditor.Common.csproj]
         /root/WorkSpace/CSharp/BannerlordModEditor/BannerlordModEditor.Common/Models/Data/CollisionInfosModel.cs(23,40): warning CS8618: 在退出构造函数时，不可为 null 的 属性 "Materials" 必须包含非 null 值。请考虑添加 "required" 修饰符或将该 属性 声明为可为 null。 [/root/WorkSpace/CSharp/BannerlordModEditor/BannerlordModEditor.Common/BannerlordModEditor.Common.csproj]
         /root/WorkSpace/CSharp/BannerlordModEditor/BannerlordModEditor.Common/Models/Data/BannerIconsModel.cs(57,23): warning CS8618: 在退出构造函数时，不可为 null 的 属性 "MeshName" 必须包含非 null 值。请考虑添加 "required" 修饰符或将该 属性 声明为可为 null。 [/root/WorkSpace/CSharp/BannerlordModEditor/BannerlordModEditor.Common/BannerlordModEditor.Common.csproj]
         /root/WorkSpace/CSharp/BannerlordModEditor/BannerlordModEditor.Common/Mappers/ParticleSystemsMapper.cs(121,40): warning CS8603: 可能返回 null 引用。 [/root/WorkSpace/CSharp/BannerlordModEditor/BannerlordModEditor.Common/BannerlordModEditor.Common.csproj]
         /root/WorkSpace/CSharp/BannerlordModEditor/BannerlordModEditor.Common/Mappers/ParticleSystemsMapper.cs(129,30): warning CS8604: “KeysDTO ParticleSystemsMapper.ToDTO(KeysDO source)”中的形参“source”可能传入 null 引用实参。 [/root/WorkSpace/CSharp/BannerlordModEditor/BannerlordModEditor.Common/BannerlordModEditor.Common.csproj]
         /root/WorkSpace/CSharp/BannerlordModEditor/BannerlordModEditor.Common/Models/Data/CollisionInfosModel.cs(43,23): warning CS8618: 在退出构造函数时，不可为 null 的 属性 "SecondMaterial" 必须包含非 null 值。请考虑添加 "required" 修饰符或将该 属性 声明为可为 null。 [/root/WorkSpace/CSharp/BannerlordModEditor/BannerlordModEditor.Common/BannerlordModEditor.Common.csproj]
         /root/WorkSpace/CSharp/BannerlordModEditor/BannerlordModEditor.Common/Models/Data/CollisionInfosModel.cs(46,32): warning CS8618: 在退出构造函数时，不可为 null 的 属性 "CollisionEffect" 必须包含非 null 值。请考虑添加 "required" 修饰符或将该 属性 声明为可为 null。 [/root/WorkSpace/CSharp/BannerlordModEditor/BannerlordModEditor.Common/BannerlordModEditor.Common.csproj]
         /root/WorkSpace/CSharp/BannerlordModEditor/BannerlordModEditor.Common/Models/Data/CollisionInfosModel.cs(31,23): warning CS8618: 在退出构造函数时，不可为 null 的 属性 "Id" 必须包含非 null 值。请考虑添加 "required" 修饰符或将该 属性 声明为可为 null。 [/root/WorkSpace/CSharp/BannerlordModEditor/BannerlordModEditor.Common/BannerlordModEditor.Common.csproj]
         /root/WorkSpace/CSharp/BannerlordModEditor/BannerlordModEditor.Common/Models/Data/CollisionInfosModel.cs(34,36): warning CS8618: 在退出构造函数时，不可为 null 的 属性 "CollisionInfos" 必须包含非 null 值。请考虑添加 "required" 修饰符或将该 属性 声明为可为 null。 [/root/WorkSpace/CSharp/BannerlordModEditor/BannerlordModEditor.Common/BannerlordModEditor.Common.csproj]
         /root/WorkSpace/CSharp/BannerlordModEditor/BannerlordModEditor.Common/Models/Data/CollisionInfosModel.cs(55,23): warning CS8618: 在退出构造函数时，不可为 null 的 属性 "Particle" 必须包含非 null 值。请考虑添加 "required" 修饰符或将该 属性 声明为可为 null。 [/root/WorkSpace/CSharp/BannerlordModEditor/BannerlordModEditor.Common/BannerlordModEditor.Common.csproj]
         /root/WorkSpace/CSharp/BannerlordModEditor/BannerlordModEditor.Common/Models/Data/CollisionInfosModel.cs(58,23): warning CS8618: 在退出构造函数时，不可为 null 的 属性 "Decal" 必须包含非 null 值。请考虑添加 "required" 修饰符或将该 属性 声明为可为 null。 [/root/WorkSpace/CSharp/BannerlordModEditor/BannerlordModEditor.Common/BannerlordModEditor.Common.csproj]
         /root/WorkSpace/CSharp/BannerlordModEditor/BannerlordModEditor.Common/Models/Data/CombatParameters.cs(27,26): warning CS8618: 在退出构造函数时，不可为 null 的 属性 "Defs" 必须包含非 null 值。请考虑添加 "required" 修饰符或将该 属性 声明为可为 null。 [/root/WorkSpace/CSharp/BannerlordModEditor/BannerlordModEditor.Common/BannerlordModEditor.Common.csproj]
         /root/WorkSpace/CSharp/BannerlordModEditor/BannerlordModEditor.Common/Models/Data/CombatParameters.cs(34,23): warning CS8618: 在退出构造函数时，不可为 null 的 属性 "Name" 必须包含非 null 值。请考虑添加 "required" 修饰符或将该 属性 声明为可为 null。 [/root/WorkSpace/CSharp/BannerlordModEditor/BannerlordModEditor.Common/BannerlordModEditor.Common.csproj]
         /root/WorkSpace/CSharp/BannerlordModEditor/BannerlordModEditor.Common/Models/Data/CombatParameters.cs(37,23): warning CS8618: 在退出构造函数时，不可为 null 的 属性 "Value" 必须包含非 null 值。请考虑添加 "required" 修饰符或将该 属性 声明为可为 null。 [/root/WorkSpace/CSharp/BannerlordModEditor/BannerlordModEditor.Common/BannerlordModEditor.Common.csproj]
         /root/WorkSpace/CSharp/BannerlordModEditor/BannerlordModEditor.Common/Models/Data/CombatParameters.cs(11,23): warning CS8618: 在退出构造函数时，不可为 null 的 属性 "Type" 必须包含非 null 值。请考虑添加 "required" 修饰符或将该 属性 声明为可为 null。 [/root/WorkSpace/CSharp/BannerlordModEditor/BannerlordModEditor.Common/BannerlordModEditor.Common.csproj]
         /root/WorkSpace/CSharp/BannerlordModEditor/BannerlordModEditor.Common/Models/Data/CombatParameters.cs(14,28): warning CS8618: 在退出构造函数时，不可为 null 的 属性 "Definitions" 必须包含非 null 值。请考虑添加 "required" 修饰符或将该 属性 声明为可为 null。 [/root/WorkSpace/CSharp/BannerlordModEditor/BannerlordModEditor.Common/BannerlordModEditor.Common.csproj]
         /root/WorkSpace/CSharp/BannerlordModEditor/BannerlordModEditor.Common/Models/Data/CombatParameters.cs(18,42): warning CS8618: 在退出构造函数时，不可为 null 的 属性 "CombatParametersList" 必须包含非 null 值。请考虑添加 "required" 修饰符或将该 属性 声明为可为 null。 [/root/WorkSpace/CSharp/BannerlordModEditor/BannerlordModEditor.Common/BannerlordModEditor.Common.csproj]
         /root/WorkSpace/CSharp/BannerlordModEditor/BannerlordModEditor.Common/Models/Data/CombatParameters.cs(133,23): warning CS8618: 在退出构造函数时，不可为 null 的 属性 "P1" 必须包含非 null 值。请考虑添加 "required" 修饰符或将该 属性 声明为可为 null。 [/root/WorkSpace/CSharp/BannerlordModEditor/BannerlordModEditor.Common/BannerlordModEditor.Common.csproj]
         /root/WorkSpace/CSharp/BannerlordModEditor/BannerlordModEditor.Common/Models/Data/CombatParameters.cs(136,23): warning CS8618: 在退出构造函数时，不可为 null 的 属性 "P2" 必须包含非 null 值。请考虑添加 "required" 修饰符或将该 属性 声明为可为 null。 [/root/WorkSpace/CSharp/BannerlordModEditor/BannerlordModEditor.Common/BannerlordModEditor.Common.csproj]
         /root/WorkSpace/CSharp/BannerlordModEditor/BannerlordModEditor.Common/Models/Data/CombatParameters.cs(139,23): warning CS8618: 在退出构造函数时，不可为 null 的 属性 "R" 必须包含非 null 值。请考虑添加 "required" 修饰符或将该 属性 声明为可为 null。 [/root/WorkSpace/CSharp/BannerlordModEditor/BannerlordModEditor.Common/BannerlordModEditor.Common.csproj]
         /root/WorkSpace/CSharp/BannerlordModEditor/BannerlordModEditor.Common/Mappers/MpItemsMapper.cs(103,40): warning CS8603: 可能返回 null 引用。 [/root/WorkSpace/CSharp/BannerlordModEditor/BannerlordModEditor.Common/BannerlordModEditor.Common.csproj]
         /root/WorkSpace/CSharp/BannerlordModEditor/BannerlordModEditor.Common/Models/Data/CombatParametersModel.cs(27,32): warning CS8618: 在退出构造函数时，不可为 null 的 属性 "Defs" 必须包含非 null 值。请考虑添加 "required" 修饰符或将该 属性 声明为可为 null。 [/root/WorkSpace/CSharp/BannerlordModEditor/BannerlordModEditor.Common/BannerlordModEditor.Common.csproj]
         /root/WorkSpace/CSharp/BannerlordModEditor/BannerlordModEditor.Common/Models/Data/CombatParametersModel.cs(11,23): warning CS8618: 在退出构造函数时，不可为 null 的 属性 "Type" 必须包含非 null 值。请考虑添加 "required" 修饰符或将该 属性 声明为可为 null。 [/root/WorkSpace/CSharp/BannerlordModEditor/BannerlordModEditor.Common/BannerlordModEditor.Common.csproj]
         /root/WorkSpace/CSharp/BannerlordModEditor/BannerlordModEditor.Common/Models/Data/CombatParametersModel.cs(14,34): warning CS8618: 在退出构造函数时，不可为 null 的 属性 "Definitions" 必须包含非 null 值。请考虑添加 "required" 修饰符或将该 属性 声明为可为 null。 [/root/WorkSpace/CSharp/BannerlordModEditor/BannerlordModEditor.Common/BannerlordModEditor.Common.csproj]
         /root/WorkSpace/CSharp/BannerlordModEditor/BannerlordModEditor.Common/Models/Data/CombatParametersModel.cs(17,42): warning CS8618: 在退出构造函数时，不可为 null 的 属性 "CombatParameters" 必须包含非 null 值。请考虑添加 "required" 修饰符或将该 属性 声明为可为 null。 [/root/WorkSpace/CSharp/BannerlordModEditor/BannerlordModEditor.Common/BannerlordModEditor.Common.csproj]
         /root/WorkSpace/CSharp/BannerlordModEditor/BannerlordModEditor.Common/Mappers/ParticleSystemsMapper.cs(135,40): warning CS8603: 可能返回 null 引用。 [/root/WorkSpace/CSharp/BannerlordModEditor/BannerlordModEditor.Common/BannerlordModEditor.Common.csproj]
         /root/WorkSpace/CSharp/BannerlordModEditor/BannerlordModEditor.Common/Models/Data/BannerIconsModel.cs(19,16): warning CS8618: 在退出构造函数时，不可为 null 的 属性 "BannerColors" 必须包含非 null 值。请考虑添加 "required" 修饰符或将该 属性 声明为可为 null。 [/root/WorkSpace/CSharp/BannerlordModEditor/BannerlordModEditor.Common/BannerlordModEditor.Common.csproj]
         /root/WorkSpace/CSharp/BannerlordModEditor/BannerlordModEditor.Common/Models/Data/CombatParametersModel.cs(35,23): warning CS8618: 在退出构造函数时，不可为 null 的 属性 "Name" 必须包含非 null 值。请考虑添加 "required" 修饰符或将该 属性 声明为可为 null。 [/root/WorkSpace/CSharp/BannerlordModEditor/BannerlordModEditor.Common/BannerlordModEditor.Common.csproj]
         /root/WorkSpace/CSharp/BannerlordModEditor/BannerlordModEditor.Common/Models/Data/CombatParametersModel.cs(38,23): warning CS8618: 在退出构造函数时，不可为 null 的 属性 "Value" 必须包含非 null 值。请考虑添加 "required" 修饰符或将该 属性 声明为可为 null。 [/root/WorkSpace/CSharp/BannerlordModEditor/BannerlordModEditor.Common/BannerlordModEditor.Common.csproj]
         /root/WorkSpace/CSharp/BannerlordModEditor/BannerlordModEditor.Common/Mappers/ParticleSystemsMapper.cs(145,40): warning CS8603: 可能返回 null 引用。 [/root/WorkSpace/CSharp/BannerlordModEditor/BannerlordModEditor.Common/BannerlordModEditor.Common.csproj]
         /root/WorkSpace/CSharp/BannerlordModEditor/BannerlordModEditor.Common/Models/Data/CombatParametersModel.cs(47,43): warning CS8618: 在退出构造函数时，不可为 null 的 属性 "Parameters" 必须包含非 null 值。请考虑添加 "required" 修饰符或将该 属性 声明为可为 null。 [/root/WorkSpace/CSharp/BannerlordModEditor/BannerlordModEditor.Common/BannerlordModEditor.Common.csproj]
         /root/WorkSpace/CSharp/BannerlordModEditor/BannerlordModEditor.Common/Mappers/MpItemsMapper.cs(120,40): warning CS8603: 可能返回 null 引用。 [/root/WorkSpace/CSharp/BannerlordModEditor/BannerlordModEditor.Common/BannerlordModEditor.Common.csproj]
         /root/WorkSpace/CSharp/BannerlordModEditor/BannerlordModEditor.Common/Mappers/ParticleSystemsMapper.cs(158,40): warning CS8603: 可能返回 null 引用。 [/root/WorkSpace/CSharp/BannerlordModEditor/BannerlordModEditor.Common/BannerlordModEditor.Common.csproj]
         /root/WorkSpace/CSharp/BannerlordModEditor/BannerlordModEditor.Common/Mappers/ParticleSystemsMapper.cs(162,30): warning CS8604: “KeysDTO ParticleSystemsMapper.ToDTO(KeysDO source)”中的形参“source”可能传入 null 引用实参。 [/root/WorkSpace/CSharp/BannerlordModEditor/BannerlordModEditor.Common/BannerlordModEditor.Common.csproj]
         /root/WorkSpace/CSharp/BannerlordModEditor/BannerlordModEditor.Common/Mappers/ParticleSystemsMapper.cs(168,40): warning CS8603: 可能返回 null 引用。 [/root/WorkSpace/CSharp/BannerlordModEditor/BannerlordModEditor.Common/BannerlordModEditor.Common.csproj]
         /root/WorkSpace/CSharp/BannerlordModEditor/BannerlordModEditor.Common/Mappers/ParticleSystemsMapper.cs(172,30): warning CS8604: “KeysDTO ParticleSystemsMapper.ToDTO(KeysDO source)”中的形参“source”可能传入 null 引用实参。 [/root/WorkSpace/CSharp/BannerlordModEditor/BannerlordModEditor.Common/BannerlordModEditor.Common.csproj]
         /root/WorkSpace/CSharp/BannerlordModEditor/BannerlordModEditor.Common/Models/Data/CombatParametersModel.cs(147,23): warning CS8618: 在退出构造函数时，不可为 null 的 属性 "P1" 必须包含非 null 值。请考虑添加 "required" 修饰符或将该 属性 声明为可为 null。 [/root/WorkSpace/CSharp/BannerlordModEditor/BannerlordModEditor.Common/BannerlordModEditor.Common.csproj]
         /root/WorkSpace/CSharp/BannerlordModEditor/BannerlordModEditor.Common/Models/Data/CombatParametersModel.cs(150,23): warning CS8618: 在退出构造函数时，不可为 null 的 属性 "P2" 必须包含非 null 值。请考虑添加 "required" 修饰符或将该 属性 声明为可为 null。 [/root/WorkSpace/CSharp/BannerlordModEditor/BannerlordModEditor.Common/BannerlordModEditor.Common.csproj]
         /root/WorkSpace/CSharp/BannerlordModEditor/BannerlordModEditor.Common/Models/Data/CombatParametersModel.cs(153,23): warning CS8618: 在退出构造函数时，不可为 null 的 属性 "R" 必须包含非 null 值。请考虑添加 "required" 修饰符或将该 属性 声明为可为 null。 [/root/WorkSpace/CSharp/BannerlordModEditor/BannerlordModEditor.Common/BannerlordModEditor.Common.csproj]
         /root/WorkSpace/CSharp/BannerlordModEditor/BannerlordModEditor.Common/Mappers/MpItemsMapper.cs(149,40): warning CS8603: 可能返回 null 引用。 [/root/WorkSpace/CSharp/BannerlordModEditor/BannerlordModEditor.Common/BannerlordModEditor.Common.csproj]
         /root/WorkSpace/CSharp/BannerlordModEditor/BannerlordModEditor.Common/Mappers/MpItemsMapper.cs(182,37): warning CS8604: “WeaponFlagsDTO MpItemsMapper.ToDTO(WeaponFlagsDO source)”中的形参“source”可能传入 null 引用实参。 [/root/WorkSpace/CSharp/BannerlordModEditor/BannerlordModEditor.Common/BannerlordModEditor.Common.csproj]
         /root/WorkSpace/CSharp/BannerlordModEditor/BannerlordModEditor.Common/Models/Data/CollisionInfosModel.cs(11,23): warning CS8618: 在退出构造函数时，不可为 null 的 属性 "Type" 必须包含非 null 值。请考虑添加 "required" 修饰符或将该 属性 声明为可为 null。 [/root/WorkSpace/CSharp/BannerlordModEditor/BannerlordModEditor.Common/BannerlordModEditor.Common.csproj]
         /root/WorkSpace/CSharp/BannerlordModEditor/BannerlordModEditor.Common/Models/Data/CollisionInfosModel.cs(14,31): warning CS8618: 在退出构造函数时，不可为 null 的 属性 "CollisionInfos" 必须包含非 null 值。请考虑添加 "required" 修饰符或将该 属性 声明为可为 null。 [/root/WorkSpace/CSharp/BannerlordModEditor/BannerlordModEditor.Common/BannerlordModEditor.Common.csproj]
         /root/WorkSpace/CSharp/BannerlordModEditor/BannerlordModEditor.Common/Mappers/ParticleSystemsMapper.cs(178,40): warning CS8603: 可能返回 null 引用。 [/root/WorkSpace/CSharp/BannerlordModEditor/BannerlordModEditor.Common/BannerlordModEditor.Common.csproj]
         /root/WorkSpace/CSharp/BannerlordModEditor/BannerlordModEditor.Common/Models/Data/CraftingPieces.cs(154,23): warning CS8618: 在退出构造函数时，不可为 null 的 属性 "Id" 必须包含非 null 值。请考虑添加 "required" 修饰符或将该 属性 声明为可为 null。 [/root/WorkSpace/CSharp/BannerlordModEditor/BannerlordModEditor.Common/BannerlordModEditor.Common.csproj]
         /root/WorkSpace/CSharp/BannerlordModEditor/BannerlordModEditor.Common/Models/Data/CraftingPieces.cs(157,23): warning CS8618: 在退出构造函数时，不可为 null 的 属性 "Count" 必须包含非 null 值。请考虑添加 "required" 修饰符或将该 属性 声明为可为 null。 [/root/WorkSpace/CSharp/BannerlordModEditor/BannerlordModEditor.Common/BannerlordModEditor.Common.csproj]
         /root/WorkSpace/CSharp/BannerlordModEditor/BannerlordModEditor.Common/Models/Data/CraftingPieces.cs(161,23): warning CS8618: 在退出构造函数时，不可为 null 的 属性 "MaterialType" 必须包含非 null 值。请考虑添加 "required" 修饰符或将该 属性 声明为可为 null。 [/root/WorkSpace/CSharp/BannerlordModEditor/BannerlordModEditor.Common/BannerlordModEditor.Common.csproj]
         /root/WorkSpace/CSharp/BannerlordModEditor/BannerlordModEditor.Common/Models/Data/CraftingPieces.cs(200,23): warning CS8618: 在退出构造函数时，不可为 null 的 属性 "Name" 必须包含非 null 值。请考虑添加 "required" 修饰符或将该 属性 声明为可为 null。 [/root/WorkSpace/CSharp/BannerlordModEditor/BannerlordModEditor.Common/BannerlordModEditor.Common.csproj]
         /root/WorkSpace/CSharp/BannerlordModEditor/BannerlordModEditor.Common/Models/Data/CraftingPieces.cs(203,23): warning CS8618: 在退出构造函数时，不可为 null 的 属性 "Value" 必须包含非 null 值。请考虑添加 "required" 修饰符或将该 属性 声明为可为 null。 [/root/WorkSpace/CSharp/BannerlordModEditor/BannerlordModEditor.Common/BannerlordModEditor.Common.csproj]
         /root/WorkSpace/CSharp/BannerlordModEditor/BannerlordModEditor.Common/Mappers/ParticleSystemsMapper.cs(188,40): warning CS8603: 可能返回 null 引用。 [/root/WorkSpace/CSharp/BannerlordModEditor/BannerlordModEditor.Common/BannerlordModEditor.Common.csproj]
         /root/WorkSpace/CSharp/BannerlordModEditor/BannerlordModEditor.Common/Models/Data/CraftingPieces.cs(176,23): warning CS8618: 在退出构造函数时，不可为 null 的 属性 "Attribute" 必须包含非 null 值。请考虑添加 "required" 修饰符或将该 属性 声明为可为 null。 [/root/WorkSpace/CSharp/BannerlordModEditor/BannerlordModEditor.Common/BannerlordModEditor.Common.csproj]
         /root/WorkSpace/CSharp/BannerlordModEditor/BannerlordModEditor.Common/Models/Data/CraftingPieces.cs(179,23): warning CS8618: 在退出构造函数时，不可为 null 的 属性 "Operation" 必须包含非 null 值。请考虑添加 "required" 修饰符或将该 属性 声明为可为 null。 [/root/WorkSpace/CSharp/BannerlordModEditor/BannerlordModEditor.Common/BannerlordModEditor.Common.csproj]
         /root/WorkSpace/CSharp/BannerlordModEditor/BannerlordModEditor.Common/Models/Data/CraftingPieces.cs(182,23): warning CS8618: 在退出构造函数时，不可为 null 的 属性 "Value" 必须包含非 null 值。请考虑添加 "required" 修饰符或将该 属性 声明为可为 null。 [/root/WorkSpace/CSharp/BannerlordModEditor/BannerlordModEditor.Common/BannerlordModEditor.Common.csproj]
         /root/WorkSpace/CSharp/BannerlordModEditor/BannerlordModEditor.Common/Models/Data/CraftingPieces.cs(185,23): warning CS8618: 在退出构造函数时，不可为 null 的 属性 "Condition" 必须包含非 null 值。请考虑添加 "required" 修饰符或将该 属性 声明为可为 null。 [/root/WorkSpace/CSharp/BannerlordModEditor/BannerlordModEditor.Common/BannerlordModEditor.Common.csproj]
         /root/WorkSpace/CSharp/BannerlordModEditor/BannerlordModEditor.Common/Models/Data/CraftingPieces.cs(217,23): warning CS8618: 在退出构造函数时，不可为 null 的 属性 "Type" 必须包含非 null 值。请考虑添加 "required" 修饰符或将该 属性 声明为可为 null。 [/root/WorkSpace/CSharp/BannerlordModEditor/BannerlordModEditor.Common/BannerlordModEditor.Common.csproj]
         /root/WorkSpace/CSharp/BannerlordModEditor/BannerlordModEditor.Common/Models/Data/CraftingPieces.cs(220,23): warning CS8618: 在退出构造函数时，不可为 null 的 属性 "Id" 必须包含非 null 值。请考虑添加 "required" 修饰符或将该 属性 声明为可为 null。 [/root/WorkSpace/CSharp/BannerlordModEditor/BannerlordModEditor.Common/BannerlordModEditor.Common.csproj]
         /root/WorkSpace/CSharp/BannerlordModEditor/BannerlordModEditor.Common/Models/Data/CraftingPieces.cs(223,23): warning CS8618: 在退出构造函数时，不可为 null 的 属性 "Level" 必须包含非 null 值。请考虑添加 "required" 修饰符或将该 属性 声明为可为 null。 [/root/WorkSpace/CSharp/BannerlordModEditor/BannerlordModEditor.Common/BannerlordModEditor.Common.csproj]
         /root/WorkSpace/CSharp/BannerlordModEditor/BannerlordModEditor.Common/Models/Data/CraftingTemplates.cs(11,39): warning CS8618: 在退出构造函数时，不可为 null 的 属性 "CraftingTemplateList" 必须包含非 null 值。请考虑添加 "required" 修饰符或将该 属性 声明为可为 null。 [/root/WorkSpace/CSharp/BannerlordModEditor/BannerlordModEditor.Common/BannerlordModEditor.Common.csproj]
         /root/WorkSpace/CSharp/BannerlordModEditor/BannerlordModEditor.Common/Models/Data/CraftingTemplates.cs(73,23): warning CS8618: 在退出构造函数时，不可为 null 的 属性 "PieceType" 必须包含非 null 值。请考虑添加 "required" 修饰符或将该 属性 声明为可为 null。 [/root/WorkSpace/CSharp/BannerlordModEditor/BannerlordModEditor.Common/BannerlordModEditor.Common.csproj]
         /root/WorkSpace/CSharp/BannerlordModEditor/BannerlordModEditor.Common/Models/Data/CraftingTemplates.cs(76,23): warning CS8618: 在退出构造函数时，不可为 null 的 属性 "BuildOrder" 必须包含非 null 值。请考虑添加 "required" 修饰符或将该 属性 声明为可为 null。 [/root/WorkSpace/CSharp/BannerlordModEditor/BannerlordModEditor.Common/BannerlordModEditor.Common.csproj]
         /root/WorkSpace/CSharp/BannerlordModEditor/BannerlordModEditor.Common/Models/Data/CraftingTemplates.cs(89,23): warning CS8618: 在退出构造函数时，不可为 null 的 属性 "Id" 必须包含非 null 值。请考虑添加 "required" 修饰符或将该 属性 声明为可为 null。 [/root/WorkSpace/CSharp/BannerlordModEditor/BannerlordModEditor.Common/BannerlordModEditor.Common.csproj]
         /root/WorkSpace/CSharp/BannerlordModEditor/BannerlordModEditor.Common/Models/Data/CraftingTemplates.cs(82,48): warning CS8618: 在退出构造函数时，不可为 null 的 属性 "WeaponDescriptionList" 必须包含非 null 值。请考虑添加 "required" 修饰符或将该 属性 声明为可为 null。 [/root/WorkSpace/CSharp/BannerlordModEditor/BannerlordModEditor.Common/BannerlordModEditor.Common.csproj]
         /root/WorkSpace/CSharp/BannerlordModEditor/BannerlordModEditor.Common/Models/Data/CraftingTemplates.cs(106,23): warning CS8618: 在退出构造函数时，不可为 null 的 属性 "StatType" 必须包含非 null 值。请考虑添加 "required" 修饰符或将该 属性 声明为可为 null。 [/root/WorkSpace/CSharp/BannerlordModEditor/BannerlordModEditor.Common/BannerlordModEditor.Common.csproj]
         /root/WorkSpace/CSharp/BannerlordModEditor/BannerlordModEditor.Common/Models/Data/CraftingTemplates.cs(109,23): warning CS8618: 在退出构造函数时，不可为 null 的 属性 "MaxValue" 必须包含非 null 值。请考虑添加 "required" 修饰符或将该 属性 声明为可为 null。 [/root/WorkSpace/CSharp/BannerlordModEditor/BannerlordModEditor.Common/BannerlordModEditor.Common.csproj]
         /root/WorkSpace/CSharp/BannerlordModEditor/BannerlordModEditor.Common/Models/Data/CraftingPieces.cs(28,23): warning CS8618: 在退出构造函数时，不可为 null 的 属性 "Id" 必须包含非 null 值。请考虑添加 "required" 修饰符或将该 属性 声明为可为 null。 [/root/WorkSpace/CSharp/BannerlordModEditor/BannerlordModEditor.Common/BannerlordModEditor.Common.csproj]
         /root/WorkSpace/CSharp/BannerlordModEditor/BannerlordModEditor.Common/Models/Data/CraftingPieces.cs(31,23): warning CS8618: 在退出构造函数时，不可为 null 的 属性 "Name" 必须包含非 null 值。请考虑添加 "required" 修饰符或将该 属性 声明为可为 null。 [/root/WorkSpace/CSharp/BannerlordModEditor/BannerlordModEditor.Common/BannerlordModEditor.Common.csproj]
         /root/WorkSpace/CSharp/BannerlordModEditor/BannerlordModEditor.Common/Models/Data/CraftingPieces.cs(34,23): warning CS8618: 在退出构造函数时，不可为 null 的 属性 "PieceType" 必须包含非 null 值。请考虑添加 "required" 修饰符或将该 属性 声明为可为 null。 [/root/WorkSpace/CSharp/BannerlordModEditor/BannerlordModEditor.Common/BannerlordModEditor.Common.csproj]
         /root/WorkSpace/CSharp/BannerlordModEditor/BannerlordModEditor.Common/Models/Data/CraftingPieces.cs(37,23): warning CS8618: 在退出构造函数时，不可为 null 的 属性 "Tier" 必须包含非 null 值。请考虑添加 "required" 修饰符或将该 属性 声明为可为 null。 [/root/WorkSpace/CSharp/BannerlordModEditor/BannerlordModEditor.Common/BannerlordModEditor.Common.csproj]
         /root/WorkSpace/CSharp/BannerlordModEditor/BannerlordModEditor.Common/Models/Data/CraftingPieces.cs(40,23): warning CS8618: 在退出构造函数时，不可为 null 的 属性 "PieceTier" 必须包含非 null 值。请考虑添加 "required" 修饰符或将该 属性 声明为可为 null。 [/root/WorkSpace/CSharp/BannerlordModEditor/BannerlordModEditor.Common/BannerlordModEditor.Common.csproj]
         /root/WorkSpace/CSharp/BannerlordModEditor/BannerlordModEditor.Common/Models/Data/CraftingPieces.cs(44,23): warning CS8618: 在退出构造函数时，不可为 null 的 属性 "Culture" 必须包含非 null 值。请考虑添加 "required" 修饰符或将该 属性 声明为可为 null。 [/root/WorkSpace/CSharp/BannerlordModEditor/BannerlordModEditor.Common/BannerlordModEditor.Common.csproj]
         /root/WorkSpace/CSharp/BannerlordModEditor/BannerlordModEditor.Common/Models/Data/CraftingPieces.cs(47,23): warning CS8618: 在退出构造函数时，不可为 null 的 属性 "Mesh" 必须包含非 null 值。请考虑添加 "required" 修饰符或将该 属性 声明为可为 null。 [/root/WorkSpace/CSharp/BannerlordModEditor/BannerlordModEditor.Common/BannerlordModEditor.Common.csproj]
         /root/WorkSpace/CSharp/BannerlordModEditor/BannerlordModEditor.Common/Models/Data/CraftingPieces.cs(50,23): warning CS8618: 在退出构造函数时，不可为 null 的 属性 "PhysicsMaterial" 必须包含非 null 值。请考虑添加 "required" 修饰符或将该 属性 声明为可为 null。 [/root/WorkSpace/CSharp/BannerlordModEditor/BannerlordModEditor.Common/BannerlordModEditor.Common.csproj]
         /root/WorkSpace/CSharp/BannerlordModEditor/BannerlordModEditor.Common/Models/Data/CraftingPieces.cs(53,23): warning CS8618: 在退出构造函数时，不可为 null 的 属性 "IsHidden" 必须包含非 null 值。请考虑添加 "required" 修饰符或将该 属性 声明为可为 null。 [/root/WorkSpace/CSharp/BannerlordModEditor/BannerlordModEditor.Common/BannerlordModEditor.Common.csproj]
         /root/WorkSpace/CSharp/BannerlordModEditor/BannerlordModEditor.Common/Models/Data/CraftingPieces.cs(56,23): warning CS8618: 在退出构造函数时，不可为 null 的 属性 "ScaleFactor" 必须包含非 null 值。请考虑添加 "required" 修饰符或将该 属性 声明为可为 null。 [/root/WorkSpace/CSharp/BannerlordModEditor/BannerlordModEditor.Common/BannerlordModEditor.Common.csproj]
         /root/WorkSpace/CSharp/BannerlordModEditor/BannerlordModEditor.Common/Models/Data/CraftingPieces.cs(60,23): warning CS8618: 在退出构造函数时，不可为 null 的 属性 "CraftingPieceType" 必须包含非 null 值。请考虑添加 "required" 修饰符或将该 属性 声明为可为 null。 [/root/WorkSpace/CSharp/BannerlordModEditor/BannerlordModEditor.Common/BannerlordModEditor.Common.csproj]
         /root/WorkSpace/CSharp/BannerlordModEditor/BannerlordModEditor.Common/Models/Data/CraftingPieces.cs(64,34): warning CS8618: 在退出构造函数时，不可为 null 的 属性 "PieceData" 必须包含非 null 值。请考虑添加 "required" 修饰符或将该 属性 声明为可为 null。 [/root/WorkSpace/CSharp/BannerlordModEditor/BannerlordModEditor.Common/BannerlordModEditor.Common.csproj]
         /root/WorkSpace/CSharp/BannerlordModEditor/BannerlordModEditor.Common/Models/Data/CraftingPieces.cs(68,26): warning CS8618: 在退出构造函数时，不可为 null 的 属性 "Materials" 必须包含非 null 值。请考虑添加 "required" 修饰符或将该 属性 声明为可为 null。 [/root/WorkSpace/CSharp/BannerlordModEditor/BannerlordModEditor.Common/BannerlordModEditor.Common.csproj]
         /root/WorkSpace/CSharp/BannerlordModEditor/BannerlordModEditor.Common/Models/Data/CraftingPieces.cs(72,34): warning CS8618: 在退出构造函数时，不可为 null 的 属性 "Modifiers" 必须包含非 null 值。请考虑添加 "required" 修饰符或将该 属性 声明为可为 null。 [/root/WorkSpace/CSharp/BannerlordModEditor/BannerlordModEditor.Common/BannerlordModEditor.Common.csproj]
         /root/WorkSpace/CSharp/BannerlordModEditor/BannerlordModEditor.Common/Models/Data/CraftingPieces.cs(76,22): warning CS8618: 在退出构造函数时，不可为 null 的 属性 "Flags" 必须包含非 null 值。请考虑添加 "required" 修饰符或将该 属性 声明为可为 null。 [/root/WorkSpace/CSharp/BannerlordModEditor/BannerlordModEditor.Common/BannerlordModEditor.Common.csproj]
         /root/WorkSpace/CSharp/BannerlordModEditor/BannerlordModEditor.Common/Models/Data/CraftingPieces.cs(80,29): warning CS8618: 在退出构造函数时，不可为 null 的 属性 "Availability" 必须包含非 null 值。请考虑添加 "required" 修饰符或将该 属性 声明为可为 null。 [/root/WorkSpace/CSharp/BannerlordModEditor/BannerlordModEditor.Common/BannerlordModEditor.Common.csproj]
         /root/WorkSpace/CSharp/BannerlordModEditor/BannerlordModEditor.Common/Models/Data/CraftingTemplates.cs(115,34): warning CS8618: 在退出构造函数时，不可为 null 的 属性 "UsablePieceList" 必须包含非 null 值。请考虑添加 "required" 修饰符或将该 属性 声明为可为 null。 [/root/WorkSpace/CSharp/BannerlordModEditor/BannerlordModEditor.Common/BannerlordModEditor.Common.csproj]
         /root/WorkSpace/CSharp/BannerlordModEditor/BannerlordModEditor.Common/Models/Data/CraftingTemplates.cs(95,23): warning CS8618: 在退出构造函数时，不可为 null 的 属性 "WeaponDescription" 必须包含非 null 值。请考虑添加 "required" 修饰符或将该 属性 声明为可为 null。 [/root/WorkSpace/CSharp/BannerlordModEditor/BannerlordModEditor.Common/BannerlordModEditor.Common.csproj]
         /root/WorkSpace/CSharp/BannerlordModEditor/BannerlordModEditor.Common/Models/Data/CraftingTemplates.cs(98,31): warning CS8618: 在退出构造函数时，不可为 null 的 属性 "StatDataList" 必须包含非 null 值。请考虑添加 "required" 修饰符或将该 属性 声明为可为 null。 [/root/WorkSpace/CSharp/BannerlordModEditor/BannerlordModEditor.Common/BannerlordModEditor.Common.csproj]
         /root/WorkSpace/CSharp/BannerlordModEditor/BannerlordModEditor.Common/Mappers/ParticleSystemsMapper.cs(202,40): warning CS8603: 可能返回 null 引用。 [/root/WorkSpace/CSharp/BannerlordModEditor/BannerlordModEditor.Common/BannerlordModEditor.Common.csproj]
         /root/WorkSpace/CSharp/BannerlordModEditor/BannerlordModEditor.Common/Models/Data/CraftingPieces.cs(87,23): warning CS8618: 在退出构造函数时，不可为 null 的 属性 "ThrustDamage" 必须包含非 null 值。请考虑添加 "required" 修饰符或将该 属性 声明为可为 null。 [/root/WorkSpace/CSharp/BannerlordModEditor/BannerlordModEditor.Common/BannerlordModEditor.Common.csproj]
         /root/WorkSpace/CSharp/BannerlordModEditor/BannerlordModEditor.Common/Models/Data/CraftingPieces.cs(91,23): warning CS8618: 在退出构造函数时，不可为 null 的 属性 "ThrustDamageType" 必须包含非 null 值。请考虑添加 "required" 修饰符或将该 属性 声明为可为 null。 [/root/WorkSpace/CSharp/BannerlordModEditor/BannerlordModEditor.Common/BannerlordModEditor.Common.csproj]
         /root/WorkSpace/CSharp/BannerlordModEditor/BannerlordModEditor.Common/Models/Data/CraftingPieces.cs(95,23): warning CS8618: 在退出构造函数时，不可为 null 的 属性 "SwingDamage" 必须包含非 null 值。请考虑添加 "required" 修饰符或将该 属性 声明为可为 null。 [/root/WorkSpace/CSharp/BannerlordModEditor/BannerlordModEditor.Common/BannerlordModEditor.Common.csproj]
         /root/WorkSpace/CSharp/BannerlordModEditor/BannerlordModEditor.Common/Models/Data/CraftingPieces.cs(99,23): warning CS8618: 在退出构造函数时，不可为 null 的 属性 "SwingDamageType" 必须包含非 null 值。请考虑添加 "required" 修饰符或将该 属性 声明为可为 null。 [/root/WorkSpace/CSharp/BannerlordModEditor/BannerlordModEditor.Common/BannerlordModEditor.Common.csproj]
         /root/WorkSpace/CSharp/BannerlordModEditor/BannerlordModEditor.Common/Models/Data/CraftingPieces.cs(103,23): warning CS8618: 在退出构造函数时，不可为 null 的 属性 "ThrustSpeed" 必须包含非 null 值。请考虑添加 "required" 修饰符或将该 属性 声明为可为 null。 [/root/WorkSpace/CSharp/BannerlordModEditor/BannerlordModEditor.Common/BannerlordModEditor.Common.csproj]
         /root/WorkSpace/CSharp/BannerlordModEditor/BannerlordModEditor.Common/Models/Data/CraftingPieces.cs(107,23): warning CS8618: 在退出构造函数时，不可为 null 的 属性 "SwingSpeed" 必须包含非 null 值。请考虑添加 "required" 修饰符或将该 属性 声明为可为 null。 [/root/WorkSpace/CSharp/BannerlordModEditor/BannerlordModEditor.Common/BannerlordModEditor.Common.csproj]
         /root/WorkSpace/CSharp/BannerlordModEditor/BannerlordModEditor.Common/Models/Data/CraftingPieces.cs(111,23): warning CS8618: 在退出构造函数时，不可为 null 的 属性 "WeaponLength" 必须包含非 null 值。请考虑添加 "required" 修饰符或将该 属性 声明为可为 null。 [/root/WorkSpace/CSharp/BannerlordModEditor/BannerlordModEditor.Common/BannerlordModEditor.Common.csproj]
         /root/WorkSpace/CSharp/BannerlordModEditor/BannerlordModEditor.Common/Models/Data/CraftingPieces.cs(115,23): warning CS8618: 在退出构造函数时，不可为 null 的 属性 "WeaponBalance" 必须包含非 null 值。请考虑添加 "required" 修饰符或将该 属性 声明为可为 null。 [/root/WorkSpace/CSharp/BannerlordModEditor/BannerlordModEditor.Common/BannerlordModEditor.Common.csproj]
         /root/WorkSpace/CSharp/BannerlordModEditor/BannerlordModEditor.Common/Models/Data/CraftingPieces.cs(119,23): warning CS8618: 在退出构造函数时，不可为 null 的 属性 "Weight" 必须包含非 null 值。请考虑添加 "required" 修饰符或将该 属性 声明为可为 null。 [/root/WorkSpace/CSharp/BannerlordModEditor/BannerlordModEditor.Common/BannerlordModEditor.Common.csproj]
         /root/WorkSpace/CSharp/BannerlordModEditor/BannerlordModEditor.Common/Models/Data/CraftingPieces.cs(123,23): warning CS8618: 在退出构造函数时，不可为 null 的 属性 "HitPoints" 必须包含非 null 值。请考虑添加 "required" 修饰符或将该 属性 声明为可为 null。 [/root/WorkSpace/CSharp/BannerlordModEditor/BannerlordModEditor.Common/BannerlordModEditor.Common.csproj]
         /root/WorkSpace/CSharp/BannerlordModEditor/BannerlordModEditor.Common/Models/Data/CraftingPieces.cs(127,23): warning CS8618: 在退出构造函数时，不可为 null 的 属性 "Handling" 必须包含非 null 值。请考虑添加 "required" 修饰符或将该 属性 声明为可为 null。 [/root/WorkSpace/CSharp/BannerlordModEditor/BannerlordModEditor.Common/BannerlordModEditor.Common.csproj]
         /root/WorkSpace/CSharp/BannerlordModEditor/BannerlordModEditor.Common/Models/Data/CraftingPieces.cs(131,23): warning CS8618: 在退出构造函数时，不可为 null 的 属性 "MissileSpeed" 必须包含非 null 值。请考虑添加 "required" 修饰符或将该 属性 声明为可为 null。 [/root/WorkSpace/CSharp/BannerlordModEditor/BannerlordModEditor.Common/BannerlordModEditor.Common.csproj]
         /root/WorkSpace/CSharp/BannerlordModEditor/BannerlordModEditor.Common/Models/Data/CraftingPieces.cs(135,23): warning CS8618: 在退出构造函数时，不可为 null 的 属性 "Accuracy" 必须包含非 null 值。请考虑添加 "required" 修饰符或将该 属性 声明为可为 null。 [/root/WorkSpace/CSharp/BannerlordModEditor/BannerlordModEditor.Common/BannerlordModEditor.Common.csproj]
         /root/WorkSpace/CSharp/BannerlordModEditor/BannerlordModEditor.Common/Models/Data/CraftingPieces.cs(139,23): warning CS8618: 在退出构造函数时，不可为 null 的 属性 "BodyArmor" 必须包含非 null 值。请考虑添加 "required" 修饰符或将该 属性 声明为可为 null。 [/root/WorkSpace/CSharp/BannerlordModEditor/BannerlordModEditor.Common/BannerlordModEditor.Common.csproj]
         /root/WorkSpace/CSharp/BannerlordModEditor/BannerlordModEditor.Common/Models/Data/CombatParametersModel.cs(55,23): warning CS8618: 在退出构造函数时，不可为 null 的 属性 "Id" 必须包含非 null 值。请考虑添加 "required" 修饰符或将该 属性 声明为可为 null。 [/root/WorkSpace/CSharp/BannerlordModEditor/BannerlordModEditor.Common/BannerlordModEditor.Common.csproj]
         /root/WorkSpace/CSharp/BannerlordModEditor/BannerlordModEditor.Common/Models/Data/CombatParametersModel.cs(58,23): warning CS8618: 在退出构造函数时，不可为 null 的 属性 "WeaponOffset" 必须包含非 null 值。请考虑添加 "required" 修饰符或将该 属性 声明为可为 null。 [/root/WorkSpace/CSharp/BannerlordModEditor/BannerlordModEditor.Common/BannerlordModEditor.Common.csproj]
         /root/WorkSpace/CSharp/BannerlordModEditor/BannerlordModEditor.Common/Models/Data/CombatParametersModel.cs(61,23): warning CS8618: 在退出构造函数时，不可为 null 的 属性 "VerticalRotLimitMultiplierUp" 必须包含非 null 值。请考虑添加 "required" 修饰符或将该 属性 声明为可为 null。 [/root/WorkSpace/CSharp/BannerlordModEditor/BannerlordModEditor.Common/BannerlordModEditor.Common.csproj]
         /root/WorkSpace/CSharp/BannerlordModEditor/BannerlordModEditor.Common/Models/Data/CombatParametersModel.cs(64,23): warning CS8618: 在退出构造函数时，不可为 null 的 属性 "VerticalRotLimitMultiplierDown" 必须包含非 null 值。请考虑添加 "required" 修饰符或将该 属性 声明为可为 null。 [/root/WorkSpace/CSharp/BannerlordModEditor/BannerlordModEditor.Common/BannerlordModEditor.Common.csproj]
         /root/WorkSpace/CSharp/BannerlordModEditor/BannerlordModEditor.Common/Models/Data/CombatParametersModel.cs(67,23): warning CS8618: 在退出构造函数时，不可为 null 的 属性 "LeftRiderRotLimit" 必须包含非 null 值。请考虑添加 "required" 修饰符或将该 属性 声明为可为 null。 [/root/WorkSpace/CSharp/BannerlordModEditor/BannerlordModEditor.Common/BannerlordModEditor.Common.csproj]
         /root/WorkSpace/CSharp/BannerlordModEditor/BannerlordModEditor.Common/Models/Data/CombatParametersModel.cs(70,23): warning CS8618: 在退出构造函数时，不可为 null 的 属性 "RightRiderRotLimit" 必须包含非 null 值。请考虑添加 "required" 修饰符或将该 属性 声明为可为 null。 [/root/WorkSpace/CSharp/BannerlordModEditor/BannerlordModEditor.Common/BannerlordModEditor.Common.csproj]
         /root/WorkSpace/CSharp/BannerlordModEditor/BannerlordModEditor.Common/Models/Data/CombatParametersModel.cs(73,23): warning CS8618: 在退出构造函数时，不可为 null 的 属性 "LeftRiderMinRotLimit" 必须包含非 null 值。请考虑添加 "required" 修饰符或将该 属性 声明为可为 null。 [/root/WorkSpace/CSharp/BannerlordModEditor/BannerlordModEditor.Common/BannerlordModEditor.Common.csproj]
         /root/WorkSpace/CSharp/BannerlordModEditor/BannerlordModEditor.Common/Models/Data/CombatParametersModel.cs(76,23): warning CS8618: 在退出构造函数时，不可为 null 的 属性 "RightRiderMinRotLimit" 必须包含非 null 值。请考虑添加 "required" 修饰符或将该 属性 声明为可为 null。 [/root/WorkSpace/CSharp/BannerlordModEditor/BannerlordModEditor.Common/BannerlordModEditor.Common.csproj]
         /root/WorkSpace/CSharp/BannerlordModEditor/BannerlordModEditor.Common/Models/Data/CombatParametersModel.cs(79,23): warning CS8618: 在退出构造函数时，不可为 null 的 属性 "RiderLookDownLimit" 必须包含非 null 值。请考虑添加 "required" 修饰符或将该 属性 声明为可为 null。 [/root/WorkSpace/CSharp/BannerlordModEditor/BannerlordModEditor.Common/BannerlordModEditor.Common.csproj]
         /root/WorkSpace/CSharp/BannerlordModEditor/BannerlordModEditor.Common/Models/Data/CombatParametersModel.cs(82,23): warning CS8618: 在退出构造函数时，不可为 null 的 属性 "LeftLadderRotLimit" 必须包含非 null 值。请考虑添加 "required" 修饰符或将该 属性 声明为可为 null。 [/root/WorkSpace/CSharp/BannerlordModEditor/BannerlordModEditor.Common/BannerlordModEditor.Common.csproj]
         /root/WorkSpace/CSharp/BannerlordModEditor/BannerlordModEditor.Common/Models/Data/CombatParametersModel.cs(85,23): warning CS8618: 在退出构造函数时，不可为 null 的 属性 "RightLadderRotLimit" 必须包含非 null 值。请考虑添加 "required" 修饰符或将该 属性 声明为可为 null。 [/root/WorkSpace/CSharp/BannerlordModEditor/BannerlordModEditor.Common/BannerlordModEditor.Common.csproj]
         /root/WorkSpace/CSharp/BannerlordModEditor/BannerlordModEditor.Common/Models/Data/CombatParametersModel.cs(88,23): warning CS8618: 在退出构造函数时，不可为 null 的 属性 "CollisionCheckStartingPercent" 必须包含非 null 值。请考虑添加 "required" 修饰符或将该 属性 声明为可为 null。 [/root/WorkSpace/CSharp/BannerlordModEditor/BannerlordModEditor.Common/BannerlordModEditor.Common.csproj]
         /root/WorkSpace/CSharp/BannerlordModEditor/BannerlordModEditor.Common/Models/Data/CombatParametersModel.cs(91,23): warning CS8618: 在退出构造函数时，不可为 null 的 属性 "CollisionCheckEndingPercent" 必须包含非 null 值。请考虑添加 "required" 修饰符或将该 属性 声明为可为 null。 [/root/WorkSpace/CSharp/BannerlordModEditor/BannerlordModEditor.Common/BannerlordModEditor.Common.csproj]
         /root/WorkSpace/CSharp/BannerlordModEditor/BannerlordModEditor.Common/Models/Data/CombatParametersModel.cs(94,23): warning CS8618: 在退出构造函数时，不可为 null 的 属性 "CollisionDamageStartingPercent" 必须包含非 null 值。请考虑添加 "required" 修饰符或将该 属性 声明为可为 null。 [/root/WorkSpace/CSharp/BannerlordModEditor/BannerlordModEditor.Common/BannerlordModEditor.Common.csproj]
         /root/WorkSpace/CSharp/BannerlordModEditor/BannerlordModEditor.Common/Models/Data/CombatParametersModel.cs(97,23): warning CS8618: 在退出构造函数时，不可为 null 的 属性 "CollisionRadius" 必须包含非 null 值。请考虑添加 "required" 修饰符或将该 属性 声明为可为 null。 [/root/WorkSpace/CSharp/BannerlordModEditor/BannerlordModEditor.Common/BannerlordModEditor.Common.csproj]
         /root/WorkSpace/CSharp/BannerlordModEditor/BannerlordModEditor.Common/Models/Data/CombatParametersModel.cs(100,23): warning CS8618: 在退出构造函数时，不可为 null 的 属性 "AlternativeAttackCooldownPeriod" 必须包含非 null 值。请考虑添加 "required" 修饰符或将该 属性 声明为可为 null。 [/root/WorkSpace/CSharp/BannerlordModEditor/BannerlordModEditor.Common/BannerlordModEditor.Common.csproj]
         /root/WorkSpace/CSharp/BannerlordModEditor/BannerlordModEditor.Common/Models/Data/CombatParametersModel.cs(103,23): warning CS8618: 在退出构造函数时，不可为 null 的 属性 "HitBoneIndex" 必须包含非 null 值。请考虑添加 "required" 修饰符或将该 属性 声明为可为 null。 [/root/WorkSpace/CSharp/BannerlordModEditor/BannerlordModEditor.Common/BannerlordModEditor.Common.csproj]
         /root/WorkSpace/CSharp/BannerlordModEditor/BannerlordModEditor.Common/Models/Data/CombatParametersModel.cs(106,23): warning CS8618: 在退出构造函数时，不可为 null 的 属性 "ShoulderHitBoneIndex" 必须包含非 null 值。请考虑添加 "required" 修饰符或将该 属性 声明为可为 null。 [/root/WorkSpace/CSharp/BannerlordModEditor/BannerlordModEditor.Common/BannerlordModEditor.Common.csproj]
         /root/WorkSpace/CSharp/BannerlordModEditor/BannerlordModEditor.Common/Models/Data/CombatParametersModel.cs(109,23): warning CS8618: 在退出构造函数时，不可为 null 的 属性 "LookSlopeBlendFactorUpLimit" 必须包含非 null 值。请考虑添加 "required" 修饰符或将该 属性 声明为可为 null。 [/root/WorkSpace/CSharp/BannerlordModEditor/BannerlordModEditor.Common/BannerlordModEditor.Common.csproj]
         /root/WorkSpace/CSharp/BannerlordModEditor/BannerlordModEditor.Common/Models/Data/CombatParametersModel.cs(112,23): warning CS8618: 在退出构造函数时，不可为 null 的 属性 "LookSlopeBlendFactorDownLimit" 必须包含非 null 值。请考虑添加 "required" 修饰符或将该 属性 声明为可为 null。 [/root/WorkSpace/CSharp/BannerlordModEditor/BannerlordModEditor.Common/BannerlordModEditor.Common.csproj]
         /root/WorkSpace/CSharp/BannerlordModEditor/BannerlordModEditor.Common/Models/Data/CombatParametersModel.cs(115,23): warning CS8618: 在退出构造函数时，不可为 null 的 属性 "LookSlopeBlendSpeedFactor" 必须包含非 null 值。请考虑添加 "required" 修饰符或将该 属性 声明为可为 null。 [/root/WorkSpace/CSharp/BannerlordModEditor/BannerlordModEditor.Common/BannerlordModEditor.Common.csproj]
         /root/WorkSpace/CSharp/BannerlordModEditor/BannerlordModEditor.Common/Models/Data/CombatParametersModel.cs(118,44): warning CS8618: 在退出构造函数时，不可为 null 的 属性 "CustomCollisionCapsule" 必须包含非 null 值。请考虑添加 "required" 修饰符或将该 属性 声明为可为 null。 [/root/WorkSpace/CSharp/BannerlordModEditor/BannerlordModEditor.Common/BannerlordModEditor.Common.csproj]
         /root/WorkSpace/CSharp/BannerlordModEditor/BannerlordModEditor.Common/Mappers/MpItemsMapper.cs(188,40): warning CS8603: 可能返回 null 引用。 [/root/WorkSpace/CSharp/BannerlordModEditor/BannerlordModEditor.Common/BannerlordModEditor.Common.csproj]
         /root/WorkSpace/CSharp/BannerlordModEditor/BannerlordModEditor.Common/Mappers/MPClassDivisionsMapper.cs(109,36): warning CS8603: 可能返回 null 引用。 [/root/WorkSpace/CSharp/BannerlordModEditor/BannerlordModEditor.Common/BannerlordModEditor.Common.csproj]
         /root/WorkSpace/CSharp/BannerlordModEditor/BannerlordModEditor.Common/Models/Data/CraftingTemplates.cs(122,23): warning CS8618: 在退出构造函数时，不可为 null 的 属性 "PieceId" 必须包含非 null 值。请考虑添加 "required" 修饰符或将该 属性 声明为可为 null。 [/root/WorkSpace/CSharp/BannerlordModEditor/BannerlordModEditor.Common/BannerlordModEditor.Common.csproj]
         /root/WorkSpace/CSharp/BannerlordModEditor/BannerlordModEditor.Common/Models/Data/CraftingTemplates.cs(125,23): warning CS8618: 在退出构造函数时，不可为 null 的 属性 "MpPiece" 必须包含非 null 值。请考虑添加 "required" 修饰符或将该 属性 声明为可为 null。 [/root/WorkSpace/CSharp/BannerlordModEditor/BannerlordModEditor.Common/BannerlordModEditor.Common.csproj]
         /root/WorkSpace/CSharp/BannerlordModEditor/BannerlordModEditor.Common/Mappers/MpItemsMapper.cs(225,40): warning CS8603: 可能返回 null 引用。 [/root/WorkSpace/CSharp/BannerlordModEditor/BannerlordModEditor.Common/BannerlordModEditor.Common.csproj]
         /root/WorkSpace/CSharp/BannerlordModEditor/BannerlordModEditor.Common/Mappers/MpItemsMapper.cs(239,42): warning CS8604: “AdditionalMeshesDTO MpItemsMapper.ToDTO(AdditionalMeshesDO source)”中的形参“source”可能传入 null 引用实参。 [/root/WorkSpace/CSharp/BannerlordModEditor/BannerlordModEditor.Common/BannerlordModEditor.Common.csproj]
         /root/WorkSpace/CSharp/BannerlordModEditor/BannerlordModEditor.Common/Mappers/MpItemsMapper.cs(240,35): warning CS8604: “MpItemMaterialsDTO MpItemsMapper.ToDTO(MpItemMaterialsDO source)”中的形参“source”可能传入 null 引用实参。 [/root/WorkSpace/CSharp/BannerlordModEditor/BannerlordModEditor.Common/BannerlordModEditor.Common.csproj]
         /root/WorkSpace/CSharp/BannerlordModEditor/BannerlordModEditor.Common/Mappers/MpItemsMapper.cs(246,40): warning CS8603: 可能返回 null 引用。 [/root/WorkSpace/CSharp/BannerlordModEditor/BannerlordModEditor.Common/BannerlordModEditor.Common.csproj]
         /root/WorkSpace/CSharp/BannerlordModEditor/BannerlordModEditor.Common/Models/Data/CombatParameters.cs(43,23): warning CS8618: 在退出构造函数时，不可为 null 的 属性 "Id" 必须包含非 null 值。请考虑添加 "required" 修饰符或将该 属性 声明为可为 null。 [/root/WorkSpace/CSharp/BannerlordModEditor/BannerlordModEditor.Common/BannerlordModEditor.Common.csproj]
         /root/WorkSpace/CSharp/BannerlordModEditor/BannerlordModEditor.Common/Models/Data/CombatParameters.cs(46,23): warning CS8618: 在退出构造函数时，不可为 null 的 属性 "CollisionCheckStartingPercent" 必须包含非 null 值。请考虑添加 "required" 修饰符或将该 属性 声明为可为 null。 [/root/WorkSpace/CSharp/BannerlordModEditor/BannerlordModEditor.Common/BannerlordModEditor.Common.csproj]
         /root/WorkSpace/CSharp/BannerlordModEditor/BannerlordModEditor.Common/Models/Data/CombatParameters.cs(50,23): warning CS8618: 在退出构造函数时，不可为 null 的 属性 "CollisionDamageStartingPercent" 必须包含非 null 值。请考虑添加 "required" 修饰符或将该 属性 声明为可为 null。 [/root/WorkSpace/CSharp/BannerlordModEditor/BannerlordModEditor.Common/BannerlordModEditor.Common.csproj]
         /root/WorkSpace/CSharp/BannerlordModEditor/BannerlordModEditor.Common/Models/Data/CombatParameters.cs(54,23): warning CS8618: 在退出构造函数时，不可为 null 的 属性 "CollisionCheckEndingPercent" 必须包含非 null 值。请考虑添加 "required" 修饰符或将该 属性 声明为可为 null。 [/root/WorkSpace/CSharp/BannerlordModEditor/BannerlordModEditor.Common/BannerlordModEditor.Common.csproj]
         /root/WorkSpace/CSharp/BannerlordModEditor/BannerlordModEditor.Common/Models/Data/CombatParameters.cs(58,23): warning CS8618: 在退出构造函数时，不可为 null 的 属性 "VerticalRotLimitMultiplierUp" 必须包含非 null 值。请考虑添加 "required" 修饰符或将该 属性 声明为可为 null。 [/root/WorkSpace/CSharp/BannerlordModEditor/BannerlordModEditor.Common/BannerlordModEditor.Common.csproj]
         /root/WorkSpace/CSharp/BannerlordModEditor/BannerlordModEditor.Common/Models/Data/CombatParameters.cs(62,23): warning CS8618: 在退出构造函数时，不可为 null 的 属性 "VerticalRotLimitMultiplierDown" 必须包含非 null 值。请考虑添加 "required" 修饰符或将该 属性 声明为可为 null。 [/root/WorkSpace/CSharp/BannerlordModEditor/BannerlordModEditor.Common/BannerlordModEditor.Common.csproj]
         /root/WorkSpace/CSharp/BannerlordModEditor/BannerlordModEditor.Common/Models/Data/CombatParameters.cs(66,23): warning CS8618: 在退出构造函数时，不可为 null 的 属性 "LeftRiderRotLimit" 必须包含非 null 值。请考虑添加 "required" 修饰符或将该 属性 声明为可为 null。 [/root/WorkSpace/CSharp/BannerlordModEditor/BannerlordModEditor.Common/BannerlordModEditor.Common.csproj]
         /root/WorkSpace/CSharp/BannerlordModEditor/BannerlordModEditor.Common/Models/Data/CombatParameters.cs(70,23): warning CS8618: 在退出构造函数时，不可为 null 的 属性 "LeftRiderMinRotLimit" 必须包含非 null 值。请考虑添加 "required" 修饰符或将该 属性 声明为可为 null。 [/root/WorkSpace/CSharp/BannerlordModEditor/BannerlordModEditor.Common/BannerlordModEditor.Common.csproj]
         /root/WorkSpace/CSharp/BannerlordModEditor/BannerlordModEditor.Common/Models/Data/CombatParameters.cs(74,23): warning CS8618: 在退出构造函数时，不可为 null 的 属性 "RightRiderRotLimit" 必须包含非 null 值。请考虑添加 "required" 修饰符或将该 属性 声明为可为 null。 [/root/WorkSpace/CSharp/BannerlordModEditor/BannerlordModEditor.Common/BannerlordModEditor.Common.csproj]
         /root/WorkSpace/CSharp/BannerlordModEditor/BannerlordModEditor.Common/Models/Data/CombatParameters.cs(78,23): warning CS8618: 在退出构造函数时，不可为 null 的 属性 "RightRiderMinRotLimit" 必须包含非 null 值。请考虑添加 "required" 修饰符或将该 属性 声明为可为 null。 [/root/WorkSpace/CSharp/BannerlordModEditor/BannerlordModEditor.Common/BannerlordModEditor.Common.csproj]
         /root/WorkSpace/CSharp/BannerlordModEditor/BannerlordModEditor.Common/Models/Data/CombatParameters.cs(82,23): warning CS8618: 在退出构造函数时，不可为 null 的 属性 "RiderLookDownLimit" 必须包含非 null 值。请考虑添加 "required" 修饰符或将该 属性 声明为可为 null。 [/root/WorkSpace/CSharp/BannerlordModEditor/BannerlordModEditor.Common/BannerlordModEditor.Common.csproj]
         /root/WorkSpace/CSharp/BannerlordModEditor/BannerlordModEditor.Common/Models/Data/CombatParameters.cs(86,23): warning CS8618: 在退出构造函数时，不可为 null 的 属性 "LeftLadderRotLimit" 必须包含非 null 值。请考虑添加 "required" 修饰符或将该 属性 声明为可为 null。 [/root/WorkSpace/CSharp/BannerlordModEditor/BannerlordModEditor.Common/BannerlordModEditor.Common.csproj]
         /root/WorkSpace/CSharp/BannerlordModEditor/BannerlordModEditor.Common/Models/Data/CombatParameters.cs(90,23): warning CS8618: 在退出构造函数时，不可为 null 的 属性 "RightLadderRotLimit" 必须包含非 null 值。请考虑添加 "required" 修饰符或将该 属性 声明为可为 null。 [/root/WorkSpace/CSharp/BannerlordModEditor/BannerlordModEditor.Common/BannerlordModEditor.Common.csproj]
         /root/WorkSpace/CSharp/BannerlordModEditor/BannerlordModEditor.Common/Models/Data/CombatParameters.cs(94,23): warning CS8618: 在退出构造函数时，不可为 null 的 属性 "WeaponOffset" 必须包含非 null 值。请考虑添加 "required" 修饰符或将该 属性 声明为可为 null。 [/root/WorkSpace/CSharp/BannerlordModEditor/BannerlordModEditor.Common/BannerlordModEditor.Common.csproj]
         /root/WorkSpace/CSharp/BannerlordModEditor/BannerlordModEditor.Common/Models/Data/CombatParameters.cs(98,23): warning CS8618: 在退出构造函数时，不可为 null 的 属性 "CollisionRadius" 必须包含非 null 值。请考虑添加 "required" 修饰符或将该 属性 声明为可为 null。 [/root/WorkSpace/CSharp/BannerlordModEditor/BannerlordModEditor.Common/BannerlordModEditor.Common.csproj]
         /root/WorkSpace/CSharp/BannerlordModEditor/BannerlordModEditor.Common/Models/Data/CombatParameters.cs(102,23): warning CS8618: 在退出构造函数时，不可为 null 的 属性 "AlternativeAttackCooldownPeriod" 必须包含非 null 值。请考虑添加 "required" 修饰符或将该 属性 声明为可为 null。 [/root/WorkSpace/CSharp/BannerlordModEditor/BannerlordModEditor.Common/BannerlordModEditor.Common.csproj]
         /root/WorkSpace/CSharp/BannerlordModEditor/BannerlordModEditor.Common/Models/Data/CombatParameters.cs(106,23): warning CS8618: 在退出构造函数时，不可为 null 的 属性 "HitBoneIndex" 必须包含非 null 值。请考虑添加 "required" 修饰符或将该 属性 声明为可为 null。 [/root/WorkSpace/CSharp/BannerlordModEditor/BannerlordModEditor.Common/BannerlordModEditor.Common.csproj]
         /root/WorkSpace/CSharp/BannerlordModEditor/BannerlordModEditor.Common/Models/Data/CombatParameters.cs(110,23): warning CS8618: 在退出构造函数时，不可为 null 的 属性 "ShoulderHitBoneIndex" 必须包含非 null 值。请考虑添加 "required" 修饰符或将该 属性 声明为可为 null。 [/root/WorkSpace/CSharp/BannerlordModEditor/BannerlordModEditor.Common/BannerlordModEditor.Common.csproj]
         /root/WorkSpace/CSharp/BannerlordModEditor/BannerlordModEditor.Common/Models/Data/CombatParameters.cs(114,23): warning CS8618: 在退出构造函数时，不可为 null 的 属性 "LookSlopeBlendFactorUpLimit" 必须包含非 null 值。请考虑添加 "required" 修饰符或将该 属性 声明为可为 null。 [/root/WorkSpace/CSharp/BannerlordModEditor/BannerlordModEditor.Common/BannerlordModEditor.Common.csproj]
         /root/WorkSpace/CSharp/BannerlordModEditor/BannerlordModEditor.Common/Models/Data/CombatParameters.cs(118,23): warning CS8618: 在退出构造函数时，不可为 null 的 属性 "LookSlopeBlendFactorDownLimit" 必须包含非 null 值。请考虑添加 "required" 修饰符或将该 属性 声明为可为 null。 [/root/WorkSpace/CSharp/BannerlordModEditor/BannerlordModEditor.Common/BannerlordModEditor.Common.csproj]
         /root/WorkSpace/CSharp/BannerlordModEditor/BannerlordModEditor.Common/Models/Data/CombatParameters.cs(122,23): warning CS8618: 在退出构造函数时，不可为 null 的 属性 "LookSlopeBlendSpeedFactor" 必须包含非 null 值。请考虑添加 "required" 修饰符或将该 属性 声明为可为 null。 [/root/WorkSpace/CSharp/BannerlordModEditor/BannerlordModEditor.Common/BannerlordModEditor.Common.csproj]
         /root/WorkSpace/CSharp/BannerlordModEditor/BannerlordModEditor.Common/Models/Data/CombatParameters.cs(126,39): warning CS8618: 在退出构造函数时，不可为 null 的 属性 "CustomCollisionCapsule" 必须包含非 null 值。请考虑添加 "required" 修饰符或将该 属性 声明为可为 null。 [/root/WorkSpace/CSharp/BannerlordModEditor/BannerlordModEditor.Common/BannerlordModEditor.Common.csproj]
         /root/WorkSpace/CSharp/BannerlordModEditor/BannerlordModEditor.Common/Mappers/MpItemsMapper.cs(256,40): warning CS8603: 可能返回 null 引用。 [/root/WorkSpace/CSharp/BannerlordModEditor/BannerlordModEditor.Common/BannerlordModEditor.Common.csproj]
         /root/WorkSpace/CSharp/BannerlordModEditor/BannerlordModEditor.Common/Mappers/MPClassDivisionsMapper.cs(133,36): warning CS8603: 可能返回 null 引用。 [/root/WorkSpace/CSharp/BannerlordModEditor/BannerlordModEditor.Common/BannerlordModEditor.Common.csproj]
         /root/WorkSpace/CSharp/BannerlordModEditor/BannerlordModEditor.Common/Models/Data/CraftingTemplates.cs(66,32): warning CS8618: 在退出构造函数时，不可为 null 的 属性 "PieceDataList" 必须包含非 null 值。请考虑添加 "required" 修饰符或将该 属性 声明为可为 null。 [/root/WorkSpace/CSharp/BannerlordModEditor/BannerlordModEditor.Common/BannerlordModEditor.Common.csproj]
         /root/WorkSpace/CSharp/BannerlordModEditor/BannerlordModEditor.Common/Mappers/MPClassDivisionsMapper.cs(157,36): warning CS8603: 可能返回 null 引用。 [/root/WorkSpace/CSharp/BannerlordModEditor/BannerlordModEditor.Common/BannerlordModEditor.Common.csproj]
         /root/WorkSpace/CSharp/BannerlordModEditor/BannerlordModEditor.Common/Mappers/MPClassDivisionsMapper.cs(171,36): warning CS8603: 可能返回 null 引用。 [/root/WorkSpace/CSharp/BannerlordModEditor/BannerlordModEditor.Common/BannerlordModEditor.Common.csproj]
         /root/WorkSpace/CSharp/BannerlordModEditor/BannerlordModEditor.Common/Mappers/MpItemsMapper.cs(267,40): warning CS8603: 可能返回 null 引用。 [/root/WorkSpace/CSharp/BannerlordModEditor/BannerlordModEditor.Common/BannerlordModEditor.Common.csproj]
         /root/WorkSpace/CSharp/BannerlordModEditor/BannerlordModEditor.Common/Mappers/ParticleSystemsMapper.cs(212,40): warning CS8603: 可能返回 null 引用。 [/root/WorkSpace/CSharp/BannerlordModEditor/BannerlordModEditor.Common/BannerlordModEditor.Common.csproj]
         /root/WorkSpace/CSharp/BannerlordModEditor/BannerlordModEditor.Common/Mappers/ParticleSystemsMapper.cs(219,33): warning CS8604: “EmittersDO ParticleSystemsMapper.ToDO(EmittersDTO source)”中的形参“source”可能传入 null 引用实参。 [/root/WorkSpace/CSharp/BannerlordModEditor/BannerlordModEditor.Common/BannerlordModEditor.Common.csproj]
         /root/WorkSpace/CSharp/BannerlordModEditor/BannerlordModEditor.Common/Mappers/MpItemsMapper.cs(277,40): warning CS8603: 可能返回 null 引用。 [/root/WorkSpace/CSharp/BannerlordModEditor/BannerlordModEditor.Common/BannerlordModEditor.Common.csproj]
         /root/WorkSpace/CSharp/BannerlordModEditor/BannerlordModEditor.Common/Mappers/MpItemsMapper.cs(282,41): warning CS8604: “MpItemMeshMultipliersDTO MpItemsMapper.ToDTO(MpItemMeshMultipliersDO source)”中的形参“source”可能传入 null 引用实参。 [/root/WorkSpace/CSharp/BannerlordModEditor/BannerlordModEditor.Common/BannerlordModEditor.Common.csproj]
         /root/WorkSpace/CSharp/BannerlordModEditor/BannerlordModEditor.Common/Models/Data/CraftingTemplates.cs(19,23): warning CS8618: 在退出构造函数时，不可为 null 的 属性 "Id" 必须包含非 null 值。请考虑添加 "required" 修饰符或将该 属性 声明为可为 null。 [/root/WorkSpace/CSharp/BannerlordModEditor/BannerlordModEditor.Common/BannerlordModEditor.Common.csproj]
         /root/WorkSpace/CSharp/BannerlordModEditor/BannerlordModEditor.Common/Models/Data/CraftingTemplates.cs(22,23): warning CS8618: 在退出构造函数时，不可为 null 的 属性 "ItemType" 必须包含非 null 值。请考虑添加 "required" 修饰符或将该 属性 声明为可为 null。 [/root/WorkSpace/CSharp/BannerlordModEditor/BannerlordModEditor.Common/BannerlordModEditor.Common.csproj]
         /root/WorkSpace/CSharp/BannerlordModEditor/BannerlordModEditor.Common/Models/Data/CraftingTemplates.cs(25,23): warning CS8618: 在退出构造函数时，不可为 null 的 属性 "ModifierGroup" 必须包含非 null 值。请考虑添加 "required" 修饰符或将该 属性 声明为可为 null。 [/root/WorkSpace/CSharp/BannerlordModEditor/BannerlordModEditor.Common/BannerlordModEditor.Common.csproj]
         /root/WorkSpace/CSharp/BannerlordModEditor/BannerlordModEditor.Common/Models/Data/CraftingTemplates.cs(28,23): warning CS8618: 在退出构造函数时，不可为 null 的 属性 "ItemHolsters" 必须包含非 null 值。请考虑添加 "required" 修饰符或将该 属性 声明为可为 null。 [/root/WorkSpace/CSharp/BannerlordModEditor/BannerlordModEditor.Common/BannerlordModEditor.Common.csproj]
         /root/WorkSpace/CSharp/BannerlordModEditor/BannerlordModEditor.Common/Models/Data/CraftingTemplates.cs(31,23): warning CS8618: 在退出构造函数时，不可为 null 的 属性 "PieceTypeToScaleHolsterWith" 必须包含非 null 值。请考虑添加 "required" 修饰符或将该 属性 声明为可为 null。 [/root/WorkSpace/CSharp/BannerlordModEditor/BannerlordModEditor.Common/BannerlordModEditor.Common.csproj]
         /root/WorkSpace/CSharp/BannerlordModEditor/BannerlordModEditor.Common/Models/Data/CraftingTemplates.cs(34,23): warning CS8618: 在退出构造函数时，不可为 null 的 属性 "HiddenPieceTypesOnHolster" 必须包含非 null 值。请考虑添加 "required" 修饰符或将该 属性 声明为可为 null。 [/root/WorkSpace/CSharp/BannerlordModEditor/BannerlordModEditor.Common/BannerlordModEditor.Common.csproj]
         /root/WorkSpace/CSharp/BannerlordModEditor/BannerlordModEditor.Common/Models/Data/CraftingTemplates.cs(37,23): warning CS8618: 在退出构造函数时，不可为 null 的 属性 "DefaultItemHolsterPositionOffset" 必须包含非 null 值。请考虑添加 "required" 修饰符或将该 属性 声明为可为 null。 [/root/WorkSpace/CSharp/BannerlordModEditor/BannerlordModEditor.Common/BannerlordModEditor.Common.csproj]
         /root/WorkSpace/CSharp/BannerlordModEditor/BannerlordModEditor.Common/Models/Data/CraftingTemplates.cs(40,23): warning CS8618: 在退出构造函数时，不可为 null 的 属性 "AlwaysShowHolsterWithWeapon" 必须包含非 null 值。请考虑添加 "required" 修饰符或将该 属性 声明为可为 null。 [/root/WorkSpace/CSharp/BannerlordModEditor/BannerlordModEditor.Common/BannerlordModEditor.Common.csproj]
         /root/WorkSpace/CSharp/BannerlordModEditor/BannerlordModEditor.Common/Models/Data/CraftingTemplates.cs(43,23): warning CS8618: 在退出构造函数时，不可为 null 的 属性 "UseWeaponAsHolsterMesh" 必须包含非 null 值。请考虑添加 "required" 修饰符或将该 属性 声明为可为 null。 [/root/WorkSpace/CSharp/BannerlordModEditor/BannerlordModEditor.Common/BannerlordModEditor.Common.csproj]
         /root/WorkSpace/CSharp/BannerlordModEditor/BannerlordModEditor.Common/Models/Data/CraftingTemplates.cs(46,27): warning CS8618: 在退出构造函数时，不可为 null 的 属性 "PieceDatas" 必须包含非 null 值。请考虑添加 "required" 修饰符或将该 属性 声明为可为 null。 [/root/WorkSpace/CSharp/BannerlordModEditor/BannerlordModEditor.Common/BannerlordModEditor.Common.csproj]
         /root/WorkSpace/CSharp/BannerlordModEditor/BannerlordModEditor.Common/Models/Data/CraftingTemplates.cs(49,43): warning CS8618: 在退出构造函数时，不可为 null 的 属性 "WeaponDescriptions" 必须包含非 null 值。请考虑添加 "required" 修饰符或将该 属性 声明为可为 null。 [/root/WorkSpace/CSharp/BannerlordModEditor/BannerlordModEditor.Common/BannerlordModEditor.Common.csproj]
         /root/WorkSpace/CSharp/BannerlordModEditor/BannerlordModEditor.Common/Models/Data/CraftingTemplates.cs(52,32): warning CS8618: 在退出构造函数时，不可为 null 的 属性 "StatsDataList" 必须包含非 null 值。请考虑添加 "required" 修饰符或将该 属性 声明为可为 null。 [/root/WorkSpace/CSharp/BannerlordModEditor/BannerlordModEditor.Common/BannerlordModEditor.Common.csproj]
         /root/WorkSpace/CSharp/BannerlordModEditor/BannerlordModEditor.Common/Models/Data/CraftingTemplates.cs(55,29): warning CS8618: 在退出构造函数时，不可为 null 的 属性 "UsablePieces" 必须包含非 null 值。请考虑添加 "required" 修饰符或将该 属性 声明为可为 null。 [/root/WorkSpace/CSharp/BannerlordModEditor/BannerlordModEditor.Common/BannerlordModEditor.Common.csproj]
         /root/WorkSpace/CSharp/BannerlordModEditor/BannerlordModEditor.Common/Models/Data/CreditsLegalPC.cs(11,31): warning CS8618: 在退出构造函数时，不可为 null 的 属性 "Categories" 必须包含非 null 值。请考虑添加 "required" 修饰符或将该 属性 声明为可为 null。 [/root/WorkSpace/CSharp/BannerlordModEditor/BannerlordModEditor.Common/BannerlordModEditor.Common.csproj]
         /root/WorkSpace/CSharp/BannerlordModEditor/BannerlordModEditor.Common/Models/Data/CreditsLegalPC.cs(42,23): warning CS8618: 在退出构造函数时，不可为 null 的 属性 "Text" 必须包含非 null 值。请考虑添加 "required" 修饰符或将该 属性 声明为可为 null。 [/root/WorkSpace/CSharp/BannerlordModEditor/BannerlordModEditor.Common/BannerlordModEditor.Common.csproj]
         /root/WorkSpace/CSharp/BannerlordModEditor/BannerlordModEditor.Common/Models/Data/CreditsLegalPC.cs(45,28): warning CS8618: 在退出构造函数时，不可为 null 的 属性 "Entries" 必须包含非 null 值。请考虑添加 "required" 修饰符或将该 属性 声明为可为 null。 [/root/WorkSpace/CSharp/BannerlordModEditor/BannerlordModEditor.Common/BannerlordModEditor.Common.csproj]
         /root/WorkSpace/CSharp/BannerlordModEditor/BannerlordModEditor.Common/Models/Data/CreditsLegalPC.cs(61,23): warning CS8618: 在退出构造函数时，不可为 null 的 属性 "Text" 必须包含非 null 值。请考虑添加 "required" 修饰符或将该 属性 声明为可为 null。 [/root/WorkSpace/CSharp/BannerlordModEditor/BannerlordModEditor.Common/BannerlordModEditor.Common.csproj]
         /root/WorkSpace/CSharp/BannerlordModEditor/BannerlordModEditor.Common/Mappers/ParticleSystemsMapper.cs(225,40): warning CS8603: 可能返回 null 引用。 [/root/WorkSpace/CSharp/BannerlordModEditor/BannerlordModEditor.Common/BannerlordModEditor.Common.csproj]
         /root/WorkSpace/CSharp/BannerlordModEditor/BannerlordModEditor.Common/Models/Data/CreditsLegalPC.cs(53,23): warning CS8618: 在退出构造函数时，不可为 null 的 属性 "Text" 必须包含非 null 值。请考虑添加 "required" 修饰符或将该 属性 声明为可为 null。 [/root/WorkSpace/CSharp/BannerlordModEditor/BannerlordModEditor.Common/BannerlordModEditor.Common.csproj]
         /root/WorkSpace/CSharp/BannerlordModEditor/BannerlordModEditor.Common/Models/Data/CreditsXmlModel.cs(61,23): warning CS8618: 在退出构造函数时，不可为 null 的 属性 "Text" 必须包含非 null 值。请考虑添加 "required" 修饰符或将该 属性 声明为可为 null。 [/root/WorkSpace/CSharp/BannerlordModEditor/BannerlordModEditor.Common/BannerlordModEditor.Common.csproj]
         /root/WorkSpace/CSharp/BannerlordModEditor/BannerlordModEditor.Common/Mappers/MpItemsMapper.cs(288,40): warning CS8603: 可能返回 null 引用。 [/root/WorkSpace/CSharp/BannerlordModEditor/BannerlordModEditor.Common/BannerlordModEditor.Common.csproj]
         /root/WorkSpace/CSharp/BannerlordModEditor/BannerlordModEditor.Common/Models/Data/CreditsXmlModel.cs(72,23): warning CS8618: 在退出构造函数时，不可为 null 的 属性 "Name" 必须包含非 null 值。请考虑添加 "required" 修饰符或将该 属性 声明为可为 null。 [/root/WorkSpace/CSharp/BannerlordModEditor/BannerlordModEditor.Common/BannerlordModEditor.Common.csproj]
         /root/WorkSpace/CSharp/BannerlordModEditor/BannerlordModEditor.Common/Models/Data/CreditsXmlModel.cs(75,23): warning CS8618: 在退出构造函数时，不可为 null 的 属性 "PlatformSpecific" 必须包含非 null 值。请考虑添加 "required" 修饰符或将该 属性 声明为可为 null。 [/root/WorkSpace/CSharp/BannerlordModEditor/BannerlordModEditor.Common/BannerlordModEditor.Common.csproj]
         /root/WorkSpace/CSharp/BannerlordModEditor/BannerlordModEditor.Common/Models/Data/CreditsXmlModel.cs(78,23): warning CS8618: 在退出构造函数时，不可为 null 的 属性 "ConsoleSpecific" 必须包含非 null 值。请考虑添加 "required" 修饰符或将该 属性 声明为可为 null。 [/root/WorkSpace/CSharp/BannerlordModEditor/BannerlordModEditor.Common/BannerlordModEditor.Common.csproj]
         /root/WorkSpace/CSharp/BannerlordModEditor/BannerlordModEditor.Common/Mappers/MpItemsMapper.cs(298,40): warning CS8603: 可能返回 null 引用。 [/root/WorkSpace/CSharp/BannerlordModEditor/BannerlordModEditor.Common/BannerlordModEditor.Common.csproj]
         /root/WorkSpace/CSharp/BannerlordModEditor/BannerlordModEditor.Common/Models/Data/DecalSets.cs(23,31): warning CS8618: 在退出构造函数时，不可为 null 的 属性 "Items" 必须包含非 null 值。请考虑添加 "required" 修饰符或将该 属性 声明为可为 null。 [/root/WorkSpace/CSharp/BannerlordModEditor/BannerlordModEditor.Common/BannerlordModEditor.Common.csproj]
         /root/WorkSpace/CSharp/BannerlordModEditor/BannerlordModEditor.Common/Models/Data/DecalSets.cs(11,23): warning CS8618: 在退出构造函数时，不可为 null 的 属性 "Type" 必须包含非 null 值。请考虑添加 "required" 修饰符或将该 属性 声明为可为 null。 [/root/WorkSpace/CSharp/BannerlordModEditor/BannerlordModEditor.Common/BannerlordModEditor.Common.csproj]
         /root/WorkSpace/CSharp/BannerlordModEditor/BannerlordModEditor.Common/Models/Data/DecalSets.cs(14,26): warning CS8618: 在退出构造函数时，不可为 null 的 属性 "DecalSets" 必须包含非 null 值。请考虑添加 "required" 修饰符或将该 属性 声明为可为 null。 [/root/WorkSpace/CSharp/BannerlordModEditor/BannerlordModEditor.Common/BannerlordModEditor.Common.csproj]
         /root/WorkSpace/CSharp/BannerlordModEditor/BannerlordModEditor.Common/Models/Data/CreditsXmlModel.cs(46,23): warning CS8618: 在退出构造函数时，不可为 null 的 属性 "Text" 必须包含非 null 值。请考虑添加 "required" 修饰符或将该 属性 声明为可为 null。 [/root/WorkSpace/CSharp/BannerlordModEditor/BannerlordModEditor.Common/BannerlordModEditor.Common.csproj]
         /root/WorkSpace/CSharp/BannerlordModEditor/BannerlordModEditor.Common/Models/Data/CreditsXmlModel.cs(49,35): warning CS8618: 在退出构造函数时，不可为 null 的 属性 "Entries" 必须包含非 null 值。请考虑添加 "required" 修饰符或将该 属性 声明为可为 null。 [/root/WorkSpace/CSharp/BannerlordModEditor/BannerlordModEditor.Common/BannerlordModEditor.Common.csproj]
         /root/WorkSpace/CSharp/BannerlordModEditor/BannerlordModEditor.Common/Models/Data/CreditsXmlModel.cs(52,39): warning CS8618: 在退出构造函数时，不可为 null 的 属性 "EmptyLines" 必须包含非 null 值。请考虑添加 "required" 修饰符或将该 属性 声明为可为 null。 [/root/WorkSpace/CSharp/BannerlordModEditor/BannerlordModEditor.Common/BannerlordModEditor.Common.csproj]
         /root/WorkSpace/CSharp/BannerlordModEditor/BannerlordModEditor.Common/Mappers/ParticleSystemsMapper.cs(235,40): warning CS8603: 可能返回 null 引用。 [/root/WorkSpace/CSharp/BannerlordModEditor/BannerlordModEditor.Common/BannerlordModEditor.Common.csproj]
         /root/WorkSpace/CSharp/BannerlordModEditor/BannerlordModEditor.Common/Mappers/ParticleSystemsMapper.cs(241,33): warning CS8604: “ChildrenDO ParticleSystemsMapper.ToDO(ChildrenDTO source)”中的形参“source”可能传入 null 引用实参。 [/root/WorkSpace/CSharp/BannerlordModEditor/BannerlordModEditor.Common/BannerlordModEditor.Common.csproj]
         /root/WorkSpace/CSharp/BannerlordModEditor/BannerlordModEditor.Common/Mappers/ParticleSystemsMapper.cs(242,30): warning CS8604: “ParticleFlagsDO ParticleSystemsMapper.ToDO(ParticleFlagsDTO source)”中的形参“source”可能传入 null 引用实参。 [/root/WorkSpace/CSharp/BannerlordModEditor/BannerlordModEditor.Common/BannerlordModEditor.Common.csproj]
         /root/WorkSpace/CSharp/BannerlordModEditor/BannerlordModEditor.Common/Mappers/ParticleSystemsMapper.cs(243,35): warning CS8604: “ParametersDO ParticleSystemsMapper.ToDO(ParametersDTO source)”中的形参“source”可能传入 null 引用实参。 [/root/WorkSpace/CSharp/BannerlordModEditor/BannerlordModEditor.Common/BannerlordModEditor.Common.csproj]
         /root/WorkSpace/CSharp/BannerlordModEditor/BannerlordModEditor.Common/Mappers/MpItemsMapper.cs(309,40): warning CS8603: 可能返回 null 引用。 [/root/WorkSpace/CSharp/BannerlordModEditor/BannerlordModEditor.Common/BannerlordModEditor.Common.csproj]
         /root/WorkSpace/CSharp/BannerlordModEditor/BannerlordModEditor.Common/Models/Data/DecalSets.cs(31,23): warning CS8618: 在退出构造函数时，不可为 null 的 属性 "Name" 必须包含非 null 值。请考虑添加 "required" 修饰符或将该 属性 声明为可为 null。 [/root/WorkSpace/CSharp/BannerlordModEditor/BannerlordModEditor.Common/BannerlordModEditor.Common.csproj]
         /root/WorkSpace/CSharp/BannerlordModEditor/BannerlordModEditor.Common/Models/Data/DecalSets.cs(34,23): warning CS8618: 在退出构造函数时，不可为 null 的 属性 "TotalDecalLifeBase" 必须包含非 null 值。请考虑添加 "required" 修饰符或将该 属性 声明为可为 null。 [/root/WorkSpace/CSharp/BannerlordModEditor/BannerlordModEditor.Common/BannerlordModEditor.Common.csproj]
         /root/WorkSpace/CSharp/BannerlordModEditor/BannerlordModEditor.Common/Models/Data/DecalSets.cs(37,23): warning CS8618: 在退出构造函数时，不可为 null 的 属性 "VisibleDecalLifeBase" 必须包含非 null 值。请考虑添加 "required" 修饰符或将该 属性 声明为可为 null。 [/root/WorkSpace/CSharp/BannerlordModEditor/BannerlordModEditor.Common/BannerlordModEditor.Common.csproj]
         /root/WorkSpace/CSharp/BannerlordModEditor/BannerlordModEditor.Common/Models/Data/DecalSets.cs(43,23): warning CS8618: 在退出构造函数时，不可为 null 的 属性 "MinVisibilityArea" 必须包含非 null 值。请考虑添加 "required" 修饰符或将该 属性 声明为可为 null。 [/root/WorkSpace/CSharp/BannerlordModEditor/BannerlordModEditor.Common/BannerlordModEditor.Common.csproj]
         /root/WorkSpace/CSharp/BannerlordModEditor/BannerlordModEditor.Common/Models/Data/DecalTexturesBattle.cs(23,35): warning CS8618: 在退出构造函数时，不可为 null 的 属性 "DecalTextureList" 必须包含非 null 值。请考虑添加 "required" 修饰符或将该 属性 声明为可为 null。 [/root/WorkSpace/CSharp/BannerlordModEditor/BannerlordModEditor.Common/BannerlordModEditor.Common.csproj]
         /root/WorkSpace/CSharp/BannerlordModEditor/BannerlordModEditor.Common/Models/Data/DecalTexturesBattle.cs(11,23): warning CS8618: 在退出构造函数时，不可为 null 的 属性 "Type" 必须包含非 null 值。请考虑添加 "required" 修饰符或将该 属性 声明为可为 null。 [/root/WorkSpace/CSharp/BannerlordModEditor/BannerlordModEditor.Common/BannerlordModEditor.Common.csproj]
         /root/WorkSpace/CSharp/BannerlordModEditor/BannerlordModEditor.Common/Models/Data/DecalTexturesBattle.cs(14,39): warning CS8618: 在退出构造函数时，不可为 null 的 属性 "DecalTextures" 必须包含非 null 值。请考虑添加 "required" 修饰符或将该 属性 声明为可为 null。 [/root/WorkSpace/CSharp/BannerlordModEditor/BannerlordModEditor.Common/BannerlordModEditor.Common.csproj]
         /root/WorkSpace/CSharp/BannerlordModEditor/BannerlordModEditor.Common/Mappers/ParticleSystemsMapper.cs(249,40): warning CS8603: 可能返回 null 引用。 [/root/WorkSpace/CSharp/BannerlordModEditor/BannerlordModEditor.Common/BannerlordModEditor.Common.csproj]
         /root/WorkSpace/CSharp/BannerlordModEditor/BannerlordModEditor.Common/Models/Data/DecalTexturesBattle.cs(31,23): warning CS8618: 在退出构造函数时，不可为 null 的 属性 "Name" 必须包含非 null 值。请考虑添加 "required" 修饰符或将该 属性 声明为可为 null。 [/root/WorkSpace/CSharp/BannerlordModEditor/BannerlordModEditor.Common/BannerlordModEditor.Common.csproj]
         /root/WorkSpace/CSharp/BannerlordModEditor/BannerlordModEditor.Common/Models/Data/DecalTexturesBattle.cs(34,23): warning CS8618: 在退出构造函数时，不可为 null 的 属性 "AtlasPos" 必须包含非 null 值。请考虑添加 "required" 修饰符或将该 属性 声明为可为 null。 [/root/WorkSpace/CSharp/BannerlordModEditor/BannerlordModEditor.Common/BannerlordModEditor.Common.csproj]
         /root/WorkSpace/CSharp/BannerlordModEditor/BannerlordModEditor.Common/Models/Data/DecalTexturesBattle.cs(37,23): warning CS8618: 在退出构造函数时，不可为 null 的 属性 "IsDynamic" 必须包含非 null 值。请考虑添加 "required" 修饰符或将该 属性 声明为可为 null。 [/root/WorkSpace/CSharp/BannerlordModEditor/BannerlordModEditor.Common/BannerlordModEditor.Common.csproj]
         /root/WorkSpace/CSharp/BannerlordModEditor/BannerlordModEditor.Common/Models/Data/DecalTexturesMultiplayer.cs(11,23): warning CS8618: 在退出构造函数时，不可为 null 的 属性 "Type" 必须包含非 null 值。请考虑添加 "required" 修饰符或将该 属性 声明为可为 null。 [/root/WorkSpace/CSharp/BannerlordModEditor/BannerlordModEditor.Common/BannerlordModEditor.Common.csproj]
         /root/WorkSpace/CSharp/BannerlordModEditor/BannerlordModEditor.Common/Models/Data/DecalTexturesMultiplayer.cs(14,57): warning CS8618: 在退出构造函数时，不可为 null 的 属性 "DecalTextures" 必须包含非 null 值。请考虑添加 "required" 修饰符或将该 属性 声明为可为 null。 [/root/WorkSpace/CSharp/BannerlordModEditor/BannerlordModEditor.Common/BannerlordModEditor.Common.csproj]
         /root/WorkSpace/CSharp/BannerlordModEditor/BannerlordModEditor.Common/Models/Data/DecalTexturesMultiplayer.cs(23,59): warning CS8618: 在退出构造函数时，不可为 null 的 属性 "Items" 必须包含非 null 值。请考虑添加 "required" 修饰符或将该 属性 声明为可为 null。 [/root/WorkSpace/CSharp/BannerlordModEditor/BannerlordModEditor.Common/BannerlordModEditor.Common.csproj]
         /root/WorkSpace/CSharp/BannerlordModEditor/BannerlordModEditor.Common/Models/Data/DecalTexturesTown.cs(23,52): warning CS8618: 在退出构造函数时，不可为 null 的 属性 "Items" 必须包含非 null 值。请考虑添加 "required" 修饰符或将该 属性 声明为可为 null。 [/root/WorkSpace/CSharp/BannerlordModEditor/BannerlordModEditor.Common/BannerlordModEditor.Common.csproj]
         /root/WorkSpace/CSharp/BannerlordModEditor/BannerlordModEditor.Common/Models/Data/DecalTexturesMultiplayer.cs(31,23): warning CS8618: 在退出构造函数时，不可为 null 的 属性 "Name" 必须包含非 null 值。请考虑添加 "required" 修饰符或将该 属性 声明为可为 null。 [/root/WorkSpace/CSharp/BannerlordModEditor/BannerlordModEditor.Common/BannerlordModEditor.Common.csproj]
         /root/WorkSpace/CSharp/BannerlordModEditor/BannerlordModEditor.Common/Models/Data/DecalTexturesMultiplayer.cs(34,23): warning CS8618: 在退出构造函数时，不可为 null 的 属性 "AtlasPos" 必须包含非 null 值。请考虑添加 "required" 修饰符或将该 属性 声明为可为 null。 [/root/WorkSpace/CSharp/BannerlordModEditor/BannerlordModEditor.Common/BannerlordModEditor.Common.csproj]
         /root/WorkSpace/CSharp/BannerlordModEditor/BannerlordModEditor.Common/Models/Data/DecalTexturesMultiplayer.cs(37,23): warning CS8618: 在退出构造函数时，不可为 null 的 属性 "IsDynamic" 必须包含非 null 值。请考虑添加 "required" 修饰符或将该 属性 声明为可为 null。 [/root/WorkSpace/CSharp/BannerlordModEditor/BannerlordModEditor.Common/BannerlordModEditor.Common.csproj]
         /root/WorkSpace/CSharp/BannerlordModEditor/BannerlordModEditor.Common/Mappers/MpItemsMapper.cs(321,40): warning CS8603: 可能返回 null 引用。 [/root/WorkSpace/CSharp/BannerlordModEditor/BannerlordModEditor.Common/BannerlordModEditor.Common.csproj]
         /root/WorkSpace/CSharp/BannerlordModEditor/BannerlordModEditor.Common/Models/Data/DecalTexturesTown.cs(11,23): warning CS8618: 在退出构造函数时，不可为 null 的 属性 "Type" 必须包含非 null 值。请考虑添加 "required" 修饰符或将该 属性 声明为可为 null。 [/root/WorkSpace/CSharp/BannerlordModEditor/BannerlordModEditor.Common/BannerlordModEditor.Common.csproj]
         /root/WorkSpace/CSharp/BannerlordModEditor/BannerlordModEditor.Common/Models/Data/DecalTexturesTown.cs(14,50): warning CS8618: 在退出构造函数时，不可为 null 的 属性 "DecalTextures" 必须包含非 null 值。请考虑添加 "required" 修饰符或将该 属性 声明为可为 null。 [/root/WorkSpace/CSharp/BannerlordModEditor/BannerlordModEditor.Common/BannerlordModEditor.Common.csproj]
         /root/WorkSpace/CSharp/BannerlordModEditor/BannerlordModEditor.Common/Models/Data/DecalTexturesTown.cs(31,23): warning CS8618: 在退出构造函数时，不可为 null 的 属性 "Name" 必须包含非 null 值。请考虑添加 "required" 修饰符或将该 属性 声明为可为 null。 [/root/WorkSpace/CSharp/BannerlordModEditor/BannerlordModEditor.Common/BannerlordModEditor.Common.csproj]
         /root/WorkSpace/CSharp/BannerlordModEditor/BannerlordModEditor.Common/Models/Data/DecalTexturesTown.cs(34,23): warning CS8618: 在退出构造函数时，不可为 null 的 属性 "AtlasPos" 必须包含非 null 值。请考虑添加 "required" 修饰符或将该 属性 声明为可为 null。 [/root/WorkSpace/CSharp/BannerlordModEditor/BannerlordModEditor.Common/BannerlordModEditor.Common.csproj]
         /root/WorkSpace/CSharp/BannerlordModEditor/BannerlordModEditor.Common/Models/Data/DecalTexturesTown.cs(37,23): warning CS8618: 在退出构造函数时，不可为 null 的 属性 "IsDynamic" 必须包含非 null 值。请考虑添加 "required" 修饰符或将该 属性 声明为可为 null。 [/root/WorkSpace/CSharp/BannerlordModEditor/BannerlordModEditor.Common/BannerlordModEditor.Common.csproj]
         /root/WorkSpace/CSharp/BannerlordModEditor/BannerlordModEditor.Common/Models/Data/CreditsXmlModel.cs(11,38): warning CS8618: 在退出构造函数时，不可为 null 的 属性 "Categories" 必须包含非 null 值。请考虑添加 "required" 修饰符或将该 属性 声明为可为 null。 [/root/WorkSpace/CSharp/BannerlordModEditor/BannerlordModEditor.Common/BannerlordModEditor.Common.csproj]
         /root/WorkSpace/CSharp/BannerlordModEditor/BannerlordModEditor.Common/Models/Data/CreditsXmlModel.cs(14,42): warning CS8618: 在退出构造函数时，不可为 null 的 属性 "LoadFromFile" 必须包含非 null 值。请考虑添加 "required" 修饰符或将该 属性 声明为可为 null。 [/root/WorkSpace/CSharp/BannerlordModEditor/BannerlordModEditor.Common/BannerlordModEditor.Common.csproj]
         /root/WorkSpace/CSharp/BannerlordModEditor/BannerlordModEditor.Common/Mappers/ParticleSystemsMapper.cs(259,40): warning CS8603: 可能返回 null 引用。 [/root/WorkSpace/CSharp/BannerlordModEditor/BannerlordModEditor.Common/BannerlordModEditor.Common.csproj]
         /root/WorkSpace/CSharp/BannerlordModEditor/BannerlordModEditor.Common/Models/Data/DecalTexturesWorldmap.cs(23,56): warning CS8618: 在退出构造函数时，不可为 null 的 属性 "DecalTextureList" 必须包含非 null 值。请考虑添加 "required" 修饰符或将该 属性 声明为可为 null。 [/root/WorkSpace/CSharp/BannerlordModEditor/BannerlordModEditor.Common/BannerlordModEditor.Common.csproj]
         /root/WorkSpace/CSharp/BannerlordModEditor/BannerlordModEditor.Common/Models/Data/BannerIconsModel.cs(39,23): warning CS8618: 在退出构造函数时，不可为 null 的 属性 "Name" 必须包含非 null 值。请考虑添加 "required" 修饰符或将该 属性 声明为可为 null。 [/root/WorkSpace/CSharp/BannerlordModEditor/BannerlordModEditor.Common/BannerlordModEditor.Common.csproj]
         /root/WorkSpace/CSharp/BannerlordModEditor/BannerlordModEditor.Common/Mappers/ParticleSystemsMapper.cs(269,40): warning CS8603: 可能返回 null 引用。 [/root/WorkSpace/CSharp/BannerlordModEditor/BannerlordModEditor.Common/BannerlordModEditor.Common.csproj]
         /root/WorkSpace/CSharp/BannerlordModEditor/BannerlordModEditor.Common/Models/Data/DecalTexturesWorldmap.cs(31,23): warning CS8618: 在退出构造函数时，不可为 null 的 属性 "Name" 必须包含非 null 值。请考虑添加 "required" 修饰符或将该 属性 声明为可为 null。 [/root/WorkSpace/CSharp/BannerlordModEditor/BannerlordModEditor.Common/BannerlordModEditor.Common.csproj]
         /root/WorkSpace/CSharp/BannerlordModEditor/BannerlordModEditor.Common/Models/Data/DecalTexturesWorldmap.cs(34,23): warning CS8618: 在退出构造函数时，不可为 null 的 属性 "AtlasPos" 必须包含非 null 值。请考虑添加 "required" 修饰符或将该 属性 声明为可为 null。 [/root/WorkSpace/CSharp/BannerlordModEditor/BannerlordModEditor.Common/BannerlordModEditor.Common.csproj]
         /root/WorkSpace/CSharp/BannerlordModEditor/BannerlordModEditor.Common/Models/Data/DecalTexturesWorldmap.cs(37,23): warning CS8618: 在退出构造函数时，不可为 null 的 属性 "IsDynamic" 必须包含非 null 值。请考虑添加 "required" 修饰符或将该 属性 声明为可为 null。 [/root/WorkSpace/CSharp/BannerlordModEditor/BannerlordModEditor.Common/BannerlordModEditor.Common.csproj]
         /root/WorkSpace/CSharp/BannerlordModEditor/BannerlordModEditor.Common/Models/Data/CreditsXmlModel.cs(23,23): warning CS8618: 在退出构造函数时，不可为 null 的 属性 "Text" 必须包含非 null 值。请考虑添加 "required" 修饰符或将该 属性 声明为可为 null。 [/root/WorkSpace/CSharp/BannerlordModEditor/BannerlordModEditor.Common/BannerlordModEditor.Common.csproj]
         /root/WorkSpace/CSharp/BannerlordModEditor/BannerlordModEditor.Common/Models/Data/CreditsXmlModel.cs(26,37): warning CS8618: 在退出构造函数时，不可为 null 的 属性 "Sections" 必须包含非 null 值。请考虑添加 "required" 修饰符或将该 属性 声明为可为 null。 [/root/WorkSpace/CSharp/BannerlordModEditor/BannerlordModEditor.Common/BannerlordModEditor.Common.csproj]
         /root/WorkSpace/CSharp/BannerlordModEditor/BannerlordModEditor.Common/Models/Data/CreditsXmlModel.cs(29,35): warning CS8618: 在退出构造函数时，不可为 null 的 属性 "Entries" 必须包含非 null 值。请考虑添加 "required" 修饰符或将该 属性 声明为可为 null。 [/root/WorkSpace/CSharp/BannerlordModEditor/BannerlordModEditor.Common/BannerlordModEditor.Common.csproj]
         /root/WorkSpace/CSharp/BannerlordModEditor/BannerlordModEditor.Common/Models/Data/CreditsXmlModel.cs(32,39): warning CS8618: 在退出构造函数时，不可为 null 的 属性 "EmptyLines" 必须包含非 null 值。请考虑添加 "required" 修饰符或将该 属性 声明为可为 null。 [/root/WorkSpace/CSharp/BannerlordModEditor/BannerlordModEditor.Common/BannerlordModEditor.Common.csproj]
         /root/WorkSpace/CSharp/BannerlordModEditor/BannerlordModEditor.Common/Models/Data/CreditsXmlModel.cs(35,42): warning CS8618: 在退出构造函数时，不可为 null 的 属性 "LoadFromFile" 必须包含非 null 值。请考虑添加 "required" 修饰符或将该 属性 声明为可为 null。 [/root/WorkSpace/CSharp/BannerlordModEditor/BannerlordModEditor.Common/BannerlordModEditor.Common.csproj]
         /root/WorkSpace/CSharp/BannerlordModEditor/BannerlordModEditor.Common/Mappers/ParticleSystemsMapper.cs(280,40): warning CS8603: 可能返回 null 引用。 [/root/WorkSpace/CSharp/BannerlordModEditor/BannerlordModEditor.Common/BannerlordModEditor.Common.csproj]
         /root/WorkSpace/CSharp/BannerlordModEditor/BannerlordModEditor.Common/Mappers/ParticleSystemsMapper.cs(285,39): warning CS8604: “DecalMaterialsDO ParticleSystemsMapper.ToDO(DecalMaterialsDTO source)”中的形参“source”可能传入 null 引用实参。 [/root/WorkSpace/CSharp/BannerlordModEditor/BannerlordModEditor.Common/BannerlordModEditor.Common.csproj]
         /root/WorkSpace/CSharp/BannerlordModEditor/BannerlordModEditor.Common/Models/Data/FloraKinds.cs(56,23): warning CS8618: 在退出构造函数时，不可为 null 的 属性 "Name" 必须包含非 null 值。请考虑添加 "required" 修饰符或将该 属性 声明为可为 null。 [/root/WorkSpace/CSharp/BannerlordModEditor/BannerlordModEditor.Common/BannerlordModEditor.Common.csproj]
         /root/WorkSpace/CSharp/BannerlordModEditor/BannerlordModEditor.Common/Models/Data/FloraKinds.cs(59,23): warning CS8618: 在退出构造函数时，不可为 null 的 属性 "Value" 必须包含非 null 值。请考虑添加 "required" 修饰符或将该 属性 声明为可为 null。 [/root/WorkSpace/CSharp/BannerlordModEditor/BannerlordModEditor.Common/BannerlordModEditor.Common.csproj]
         /root/WorkSpace/CSharp/BannerlordModEditor/BannerlordModEditor.Common/Mappers/MpItemsMapper.cs(346,40): warning CS8603: 可能返回 null 引用。 [/root/WorkSpace/CSharp/BannerlordModEditor/BannerlordModEditor.Common/BannerlordModEditor.Common.csproj]
         /root/WorkSpace/CSharp/BannerlordModEditor/BannerlordModEditor.Common/Models/Data/FloraKinds.cs(29,20): warning CS8603: 可能返回 null 引用。 [/root/WorkSpace/CSharp/BannerlordModEditor/BannerlordModEditor.Common/BannerlordModEditor.Common.csproj]
         /root/WorkSpace/CSharp/BannerlordModEditor/BannerlordModEditor.Common/Mappers/MPClassDivisionsMapper.cs(185,36): warning CS8603: 可能返回 null 引用。 [/root/WorkSpace/CSharp/BannerlordModEditor/BannerlordModEditor.Common/BannerlordModEditor.Common.csproj]
         /root/WorkSpace/CSharp/BannerlordModEditor/BannerlordModEditor.Common/Models/Data/CreditsLegalPC.cs(19,23): warning CS8618: 在退出构造函数时，不可为 null 的 属性 "Text" 必须包含非 null 值。请考虑添加 "required" 修饰符或将该 属性 声明为可为 null。 [/root/WorkSpace/CSharp/BannerlordModEditor/BannerlordModEditor.Common/BannerlordModEditor.Common.csproj]
         /root/WorkSpace/CSharp/BannerlordModEditor/BannerlordModEditor.Common/Models/Data/CreditsLegalPC.cs(22,30): warning CS8618: 在退出构造函数时，不可为 null 的 属性 "Sections" 必须包含非 null 值。请考虑添加 "required" 修饰符或将该 属性 声明为可为 null。 [/root/WorkSpace/CSharp/BannerlordModEditor/BannerlordModEditor.Common/BannerlordModEditor.Common.csproj]
         /root/WorkSpace/CSharp/BannerlordModEditor/BannerlordModEditor.Common/Models/Data/CreditsLegalPC.cs(25,28): warning CS8618: 在退出构造函数时，不可为 null 的 属性 "Entries" 必须包含非 null 值。请考虑添加 "required" 修饰符或将该 属性 声明为可为 null。 [/root/WorkSpace/CSharp/BannerlordModEditor/BannerlordModEditor.Common/BannerlordModEditor.Common.csproj]
         /root/WorkSpace/CSharp/BannerlordModEditor/BannerlordModEditor.Common/Models/Data/CreditsLegalPC.cs(28,28): warning CS8618: 在退出构造函数时，不可为 null 的 属性 "Images" 必须包含非 null 值。请考虑添加 "required" 修饰符或将该 属性 声明为可为 null。 [/root/WorkSpace/CSharp/BannerlordModEditor/BannerlordModEditor.Common/BannerlordModEditor.Common.csproj]
         /root/WorkSpace/CSharp/BannerlordModEditor/BannerlordModEditor.Common/Models/Data/CreditsLegalPC.cs(31,46): warning CS8618: 在退出构造函数时，不可为 null 的 属性 "EmptyLines" 必须包含非 null 值。请考虑添加 "required" 修饰符或将该 属性 声明为可为 null。 [/root/WorkSpace/CSharp/BannerlordModEditor/BannerlordModEditor.Common/BannerlordModEditor.Common.csproj]
         /root/WorkSpace/CSharp/BannerlordModEditor/BannerlordModEditor.Common/Mappers/ParticleSystemsMapper.cs(291,40): warning CS8603: 可能返回 null 引用。 [/root/WorkSpace/CSharp/BannerlordModEditor/BannerlordModEditor.Common/BannerlordModEditor.Common.csproj]
         /root/WorkSpace/CSharp/BannerlordModEditor/BannerlordModEditor.Common/Mappers/ParticleSystemsMapper.cs(301,37): warning CS8604: “ColorDO ParticleSystemsMapper.ToDO(ColorDTO source)”中的形参“source”可能传入 null 引用实参。 [/root/WorkSpace/CSharp/BannerlordModEditor/BannerlordModEditor.Common/BannerlordModEditor.Common.csproj]
         /root/WorkSpace/CSharp/BannerlordModEditor/BannerlordModEditor.Common/Mappers/ParticleSystemsMapper.cs(302,37): warning CS8604: “AlphaDO ParticleSystemsMapper.ToDO(AlphaDTO source)”中的形参“source”可能传入 null 引用实参。 [/root/WorkSpace/CSharp/BannerlordModEditor/BannerlordModEditor.Common/BannerlordModEditor.Common.csproj]
         /root/WorkSpace/CSharp/BannerlordModEditor/BannerlordModEditor.Common/Models/Data/DecalTexturesWorldmap.cs(11,23): warning CS8618: 在退出构造函数时，不可为 null 的 属性 "Type" 必须包含非 null 值。请考虑添加 "required" 修饰符或将该 属性 声明为可为 null。 [/root/WorkSpace/CSharp/BannerlordModEditor/BannerlordModEditor.Common/BannerlordModEditor.Common.csproj]
         /root/WorkSpace/CSharp/BannerlordModEditor/BannerlordModEditor.Common/Models/Data/DecalTexturesWorldmap.cs(14,51): warning CS8618: 在退出构造函数时，不可为 null 的 属性 "DecalTextures" 必须包含非 null 值。请考虑添加 "required" 修饰符或将该 属性 声明为可为 null。 [/root/WorkSpace/CSharp/BannerlordModEditor/BannerlordModEditor.Common/BannerlordModEditor.Common.csproj]
         /root/WorkSpace/CSharp/BannerlordModEditor/BannerlordModEditor.Common/Models/Data/AttributesDataModel.cs(19,23): warning CS8618: 在退出构造函数时，不可为 null 的 属性 "Id" 必须包含非 null 值。请考虑添加 "required" 修饰符或将该 属性 声明为可为 null。 [/root/WorkSpace/CSharp/BannerlordModEditor/BannerlordModEditor.Common/BannerlordModEditor.Common.csproj]
         /root/WorkSpace/CSharp/BannerlordModEditor/BannerlordModEditor.Common/Models/Data/AttributesDataModel.cs(24,23): warning CS8618: 在退出构造函数时，不可为 null 的 属性 "Name" 必须包含非 null 值。请考虑添加 "required" 修饰符或将该 属性 声明为可为 null。 [/root/WorkSpace/CSharp/BannerlordModEditor/BannerlordModEditor.Common/BannerlordModEditor.Common.csproj]
         /root/WorkSpace/CSharp/BannerlordModEditor/BannerlordModEditor.Common/Models/Data/AttributesDataModel.cs(29,23): warning CS8618: 在退出构造函数时，不可为 null 的 属性 "Source" 必须包含非 null 值。请考虑添加 "required" 修饰符或将该 属性 声明为可为 null。 [/root/WorkSpace/CSharp/BannerlordModEditor/BannerlordModEditor.Common/BannerlordModEditor.Common.csproj]
         /root/WorkSpace/CSharp/BannerlordModEditor/BannerlordModEditor.Common/Models/Data/AttributesDataModel.cs(34,23): warning CS8618: 在退出构造函数时，不可为 null 的 属性 "Documentation" 必须包含非 null 值。请考虑添加 "required" 修饰符或将该 属性 声明为可为 null。 [/root/WorkSpace/CSharp/BannerlordModEditor/BannerlordModEditor.Common/BannerlordModEditor.Common.csproj]
         /root/WorkSpace/CSharp/BannerlordModEditor/BannerlordModEditor.Common/Mappers/MpCraftingPiecesMapper.cs(14,24): warning CS8603: 可能返回 null 引用。 [/root/WorkSpace/CSharp/BannerlordModEditor/BannerlordModEditor.Common/BannerlordModEditor.Common.csproj]
         /root/WorkSpace/CSharp/BannerlordModEditor/BannerlordModEditor.Common/Mappers/ParticleSystemsMapper.cs(308,40): warning CS8603: 可能返回 null 引用。 [/root/WorkSpace/CSharp/BannerlordModEditor/BannerlordModEditor.Common/BannerlordModEditor.Common.csproj]
         /root/WorkSpace/CSharp/BannerlordModEditor/BannerlordModEditor.Common/Mappers/ParticleSystemsMapper.cs(316,29): warning CS8604: “KeysDO ParticleSystemsMapper.ToDO(KeysDTO source)”中的形参“source”可能传入 null 引用实参。 [/root/WorkSpace/CSharp/BannerlordModEditor/BannerlordModEditor.Common/BannerlordModEditor.Common.csproj]
         /root/WorkSpace/CSharp/BannerlordModEditor/BannerlordModEditor.Common/Models/Data/FloraKinds.cs(24,23): warning CS8618: 在退出构造函数时，不可为 null 的 属性 "Name" 必须包含非 null 值。请考虑添加 "required" 修饰符或将该 属性 声明为可为 null。 [/root/WorkSpace/CSharp/BannerlordModEditor/BannerlordModEditor.Common/BannerlordModEditor.Common.csproj]
         /root/WorkSpace/CSharp/BannerlordModEditor/BannerlordModEditor.Common/Models/Data/FloraKinds.cs(36,27): warning CS8618: 在退出构造函数时，不可为 null 的 属性 "Flags" 必须包含非 null 值。请考虑添加 "required" 修饰符或将该 属性 声明为可为 null。 [/root/WorkSpace/CSharp/BannerlordModEditor/BannerlordModEditor.Common/BannerlordModEditor.Common.csproj]
         /root/WorkSpace/CSharp/BannerlordModEditor/BannerlordModEditor.Common/Mappers/MpCraftingPiecesMapper.cs(25,24): warning CS8603: 可能返回 null 引用。 [/root/WorkSpace/CSharp/BannerlordModEditor/BannerlordModEditor.Common/BannerlordModEditor.Common.csproj]
         /root/WorkSpace/CSharp/BannerlordModEditor/BannerlordModEditor.Common/Mappers/MPClassDivisionsMapper.cs(199,36): warning CS8603: 可能返回 null 引用。 [/root/WorkSpace/CSharp/BannerlordModEditor/BannerlordModEditor.Common/BannerlordModEditor.Common.csproj]
         /root/WorkSpace/CSharp/BannerlordModEditor/BannerlordModEditor.Common/Mappers/MpItemsMapper.cs(357,40): warning CS8603: 可能返回 null 引用。 [/root/WorkSpace/CSharp/BannerlordModEditor/BannerlordModEditor.Common/BannerlordModEditor.Common.csproj]
         /root/WorkSpace/CSharp/BannerlordModEditor/BannerlordModEditor.Common/Mappers/MpItemsMapper.cs(388,38): warning CS8604: “ItemComponentDO MpItemsMapper.ToDO(ItemComponentDTO source)”中的形参“source”可能传入 null 引用实参。 [/root/WorkSpace/CSharp/BannerlordModEditor/BannerlordModEditor.Common/BannerlordModEditor.Common.csproj]
         /root/WorkSpace/CSharp/BannerlordModEditor/BannerlordModEditor.Common/Mappers/MpItemsMapper.cs(389,30): warning CS8604: “ItemFlagsDO MpItemsMapper.ToDO(ItemFlagsDTO source)”中的形参“source”可能传入 null 引用实参。 [/root/WorkSpace/CSharp/BannerlordModEditor/BannerlordModEditor.Common/BannerlordModEditor.Common.csproj]
         /root/WorkSpace/CSharp/BannerlordModEditor/BannerlordModEditor.Common/Mappers/ParticleSystemsMapper.cs(322,40): warning CS8603: 可能返回 null 引用。 [/root/WorkSpace/CSharp/BannerlordModEditor/BannerlordModEditor.Common/BannerlordModEditor.Common.csproj]
         /root/WorkSpace/CSharp/BannerlordModEditor/BannerlordModEditor.Common/Mappers/MpCraftingPiecesMapper.cs(42,24): warning CS8603: 可能返回 null 引用。 [/root/WorkSpace/CSharp/BannerlordModEditor/BannerlordModEditor.Common/BannerlordModEditor.Common.csproj]
         /root/WorkSpace/CSharp/BannerlordModEditor/BannerlordModEditor.Common/Mappers/MPClassDivisionsMapper.cs(213,36): warning CS8603: 可能返回 null 引用。 [/root/WorkSpace/CSharp/BannerlordModEditor/BannerlordModEditor.Common/BannerlordModEditor.Common.csproj]
         /root/WorkSpace/CSharp/BannerlordModEditor/BannerlordModEditor.Common/Mappers/ParticleSystemsMapper.cs(332,40): warning CS8603: 可能返回 null 引用。 [/root/WorkSpace/CSharp/BannerlordModEditor/BannerlordModEditor.Common/BannerlordModEditor.Common.csproj]
         /root/WorkSpace/CSharp/BannerlordModEditor/BannerlordModEditor.Common/Mappers/MpCraftingPiecesMapper.cs(53,24): warning CS8603: 可能返回 null 引用。 [/root/WorkSpace/CSharp/BannerlordModEditor/BannerlordModEditor.Common/BannerlordModEditor.Common.csproj]
         /root/WorkSpace/CSharp/BannerlordModEditor/BannerlordModEditor.Common/Mappers/MPClassDivisionsMapper.cs(224,36): warning CS8603: 可能返回 null 引用。 [/root/WorkSpace/CSharp/BannerlordModEditor/BannerlordModEditor.Common/BannerlordModEditor.Common.csproj]
         /root/WorkSpace/CSharp/BannerlordModEditor/BannerlordModEditor.Common/Mappers/ParticleSystemsMapper.cs(345,40): warning CS8603: 可能返回 null 引用。 [/root/WorkSpace/CSharp/BannerlordModEditor/BannerlordModEditor.Common/BannerlordModEditor.Common.csproj]
         /root/WorkSpace/CSharp/BannerlordModEditor/BannerlordModEditor.Common/Mappers/ParticleSystemsMapper.cs(349,29): warning CS8604: “KeysDO ParticleSystemsMapper.ToDO(KeysDTO source)”中的形参“source”可能传入 null 引用实参。 [/root/WorkSpace/CSharp/BannerlordModEditor/BannerlordModEditor.Common/BannerlordModEditor.Common.csproj]
         /root/WorkSpace/CSharp/BannerlordModEditor/BannerlordModEditor.Common/Mappers/MpItemsMapper.cs(395,40): warning CS8603: 可能返回 null 引用。 [/root/WorkSpace/CSharp/BannerlordModEditor/BannerlordModEditor.Common/BannerlordModEditor.Common.csproj]
         /root/WorkSpace/CSharp/BannerlordModEditor/BannerlordModEditor.Common/Mappers/MpItemsMapper.cs(406,31): warning CS8604: “PiecesDO MpItemsMapper.ToDO(PiecesDTO source)”中的形参“source”可能传入 null 引用实参。 [/root/WorkSpace/CSharp/BannerlordModEditor/BannerlordModEditor.Common/BannerlordModEditor.Common.csproj]
         /root/WorkSpace/CSharp/BannerlordModEditor/BannerlordModEditor.Common/Mappers/ParticleSystemsMapper.cs(355,40): warning CS8603: 可能返回 null 引用。 [/root/WorkSpace/CSharp/BannerlordModEditor/BannerlordModEditor.Common/BannerlordModEditor.Common.csproj]
         /root/WorkSpace/CSharp/BannerlordModEditor/BannerlordModEditor.Common/Mappers/ParticleSystemsMapper.cs(359,29): warning CS8604: “KeysDO ParticleSystemsMapper.ToDO(KeysDTO source)”中的形参“source”可能传入 null 引用实参。 [/root/WorkSpace/CSharp/BannerlordModEditor/BannerlordModEditor.Common/BannerlordModEditor.Common.csproj]
         /root/WorkSpace/CSharp/BannerlordModEditor/BannerlordModEditor.Common/Mappers/MPClassDivisionsMapper.cs(235,36): warning CS8603: 可能返回 null 引用。 [/root/WorkSpace/CSharp/BannerlordModEditor/BannerlordModEditor.Common/BannerlordModEditor.Common.csproj]
         /root/WorkSpace/CSharp/BannerlordModEditor/BannerlordModEditor.Common/Mappers/ParticleSystemsMapper.cs(365,40): warning CS8603: 可能返回 null 引用。 [/root/WorkSpace/CSharp/BannerlordModEditor/BannerlordModEditor.Common/BannerlordModEditor.Common.csproj]
         /root/WorkSpace/CSharp/BannerlordModEditor/BannerlordModEditor.Common/Mappers/MpItemsMapper.cs(412,40): warning CS8603: 可能返回 null 引用。 [/root/WorkSpace/CSharp/BannerlordModEditor/BannerlordModEditor.Common/BannerlordModEditor.Common.csproj]
         /root/WorkSpace/CSharp/BannerlordModEditor/BannerlordModEditor.Common/Mappers/ParticleSystemsMapper.cs(375,40): warning CS8603: 可能返回 null 引用。 [/root/WorkSpace/CSharp/BannerlordModEditor/BannerlordModEditor.Common/BannerlordModEditor.Common.csproj]
         /root/WorkSpace/CSharp/BannerlordModEditor/BannerlordModEditor.Common/Mappers/MpItemsMapper.cs(422,40): warning CS8603: 可能返回 null 引用。 [/root/WorkSpace/CSharp/BannerlordModEditor/BannerlordModEditor.Common/BannerlordModEditor.Common.csproj]
         /root/WorkSpace/CSharp/BannerlordModEditor/BannerlordModEditor.Common/Mappers/MPClassDivisionsMapper.cs(247,36): warning CS8603: 可能返回 null 引用。 [/root/WorkSpace/CSharp/BannerlordModEditor/BannerlordModEditor.Common/BannerlordModEditor.Common.csproj]
         /root/WorkSpace/CSharp/BannerlordModEditor/BannerlordModEditor.Common/Models/Data/TauntUsageSets.cs(116,23): warning CS8618: 在退出构造函数时，不可为 null 的 属性 "Action" 必须包含非 null 值。请考虑添加 "required" 修饰符或将该 属性 声明为可为 null。 [/root/WorkSpace/CSharp/BannerlordModEditor/BannerlordModEditor.Common/BannerlordModEditor.Common.csproj]
         /root/WorkSpace/CSharp/BannerlordModEditor/BannerlordModEditor.Common/Mappers/MPClassDivisionsMapper.cs(259,36): warning CS8603: 可能返回 null 引用。 [/root/WorkSpace/CSharp/BannerlordModEditor/BannerlordModEditor.Common/BannerlordModEditor.Common.csproj]
         /root/WorkSpace/CSharp/BannerlordModEditor/BannerlordModEditor.Common/Mappers/MPClassDivisionsMapper.cs(270,36): warning CS8603: 可能返回 null 引用。 [/root/WorkSpace/CSharp/BannerlordModEditor/BannerlordModEditor.Common/BannerlordModEditor.Common.csproj]
         /root/WorkSpace/CSharp/BannerlordModEditor/BannerlordModEditor.Common/Models/DO/MpCraftingPiecesDO.cs(215,23): warning CS8618: 在退出构造函数时，不可为 null 的 属性 "Id" 必须包含非 null 值。请考虑添加 "required" 修饰符或将该 属性 声明为可为 null。 [/root/WorkSpace/CSharp/BannerlordModEditor/BannerlordModEditor.Common/BannerlordModEditor.Common.csproj]
         /root/WorkSpace/CSharp/BannerlordModEditor/BannerlordModEditor.Common/Models/DO/MpCraftingPiecesDO.cs(218,23): warning CS8618: 在退出构造函数时，不可为 null 的 属性 "Count" 必须包含非 null 值。请考虑添加 "required" 修饰符或将该 属性 声明为可为 null。 [/root/WorkSpace/CSharp/BannerlordModEditor/BannerlordModEditor.Common/BannerlordModEditor.Common.csproj]
         /root/WorkSpace/CSharp/BannerlordModEditor/BannerlordModEditor.Common/Models/DO/MpCraftingPiecesDO.cs(195,23): warning CS8618: 在退出构造函数时，不可为 null 的 属性 "Name" 必须包含非 null 值。请考虑添加 "required" 修饰符或将该 属性 声明为可为 null。 [/root/WorkSpace/CSharp/BannerlordModEditor/BannerlordModEditor.Common/BannerlordModEditor.Common.csproj]
         /root/WorkSpace/CSharp/BannerlordModEditor/BannerlordModEditor.Common/Models/DO/MpCraftingPiecesDO.cs(198,23): warning CS8618: 在退出构造函数时，不可为 null 的 属性 "Type" 必须包含非 null 值。请考虑添加 "required" 修饰符或将该 属性 声明为可为 null。 [/root/WorkSpace/CSharp/BannerlordModEditor/BannerlordModEditor.Common/BannerlordModEditor.Common.csproj]
         /root/WorkSpace/CSharp/BannerlordModEditor/BannerlordModEditor.Common/Models/Data/TauntUsageSets.cs(17,23): warning CS8618: 在退出构造函数时，不可为 null 的 属性 "Id" 必须包含非 null 值。请考虑添加 "required" 修饰符或将该 属性 声明为可为 null。 [/root/WorkSpace/CSharp/BannerlordModEditor/BannerlordModEditor.Common/BannerlordModEditor.Common.csproj]
         /root/WorkSpace/CSharp/BannerlordModEditor/BannerlordModEditor.Common/Models/DO/MpCraftingPiecesDO.cs(175,23): warning CS8618: 在退出构造函数时，不可为 null 的 属性 "DamageType" 必须包含非 null 值。请考虑添加 "required" 修饰符或将该 属性 声明为可为 null。 [/root/WorkSpace/CSharp/BannerlordModEditor/BannerlordModEditor.Common/BannerlordModEditor.Common.csproj]
         /root/WorkSpace/CSharp/BannerlordModEditor/BannerlordModEditor.Common/Models/DO/MpCraftingPiecesDO.cs(178,23): warning CS8618: 在退出构造函数时，不可为 null 的 属性 "DamageFactor" 必须包含非 null 值。请考虑添加 "required" 修饰符或将该 属性 声明为可为 null。 [/root/WorkSpace/CSharp/BannerlordModEditor/BannerlordModEditor.Common/BannerlordModEditor.Common.csproj]
         /root/WorkSpace/CSharp/BannerlordModEditor/BannerlordModEditor.Common/Models/DO/MpCraftingPiecesDO.cs(163,23): warning CS8618: 在退出构造函数时，不可为 null 的 属性 "DamageType" 必须包含非 null 值。请考虑添加 "required" 修饰符或将该 属性 声明为可为 null。 [/root/WorkSpace/CSharp/BannerlordModEditor/BannerlordModEditor.Common/BannerlordModEditor.Common.csproj]
         /root/WorkSpace/CSharp/BannerlordModEditor/BannerlordModEditor.Common/Models/DO/MpCraftingPiecesDO.cs(166,23): warning CS8618: 在退出构造函数时，不可为 null 的 属性 "DamageFactor" 必须包含非 null 值。请考虑添加 "required" 修饰符或将该 属性 声明为可为 null。 [/root/WorkSpace/CSharp/BannerlordModEditor/BannerlordModEditor.Common/BannerlordModEditor.Common.csproj]
         /root/WorkSpace/CSharp/BannerlordModEditor/BannerlordModEditor.Common/Models/DO/MpCraftingPiecesDO.cs(103,23): warning CS8618: 在退出构造函数时，不可为 null 的 属性 "PieceOffset" 必须包含非 null 值。请考虑添加 "required" 修饰符或将该 属性 声明为可为 null。 [/root/WorkSpace/CSharp/BannerlordModEditor/BannerlordModEditor.Common/BannerlordModEditor.Common.csproj]
         /root/WorkSpace/CSharp/BannerlordModEditor/BannerlordModEditor.Common/Models/DO/MpCraftingPiecesDO.cs(106,23): warning CS8618: 在退出构造函数时，不可为 null 的 属性 "PreviousPieceOffset" 必须包含非 null 值。请考虑添加 "required" 修饰符或将该 属性 声明为可为 null。 [/root/WorkSpace/CSharp/BannerlordModEditor/BannerlordModEditor.Common/BannerlordModEditor.Common.csproj]
         /root/WorkSpace/CSharp/BannerlordModEditor/BannerlordModEditor.Common/Models/DO/MpCraftingPiecesDO.cs(109,23): warning CS8618: 在退出构造函数时，不可为 null 的 属性 "NextPieceOffset" 必须包含非 null 值。请考虑添加 "required" 修饰符或将该 属性 声明为可为 null。 [/root/WorkSpace/CSharp/BannerlordModEditor/BannerlordModEditor.Common/BannerlordModEditor.Common.csproj]
         /root/WorkSpace/CSharp/BannerlordModEditor/BannerlordModEditor.Common/Models/DO/LooknfeelDO.cs(282,34): warning CS8618: 在退出构造函数时，不可为 null 的 属性 "SubWidgetList" 必须包含非 null 值。请考虑添加 "required" 修饰符或将该 属性 声明为可为 null。 [/root/WorkSpace/CSharp/BannerlordModEditor/BannerlordModEditor.Common/BannerlordModEditor.Common.csproj]
         /root/WorkSpace/CSharp/BannerlordModEditor/BannerlordModEditor.Common/Models/DO/LooknfeelDO.cs(29,31): warning CS8618: 在退出构造函数时，不可为 null 的 属性 "WidgetList" 必须包含非 null 值。请考虑添加 "required" 修饰符或将该 属性 声明为可为 null。 [/root/WorkSpace/CSharp/BannerlordModEditor/BannerlordModEditor.Common/BannerlordModEditor.Common.csproj]
         /root/WorkSpace/CSharp/BannerlordModEditor/BannerlordModEditor.Common/Models/DO/LooknfeelDO.cs(262,23): warning CS8618: 在退出构造函数时，不可为 null 的 属性 "Name" 必须包含非 null 值。请考虑添加 "required" 修饰符或将该 属性 声明为可为 null。 [/root/WorkSpace/CSharp/BannerlordModEditor/BannerlordModEditor.Common/BannerlordModEditor.Common.csproj]
         /root/WorkSpace/CSharp/BannerlordModEditor/BannerlordModEditor.Common/Models/DO/LooknfeelDO.cs(265,23): warning CS8618: 在退出构造函数时，不可为 null 的 属性 "Tiling" 必须包含非 null 值。请考虑添加 "required" 修饰符或将该 属性 声明为可为 null。 [/root/WorkSpace/CSharp/BannerlordModEditor/BannerlordModEditor.Common/BannerlordModEditor.Common.csproj]
         /root/WorkSpace/CSharp/BannerlordModEditor/BannerlordModEditor.Common/Models/DO/LooknfeelDO.cs(268,23): warning CS8618: 在退出构造函数时，不可为 null 的 属性 "MainMesh" 必须包含非 null 值。请考虑添加 "required" 修饰符或将该 属性 声明为可为 null。 [/root/WorkSpace/CSharp/BannerlordModEditor/BannerlordModEditor.Common/BannerlordModEditor.Common.csproj]
         /root/WorkSpace/CSharp/BannerlordModEditor/BannerlordModEditor.Common/Models/DO/LooknfeelDO.cs(271,23): warning CS8618: 在退出构造函数时，不可为 null 的 属性 "Position" 必须包含非 null 值。请考虑添加 "required" 修饰符或将该 属性 声明为可为 null。 [/root/WorkSpace/CSharp/BannerlordModEditor/BannerlordModEditor.Common/BannerlordModEditor.Common.csproj]
         /root/WorkSpace/CSharp/BannerlordModEditor/BannerlordModEditor.Common/Models/DO/LooknfeelDO.cs(10,23): warning CS8618: 在退出构造函数时，不可为 null 的 属性 "Type" 必须包含非 null 值。请考虑添加 "required" 修饰符或将该 属性 声明为可为 null。 [/root/WorkSpace/CSharp/BannerlordModEditor/BannerlordModEditor.Common/BannerlordModEditor.Common.csproj]
         /root/WorkSpace/CSharp/BannerlordModEditor/BannerlordModEditor.Common/Models/DO/LooknfeelDO.cs(13,23): warning CS8618: 在退出构造函数时，不可为 null 的 属性 "VirtualResolution" 必须包含非 null 值。请考虑添加 "required" 修饰符或将该 属性 声明为可为 null。 [/root/WorkSpace/CSharp/BannerlordModEditor/BannerlordModEditor.Common/BannerlordModEditor.Common.csproj]
         /root/WorkSpace/CSharp/BannerlordModEditor/BannerlordModEditor.Common/Models/DO/LooknfeelDO.cs(16,35): warning CS8618: 在退出构造函数时，不可为 null 的 属性 "Widgets" 必须包含非 null 值。请考虑添加 "required" 修饰符或将该 属性 声明为可为 null。 [/root/WorkSpace/CSharp/BannerlordModEditor/BannerlordModEditor.Common/BannerlordModEditor.Common.csproj]
         /root/WorkSpace/CSharp/BannerlordModEditor/BannerlordModEditor.Common/Models/DO/MpCraftingPiecesDO.cs(119,23): warning CS8618: 在退出构造函数时，不可为 null 的 属性 "StackAmount" 必须包含非 null 值。请考虑添加 "required" 修饰符或将该 属性 声明为可为 null。 [/root/WorkSpace/CSharp/BannerlordModEditor/BannerlordModEditor.Common/BannerlordModEditor.Common.csproj]
         /root/WorkSpace/CSharp/BannerlordModEditor/BannerlordModEditor.Common/Models/DO/MpCraftingPiecesDO.cs(122,23): warning CS8618: 在退出构造函数时，不可为 null 的 属性 "BladeLength" 必须包含非 null 值。请考虑添加 "required" 修饰符或将该 属性 声明为可为 null。 [/root/WorkSpace/CSharp/BannerlordModEditor/BannerlordModEditor.Common/BannerlordModEditor.Common.csproj]
         /root/WorkSpace/CSharp/BannerlordModEditor/BannerlordModEditor.Common/Models/DO/MpCraftingPiecesDO.cs(125,23): warning CS8618: 在退出构造函数时，不可为 null 的 属性 "BladeWidth" 必须包含非 null 值。请考虑添加 "required" 修饰符或将该 属性 声明为可为 null。 [/root/WorkSpace/CSharp/BannerlordModEditor/BannerlordModEditor.Common/BannerlordModEditor.Common.csproj]
         /root/WorkSpace/CSharp/BannerlordModEditor/BannerlordModEditor.Common/Models/DO/MpCraftingPiecesDO.cs(128,23): warning CS8618: 在退出构造函数时，不可为 null 的 属性 "PhysicsMaterial" 必须包含非 null 值。请考虑添加 "required" 修饰符或将该 属性 声明为可为 null。 [/root/WorkSpace/CSharp/BannerlordModEditor/BannerlordModEditor.Common/BannerlordModEditor.Common.csproj]
         /root/WorkSpace/CSharp/BannerlordModEditor/BannerlordModEditor.Common/Models/DO/MpCraftingPiecesDO.cs(131,23): warning CS8618: 在退出构造函数时，不可为 null 的 属性 "BodyName" 必须包含非 null 值。请考虑添加 "required" 修饰符或将该 属性 声明为可为 null。 [/root/WorkSpace/CSharp/BannerlordModEditor/BannerlordModEditor.Common/BannerlordModEditor.Common.csproj]
         /root/WorkSpace/CSharp/BannerlordModEditor/BannerlordModEditor.Common/Models/DO/MpCraftingPiecesDO.cs(134,23): warning CS8618: 在退出构造函数时，不可为 null 的 属性 "HolsterMesh" 必须包含非 null 值。请考虑添加 "required" 修饰符或将该 属性 声明为可为 null。 [/root/WorkSpace/CSharp/BannerlordModEditor/BannerlordModEditor.Common/BannerlordModEditor.Common.csproj]
         /root/WorkSpace/CSharp/BannerlordModEditor/BannerlordModEditor.Common/Models/DO/MpCraftingPiecesDO.cs(137,23): warning CS8618: 在退出构造函数时，不可为 null 的 属性 "HolsterMeshLength" 必须包含非 null 值。请考虑添加 "required" 修饰符或将该 属性 声明为可为 null。 [/root/WorkSpace/CSharp/BannerlordModEditor/BannerlordModEditor.Common/BannerlordModEditor.Common.csproj]
         /root/WorkSpace/CSharp/BannerlordModEditor/BannerlordModEditor.Common/Models/DO/MpCraftingPiecesDO.cs(140,23): warning CS8618: 在退出构造函数时，不可为 null 的 属性 "HolsterBodyName" 必须包含非 null 值。请考虑添加 "required" 修饰符或将该 属性 声明为可为 null。 [/root/WorkSpace/CSharp/BannerlordModEditor/BannerlordModEditor.Common/BannerlordModEditor.Common.csproj]
         /root/WorkSpace/CSharp/BannerlordModEditor/BannerlordModEditor.Common/Models/DO/MpCraftingPiecesDO.cs(143,27): warning CS8618: 在退出构造函数时，不可为 null 的 属性 "Thrust" 必须包含非 null 值。请考虑添加 "required" 修饰符或将该 属性 声明为可为 null。 [/root/WorkSpace/CSharp/BannerlordModEditor/BannerlordModEditor.Common/BannerlordModEditor.Common.csproj]
         /root/WorkSpace/CSharp/BannerlordModEditor/BannerlordModEditor.Common/Models/DO/MpCraftingPiecesDO.cs(146,26): warning CS8618: 在退出构造函数时，不可为 null 的 属性 "Swing" 必须包含非 null 值。请考虑添加 "required" 修饰符或将该 属性 声明为可为 null。 [/root/WorkSpace/CSharp/BannerlordModEditor/BannerlordModEditor.Common/BannerlordModEditor.Common.csproj]
         /root/WorkSpace/CSharp/BannerlordModEditor/BannerlordModEditor.Common/Models/DO/MpCraftingPiecesDO.cs(19,23): warning CS8618: 在退出构造函数时，不可为 null 的 属性 "Id" 必须包含非 null 值。请考虑添加 "required" 修饰符或将该 属性 声明为可为 null。 [/root/WorkSpace/CSharp/BannerlordModEditor/BannerlordModEditor.Common/BannerlordModEditor.Common.csproj]
         /root/WorkSpace/CSharp/BannerlordModEditor/BannerlordModEditor.Common/Models/DO/MpCraftingPiecesDO.cs(22,23): warning CS8618: 在退出构造函数时，不可为 null 的 属性 "Name" 必须包含非 null 值。请考虑添加 "required" 修饰符或将该 属性 声明为可为 null。 [/root/WorkSpace/CSharp/BannerlordModEditor/BannerlordModEditor.Common/BannerlordModEditor.Common.csproj]
         /root/WorkSpace/CSharp/BannerlordModEditor/BannerlordModEditor.Common/Models/DO/MpCraftingPiecesDO.cs(25,23): warning CS8618: 在退出构造函数时，不可为 null 的 属性 "Tier" 必须包含非 null 值。请考虑添加 "required" 修饰符或将该 属性 声明为可为 null。 [/root/WorkSpace/CSharp/BannerlordModEditor/BannerlordModEditor.Common/BannerlordModEditor.Common.csproj]
         /root/WorkSpace/CSharp/BannerlordModEditor/BannerlordModEditor.Common/Models/DO/MpCraftingPiecesDO.cs(28,23): warning CS8618: 在退出构造函数时，不可为 null 的 属性 "PieceType" 必须包含非 null 值。请考虑添加 "required" 修饰符或将该 属性 声明为可为 null。 [/root/WorkSpace/CSharp/BannerlordModEditor/BannerlordModEditor.Common/BannerlordModEditor.Common.csproj]
         /root/WorkSpace/CSharp/BannerlordModEditor/BannerlordModEditor.Common/Models/DO/MpCraftingPiecesDO.cs(31,23): warning CS8618: 在退出构造函数时，不可为 null 的 属性 "Mesh" 必须包含非 null 值。请考虑添加 "required" 修饰符或将该 属性 声明为可为 null。 [/root/WorkSpace/CSharp/BannerlordModEditor/BannerlordModEditor.Common/BannerlordModEditor.Common.csproj]
         /root/WorkSpace/CSharp/BannerlordModEditor/BannerlordModEditor.Common/Models/DO/MpCraftingPiecesDO.cs(34,23): warning CS8618: 在退出构造函数时，不可为 null 的 属性 "DistanceToNextPiece" 必须包含非 null 值。请考虑添加 "required" 修饰符或将该 属性 声明为可为 null。 [/root/WorkSpace/CSharp/BannerlordModEditor/BannerlordModEditor.Common/BannerlordModEditor.Common.csproj]
         /root/WorkSpace/CSharp/BannerlordModEditor/BannerlordModEditor.Common/Models/DO/MpCraftingPiecesDO.cs(37,23): warning CS8618: 在退出构造函数时，不可为 null 的 属性 "DistanceToPreviousPiece" 必须包含非 null 值。请考虑添加 "required" 修饰符或将该 属性 声明为可为 null。 [/root/WorkSpace/CSharp/BannerlordModEditor/BannerlordModEditor.Common/BannerlordModEditor.Common.csproj]
         /root/WorkSpace/CSharp/BannerlordModEditor/BannerlordModEditor.Common/Models/DO/MpCraftingPiecesDO.cs(40,23): warning CS8618: 在退出构造函数时，不可为 null 的 属性 "Weight" 必须包含非 null 值。请考虑添加 "required" 修饰符或将该 属性 声明为可为 null。 [/root/WorkSpace/CSharp/BannerlordModEditor/BannerlordModEditor.Common/BannerlordModEditor.Common.csproj]
         /root/WorkSpace/CSharp/BannerlordModEditor/BannerlordModEditor.Common/Models/DO/MpCraftingPiecesDO.cs(43,23): warning CS8618: 在退出构造函数时，不可为 null 的 属性 "ExcludedItemUsageFeatures" 必须包含非 null 值。请考虑添加 "required" 修饰符或将该 属性 声明为可为 null。 [/root/WorkSpace/CSharp/BannerlordModEditor/BannerlordModEditor.Common/BannerlordModEditor.Common.csproj]
         /root/WorkSpace/CSharp/BannerlordModEditor/BannerlordModEditor.Common/Models/DO/MpCraftingPiecesDO.cs(46,23): warning CS8618: 在退出构造函数时，不可为 null 的 属性 "Length" 必须包含非 null 值。请考虑添加 "required" 修饰符或将该 属性 声明为可为 null。 [/root/WorkSpace/CSharp/BannerlordModEditor/BannerlordModEditor.Common/BannerlordModEditor.Common.csproj]
         /root/WorkSpace/CSharp/BannerlordModEditor/BannerlordModEditor.Common/Models/DO/MpCraftingPiecesDO.cs(49,23): warning CS8618: 在退出构造函数时，不可为 null 的 属性 "FullScale" 必须包含非 null 值。请考虑添加 "required" 修饰符或将该 属性 声明为可为 null。 [/root/WorkSpace/CSharp/BannerlordModEditor/BannerlordModEditor.Common/BannerlordModEditor.Common.csproj]
         /root/WorkSpace/CSharp/BannerlordModEditor/BannerlordModEditor.Common/Models/DO/MpCraftingPiecesDO.cs(52,23): warning CS8618: 在退出构造函数时，不可为 null 的 属性 "Culture" 必须包含非 null 值。请考虑添加 "required" 修饰符或将该 属性 声明为可为 null。 [/root/WorkSpace/CSharp/BannerlordModEditor/BannerlordModEditor.Common/BannerlordModEditor.Common.csproj]
         /root/WorkSpace/CSharp/BannerlordModEditor/BannerlordModEditor.Common/Models/DO/MpCraftingPiecesDO.cs(55,23): warning CS8618: 在退出构造函数时，不可为 null 的 属性 "Scale" 必须包含非 null 值。请考虑添加 "required" 修饰符或将该 属性 声明为可为 null。 [/root/WorkSpace/CSharp/BannerlordModEditor/BannerlordModEditor.Common/BannerlordModEditor.Common.csproj]
         /root/WorkSpace/CSharp/BannerlordModEditor/BannerlordModEditor.Common/Models/DO/MpCraftingPiecesDO.cs(58,23): warning CS8618: 在退出构造函数时，不可为 null 的 属性 "IsCraftable" 必须包含非 null 值。请考虑添加 "required" 修饰符或将该 属性 声明为可为 null。 [/root/WorkSpace/CSharp/BannerlordModEditor/BannerlordModEditor.Common/BannerlordModEditor.Common.csproj]
         /root/WorkSpace/CSharp/BannerlordModEditor/BannerlordModEditor.Common/Models/DO/MpCraftingPiecesDO.cs(61,23): warning CS8618: 在退出构造函数时，不可为 null 的 属性 "ItemHolsterPosShift" 必须包含非 null 值。请考虑添加 "required" 修饰符或将该 属性 声明为可为 null。 [/root/WorkSpace/CSharp/BannerlordModEditor/BannerlordModEditor.Common/BannerlordModEditor.Common.csproj]
         /root/WorkSpace/CSharp/BannerlordModEditor/BannerlordModEditor.Common/Models/DO/MpCraftingPiecesDO.cs(64,23): warning CS8618: 在退出构造函数时，不可为 null 的 属性 "CraftingCost" 必须包含非 null 值。请考虑添加 "required" 修饰符或将该 属性 声明为可为 null。 [/root/WorkSpace/CSharp/BannerlordModEditor/BannerlordModEditor.Common/BannerlordModEditor.Common.csproj]
         /root/WorkSpace/CSharp/BannerlordModEditor/BannerlordModEditor.Common/Models/DO/MpCraftingPiecesDO.cs(67,30): warning CS8618: 在退出构造函数时，不可为 null 的 属性 "BuildData" 必须包含非 null 值。请考虑添加 "required" 修饰符或将该 属性 声明为可为 null。 [/root/WorkSpace/CSharp/BannerlordModEditor/BannerlordModEditor.Common/BannerlordModEditor.Common.csproj]
         /root/WorkSpace/CSharp/BannerlordModEditor/BannerlordModEditor.Common/Models/DO/MpCraftingPiecesDO.cs(70,30): warning CS8618: 在退出构造函数时，不可为 null 的 属性 "BladeData" 必须包含非 null 值。请考虑添加 "required" 修饰符或将该 属性 声明为可为 null。 [/root/WorkSpace/CSharp/BannerlordModEditor/BannerlordModEditor.Common/BannerlordModEditor.Common.csproj]
         /root/WorkSpace/CSharp/BannerlordModEditor/BannerlordModEditor.Common/Models/DO/MpCraftingPiecesDO.cs(73,34): warning CS8618: 在退出构造函数时，不可为 null 的 属性 "Flags" 必须包含非 null 值。请考虑添加 "required" 修饰符或将该 属性 声明为可为 null。 [/root/WorkSpace/CSharp/BannerlordModEditor/BannerlordModEditor.Common/BannerlordModEditor.Common.csproj]
         /root/WorkSpace/CSharp/BannerlordModEditor/BannerlordModEditor.Common/Models/DO/MpCraftingPiecesDO.cs(76,38): warning CS8618: 在退出构造函数时，不可为 null 的 属性 "Materials" 必须包含非 null 值。请考虑添加 "required" 修饰符或将该 属性 声明为可为 null。 [/root/WorkSpace/CSharp/BannerlordModEditor/BannerlordModEditor.Common/BannerlordModEditor.Common.csproj]
         /root/WorkSpace/CSharp/BannerlordModEditor/BannerlordModEditor.Common/Models/DO/LooknfeelDO.cs(215,38): warning CS8618: 在退出构造函数时，不可为 null 的 属性 "BackgroundMeshes" 必须包含非 null 值。请考虑添加 "required" 修饰符或将该 属性 声明为可为 null。 [/root/WorkSpace/CSharp/BannerlordModEditor/BannerlordModEditor.Common/BannerlordModEditor.Common.csproj]
         /root/WorkSpace/CSharp/BannerlordModEditor/BannerlordModEditor.Common/Models/DO/LooknfeelDO.cs(218,38): warning CS8618: 在退出构造函数时，不可为 null 的 属性 "ButtonMeshes" 必须包含非 null 值。请考虑添加 "required" 修饰符或将该 属性 声明为可为 null。 [/root/WorkSpace/CSharp/BannerlordModEditor/BannerlordModEditor.Common/BannerlordModEditor.Common.csproj]
         /root/WorkSpace/CSharp/BannerlordModEditor/BannerlordModEditor.Common/Models/DO/LooknfeelDO.cs(221,38): warning CS8618: 在退出构造函数时，不可为 null 的 属性 "ButtonPressedMeshes" 必须包含非 null 值。请考虑添加 "required" 修饰符或将该 属性 声明为可为 null。 [/root/WorkSpace/CSharp/BannerlordModEditor/BannerlordModEditor.Common/BannerlordModEditor.Common.csproj]
         /root/WorkSpace/CSharp/BannerlordModEditor/BannerlordModEditor.Common/Models/DO/LooknfeelDO.cs(224,38): warning CS8618: 在退出构造函数时，不可为 null 的 属性 "HighlightMeshes" 必须包含非 null 值。请考虑添加 "required" 修饰符或将该 属性 声明为可为 null。 [/root/WorkSpace/CSharp/BannerlordModEditor/BannerlordModEditor.Common/BannerlordModEditor.Common.csproj]
         /root/WorkSpace/CSharp/BannerlordModEditor/BannerlordModEditor.Common/Models/DO/LooknfeelDO.cs(227,38): warning CS8618: 在退出构造函数时，不可为 null 的 属性 "CursorMeshes" 必须包含非 null 值。请考虑添加 "required" 修饰符或将该 属性 声明为可为 null。 [/root/WorkSpace/CSharp/BannerlordModEditor/BannerlordModEditor.Common/BannerlordModEditor.Common.csproj]
         /root/WorkSpace/CSharp/BannerlordModEditor/BannerlordModEditor.Common/Models/DO/LooknfeelDO.cs(230,38): warning CS8618: 在退出构造函数时，不可为 null 的 属性 "LeftBorderMeshes" 必须包含非 null 值。请考虑添加 "required" 修饰符或将该 属性 声明为可为 null。 [/root/WorkSpace/CSharp/BannerlordModEditor/BannerlordModEditor.Common/BannerlordModEditor.Common.csproj]
         /root/WorkSpace/CSharp/BannerlordModEditor/BannerlordModEditor.Common/Models/DO/LooknfeelDO.cs(233,38): warning CS8618: 在退出构造函数时，不可为 null 的 属性 "RightBorderMeshes" 必须包含非 null 值。请考虑添加 "required" 修饰符或将该 属性 声明为可为 null。 [/root/WorkSpace/CSharp/BannerlordModEditor/BannerlordModEditor.Common/BannerlordModEditor.Common.csproj]
         /root/WorkSpace/CSharp/BannerlordModEditor/BannerlordModEditor.Common/Models/DO/LooknfeelDO.cs(293,23): warning CS8618: 在退出构造函数时，不可为 null 的 属性 "Ref" 必须包含非 null 值。请考虑添加 "required" 修饰符或将该 属性 声明为可为 null。 [/root/WorkSpace/CSharp/BannerlordModEditor/BannerlordModEditor.Common/BannerlordModEditor.Common.csproj]
         /root/WorkSpace/CSharp/BannerlordModEditor/BannerlordModEditor.Common/Models/DO/LooknfeelDO.cs(296,23): warning CS8618: 在退出构造函数时，不可为 null 的 属性 "Name" 必须包含非 null 值。请考虑添加 "required" 修饰符或将该 属性 声明为可为 null。 [/root/WorkSpace/CSharp/BannerlordModEditor/BannerlordModEditor.Common/BannerlordModEditor.Common.csproj]
         /root/WorkSpace/CSharp/BannerlordModEditor/BannerlordModEditor.Common/Models/DO/LooknfeelDO.cs(299,23): warning CS8618: 在退出构造函数时，不可为 null 的 属性 "Size" 必须包含非 null 值。请考虑添加 "required" 修饰符或将该 属性 声明为可为 null。 [/root/WorkSpace/CSharp/BannerlordModEditor/BannerlordModEditor.Common/BannerlordModEditor.Common.csproj]
         /root/WorkSpace/CSharp/BannerlordModEditor/BannerlordModEditor.Common/Models/DO/LooknfeelDO.cs(302,23): warning CS8618: 在退出构造函数时，不可为 null 的 属性 "Position" 必须包含非 null 值。请考虑添加 "required" 修饰符或将该 属性 声明为可为 null。 [/root/WorkSpace/CSharp/BannerlordModEditor/BannerlordModEditor.Common/BannerlordModEditor.Common.csproj]
         /root/WorkSpace/CSharp/BannerlordModEditor/BannerlordModEditor.Common/Models/DO/LooknfeelDO.cs(305,23): warning CS8618: 在退出构造函数时，不可为 null 的 属性 "Style" 必须包含非 null 值。请考虑添加 "required" 修饰符或将该 属性 声明为可为 null。 [/root/WorkSpace/CSharp/BannerlordModEditor/BannerlordModEditor.Common/BannerlordModEditor.Common.csproj]
         /root/WorkSpace/CSharp/BannerlordModEditor/BannerlordModEditor.Common/Models/DO/LooknfeelDO.cs(308,23): warning CS8618: 在退出构造函数时，不可为 null 的 属性 "VerticalAlignment" 必须包含非 null 值。请考虑添加 "required" 修饰符或将该 属性 声明为可为 null。 [/root/WorkSpace/CSharp/BannerlordModEditor/BannerlordModEditor.Common/BannerlordModEditor.Common.csproj]
         /root/WorkSpace/CSharp/BannerlordModEditor/BannerlordModEditor.Common/Models/DO/LooknfeelDO.cs(311,23): warning CS8618: 在退出构造函数时，不可为 null 的 属性 "HorizontalAlignment" 必须包含非 null 值。请考虑添加 "required" 修饰符或将该 属性 声明为可为 null。 [/root/WorkSpace/CSharp/BannerlordModEditor/BannerlordModEditor.Common/BannerlordModEditor.Common.csproj]
         /root/WorkSpace/CSharp/BannerlordModEditor/BannerlordModEditor.Common/Models/DO/LooknfeelDO.cs(321,23): warning CS8618: 在退出构造函数时，不可为 null 的 属性 "ScrollSpeed" 必须包含非 null 值。请考虑添加 "required" 修饰符或将该 属性 声明为可为 null。 [/root/WorkSpace/CSharp/BannerlordModEditor/BannerlordModEditor.Common/BannerlordModEditor.Common.csproj]
         /root/WorkSpace/CSharp/BannerlordModEditor/BannerlordModEditor.Common/Models/DO/LooknfeelDO.cs(324,23): warning CS8618: 在退出构造函数时，不可为 null 的 属性 "CellSize" 必须包含非 null 值。请考虑添加 "required" 修饰符或将该 属性 声明为可为 null。 [/root/WorkSpace/CSharp/BannerlordModEditor/BannerlordModEditor.Common/BannerlordModEditor.Common.csproj]
         /root/WorkSpace/CSharp/BannerlordModEditor/BannerlordModEditor.Common/Models/DO/LooknfeelDO.cs(327,23): warning CS8618: 在退出构造函数时，不可为 null 的 属性 "LayoutStyle" 必须包含非 null 值。请考虑添加 "required" 修饰符或将该 属性 声明为可为 null。 [/root/WorkSpace/CSharp/BannerlordModEditor/BannerlordModEditor.Common/BannerlordModEditor.Common.csproj]
         /root/WorkSpace/CSharp/BannerlordModEditor/BannerlordModEditor.Common/Models/DO/LooknfeelDO.cs(330,23): warning CS8618: 在退出构造函数时，不可为 null 的 属性 "LayoutAlignment" 必须包含非 null 值。请考虑添加 "required" 修饰符或将该 属性 声明为可为 null。 [/root/WorkSpace/CSharp/BannerlordModEditor/BannerlordModEditor.Common/BannerlordModEditor.Common.csproj]
         /root/WorkSpace/CSharp/BannerlordModEditor/BannerlordModEditor.Common/Models/DO/LooknfeelDO.cs(333,23): warning CS8618: 在退出构造函数时，不可为 null 的 属性 "Text" 必须包含非 null 值。请考虑添加 "required" 修饰符或将该 属性 声明为可为 null。 [/root/WorkSpace/CSharp/BannerlordModEditor/BannerlordModEditor.Common/BannerlordModEditor.Common.csproj]
         /root/WorkSpace/CSharp/BannerlordModEditor/BannerlordModEditor.Common/Models/DO/LooknfeelDO.cs(336,23): warning CS8618: 在退出构造函数时，不可为 null 的 属性 "TextColor" 必须包含非 null 值。请考虑添加 "required" 修饰符或将该 属性 声明为可为 null。 [/root/WorkSpace/CSharp/BannerlordModEditor/BannerlordModEditor.Common/BannerlordModEditor.Common.csproj]
         /root/WorkSpace/CSharp/BannerlordModEditor/BannerlordModEditor.Common/Models/DO/LooknfeelDO.cs(339,23): warning CS8618: 在退出构造函数时，不可为 null 的 属性 "TextHighlightColor" 必须包含非 null 值。请考虑添加 "required" 修饰符或将该 属性 声明为可为 null。 [/root/WorkSpace/CSharp/BannerlordModEditor/BannerlordModEditor.Common/BannerlordModEditor.Common.csproj]
         /root/WorkSpace/CSharp/BannerlordModEditor/BannerlordModEditor.Common/Models/DO/LooknfeelDO.cs(342,23): warning CS8618: 在退出构造函数时，不可为 null 的 属性 "FontSize" 必须包含非 null 值。请考虑添加 "required" 修饰符或将该 属性 声明为可为 null。 [/root/WorkSpace/CSharp/BannerlordModEditor/BannerlordModEditor.Common/BannerlordModEditor.Common.csproj]
         /root/WorkSpace/CSharp/BannerlordModEditor/BannerlordModEditor.Common/Models/DO/LooknfeelDO.cs(346,43): warning CS8618: 在退出构造函数时，不可为 null 的 属性 "Meshes" 必须包含非 null 值。请考虑添加 "required" 修饰符或将该 属性 声明为可为 null。 [/root/WorkSpace/CSharp/BannerlordModEditor/BannerlordModEditor.Common/BannerlordModEditor.Common.csproj]
         /root/WorkSpace/CSharp/BannerlordModEditor/BannerlordModEditor.Common/Models/DO/LooknfeelDO.cs(349,44): warning CS8618: 在退出构造函数时，不可为 null 的 属性 "SubWidgetsList" 必须包含非 null 值。请考虑添加 "required" 修饰符或将该 属性 声明为可为 null。 [/root/WorkSpace/CSharp/BannerlordModEditor/BannerlordModEditor.Common/BannerlordModEditor.Common.csproj]
         /root/WorkSpace/CSharp/BannerlordModEditor/BannerlordModEditor.Common/Models/DO/ItemHolstersDO.cs(11,40): warning CS8618: 在退出构造函数时，不可为 null 的 属性 "ItemHolstersContainer" 必须包含非 null 值。请考虑添加 "required" 修饰符或将该 属性 声明为可为 null。 [/root/WorkSpace/CSharp/BannerlordModEditor/BannerlordModEditor.Common/BannerlordModEditor.Common.csproj]
         /root/WorkSpace/CSharp/BannerlordModEditor/BannerlordModEditor.Common/Mappers/MpItemsMapper.cs(434,40): warning CS8603: 可能返回 null 引用。 [/root/WorkSpace/CSharp/BannerlordModEditor/BannerlordModEditor.Common/BannerlordModEditor.Common.csproj]
         /root/WorkSpace/CSharp/BannerlordModEditor/BannerlordModEditor.Common/Models/DO/ItemHolstersDO.cs(31,23): warning CS8618: 在退出构造函数时，不可为 null 的 属性 "Id" 必须包含非 null 值。请考虑添加 "required" 修饰符或将该 属性 声明为可为 null。 [/root/WorkSpace/CSharp/BannerlordModEditor/BannerlordModEditor.Common/BannerlordModEditor.Common.csproj]
         /root/WorkSpace/CSharp/BannerlordModEditor/BannerlordModEditor.Common/Models/DO/ItemHolstersDO.cs(34,23): warning CS8618: 在退出构造函数时，不可为 null 的 属性 "EquipAction" 必须包含非 null 值。请考虑添加 "required" 修饰符或将该 属性 声明为可为 null。 [/root/WorkSpace/CSharp/BannerlordModEditor/BannerlordModEditor.Common/BannerlordModEditor.Common.csproj]
         /root/WorkSpace/CSharp/BannerlordModEditor/BannerlordModEditor.Common/Models/DO/ItemHolstersDO.cs(37,23): warning CS8618: 在退出构造函数时，不可为 null 的 属性 "EquipActionLeftStance" 必须包含非 null 值。请考虑添加 "required" 修饰符或将该 属性 声明为可为 null。 [/root/WorkSpace/CSharp/BannerlordModEditor/BannerlordModEditor.Common/BannerlordModEditor.Common.csproj]
         /root/WorkSpace/CSharp/BannerlordModEditor/BannerlordModEditor.Common/Models/DO/ItemHolstersDO.cs(40,23): warning CS8618: 在退出构造函数时，不可为 null 的 属性 "UnequipAction" 必须包含非 null 值。请考虑添加 "required" 修饰符或将该 属性 声明为可为 null。 [/root/WorkSpace/CSharp/BannerlordModEditor/BannerlordModEditor.Common/BannerlordModEditor.Common.csproj]
         /root/WorkSpace/CSharp/BannerlordModEditor/BannerlordModEditor.Common/Models/DO/ItemHolstersDO.cs(43,23): warning CS8618: 在退出构造函数时，不可为 null 的 属性 "UnequipActionLeftStance" 必须包含非 null 值。请考虑添加 "required" 修饰符或将该 属性 声明为可为 null。 [/root/WorkSpace/CSharp/BannerlordModEditor/BannerlordModEditor.Common/BannerlordModEditor.Common.csproj]
         /root/WorkSpace/CSharp/BannerlordModEditor/BannerlordModEditor.Common/Models/DO/ItemHolstersDO.cs(46,23): warning CS8618: 在退出构造函数时，不可为 null 的 属性 "ShowHolsterWhenDrawn" 必须包含非 null 值。请考虑添加 "required" 修饰符或将该 属性 声明为可为 null。 [/root/WorkSpace/CSharp/BannerlordModEditor/BannerlordModEditor.Common/BannerlordModEditor.Common.csproj]
         /root/WorkSpace/CSharp/BannerlordModEditor/BannerlordModEditor.Common/Models/DO/ItemHolstersDO.cs(49,23): warning CS8618: 在退出构造函数时，不可为 null 的 属性 "GroupName" 必须包含非 null 值。请考虑添加 "required" 修饰符或将该 属性 声明为可为 null。 [/root/WorkSpace/CSharp/BannerlordModEditor/BannerlordModEditor.Common/BannerlordModEditor.Common.csproj]
         /root/WorkSpace/CSharp/BannerlordModEditor/BannerlordModEditor.Common/Models/DO/ItemHolstersDO.cs(52,23): warning CS8618: 在退出构造函数时，不可为 null 的 属性 "HolsterSkeleton" 必须包含非 null 值。请考虑添加 "required" 修饰符或将该 属性 声明为可为 null。 [/root/WorkSpace/CSharp/BannerlordModEditor/BannerlordModEditor.Common/BannerlordModEditor.Common.csproj]
         /root/WorkSpace/CSharp/BannerlordModEditor/BannerlordModEditor.Common/Models/DO/ItemHolstersDO.cs(55,23): warning CS8618: 在退出构造函数时，不可为 null 的 属性 "HolsterBone" 必须包含非 null 值。请考虑添加 "required" 修饰符或将该 属性 声明为可为 null。 [/root/WorkSpace/CSharp/BannerlordModEditor/BannerlordModEditor.Common/BannerlordModEditor.Common.csproj]
         /root/WorkSpace/CSharp/BannerlordModEditor/BannerlordModEditor.Common/Models/DO/ItemHolstersDO.cs(58,23): warning CS8618: 在退出构造函数时，不可为 null 的 属性 "BaseSet" 必须包含非 null 值。请考虑添加 "required" 修饰符或将该 属性 声明为可为 null。 [/root/WorkSpace/CSharp/BannerlordModEditor/BannerlordModEditor.Common/BannerlordModEditor.Common.csproj]
         /root/WorkSpace/CSharp/BannerlordModEditor/BannerlordModEditor.Common/Models/DO/ItemHolstersDO.cs(61,23): warning CS8618: 在退出构造函数时，不可为 null 的 属性 "HolsterPosition" 必须包含非 null 值。请考虑添加 "required" 修饰符或将该 属性 声明为可为 null。 [/root/WorkSpace/CSharp/BannerlordModEditor/BannerlordModEditor.Common/BannerlordModEditor.Common.csproj]
         /root/WorkSpace/CSharp/BannerlordModEditor/BannerlordModEditor.Common/Models/DO/ItemHolstersDO.cs(64,23): warning CS8618: 在退出构造函数时，不可为 null 的 属性 "HolsterRotationYawPitchRoll" 必须包含非 null 值。请考虑添加 "required" 修饰符或将该 属性 声明为可为 null。 [/root/WorkSpace/CSharp/BannerlordModEditor/BannerlordModEditor.Common/BannerlordModEditor.Common.csproj]
         /root/WorkSpace/CSharp/BannerlordModEditor/BannerlordModEditor.Common/Models/DO/CreditsDO.cs(99,23): warning CS8618: 在退出构造函数时，不可为 null 的 属性 "Text" 必须包含非 null 值。请考虑添加 "required" 修饰符或将该 属性 声明为可为 null。 [/root/WorkSpace/CSharp/BannerlordModEditor/BannerlordModEditor.Common/BannerlordModEditor.Common.csproj]
         /root/WorkSpace/CSharp/BannerlordModEditor/BannerlordModEditor.Common/Mappers/MpItemsMapper.cs(451,40): warning CS8603: 可能返回 null 引用。 [/root/WorkSpace/CSharp/BannerlordModEditor/BannerlordModEditor.Common/BannerlordModEditor.Common.csproj]
         /root/WorkSpace/CSharp/BannerlordModEditor/BannerlordModEditor.Common/Models/DO/CreditsDO.cs(87,23): warning CS8618: 在退出构造函数时，不可为 null 的 属性 "Name" 必须包含非 null 值。请考虑添加 "required" 修饰符或将该 属性 声明为可为 null。 [/root/WorkSpace/CSharp/BannerlordModEditor/BannerlordModEditor.Common/BannerlordModEditor.Common.csproj]
         /root/WorkSpace/CSharp/BannerlordModEditor/BannerlordModEditor.Common/Models/DO/CreditsDO.cs(90,23): warning CS8618: 在退出构造函数时，不可为 null 的 属性 "PlatformSpecific" 必须包含非 null 值。请考虑添加 "required" 修饰符或将该 属性 声明为可为 null。 [/root/WorkSpace/CSharp/BannerlordModEditor/BannerlordModEditor.Common/BannerlordModEditor.Common.csproj]
         /root/WorkSpace/CSharp/BannerlordModEditor/BannerlordModEditor.Common/Models/DO/CreditsDO.cs(93,23): warning CS8618: 在退出构造函数时，不可为 null 的 属性 "ConsoleSpecific" 必须包含非 null 值。请考虑添加 "required" 修饰符或将该 属性 声明为可为 null。 [/root/WorkSpace/CSharp/BannerlordModEditor/BannerlordModEditor.Common/BannerlordModEditor.Common.csproj]
         /root/WorkSpace/CSharp/BannerlordModEditor/BannerlordModEditor.Common/Models/DO/CreditsDO.cs(71,23): warning CS8618: 在退出构造函数时，不可为 null 的 属性 "Text" 必须包含非 null 值。请考虑添加 "required" 修饰符或将该 属性 声明为可为 null。 [/root/WorkSpace/CSharp/BannerlordModEditor/BannerlordModEditor.Common/BannerlordModEditor.Common.csproj]
         /root/WorkSpace/CSharp/BannerlordModEditor/BannerlordModEditor.Common/Models/DO/CreditsDO.cs(56,23): warning CS8618: 在退出构造函数时，不可为 null 的 属性 "Text" 必须包含非 null 值。请考虑添加 "required" 修饰符或将该 属性 声明为可为 null。 [/root/WorkSpace/CSharp/BannerlordModEditor/BannerlordModEditor.Common/BannerlordModEditor.Common.csproj]
         /root/WorkSpace/CSharp/BannerlordModEditor/BannerlordModEditor.Common/Mappers/MpItemsMapper.cs(480,40): warning CS8603: 可能返回 null 引用。 [/root/WorkSpace/CSharp/BannerlordModEditor/BannerlordModEditor.Common/BannerlordModEditor.Common.csproj]
         /root/WorkSpace/CSharp/BannerlordModEditor/BannerlordModEditor.Common/Mappers/MpItemsMapper.cs(513,36): warning CS8604: “WeaponFlagsDO MpItemsMapper.ToDO(WeaponFlagsDTO source)”中的形参“source”可能传入 null 引用实参。 [/root/WorkSpace/CSharp/BannerlordModEditor/BannerlordModEditor.Common/BannerlordModEditor.Common.csproj]
         /root/WorkSpace/CSharp/BannerlordModEditor/BannerlordModEditor.Common/Models/DO/CreditsDO.cs(23,23): warning CS8618: 在退出构造函数时，不可为 null 的 属性 "Text" 必须包含非 null 值。请考虑添加 "required" 修饰符或将该 属性 声明为可为 null。 [/root/WorkSpace/CSharp/BannerlordModEditor/BannerlordModEditor.Common/BannerlordModEditor.Common.csproj]
         /root/WorkSpace/CSharp/BannerlordModEditor/BannerlordModEditor.Common/Models/DO/LooknfeelDO.cs(40,23): warning CS8618: 在退出构造函数时，不可为 null 的 属性 "Type" 必须包含非 null 值。请考虑添加 "required" 修饰符或将该 属性 声明为可为 null。 [/root/WorkSpace/CSharp/BannerlordModEditor/BannerlordModEditor.Common/BannerlordModEditor.Common.csproj]
         /root/WorkSpace/CSharp/BannerlordModEditor/BannerlordModEditor.Common/Models/DO/LooknfeelDO.cs(43,23): warning CS8618: 在退出构造函数时，不可为 null 的 属性 "Name" 必须包含非 null 值。请考虑添加 "required" 修饰符或将该 属性 声明为可为 null。 [/root/WorkSpace/CSharp/BannerlordModEditor/BannerlordModEditor.Common/BannerlordModEditor.Common.csproj]
         /root/WorkSpace/CSharp/BannerlordModEditor/BannerlordModEditor.Common/Models/DO/LooknfeelDO.cs(46,23): warning CS8618: 在退出构造函数时，不可为 null 的 属性 "TilingBorderSize" 必须包含非 null 值。请考虑添加 "required" 修饰符或将该 属性 声明为可为 null。 [/root/WorkSpace/CSharp/BannerlordModEditor/BannerlordModEditor.Common/BannerlordModEditor.Common.csproj]
         /root/WorkSpace/CSharp/BannerlordModEditor/BannerlordModEditor.Common/Models/DO/LooknfeelDO.cs(49,23): warning CS8618: 在退出构造函数时，不可为 null 的 属性 "TileBackgroundAccordingToBorder" 必须包含非 null 值。请考虑添加 "required" 修饰符或将该 属性 声明为可为 null。 [/root/WorkSpace/CSharp/BannerlordModEditor/BannerlordModEditor.Common/BannerlordModEditor.Common.csproj]
         /root/WorkSpace/CSharp/BannerlordModEditor/BannerlordModEditor.Common/Models/DO/LooknfeelDO.cs(52,23): warning CS8618: 在退出构造函数时，不可为 null 的 属性 "BackgroundTileSize" 必须包含非 null 值。请考虑添加 "required" 修饰符或将该 属性 声明为可为 null。 [/root/WorkSpace/CSharp/BannerlordModEditor/BannerlordModEditor.Common/BannerlordModEditor.Common.csproj]
         /root/WorkSpace/CSharp/BannerlordModEditor/BannerlordModEditor.Common/Models/DO/LooknfeelDO.cs(55,23): warning CS8618: 在退出构造函数时，不可为 null 的 属性 "Focusable" 必须包含非 null 值。请考虑添加 "required" 修饰符或将该 属性 声明为可为 null。 [/root/WorkSpace/CSharp/BannerlordModEditor/BannerlordModEditor.Common/BannerlordModEditor.Common.csproj]
         /root/WorkSpace/CSharp/BannerlordModEditor/BannerlordModEditor.Common/Models/DO/LooknfeelDO.cs(58,23): warning CS8618: 在退出构造函数时，不可为 null 的 属性 "Style" 必须包含非 null 值。请考虑添加 "required" 修饰符或将该 属性 声明为可为 null。 [/root/WorkSpace/CSharp/BannerlordModEditor/BannerlordModEditor.Common/BannerlordModEditor.Common.csproj]
         /root/WorkSpace/CSharp/BannerlordModEditor/BannerlordModEditor.Common/Models/DO/LooknfeelDO.cs(61,23): warning CS8618: 在退出构造函数时，不可为 null 的 属性 "TrackAreaInset" 必须包含非 null 值。请考虑添加 "required" 修饰符或将该 属性 声明为可为 null。 [/root/WorkSpace/CSharp/BannerlordModEditor/BannerlordModEditor.Common/BannerlordModEditor.Common.csproj]
         /root/WorkSpace/CSharp/BannerlordModEditor/BannerlordModEditor.Common/Models/DO/LooknfeelDO.cs(64,23): warning CS8618: 在退出构造函数时，不可为 null 的 属性 "Text" 必须包含非 null 值。请考虑添加 "required" 修饰符或将该 属性 声明为可为 null。 [/root/WorkSpace/CSharp/BannerlordModEditor/BannerlordModEditor.Common/BannerlordModEditor.Common.csproj]
         /root/WorkSpace/CSharp/BannerlordModEditor/BannerlordModEditor.Common/Models/DO/LooknfeelDO.cs(67,23): warning CS8618: 在退出构造函数时，不可为 null 的 属性 "InitialState" 必须包含非 null 值。请考虑添加 "required" 修饰符或将该 属性 声明为可为 null。 [/root/WorkSpace/CSharp/BannerlordModEditor/BannerlordModEditor.Common/BannerlordModEditor.Common.csproj]
         /root/WorkSpace/CSharp/BannerlordModEditor/BannerlordModEditor.Common/Models/DO/LooknfeelDO.cs(70,23): warning CS8618: 在退出构造函数时，不可为 null 的 属性 "NumOfCols" 必须包含非 null 值。请考虑添加 "required" 修饰符或将该 属性 声明为可为 null。 [/root/WorkSpace/CSharp/BannerlordModEditor/BannerlordModEditor.Common/BannerlordModEditor.Common.csproj]
         /root/WorkSpace/CSharp/BannerlordModEditor/BannerlordModEditor.Common/Models/DO/LooknfeelDO.cs(73,23): warning CS8618: 在退出构造函数时，不可为 null 的 属性 "NumOfRows" 必须包含非 null 值。请考虑添加 "required" 修饰符或将该 属性 声明为可为 null。 [/root/WorkSpace/CSharp/BannerlordModEditor/BannerlordModEditor.Common/BannerlordModEditor.Common.csproj]
         /root/WorkSpace/CSharp/BannerlordModEditor/BannerlordModEditor.Common/Models/DO/LooknfeelDO.cs(76,23): warning CS8618: 在退出构造函数时，不可为 null 的 属性 "MaxNumOfRows" 必须包含非 null 值。请考虑添加 "required" 修饰符或将该 属性 声明为可为 null。 [/root/WorkSpace/CSharp/BannerlordModEditor/BannerlordModEditor.Common/BannerlordModEditor.Common.csproj]
         /root/WorkSpace/CSharp/BannerlordModEditor/BannerlordModEditor.Common/Models/DO/LooknfeelDO.cs(79,23): warning CS8618: 在退出构造函数时，不可为 null 的 属性 "BorderSize" 必须包含非 null 值。请考虑添加 "required" 修饰符或将该 属性 声明为可为 null。 [/root/WorkSpace/CSharp/BannerlordModEditor/BannerlordModEditor.Common/BannerlordModEditor.Common.csproj]
         /root/WorkSpace/CSharp/BannerlordModEditor/BannerlordModEditor.Common/Models/DO/LooknfeelDO.cs(82,23): warning CS8618: 在退出构造函数时，不可为 null 的 属性 "ShowScrollBars" 必须包含非 null 值。请考虑添加 "required" 修饰符或将该 属性 声明为可为 null。 [/root/WorkSpace/CSharp/BannerlordModEditor/BannerlordModEditor.Common/BannerlordModEditor.Common.csproj]
         /root/WorkSpace/CSharp/BannerlordModEditor/BannerlordModEditor.Common/Models/DO/LooknfeelDO.cs(85,23): warning CS8618: 在退出构造函数时，不可为 null 的 属性 "ScrollAreaInset" 必须包含非 null 值。请考虑添加 "required" 修饰符或将该 属性 声明为可为 null。 [/root/WorkSpace/CSharp/BannerlordModEditor/BannerlordModEditor.Common/BannerlordModEditor.Common.csproj]
         /root/WorkSpace/CSharp/BannerlordModEditor/BannerlordModEditor.Common/Models/DO/LooknfeelDO.cs(88,23): warning CS8618: 在退出构造函数时，不可为 null 的 属性 "CellSize" 必须包含非 null 值。请考虑添加 "required" 修饰符或将该 属性 声明为可为 null。 [/root/WorkSpace/CSharp/BannerlordModEditor/BannerlordModEditor.Common/BannerlordModEditor.Common.csproj]
         /root/WorkSpace/CSharp/BannerlordModEditor/BannerlordModEditor.Common/Models/DO/LooknfeelDO.cs(91,23): warning CS8618: 在退出构造函数时，不可为 null 的 属性 "LayoutStyle" 必须包含非 null 值。请考虑添加 "required" 修饰符或将该 属性 声明为可为 null。 [/root/WorkSpace/CSharp/BannerlordModEditor/BannerlordModEditor.Common/BannerlordModEditor.Common.csproj]
         /root/WorkSpace/CSharp/BannerlordModEditor/BannerlordModEditor.Common/Models/DO/LooknfeelDO.cs(94,23): warning CS8618: 在退出构造函数时，不可为 null 的 属性 "LayoutAlignment" 必须包含非 null 值。请考虑添加 "required" 修饰符或将该 属性 声明为可为 null。 [/root/WorkSpace/CSharp/BannerlordModEditor/BannerlordModEditor.Common/BannerlordModEditor.Common.csproj]
         /root/WorkSpace/CSharp/BannerlordModEditor/BannerlordModEditor.Common/Models/DO/LooknfeelDO.cs(97,23): warning CS8618: 在退出构造函数时，不可为 null 的 属性 "AutoShowScrollBars" 必须包含非 null 值。请考虑添加 "required" 修饰符或将该 属性 声明为可为 null。 [/root/WorkSpace/CSharp/BannerlordModEditor/BannerlordModEditor.Common/BannerlordModEditor.Common.csproj]
         /root/WorkSpace/CSharp/BannerlordModEditor/BannerlordModEditor.Common/Models/DO/LooknfeelDO.cs(100,23): warning CS8618: 在退出构造函数时，不可为 null 的 属性 "IncrementVec" 必须包含非 null 值。请考虑添加 "required" 修饰符或将该 属性 声明为可为 null。 [/root/WorkSpace/CSharp/BannerlordModEditor/BannerlordModEditor.Common/BannerlordModEditor.Common.csproj]
         /root/WorkSpace/CSharp/BannerlordModEditor/BannerlordModEditor.Common/Models/DO/LooknfeelDO.cs(103,23): warning CS8618: 在退出构造函数时，不可为 null 的 属性 "InitialValue" 必须包含非 null 值。请考虑添加 "required" 修饰符或将该 属性 声明为可为 null。 [/root/WorkSpace/CSharp/BannerlordModEditor/BannerlordModEditor.Common/BannerlordModEditor.Common.csproj]
         /root/WorkSpace/CSharp/BannerlordModEditor/BannerlordModEditor.Common/Models/DO/LooknfeelDO.cs(106,23): warning CS8618: 在退出构造函数时，不可为 null 的 属性 "MaxAllowedDigit" 必须包含非 null 值。请考虑添加 "required" 修饰符或将该 属性 声明为可为 null。 [/root/WorkSpace/CSharp/BannerlordModEditor/BannerlordModEditor.Common/BannerlordModEditor.Common.csproj]
         /root/WorkSpace/CSharp/BannerlordModEditor/BannerlordModEditor.Common/Models/DO/LooknfeelDO.cs(109,23): warning CS8618: 在退出构造函数时，不可为 null 的 属性 "MinAllowedValue" 必须包含非 null 值。请考虑添加 "required" 修饰符或将该 属性 声明为可为 null。 [/root/WorkSpace/CSharp/BannerlordModEditor/BannerlordModEditor.Common/BannerlordModEditor.Common.csproj]
         /root/WorkSpace/CSharp/BannerlordModEditor/BannerlordModEditor.Common/Models/DO/LooknfeelDO.cs(112,23): warning CS8618: 在退出构造函数时，不可为 null 的 属性 "MaxAllowedValue" 必须包含非 null 值。请考虑添加 "required" 修饰符或将该 属性 声明为可为 null。 [/root/WorkSpace/CSharp/BannerlordModEditor/BannerlordModEditor.Common/BannerlordModEditor.Common.csproj]
         /root/WorkSpace/CSharp/BannerlordModEditor/BannerlordModEditor.Common/Models/DO/LooknfeelDO.cs(115,23): warning CS8618: 在退出构造函数时，不可为 null 的 属性 "StepValue" 必须包含非 null 值。请考虑添加 "required" 修饰符或将该 属性 声明为可为 null。 [/root/WorkSpace/CSharp/BannerlordModEditor/BannerlordModEditor.Common/BannerlordModEditor.Common.csproj]
         /root/WorkSpace/CSharp/BannerlordModEditor/BannerlordModEditor.Common/Models/DO/LooknfeelDO.cs(118,23): warning CS8618: 在退出构造函数时，不可为 null 的 属性 "MinValue" 必须包含非 null 值。请考虑添加 "required" 修饰符或将该 属性 声明为可为 null。 [/root/WorkSpace/CSharp/BannerlordModEditor/BannerlordModEditor.Common/BannerlordModEditor.Common.csproj]
         /root/WorkSpace/CSharp/BannerlordModEditor/BannerlordModEditor.Common/Models/DO/LooknfeelDO.cs(121,23): warning CS8618: 在退出构造函数时，不可为 null 的 属性 "MaxValue" 必须包含非 null 值。请考虑添加 "required" 修饰符或将该 属性 声明为可为 null。 [/root/WorkSpace/CSharp/BannerlordModEditor/BannerlordModEditor.Common/BannerlordModEditor.Common.csproj]
         /root/WorkSpace/CSharp/BannerlordModEditor/BannerlordModEditor.Common/Models/DO/LooknfeelDO.cs(124,23): warning CS8618: 在退出构造函数时，不可为 null 的 属性 "VerticalAlignment" 必须包含非 null 值。请考虑添加 "required" 修饰符或将该 属性 声明为可为 null。 [/root/WorkSpace/CSharp/BannerlordModEditor/BannerlordModEditor.Common/BannerlordModEditor.Common.csproj]
         /root/WorkSpace/CSharp/BannerlordModEditor/BannerlordModEditor.Common/Models/DO/LooknfeelDO.cs(127,23): warning CS8618: 在退出构造函数时，不可为 null 的 属性 "HorizontalAlignment" 必须包含非 null 值。请考虑添加 "required" 修饰符或将该 属性 声明为可为 null。 [/root/WorkSpace/CSharp/BannerlordModEditor/BannerlordModEditor.Common/BannerlordModEditor.Common.csproj]
         /root/WorkSpace/CSharp/BannerlordModEditor/BannerlordModEditor.Common/Models/DO/LooknfeelDO.cs(137,23): warning CS8618: 在退出构造函数时，不可为 null 的 属性 "TextHighlightColor" 必须包含非 null 值。请考虑添加 "required" 修饰符或将该 属性 声明为可为 null。 [/root/WorkSpace/CSharp/BannerlordModEditor/BannerlordModEditor.Common/BannerlordModEditor.Common.csproj]
         /root/WorkSpace/CSharp/BannerlordModEditor/BannerlordModEditor.Common/Models/DO/LooknfeelDO.cs(140,23): warning CS8618: 在退出构造函数时，不可为 null 的 属性 "TextColor" 必须包含非 null 值。请考虑添加 "required" 修饰符或将该 属性 声明为可为 null。 [/root/WorkSpace/CSharp/BannerlordModEditor/BannerlordModEditor.Common/BannerlordModEditor.Common.csproj]
         /root/WorkSpace/CSharp/BannerlordModEditor/BannerlordModEditor.Common/Models/DO/LooknfeelDO.cs(143,23): warning CS8618: 在退出构造函数时，不可为 null 的 属性 "FontSize" 必须包含非 null 值。请考虑添加 "required" 修饰符或将该 属性 声明为可为 null。 [/root/WorkSpace/CSharp/BannerlordModEditor/BannerlordModEditor.Common/BannerlordModEditor.Common.csproj]
         /root/WorkSpace/CSharp/BannerlordModEditor/BannerlordModEditor.Common/Models/DO/LooknfeelDO.cs(146,23): warning CS8618: 在退出构造函数时，不可为 null 的 属性 "Size" 必须包含非 null 值。请考虑添加 "required" 修饰符或将该 属性 声明为可为 null。 [/root/WorkSpace/CSharp/BannerlordModEditor/BannerlordModEditor.Common/BannerlordModEditor.Common.csproj]
         /root/WorkSpace/CSharp/BannerlordModEditor/BannerlordModEditor.Common/Models/DO/LooknfeelDO.cs(149,23): warning CS8618: 在退出构造函数时，不可为 null 的 属性 "Position" 必须包含非 null 值。请考虑添加 "required" 修饰符或将该 属性 声明为可为 null。 [/root/WorkSpace/CSharp/BannerlordModEditor/BannerlordModEditor.Common/BannerlordModEditor.Common.csproj]
         /root/WorkSpace/CSharp/BannerlordModEditor/BannerlordModEditor.Common/Models/DO/LooknfeelDO.cs(152,23): warning CS8618: 在退出构造函数时，不可为 null 的 属性 "ButtonMesh" 必须包含非 null 值。请考虑添加 "required" 修饰符或将该 属性 声明为可为 null。 [/root/WorkSpace/CSharp/BannerlordModEditor/BannerlordModEditor.Common/BannerlordModEditor.Common.csproj]
         /root/WorkSpace/CSharp/BannerlordModEditor/BannerlordModEditor.Common/Models/DO/LooknfeelDO.cs(156,43): warning CS8618: 在退出构造函数时，不可为 null 的 属性 "Meshes" 必须包含非 null 值。请考虑添加 "required" 修饰符或将该 属性 声明为可为 null。 [/root/WorkSpace/CSharp/BannerlordModEditor/BannerlordModEditor.Common/BannerlordModEditor.Common.csproj]
         /root/WorkSpace/CSharp/BannerlordModEditor/BannerlordModEditor.Common/Models/DO/LooknfeelDO.cs(159,44): warning CS8618: 在退出构造函数时，不可为 null 的 属性 "SubWidgetsList" 必须包含非 null 值。请考虑添加 "required" 修饰符或将该 属性 声明为可为 null。 [/root/WorkSpace/CSharp/BannerlordModEditor/BannerlordModEditor.Common/BannerlordModEditor.Common.csproj]
         /root/WorkSpace/CSharp/BannerlordModEditor/BannerlordModEditor.Common/Mappers/MpItemsMapper.cs(519,40): warning CS8603: 可能返回 null 引用。 [/root/WorkSpace/CSharp/BannerlordModEditor/BannerlordModEditor.Common/BannerlordModEditor.Common.csproj]
         /root/WorkSpace/CSharp/BannerlordModEditor/BannerlordModEditor.Common/Mappers/MpItemsMapper.cs(556,40): warning CS8603: 可能返回 null 引用。 [/root/WorkSpace/CSharp/BannerlordModEditor/BannerlordModEditor.Common/BannerlordModEditor.Common.csproj]
         /root/WorkSpace/CSharp/BannerlordModEditor/BannerlordModEditor.Common/Mappers/MpItemsMapper.cs(570,41): warning CS8604: “AdditionalMeshesDO MpItemsMapper.ToDO(AdditionalMeshesDTO source)”中的形参“source”可能传入 null 引用实参。 [/root/WorkSpace/CSharp/BannerlordModEditor/BannerlordModEditor.Common/BannerlordModEditor.Common.csproj]
         /root/WorkSpace/CSharp/BannerlordModEditor/BannerlordModEditor.Common/Mappers/MpItemsMapper.cs(571,34): warning CS8604: “MpItemMaterialsDO MpItemsMapper.ToDO(MpItemMaterialsDTO source)”中的形参“source”可能传入 null 引用实参。 [/root/WorkSpace/CSharp/BannerlordModEditor/BannerlordModEditor.Common/BannerlordModEditor.Common.csproj]
         /root/WorkSpace/CSharp/BannerlordModEditor/BannerlordModEditor.Common/Models/Data/Prerender.cs(119,23): warning CS8618: 在退出构造函数时，不可为 null 的 属性 "Name" 必须包含非 null 值。请考虑添加 "required" 修饰符或将该 属性 声明为可为 null。 [/root/WorkSpace/CSharp/BannerlordModEditor/BannerlordModEditor.Common/BannerlordModEditor.Common.csproj]
         /root/WorkSpace/CSharp/BannerlordModEditor/BannerlordModEditor.Common/Models/Data/FloraKinds.cs(68,23): warning CS8618: 在退出构造函数时，不可为 null 的 属性 "Season" 必须包含非 null 值。请考虑添加 "required" 修饰符或将该 属性 声明为可为 null。 [/root/WorkSpace/CSharp/BannerlordModEditor/BannerlordModEditor.Common/BannerlordModEditor.Common.csproj]
         /root/WorkSpace/CSharp/BannerlordModEditor/BannerlordModEditor.Common/Models/Data/FloraKinds.cs(71,32): warning CS8618: 在退出构造函数时，不可为 null 的 属性 "FloraVariations" 必须包含非 null 值。请考虑添加 "required" 修饰符或将该 属性 声明为可为 null。 [/root/WorkSpace/CSharp/BannerlordModEditor/BannerlordModEditor.Common/BannerlordModEditor.Common.csproj]
         /root/WorkSpace/CSharp/BannerlordModEditor/BannerlordModEditor.Common/Models/Data/Prerender.cs(111,29): warning CS8618: 在退出构造函数时，不可为 null 的 属性 "Configs" 必须包含非 null 值。请考虑添加 "required" 修饰符或将该 属性 声明为可为 null。 [/root/WorkSpace/CSharp/BannerlordModEditor/BannerlordModEditor.Common/BannerlordModEditor.Common.csproj]
         /root/WorkSpace/CSharp/BannerlordModEditor/BannerlordModEditor.Common/Models/Data/FloraKinds.cs(92,20): warning CS8603: 可能返回 null 引用。 [/root/WorkSpace/CSharp/BannerlordModEditor/BannerlordModEditor.Common/BannerlordModEditor.Common.csproj]
         /root/WorkSpace/CSharp/BannerlordModEditor/BannerlordModEditor.Common/Mappers/MpItemsMapper.cs(577,40): warning CS8603: 可能返回 null 引用。 [/root/WorkSpace/CSharp/BannerlordModEditor/BannerlordModEditor.Common/BannerlordModEditor.Common.csproj]
         /root/WorkSpace/CSharp/BannerlordModEditor/BannerlordModEditor.Common/Models/Data/FloraKinds.cs(126,23): warning CS8618: 在退出构造函数时，不可为 null 的 属性 "Name" 必须包含非 null 值。请考虑添加 "required" 修饰符或将该 属性 声明为可为 null。 [/root/WorkSpace/CSharp/BannerlordModEditor/BannerlordModEditor.Common/BannerlordModEditor.Common.csproj]
         /root/WorkSpace/CSharp/BannerlordModEditor/BannerlordModEditor.Common/Models/Data/FloraKinds.cs(129,23): warning CS8618: 在退出构造函数时，不可为 null 的 属性 "Material" 必须包含非 null 值。请考虑添加 "required" 修饰符或将该 属性 声明为可为 null。 [/root/WorkSpace/CSharp/BannerlordModEditor/BannerlordModEditor.Common/BannerlordModEditor.Common.csproj]
         /root/WorkSpace/CSharp/BannerlordModEditor/BannerlordModEditor.Common/Models/Data/Prerender.cs(95,23): warning CS8618: 在退出构造函数时，不可为 null 的 属性 "Index" 必须包含非 null 值。请考虑添加 "required" 修饰符或将该 属性 声明为可为 null。 [/root/WorkSpace/CSharp/BannerlordModEditor/BannerlordModEditor.Common/BannerlordModEditor.Common.csproj]
         /root/WorkSpace/CSharp/BannerlordModEditor/BannerlordModEditor.Common/Models/Data/Prerender.cs(98,23): warning CS8618: 在退出构造函数时，不可为 null 的 属性 "Type" 必须包含非 null 值。请考虑添加 "required" 修饰符或将该 属性 声明为可为 null。 [/root/WorkSpace/CSharp/BannerlordModEditor/BannerlordModEditor.Common/BannerlordModEditor.Common.csproj]
         /root/WorkSpace/CSharp/BannerlordModEditor/BannerlordModEditor.Common/Models/Data/Prerender.cs(101,23): warning CS8618: 在退出构造函数时，不可为 null 的 属性 "Source" 必须包含非 null 值。请考虑添加 "required" 修饰符或将该 属性 声明为可为 null。 [/root/WorkSpace/CSharp/BannerlordModEditor/BannerlordModEditor.Common/BannerlordModEditor.Common.csproj]
         /root/WorkSpace/CSharp/BannerlordModEditor/BannerlordModEditor.Common/Mappers/MpItemsMapper.cs(587,40): warning CS8603: 可能返回 null 引用。 [/root/WorkSpace/CSharp/BannerlordModEditor/BannerlordModEditor.Common/BannerlordModEditor.Common.csproj]
         /root/WorkSpace/CSharp/BannerlordModEditor/BannerlordModEditor.Common/Models/Data/FloraKinds.cs(101,20): warning CS8603: 可能返回 null 引用。 [/root/WorkSpace/CSharp/BannerlordModEditor/BannerlordModEditor.Common/BannerlordModEditor.Common.csproj]
         /root/WorkSpace/CSharp/BannerlordModEditor/BannerlordModEditor.Common/Models/Data/FloraLayerSets.cs(30,31): warning CS8618: 在退出构造函数时，不可为 null 的 属性 "Mesh" 必须包含非 null 值。请考虑添加 "required" 修饰符或将该 属性 声明为可为 null。 [/root/WorkSpace/CSharp/BannerlordModEditor/BannerlordModEditor.Common/BannerlordModEditor.Common.csproj]
         /root/WorkSpace/CSharp/BannerlordModEditor/BannerlordModEditor.Common/Models/Data/FloraLayerSets.cs(19,23): warning CS8618: 在退出构造函数时，不可为 null 的 属性 "Name" 必须包含非 null 值。请考虑添加 "required" 修饰符或将该 属性 声明为可为 null。 [/root/WorkSpace/CSharp/BannerlordModEditor/BannerlordModEditor.Common/BannerlordModEditor.Common.csproj]
         /root/WorkSpace/CSharp/BannerlordModEditor/BannerlordModEditor.Common/Mappers/MpItemsMapper.cs(598,40): warning CS8603: 可能返回 null 引用。 [/root/WorkSpace/CSharp/BannerlordModEditor/BannerlordModEditor.Common/BannerlordModEditor.Common.csproj]
         /root/WorkSpace/CSharp/BannerlordModEditor/BannerlordModEditor.Common/Models/Data/GogAchievementData.cs(17,23): warning CS8618: 在退出构造函数时，不可为 null 的 属性 "Name" 必须包含非 null 值。请考虑添加 "required" 修饰符或将该 属性 声明为可为 null。 [/root/WorkSpace/CSharp/BannerlordModEditor/BannerlordModEditor.Common/BannerlordModEditor.Common.csproj]
         /root/WorkSpace/CSharp/BannerlordModEditor/BannerlordModEditor.Common/Models/Data/GogAchievementData.cs(20,43): warning CS8618: 在退出构造函数时，不可为 null 的 属性 "Requirements" 必须包含非 null 值。请考虑添加 "required" 修饰符或将该 属性 声明为可为 null。 [/root/WorkSpace/CSharp/BannerlordModEditor/BannerlordModEditor.Common/BannerlordModEditor.Common.csproj]
         /root/WorkSpace/CSharp/BannerlordModEditor/BannerlordModEditor.Common/Mappers/MpItemsMapper.cs(608,40): warning CS8603: 可能返回 null 引用。 [/root/WorkSpace/CSharp/BannerlordModEditor/BannerlordModEditor.Common/BannerlordModEditor.Common.csproj]
         /root/WorkSpace/CSharp/BannerlordModEditor/BannerlordModEditor.Common/Mappers/MpItemsMapper.cs(613,40): warning CS8604: “MpItemMeshMultipliersDO MpItemsMapper.ToDO(MpItemMeshMultipliersDTO source)”中的形参“source”可能传入 null 引用实参。 [/root/WorkSpace/CSharp/BannerlordModEditor/BannerlordModEditor.Common/BannerlordModEditor.Common.csproj]
         /root/WorkSpace/CSharp/BannerlordModEditor/BannerlordModEditor.Common/Models/Data/FloraKinds.cs(87,23): warning CS8618: 在退出构造函数时，不可为 null 的 属性 "Name" 必须包含非 null 值。请考虑添加 "required" 修饰符或将该 属性 声明为可为 null。 [/root/WorkSpace/CSharp/BannerlordModEditor/BannerlordModEditor.Common/BannerlordModEditor.Common.csproj]
         /root/WorkSpace/CSharp/BannerlordModEditor/BannerlordModEditor.Common/Models/Data/FloraKinds.cs(111,23): warning CS8618: 在退出构造函数时，不可为 null 的 属性 "BodyName" 必须包含非 null 值。请考虑添加 "required" 修饰符或将该 属性 声明为可为 null。 [/root/WorkSpace/CSharp/BannerlordModEditor/BannerlordModEditor.Common/BannerlordModEditor.Common.csproj]
         /root/WorkSpace/CSharp/BannerlordModEditor/BannerlordModEditor.Common/Models/Data/FloraLayerSets.cs(38,23): warning CS8618: 在退出构造函数时，不可为 null 的 属性 "Name" 必须包含非 null 值。请考虑添加 "required" 修饰符或将该 属性 声明为可为 null。 [/root/WorkSpace/CSharp/BannerlordModEditor/BannerlordModEditor.Common/BannerlordModEditor.Common.csproj]
         /root/WorkSpace/CSharp/BannerlordModEditor/BannerlordModEditor.Common/Models/Data/FloraLayerSets.cs(56,23): warning CS8618: 在退出构造函数时，不可为 null 的 属性 "SizeMin" 必须包含非 null 值。请考虑添加 "required" 修饰符或将该 属性 声明为可为 null。 [/root/WorkSpace/CSharp/BannerlordModEditor/BannerlordModEditor.Common/BannerlordModEditor.Common.csproj]
         /root/WorkSpace/CSharp/BannerlordModEditor/BannerlordModEditor.Common/Models/Data/FloraLayerSets.cs(59,23): warning CS8618: 在退出构造函数时，不可为 null 的 属性 "SizeMax" 必须包含非 null 值。请考虑添加 "required" 修饰符或将该 属性 声明为可为 null。 [/root/WorkSpace/CSharp/BannerlordModEditor/BannerlordModEditor.Common/BannerlordModEditor.Common.csproj]
         /root/WorkSpace/CSharp/BannerlordModEditor/BannerlordModEditor.Common/Models/Data/FloraLayerSets.cs(62,23): warning CS8618: 在退出构造函数时，不可为 null 的 属性 "AlbedoMultiplier" 必须包含非 null 值。请考虑添加 "required" 修饰符或将该 属性 声明为可为 null。 [/root/WorkSpace/CSharp/BannerlordModEditor/BannerlordModEditor.Common/BannerlordModEditor.Common.csproj]
         /root/WorkSpace/CSharp/BannerlordModEditor/BannerlordModEditor.Common/Models/Data/GogAchievementData.cs(32,23): warning CS8618: 在退出构造函数时，不可为 null 的 属性 "StatName" 必须包含非 null 值。请考虑添加 "required" 修饰符或将该 属性 声明为可为 null。 [/root/WorkSpace/CSharp/BannerlordModEditor/BannerlordModEditor.Common/BannerlordModEditor.Common.csproj]
         /root/WorkSpace/CSharp/BannerlordModEditor/BannerlordModEditor.Common/Models/Data/ItemHolsters.cs(11,38): warning CS8618: 在退出构造函数时，不可为 null 的 属性 "ItemHolstersContainer" 必须包含非 null 值。请考虑添加 "required" 修饰符或将该 属性 声明为可为 null。 [/root/WorkSpace/CSharp/BannerlordModEditor/BannerlordModEditor.Common/BannerlordModEditor.Common.csproj]
         /root/WorkSpace/CSharp/BannerlordModEditor/BannerlordModEditor.Common/Models/DTO/CreditsDTO.cs(42,23): warning CS8618: 在退出构造函数时，不可为 null 的 属性 "Text" 必须包含非 null 值。请考虑添加 "required" 修饰符或将该 属性 声明为可为 null。 [/root/WorkSpace/CSharp/BannerlordModEditor/BannerlordModEditor.Common/BannerlordModEditor.Common.csproj]
         /root/WorkSpace/CSharp/BannerlordModEditor/BannerlordModEditor.Common/Models/DTO/CreditsDTO.cs(55,23): warning CS8618: 在退出构造函数时，不可为 null 的 属性 "Name" 必须包含非 null 值。请考虑添加 "required" 修饰符或将该 属性 声明为可为 null。 [/root/WorkSpace/CSharp/BannerlordModEditor/BannerlordModEditor.Common/BannerlordModEditor.Common.csproj]
         /root/WorkSpace/CSharp/BannerlordModEditor/BannerlordModEditor.Common/Models/DTO/CreditsDTO.cs(56,23): warning CS8618: 在退出构造函数时，不可为 null 的 属性 "PlatformSpecific" 必须包含非 null 值。请考虑添加 "required" 修饰符或将该 属性 声明为可为 null。 [/root/WorkSpace/CSharp/BannerlordModEditor/BannerlordModEditor.Common/BannerlordModEditor.Common.csproj]
         /root/WorkSpace/CSharp/BannerlordModEditor/BannerlordModEditor.Common/Models/DTO/CreditsDTO.cs(57,23): warning CS8618: 在退出构造函数时，不可为 null 的 属性 "ConsoleSpecific" 必须包含非 null 值。请考虑添加 "required" 修饰符或将该 属性 声明为可为 null。 [/root/WorkSpace/CSharp/BannerlordModEditor/BannerlordModEditor.Common/BannerlordModEditor.Common.csproj]
         /root/WorkSpace/CSharp/BannerlordModEditor/BannerlordModEditor.Common/Models/DTO/CreditsDTO.cs(66,23): warning CS8618: 在退出构造函数时，不可为 null 的 属性 "Text" 必须包含非 null 值。请考虑添加 "required" 修饰符或将该 属性 声明为可为 null。 [/root/WorkSpace/CSharp/BannerlordModEditor/BannerlordModEditor.Common/BannerlordModEditor.Common.csproj]
         /root/WorkSpace/CSharp/BannerlordModEditor/BannerlordModEditor.Common/Models/Data/Prerender.cs(43,23): warning CS8618: 在退出构造函数时，不可为 null 的 属性 "Id" 必须包含非 null 值。请考虑添加 "required" 修饰符或将该 属性 声明为可为 null。 [/root/WorkSpace/CSharp/BannerlordModEditor/BannerlordModEditor.Common/BannerlordModEditor.Common.csproj]
         /root/WorkSpace/CSharp/BannerlordModEditor/BannerlordModEditor.Common/Models/Data/Prerender.cs(46,23): warning CS8618: 在退出构造函数时，不可为 null 的 属性 "Class" 必须包含非 null 值。请考虑添加 "required" 修饰符或将该 属性 声明为可为 null。 [/root/WorkSpace/CSharp/BannerlordModEditor/BannerlordModEditor.Common/BannerlordModEditor.Common.csproj]
         /root/WorkSpace/CSharp/BannerlordModEditor/BannerlordModEditor.Common/Models/Data/Prerender.cs(49,23): warning CS8618: 在退出构造函数时，不可为 null 的 属性 "Shader" 必须包含非 null 值。请考虑添加 "required" 修饰符或将该 属性 声明为可为 null。 [/root/WorkSpace/CSharp/BannerlordModEditor/BannerlordModEditor.Common/BannerlordModEditor.Common.csproj]
         /root/WorkSpace/CSharp/BannerlordModEditor/BannerlordModEditor.Common/Models/Data/Prerender.cs(52,23): warning CS8618: 在退出构造函数时，不可为 null 的 属性 "Format" 必须包含非 null 值。请考虑添加 "required" 修饰符或将该 属性 声明为可为 null。 [/root/WorkSpace/CSharp/BannerlordModEditor/BannerlordModEditor.Common/BannerlordModEditor.Common.csproj]
         /root/WorkSpace/CSharp/BannerlordModEditor/BannerlordModEditor.Common/Models/Data/Prerender.cs(55,23): warning CS8618: 在退出构造函数时，不可为 null 的 属性 "Size" 必须包含非 null 值。请考虑添加 "required" 修饰符或将该 属性 声明为可为 null。 [/root/WorkSpace/CSharp/BannerlordModEditor/BannerlordModEditor.Common/BannerlordModEditor.Common.csproj]
         /root/WorkSpace/CSharp/BannerlordModEditor/BannerlordModEditor.Common/Models/Data/Prerender.cs(58,23): warning CS8618: 在退出构造函数时，不可为 null 的 属性 "Width" 必须包含非 null 值。请考虑添加 "required" 修饰符或将该 属性 声明为可为 null。 [/root/WorkSpace/CSharp/BannerlordModEditor/BannerlordModEditor.Common/BannerlordModEditor.Common.csproj]
         /root/WorkSpace/CSharp/BannerlordModEditor/BannerlordModEditor.Common/Models/Data/Prerender.cs(61,23): warning CS8618: 在退出构造函数时，不可为 null 的 属性 "Height" 必须包含非 null 值。请考虑添加 "required" 修饰符或将该 属性 声明为可为 null。 [/root/WorkSpace/CSharp/BannerlordModEditor/BannerlordModEditor.Common/BannerlordModEditor.Common.csproj]
         /root/WorkSpace/CSharp/BannerlordModEditor/BannerlordModEditor.Common/Models/Data/Prerender.cs(64,23): warning CS8618: 在退出构造函数时，不可为 null 的 属性 "Compute" 必须包含非 null 值。请考虑添加 "required" 修饰符或将该 属性 声明为可为 null。 [/root/WorkSpace/CSharp/BannerlordModEditor/BannerlordModEditor.Common/BannerlordModEditor.Common.csproj]
         /root/WorkSpace/CSharp/BannerlordModEditor/BannerlordModEditor.Common/Models/Data/Prerender.cs(67,23): warning CS8618: 在退出构造函数时，不可为 null 的 属性 "ComputeTgSizeX" 必须包含非 null 值。请考虑添加 "required" 修饰符或将该 属性 声明为可为 null。 [/root/WorkSpace/CSharp/BannerlordModEditor/BannerlordModEditor.Common/BannerlordModEditor.Common.csproj]
         /root/WorkSpace/CSharp/BannerlordModEditor/BannerlordModEditor.Common/Models/Data/Prerender.cs(70,23): warning CS8618: 在退出构造函数时，不可为 null 的 属性 "ComputeTgSizeY" 必须包含非 null 值。请考虑添加 "required" 修饰符或将该 属性 声明为可为 null。 [/root/WorkSpace/CSharp/BannerlordModEditor/BannerlordModEditor.Common/BannerlordModEditor.Common.csproj]
         /root/WorkSpace/CSharp/BannerlordModEditor/BannerlordModEditor.Common/Models/Data/Prerender.cs(73,28): warning CS8618: 在退出构造函数时，不可为 null 的 属性 "Inputs" 必须包含非 null 值。请考虑添加 "required" 修饰符或将该 属性 声明为可为 null。 [/root/WorkSpace/CSharp/BannerlordModEditor/BannerlordModEditor.Common/BannerlordModEditor.Common.csproj]
         /root/WorkSpace/CSharp/BannerlordModEditor/BannerlordModEditor.Common/Models/Data/Prerender.cs(76,30): warning CS8618: 在退出构造函数时，不可为 null 的 属性 "Preconditions" 必须包含非 null 值。请考虑添加 "required" 修饰符或将该 属性 声明为可为 null。 [/root/WorkSpace/CSharp/BannerlordModEditor/BannerlordModEditor.Common/BannerlordModEditor.Common.csproj]
         /root/WorkSpace/CSharp/BannerlordModEditor/BannerlordModEditor.Common/Models/DTO/CreditsDTO.cs(17,23): warning CS8618: 在退出构造函数时，不可为 null 的 属性 "Text" 必须包含非 null 值。请考虑添加 "required" 修饰符或将该 属性 声明为可为 null。 [/root/WorkSpace/CSharp/BannerlordModEditor/BannerlordModEditor.Common/BannerlordModEditor.Common.csproj]
         /root/WorkSpace/CSharp/BannerlordModEditor/BannerlordModEditor.Common/Models/DTO/CreditsDTO.cs(32,23): warning CS8618: 在退出构造函数时，不可为 null 的 属性 "Text" 必须包含非 null 值。请考虑添加 "required" 修饰符或将该 属性 声明为可为 null。 [/root/WorkSpace/CSharp/BannerlordModEditor/BannerlordModEditor.Common/BannerlordModEditor.Common.csproj]
         /root/WorkSpace/CSharp/BannerlordModEditor/BannerlordModEditor.Common/Models/DTO/ItemHolstersDTO.cs(11,41): warning CS8618: 在退出构造函数时，不可为 null 的 属性 "ItemHolstersContainer" 必须包含非 null 值。请考虑添加 "required" 修饰符或将该 属性 声明为可为 null。 [/root/WorkSpace/CSharp/BannerlordModEditor/BannerlordModEditor.Common/BannerlordModEditor.Common.csproj]
         /root/WorkSpace/CSharp/BannerlordModEditor/BannerlordModEditor.Common/Models/Data/ItemModifiers.cs(31,20): warning CS8603: 可能返回 null 引用。 [/root/WorkSpace/CSharp/BannerlordModEditor/BannerlordModEditor.Common/BannerlordModEditor.Common.csproj]
         /root/WorkSpace/CSharp/BannerlordModEditor/BannerlordModEditor.Common/Models/Data/ItemModifiersGroups.cs(19,23): warning CS8618: 在退出构造函数时，不可为 null 的 属性 "Id" 必须包含非 null 值。请考虑添加 "required" 修饰符或将该 属性 声明为可为 null。 [/root/WorkSpace/CSharp/BannerlordModEditor/BannerlordModEditor.Common/BannerlordModEditor.Common.csproj]
         /root/WorkSpace/CSharp/BannerlordModEditor/BannerlordModEditor.Common/Mappers/MpItemsMapper.cs(619,40): warning CS8603: 可能返回 null 引用。 [/root/WorkSpace/CSharp/BannerlordModEditor/BannerlordModEditor.Common/BannerlordModEditor.Common.csproj]
         /root/WorkSpace/CSharp/BannerlordModEditor/BannerlordModEditor.Common/Mappers/MpItemsMapper.cs(629,40): warning CS8603: 可能返回 null 引用。 [/root/WorkSpace/CSharp/BannerlordModEditor/BannerlordModEditor.Common/BannerlordModEditor.Common.csproj]
         /root/WorkSpace/CSharp/BannerlordModEditor/BannerlordModEditor.Common/Models/Data/ItemModifiers.cs(41,20): warning CS8603: 可能返回 null 引用。 [/root/WorkSpace/CSharp/BannerlordModEditor/BannerlordModEditor.Common/BannerlordModEditor.Common.csproj]
         /root/WorkSpace/CSharp/BannerlordModEditor/BannerlordModEditor.Common/Mappers/MpItemsMapper.cs(640,40): warning CS8603: 可能返回 null 引用。 [/root/WorkSpace/CSharp/BannerlordModEditor/BannerlordModEditor.Common/BannerlordModEditor.Common.csproj]
         /root/WorkSpace/CSharp/BannerlordModEditor/BannerlordModEditor.Common/Models/Data/ItemHolsters.cs(25,23): warning CS8618: 在退出构造函数时，不可为 null 的 属性 "Id" 必须包含非 null 值。请考虑添加 "required" 修饰符或将该 属性 声明为可为 null。 [/root/WorkSpace/CSharp/BannerlordModEditor/BannerlordModEditor.Common/BannerlordModEditor.Common.csproj]
         /root/WorkSpace/CSharp/BannerlordModEditor/BannerlordModEditor.Common/Models/Data/ItemHolsters.cs(28,23): warning CS8618: 在退出构造函数时，不可为 null 的 属性 "EquipAction" 必须包含非 null 值。请考虑添加 "required" 修饰符或将该 属性 声明为可为 null。 [/root/WorkSpace/CSharp/BannerlordModEditor/BannerlordModEditor.Common/BannerlordModEditor.Common.csproj]
         /root/WorkSpace/CSharp/BannerlordModEditor/BannerlordModEditor.Common/Models/Data/ItemHolsters.cs(31,23): warning CS8618: 在退出构造函数时，不可为 null 的 属性 "EquipActionLeftStance" 必须包含非 null 值。请考虑添加 "required" 修饰符或将该 属性 声明为可为 null。 [/root/WorkSpace/CSharp/BannerlordModEditor/BannerlordModEditor.Common/BannerlordModEditor.Common.csproj]
         /root/WorkSpace/CSharp/BannerlordModEditor/BannerlordModEditor.Common/Models/Data/ItemHolsters.cs(34,23): warning CS8618: 在退出构造函数时，不可为 null 的 属性 "UnequipAction" 必须包含非 null 值。请考虑添加 "required" 修饰符或将该 属性 声明为可为 null。 [/root/WorkSpace/CSharp/BannerlordModEditor/BannerlordModEditor.Common/BannerlordModEditor.Common.csproj]
         /root/WorkSpace/CSharp/BannerlordModEditor/BannerlordModEditor.Common/Models/Data/ItemHolsters.cs(37,23): warning CS8618: 在退出构造函数时，不可为 null 的 属性 "UnequipActionLeftStance" 必须包含非 null 值。请考虑添加 "required" 修饰符或将该 属性 声明为可为 null。 [/root/WorkSpace/CSharp/BannerlordModEditor/BannerlordModEditor.Common/BannerlordModEditor.Common.csproj]
         /root/WorkSpace/CSharp/BannerlordModEditor/BannerlordModEditor.Common/Models/Data/ItemHolsters.cs(40,23): warning CS8618: 在退出构造函数时，不可为 null 的 属性 "ShowHolsterWhenDrawn" 必须包含非 null 值。请考虑添加 "required" 修饰符或将该 属性 声明为可为 null。 [/root/WorkSpace/CSharp/BannerlordModEditor/BannerlordModEditor.Common/BannerlordModEditor.Common.csproj]
         /root/WorkSpace/CSharp/BannerlordModEditor/BannerlordModEditor.Common/Models/Data/ItemHolsters.cs(43,23): warning CS8618: 在退出构造函数时，不可为 null 的 属性 "GroupName" 必须包含非 null 值。请考虑添加 "required" 修饰符或将该 属性 声明为可为 null。 [/root/WorkSpace/CSharp/BannerlordModEditor/BannerlordModEditor.Common/BannerlordModEditor.Common.csproj]
         /root/WorkSpace/CSharp/BannerlordModEditor/BannerlordModEditor.Common/Models/Data/ItemHolsters.cs(46,23): warning CS8618: 在退出构造函数时，不可为 null 的 属性 "HolsterSkeleton" 必须包含非 null 值。请考虑添加 "required" 修饰符或将该 属性 声明为可为 null。 [/root/WorkSpace/CSharp/BannerlordModEditor/BannerlordModEditor.Common/BannerlordModEditor.Common.csproj]
         /root/WorkSpace/CSharp/BannerlordModEditor/BannerlordModEditor.Common/Models/Data/ItemHolsters.cs(49,23): warning CS8618: 在退出构造函数时，不可为 null 的 属性 "HolsterBone" 必须包含非 null 值。请考虑添加 "required" 修饰符或将该 属性 声明为可为 null。 [/root/WorkSpace/CSharp/BannerlordModEditor/BannerlordModEditor.Common/BannerlordModEditor.Common.csproj]
         /root/WorkSpace/CSharp/BannerlordModEditor/BannerlordModEditor.Common/Models/Data/ItemHolsters.cs(52,23): warning CS8618: 在退出构造函数时，不可为 null 的 属性 "BaseSet" 必须包含非 null 值。请考虑添加 "required" 修饰符或将该 属性 声明为可为 null。 [/root/WorkSpace/CSharp/BannerlordModEditor/BannerlordModEditor.Common/BannerlordModEditor.Common.csproj]
         /root/WorkSpace/CSharp/BannerlordModEditor/BannerlordModEditor.Common/Models/Data/ItemHolsters.cs(55,23): warning CS8618: 在退出构造函数时，不可为 null 的 属性 "HolsterPosition" 必须包含非 null 值。请考虑添加 "required" 修饰符或将该 属性 声明为可为 null。 [/root/WorkSpace/CSharp/BannerlordModEditor/BannerlordModEditor.Common/BannerlordModEditor.Common.csproj]
         /root/WorkSpace/CSharp/BannerlordModEditor/BannerlordModEditor.Common/Models/Data/ItemHolsters.cs(58,23): warning CS8618: 在退出构造函数时，不可为 null 的 属性 "HolsterRotationYawPitchRoll" 必须包含非 null 值。请考虑添加 "required" 修饰符或将该 属性 声明为可为 null。 [/root/WorkSpace/CSharp/BannerlordModEditor/BannerlordModEditor.Common/BannerlordModEditor.Common.csproj]
         /root/WorkSpace/CSharp/BannerlordModEditor/BannerlordModEditor.Common/Models/Data/ItemModifiers.cs(51,20): warning CS8603: 可能返回 null 引用。 [/root/WorkSpace/CSharp/BannerlordModEditor/BannerlordModEditor.Common/BannerlordModEditor.Common.csproj]
         /root/WorkSpace/CSharp/BannerlordModEditor/BannerlordModEditor.Common/Mappers/MpItemsMapper.cs(652,40): warning CS8603: 可能返回 null 引用。 [/root/WorkSpace/CSharp/BannerlordModEditor/BannerlordModEditor.Common/BannerlordModEditor.Common.csproj]
         /root/WorkSpace/CSharp/BannerlordModEditor/BannerlordModEditor.Common/Models/Data/Prerender.cs(31,23): warning CS8618: 在退出构造函数时，不可为 null 的 属性 "Id" 必须包含非 null 值。请考虑添加 "required" 修饰符或将该 属性 声明为可为 null。 [/root/WorkSpace/CSharp/BannerlordModEditor/BannerlordModEditor.Common/BannerlordModEditor.Common.csproj]
         /root/WorkSpace/CSharp/BannerlordModEditor/BannerlordModEditor.Common/Models/Data/Prerender.cs(34,42): warning CS8618: 在退出构造函数时，不可为 null 的 属性 "PostfxNodes" 必须包含非 null 值。请考虑添加 "required" 修饰符或将该 属性 声明为可为 null。 [/root/WorkSpace/CSharp/BannerlordModEditor/BannerlordModEditor.Common/BannerlordModEditor.Common.csproj]
         /root/WorkSpace/CSharp/BannerlordModEditor/BannerlordModEditor.Common/Models/Data/ItemModifiers.cs(61,20): warning CS8603: 可能返回 null 引用。 [/root/WorkSpace/CSharp/BannerlordModEditor/BannerlordModEditor.Common/BannerlordModEditor.Common.csproj]
         /root/WorkSpace/CSharp/BannerlordModEditor/BannerlordModEditor.Common/Models/DTO/ItemHolstersDTO.cs(27,23): warning CS8618: 在退出构造函数时，不可为 null 的 属性 "Id" 必须包含非 null 值。请考虑添加 "required" 修饰符或将该 属性 声明为可为 null。 [/root/WorkSpace/CSharp/BannerlordModEditor/BannerlordModEditor.Common/BannerlordModEditor.Common.csproj]
         /root/WorkSpace/CSharp/BannerlordModEditor/BannerlordModEditor.Common/Models/DTO/ItemHolstersDTO.cs(30,23): warning CS8618: 在退出构造函数时，不可为 null 的 属性 "EquipAction" 必须包含非 null 值。请考虑添加 "required" 修饰符或将该 属性 声明为可为 null。 [/root/WorkSpace/CSharp/BannerlordModEditor/BannerlordModEditor.Common/BannerlordModEditor.Common.csproj]
         /root/WorkSpace/CSharp/BannerlordModEditor/BannerlordModEditor.Common/Models/DTO/ItemHolstersDTO.cs(33,23): warning CS8618: 在退出构造函数时，不可为 null 的 属性 "EquipActionLeftStance" 必须包含非 null 值。请考虑添加 "required" 修饰符或将该 属性 声明为可为 null。 [/root/WorkSpace/CSharp/BannerlordModEditor/BannerlordModEditor.Common/BannerlordModEditor.Common.csproj]
         /root/WorkSpace/CSharp/BannerlordModEditor/BannerlordModEditor.Common/Models/DTO/ItemHolstersDTO.cs(36,23): warning CS8618: 在退出构造函数时，不可为 null 的 属性 "UnequipAction" 必须包含非 null 值。请考虑添加 "required" 修饰符或将该 属性 声明为可为 null。 [/root/WorkSpace/CSharp/BannerlordModEditor/BannerlordModEditor.Common/BannerlordModEditor.Common.csproj]
         /root/WorkSpace/CSharp/BannerlordModEditor/BannerlordModEditor.Common/Models/DTO/ItemHolstersDTO.cs(39,23): warning CS8618: 在退出构造函数时，不可为 null 的 属性 "UnequipActionLeftStance" 必须包含非 null 值。请考虑添加 "required" 修饰符或将该 属性 声明为可为 null。 [/root/WorkSpace/CSharp/BannerlordModEditor/BannerlordModEditor.Common/BannerlordModEditor.Common.csproj]
         /root/WorkSpace/CSharp/BannerlordModEditor/BannerlordModEditor.Common/Models/DTO/ItemHolstersDTO.cs(42,23): warning CS8618: 在退出构造函数时，不可为 null 的 属性 "ShowHolsterWhenDrawn" 必须包含非 null 值。请考虑添加 "required" 修饰符或将该 属性 声明为可为 null。 [/root/WorkSpace/CSharp/BannerlordModEditor/BannerlordModEditor.Common/BannerlordModEditor.Common.csproj]
         /root/WorkSpace/CSharp/BannerlordModEditor/BannerlordModEditor.Common/Models/DTO/ItemHolstersDTO.cs(45,23): warning CS8618: 在退出构造函数时，不可为 null 的 属性 "GroupName" 必须包含非 null 值。请考虑添加 "required" 修饰符或将该 属性 声明为可为 null。 [/root/WorkSpace/CSharp/BannerlordModEditor/BannerlordModEditor.Common/BannerlordModEditor.Common.csproj]
         /root/WorkSpace/CSharp/BannerlordModEditor/BannerlordModEditor.Common/Models/DTO/ItemHolstersDTO.cs(48,23): warning CS8618: 在退出构造函数时，不可为 null 的 属性 "HolsterSkeleton" 必须包含非 null 值。请考虑添加 "required" 修饰符或将该 属性 声明为可为 null。 [/root/WorkSpace/CSharp/BannerlordModEditor/BannerlordModEditor.Common/BannerlordModEditor.Common.csproj]
         /root/WorkSpace/CSharp/BannerlordModEditor/BannerlordModEditor.Common/Models/DTO/ItemHolstersDTO.cs(51,23): warning CS8618: 在退出构造函数时，不可为 null 的 属性 "HolsterBone" 必须包含非 null 值。请考虑添加 "required" 修饰符或将该 属性 声明为可为 null。 [/root/WorkSpace/CSharp/BannerlordModEditor/BannerlordModEditor.Common/BannerlordModEditor.Common.csproj]
         /root/WorkSpace/CSharp/BannerlordModEditor/BannerlordModEditor.Common/Models/DTO/ItemHolstersDTO.cs(54,23): warning CS8618: 在退出构造函数时，不可为 null 的 属性 "BaseSet" 必须包含非 null 值。请考虑添加 "required" 修饰符或将该 属性 声明为可为 null。 [/root/WorkSpace/CSharp/BannerlordModEditor/BannerlordModEditor.Common/BannerlordModEditor.Common.csproj]
         /root/WorkSpace/CSharp/BannerlordModEditor/BannerlordModEditor.Common/Models/DTO/ItemHolstersDTO.cs(57,23): warning CS8618: 在退出构造函数时，不可为 null 的 属性 "HolsterPosition" 必须包含非 null 值。请考虑添加 "required" 修饰符或将该 属性 声明为可为 null。 [/root/WorkSpace/CSharp/BannerlordModEditor/BannerlordModEditor.Common/BannerlordModEditor.Common.csproj]
         /root/WorkSpace/CSharp/BannerlordModEditor/BannerlordModEditor.Common/Models/DTO/ItemHolstersDTO.cs(60,23): warning CS8618: 在退出构造函数时，不可为 null 的 属性 "HolsterRotationYawPitchRoll" 必须包含非 null 值。请考虑添加 "required" 修饰符或将该 属性 声明为可为 null。 [/root/WorkSpace/CSharp/BannerlordModEditor/BannerlordModEditor.Common/BannerlordModEditor.Common.csproj]
         /root/WorkSpace/CSharp/BannerlordModEditor/BannerlordModEditor.Common/Models/Data/Prerender.cs(23,43): warning CS8618: 在退出构造函数时，不可为 null 的 属性 "PostfxGraphList" 必须包含非 null 值。请考虑添加 "required" 修饰符或将该 属性 声明为可为 null。 [/root/WorkSpace/CSharp/BannerlordModEditor/BannerlordModEditor.Common/BannerlordModEditor.Common.csproj]
         /root/WorkSpace/CSharp/BannerlordModEditor/BannerlordModEditor.Common/Models/DTO/LooknfeelDTO.cs(26,32): warning CS8618: 在退出构造函数时，不可为 null 的 属性 "WidgetList" 必须包含非 null 值。请考虑添加 "required" 修饰符或将该 属性 声明为可为 null。 [/root/WorkSpace/CSharp/BannerlordModEditor/BannerlordModEditor.Common/BannerlordModEditor.Common.csproj]
         /root/WorkSpace/CSharp/BannerlordModEditor/BannerlordModEditor.Common/Models/Data/ItemModifiers.cs(71,20): warning CS8603: 可能返回 null 引用。 [/root/WorkSpace/CSharp/BannerlordModEditor/BannerlordModEditor.Common/BannerlordModEditor.Common.csproj]
         /root/WorkSpace/CSharp/BannerlordModEditor/BannerlordModEditor.Common/Models/Data/Looknfeel.cs(27,29): warning CS8618: 在退出构造函数时，不可为 null 的 属性 "WidgetList" 必须包含非 null 值。请考虑添加 "required" 修饰符或将该 属性 声明为可为 null。 [/root/WorkSpace/CSharp/BannerlordModEditor/BannerlordModEditor.Common/BannerlordModEditor.Common.csproj]
         /root/WorkSpace/CSharp/BannerlordModEditor/BannerlordModEditor.Common/Models/Data/Prerender.cs(11,23): warning CS8618: 在退出构造函数时，不可为 null 的 属性 "Type" 必须包含非 null 值。请考虑添加 "required" 修饰符或将该 属性 声明为可为 null。 [/root/WorkSpace/CSharp/BannerlordModEditor/BannerlordModEditor.Common/BannerlordModEditor.Common.csproj]
         /root/WorkSpace/CSharp/BannerlordModEditor/BannerlordModEditor.Common/Models/Data/Prerender.cs(14,38): warning CS8618: 在退出构造函数时，不可为 null 的 属性 "PostfxGraphs" 必须包含非 null 值。请考虑添加 "required" 修饰符或将该 属性 声明为可为 null。 [/root/WorkSpace/CSharp/BannerlordModEditor/BannerlordModEditor.Common/BannerlordModEditor.Common.csproj]
         /root/WorkSpace/CSharp/BannerlordModEditor/BannerlordModEditor.Common/Models/Data/Looknfeel.cs(11,23): warning CS8618: 在退出构造函数时，不可为 null 的 属性 "Type" 必须包含非 null 值。请考虑添加 "required" 修饰符或将该 属性 声明为可为 null。 [/root/WorkSpace/CSharp/BannerlordModEditor/BannerlordModEditor.Common/BannerlordModEditor.Common.csproj]
         /root/WorkSpace/CSharp/BannerlordModEditor/BannerlordModEditor.Common/Models/Data/Looknfeel.cs(14,23): warning CS8618: 在退出构造函数时，不可为 null 的 属性 "VirtualResolution" 必须包含非 null 值。请考虑添加 "required" 修饰符或将该 属性 声明为可为 null。 [/root/WorkSpace/CSharp/BannerlordModEditor/BannerlordModEditor.Common/BannerlordModEditor.Common.csproj]
         /root/WorkSpace/CSharp/BannerlordModEditor/BannerlordModEditor.Common/Models/Data/Looknfeel.cs(17,33): warning CS8618: 在退出构造函数时，不可为 null 的 属性 "Widgets" 必须包含非 null 值。请考虑添加 "required" 修饰符或将该 属性 声明为可为 null。 [/root/WorkSpace/CSharp/BannerlordModEditor/BannerlordModEditor.Common/BannerlordModEditor.Common.csproj]
         /root/WorkSpace/CSharp/BannerlordModEditor/BannerlordModEditor.Common/Models/DTO/LooknfeelDTO.cs(10,23): warning CS8618: 在退出构造函数时，不可为 null 的 属性 "Type" 必须包含非 null 值。请考虑添加 "required" 修饰符或将该 属性 声明为可为 null。 [/root/WorkSpace/CSharp/BannerlordModEditor/BannerlordModEditor.Common/BannerlordModEditor.Common.csproj]
         /root/WorkSpace/CSharp/BannerlordModEditor/BannerlordModEditor.Common/Models/DTO/LooknfeelDTO.cs(13,23): warning CS8618: 在退出构造函数时，不可为 null 的 属性 "VirtualResolution" 必须包含非 null 值。请考虑添加 "required" 修饰符或将该 属性 声明为可为 null。 [/root/WorkSpace/CSharp/BannerlordModEditor/BannerlordModEditor.Common/BannerlordModEditor.Common.csproj]
         /root/WorkSpace/CSharp/BannerlordModEditor/BannerlordModEditor.Common/Models/DTO/LooknfeelDTO.cs(16,36): warning CS8618: 在退出构造函数时，不可为 null 的 属性 "Widgets" 必须包含非 null 值。请考虑添加 "required" 修饰符或将该 属性 声明为可为 null。 [/root/WorkSpace/CSharp/BannerlordModEditor/BannerlordModEditor.Common/BannerlordModEditor.Common.csproj]
         /root/WorkSpace/CSharp/BannerlordModEditor/BannerlordModEditor.Common/Models/Data/ItemModifiers.cs(81,20): warning CS8603: 可能返回 null 引用。 [/root/WorkSpace/CSharp/BannerlordModEditor/BannerlordModEditor.Common/BannerlordModEditor.Common.csproj]
         /root/WorkSpace/CSharp/BannerlordModEditor/BannerlordModEditor.Common/Models/DTO/LooknfeelDTO.cs(235,23): warning CS8618: 在退出构造函数时，不可为 null 的 属性 "Name" 必须包含非 null 值。请考虑添加 "required" 修饰符或将该 属性 声明为可为 null。 [/root/WorkSpace/CSharp/BannerlordModEditor/BannerlordModEditor.Common/BannerlordModEditor.Common.csproj]
         /root/WorkSpace/CSharp/BannerlordModEditor/BannerlordModEditor.Common/Models/DTO/LooknfeelDTO.cs(238,23): warning CS8618: 在退出构造函数时，不可为 null 的 属性 "Tiling" 必须包含非 null 值。请考虑添加 "required" 修饰符或将该 属性 声明为可为 null。 [/root/WorkSpace/CSharp/BannerlordModEditor/BannerlordModEditor.Common/BannerlordModEditor.Common.csproj]
         /root/WorkSpace/CSharp/BannerlordModEditor/BannerlordModEditor.Common/Models/DTO/LooknfeelDTO.cs(241,23): warning CS8618: 在退出构造函数时，不可为 null 的 属性 "MainMesh" 必须包含非 null 值。请考虑添加 "required" 修饰符或将该 属性 声明为可为 null。 [/root/WorkSpace/CSharp/BannerlordModEditor/BannerlordModEditor.Common/BannerlordModEditor.Common.csproj]
         /root/WorkSpace/CSharp/BannerlordModEditor/BannerlordModEditor.Common/Models/DTO/LooknfeelDTO.cs(244,23): warning CS8618: 在退出构造函数时，不可为 null 的 属性 "Position" 必须包含非 null 值。请考虑添加 "required" 修饰符或将该 属性 声明为可为 null。 [/root/WorkSpace/CSharp/BannerlordModEditor/BannerlordModEditor.Common/BannerlordModEditor.Common.csproj]
         /root/WorkSpace/CSharp/BannerlordModEditor/BannerlordModEditor.Common/Models/DTO/LooknfeelDTO.cs(255,35): warning CS8618: 在退出构造函数时，不可为 null 的 属性 "SubWidgetList" 必须包含非 null 值。请考虑添加 "required" 修饰符或将该 属性 声明为可为 null。 [/root/WorkSpace/CSharp/BannerlordModEditor/BannerlordModEditor.Common/BannerlordModEditor.Common.csproj]
         /root/WorkSpace/CSharp/BannerlordModEditor/BannerlordModEditor.Common/Models/Data/PrebakedAnimations.cs(50,23): warning CS8618: 在退出构造函数时，不可为 null 的 属性 "KeyList" 必须包含非 null 值。请考虑添加 "required" 修饰符或将该 属性 声明为可为 null。 [/root/WorkSpace/CSharp/BannerlordModEditor/BannerlordModEditor.Common/BannerlordModEditor.Common.csproj]
         /root/WorkSpace/CSharp/BannerlordModEditor/BannerlordModEditor.Common/Models/Data/ItemModifiers.cs(97,20): warning CS8603: 可能返回 null 引用。 [/root/WorkSpace/CSharp/BannerlordModEditor/BannerlordModEditor.Common/BannerlordModEditor.Common.csproj]
         /root/WorkSpace/CSharp/BannerlordModEditor/BannerlordModEditor.Common/Models/DTO/LooknfeelDTO.cs(203,39): warning CS8618: 在退出构造函数时，不可为 null 的 属性 "BackgroundMeshes" 必须包含非 null 值。请考虑添加 "required" 修饰符或将该 属性 声明为可为 null。 [/root/WorkSpace/CSharp/BannerlordModEditor/BannerlordModEditor.Common/BannerlordModEditor.Common.csproj]
         /root/WorkSpace/CSharp/BannerlordModEditor/BannerlordModEditor.Common/Models/DTO/LooknfeelDTO.cs(206,39): warning CS8618: 在退出构造函数时，不可为 null 的 属性 "ButtonMeshes" 必须包含非 null 值。请考虑添加 "required" 修饰符或将该 属性 声明为可为 null。 [/root/WorkSpace/CSharp/BannerlordModEditor/BannerlordModEditor.Common/BannerlordModEditor.Common.csproj]
         /root/WorkSpace/CSharp/BannerlordModEditor/BannerlordModEditor.Common/Models/DTO/LooknfeelDTO.cs(209,39): warning CS8618: 在退出构造函数时，不可为 null 的 属性 "ButtonPressedMeshes" 必须包含非 null 值。请考虑添加 "required" 修饰符或将该 属性 声明为可为 null。 [/root/WorkSpace/CSharp/BannerlordModEditor/BannerlordModEditor.Common/BannerlordModEditor.Common.csproj]
         /root/WorkSpace/CSharp/BannerlordModEditor/BannerlordModEditor.Common/Models/DTO/LooknfeelDTO.cs(212,39): warning CS8618: 在退出构造函数时，不可为 null 的 属性 "HighlightMeshes" 必须包含非 null 值。请考虑添加 "required" 修饰符或将该 属性 声明为可为 null。 [/root/WorkSpace/CSharp/BannerlordModEditor/BannerlordModEditor.Common/BannerlordModEditor.Common.csproj]
         /root/WorkSpace/CSharp/BannerlordModEditor/BannerlordModEditor.Common/Models/DTO/LooknfeelDTO.cs(215,39): warning CS8618: 在退出构造函数时，不可为 null 的 属性 "CursorMeshes" 必须包含非 null 值。请考虑添加 "required" 修饰符或将该 属性 声明为可为 null。 [/root/WorkSpace/CSharp/BannerlordModEditor/BannerlordModEditor.Common/BannerlordModEditor.Common.csproj]
         /root/WorkSpace/CSharp/BannerlordModEditor/BannerlordModEditor.Common/Models/DTO/LooknfeelDTO.cs(218,39): warning CS8618: 在退出构造函数时，不可为 null 的 属性 "LeftBorderMeshes" 必须包含非 null 值。请考虑添加 "required" 修饰符或将该 属性 声明为可为 null。 [/root/WorkSpace/CSharp/BannerlordModEditor/BannerlordModEditor.Common/BannerlordModEditor.Common.csproj]
         /root/WorkSpace/CSharp/BannerlordModEditor/BannerlordModEditor.Common/Models/DTO/LooknfeelDTO.cs(221,39): warning CS8618: 在退出构造函数时，不可为 null 的 属性 "RightBorderMeshes" 必须包含非 null 值。请考虑添加 "required" 修饰符或将该 属性 声明为可为 null。 [/root/WorkSpace/CSharp/BannerlordModEditor/BannerlordModEditor.Common/BannerlordModEditor.Common.csproj]
         /root/WorkSpace/CSharp/BannerlordModEditor/BannerlordModEditor.Common/Models/Data/PrebakedAnimations.cs(31,23): warning CS8618: 在退出构造函数时，不可为 null 的 属性 "Id" 必须包含非 null 值。请考虑添加 "required" 修饰符或将该 属性 声明为可为 null。 [/root/WorkSpace/CSharp/BannerlordModEditor/BannerlordModEditor.Common/BannerlordModEditor.Common.csproj]
         /root/WorkSpace/CSharp/BannerlordModEditor/BannerlordModEditor.Common/Models/Data/PrebakedAnimations.cs(34,23): warning CS8618: 在退出构造函数时，不可为 null 的 属性 "SkeletonName" 必须包含非 null 值。请考虑添加 "required" 修饰符或将该 属性 声明为可为 null。 [/root/WorkSpace/CSharp/BannerlordModEditor/BannerlordModEditor.Common/BannerlordModEditor.Common.csproj]
         /root/WorkSpace/CSharp/BannerlordModEditor/BannerlordModEditor.Common/Models/Data/PrebakedAnimations.cs(37,27): warning CS8618: 在退出构造函数时，不可为 null 的 属性 "Bones" 必须包含非 null 值。请考虑添加 "required" 修饰符或将该 属性 声明为可为 null。 [/root/WorkSpace/CSharp/BannerlordModEditor/BannerlordModEditor.Common/BannerlordModEditor.Common.csproj]
         /root/WorkSpace/CSharp/BannerlordModEditor/BannerlordModEditor.Common/Models/Data/ManagedCampaignParameters.cs(23,47): warning CS8618: 在退出构造函数时，不可为 null 的 属性 "Parameters" 必须包含非 null 值。请考虑添加 "required" 修饰符或将该 属性 声明为可为 null。 [/root/WorkSpace/CSharp/BannerlordModEditor/BannerlordModEditor.Common/BannerlordModEditor.Common.csproj]
         /root/WorkSpace/CSharp/BannerlordModEditor/BannerlordModEditor.Common/Models/Data/MapIcons.cs(11,23): warning CS8618: 在退出构造函数时，不可为 null 的 属性 "Type" 必须包含非 null 值。请考虑添加 "required" 修饰符或将该 属性 声明为可为 null。 [/root/WorkSpace/CSharp/BannerlordModEditor/BannerlordModEditor.Common/BannerlordModEditor.Common.csproj]
         /root/WorkSpace/CSharp/BannerlordModEditor/BannerlordModEditor.Common/Models/Data/MapIcons.cs(14,34): warning CS8618: 在退出构造函数时，不可为 null 的 属性 "MapIconsContainer" 必须包含非 null 值。请考虑添加 "required" 修饰符或将该 属性 声明为可为 null。 [/root/WorkSpace/CSharp/BannerlordModEditor/BannerlordModEditor.Common/BannerlordModEditor.Common.csproj]
         /root/WorkSpace/CSharp/BannerlordModEditor/BannerlordModEditor.Common/Models/Data/Looknfeel.cs(195,36): warning CS8618: 在退出构造函数时，不可为 null 的 属性 "BackgroundMeshes" 必须包含非 null 值。请考虑添加 "required" 修饰符或将该 属性 声明为可为 null。 [/root/WorkSpace/CSharp/BannerlordModEditor/BannerlordModEditor.Common/BannerlordModEditor.Common.csproj]
         /root/WorkSpace/CSharp/BannerlordModEditor/BannerlordModEditor.Common/Models/Data/Looknfeel.cs(198,36): warning CS8618: 在退出构造函数时，不可为 null 的 属性 "ButtonMeshes" 必须包含非 null 值。请考虑添加 "required" 修饰符或将该 属性 声明为可为 null。 [/root/WorkSpace/CSharp/BannerlordModEditor/BannerlordModEditor.Common/BannerlordModEditor.Common.csproj]
         /root/WorkSpace/CSharp/BannerlordModEditor/BannerlordModEditor.Common/Models/Data/Looknfeel.cs(201,36): warning CS8618: 在退出构造函数时，不可为 null 的 属性 "ButtonPressedMeshes" 必须包含非 null 值。请考虑添加 "required" 修饰符或将该 属性 声明为可为 null。 [/root/WorkSpace/CSharp/BannerlordModEditor/BannerlordModEditor.Common/BannerlordModEditor.Common.csproj]
         /root/WorkSpace/CSharp/BannerlordModEditor/BannerlordModEditor.Common/Models/Data/Looknfeel.cs(204,36): warning CS8618: 在退出构造函数时，不可为 null 的 属性 "HighlightMeshes" 必须包含非 null 值。请考虑添加 "required" 修饰符或将该 属性 声明为可为 null。 [/root/WorkSpace/CSharp/BannerlordModEditor/BannerlordModEditor.Common/BannerlordModEditor.Common.csproj]
         /root/WorkSpace/CSharp/BannerlordModEditor/BannerlordModEditor.Common/Models/Data/Looknfeel.cs(207,36): warning CS8618: 在退出构造函数时，不可为 null 的 属性 "CursorMeshes" 必须包含非 null 值。请考虑添加 "required" 修饰符或将该 属性 声明为可为 null。 [/root/WorkSpace/CSharp/BannerlordModEditor/BannerlordModEditor.Common/BannerlordModEditor.Common.csproj]
         /root/WorkSpace/CSharp/BannerlordModEditor/BannerlordModEditor.Common/Models/Data/Looknfeel.cs(210,36): warning CS8618: 在退出构造函数时，不可为 null 的 属性 "LeftBorderMeshes" 必须包含非 null 值。请考虑添加 "required" 修饰符或将该 属性 声明为可为 null。 [/root/WorkSpace/CSharp/BannerlordModEditor/BannerlordModEditor.Common/BannerlordModEditor.Common.csproj]
         /root/WorkSpace/CSharp/BannerlordModEditor/BannerlordModEditor.Common/Models/Data/Looknfeel.cs(213,36): warning CS8618: 在退出构造函数时，不可为 null 的 属性 "RightBorderMeshes" 必须包含非 null 值。请考虑添加 "required" 修饰符或将该 属性 声明为可为 null。 [/root/WorkSpace/CSharp/BannerlordModEditor/BannerlordModEditor.Common/BannerlordModEditor.Common.csproj]
         /root/WorkSpace/CSharp/BannerlordModEditor/BannerlordModEditor.Common/Models/Data/MapIcons.cs(28,23): warning CS8618: 在退出构造函数时，不可为 null 的 属性 "Id" 必须包含非 null 值。请考虑添加 "required" 修饰符或将该 属性 声明为可为 null。 [/root/WorkSpace/CSharp/BannerlordModEditor/BannerlordModEditor.Common/BannerlordModEditor.Common.csproj]
         /root/WorkSpace/CSharp/BannerlordModEditor/BannerlordModEditor.Common/Models/Data/MapIcons.cs(31,23): warning CS8618: 在退出构造函数时，不可为 null 的 属性 "IdStr" 必须包含非 null 值。请考虑添加 "required" 修饰符或将该 属性 声明为可为 null。 [/root/WorkSpace/CSharp/BannerlordModEditor/BannerlordModEditor.Common/BannerlordModEditor.Common.csproj]
         /root/WorkSpace/CSharp/BannerlordModEditor/BannerlordModEditor.Common/Models/Data/MapIcons.cs(34,23): warning CS8618: 在退出构造函数时，不可为 null 的 属性 "Flags" 必须包含非 null 值。请考虑添加 "required" 修饰符或将该 属性 声明为可为 null。 [/root/WorkSpace/CSharp/BannerlordModEditor/BannerlordModEditor.Common/BannerlordModEditor.Common.csproj]
         /root/WorkSpace/CSharp/BannerlordModEditor/BannerlordModEditor.Common/Models/Data/MapIcons.cs(37,23): warning CS8618: 在退出构造函数时，不可为 null 的 属性 "MeshName" 必须包含非 null 值。请考虑添加 "required" 修饰符或将该 属性 声明为可为 null。 [/root/WorkSpace/CSharp/BannerlordModEditor/BannerlordModEditor.Common/BannerlordModEditor.Common.csproj]
         /root/WorkSpace/CSharp/BannerlordModEditor/BannerlordModEditor.Common/Models/Data/MapIcons.cs(46,23): warning CS8618: 在退出构造函数时，不可为 null 的 属性 "OffsetPos" 必须包含非 null 值。请考虑添加 "required" 修饰符或将该 属性 声明为可为 null。 [/root/WorkSpace/CSharp/BannerlordModEditor/BannerlordModEditor.Common/BannerlordModEditor.Common.csproj]
         /root/WorkSpace/CSharp/BannerlordModEditor/BannerlordModEditor.Common/Models/Data/Looknfeel.cs(255,23): warning CS8618: 在退出构造函数时，不可为 null 的 属性 "Ref" 必须包含非 null 值。请考虑添加 "required" 修饰符或将该 属性 声明为可为 null。 [/root/WorkSpace/CSharp/BannerlordModEditor/BannerlordModEditor.Common/BannerlordModEditor.Common.csproj]
         /root/WorkSpace/CSharp/BannerlordModEditor/BannerlordModEditor.Common/Models/Data/Looknfeel.cs(258,23): warning CS8618: 在退出构造函数时，不可为 null 的 属性 "Name" 必须包含非 null 值。请考虑添加 "required" 修饰符或将该 属性 声明为可为 null。 [/root/WorkSpace/CSharp/BannerlordModEditor/BannerlordModEditor.Common/BannerlordModEditor.Common.csproj]
         /root/WorkSpace/CSharp/BannerlordModEditor/BannerlordModEditor.Common/Models/Data/Looknfeel.cs(261,23): warning CS8618: 在退出构造函数时，不可为 null 的 属性 "Size" 必须包含非 null 值。请考虑添加 "required" 修饰符或将该 属性 声明为可为 null。 [/root/WorkSpace/CSharp/BannerlordModEditor/BannerlordModEditor.Common/BannerlordModEditor.Common.csproj]
         /root/WorkSpace/CSharp/BannerlordModEditor/BannerlordModEditor.Common/Models/Data/Looknfeel.cs(264,23): warning CS8618: 在退出构造函数时，不可为 null 的 属性 "Position" 必须包含非 null 值。请考虑添加 "required" 修饰符或将该 属性 声明为可为 null。 [/root/WorkSpace/CSharp/BannerlordModEditor/BannerlordModEditor.Common/BannerlordModEditor.Common.csproj]
         /root/WorkSpace/CSharp/BannerlordModEditor/BannerlordModEditor.Common/Models/Data/Looknfeel.cs(267,23): warning CS8618: 在退出构造函数时，不可为 null 的 属性 "Style" 必须包含非 null 值。请考虑添加 "required" 修饰符或将该 属性 声明为可为 null。 [/root/WorkSpace/CSharp/BannerlordModEditor/BannerlordModEditor.Common/BannerlordModEditor.Common.csproj]
         /root/WorkSpace/CSharp/BannerlordModEditor/BannerlordModEditor.Common/Models/Data/Looknfeel.cs(270,23): warning CS8618: 在退出构造函数时，不可为 null 的 属性 "VerticalAlignment" 必须包含非 null 值。请考虑添加 "required" 修饰符或将该 属性 声明为可为 null。 [/root/WorkSpace/CSharp/BannerlordModEditor/BannerlordModEditor.Common/BannerlordModEditor.Common.csproj]
         /root/WorkSpace/CSharp/BannerlordModEditor/BannerlordModEditor.Common/Models/Data/Looknfeel.cs(273,23): warning CS8618: 在退出构造函数时，不可为 null 的 属性 "HorizontalAlignment" 必须包含非 null 值。请考虑添加 "required" 修饰符或将该 属性 声明为可为 null。 [/root/WorkSpace/CSharp/BannerlordModEditor/BannerlordModEditor.Common/BannerlordModEditor.Common.csproj]
         /root/WorkSpace/CSharp/BannerlordModEditor/BannerlordModEditor.Common/Models/Data/Looknfeel.cs(276,23): warning CS8618: 在退出构造函数时，不可为 null 的 属性 "HorizontalAligment" 必须包含非 null 值。请考虑添加 "required" 修饰符或将该 属性 声明为可为 null。 [/root/WorkSpace/CSharp/BannerlordModEditor/BannerlordModEditor.Common/BannerlordModEditor.Common.csproj]
         /root/WorkSpace/CSharp/BannerlordModEditor/BannerlordModEditor.Common/Models/Data/Looknfeel.cs(279,23): warning CS8618: 在退出构造函数时，不可为 null 的 属性 "ScrollSpeed" 必须包含非 null 值。请考虑添加 "required" 修饰符或将该 属性 声明为可为 null。 [/root/WorkSpace/CSharp/BannerlordModEditor/BannerlordModEditor.Common/BannerlordModEditor.Common.csproj]
         /root/WorkSpace/CSharp/BannerlordModEditor/BannerlordModEditor.Common/Models/Data/Looknfeel.cs(282,23): warning CS8618: 在退出构造函数时，不可为 null 的 属性 "CellSize" 必须包含非 null 值。请考虑添加 "required" 修饰符或将该 属性 声明为可为 null。 [/root/WorkSpace/CSharp/BannerlordModEditor/BannerlordModEditor.Common/BannerlordModEditor.Common.csproj]
         /root/WorkSpace/CSharp/BannerlordModEditor/BannerlordModEditor.Common/Models/Data/Looknfeel.cs(285,23): warning CS8618: 在退出构造函数时，不可为 null 的 属性 "LayoutStyle" 必须包含非 null 值。请考虑添加 "required" 修饰符或将该 属性 声明为可为 null。 [/root/WorkSpace/CSharp/BannerlordModEditor/BannerlordModEditor.Common/BannerlordModEditor.Common.csproj]
         /root/WorkSpace/CSharp/BannerlordModEditor/BannerlordModEditor.Common/Models/Data/Looknfeel.cs(288,23): warning CS8618: 在退出构造函数时，不可为 null 的 属性 "LayoutAlignment" 必须包含非 null 值。请考虑添加 "required" 修饰符或将该 属性 声明为可为 null。 [/root/WorkSpace/CSharp/BannerlordModEditor/BannerlordModEditor.Common/BannerlordModEditor.Common.csproj]
         /root/WorkSpace/CSharp/BannerlordModEditor/BannerlordModEditor.Common/Models/Data/Looknfeel.cs(291,23): warning CS8618: 在退出构造函数时，不可为 null 的 属性 "Text" 必须包含非 null 值。请考虑添加 "required" 修饰符或将该 属性 声明为可为 null。 [/root/WorkSpace/CSharp/BannerlordModEditor/BannerlordModEditor.Common/BannerlordModEditor.Common.csproj]
         /root/WorkSpace/CSharp/BannerlordModEditor/BannerlordModEditor.Common/Models/Data/Looknfeel.cs(294,23): warning CS8618: 在退出构造函数时，不可为 null 的 属性 "TextColor" 必须包含非 null 值。请考虑添加 "required" 修饰符或将该 属性 声明为可为 null。 [/root/WorkSpace/CSharp/BannerlordModEditor/BannerlordModEditor.Common/BannerlordModEditor.Common.csproj]
         /root/WorkSpace/CSharp/BannerlordModEditor/BannerlordModEditor.Common/Models/Data/Looknfeel.cs(297,23): warning CS8618: 在退出构造函数时，不可为 null 的 属性 "TextHighlightColor" 必须包含非 null 值。请考虑添加 "required" 修饰符或将该 属性 声明为可为 null。 [/root/WorkSpace/CSharp/BannerlordModEditor/BannerlordModEditor.Common/BannerlordModEditor.Common.csproj]
         /root/WorkSpace/CSharp/BannerlordModEditor/BannerlordModEditor.Common/Models/Data/Looknfeel.cs(300,23): warning CS8618: 在退出构造函数时，不可为 null 的 属性 "FontSize" 必须包含非 null 值。请考虑添加 "required" 修饰符或将该 属性 声明为可为 null。 [/root/WorkSpace/CSharp/BannerlordModEditor/BannerlordModEditor.Common/BannerlordModEditor.Common.csproj]
         /root/WorkSpace/CSharp/BannerlordModEditor/BannerlordModEditor.Common/Models/Data/Looknfeel.cs(303,41): warning CS8618: 在退出构造函数时，不可为 null 的 属性 "Meshes" 必须包含非 null 值。请考虑添加 "required" 修饰符或将该 属性 声明为可为 null。 [/root/WorkSpace/CSharp/BannerlordModEditor/BannerlordModEditor.Common/BannerlordModEditor.Common.csproj]
         /root/WorkSpace/CSharp/BannerlordModEditor/BannerlordModEditor.Common/Models/Data/Looknfeel.cs(306,36): warning CS8618: 在退出构造函数时，不可为 null 的 属性 "SubWidgets" 必须包含非 null 值。请考虑添加 "required" 修饰符或将该 属性 声明为可为 null。 [/root/WorkSpace/CSharp/BannerlordModEditor/BannerlordModEditor.Common/BannerlordModEditor.Common.csproj]
         /root/WorkSpace/CSharp/BannerlordModEditor/BannerlordModEditor.Common/Models/Data/Looknfeel.cs(247,32): warning CS8618: 在退出构造函数时，不可为 null 的 属性 "SubWidgetList" 必须包含非 null 值。请考虑添加 "required" 修饰符或将该 属性 声明为可为 null。 [/root/WorkSpace/CSharp/BannerlordModEditor/BannerlordModEditor.Common/BannerlordModEditor.Common.csproj]
         /root/WorkSpace/CSharp/BannerlordModEditor/BannerlordModEditor.Common/Models/Data/ManagedCampaignParameters.cs(11,23): warning CS8618: 在退出构造函数时，不可为 null 的 属性 "Type" 必须包含非 null 值。请考虑添加 "required" 修饰符或将该 属性 声明为可为 null。 [/root/WorkSpace/CSharp/BannerlordModEditor/BannerlordModEditor.Common/BannerlordModEditor.Common.csproj]
         /root/WorkSpace/CSharp/BannerlordModEditor/BannerlordModEditor.Common/Models/Data/ManagedCampaignParameters.cs(14,51): warning CS8618: 在退出构造函数时，不可为 null 的 属性 "ParametersContainer" 必须包含非 null 值。请考虑添加 "required" 修饰符或将该 属性 声明为可为 null。 [/root/WorkSpace/CSharp/BannerlordModEditor/BannerlordModEditor.Common/BannerlordModEditor.Common.csproj]
         /root/WorkSpace/CSharp/BannerlordModEditor/BannerlordModEditor.Common/Models/Data/ManagedCampaignParameters.cs(31,23): warning CS8618: 在退出构造函数时，不可为 null 的 属性 "Id" 必须包含非 null 值。请考虑添加 "required" 修饰符或将该 属性 声明为可为 null。 [/root/WorkSpace/CSharp/BannerlordModEditor/BannerlordModEditor.Common/BannerlordModEditor.Common.csproj]
         /root/WorkSpace/CSharp/BannerlordModEditor/BannerlordModEditor.Common/Models/Data/ManagedCampaignParameters.cs(34,23): warning CS8618: 在退出构造函数时，不可为 null 的 属性 "Value" 必须包含非 null 值。请考虑添加 "required" 修饰符或将该 属性 声明为可为 null。 [/root/WorkSpace/CSharp/BannerlordModEditor/BannerlordModEditor.Common/BannerlordModEditor.Common.csproj]
         /root/WorkSpace/CSharp/BannerlordModEditor/BannerlordModEditor.Common/Models/Data/Looknfeel.cs(227,23): warning CS8618: 在退出构造函数时，不可为 null 的 属性 "Name" 必须包含非 null 值。请考虑添加 "required" 修饰符或将该 属性 声明为可为 null。 [/root/WorkSpace/CSharp/BannerlordModEditor/BannerlordModEditor.Common/BannerlordModEditor.Common.csproj]
         /root/WorkSpace/CSharp/BannerlordModEditor/BannerlordModEditor.Common/Models/Data/Looknfeel.cs(230,23): warning CS8618: 在退出构造函数时，不可为 null 的 属性 "Tiling" 必须包含非 null 值。请考虑添加 "required" 修饰符或将该 属性 声明为可为 null。 [/root/WorkSpace/CSharp/BannerlordModEditor/BannerlordModEditor.Common/BannerlordModEditor.Common.csproj]
         /root/WorkSpace/CSharp/BannerlordModEditor/BannerlordModEditor.Common/Models/Data/Looknfeel.cs(233,23): warning CS8618: 在退出构造函数时，不可为 null 的 属性 "MainMesh" 必须包含非 null 值。请考虑添加 "required" 修饰符或将该 属性 声明为可为 null。 [/root/WorkSpace/CSharp/BannerlordModEditor/BannerlordModEditor.Common/BannerlordModEditor.Common.csproj]
         /root/WorkSpace/CSharp/BannerlordModEditor/BannerlordModEditor.Common/Models/Data/Looknfeel.cs(236,23): warning CS8618: 在退出构造函数时，不可为 null 的 属性 "Position" 必须包含非 null 值。请考虑添加 "required" 修饰符或将该 属性 声明为可为 null。 [/root/WorkSpace/CSharp/BannerlordModEditor/BannerlordModEditor.Common/BannerlordModEditor.Common.csproj]
         /root/WorkSpace/CSharp/BannerlordModEditor/BannerlordModEditor.Common/Models/DTO/MpCraftingPiecesDTO.cs(19,23): warning CS8618: 在退出构造函数时，不可为 null 的 属性 "Id" 必须包含非 null 值。请考虑添加 "required" 修饰符或将该 属性 声明为可为 null。 [/root/WorkSpace/CSharp/BannerlordModEditor/BannerlordModEditor.Common/BannerlordModEditor.Common.csproj]
         /root/WorkSpace/CSharp/BannerlordModEditor/BannerlordModEditor.Common/Models/DTO/MpCraftingPiecesDTO.cs(22,23): warning CS8618: 在退出构造函数时，不可为 null 的 属性 "Name" 必须包含非 null 值。请考虑添加 "required" 修饰符或将该 属性 声明为可为 null。 [/root/WorkSpace/CSharp/BannerlordModEditor/BannerlordModEditor.Common/BannerlordModEditor.Common.csproj]
         /root/WorkSpace/CSharp/BannerlordModEditor/BannerlordModEditor.Common/Models/DTO/MpCraftingPiecesDTO.cs(25,23): warning CS8618: 在退出构造函数时，不可为 null 的 属性 "Tier" 必须包含非 null 值。请考虑添加 "required" 修饰符或将该 属性 声明为可为 null。 [/root/WorkSpace/CSharp/BannerlordModEditor/BannerlordModEditor.Common/BannerlordModEditor.Common.csproj]
         /root/WorkSpace/CSharp/BannerlordModEditor/BannerlordModEditor.Common/Models/DTO/MpCraftingPiecesDTO.cs(28,23): warning CS8618: 在退出构造函数时，不可为 null 的 属性 "PieceType" 必须包含非 null 值。请考虑添加 "required" 修饰符或将该 属性 声明为可为 null。 [/root/WorkSpace/CSharp/BannerlordModEditor/BannerlordModEditor.Common/BannerlordModEditor.Common.csproj]
         /root/WorkSpace/CSharp/BannerlordModEditor/BannerlordModEditor.Common/Models/DTO/MpCraftingPiecesDTO.cs(31,23): warning CS8618: 在退出构造函数时，不可为 null 的 属性 "Mesh" 必须包含非 null 值。请考虑添加 "required" 修饰符或将该 属性 声明为可为 null。 [/root/WorkSpace/CSharp/BannerlordModEditor/BannerlordModEditor.Common/BannerlordModEditor.Common.csproj]
         /root/WorkSpace/CSharp/BannerlordModEditor/BannerlordModEditor.Common/Models/DTO/MpCraftingPiecesDTO.cs(34,23): warning CS8618: 在退出构造函数时，不可为 null 的 属性 "Scale" 必须包含非 null 值。请考虑添加 "required" 修饰符或将该 属性 声明为可为 null。 [/root/WorkSpace/CSharp/BannerlordModEditor/BannerlordModEditor.Common/BannerlordModEditor.Common.csproj]
         /root/WorkSpace/CSharp/BannerlordModEditor/BannerlordModEditor.Common/Models/DTO/MpCraftingPiecesDTO.cs(37,23): warning CS8618: 在退出构造函数时，不可为 null 的 属性 "IsCraftable" 必须包含非 null 值。请考虑添加 "required" 修饰符或将该 属性 声明为可为 null。 [/root/WorkSpace/CSharp/BannerlordModEditor/BannerlordModEditor.Common/BannerlordModEditor.Common.csproj]
         /root/WorkSpace/CSharp/BannerlordModEditor/BannerlordModEditor.Common/Models/Data/Mpcosmetics.cs(62,23): warning CS8618: 在退出构造函数时，不可为 null 的 属性 "Id" 必须包含非 null 值。请考虑添加 "required" 修饰符或将该 属性 声明为可为 null。 [/root/WorkSpace/CSharp/BannerlordModEditor/BannerlordModEditor.Common/BannerlordModEditor.Common.csproj]
         /root/WorkSpace/CSharp/BannerlordModEditor/BannerlordModEditor.Common/Models/Data/Mpcosmetics.cs(70,23): warning CS8618: 在退出构造函数时，不可为 null 的 属性 "Troop" 必须包含非 null 值。请考虑添加 "required" 修饰符或将该 属性 声明为可为 null。 [/root/WorkSpace/CSharp/BannerlordModEditor/BannerlordModEditor.Common/BannerlordModEditor.Common.csproj]
         /root/WorkSpace/CSharp/BannerlordModEditor/BannerlordModEditor.Common/Models/Data/Mpcosmetics.cs(73,23): warning CS8618: 在退出构造函数时，不可为 null 的 属性 "Slot" 必须包含非 null 值。请考虑添加 "required" 修饰符或将该 属性 声明为可为 null。 [/root/WorkSpace/CSharp/BannerlordModEditor/BannerlordModEditor.Common/BannerlordModEditor.Common.csproj]
         /root/WorkSpace/CSharp/BannerlordModEditor/BannerlordModEditor.Common/Models/Data/Mpcosmetics.cs(19,23): warning CS8618: 在退出构造函数时，不可为 null 的 属性 "Type" 必须包含非 null 值。请考虑添加 "required" 修饰符或将该 属性 声明为可为 null。 [/root/WorkSpace/CSharp/BannerlordModEditor/BannerlordModEditor.Common/BannerlordModEditor.Common.csproj]
         /root/WorkSpace/CSharp/BannerlordModEditor/BannerlordModEditor.Common/Models/Data/Mpcosmetics.cs(22,23): warning CS8618: 在退出构造函数时，不可为 null 的 属性 "Id" 必须包含非 null 值。请考虑添加 "required" 修饰符或将该 属性 声明为可为 null。 [/root/WorkSpace/CSharp/BannerlordModEditor/BannerlordModEditor.Common/BannerlordModEditor.Common.csproj]
         /root/WorkSpace/CSharp/BannerlordModEditor/BannerlordModEditor.Common/Models/Data/Mpcosmetics.cs(25,23): warning CS8618: 在退出构造函数时，不可为 null 的 属性 "Rarity" 必须包含非 null 值。请考虑添加 "required" 修饰符或将该 属性 声明为可为 null。 [/root/WorkSpace/CSharp/BannerlordModEditor/BannerlordModEditor.Common/BannerlordModEditor.Common.csproj]
         /root/WorkSpace/CSharp/BannerlordModEditor/BannerlordModEditor.Common/Models/Data/Mpcosmetics.cs(28,23): warning CS8618: 在退出构造函数时，不可为 null 的 属性 "Cost" 必须包含非 null 值。请考虑添加 "required" 修饰符或将该 属性 声明为可为 null。 [/root/WorkSpace/CSharp/BannerlordModEditor/BannerlordModEditor.Common/BannerlordModEditor.Common.csproj]
         /root/WorkSpace/CSharp/BannerlordModEditor/BannerlordModEditor.Common/Models/Data/Mpcosmetics.cs(31,24): warning CS8618: 在退出构造函数时，不可为 null 的 属性 "Replace" 必须包含非 null 值。请考虑添加 "required" 修饰符或将该 属性 声明为可为 null。 [/root/WorkSpace/CSharp/BannerlordModEditor/BannerlordModEditor.Common/BannerlordModEditor.Common.csproj]
         /root/WorkSpace/CSharp/BannerlordModEditor/BannerlordModEditor.Common/Models/Data/MpCraftingPieces.cs(78,23): warning CS8618: 在退出构造函数时，不可为 null 的 属性 "PieceOffset" 必须包含非 null 值。请考虑添加 "required" 修饰符或将该 属性 声明为可为 null。 [/root/WorkSpace/CSharp/BannerlordModEditor/BannerlordModEditor.Common/BannerlordModEditor.Common.csproj]
         /root/WorkSpace/CSharp/BannerlordModEditor/BannerlordModEditor.Common/Models/Data/MpCraftingPieces.cs(81,23): warning CS8618: 在退出构造函数时，不可为 null 的 属性 "PreviousPieceOffset" 必须包含非 null 值。请考虑添加 "required" 修饰符或将该 属性 声明为可为 null。 [/root/WorkSpace/CSharp/BannerlordModEditor/BannerlordModEditor.Common/BannerlordModEditor.Common.csproj]
         /root/WorkSpace/CSharp/BannerlordModEditor/BannerlordModEditor.Common/Models/Data/MpCraftingPieces.cs(126,23): warning CS8618: 在退出构造函数时，不可为 null 的 属性 "DamageType" 必须包含非 null 值。请考虑添加 "required" 修饰符或将该 属性 声明为可为 null。 [/root/WorkSpace/CSharp/BannerlordModEditor/BannerlordModEditor.Common/BannerlordModEditor.Common.csproj]
         /root/WorkSpace/CSharp/BannerlordModEditor/BannerlordModEditor.Common/Models/Data/MpCraftingPieces.cs(129,23): warning CS8618: 在退出构造函数时，不可为 null 的 属性 "DamageFactor" 必须包含非 null 值。请考虑添加 "required" 修饰符或将该 属性 声明为可为 null。 [/root/WorkSpace/CSharp/BannerlordModEditor/BannerlordModEditor.Common/BannerlordModEditor.Common.csproj]
         /root/WorkSpace/CSharp/BannerlordModEditor/BannerlordModEditor.Common/Models/Data/MpCraftingPieces.cs(138,23): warning CS8618: 在退出构造函数时，不可为 null 的 属性 "DamageType" 必须包含非 null 值。请考虑添加 "required" 修饰符或将该 属性 声明为可为 null。 [/root/WorkSpace/CSharp/BannerlordModEditor/BannerlordModEditor.Common/BannerlordModEditor.Common.csproj]
         /root/WorkSpace/CSharp/BannerlordModEditor/BannerlordModEditor.Common/Models/Data/MpCraftingPieces.cs(141,23): warning CS8618: 在退出构造函数时，不可为 null 的 属性 "DamageFactor" 必须包含非 null 值。请考虑添加 "required" 修饰符或将该 属性 声明为可为 null。 [/root/WorkSpace/CSharp/BannerlordModEditor/BannerlordModEditor.Common/BannerlordModEditor.Common.csproj]
         /root/WorkSpace/CSharp/BannerlordModEditor/BannerlordModEditor.Common/Models/Data/MpCraftingPieces.cs(158,23): warning CS8618: 在退出构造函数时，不可为 null 的 属性 "Name" 必须包含非 null 值。请考虑添加 "required" 修饰符或将该 属性 声明为可为 null。 [/root/WorkSpace/CSharp/BannerlordModEditor/BannerlordModEditor.Common/BannerlordModEditor.Common.csproj]
         /root/WorkSpace/CSharp/BannerlordModEditor/BannerlordModEditor.Common/Models/Data/MpCraftingPieces.cs(161,23): warning CS8618: 在退出构造函数时，不可为 null 的 属性 "Type" 必须包含非 null 值。请考虑添加 "required" 修饰符或将该 属性 声明为可为 null。 [/root/WorkSpace/CSharp/BannerlordModEditor/BannerlordModEditor.Common/BannerlordModEditor.Common.csproj]
         /root/WorkSpace/CSharp/BannerlordModEditor/BannerlordModEditor.Common/Models/Data/Mpitems.cs(76,29): warning CS8618: 在退出构造函数时，不可为 null 的 属性 "Armor" 必须包含非 null 值。请考虑添加 "required" 修饰符或将该 属性 声明为可为 null。 [/root/WorkSpace/CSharp/BannerlordModEditor/BannerlordModEditor.Common/BannerlordModEditor.Common.csproj]
         /root/WorkSpace/CSharp/BannerlordModEditor/BannerlordModEditor.Common/Models/Data/MpCraftingPieces.cs(19,23): warning CS8618: 在退出构造函数时，不可为 null 的 属性 "Id" 必须包含非 null 值。请考虑添加 "required" 修饰符或将该 属性 声明为可为 null。 [/root/WorkSpace/CSharp/BannerlordModEditor/BannerlordModEditor.Common/BannerlordModEditor.Common.csproj]
         /root/WorkSpace/CSharp/BannerlordModEditor/BannerlordModEditor.Common/Models/Data/MpCraftingPieces.cs(22,23): warning CS8618: 在退出构造函数时，不可为 null 的 属性 "Name" 必须包含非 null 值。请考虑添加 "required" 修饰符或将该 属性 声明为可为 null。 [/root/WorkSpace/CSharp/BannerlordModEditor/BannerlordModEditor.Common/BannerlordModEditor.Common.csproj]
         /root/WorkSpace/CSharp/BannerlordModEditor/BannerlordModEditor.Common/Models/Data/MpCraftingPieces.cs(25,23): warning CS8618: 在退出构造函数时，不可为 null 的 属性 "Tier" 必须包含非 null 值。请考虑添加 "required" 修饰符或将该 属性 声明为可为 null。 [/root/WorkSpace/CSharp/BannerlordModEditor/BannerlordModEditor.Common/BannerlordModEditor.Common.csproj]
         /root/WorkSpace/CSharp/BannerlordModEditor/BannerlordModEditor.Common/Models/Data/MpCraftingPieces.cs(28,23): warning CS8618: 在退出构造函数时，不可为 null 的 属性 "PieceType" 必须包含非 null 值。请考虑添加 "required" 修饰符或将该 属性 声明为可为 null。 [/root/WorkSpace/CSharp/BannerlordModEditor/BannerlordModEditor.Common/BannerlordModEditor.Common.csproj]
         /root/WorkSpace/CSharp/BannerlordModEditor/BannerlordModEditor.Common/Models/Data/MpCraftingPieces.cs(31,23): warning CS8618: 在退出构造函数时，不可为 null 的 属性 "Mesh" 必须包含非 null 值。请考虑添加 "required" 修饰符或将该 属性 声明为可为 null。 [/root/WorkSpace/CSharp/BannerlordModEditor/BannerlordModEditor.Common/BannerlordModEditor.Common.csproj]
         /root/WorkSpace/CSharp/BannerlordModEditor/BannerlordModEditor.Common/Models/Data/MpCraftingPieces.cs(34,23): warning CS8618: 在退出构造函数时，不可为 null 的 属性 "DistanceToNextPiece" 必须包含非 null 值。请考虑添加 "required" 修饰符或将该 属性 声明为可为 null。 [/root/WorkSpace/CSharp/BannerlordModEditor/BannerlordModEditor.Common/BannerlordModEditor.Common.csproj]
         /root/WorkSpace/CSharp/BannerlordModEditor/BannerlordModEditor.Common/Models/Data/MpCraftingPieces.cs(37,23): warning CS8618: 在退出构造函数时，不可为 null 的 属性 "DistanceToPreviousPiece" 必须包含非 null 值。请考虑添加 "required" 修饰符或将该 属性 声明为可为 null。 [/root/WorkSpace/CSharp/BannerlordModEditor/BannerlordModEditor.Common/BannerlordModEditor.Common.csproj]
         /root/WorkSpace/CSharp/BannerlordModEditor/BannerlordModEditor.Common/Models/Data/MpCraftingPieces.cs(40,23): warning CS8618: 在退出构造函数时，不可为 null 的 属性 "Weight" 必须包含非 null 值。请考虑添加 "required" 修饰符或将该 属性 声明为可为 null。 [/root/WorkSpace/CSharp/BannerlordModEditor/BannerlordModEditor.Common/BannerlordModEditor.Common.csproj]
         /root/WorkSpace/CSharp/BannerlordModEditor/BannerlordModEditor.Common/Models/Data/MpCraftingPieces.cs(43,23): warning CS8618: 在退出构造函数时，不可为 null 的 属性 "ExcludedItemUsageFeatures" 必须包含非 null 值。请考虑添加 "required" 修饰符或将该 属性 声明为可为 null。 [/root/WorkSpace/CSharp/BannerlordModEditor/BannerlordModEditor.Common/BannerlordModEditor.Common.csproj]
         /root/WorkSpace/CSharp/BannerlordModEditor/BannerlordModEditor.Common/Models/Data/MpCraftingPieces.cs(46,23): warning CS8618: 在退出构造函数时，不可为 null 的 属性 "Length" 必须包含非 null 值。请考虑添加 "required" 修饰符或将该 属性 声明为可为 null。 [/root/WorkSpace/CSharp/BannerlordModEditor/BannerlordModEditor.Common/BannerlordModEditor.Common.csproj]
         /root/WorkSpace/CSharp/BannerlordModEditor/BannerlordModEditor.Common/Models/Data/MpCraftingPieces.cs(49,23): warning CS8618: 在退出构造函数时，不可为 null 的 属性 "FullScale" 必须包含非 null 值。请考虑添加 "required" 修饰符或将该 属性 声明为可为 null。 [/root/WorkSpace/CSharp/BannerlordModEditor/BannerlordModEditor.Common/BannerlordModEditor.Common.csproj]
         /root/WorkSpace/CSharp/BannerlordModEditor/BannerlordModEditor.Common/Models/Data/MpCraftingPieces.cs(52,23): warning CS8618: 在退出构造函数时，不可为 null 的 属性 "Culture" 必须包含非 null 值。请考虑添加 "required" 修饰符或将该 属性 声明为可为 null。 [/root/WorkSpace/CSharp/BannerlordModEditor/BannerlordModEditor.Common/BannerlordModEditor.Common.csproj]
         /root/WorkSpace/CSharp/BannerlordModEditor/BannerlordModEditor.Common/Models/Data/MpCraftingPieces.cs(55,28): warning CS8618: 在退出构造函数时，不可为 null 的 属性 "BuildData" 必须包含非 null 值。请考虑添加 "required" 修饰符或将该 属性 声明为可为 null。 [/root/WorkSpace/CSharp/BannerlordModEditor/BannerlordModEditor.Common/BannerlordModEditor.Common.csproj]
         /root/WorkSpace/CSharp/BannerlordModEditor/BannerlordModEditor.Common/Models/Data/MpCraftingPieces.cs(58,28): warning CS8618: 在退出构造函数时，不可为 null 的 属性 "BladeData" 必须包含非 null 值。请考虑添加 "required" 修饰符或将该 属性 声明为可为 null。 [/root/WorkSpace/CSharp/BannerlordModEditor/BannerlordModEditor.Common/BannerlordModEditor.Common.csproj]
         /root/WorkSpace/CSharp/BannerlordModEditor/BannerlordModEditor.Common/Models/Data/MpCraftingPieces.cs(61,32): warning CS8618: 在退出构造函数时，不可为 null 的 属性 "Flags" 必须包含非 null 值。请考虑添加 "required" 修饰符或将该 属性 声明为可为 null。 [/root/WorkSpace/CSharp/BannerlordModEditor/BannerlordModEditor.Common/BannerlordModEditor.Common.csproj]
         /root/WorkSpace/CSharp/BannerlordModEditor/BannerlordModEditor.Common/Models/Data/MpCraftingPieces.cs(90,23): warning CS8618: 在退出构造函数时，不可为 null 的 属性 "StackAmount" 必须包含非 null 值。请考虑添加 "required" 修饰符或将该 属性 声明为可为 null。 [/root/WorkSpace/CSharp/BannerlordModEditor/BannerlordModEditor.Common/BannerlordModEditor.Common.csproj]
         /root/WorkSpace/CSharp/BannerlordModEditor/BannerlordModEditor.Common/Models/Data/MpCraftingPieces.cs(93,23): warning CS8618: 在退出构造函数时，不可为 null 的 属性 "BladeLength" 必须包含非 null 值。请考虑添加 "required" 修饰符或将该 属性 声明为可为 null。 [/root/WorkSpace/CSharp/BannerlordModEditor/BannerlordModEditor.Common/BannerlordModEditor.Common.csproj]
         /root/WorkSpace/CSharp/BannerlordModEditor/BannerlordModEditor.Common/Models/Data/MpCraftingPieces.cs(96,23): warning CS8618: 在退出构造函数时，不可为 null 的 属性 "BladeWidth" 必须包含非 null 值。请考虑添加 "required" 修饰符或将该 属性 声明为可为 null。 [/root/WorkSpace/CSharp/BannerlordModEditor/BannerlordModEditor.Common/BannerlordModEditor.Common.csproj]
         /root/WorkSpace/CSharp/BannerlordModEditor/BannerlordModEditor.Common/Models/Data/MpCraftingPieces.cs(99,23): warning CS8618: 在退出构造函数时，不可为 null 的 属性 "PhysicsMaterial" 必须包含非 null 值。请考虑添加 "required" 修饰符或将该 属性 声明为可为 null。 [/root/WorkSpace/CSharp/BannerlordModEditor/BannerlordModEditor.Common/BannerlordModEditor.Common.csproj]
         /root/WorkSpace/CSharp/BannerlordModEditor/BannerlordModEditor.Common/Models/Data/MpCraftingPieces.cs(102,23): warning CS8618: 在退出构造函数时，不可为 null 的 属性 "BodyName" 必须包含非 null 值。请考虑添加 "required" 修饰符或将该 属性 声明为可为 null。 [/root/WorkSpace/CSharp/BannerlordModEditor/BannerlordModEditor.Common/BannerlordModEditor.Common.csproj]
         /root/WorkSpace/CSharp/BannerlordModEditor/BannerlordModEditor.Common/Models/Data/MpCraftingPieces.cs(105,23): warning CS8618: 在退出构造函数时，不可为 null 的 属性 "HolsterMesh" 必须包含非 null 值。请考虑添加 "required" 修饰符或将该 属性 声明为可为 null。 [/root/WorkSpace/CSharp/BannerlordModEditor/BannerlordModEditor.Common/BannerlordModEditor.Common.csproj]
         /root/WorkSpace/CSharp/BannerlordModEditor/BannerlordModEditor.Common/Models/Data/MpCraftingPieces.cs(108,25): warning CS8618: 在退出构造函数时，不可为 null 的 属性 "Thrust" 必须包含非 null 值。请考虑添加 "required" 修饰符或将该 属性 声明为可为 null。 [/root/WorkSpace/CSharp/BannerlordModEditor/BannerlordModEditor.Common/BannerlordModEditor.Common.csproj]
         /root/WorkSpace/CSharp/BannerlordModEditor/BannerlordModEditor.Common/Models/Data/MpCraftingPieces.cs(111,24): warning CS8618: 在退出构造函数时，不可为 null 的 属性 "Swing" 必须包含非 null 值。请考虑添加 "required" 修饰符或将该 属性 声明为可为 null。 [/root/WorkSpace/CSharp/BannerlordModEditor/BannerlordModEditor.Common/BannerlordModEditor.Common.csproj]
         /root/WorkSpace/CSharp/BannerlordModEditor/BannerlordModEditor.Common/Models/Data/MultiplayerScenes.cs(40,23): warning CS8618: 在退出构造函数时，不可为 null 的 属性 "Name" 必须包含非 null 值。请考虑添加 "required" 修饰符或将该 属性 声明为可为 null。 [/root/WorkSpace/CSharp/BannerlordModEditor/BannerlordModEditor.Common/BannerlordModEditor.Common.csproj]
         /root/WorkSpace/CSharp/BannerlordModEditor/BannerlordModEditor.Common/Models/Data/PrebakedAnimations.cs(23,32): warning CS8618: 在退出构造函数时，不可为 null 的 属性 "Animations" 必须包含非 null 值。请考虑添加 "required" 修饰符或将该 属性 声明为可为 null。 [/root/WorkSpace/CSharp/BannerlordModEditor/BannerlordModEditor.Common/BannerlordModEditor.Common.csproj]
         /root/WorkSpace/CSharp/BannerlordModEditor/BannerlordModEditor.Common/Models/DTO/LooknfeelDTO.cs(263,23): warning CS8618: 在退出构造函数时，不可为 null 的 属性 "Ref" 必须包含非 null 值。请考虑添加 "required" 修饰符或将该 属性 声明为可为 null。 [/root/WorkSpace/CSharp/BannerlordModEditor/BannerlordModEditor.Common/BannerlordModEditor.Common.csproj]
         /root/WorkSpace/CSharp/BannerlordModEditor/BannerlordModEditor.Common/Models/DTO/LooknfeelDTO.cs(266,23): warning CS8618: 在退出构造函数时，不可为 null 的 属性 "Name" 必须包含非 null 值。请考虑添加 "required" 修饰符或将该 属性 声明为可为 null。 [/root/WorkSpace/CSharp/BannerlordModEditor/BannerlordModEditor.Common/BannerlordModEditor.Common.csproj]
         /root/WorkSpace/CSharp/BannerlordModEditor/BannerlordModEditor.Common/Models/DTO/LooknfeelDTO.cs(269,23): warning CS8618: 在退出构造函数时，不可为 null 的 属性 "Size" 必须包含非 null 值。请考虑添加 "required" 修饰符或将该 属性 声明为可为 null。 [/root/WorkSpace/CSharp/BannerlordModEditor/BannerlordModEditor.Common/BannerlordModEditor.Common.csproj]
         /root/WorkSpace/CSharp/BannerlordModEditor/BannerlordModEditor.Common/Models/DTO/LooknfeelDTO.cs(272,23): warning CS8618: 在退出构造函数时，不可为 null 的 属性 "Position" 必须包含非 null 值。请考虑添加 "required" 修饰符或将该 属性 声明为可为 null。 [/root/WorkSpace/CSharp/BannerlordModEditor/BannerlordModEditor.Common/BannerlordModEditor.Common.csproj]
         /root/WorkSpace/CSharp/BannerlordModEditor/BannerlordModEditor.Common/Models/DTO/LooknfeelDTO.cs(275,23): warning CS8618: 在退出构造函数时，不可为 null 的 属性 "Style" 必须包含非 null 值。请考虑添加 "required" 修饰符或将该 属性 声明为可为 null。 [/root/WorkSpace/CSharp/BannerlordModEditor/BannerlordModEditor.Common/BannerlordModEditor.Common.csproj]
         /root/WorkSpace/CSharp/BannerlordModEditor/BannerlordModEditor.Common/Models/DTO/LooknfeelDTO.cs(278,23): warning CS8618: 在退出构造函数时，不可为 null 的 属性 "VerticalAlignment" 必须包含非 null 值。请考虑添加 "required" 修饰符或将该 属性 声明为可为 null。 [/root/WorkSpace/CSharp/BannerlordModEditor/BannerlordModEditor.Common/BannerlordModEditor.Common.csproj]
         /root/WorkSpace/CSharp/BannerlordModEditor/BannerlordModEditor.Common/Models/DTO/LooknfeelDTO.cs(281,23): warning CS8618: 在退出构造函数时，不可为 null 的 属性 "HorizontalAlignment" 必须包含非 null 值。请考虑添加 "required" 修饰符或将该 属性 声明为可为 null。 [/root/WorkSpace/CSharp/BannerlordModEditor/BannerlordModEditor.Common/BannerlordModEditor.Common.csproj]
         /root/WorkSpace/CSharp/BannerlordModEditor/BannerlordModEditor.Common/Models/DTO/LooknfeelDTO.cs(291,23): warning CS8618: 在退出构造函数时，不可为 null 的 属性 "ScrollSpeed" 必须包含非 null 值。请考虑添加 "required" 修饰符或将该 属性 声明为可为 null。 [/root/WorkSpace/CSharp/BannerlordModEditor/BannerlordModEditor.Common/BannerlordModEditor.Common.csproj]
         /root/WorkSpace/CSharp/BannerlordModEditor/BannerlordModEditor.Common/Models/DTO/LooknfeelDTO.cs(294,23): warning CS8618: 在退出构造函数时，不可为 null 的 属性 "CellSize" 必须包含非 null 值。请考虑添加 "required" 修饰符或将该 属性 声明为可为 null。 [/root/WorkSpace/CSharp/BannerlordModEditor/BannerlordModEditor.Common/BannerlordModEditor.Common.csproj]
         /root/WorkSpace/CSharp/BannerlordModEditor/BannerlordModEditor.Common/Models/DTO/LooknfeelDTO.cs(297,23): warning CS8618: 在退出构造函数时，不可为 null 的 属性 "LayoutStyle" 必须包含非 null 值。请考虑添加 "required" 修饰符或将该 属性 声明为可为 null。 [/root/WorkSpace/CSharp/BannerlordModEditor/BannerlordModEditor.Common/BannerlordModEditor.Common.csproj]
         /root/WorkSpace/CSharp/BannerlordModEditor/BannerlordModEditor.Common/Models/DTO/LooknfeelDTO.cs(300,23): warning CS8618: 在退出构造函数时，不可为 null 的 属性 "LayoutAlignment" 必须包含非 null 值。请考虑添加 "required" 修饰符或将该 属性 声明为可为 null。 [/root/WorkSpace/CSharp/BannerlordModEditor/BannerlordModEditor.Common/BannerlordModEditor.Common.csproj]
         /root/WorkSpace/CSharp/BannerlordModEditor/BannerlordModEditor.Common/Models/DTO/LooknfeelDTO.cs(303,23): warning CS8618: 在退出构造函数时，不可为 null 的 属性 "Text" 必须包含非 null 值。请考虑添加 "required" 修饰符或将该 属性 声明为可为 null。 [/root/WorkSpace/CSharp/BannerlordModEditor/BannerlordModEditor.Common/BannerlordModEditor.Common.csproj]
         /root/WorkSpace/CSharp/BannerlordModEditor/BannerlordModEditor.Common/Models/DTO/LooknfeelDTO.cs(306,23): warning CS8618: 在退出构造函数时，不可为 null 的 属性 "TextColor" 必须包含非 null 值。请考虑添加 "required" 修饰符或将该 属性 声明为可为 null。 [/root/WorkSpace/CSharp/BannerlordModEditor/BannerlordModEditor.Common/BannerlordModEditor.Common.csproj]
         /root/WorkSpace/CSharp/BannerlordModEditor/BannerlordModEditor.Common/Models/DTO/LooknfeelDTO.cs(309,23): warning CS8618: 在退出构造函数时，不可为 null 的 属性 "TextHighlightColor" 必须包含非 null 值。请考虑添加 "required" 修饰符或将该 属性 声明为可为 null。 [/root/WorkSpace/CSharp/BannerlordModEditor/BannerlordModEditor.Common/BannerlordModEditor.Common.csproj]
         /root/WorkSpace/CSharp/BannerlordModEditor/BannerlordModEditor.Common/Models/DTO/LooknfeelDTO.cs(312,23): warning CS8618: 在退出构造函数时，不可为 null 的 属性 "FontSize" 必须包含非 null 值。请考虑添加 "required" 修饰符或将该 属性 声明为可为 null。 [/root/WorkSpace/CSharp/BannerlordModEditor/BannerlordModEditor.Common/BannerlordModEditor.Common.csproj]
         /root/WorkSpace/CSharp/BannerlordModEditor/BannerlordModEditor.Common/Models/DTO/LooknfeelDTO.cs(316,44): warning CS8618: 在退出构造函数时，不可为 null 的 属性 "Meshes" 必须包含非 null 值。请考虑添加 "required" 修饰符或将该 属性 声明为可为 null。 [/root/WorkSpace/CSharp/BannerlordModEditor/BannerlordModEditor.Common/BannerlordModEditor.Common.csproj]
         /root/WorkSpace/CSharp/BannerlordModEditor/BannerlordModEditor.Common/Models/DTO/LooknfeelDTO.cs(319,45): warning CS8618: 在退出构造函数时，不可为 null 的 属性 "SubWidgetsList" 必须包含非 null 值。请考虑添加 "required" 修饰符或将该 属性 声明为可为 null。 [/root/WorkSpace/CSharp/BannerlordModEditor/BannerlordModEditor.Common/BannerlordModEditor.Common.csproj]
         /root/WorkSpace/CSharp/BannerlordModEditor/BannerlordModEditor.Common/Models/Data/PrebakedAnimations.cs(11,23): warning CS8618: 在退出构造函数时，不可为 null 的 属性 "Type" 必须包含非 null 值。请考虑添加 "required" 修饰符或将该 属性 声明为可为 null。 [/root/WorkSpace/CSharp/BannerlordModEditor/BannerlordModEditor.Common/BannerlordModEditor.Common.csproj]
         /root/WorkSpace/CSharp/BannerlordModEditor/BannerlordModEditor.Common/Models/Data/PrebakedAnimations.cs(14,39): warning CS8618: 在退出构造函数时，不可为 null 的 属性 "PrebakedAnimationsList" 必须包含非 null 值。请考虑添加 "required" 修饰符或将该 属性 声明为可为 null。 [/root/WorkSpace/CSharp/BannerlordModEditor/BannerlordModEditor.Common/BannerlordModEditor.Common.csproj]
         /root/WorkSpace/CSharp/BannerlordModEditor/BannerlordModEditor.Common/Models/Data/Mpitems.cs(21,23): warning CS8618: 在退出构造函数时，不可为 null 的 属性 "Id" 必须包含非 null 值。请考虑添加 "required" 修饰符或将该 属性 声明为可为 null。 [/root/WorkSpace/CSharp/BannerlordModEditor/BannerlordModEditor.Common/BannerlordModEditor.Common.csproj]
         /root/WorkSpace/CSharp/BannerlordModEditor/BannerlordModEditor.Common/Models/Data/Mpitems.cs(25,23): warning CS8618: 在退出构造函数时，不可为 null 的 属性 "Name" 必须包含非 null 值。请考虑添加 "required" 修饰符或将该 属性 声明为可为 null。 [/root/WorkSpace/CSharp/BannerlordModEditor/BannerlordModEditor.Common/BannerlordModEditor.Common.csproj]
         /root/WorkSpace/CSharp/BannerlordModEditor/BannerlordModEditor.Common/Models/Data/Mpitems.cs(29,23): warning CS8618: 在退出构造函数时，不可为 null 的 属性 "Subtype" 必须包含非 null 值。请考虑添加 "required" 修饰符或将该 属性 声明为可为 null。 [/root/WorkSpace/CSharp/BannerlordModEditor/BannerlordModEditor.Common/BannerlordModEditor.Common.csproj]
         /root/WorkSpace/CSharp/BannerlordModEditor/BannerlordModEditor.Common/Models/Data/Mpitems.cs(33,23): warning CS8618: 在退出构造函数时，不可为 null 的 属性 "Mesh" 必须包含非 null 值。请考虑添加 "required" 修饰符或将该 属性 声明为可为 null。 [/root/WorkSpace/CSharp/BannerlordModEditor/BannerlordModEditor.Common/BannerlordModEditor.Common.csproj]
         /root/WorkSpace/CSharp/BannerlordModEditor/BannerlordModEditor.Common/Models/Data/Mpitems.cs(37,23): warning CS8618: 在退出构造函数时，不可为 null 的 属性 "Culture" 必须包含非 null 值。请考虑添加 "required" 修饰符或将该 属性 声明为可为 null。 [/root/WorkSpace/CSharp/BannerlordModEditor/BannerlordModEditor.Common/BannerlordModEditor.Common.csproj]
         /root/WorkSpace/CSharp/BannerlordModEditor/BannerlordModEditor.Common/Models/Data/Mpitems.cs(61,23): warning CS8618: 在退出构造函数时，不可为 null 的 属性 "Type" 必须包含非 null 值。请考虑添加 "required" 修饰符或将该 属性 声明为可为 null。 [/root/WorkSpace/CSharp/BannerlordModEditor/BannerlordModEditor.Common/BannerlordModEditor.Common.csproj]
         /root/WorkSpace/CSharp/BannerlordModEditor/BannerlordModEditor.Common/Models/Data/Mpitems.cs(65,37): warning CS8618: 在退出构造函数时，不可为 null 的 属性 "ItemComponent" 必须包含非 null 值。请考虑添加 "required" 修饰符或将该 属性 声明为可为 null。 [/root/WorkSpace/CSharp/BannerlordModEditor/BannerlordModEditor.Common/BannerlordModEditor.Common.csproj]
         /root/WorkSpace/CSharp/BannerlordModEditor/BannerlordModEditor.Common/Models/Data/Mpitems.cs(69,29): warning CS8618: 在退出构造函数时，不可为 null 的 属性 "Flags" 必须包含非 null 值。请考虑添加 "required" 修饰符或将该 属性 声明为可为 null。 [/root/WorkSpace/CSharp/BannerlordModEditor/BannerlordModEditor.Common/BannerlordModEditor.Common.csproj]
         /root/WorkSpace/CSharp/BannerlordModEditor/BannerlordModEditor.Common/Models/Data/ParticleSystems.cs(71,23): warning CS8618: 在退出构造函数时，不可为 null 的 属性 "Name" 必须包含非 null 值。请考虑添加 "required" 修饰符或将该 属性 声明为可为 null。 [/root/WorkSpace/CSharp/BannerlordModEditor/BannerlordModEditor.Common/BannerlordModEditor.Common.csproj]
         /root/WorkSpace/CSharp/BannerlordModEditor/BannerlordModEditor.Common/Models/Data/ParticleSystems.cs(74,23): warning CS8618: 在退出构造函数时，不可为 null 的 属性 "Value" 必须包含非 null 值。请考虑添加 "required" 修饰符或将该 属性 声明为可为 null。 [/root/WorkSpace/CSharp/BannerlordModEditor/BannerlordModEditor.Common/BannerlordModEditor.Common.csproj]
         /root/WorkSpace/CSharp/BannerlordModEditor/BannerlordModEditor.Common/Models/Data/ParticleSystems.cs(44,23): warning CS8618: 在退出构造函数时，不可为 null 的 属性 "Name" 必须包含非 null 值。请考虑添加 "required" 修饰符或将该 属性 声明为可为 null。 [/root/WorkSpace/CSharp/BannerlordModEditor/BannerlordModEditor.Common/BannerlordModEditor.Common.csproj]
         /root/WorkSpace/CSharp/BannerlordModEditor/BannerlordModEditor.Common/Models/Data/ParticleSystems.cs(50,30): warning CS8618: 在退出构造函数时，不可为 null 的 属性 "Flags" 必须包含非 null 值。请考虑添加 "required" 修饰符或将该 属性 声明为可为 null。 [/root/WorkSpace/CSharp/BannerlordModEditor/BannerlordModEditor.Common/BannerlordModEditor.Common.csproj]
         /root/WorkSpace/CSharp/BannerlordModEditor/BannerlordModEditor.Common/Models/Data/ParticleSystems.cs(53,27): warning CS8618: 在退出构造函数时，不可为 null 的 属性 "Parameters" 必须包含非 null 值。请考虑添加 "required" 修饰符或将该 属性 声明为可为 null。 [/root/WorkSpace/CSharp/BannerlordModEditor/BannerlordModEditor.Common/BannerlordModEditor.Common.csproj]
         /root/WorkSpace/CSharp/BannerlordModEditor/BannerlordModEditor.Common/Models/Data/Looknfeel.cs(35,23): warning CS8618: 在退出构造函数时，不可为 null 的 属性 "Type" 必须包含非 null 值。请考虑添加 "required" 修饰符或将该 属性 声明为可为 null。 [/root/WorkSpace/CSharp/BannerlordModEditor/BannerlordModEditor.Common/BannerlordModEditor.Common.csproj]
         /root/WorkSpace/CSharp/BannerlordModEditor/BannerlordModEditor.Common/Models/Data/Looknfeel.cs(38,23): warning CS8618: 在退出构造函数时，不可为 null 的 属性 "Name" 必须包含非 null 值。请考虑添加 "required" 修饰符或将该 属性 声明为可为 null。 [/root/WorkSpace/CSharp/BannerlordModEditor/BannerlordModEditor.Common/BannerlordModEditor.Common.csproj]
         /root/WorkSpace/CSharp/BannerlordModEditor/BannerlordModEditor.Common/Models/Data/Looknfeel.cs(41,23): warning CS8618: 在退出构造函数时，不可为 null 的 属性 "TilingBorderSize" 必须包含非 null 值。请考虑添加 "required" 修饰符或将该 属性 声明为可为 null。 [/root/WorkSpace/CSharp/BannerlordModEditor/BannerlordModEditor.Common/BannerlordModEditor.Common.csproj]
         /root/WorkSpace/CSharp/BannerlordModEditor/BannerlordModEditor.Common/Models/Data/Looknfeel.cs(44,23): warning CS8618: 在退出构造函数时，不可为 null 的 属性 "TileBackgroundAccordingToBorder" 必须包含非 null 值。请考虑添加 "required" 修饰符或将该 属性 声明为可为 null。 [/root/WorkSpace/CSharp/BannerlordModEditor/BannerlordModEditor.Common/BannerlordModEditor.Common.csproj]
         /root/WorkSpace/CSharp/BannerlordModEditor/BannerlordModEditor.Common/Models/Data/Looknfeel.cs(47,23): warning CS8618: 在退出构造函数时，不可为 null 的 属性 "BackgroundTileSize" 必须包含非 null 值。请考虑添加 "required" 修饰符或将该 属性 声明为可为 null。 [/root/WorkSpace/CSharp/BannerlordModEditor/BannerlordModEditor.Common/BannerlordModEditor.Common.csproj]
         /root/WorkSpace/CSharp/BannerlordModEditor/BannerlordModEditor.Common/Models/Data/Looknfeel.cs(50,23): warning CS8618: 在退出构造函数时，不可为 null 的 属性 "Focusable" 必须包含非 null 值。请考虑添加 "required" 修饰符或将该 属性 声明为可为 null。 [/root/WorkSpace/CSharp/BannerlordModEditor/BannerlordModEditor.Common/BannerlordModEditor.Common.csproj]
         /root/WorkSpace/CSharp/BannerlordModEditor/BannerlordModEditor.Common/Models/Data/Looknfeel.cs(53,23): warning CS8618: 在退出构造函数时，不可为 null 的 属性 "Style" 必须包含非 null 值。请考虑添加 "required" 修饰符或将该 属性 声明为可为 null。 [/root/WorkSpace/CSharp/BannerlordModEditor/BannerlordModEditor.Common/BannerlordModEditor.Common.csproj]
         /root/WorkSpace/CSharp/BannerlordModEditor/BannerlordModEditor.Common/Models/Data/Looknfeel.cs(56,23): warning CS8618: 在退出构造函数时，不可为 null 的 属性 "TrackAreaInset" 必须包含非 null 值。请考虑添加 "required" 修饰符或将该 属性 声明为可为 null。 [/root/WorkSpace/CSharp/BannerlordModEditor/BannerlordModEditor.Common/BannerlordModEditor.Common.csproj]
         /root/WorkSpace/CSharp/BannerlordModEditor/BannerlordModEditor.Common/Models/Data/Looknfeel.cs(59,23): warning CS8618: 在退出构造函数时，不可为 null 的 属性 "Text" 必须包含非 null 值。请考虑添加 "required" 修饰符或将该 属性 声明为可为 null。 [/root/WorkSpace/CSharp/BannerlordModEditor/BannerlordModEditor.Common/BannerlordModEditor.Common.csproj]
         /root/WorkSpace/CSharp/BannerlordModEditor/BannerlordModEditor.Common/Models/Data/Looknfeel.cs(62,23): warning CS8618: 在退出构造函数时，不可为 null 的 属性 "InitialState" 必须包含非 null 值。请考虑添加 "required" 修饰符或将该 属性 声明为可为 null。 [/root/WorkSpace/CSharp/BannerlordModEditor/BannerlordModEditor.Common/BannerlordModEditor.Common.csproj]
         /root/WorkSpace/CSharp/BannerlordModEditor/BannerlordModEditor.Common/Models/Data/Looknfeel.cs(65,23): warning CS8618: 在退出构造函数时，不可为 null 的 属性 "NumOfCols" 必须包含非 null 值。请考虑添加 "required" 修饰符或将该 属性 声明为可为 null。 [/root/WorkSpace/CSharp/BannerlordModEditor/BannerlordModEditor.Common/BannerlordModEditor.Common.csproj]
         /root/WorkSpace/CSharp/BannerlordModEditor/BannerlordModEditor.Common/Models/Data/Looknfeel.cs(68,23): warning CS8618: 在退出构造函数时，不可为 null 的 属性 "NumOfRows" 必须包含非 null 值。请考虑添加 "required" 修饰符或将该 属性 声明为可为 null。 [/root/WorkSpace/CSharp/BannerlordModEditor/BannerlordModEditor.Common/BannerlordModEditor.Common.csproj]
         /root/WorkSpace/CSharp/BannerlordModEditor/BannerlordModEditor.Common/Models/Data/Looknfeel.cs(71,23): warning CS8618: 在退出构造函数时，不可为 null 的 属性 "MaxNumOfRows" 必须包含非 null 值。请考虑添加 "required" 修饰符或将该 属性 声明为可为 null。 [/root/WorkSpace/CSharp/BannerlordModEditor/BannerlordModEditor.Common/BannerlordModEditor.Common.csproj]
         /root/WorkSpace/CSharp/BannerlordModEditor/BannerlordModEditor.Common/Models/Data/Looknfeel.cs(74,23): warning CS8618: 在退出构造函数时，不可为 null 的 属性 "BorderSize" 必须包含非 null 值。请考虑添加 "required" 修饰符或将该 属性 声明为可为 null。 [/root/WorkSpace/CSharp/BannerlordModEditor/BannerlordModEditor.Common/BannerlordModEditor.Common.csproj]
         /root/WorkSpace/CSharp/BannerlordModEditor/BannerlordModEditor.Common/Models/Data/Looknfeel.cs(77,23): warning CS8618: 在退出构造函数时，不可为 null 的 属性 "ShowScrollBars" 必须包含非 null 值。请考虑添加 "required" 修饰符或将该 属性 声明为可为 null。 [/root/WorkSpace/CSharp/BannerlordModEditor/BannerlordModEditor.Common/BannerlordModEditor.Common.csproj]
         /root/WorkSpace/CSharp/BannerlordModEditor/BannerlordModEditor.Common/Models/Data/Looknfeel.cs(80,23): warning CS8618: 在退出构造函数时，不可为 null 的 属性 "ScrollAreaInset" 必须包含非 null 值。请考虑添加 "required" 修饰符或将该 属性 声明为可为 null。 [/root/WorkSpace/CSharp/BannerlordModEditor/BannerlordModEditor.Common/BannerlordModEditor.Common.csproj]
         /root/WorkSpace/CSharp/BannerlordModEditor/BannerlordModEditor.Common/Models/Data/Looknfeel.cs(83,23): warning CS8618: 在退出构造函数时，不可为 null 的 属性 "CellSize" 必须包含非 null 值。请考虑添加 "required" 修饰符或将该 属性 声明为可为 null。 [/root/WorkSpace/CSharp/BannerlordModEditor/BannerlordModEditor.Common/BannerlordModEditor.Common.csproj]
         /root/WorkSpace/CSharp/BannerlordModEditor/BannerlordModEditor.Common/Models/Data/Looknfeel.cs(86,23): warning CS8618: 在退出构造函数时，不可为 null 的 属性 "LayoutStyle" 必须包含非 null 值。请考虑添加 "required" 修饰符或将该 属性 声明为可为 null。 [/root/WorkSpace/CSharp/BannerlordModEditor/BannerlordModEditor.Common/BannerlordModEditor.Common.csproj]
         /root/WorkSpace/CSharp/BannerlordModEditor/BannerlordModEditor.Common/Models/Data/Looknfeel.cs(89,23): warning CS8618: 在退出构造函数时，不可为 null 的 属性 "LayoutAlignment" 必须包含非 null 值。请考虑添加 "required" 修饰符或将该 属性 声明为可为 null。 [/root/WorkSpace/CSharp/BannerlordModEditor/BannerlordModEditor.Common/BannerlordModEditor.Common.csproj]
         /root/WorkSpace/CSharp/BannerlordModEditor/BannerlordModEditor.Common/Models/Data/Looknfeel.cs(92,23): warning CS8618: 在退出构造函数时，不可为 null 的 属性 "AutoShowScrollBars" 必须包含非 null 值。请考虑添加 "required" 修饰符或将该 属性 声明为可为 null。 [/root/WorkSpace/CSharp/BannerlordModEditor/BannerlordModEditor.Common/BannerlordModEditor.Common.csproj]
         /root/WorkSpace/CSharp/BannerlordModEditor/BannerlordModEditor.Common/Models/Data/Looknfeel.cs(95,23): warning CS8618: 在退出构造函数时，不可为 null 的 属性 "IncrementVec" 必须包含非 null 值。请考虑添加 "required" 修饰符或将该 属性 声明为可为 null。 [/root/WorkSpace/CSharp/BannerlordModEditor/BannerlordModEditor.Common/BannerlordModEditor.Common.csproj]
         /root/WorkSpace/CSharp/BannerlordModEditor/BannerlordModEditor.Common/Models/Data/Looknfeel.cs(98,23): warning CS8618: 在退出构造函数时，不可为 null 的 属性 "InitialValue" 必须包含非 null 值。请考虑添加 "required" 修饰符或将该 属性 声明为可为 null。 [/root/WorkSpace/CSharp/BannerlordModEditor/BannerlordModEditor.Common/BannerlordModEditor.Common.csproj]
         /root/WorkSpace/CSharp/BannerlordModEditor/BannerlordModEditor.Common/Models/Data/Looknfeel.cs(101,23): warning CS8618: 在退出构造函数时，不可为 null 的 属性 "MaxAllowedDigit" 必须包含非 null 值。请考虑添加 "required" 修饰符或将该 属性 声明为可为 null。 [/root/WorkSpace/CSharp/BannerlordModEditor/BannerlordModEditor.Common/BannerlordModEditor.Common.csproj]
         /root/WorkSpace/CSharp/BannerlordModEditor/BannerlordModEditor.Common/Models/Data/Looknfeel.cs(104,23): warning CS8618: 在退出构造函数时，不可为 null 的 属性 "MinAllowedValue" 必须包含非 null 值。请考虑添加 "required" 修饰符或将该 属性 声明为可为 null。 [/root/WorkSpace/CSharp/BannerlordModEditor/BannerlordModEditor.Common/BannerlordModEditor.Common.csproj]
         /root/WorkSpace/CSharp/BannerlordModEditor/BannerlordModEditor.Common/Models/Data/Looknfeel.cs(107,23): warning CS8618: 在退出构造函数时，不可为 null 的 属性 "MaxAllowedValue" 必须包含非 null 值。请考虑添加 "required" 修饰符或将该 属性 声明为可为 null。 [/root/WorkSpace/CSharp/BannerlordModEditor/BannerlordModEditor.Common/BannerlordModEditor.Common.csproj]
         /root/WorkSpace/CSharp/BannerlordModEditor/BannerlordModEditor.Common/Models/Data/Looknfeel.cs(110,23): warning CS8618: 在退出构造函数时，不可为 null 的 属性 "StepValue" 必须包含非 null 值。请考虑添加 "required" 修饰符或将该 属性 声明为可为 null。 [/root/WorkSpace/CSharp/BannerlordModEditor/BannerlordModEditor.Common/BannerlordModEditor.Common.csproj]
         /root/WorkSpace/CSharp/BannerlordModEditor/BannerlordModEditor.Common/Models/Data/Looknfeel.cs(113,23): warning CS8618: 在退出构造函数时，不可为 null 的 属性 "MinValue" 必须包含非 null 值。请考虑添加 "required" 修饰符或将该 属性 声明为可为 null。 [/root/WorkSpace/CSharp/BannerlordModEditor/BannerlordModEditor.Common/BannerlordModEditor.Common.csproj]
         /root/WorkSpace/CSharp/BannerlordModEditor/BannerlordModEditor.Common/Models/Data/Looknfeel.cs(116,23): warning CS8618: 在退出构造函数时，不可为 null 的 属性 "MaxValue" 必须包含非 null 值。请考虑添加 "required" 修饰符或将该 属性 声明为可为 null。 [/root/WorkSpace/CSharp/BannerlordModEditor/BannerlordModEditor.Common/BannerlordModEditor.Common.csproj]
         /root/WorkSpace/CSharp/BannerlordModEditor/BannerlordModEditor.Common/Models/Data/Looknfeel.cs(119,23): warning CS8618: 在退出构造函数时，不可为 null 的 属性 "VerticalAlignment" 必须包含非 null 值。请考虑添加 "required" 修饰符或将该 属性 声明为可为 null。 [/root/WorkSpace/CSharp/BannerlordModEditor/BannerlordModEditor.Common/BannerlordModEditor.Common.csproj]
         /root/WorkSpace/CSharp/BannerlordModEditor/BannerlordModEditor.Common/Models/Data/Looknfeel.cs(122,23): warning CS8618: 在退出构造函数时，不可为 null 的 属性 "HorizontalAlignment" 必须包含非 null 值。请考虑添加 "required" 修饰符或将该 属性 声明为可为 null。 [/root/WorkSpace/CSharp/BannerlordModEditor/BannerlordModEditor.Common/BannerlordModEditor.Common.csproj]
         /root/WorkSpace/CSharp/BannerlordModEditor/BannerlordModEditor.Common/Models/Data/Looknfeel.cs(125,23): warning CS8618: 在退出构造函数时，不可为 null 的 属性 "HorizontalAligment" 必须包含非 null 值。请考虑添加 "required" 修饰符或将该 属性 声明为可为 null。 [/root/WorkSpace/CSharp/BannerlordModEditor/BannerlordModEditor.Common/BannerlordModEditor.Common.csproj]
         /root/WorkSpace/CSharp/BannerlordModEditor/BannerlordModEditor.Common/Models/Data/Looknfeel.cs(128,23): warning CS8618: 在退出构造函数时，不可为 null 的 属性 "TextHighlightColor" 必须包含非 null 值。请考虑添加 "required" 修饰符或将该 属性 声明为可为 null。 [/root/WorkSpace/CSharp/BannerlordModEditor/BannerlordModEditor.Common/BannerlordModEditor.Common.csproj]
         /root/WorkSpace/CSharp/BannerlordModEditor/BannerlordModEditor.Common/Models/Data/Looknfeel.cs(131,23): warning CS8618: 在退出构造函数时，不可为 null 的 属性 "TextColor" 必须包含非 null 值。请考虑添加 "required" 修饰符或将该 属性 声明为可为 null。 [/root/WorkSpace/CSharp/BannerlordModEditor/BannerlordModEditor.Common/BannerlordModEditor.Common.csproj]
         /root/WorkSpace/CSharp/BannerlordModEditor/BannerlordModEditor.Common/Models/Data/Looknfeel.cs(134,23): warning CS8618: 在退出构造函数时，不可为 null 的 属性 "FontSize" 必须包含非 null 值。请考虑添加 "required" 修饰符或将该 属性 声明为可为 null。 [/root/WorkSpace/CSharp/BannerlordModEditor/BannerlordModEditor.Common/BannerlordModEditor.Common.csproj]
         /root/WorkSpace/CSharp/BannerlordModEditor/BannerlordModEditor.Common/Models/Data/Looknfeel.cs(137,23): warning CS8618: 在退出构造函数时，不可为 null 的 属性 "Size" 必须包含非 null 值。请考虑添加 "required" 修饰符或将该 属性 声明为可为 null。 [/root/WorkSpace/CSharp/BannerlordModEditor/BannerlordModEditor.Common/BannerlordModEditor.Common.csproj]
         /root/WorkSpace/CSharp/BannerlordModEditor/BannerlordModEditor.Common/Models/Data/Looknfeel.cs(140,23): warning CS8618: 在退出构造函数时，不可为 null 的 属性 "Position" 必须包含非 null 值。请考虑添加 "required" 修饰符或将该 属性 声明为可为 null。 [/root/WorkSpace/CSharp/BannerlordModEditor/BannerlordModEditor.Common/BannerlordModEditor.Common.csproj]
         /root/WorkSpace/CSharp/BannerlordModEditor/BannerlordModEditor.Common/Models/Data/Looknfeel.cs(143,41): warning CS8618: 在退出构造函数时，不可为 null 的 属性 "Meshes" 必须包含非 null 值。请考虑添加 "required" 修饰符或将该 属性 声明为可为 null。 [/root/WorkSpace/CSharp/BannerlordModEditor/BannerlordModEditor.Common/BannerlordModEditor.Common.csproj]
         /root/WorkSpace/CSharp/BannerlordModEditor/BannerlordModEditor.Common/Models/Data/Looknfeel.cs(146,23): warning CS8618: 在退出构造函数时，不可为 null 的 属性 "ButtonMesh" 必须包含非 null 值。请考虑添加 "required" 修饰符或将该 属性 声明为可为 null。 [/root/WorkSpace/CSharp/BannerlordModEditor/BannerlordModEditor.Common/BannerlordModEditor.Common.csproj]
         /root/WorkSpace/CSharp/BannerlordModEditor/BannerlordModEditor.Common/Models/Data/Looknfeel.cs(149,36): warning CS8618: 在退出构造函数时，不可为 null 的 属性 "SubWidgets" 必须包含非 null 值。请考虑添加 "required" 修饰符或将该 属性 声明为可为 null。 [/root/WorkSpace/CSharp/BannerlordModEditor/BannerlordModEditor.Common/BannerlordModEditor.Common.csproj]
         /root/WorkSpace/CSharp/BannerlordModEditor/BannerlordModEditor.Common/Models/Data/ParticleSystems.cs(155,23): warning CS8618: 在退出构造函数时，不可为 null 的 属性 "Value" 必须包含非 null 值。请考虑添加 "required" 修饰符或将该 属性 声明为可为 null。 [/root/WorkSpace/CSharp/BannerlordModEditor/BannerlordModEditor.Common/BannerlordModEditor.Common.csproj]
         /root/WorkSpace/CSharp/BannerlordModEditor/BannerlordModEditor.Common/Models/Data/ParticleSystems.cs(158,23): warning CS8618: 在退出构造函数时，不可为 null 的 属性 "Position" 必须包含非 null 值。请考虑添加 "required" 修饰符或将该 属性 声明为可为 null。 [/root/WorkSpace/CSharp/BannerlordModEditor/BannerlordModEditor.Common/BannerlordModEditor.Common.csproj]
         /root/WorkSpace/CSharp/BannerlordModEditor/BannerlordModEditor.Common/Models/Data/ParticleSystems.cs(161,23): warning CS8618: 在退出构造函数时，不可为 null 的 属性 "Tangent" 必须包含非 null 值。请考虑添加 "required" 修饰符或将该 属性 声明为可为 null。 [/root/WorkSpace/CSharp/BannerlordModEditor/BannerlordModEditor.Common/BannerlordModEditor.Common.csproj]
         /root/WorkSpace/CSharp/BannerlordModEditor/BannerlordModEditor.Common/Models/Data/ParticleSystems.cs(91,23): warning CS8618: 在退出构造函数时，不可为 null 的 属性 "Name" 必须包含非 null 值。请考虑添加 "required" 修饰符或将该 属性 声明为可为 null。 [/root/WorkSpace/CSharp/BannerlordModEditor/BannerlordModEditor.Common/BannerlordModEditor.Common.csproj]
         /root/WorkSpace/CSharp/BannerlordModEditor/BannerlordModEditor.Common/Models/Data/ParticleSystems.cs(94,23): warning CS8618: 在退出构造函数时，不可为 null 的 属性 "Value" 必须包含非 null 值。请考虑添加 "required" 修饰符或将该 属性 声明为可为 null。 [/root/WorkSpace/CSharp/BannerlordModEditor/BannerlordModEditor.Common/BannerlordModEditor.Common.csproj]
         /root/WorkSpace/CSharp/BannerlordModEditor/BannerlordModEditor.Common/Models/Data/ParticleSystems.cs(97,23): warning CS8618: 在退出构造函数时，不可为 null 的 属性 "Bias" 必须包含非 null 值。请考虑添加 "required" 修饰符或将该 属性 声明为可为 null。 [/root/WorkSpace/CSharp/BannerlordModEditor/BannerlordModEditor.Common/BannerlordModEditor.Common.csproj]
         /root/WorkSpace/CSharp/BannerlordModEditor/BannerlordModEditor.Common/Models/Data/ParticleSystems.cs(100,23): warning CS8618: 在退出构造函数时，不可为 null 的 属性 "Curve" 必须包含非 null 值。请考虑添加 "required" 修饰符或将该 属性 声明为可为 null。 [/root/WorkSpace/CSharp/BannerlordModEditor/BannerlordModEditor.Common/BannerlordModEditor.Common.csproj]
         /root/WorkSpace/CSharp/BannerlordModEditor/BannerlordModEditor.Common/Models/Data/ParticleSystems.cs(103,23): warning CS8618: 在退出构造函数时，不可为 null 的 属性 "Color" 必须包含非 null 值。请考虑添加 "required" 修饰符或将该 属性 声明为可为 null。 [/root/WorkSpace/CSharp/BannerlordModEditor/BannerlordModEditor.Common/BannerlordModEditor.Common.csproj]
         /root/WorkSpace/CSharp/BannerlordModEditor/BannerlordModEditor.Common/Models/Data/ParticleSystems.cs(106,23): warning CS8618: 在退出构造函数时，不可为 null 的 属性 "Alpha" 必须包含非 null 值。请考虑添加 "required" 修饰符或将该 属性 声明为可为 null。 [/root/WorkSpace/CSharp/BannerlordModEditor/BannerlordModEditor.Common/BannerlordModEditor.Common.csproj]
         /root/WorkSpace/CSharp/BannerlordModEditor/BannerlordModEditor.Common/Models/Data/ParticleSystems.cs(109,22): warning CS8618: 在退出构造函数时，不可为 null 的 属性 "ParameterCurve" 必须包含非 null 值。请考虑添加 "required" 修饰符或将该 属性 声明为可为 null。 [/root/WorkSpace/CSharp/BannerlordModEditor/BannerlordModEditor.Common/BannerlordModEditor.Common.csproj]
         /root/WorkSpace/CSharp/BannerlordModEditor/BannerlordModEditor.Common/Models/Data/ParticleSystems.cs(19,23): warning CS8618: 在退出构造函数时，不可为 null 的 属性 "Name" 必须包含非 null 值。请考虑添加 "required" 修饰符或将该 属性 声明为可为 null。 [/root/WorkSpace/CSharp/BannerlordModEditor/BannerlordModEditor.Common/BannerlordModEditor.Common.csproj]
         /root/WorkSpace/CSharp/BannerlordModEditor/BannerlordModEditor.Common/Models/Data/ParticleSystems.cs(22,23): warning CS8618: 在退出构造函数时，不可为 null 的 属性 "Guid" 必须包含非 null 值。请考虑添加 "required" 修饰符或将该 属性 声明为可为 null。 [/root/WorkSpace/CSharp/BannerlordModEditor/BannerlordModEditor.Common/BannerlordModEditor.Common.csproj]
         /root/WorkSpace/CSharp/BannerlordModEditor/BannerlordModEditor.Common/Models/Data/ParticleSystems.cs(25,23): warning CS8618: 在退出构造函数时，不可为 null 的 属性 "SoundCode" 必须包含非 null 值。请考虑添加 "required" 修饰符或将该 属性 声明为可为 null。 [/root/WorkSpace/CSharp/BannerlordModEditor/BannerlordModEditor.Common/BannerlordModEditor.Common.csproj]
         /root/WorkSpace/CSharp/BannerlordModEditor/BannerlordModEditor.Common/Models/Data/ParticleSystems.cs(28,25): warning CS8618: 在退出构造函数时，不可为 null 的 属性 "Emitters" 必须包含非 null 值。请考虑添加 "required" 修饰符或将该 属性 声明为可为 null。 [/root/WorkSpace/CSharp/BannerlordModEditor/BannerlordModEditor.Common/BannerlordModEditor.Common.csproj]
         /root/WorkSpace/CSharp/BannerlordModEditor/BannerlordModEditor.Common/Models/Data/ParticleSystems.cs(123,23): warning CS8618: 在退出构造函数时，不可为 null 的 属性 "Name" 必须包含非 null 值。请考虑添加 "required" 修饰符或将该 属性 声明为可为 null。 [/root/WorkSpace/CSharp/BannerlordModEditor/BannerlordModEditor.Common/BannerlordModEditor.Common.csproj]
         /root/WorkSpace/CSharp/BannerlordModEditor/BannerlordModEditor.Common/Models/Data/ParticleSystems.cs(126,23): warning CS8618: 在退出构造函数时，不可为 null 的 属性 "Version" 必须包含非 null 值。请考虑添加 "required" 修饰符或将该 属性 声明为可为 null。 [/root/WorkSpace/CSharp/BannerlordModEditor/BannerlordModEditor.Common/BannerlordModEditor.Common.csproj]
         /root/WorkSpace/CSharp/BannerlordModEditor/BannerlordModEditor.Common/Models/Data/ParticleSystems.cs(129,23): warning CS8618: 在退出构造函数时，不可为 null 的 属性 "Default" 必须包含非 null 值。请考虑添加 "required" 修饰符或将该 属性 声明为可为 null。 [/root/WorkSpace/CSharp/BannerlordModEditor/BannerlordModEditor.Common/BannerlordModEditor.Common.csproj]
         /root/WorkSpace/CSharp/BannerlordModEditor/BannerlordModEditor.Common/Models/Data/ParticleSystems.cs(132,23): warning CS8618: 在退出构造函数时，不可为 null 的 属性 "CurveMultiplier" 必须包含非 null 值。请考虑添加 "required" 修饰符或将该 属性 声明为可为 null。 [/root/WorkSpace/CSharp/BannerlordModEditor/BannerlordModEditor.Common/BannerlordModEditor.Common.csproj]
         /root/WorkSpace/CSharp/BannerlordModEditor/BannerlordModEditor.Common/Models/Data/ParticleSystems.cs(135,21): warning CS8618: 在退出构造函数时，不可为 null 的 属性 "Keys" 必须包含非 null 值。请考虑添加 "required" 修饰符或将该 属性 声明为可为 null。 [/root/WorkSpace/CSharp/BannerlordModEditor/BannerlordModEditor.Common/BannerlordModEditor.Common.csproj]
         /root/WorkSpace/CSharp/BannerlordModEditor/BannerlordModEditor.Common/Models/Data/ItemModifiers.cs(105,20): warning CS8603: 可能返回 null 引用。 [/root/WorkSpace/CSharp/BannerlordModEditor/BannerlordModEditor.Common/BannerlordModEditor.Common.csproj]
         /root/WorkSpace/CSharp/BannerlordModEditor/BannerlordModEditor.Common/Models/Data/ItemModifiers.cs(113,20): warning CS8603: 可能返回 null 引用。 [/root/WorkSpace/CSharp/BannerlordModEditor/BannerlordModEditor.Common/BannerlordModEditor.Common.csproj]
         /root/WorkSpace/CSharp/BannerlordModEditor/BannerlordModEditor.Common/Models/Data/Mpcultures.cs(17,23): warning CS8618: 在退出构造函数时，不可为 null 的 属性 "Id" 必须包含非 null 值。请考虑添加 "required" 修饰符或将该 属性 声明为可为 null。 [/root/WorkSpace/CSharp/BannerlordModEditor/BannerlordModEditor.Common/BannerlordModEditor.Common.csproj]
         /root/WorkSpace/CSharp/BannerlordModEditor/BannerlordModEditor.Common/Models/Data/Mpcultures.cs(20,23): warning CS8618: 在退出构造函数时，不可为 null 的 属性 "Name" 必须包含非 null 值。请考虑添加 "required" 修饰符或将该 属性 声明为可为 null。 [/root/WorkSpace/CSharp/BannerlordModEditor/BannerlordModEditor.Common/BannerlordModEditor.Common.csproj]
         /root/WorkSpace/CSharp/BannerlordModEditor/BannerlordModEditor.Common/Models/Data/Mpcultures.cs(27,23): warning CS8618: 在退出构造函数时，不可为 null 的 属性 "DefaultFaceKey" 必须包含非 null 值。请考虑添加 "required" 修饰符或将该 属性 声明为可为 null。 [/root/WorkSpace/CSharp/BannerlordModEditor/BannerlordModEditor.Common/BannerlordModEditor.Common.csproj]
         /root/WorkSpace/CSharp/BannerlordModEditor/BannerlordModEditor.Common/Models/Data/Mpcultures.cs(30,23): warning CS8618: 在退出构造函数时，不可为 null 的 属性 "Color" 必须包含非 null 值。请考虑添加 "required" 修饰符或将该 属性 声明为可为 null。 [/root/WorkSpace/CSharp/BannerlordModEditor/BannerlordModEditor.Common/BannerlordModEditor.Common.csproj]
         /root/WorkSpace/CSharp/BannerlordModEditor/BannerlordModEditor.Common/Models/Data/Mpcultures.cs(34,23): warning CS8618: 在退出构造函数时，不可为 null 的 属性 "Color2" 必须包含非 null 值。请考虑添加 "required" 修饰符或将该 属性 声明为可为 null。 [/root/WorkSpace/CSharp/BannerlordModEditor/BannerlordModEditor.Common/BannerlordModEditor.Common.csproj]
         /root/WorkSpace/CSharp/BannerlordModEditor/BannerlordModEditor.Common/Models/Data/Mpcultures.cs(38,23): warning CS8618: 在退出构造函数时，不可为 null 的 属性 "ClothAlternativeColor1" 必须包含非 null 值。请考虑添加 "required" 修饰符或将该 属性 声明为可为 null。 [/root/WorkSpace/CSharp/BannerlordModEditor/BannerlordModEditor.Common/BannerlordModEditor.Common.csproj]
         /root/WorkSpace/CSharp/BannerlordModEditor/BannerlordModEditor.Common/Models/Data/Mpcultures.cs(42,23): warning CS8618: 在退出构造函数时，不可为 null 的 属性 "ClothAlternativeColor2" 必须包含非 null 值。请考虑添加 "required" 修饰符或将该 属性 声明为可为 null。 [/root/WorkSpace/CSharp/BannerlordModEditor/BannerlordModEditor.Common/BannerlordModEditor.Common.csproj]
         /root/WorkSpace/CSharp/BannerlordModEditor/BannerlordModEditor.Common/Models/Data/Mpcultures.cs(46,23): warning CS8618: 在退出构造函数时，不可为 null 的 属性 "BannerBackgroundColor1" 必须包含非 null 值。请考虑添加 "required" 修饰符或将该 属性 声明为可为 null。 [/root/WorkSpace/CSharp/BannerlordModEditor/BannerlordModEditor.Common/BannerlordModEditor.Common.csproj]
         /root/WorkSpace/CSharp/BannerlordModEditor/BannerlordModEditor.Common/Models/Data/Mpcultures.cs(50,23): warning CS8618: 在退出构造函数时，不可为 null 的 属性 "BannerForegroundColor1" 必须包含非 null 值。请考虑添加 "required" 修饰符或将该 属性 声明为可为 null。 [/root/WorkSpace/CSharp/BannerlordModEditor/BannerlordModEditor.Common/BannerlordModEditor.Common.csproj]
         /root/WorkSpace/CSharp/BannerlordModEditor/BannerlordModEditor.Common/Models/Data/Mpcultures.cs(54,23): warning CS8618: 在退出构造函数时，不可为 null 的 属性 "BannerBackgroundColor2" 必须包含非 null 值。请考虑添加 "required" 修饰符或将该 属性 声明为可为 null。 [/root/WorkSpace/CSharp/BannerlordModEditor/BannerlordModEditor.Common/BannerlordModEditor.Common.csproj]
         /root/WorkSpace/CSharp/BannerlordModEditor/BannerlordModEditor.Common/Models/Data/Mpcultures.cs(58,23): warning CS8618: 在退出构造函数时，不可为 null 的 属性 "BannerForegroundColor2" 必须包含非 null 值。请考虑添加 "required" 修饰符或将该 属性 声明为可为 null。 [/root/WorkSpace/CSharp/BannerlordModEditor/BannerlordModEditor.Common/BannerlordModEditor.Common.csproj]
         /root/WorkSpace/CSharp/BannerlordModEditor/BannerlordModEditor.Common/Models/Data/Mpcultures.cs(62,23): warning CS8618: 在退出构造函数时，不可为 null 的 属性 "FactionBannerKey" 必须包含非 null 值。请考虑添加 "required" 修饰符或将该 属性 声明为可为 null。 [/root/WorkSpace/CSharp/BannerlordModEditor/BannerlordModEditor.Common/BannerlordModEditor.Common.csproj]
         /root/WorkSpace/CSharp/BannerlordModEditor/BannerlordModEditor.Common/Models/Data/ItemModifiers.cs(121,20): warning CS8603: 可能返回 null 引用。 [/root/WorkSpace/CSharp/BannerlordModEditor/BannerlordModEditor.Common/BannerlordModEditor.Common.csproj]
         /root/WorkSpace/CSharp/BannerlordModEditor/BannerlordModEditor.Common/Models/Data/Mpitems.cs(103,23): warning CS8618: 在退出构造函数时，不可为 null 的 属性 "HairCoverType" 必须包含非 null 值。请考虑添加 "required" 修饰符或将该 属性 声明为可为 null。 [/root/WorkSpace/CSharp/BannerlordModEditor/BannerlordModEditor.Common/BannerlordModEditor.Common.csproj]
         /root/WorkSpace/CSharp/BannerlordModEditor/BannerlordModEditor.Common/Models/Data/Mpitems.cs(107,23): warning CS8618: 在退出构造函数时，不可为 null 的 属性 "BeardCoverType" 必须包含非 null 值。请考虑添加 "required" 修饰符或将该 属性 声明为可为 null。 [/root/WorkSpace/CSharp/BannerlordModEditor/BannerlordModEditor.Common/BannerlordModEditor.Common.csproj]
         /root/WorkSpace/CSharp/BannerlordModEditor/BannerlordModEditor.Common/Models/Data/Mpitems.cs(111,23): warning CS8618: 在退出构造函数时，不可为 null 的 属性 "ModifierGroup" 必须包含非 null 值。请考虑添加 "required" 修饰符或将该 属性 声明为可为 null。 [/root/WorkSpace/CSharp/BannerlordModEditor/BannerlordModEditor.Common/BannerlordModEditor.Common.csproj]
         /root/WorkSpace/CSharp/BannerlordModEditor/BannerlordModEditor.Common/Models/Data/Mpitems.cs(115,23): warning CS8618: 在退出构造函数时，不可为 null 的 属性 "MaterialType" 必须包含非 null 值。请考虑添加 "required" 修饰符或将该 属性 声明为可为 null。 [/root/WorkSpace/CSharp/BannerlordModEditor/BannerlordModEditor.Common/BannerlordModEditor.Common.csproj]
         /root/WorkSpace/CSharp/BannerlordModEditor/BannerlordModEditor.Common/Models/Data/ItemModifiers.cs(135,20): warning CS8603: 可能返回 null 引用。 [/root/WorkSpace/CSharp/BannerlordModEditor/BannerlordModEditor.Common/BannerlordModEditor.Common.csproj]
         /root/WorkSpace/CSharp/BannerlordModEditor/BannerlordModEditor.Common/Models/DTO/LooknfeelDTO.cs(34,23): warning CS8618: 在退出构造函数时，不可为 null 的 属性 "Type" 必须包含非 null 值。请考虑添加 "required" 修饰符或将该 属性 声明为可为 null。 [/root/WorkSpace/CSharp/BannerlordModEditor/BannerlordModEditor.Common/BannerlordModEditor.Common.csproj]
         /root/WorkSpace/CSharp/BannerlordModEditor/BannerlordModEditor.Common/Models/DTO/LooknfeelDTO.cs(37,23): warning CS8618: 在退出构造函数时，不可为 null 的 属性 "Name" 必须包含非 null 值。请考虑添加 "required" 修饰符或将该 属性 声明为可为 null。 [/root/WorkSpace/CSharp/BannerlordModEditor/BannerlordModEditor.Common/BannerlordModEditor.Common.csproj]
         /root/WorkSpace/CSharp/BannerlordModEditor/BannerlordModEditor.Common/Models/DTO/LooknfeelDTO.cs(40,23): warning CS8618: 在退出构造函数时，不可为 null 的 属性 "TilingBorderSize" 必须包含非 null 值。请考虑添加 "required" 修饰符或将该 属性 声明为可为 null。 [/root/WorkSpace/CSharp/BannerlordModEditor/BannerlordModEditor.Common/BannerlordModEditor.Common.csproj]
         /root/WorkSpace/CSharp/BannerlordModEditor/BannerlordModEditor.Common/Models/DTO/LooknfeelDTO.cs(43,23): warning CS8618: 在退出构造函数时，不可为 null 的 属性 "TileBackgroundAccordingToBorder" 必须包含非 null 值。请考虑添加 "required" 修饰符或将该 属性 声明为可为 null。 [/root/WorkSpace/CSharp/BannerlordModEditor/BannerlordModEditor.Common/BannerlordModEditor.Common.csproj]
         /root/WorkSpace/CSharp/BannerlordModEditor/BannerlordModEditor.Common/Models/DTO/LooknfeelDTO.cs(46,23): warning CS8618: 在退出构造函数时，不可为 null 的 属性 "BackgroundTileSize" 必须包含非 null 值。请考虑添加 "required" 修饰符或将该 属性 声明为可为 null。 [/root/WorkSpace/CSharp/BannerlordModEditor/BannerlordModEditor.Common/BannerlordModEditor.Common.csproj]
         /root/WorkSpace/CSharp/BannerlordModEditor/BannerlordModEditor.Common/Models/DTO/LooknfeelDTO.cs(49,23): warning CS8618: 在退出构造函数时，不可为 null 的 属性 "Focusable" 必须包含非 null 值。请考虑添加 "required" 修饰符或将该 属性 声明为可为 null。 [/root/WorkSpace/CSharp/BannerlordModEditor/BannerlordModEditor.Common/BannerlordModEditor.Common.csproj]
         /root/WorkSpace/CSharp/BannerlordModEditor/BannerlordModEditor.Common/Models/DTO/LooknfeelDTO.cs(52,23): warning CS8618: 在退出构造函数时，不可为 null 的 属性 "Style" 必须包含非 null 值。请考虑添加 "required" 修饰符或将该 属性 声明为可为 null。 [/root/WorkSpace/CSharp/BannerlordModEditor/BannerlordModEditor.Common/BannerlordModEditor.Common.csproj]
         /root/WorkSpace/CSharp/BannerlordModEditor/BannerlordModEditor.Common/Models/DTO/LooknfeelDTO.cs(55,23): warning CS8618: 在退出构造函数时，不可为 null 的 属性 "TrackAreaInset" 必须包含非 null 值。请考虑添加 "required" 修饰符或将该 属性 声明为可为 null。 [/root/WorkSpace/CSharp/BannerlordModEditor/BannerlordModEditor.Common/BannerlordModEditor.Common.csproj]
         /root/WorkSpace/CSharp/BannerlordModEditor/BannerlordModEditor.Common/Models/DTO/LooknfeelDTO.cs(58,23): warning CS8618: 在退出构造函数时，不可为 null 的 属性 "Text" 必须包含非 null 值。请考虑添加 "required" 修饰符或将该 属性 声明为可为 null。 [/root/WorkSpace/CSharp/BannerlordModEditor/BannerlordModEditor.Common/BannerlordModEditor.Common.csproj]
         /root/WorkSpace/CSharp/BannerlordModEditor/BannerlordModEditor.Common/Models/DTO/LooknfeelDTO.cs(61,23): warning CS8618: 在退出构造函数时，不可为 null 的 属性 "InitialState" 必须包含非 null 值。请考虑添加 "required" 修饰符或将该 属性 声明为可为 null。 [/root/WorkSpace/CSharp/BannerlordModEditor/BannerlordModEditor.Common/BannerlordModEditor.Common.csproj]
         /root/WorkSpace/CSharp/BannerlordModEditor/BannerlordModEditor.Common/Models/DTO/LooknfeelDTO.cs(64,23): warning CS8618: 在退出构造函数时，不可为 null 的 属性 "NumOfCols" 必须包含非 null 值。请考虑添加 "required" 修饰符或将该 属性 声明为可为 null。 [/root/WorkSpace/CSharp/BannerlordModEditor/BannerlordModEditor.Common/BannerlordModEditor.Common.csproj]
         /root/WorkSpace/CSharp/BannerlordModEditor/BannerlordModEditor.Common/Models/DTO/LooknfeelDTO.cs(67,23): warning CS8618: 在退出构造函数时，不可为 null 的 属性 "NumOfRows" 必须包含非 null 值。请考虑添加 "required" 修饰符或将该 属性 声明为可为 null。 [/root/WorkSpace/CSharp/BannerlordModEditor/BannerlordModEditor.Common/BannerlordModEditor.Common.csproj]
         /root/WorkSpace/CSharp/BannerlordModEditor/BannerlordModEditor.Common/Models/DTO/LooknfeelDTO.cs(70,23): warning CS8618: 在退出构造函数时，不可为 null 的 属性 "MaxNumOfRows" 必须包含非 null 值。请考虑添加 "required" 修饰符或将该 属性 声明为可为 null。 [/root/WorkSpace/CSharp/BannerlordModEditor/BannerlordModEditor.Common/BannerlordModEditor.Common.csproj]
         /root/WorkSpace/CSharp/BannerlordModEditor/BannerlordModEditor.Common/Models/DTO/LooknfeelDTO.cs(73,23): warning CS8618: 在退出构造函数时，不可为 null 的 属性 "BorderSize" 必须包含非 null 值。请考虑添加 "required" 修饰符或将该 属性 声明为可为 null。 [/root/WorkSpace/CSharp/BannerlordModEditor/BannerlordModEditor.Common/BannerlordModEditor.Common.csproj]
         /root/WorkSpace/CSharp/BannerlordModEditor/BannerlordModEditor.Common/Models/DTO/LooknfeelDTO.cs(76,23): warning CS8618: 在退出构造函数时，不可为 null 的 属性 "ShowScrollBars" 必须包含非 null 值。请考虑添加 "required" 修饰符或将该 属性 声明为可为 null。 [/root/WorkSpace/CSharp/BannerlordModEditor/BannerlordModEditor.Common/BannerlordModEditor.Common.csproj]
         /root/WorkSpace/CSharp/BannerlordModEditor/BannerlordModEditor.Common/Models/DTO/LooknfeelDTO.cs(79,23): warning CS8618: 在退出构造函数时，不可为 null 的 属性 "ScrollAreaInset" 必须包含非 null 值。请考虑添加 "required" 修饰符或将该 属性 声明为可为 null。 [/root/WorkSpace/CSharp/BannerlordModEditor/BannerlordModEditor.Common/BannerlordModEditor.Common.csproj]
         /root/WorkSpace/CSharp/BannerlordModEditor/BannerlordModEditor.Common/Models/DTO/LooknfeelDTO.cs(82,23): warning CS8618: 在退出构造函数时，不可为 null 的 属性 "CellSize" 必须包含非 null 值。请考虑添加 "required" 修饰符或将该 属性 声明为可为 null。 [/root/WorkSpace/CSharp/BannerlordModEditor/BannerlordModEditor.Common/BannerlordModEditor.Common.csproj]
         /root/WorkSpace/CSharp/BannerlordModEditor/BannerlordModEditor.Common/Models/DTO/LooknfeelDTO.cs(85,23): warning CS8618: 在退出构造函数时，不可为 null 的 属性 "LayoutStyle" 必须包含非 null 值。请考虑添加 "required" 修饰符或将该 属性 声明为可为 null。 [/root/WorkSpace/CSharp/BannerlordModEditor/BannerlordModEditor.Common/BannerlordModEditor.Common.csproj]
         /root/WorkSpace/CSharp/BannerlordModEditor/BannerlordModEditor.Common/Models/DTO/LooknfeelDTO.cs(88,23): warning CS8618: 在退出构造函数时，不可为 null 的 属性 "LayoutAlignment" 必须包含非 null 值。请考虑添加 "required" 修饰符或将该 属性 声明为可为 null。 [/root/WorkSpace/CSharp/BannerlordModEditor/BannerlordModEditor.Common/BannerlordModEditor.Common.csproj]
         /root/WorkSpace/CSharp/BannerlordModEditor/BannerlordModEditor.Common/Models/DTO/LooknfeelDTO.cs(91,23): warning CS8618: 在退出构造函数时，不可为 null 的 属性 "AutoShowScrollBars" 必须包含非 null 值。请考虑添加 "required" 修饰符或将该 属性 声明为可为 null。 [/root/WorkSpace/CSharp/BannerlordModEditor/BannerlordModEditor.Common/BannerlordModEditor.Common.csproj]
         /root/WorkSpace/CSharp/BannerlordModEditor/BannerlordModEditor.Common/Models/DTO/LooknfeelDTO.cs(94,23): warning CS8618: 在退出构造函数时，不可为 null 的 属性 "IncrementVec" 必须包含非 null 值。请考虑添加 "required" 修饰符或将该 属性 声明为可为 null。 [/root/WorkSpace/CSharp/BannerlordModEditor/BannerlordModEditor.Common/BannerlordModEditor.Common.csproj]
         /root/WorkSpace/CSharp/BannerlordModEditor/BannerlordModEditor.Common/Models/DTO/LooknfeelDTO.cs(97,23): warning CS8618: 在退出构造函数时，不可为 null 的 属性 "InitialValue" 必须包含非 null 值。请考虑添加 "required" 修饰符或将该 属性 声明为可为 null。 [/root/WorkSpace/CSharp/BannerlordModEditor/BannerlordModEditor.Common/BannerlordModEditor.Common.csproj]
         /root/WorkSpace/CSharp/BannerlordModEditor/BannerlordModEditor.Common/Models/DTO/LooknfeelDTO.cs(100,23): warning CS8618: 在退出构造函数时，不可为 null 的 属性 "MaxAllowedDigit" 必须包含非 null 值。请考虑添加 "required" 修饰符或将该 属性 声明为可为 null。 [/root/WorkSpace/CSharp/BannerlordModEditor/BannerlordModEditor.Common/BannerlordModEditor.Common.csproj]
         /root/WorkSpace/CSharp/BannerlordModEditor/BannerlordModEditor.Common/Models/DTO/LooknfeelDTO.cs(103,23): warning CS8618: 在退出构造函数时，不可为 null 的 属性 "MinAllowedValue" 必须包含非 null 值。请考虑添加 "required" 修饰符或将该 属性 声明为可为 null。 [/root/WorkSpace/CSharp/BannerlordModEditor/BannerlordModEditor.Common/BannerlordModEditor.Common.csproj]
         /root/WorkSpace/CSharp/BannerlordModEditor/BannerlordModEditor.Common/Models/DTO/LooknfeelDTO.cs(106,23): warning CS8618: 在退出构造函数时，不可为 null 的 属性 "MaxAllowedValue" 必须包含非 null 值。请考虑添加 "required" 修饰符或将该 属性 声明为可为 null。 [/root/WorkSpace/CSharp/BannerlordModEditor/BannerlordModEditor.Common/BannerlordModEditor.Common.csproj]
         /root/WorkSpace/CSharp/BannerlordModEditor/BannerlordModEditor.Common/Models/DTO/LooknfeelDTO.cs(109,23): warning CS8618: 在退出构造函数时，不可为 null 的 属性 "StepValue" 必须包含非 null 值。请考虑添加 "required" 修饰符或将该 属性 声明为可为 null。 [/root/WorkSpace/CSharp/BannerlordModEditor/BannerlordModEditor.Common/BannerlordModEditor.Common.csproj]
         /root/WorkSpace/CSharp/BannerlordModEditor/BannerlordModEditor.Common/Models/DTO/LooknfeelDTO.cs(112,23): warning CS8618: 在退出构造函数时，不可为 null 的 属性 "MinValue" 必须包含非 null 值。请考虑添加 "required" 修饰符或将该 属性 声明为可为 null。 [/root/WorkSpace/CSharp/BannerlordModEditor/BannerlordModEditor.Common/BannerlordModEditor.Common.csproj]
         /root/WorkSpace/CSharp/BannerlordModEditor/BannerlordModEditor.Common/Models/DTO/LooknfeelDTO.cs(115,23): warning CS8618: 在退出构造函数时，不可为 null 的 属性 "MaxValue" 必须包含非 null 值。请考虑添加 "required" 修饰符或将该 属性 声明为可为 null。 [/root/WorkSpace/CSharp/BannerlordModEditor/BannerlordModEditor.Common/BannerlordModEditor.Common.csproj]
         /root/WorkSpace/CSharp/BannerlordModEditor/BannerlordModEditor.Common/Models/DTO/LooknfeelDTO.cs(118,23): warning CS8618: 在退出构造函数时，不可为 null 的 属性 "VerticalAlignment" 必须包含非 null 值。请考虑添加 "required" 修饰符或将该 属性 声明为可为 null。 [/root/WorkSpace/CSharp/BannerlordModEditor/BannerlordModEditor.Common/BannerlordModEditor.Common.csproj]
         /root/WorkSpace/CSharp/BannerlordModEditor/BannerlordModEditor.Common/Models/DTO/LooknfeelDTO.cs(121,23): warning CS8618: 在退出构造函数时，不可为 null 的 属性 "HorizontalAlignment" 必须包含非 null 值。请考虑添加 "required" 修饰符或将该 属性 声明为可为 null。 [/root/WorkSpace/CSharp/BannerlordModEditor/BannerlordModEditor.Common/BannerlordModEditor.Common.csproj]
         /root/WorkSpace/CSharp/BannerlordModEditor/BannerlordModEditor.Common/Models/DTO/LooknfeelDTO.cs(131,23): warning CS8618: 在退出构造函数时，不可为 null 的 属性 "TextHighlightColor" 必须包含非 null 值。请考虑添加 "required" 修饰符或将该 属性 声明为可为 null。 [/root/WorkSpace/CSharp/BannerlordModEditor/BannerlordModEditor.Common/BannerlordModEditor.Common.csproj]
         /root/WorkSpace/CSharp/BannerlordModEditor/BannerlordModEditor.Common/Models/DTO/LooknfeelDTO.cs(134,23): warning CS8618: 在退出构造函数时，不可为 null 的 属性 "TextColor" 必须包含非 null 值。请考虑添加 "required" 修饰符或将该 属性 声明为可为 null。 [/root/WorkSpace/CSharp/BannerlordModEditor/BannerlordModEditor.Common/BannerlordModEditor.Common.csproj]
         /root/WorkSpace/CSharp/BannerlordModEditor/BannerlordModEditor.Common/Models/DTO/LooknfeelDTO.cs(137,23): warning CS8618: 在退出构造函数时，不可为 null 的 属性 "FontSize" 必须包含非 null 值。请考虑添加 "required" 修饰符或将该 属性 声明为可为 null。 [/root/WorkSpace/CSharp/BannerlordModEditor/BannerlordModEditor.Common/BannerlordModEditor.Common.csproj]
         /root/WorkSpace/CSharp/BannerlordModEditor/BannerlordModEditor.Common/Models/DTO/LooknfeelDTO.cs(140,23): warning CS8618: 在退出构造函数时，不可为 null 的 属性 "Size" 必须包含非 null 值。请考虑添加 "required" 修饰符或将该 属性 声明为可为 null。 [/root/WorkSpace/CSharp/BannerlordModEditor/BannerlordModEditor.Common/BannerlordModEditor.Common.csproj]
         /root/WorkSpace/CSharp/BannerlordModEditor/BannerlordModEditor.Common/Models/DTO/LooknfeelDTO.cs(143,23): warning CS8618: 在退出构造函数时，不可为 null 的 属性 "Position" 必须包含非 null 值。请考虑添加 "required" 修饰符或将该 属性 声明为可为 null。 [/root/WorkSpace/CSharp/BannerlordModEditor/BannerlordModEditor.Common/BannerlordModEditor.Common.csproj]
         /root/WorkSpace/CSharp/BannerlordModEditor/BannerlordModEditor.Common/Models/DTO/LooknfeelDTO.cs(147,44): warning CS8618: 在退出构造函数时，不可为 null 的 属性 "Meshes" 必须包含非 null 值。请考虑添加 "required" 修饰符或将该 属性 声明为可为 null。 [/root/WorkSpace/CSharp/BannerlordModEditor/BannerlordModEditor.Common/BannerlordModEditor.Common.csproj]
         /root/WorkSpace/CSharp/BannerlordModEditor/BannerlordModEditor.Common/Models/DTO/LooknfeelDTO.cs(150,45): warning CS8618: 在退出构造函数时，不可为 null 的 属性 "SubWidgetsList" 必须包含非 null 值。请考虑添加 "required" 修饰符或将该 属性 声明为可为 null。 [/root/WorkSpace/CSharp/BannerlordModEditor/BannerlordModEditor.Common/BannerlordModEditor.Common.csproj]
         /root/WorkSpace/CSharp/BannerlordModEditor/BannerlordModEditor.Common/Models/DTO/LooknfeelDTO.cs(153,23): warning CS8618: 在退出构造函数时，不可为 null 的 属性 "ButtonMesh" 必须包含非 null 值。请考虑添加 "required" 修饰符或将该 属性 声明为可为 null。 [/root/WorkSpace/CSharp/BannerlordModEditor/BannerlordModEditor.Common/BannerlordModEditor.Common.csproj]
         /root/WorkSpace/CSharp/BannerlordModEditor/BannerlordModEditor.Common/Models/Data/ItemModifiers.cs(145,20): warning CS8603: 可能返回 null 引用。 [/root/WorkSpace/CSharp/BannerlordModEditor/BannerlordModEditor.Common/BannerlordModEditor.Common.csproj]
         /root/WorkSpace/CSharp/BannerlordModEditor/BannerlordModEditor.Common/Models/Data/MultiplayerScenes.cs(25,23): warning CS8618: 在退出构造函数时，不可为 null 的 属性 "Name" 必须包含非 null 值。请考虑添加 "required" 修饰符或将该 属性 声明为可为 null。 [/root/WorkSpace/CSharp/BannerlordModEditor/BannerlordModEditor.Common/BannerlordModEditor.Common.csproj]
         /root/WorkSpace/CSharp/BannerlordModEditor/BannerlordModEditor.Common/Models/Data/ItemModifiers.cs(155,20): warning CS8603: 可能返回 null 引用。 [/root/WorkSpace/CSharp/BannerlordModEditor/BannerlordModEditor.Common/BannerlordModEditor.Common.csproj]
         /root/WorkSpace/CSharp/BannerlordModEditor/BannerlordModEditor.Common/Models/Data/ItemModifiers.cs(17,23): warning CS8618: 在退出构造函数时，不可为 null 的 属性 "ModifierGroup" 必须包含非 null 值。请考虑添加 "required" 修饰符或将该 属性 声明为可为 null。 [/root/WorkSpace/CSharp/BannerlordModEditor/BannerlordModEditor.Common/BannerlordModEditor.Common.csproj]
         /root/WorkSpace/CSharp/BannerlordModEditor/BannerlordModEditor.Common/Models/Data/ItemModifiers.cs(21,23): warning CS8618: 在退出构造函数时，不可为 null 的 属性 "Id" 必须包含非 null 值。请考虑添加 "required" 修饰符或将该 属性 声明为可为 null。 [/root/WorkSpace/CSharp/BannerlordModEditor/BannerlordModEditor.Common/BannerlordModEditor.Common.csproj]
         /root/WorkSpace/CSharp/BannerlordModEditor/BannerlordModEditor.Common/Models/Data/ItemModifiers.cs(25,23): warning CS8618: 在退出构造函数时，不可为 null 的 属性 "Name" 必须包含非 null 值。请考虑添加 "required" 修饰符或将该 属性 声明为可为 null。 [/root/WorkSpace/CSharp/BannerlordModEditor/BannerlordModEditor.Common/BannerlordModEditor.Common.csproj]
         /root/WorkSpace/CSharp/BannerlordModEditor/BannerlordModEditor.Common/Models/Data/ItemModifiers.cs(89,23): warning CS8618: 在退出构造函数时，不可为 null 的 属性 "Quality" 必须包含非 null 值。请考虑添加 "required" 修饰符或将该 属性 声明为可为 null。 [/root/WorkSpace/CSharp/BannerlordModEditor/BannerlordModEditor.Common/BannerlordModEditor.Common.csproj]


       “/root/WorkSpace/CSharp/BannerlordModEditor/BannerlordModEditor.Common.Tests/BannerlordModEditor.Common.Tests.csproj”(VSTest 目标) (1:7) ->
       “/root/WorkSpace/CSharp/BannerlordModEditor/BannerlordModEditor.Common.Tests/BannerlordModEditor.Common.Tests.csproj”(默认目标) (1:8) ->
         /root/WorkSpace/CSharp/BannerlordModEditor/BannerlordModEditor.Common.Tests/BannerIconsMapperTests.cs(26,36): warning CS8600: 将 null 文本或可能的 null 值转换为不可为 null 类型。 [/root/WorkSpace/CSharp/BannerlordModEditor/BannerlordModEditor.Common.Tests/BannerlordModEditor.Common.Tests.csproj]
         /root/WorkSpace/CSharp/BannerlordModEditor/BannerlordModEditor.Common.Tests/BannerIconsMapperTests.cs(29,50): warning CS8604: “BannerIconsDTO BannerIconsMapper.ToDTO(BannerIconsDO source)”中的形参“source”可能传入 null 引用实参。 [/root/WorkSpace/CSharp/BannerlordModEditor/BannerlordModEditor.Common.Tests/BannerlordModEditor.Common.Tests.csproj]
         /root/WorkSpace/CSharp/BannerlordModEditor/BannerlordModEditor.Common.Tests/BannerIconsBoundaryConditionsTests.cs(25,49): warning CS8625: 无法将 null 字面量转换为非 null 的引用类型。 [/root/WorkSpace/CSharp/BannerlordModEditor/BannerlordModEditor.Common.Tests/BannerlordModEditor.Common.Tests.csproj]
         /root/WorkSpace/CSharp/BannerlordModEditor/BannerlordModEditor.Common.Tests/BannerIconsBoundaryConditionsTests.cs(26,48): warning CS8625: 无法将 null 字面量转换为非 null 的引用类型。 [/root/WorkSpace/CSharp/BannerlordModEditor/BannerlordModEditor.Common.Tests/BannerlordModEditor.Common.Tests.csproj]
         /root/WorkSpace/CSharp/BannerlordModEditor/BannerlordModEditor.Common.Tests/BannerIconsBoundaryConditionsTests.cs(27,52): warning CS8625: 无法将 null 字面量转换为非 null 的引用类型。 [/root/WorkSpace/CSharp/BannerlordModEditor/BannerlordModEditor.Common.Tests/BannerlordModEditor.Common.Tests.csproj]
         /root/WorkSpace/CSharp/BannerlordModEditor/BannerlordModEditor.Common.Tests/BannerIconsBoundaryConditionsTests.cs(28,51): warning CS8625: 无法将 null 字面量转换为非 null 的引用类型。 [/root/WorkSpace/CSharp/BannerlordModEditor/BannerlordModEditor.Common.Tests/BannerlordModEditor.Common.Tests.csproj]
         /root/WorkSpace/CSharp/BannerlordModEditor/BannerlordModEditor.Common.Tests/BannerIconsBoundaryConditionsTests.cs(29,53): warning CS8625: 无法将 null 字面量转换为非 null 的引用类型。 [/root/WorkSpace/CSharp/BannerlordModEditor/BannerlordModEditor.Common.Tests/BannerlordModEditor.Common.Tests.csproj]
         /root/WorkSpace/CSharp/BannerlordModEditor/BannerlordModEditor.Common.Tests/BannerIconsBoundaryConditionsTests.cs(30,52): warning CS8625: 无法将 null 字面量转换为非 null 的引用类型。 [/root/WorkSpace/CSharp/BannerlordModEditor/BannerlordModEditor.Common.Tests/BannerlordModEditor.Common.Tests.csproj]
         /root/WorkSpace/CSharp/BannerlordModEditor/BannerlordModEditor.Common.Tests/BannerIconsBoundaryConditionsTests.cs(31,48): warning CS8625: 无法将 null 字面量转换为非 null 的引用类型。 [/root/WorkSpace/CSharp/BannerlordModEditor/BannerlordModEditor.Common.Tests/BannerlordModEditor.Common.Tests.csproj]
         /root/WorkSpace/CSharp/BannerlordModEditor/BannerlordModEditor.Common.Tests/BannerIconsBoundaryConditionsTests.cs(32,47): warning CS8625: 无法将 null 字面量转换为非 null 的引用类型。 [/root/WorkSpace/CSharp/BannerlordModEditor/BannerlordModEditor.Common.Tests/BannerlordModEditor.Common.Tests.csproj]
         /root/WorkSpace/CSharp/BannerlordModEditor/BannerlordModEditor.Common.Tests/BannerIconsBoundaryConditionsTests.cs(33,42): warning CS8625: 无法将 null 字面量转换为非 null 的引用类型。 [/root/WorkSpace/CSharp/BannerlordModEditor/BannerlordModEditor.Common.Tests/BannerlordModEditor.Common.Tests.csproj]
         /root/WorkSpace/CSharp/BannerlordModEditor/BannerlordModEditor.Common.Tests/BannerIconsBoundaryConditionsTests.cs(34,41): warning CS8625: 无法将 null 字面量转换为非 null 的引用类型。 [/root/WorkSpace/CSharp/BannerlordModEditor/BannerlordModEditor.Common.Tests/BannerlordModEditor.Common.Tests.csproj]
         /root/WorkSpace/CSharp/BannerlordModEditor/BannerlordModEditor.Common.Tests/BannerIconsBoundaryConditionsTests.cs(35,50): warning CS8625: 无法将 null 字面量转换为非 null 的引用类型。 [/root/WorkSpace/CSharp/BannerlordModEditor/BannerlordModEditor.Common.Tests/BannerlordModEditor.Common.Tests.csproj]
         /root/WorkSpace/CSharp/BannerlordModEditor/BannerlordModEditor.Common.Tests/BannerIconsBoundaryConditionsTests.cs(36,49): warning CS8625: 无法将 null 字面量转换为非 null 的引用类型。 [/root/WorkSpace/CSharp/BannerlordModEditor/BannerlordModEditor.Common.Tests/BannerlordModEditor.Common.Tests.csproj]
         /root/WorkSpace/CSharp/BannerlordModEditor/BannerlordModEditor.Common.Tests/BannerIconsBoundaryConditionsTests.cs(37,48): warning CS8625: 无法将 null 字面量转换为非 null 的引用类型。 [/root/WorkSpace/CSharp/BannerlordModEditor/BannerlordModEditor.Common.Tests/BannerlordModEditor.Common.Tests.csproj]
         /root/WorkSpace/CSharp/BannerlordModEditor/BannerlordModEditor.Common.Tests/BannerIconsBoundaryConditionsTests.cs(38,47): warning CS8625: 无法将 null 字面量转换为非 null 的引用类型。 [/root/WorkSpace/CSharp/BannerlordModEditor/BannerlordModEditor.Common.Tests/BannerlordModEditor.Common.Tests.csproj]
         /root/WorkSpace/CSharp/BannerlordModEditor/BannerlordModEditor.Common.Tests/BannerIconsIntegrationTests.cs(86,25): warning CS8602: 解引用可能出现空引用。 [/root/WorkSpace/CSharp/BannerlordModEditor/BannerlordModEditor.Common.Tests/BannerlordModEditor.Common.Tests.csproj]
         /root/WorkSpace/CSharp/BannerlordModEditor/BannerlordModEditor.Common.Tests/BannerIconsIntegrationTests.cs(88,25): warning CS8602: 解引用可能出现空引用。 [/root/WorkSpace/CSharp/BannerlordModEditor/BannerlordModEditor.Common.Tests/BannerlordModEditor.Common.Tests.csproj]
         /root/WorkSpace/CSharp/BannerlordModEditor/BannerlordModEditor.Common.Tests/BannerIconsBoundaryConditionsTests.cs(47,36): warning CS8625: 无法将 null 字面量转换为非 null 的引用类型。 [/root/WorkSpace/CSharp/BannerlordModEditor/BannerlordModEditor.Common.Tests/BannerlordModEditor.Common.Tests.csproj]
         /root/WorkSpace/CSharp/BannerlordModEditor/BannerlordModEditor.Common.Tests/BannerIconsIntegrationTests.cs(178,25): warning CS8602: 解引用可能出现空引用。 [/root/WorkSpace/CSharp/BannerlordModEditor/BannerlordModEditor.Common.Tests/BannerlordModEditor.Common.Tests.csproj]
         /root/WorkSpace/CSharp/BannerlordModEditor/BannerlordModEditor.Common.Tests/BannerIconsIntegrationTests.cs(180,25): warning CS8602: 解引用可能出现空引用。 [/root/WorkSpace/CSharp/BannerlordModEditor/BannerlordModEditor.Common.Tests/BannerlordModEditor.Common.Tests.csproj]
         /root/WorkSpace/CSharp/BannerlordModEditor/BannerlordModEditor.Common.Tests/BannerIconsBoundaryConditionsTests.cs(119,27): warning CS8602: 解引用可能出现空引用。 [/root/WorkSpace/CSharp/BannerlordModEditor/BannerlordModEditor.Common.Tests/BannerlordModEditor.Common.Tests.csproj]
         /root/WorkSpace/CSharp/BannerlordModEditor/BannerlordModEditor.Common.Tests/BannerIconsBoundaryConditionsTests.cs(122,26): warning CS8602: 解引用可能出现空引用。 [/root/WorkSpace/CSharp/BannerlordModEditor/BannerlordModEditor.Common.Tests/BannerlordModEditor.Common.Tests.csproj]
         /root/WorkSpace/CSharp/BannerlordModEditor/BannerlordModEditor.Common.Tests/BannerIconsMapperTests.cs(85,37): warning CS8600: 将 null 文本或可能的 null 值转换为不可为 null 类型。 [/root/WorkSpace/CSharp/BannerlordModEditor/BannerlordModEditor.Common.Tests/BannerlordModEditor.Common.Tests.csproj]
         /root/WorkSpace/CSharp/BannerlordModEditor/BannerlordModEditor.Common.Tests/BannerIconsMapperTests.cs(88,49): warning CS8604: “BannerIconsDO BannerIconsMapper.ToDO(BannerIconsDTO source)”中的形参“source”可能传入 null 引用实参。 [/root/WorkSpace/CSharp/BannerlordModEditor/BannerlordModEditor.Common.Tests/BannerlordModEditor.Common.Tests.csproj]
         /root/WorkSpace/CSharp/BannerlordModEditor/BannerlordModEditor.Common.Tests/BannerIconsIntegrationTests.cs(231,17): warning CS0219: 变量“expectedXml”已被赋值，但从未使用过它的值 [/root/WorkSpace/CSharp/BannerlordModEditor/BannerlordModEditor.Common.Tests/BannerlordModEditor.Common.Tests.csproj]
         /root/WorkSpace/CSharp/BannerlordModEditor/BannerlordModEditor.Common.Tests/BannerIconsStandaloneTest.cs(33,26): warning CS8600: 将 null 文本或可能的 null 值转换为不可为 null 类型。 [/root/WorkSpace/CSharp/BannerlordModEditor/BannerlordModEditor.Common.Tests/BannerlordModEditor.Common.Tests.csproj]
         /root/WorkSpace/CSharp/BannerlordModEditor/BannerlordModEditor.Common.Tests/BannerIconsMapperTests.cs(146,39): warning CS8600: 将 null 文本或可能的 null 值转换为不可为 null 类型。 [/root/WorkSpace/CSharp/BannerlordModEditor/BannerlordModEditor.Common.Tests/BannerlordModEditor.Common.Tests.csproj]
         /root/WorkSpace/CSharp/BannerlordModEditor/BannerlordModEditor.Common.Tests/BannerIconsMapperTests.cs(149,53): warning CS8604: “BannerIconDataDTO BannerIconDataMapper.ToDTO(BannerIconDataDO source)”中的形参“source”可能传入 null 引用实参。 [/root/WorkSpace/CSharp/BannerlordModEditor/BannerlordModEditor.Common.Tests/BannerlordModEditor.Common.Tests.csproj]
         /root/WorkSpace/CSharp/BannerlordModEditor/BannerlordModEditor.Common.Tests/BannerIconsStandaloneTest.cs(56,26): warning CS8600: 将 null 文本或可能的 null 值转换为不可为 null 类型。 [/root/WorkSpace/CSharp/BannerlordModEditor/BannerlordModEditor.Common.Tests/BannerlordModEditor.Common.Tests.csproj]
         /root/WorkSpace/CSharp/BannerlordModEditor/BannerlordModEditor.Common.Tests/BannerIconsStandaloneTest.cs(59,35): warning CS8602: 解引用可能出现空引用。 [/root/WorkSpace/CSharp/BannerlordModEditor/BannerlordModEditor.Common.Tests/BannerlordModEditor.Common.Tests.csproj]
         /root/WorkSpace/CSharp/BannerlordModEditor/BannerlordModEditor.Common.Tests/BannerIconsStandaloneTest.cs(59,35): warning CS8602: 解引用可能出现空引用。 [/root/WorkSpace/CSharp/BannerlordModEditor/BannerlordModEditor.Common.Tests/BannerlordModEditor.Common.Tests.csproj]
         /root/WorkSpace/CSharp/BannerlordModEditor/BannerlordModEditor.Common.Tests/BannerIconsBoundaryConditionsTests.cs(172,32): warning CS8602: 解引用可能出现空引用。 [/root/WorkSpace/CSharp/BannerlordModEditor/BannerlordModEditor.Common.Tests/BannerlordModEditor.Common.Tests.csproj]
         /root/WorkSpace/CSharp/BannerlordModEditor/BannerlordModEditor.Common.Tests/BannerIconsBoundaryConditionsTests.cs(173,32): warning CS8602: 解引用可能出现空引用。 [/root/WorkSpace/CSharp/BannerlordModEditor/BannerlordModEditor.Common.Tests/BannerlordModEditor.Common.Tests.csproj]
         /root/WorkSpace/CSharp/BannerlordModEditor/BannerlordModEditor.Common.Tests/CollisionInfosXmlTests.cs(16,37): warning CS8604: “string Path.Combine(string path1, string path2, string path3)”中的形参“path1”可能传入 null 引用实参。 [/root/WorkSpace/CSharp/BannerlordModEditor/BannerlordModEditor.Common.Tests/BannerlordModEditor.Common.Tests.csproj]
         /root/WorkSpace/CSharp/BannerlordModEditor/BannerlordModEditor.Common.Tests/BannerIconsMapperTests.cs(204,36): warning CS8625: 无法将 null 字面量转换为非 null 的引用类型。 [/root/WorkSpace/CSharp/BannerlordModEditor/BannerlordModEditor.Common.Tests/BannerlordModEditor.Common.Tests.csproj]
         /root/WorkSpace/CSharp/BannerlordModEditor/BannerlordModEditor.Common.Tests/BannerIconsMapperTests.cs(226,40): warning CS8600: 将 null 文本或可能的 null 值转换为不可为 null 类型。 [/root/WorkSpace/CSharp/BannerlordModEditor/BannerlordModEditor.Common.Tests/BannerlordModEditor.Common.Tests.csproj]
         /root/WorkSpace/CSharp/BannerlordModEditor/BannerlordModEditor.Common.Tests/BannerIconsMapperTests.cs(229,54): warning CS8604: “BannerIconGroupDTO BannerIconGroupMapper.ToDTO(BannerIconGroupDO source)”中的形参“source”可能传入 null 引用实参。 [/root/WorkSpace/CSharp/BannerlordModEditor/BannerlordModEditor.Common.Tests/BannerlordModEditor.Common.Tests.csproj]
         /root/WorkSpace/CSharp/BannerlordModEditor/BannerlordModEditor.Common.Tests/BannerIconsStandaloneTest.cs(84,26): warning CS8600: 将 null 文本或可能的 null 值转换为不可为 null 类型。 [/root/WorkSpace/CSharp/BannerlordModEditor/BannerlordModEditor.Common.Tests/BannerlordModEditor.Common.Tests.csproj]
         /root/WorkSpace/CSharp/BannerlordModEditor/BannerlordModEditor.Common.Tests/BannerIconsStandaloneTest.cs(87,35): warning CS8602: 解引用可能出现空引用。 [/root/WorkSpace/CSharp/BannerlordModEditor/BannerlordModEditor.Common.Tests/BannerlordModEditor.Common.Tests.csproj]
         /root/WorkSpace/CSharp/BannerlordModEditor/BannerlordModEditor.Common.Tests/BannerIconsStandaloneTest.cs(87,35): warning CS8602: 解引用可能出现空引用。 [/root/WorkSpace/CSharp/BannerlordModEditor/BannerlordModEditor.Common.Tests/BannerlordModEditor.Common.Tests.csproj]
         /root/WorkSpace/CSharp/BannerlordModEditor/BannerlordModEditor.Common.Tests/BannerIconsStandaloneTest.cs(98,33): warning CS8604: “void Assert.NotEmpty(IEnumerable collection)”中的形参“collection”可能传入 null 引用实参。 [/root/WorkSpace/CSharp/BannerlordModEditor/BannerlordModEditor.Common.Tests/BannerlordModEditor.Common.Tests.csproj]
         /root/WorkSpace/CSharp/BannerlordModEditor/BannerlordModEditor.Common.Tests/BannerIconsIntegrationTests.cs(325,17): warning CS8602: 解引用可能出现空引用。 [/root/WorkSpace/CSharp/BannerlordModEditor/BannerlordModEditor.Common.Tests/BannerlordModEditor.Common.Tests.csproj]
         /root/WorkSpace/CSharp/BannerlordModEditor/BannerlordModEditor.Common.Tests/BannerIconsIntegrationTests.cs(330,17): warning CS8602: 解引用可能出现空引用。 [/root/WorkSpace/CSharp/BannerlordModEditor/BannerlordModEditor.Common.Tests/BannerlordModEditor.Common.Tests.csproj]
         /root/WorkSpace/CSharp/BannerlordModEditor/BannerlordModEditor.Common.Tests/BannerIconsStandaloneTest.cs(111,26): warning CS8600: 将 null 文本或可能的 null 值转换为不可为 null 类型。 [/root/WorkSpace/CSharp/BannerlordModEditor/BannerlordModEditor.Common.Tests/BannerlordModEditor.Common.Tests.csproj]
         /root/WorkSpace/CSharp/BannerlordModEditor/BannerlordModEditor.Common.Tests/BannerIconsStandaloneTest.cs(114,31): warning CS8602: 解引用可能出现空引用。 [/root/WorkSpace/CSharp/BannerlordModEditor/BannerlordModEditor.Common.Tests/BannerlordModEditor.Common.Tests.csproj]
         /root/WorkSpace/CSharp/BannerlordModEditor/BannerlordModEditor.Common.Tests/BannerIconsStandaloneTest.cs(114,31): warning CS8602: 解引用可能出现空引用。 [/root/WorkSpace/CSharp/BannerlordModEditor/BannerlordModEditor.Common.Tests/BannerlordModEditor.Common.Tests.csproj]
         /root/WorkSpace/CSharp/BannerlordModEditor/BannerlordModEditor.Common.Tests/BannerIconsStandaloneTest.cs(122,33): warning CS8604: “void Assert.NotEmpty(IEnumerable collection)”中的形参“collection”可能传入 null 引用实参。 [/root/WorkSpace/CSharp/BannerlordModEditor/BannerlordModEditor.Common.Tests/BannerlordModEditor.Common.Tests.csproj]
         /root/WorkSpace/CSharp/BannerlordModEditor/BannerlordModEditor.Common.Tests/BannerIconsBoundaryConditionsTests.cs(226,25): warning CS8602: 解引用可能出现空引用。 [/root/WorkSpace/CSharp/BannerlordModEditor/BannerlordModEditor.Common.Tests/BannerlordModEditor.Common.Tests.csproj]
         /root/WorkSpace/CSharp/BannerlordModEditor/BannerlordModEditor.Common.Tests/BannerIconsBoundaryConditionsTests.cs(229,29): warning CS8602: 解引用可能出现空引用。 [/root/WorkSpace/CSharp/BannerlordModEditor/BannerlordModEditor.Common.Tests/BannerlordModEditor.Common.Tests.csproj]
         /root/WorkSpace/CSharp/BannerlordModEditor/BannerlordModEditor.Common.Tests/BannerIconsStandaloneTest.cs(135,26): warning CS8600: 将 null 文本或可能的 null 值转换为不可为 null 类型。 [/root/WorkSpace/CSharp/BannerlordModEditor/BannerlordModEditor.Common.Tests/BannerlordModEditor.Common.Tests.csproj]
         /root/WorkSpace/CSharp/BannerlordModEditor/BannerlordModEditor.Common.Tests/BannerIconsStandaloneTest.cs(138,17): warning CS8602: 解引用可能出现空引用。 [/root/WorkSpace/CSharp/BannerlordModEditor/BannerlordModEditor.Common.Tests/BannerlordModEditor.Common.Tests.csproj]
         /root/WorkSpace/CSharp/BannerlordModEditor/BannerlordModEditor.Common.Tests/BannerIconsStandaloneTest.cs(138,17): warning CS8602: 解引用可能出现空引用。 [/root/WorkSpace/CSharp/BannerlordModEditor/BannerlordModEditor.Common.Tests/BannerlordModEditor.Common.Tests.csproj]
         /root/WorkSpace/CSharp/BannerlordModEditor/BannerlordModEditor.Common.Tests/BannerIconsStandaloneTest.cs(143,37): warning CS8604: “void Assert.NotEmpty(IEnumerable collection)”中的形参“collection”可能传入 null 引用实参。 [/root/WorkSpace/CSharp/BannerlordModEditor/BannerlordModEditor.Common.Tests/BannerlordModEditor.Common.Tests.csproj]
         /root/WorkSpace/CSharp/BannerlordModEditor/BannerlordModEditor.Common.Tests/BannerIconsMapperTests.cs(296,31): warning CS8625: 无法将 null 字面量转换为非 null 的引用类型。 [/root/WorkSpace/CSharp/BannerlordModEditor/BannerlordModEditor.Common.Tests/BannerlordModEditor.Common.Tests.csproj]
         /root/WorkSpace/CSharp/BannerlordModEditor/BannerlordModEditor.Common.Tests/BannerIconsMapperTests.cs(297,25): warning CS8625: 无法将 null 字面量转换为非 null 的引用类型。 [/root/WorkSpace/CSharp/BannerlordModEditor/BannerlordModEditor.Common.Tests/BannerlordModEditor.Common.Tests.csproj]
         /root/WorkSpace/CSharp/BannerlordModEditor/BannerlordModEditor.Common.Tests/BannerIconsMapperTests.cs(317,35): warning CS8600: 将 null 文本或可能的 null 值转换为不可为 null 类型。 [/root/WorkSpace/CSharp/BannerlordModEditor/BannerlordModEditor.Common.Tests/BannerlordModEditor.Common.Tests.csproj]
         /root/WorkSpace/CSharp/BannerlordModEditor/BannerlordModEditor.Common.Tests/BannerIconsMapperTests.cs(320,49): warning CS8604: “BackgroundDTO BackgroundMapper.ToDTO(BackgroundDO source)”中的形参“source”可能传入 null 引用实参。 [/root/WorkSpace/CSharp/BannerlordModEditor/BannerlordModEditor.Common.Tests/BannerlordModEditor.Common.Tests.csproj]
         /root/WorkSpace/CSharp/BannerlordModEditor/BannerlordModEditor.Common.Tests/BannerIconsPerformanceTests.cs(163,32): warning CS8602: 解引用可能出现空引用。 [/root/WorkSpace/CSharp/BannerlordModEditor/BannerlordModEditor.Common.Tests/BannerlordModEditor.Common.Tests.csproj]
         /root/WorkSpace/CSharp/BannerlordModEditor/BannerlordModEditor.Common.Tests/BannerIconsPerformanceTests.cs(164,32): warning CS8602: 解引用可能出现空引用。 [/root/WorkSpace/CSharp/BannerlordModEditor/BannerlordModEditor.Common.Tests/BannerlordModEditor.Common.Tests.csproj]
         /root/WorkSpace/CSharp/BannerlordModEditor/BannerlordModEditor.Common.Tests/BannerIconsMapperTests.cs(351,36): warning CS8600: 将 null 文本或可能的 null 值转换为不可为 null 类型。 [/root/WorkSpace/CSharp/BannerlordModEditor/BannerlordModEditor.Common.Tests/BannerlordModEditor.Common.Tests.csproj]
         /root/WorkSpace/CSharp/BannerlordModEditor/BannerlordModEditor.Common.Tests/BannerIconsMapperTests.cs(354,48): warning CS8604: “BackgroundDO BackgroundMapper.ToDO(BackgroundDTO source)”中的形参“source”可能传入 null 引用实参。 [/root/WorkSpace/CSharp/BannerlordModEditor/BannerlordModEditor.Common.Tests/BannerlordModEditor.Common.Tests.csproj]
         /root/WorkSpace/CSharp/BannerlordModEditor/BannerlordModEditor.Common.Tests/BannerIconsMapperTests.cs(368,29): warning CS8600: 将 null 文本或可能的 null 值转换为不可为 null 类型。 [/root/WorkSpace/CSharp/BannerlordModEditor/BannerlordModEditor.Common.Tests/BannerlordModEditor.Common.Tests.csproj]
         /root/WorkSpace/CSharp/BannerlordModEditor/BannerlordModEditor.Common.Tests/BannerIconsMapperTests.cs(371,43): warning CS8604: “IconDTO IconMapper.ToDTO(IconDO source)”中的形参“source”可能传入 null 引用实参。 [/root/WorkSpace/CSharp/BannerlordModEditor/BannerlordModEditor.Common.Tests/BannerlordModEditor.Common.Tests.csproj]
         /root/WorkSpace/CSharp/BannerlordModEditor/BannerlordModEditor.Common.Tests/BannerIconsMapperTests.cs(404,30): warning CS8600: 将 null 文本或可能的 null 值转换为不可为 null 类型。 [/root/WorkSpace/CSharp/BannerlordModEditor/BannerlordModEditor.Common.Tests/BannerlordModEditor.Common.Tests.csproj]
         /root/WorkSpace/CSharp/BannerlordModEditor/BannerlordModEditor.Common.Tests/BannerIconsMapperTests.cs(407,42): warning CS8604: “IconDO IconMapper.ToDO(IconDTO source)”中的形参“source”可能传入 null 引用实参。 [/root/WorkSpace/CSharp/BannerlordModEditor/BannerlordModEditor.Common.Tests/BannerlordModEditor.Common.Tests.csproj]
         /root/WorkSpace/CSharp/BannerlordModEditor/BannerlordModEditor.Common.Tests/BannerIconsMapperTests.cs(421,37): warning CS8600: 将 null 文本或可能的 null 值转换为不可为 null 类型。 [/root/WorkSpace/CSharp/BannerlordModEditor/BannerlordModEditor.Common.Tests/BannerlordModEditor.Common.Tests.csproj]
         /root/WorkSpace/CSharp/BannerlordModEditor/BannerlordModEditor.Common.Tests/BannerIconsMapperTests.cs(424,51): warning CS8604: “BannerColorsDTO BannerColorsMapper.ToDTO(BannerColorsDO source)”中的形参“source”可能传入 null 引用实参。 [/root/WorkSpace/CSharp/BannerlordModEditor/BannerlordModEditor.Common.Tests/BannerlordModEditor.Common.Tests.csproj]
         /root/WorkSpace/CSharp/BannerlordModEditor/BannerlordModEditor.Common.Tests/BannerIconsMapperTests.cs(454,26): warning CS8625: 无法将 null 字面量转换为非 null 的引用类型。 [/root/WorkSpace/CSharp/BannerlordModEditor/BannerlordModEditor.Common.Tests/BannerlordModEditor.Common.Tests.csproj]
         /root/WorkSpace/CSharp/BannerlordModEditor/BannerlordModEditor.Common.Tests/BannerIconsMapperTests.cs(475,35): warning CS8600: 将 null 文本或可能的 null 值转换为不可为 null 类型。 [/root/WorkSpace/CSharp/BannerlordModEditor/BannerlordModEditor.Common.Tests/BannerlordModEditor.Common.Tests.csproj]
         /root/WorkSpace/CSharp/BannerlordModEditor/BannerlordModEditor.Common.Tests/BannerIconsMapperTests.cs(478,49): warning CS8604: “ColorEntryDTO ColorEntryMapper.ToDTO(ColorEntryDO source)”中的形参“source”可能传入 null 引用实参。 [/root/WorkSpace/CSharp/BannerlordModEditor/BannerlordModEditor.Common.Tests/BannerlordModEditor.Common.Tests.csproj]
         /root/WorkSpace/CSharp/BannerlordModEditor/BannerlordModEditor.Common.Tests/BannerIconsPerformanceTests.cs(239,38): warning CS8602: 解引用可能出现空引用。 [/root/WorkSpace/CSharp/BannerlordModEditor/BannerlordModEditor.Common.Tests/BannerlordModEditor.Common.Tests.csproj]
         /root/WorkSpace/CSharp/BannerlordModEditor/BannerlordModEditor.Common.Tests/BannerIconsPerformanceTests.cs(240,37): warning CS8602: 解引用可能出现空引用。 [/root/WorkSpace/CSharp/BannerlordModEditor/BannerlordModEditor.Common.Tests/BannerlordModEditor.Common.Tests.csproj]
         /root/WorkSpace/CSharp/BannerlordModEditor/BannerlordModEditor.Common.Tests/CreditsDebugTest.cs(27,31): warning CS8602: 解引用可能出现空引用。 [/root/WorkSpace/CSharp/BannerlordModEditor/BannerlordModEditor.Common.Tests/BannerlordModEditor.Common.Tests.csproj]
         /root/WorkSpace/CSharp/BannerlordModEditor/BannerlordModEditor.Common.Tests/CreditsDebugTest.cs(28,31): warning CS8602: 解引用可能出现空引用。 [/root/WorkSpace/CSharp/BannerlordModEditor/BannerlordModEditor.Common.Tests/BannerlordModEditor.Common.Tests.csproj]
         /root/WorkSpace/CSharp/BannerlordModEditor/BannerlordModEditor.Common.Tests/BannerIconsMapperTests.cs(511,36): warning CS8600: 将 null 文本或可能的 null 值转换为不可为 null 类型。 [/root/WorkSpace/CSharp/BannerlordModEditor/BannerlordModEditor.Common.Tests/BannerlordModEditor.Common.Tests.csproj]
         /root/WorkSpace/CSharp/BannerlordModEditor/BannerlordModEditor.Common.Tests/BannerIconsMapperTests.cs(514,48): warning CS8604: “ColorEntryDO ColorEntryMapper.ToDO(ColorEntryDTO source)”中的形参“source”可能传入 null 引用实参。 [/root/WorkSpace/CSharp/BannerlordModEditor/BannerlordModEditor.Common.Tests/BannerlordModEditor.Common.Tests.csproj]
         /root/WorkSpace/CSharp/BannerlordModEditor/BannerlordModEditor.Common.Tests/BannerIconsMapperTests.cs(537,26): warning CS8602: 解引用可能出现空引用。 [/root/WorkSpace/CSharp/BannerlordModEditor/BannerlordModEditor.Common.Tests/BannerlordModEditor.Common.Tests.csproj]
         /root/WorkSpace/CSharp/BannerlordModEditor/BannerlordModEditor.Common.Tests/BannerIconsMapperTests.cs(537,74): warning CS8602: 解引用可能出现空引用。 [/root/WorkSpace/CSharp/BannerlordModEditor/BannerlordModEditor.Common.Tests/BannerlordModEditor.Common.Tests.csproj]
         /root/WorkSpace/CSharp/BannerlordModEditor/BannerlordModEditor.Common.Tests/BannerIconsMapperTests.cs(538,26): warning CS8602: 解引用可能出现空引用。 [/root/WorkSpace/CSharp/BannerlordModEditor/BannerlordModEditor.Common.Tests/BannerlordModEditor.Common.Tests.csproj]
         /root/WorkSpace/CSharp/BannerlordModEditor/BannerlordModEditor.Common.Tests/BannerIconsMapperTests.cs(538,77): warning CS8602: 解引用可能出现空引用。 [/root/WorkSpace/CSharp/BannerlordModEditor/BannerlordModEditor.Common.Tests/BannerlordModEditor.Common.Tests.csproj]
         /root/WorkSpace/CSharp/BannerlordModEditor/BannerlordModEditor.Common.Tests/BannerIconsMapperTests.cs(576,25): warning CS8602: 解引用可能出现空引用。 [/root/WorkSpace/CSharp/BannerlordModEditor/BannerlordModEditor.Common.Tests/BannerlordModEditor.Common.Tests.csproj]
         /root/WorkSpace/CSharp/BannerlordModEditor/BannerlordModEditor.Common.Tests/BannerIconsMapperTests.cs(578,25): warning CS8602: 解引用可能出现空引用。 [/root/WorkSpace/CSharp/BannerlordModEditor/BannerlordModEditor.Common.Tests/BannerlordModEditor.Common.Tests.csproj]
         /root/WorkSpace/CSharp/BannerlordModEditor/BannerlordModEditor.Common.Tests/Debug/DebugCollisionInfosTest.cs(18,37): warning CS8604: “string Path.Combine(string path1, string path2, string path3)”中的形参“path1”可能传入 null 引用实参。 [/root/WorkSpace/CSharp/BannerlordModEditor/BannerlordModEditor.Common.Tests/BannerlordModEditor.Common.Tests.csproj]
         /root/WorkSpace/CSharp/BannerlordModEditor/BannerlordModEditor.Common.Tests/BannerIconsBoundaryConditionsTests.cs(487,31): warning CS8602: 解引用可能出现空引用。 [/root/WorkSpace/CSharp/BannerlordModEditor/BannerlordModEditor.Common.Tests/BannerlordModEditor.Common.Tests.csproj]
         /root/WorkSpace/CSharp/BannerlordModEditor/BannerlordModEditor.Common.Tests/DataTests.cs(34,26): warning CS8600: 将 null 文本或可能的 null 值转换为不可为 null 类型。 [/root/WorkSpace/CSharp/BannerlordModEditor/BannerlordModEditor.Common.Tests/BannerlordModEditor.Common.Tests.csproj]
         /root/WorkSpace/CSharp/BannerlordModEditor/BannerlordModEditor.Common.Tests/Debug/DebugCollisionInfosFullTest.cs(18,37): warning CS8604: “string Path.Combine(string path1, string path2, string path3)”中的形参“path1”可能传入 null 引用实参。 [/root/WorkSpace/CSharp/BannerlordModEditor/BannerlordModEditor.Common.Tests/BannerlordModEditor.Common.Tests.csproj]
         /root/WorkSpace/CSharp/BannerlordModEditor/BannerlordModEditor.Common.Tests/AudioAndDataTests.cs(251,35): warning CS8602: 解引用可能出现空引用。 [/root/WorkSpace/CSharp/BannerlordModEditor/BannerlordModEditor.Common.Tests/BannerlordModEditor.Common.Tests.csproj]
         /root/WorkSpace/CSharp/BannerlordModEditor/BannerlordModEditor.Common.Tests/AudioAndDataTests.cs(258,29): warning CS8602: 解引用可能出现空引用。 [/root/WorkSpace/CSharp/BannerlordModEditor/BannerlordModEditor.Common.Tests/BannerlordModEditor.Common.Tests.csproj]
         /root/WorkSpace/CSharp/BannerlordModEditor/BannerlordModEditor.Common.Tests/AudioAndDataTests.cs(260,29): warning CS8602: 解引用可能出现空引用。 [/root/WorkSpace/CSharp/BannerlordModEditor/BannerlordModEditor.Common.Tests/BannerlordModEditor.Common.Tests.csproj]
         /root/WorkSpace/CSharp/BannerlordModEditor/BannerlordModEditor.Common.Tests/CreditsXmlDebugTest.cs(21,30): warning CS8602: 解引用可能出现空引用。 [/root/WorkSpace/CSharp/BannerlordModEditor/BannerlordModEditor.Common.Tests/BannerlordModEditor.Common.Tests.csproj]
         /root/WorkSpace/CSharp/BannerlordModEditor/BannerlordModEditor.Common.Tests/CreditsXmlDebugTest.cs(61,31): warning CS8602: 解引用可能出现空引用。 [/root/WorkSpace/CSharp/BannerlordModEditor/BannerlordModEditor.Common.Tests/BannerlordModEditor.Common.Tests.csproj]
         /root/WorkSpace/CSharp/BannerlordModEditor/BannerlordModEditor.Common.Tests/CreditsDebugTest.cs(111,31): warning CS8602: 解引用可能出现空引用。 [/root/WorkSpace/CSharp/BannerlordModEditor/BannerlordModEditor.Common.Tests/BannerlordModEditor.Common.Tests.csproj]
         /root/WorkSpace/CSharp/BannerlordModEditor/BannerlordModEditor.Common.Tests/Debug/DebugCollisionInfosSimpleTest.cs(18,37): warning CS8604: “string Path.Combine(string path1, string path2, string path3)”中的形参“path1”可能传入 null 引用实参。 [/root/WorkSpace/CSharp/BannerlordModEditor/BannerlordModEditor.Common.Tests/BannerlordModEditor.Common.Tests.csproj]
         /root/WorkSpace/CSharp/BannerlordModEditor/BannerlordModEditor.Common.Tests/CreditsDebugTest.cs(164,46): warning CS8602: 解引用可能出现空引用。 [/root/WorkSpace/CSharp/BannerlordModEditor/BannerlordModEditor.Common.Tests/BannerlordModEditor.Common.Tests.csproj]
         /root/WorkSpace/CSharp/BannerlordModEditor/BannerlordModEditor.Common.Tests/CreditsDebugTest.cs(167,47): warning CS8602: 解引用可能出现空引用。 [/root/WorkSpace/CSharp/BannerlordModEditor/BannerlordModEditor.Common.Tests/BannerlordModEditor.Common.Tests.csproj]
         /root/WorkSpace/CSharp/BannerlordModEditor/BannerlordModEditor.Common.Tests/DataTests.cs(51,26): warning CS8600: 将 null 文本或可能的 null 值转换为不可为 null 类型。 [/root/WorkSpace/CSharp/BannerlordModEditor/BannerlordModEditor.Common.Tests/BannerlordModEditor.Common.Tests.csproj]
         /root/WorkSpace/CSharp/BannerlordModEditor/BannerlordModEditor.Common.Tests/DataTests.cs(54,35): warning CS8602: 解引用可能出现空引用。 [/root/WorkSpace/CSharp/BannerlordModEditor/BannerlordModEditor.Common.Tests/BannerlordModEditor.Common.Tests.csproj]
         /root/WorkSpace/CSharp/BannerlordModEditor/BannerlordModEditor.Common.Tests/DataTests.cs(60,33): warning CS8602: 解引用可能出现空引用。 [/root/WorkSpace/CSharp/BannerlordModEditor/BannerlordModEditor.Common.Tests/BannerlordModEditor.Common.Tests.csproj]
         /root/WorkSpace/CSharp/BannerlordModEditor/BannerlordModEditor.Common.Tests/DebugMultiplayerScenes.cs(45,31): warning CS8602: 解引用可能出现空引用。 [/root/WorkSpace/CSharp/BannerlordModEditor/BannerlordModEditor.Common.Tests/BannerlordModEditor.Common.Tests.csproj]
         /root/WorkSpace/CSharp/BannerlordModEditor/BannerlordModEditor.Common.Tests/DebugMultiplayerScenes.cs(46,31): warning CS8602: 解引用可能出现空引用。 [/root/WorkSpace/CSharp/BannerlordModEditor/BannerlordModEditor.Common.Tests/BannerlordModEditor.Common.Tests.csproj]
         /root/WorkSpace/CSharp/BannerlordModEditor/BannerlordModEditor.Common.Tests/DebugAttributesComparison.cs(45,43): warning CS8602: 解引用可能出现空引用。 [/root/WorkSpace/CSharp/BannerlordModEditor/BannerlordModEditor.Common.Tests/BannerlordModEditor.Common.Tests.csproj]
         /root/WorkSpace/CSharp/BannerlordModEditor/BannerlordModEditor.Common.Tests/DebugAttributesComparison.cs(46,44): warning CS8602: 解引用可能出现空引用。 [/root/WorkSpace/CSharp/BannerlordModEditor/BannerlordModEditor.Common.Tests/BannerlordModEditor.Common.Tests.csproj]
         /root/WorkSpace/CSharp/BannerlordModEditor/BannerlordModEditor.Common.Tests/DebugXmlFormatComparison.cs(31,41): warning CS8602: 解引用可能出现空引用。 [/root/WorkSpace/CSharp/BannerlordModEditor/BannerlordModEditor.Common.Tests/BannerlordModEditor.Common.Tests.csproj]
         /root/WorkSpace/CSharp/BannerlordModEditor/BannerlordModEditor.Common.Tests/DebugXmlFormatComparison.cs(32,41): warning CS8602: 解引用可能出现空引用。 [/root/WorkSpace/CSharp/BannerlordModEditor/BannerlordModEditor.Common.Tests/BannerlordModEditor.Common.Tests.csproj]
         /root/WorkSpace/CSharp/BannerlordModEditor/BannerlordModEditor.Common.Tests/DataTests.cs(76,26): warning CS8600: 将 null 文本或可能的 null 值转换为不可为 null 类型。 [/root/WorkSpace/CSharp/BannerlordModEditor/BannerlordModEditor.Common.Tests/BannerlordModEditor.Common.Tests.csproj]
         /root/WorkSpace/CSharp/BannerlordModEditor/BannerlordModEditor.Common.Tests/DataTests.cs(79,37): warning CS8602: 解引用可能出现空引用。 [/root/WorkSpace/CSharp/BannerlordModEditor/BannerlordModEditor.Common.Tests/BannerlordModEditor.Common.Tests.csproj]
         /root/WorkSpace/CSharp/BannerlordModEditor/BannerlordModEditor.Common.Tests/DataTests.cs(85,33): warning CS8602: 解引用可能出现空引用。 [/root/WorkSpace/CSharp/BannerlordModEditor/BannerlordModEditor.Common.Tests/BannerlordModEditor.Common.Tests.csproj]
         /root/WorkSpace/CSharp/BannerlordModEditor/BannerlordModEditor.Common.Tests/DataTests.cs(108,26): warning CS8600: 将 null 文本或可能的 null 值转换为不可为 null 类型。 [/root/WorkSpace/CSharp/BannerlordModEditor/BannerlordModEditor.Common.Tests/BannerlordModEditor.Common.Tests.csproj]
         /root/WorkSpace/CSharp/BannerlordModEditor/BannerlordModEditor.Common.Tests/DataTests.cs(111,31): warning CS8602: 解引用可能出现空引用。 [/root/WorkSpace/CSharp/BannerlordModEditor/BannerlordModEditor.Common.Tests/BannerlordModEditor.Common.Tests.csproj]
         /root/WorkSpace/CSharp/BannerlordModEditor/BannerlordModEditor.Common.Tests/DataTests.cs(114,29): warning CS8602: 解引用可能出现空引用。 [/root/WorkSpace/CSharp/BannerlordModEditor/BannerlordModEditor.Common.Tests/BannerlordModEditor.Common.Tests.csproj]
         /root/WorkSpace/CSharp/BannerlordModEditor/BannerlordModEditor.Common.Tests/DataTests.cs(132,26): warning CS8600: 将 null 文本或可能的 null 值转换为不可为 null 类型。 [/root/WorkSpace/CSharp/BannerlordModEditor/BannerlordModEditor.Common.Tests/BannerlordModEditor.Common.Tests.csproj]
         /root/WorkSpace/CSharp/BannerlordModEditor/BannerlordModEditor.Common.Tests/DataTests.cs(135,35): warning CS8602: 解引用可能出现空引用。 [/root/WorkSpace/CSharp/BannerlordModEditor/BannerlordModEditor.Common.Tests/BannerlordModEditor.Common.Tests.csproj]
         /root/WorkSpace/CSharp/BannerlordModEditor/BannerlordModEditor.Common.Tests/DataTests.cs(140,33): warning CS8604: “void Assert.NotEmpty(IEnumerable collection)”中的形参“collection”可能传入 null 引用实参。 [/root/WorkSpace/CSharp/BannerlordModEditor/BannerlordModEditor.Common.Tests/BannerlordModEditor.Common.Tests.csproj]
         /root/WorkSpace/CSharp/BannerlordModEditor/BannerlordModEditor.Common.Tests/DataTests.cs(154,26): warning CS8600: 将 null 文本或可能的 null 值转换为不可为 null 类型。 [/root/WorkSpace/CSharp/BannerlordModEditor/BannerlordModEditor.Common.Tests/BannerlordModEditor.Common.Tests.csproj]
         /root/WorkSpace/CSharp/BannerlordModEditor/BannerlordModEditor.Common.Tests/DataTests.cs(173,26): warning CS8600: 将 null 文本或可能的 null 值转换为不可为 null 类型。 [/root/WorkSpace/CSharp/BannerlordModEditor/BannerlordModEditor.Common.Tests/BannerlordModEditor.Common.Tests.csproj]
         /root/WorkSpace/CSharp/BannerlordModEditor/BannerlordModEditor.Common.Tests/DataTests.cs(176,34): warning CS8602: 解引用可能出现空引用。 [/root/WorkSpace/CSharp/BannerlordModEditor/BannerlordModEditor.Common.Tests/BannerlordModEditor.Common.Tests.csproj]
         /root/WorkSpace/CSharp/BannerlordModEditor/BannerlordModEditor.Common.Tests/CreditsDebugTest.cs(264,30): warning CS8602: 解引用可能出现空引用。 [/root/WorkSpace/CSharp/BannerlordModEditor/BannerlordModEditor.Common.Tests/BannerlordModEditor.Common.Tests.csproj]
         /root/WorkSpace/CSharp/BannerlordModEditor/BannerlordModEditor.Common.Tests/DataTests.cs(193,26): warning CS8600: 将 null 文本或可能的 null 值转换为不可为 null 类型。 [/root/WorkSpace/CSharp/BannerlordModEditor/BannerlordModEditor.Common.Tests/BannerlordModEditor.Common.Tests.csproj]
         /root/WorkSpace/CSharp/BannerlordModEditor/BannerlordModEditor.Common.Tests/DataTests.cs(196,33): warning CS8602: 解引用可能出现空引用。 [/root/WorkSpace/CSharp/BannerlordModEditor/BannerlordModEditor.Common.Tests/BannerlordModEditor.Common.Tests.csproj]
         /root/WorkSpace/CSharp/BannerlordModEditor/BannerlordModEditor.Common.Tests/DataTests.cs(217,26): warning CS8600: 将 null 文本或可能的 null 值转换为不可为 null 类型。 [/root/WorkSpace/CSharp/BannerlordModEditor/BannerlordModEditor.Common.Tests/BannerlordModEditor.Common.Tests.csproj]
         /root/WorkSpace/CSharp/BannerlordModEditor/BannerlordModEditor.Common.Tests/DataTests.cs(220,31): warning CS8602: 解引用可能出现空引用。 [/root/WorkSpace/CSharp/BannerlordModEditor/BannerlordModEditor.Common.Tests/BannerlordModEditor.Common.Tests.csproj]
         /root/WorkSpace/CSharp/BannerlordModEditor/BannerlordModEditor.Common.Tests/DataTests.cs(236,26): warning CS8600: 将 null 文本或可能的 null 值转换为不可为 null 类型。 [/root/WorkSpace/CSharp/BannerlordModEditor/BannerlordModEditor.Common.Tests/BannerlordModEditor.Common.Tests.csproj]
         /root/WorkSpace/CSharp/BannerlordModEditor/BannerlordModEditor.Common.Tests/DataTests.cs(239,34): warning CS8602: 解引用可能出现空引用。 [/root/WorkSpace/CSharp/BannerlordModEditor/BannerlordModEditor.Common.Tests/BannerlordModEditor.Common.Tests.csproj]
         /root/WorkSpace/CSharp/BannerlordModEditor/BannerlordModEditor.Common.Tests/DataTests.cs(262,26): warning CS8600: 将 null 文本或可能的 null 值转换为不可为 null 类型。 [/root/WorkSpace/CSharp/BannerlordModEditor/BannerlordModEditor.Common.Tests/BannerlordModEditor.Common.Tests.csproj]
         /root/WorkSpace/CSharp/BannerlordModEditor/BannerlordModEditor.Common.Tests/FloraKindsDirectTest.cs(24,47): warning CS8602: 解引用可能出现空引用。 [/root/WorkSpace/CSharp/BannerlordModEditor/BannerlordModEditor.Common.Tests/BannerlordModEditor.Common.Tests.csproj]
         /root/WorkSpace/CSharp/BannerlordModEditor/BannerlordModEditor.Common.Tests/FloraKindsDirectTest.cs(29,44): warning CS8602: 解引用可能出现空引用。 [/root/WorkSpace/CSharp/BannerlordModEditor/BannerlordModEditor.Common.Tests/BannerlordModEditor.Common.Tests.csproj]
         /root/WorkSpace/CSharp/BannerlordModEditor/BannerlordModEditor.Common.Tests/FloraKindsDirectTest.cs(71,32): warning CS8602: 解引用可能出现空引用。 [/root/WorkSpace/CSharp/BannerlordModEditor/BannerlordModEditor.Common.Tests/BannerlordModEditor.Common.Tests.csproj]
         /root/WorkSpace/CSharp/BannerlordModEditor/BannerlordModEditor.Common.Tests/FloraKindsDirectTest.cs(72,32): warning CS8602: 解引用可能出现空引用。 [/root/WorkSpace/CSharp/BannerlordModEditor/BannerlordModEditor.Common.Tests/BannerlordModEditor.Common.Tests.csproj]
         /root/WorkSpace/CSharp/BannerlordModEditor/BannerlordModEditor.Common.Tests/DataTests.cs(281,26): warning CS8600: 将 null 文本或可能的 null 值转换为不可为 null 类型。 [/root/WorkSpace/CSharp/BannerlordModEditor/BannerlordModEditor.Common.Tests/BannerlordModEditor.Common.Tests.csproj]
         /root/WorkSpace/CSharp/BannerlordModEditor/BannerlordModEditor.Common.Tests/DataTests.cs(284,36): warning CS8602: 解引用可能出现空引用。 [/root/WorkSpace/CSharp/BannerlordModEditor/BannerlordModEditor.Common.Tests/BannerlordModEditor.Common.Tests.csproj]
         /root/WorkSpace/CSharp/BannerlordModEditor/BannerlordModEditor.Common.Tests/DataTests.cs(301,26): warning CS8600: 将 null 文本或可能的 null 值转换为不可为 null 类型。 [/root/WorkSpace/CSharp/BannerlordModEditor/BannerlordModEditor.Common.Tests/BannerlordModEditor.Common.Tests.csproj]
         /root/WorkSpace/CSharp/BannerlordModEditor/BannerlordModEditor.Common.Tests/DataTests.cs(304,36): warning CS8602: 解引用可能出现空引用。 [/root/WorkSpace/CSharp/BannerlordModEditor/BannerlordModEditor.Common.Tests/BannerlordModEditor.Common.Tests.csproj]
         /root/WorkSpace/CSharp/BannerlordModEditor/BannerlordModEditor.Common.Tests/XmlTestUtils.cs(224,48): warning CS8604: “XElement? Enumerable.ElementAtOrDefault<XElement>(IEnumerable<XElement> source, int index)”中的形参“source”可能传入 null 引用实参。 [/root/WorkSpace/CSharp/BannerlordModEditor/BannerlordModEditor.Common.Tests/BannerlordModEditor.Common.Tests.csproj]
         /root/WorkSpace/CSharp/BannerlordModEditor/BannerlordModEditor.Common.Tests/XmlTestUtils.cs(407,88): warning CS8602: 解引用可能出现空引用。 [/root/WorkSpace/CSharp/BannerlordModEditor/BannerlordModEditor.Common.Tests/BannerlordModEditor.Common.Tests.csproj]
         /root/WorkSpace/CSharp/BannerlordModEditor/BannerlordModEditor.Common.Tests/HybridXml/HybridXmlArchitectureIntegrationTests.cs(50,29): warning CS8604: “void Assert.NotEmpty(IEnumerable collection)”中的形参“collection”可能传入 null 引用实参。 [/root/WorkSpace/CSharp/BannerlordModEditor/BannerlordModEditor.Common.Tests/BannerlordModEditor.Common.Tests.csproj]
         /root/WorkSpace/CSharp/BannerlordModEditor/BannerlordModEditor.Common.Tests/DataTests.cs(328,26): warning CS8600: 将 null 文本或可能的 null 值转换为不可为 null 类型。 [/root/WorkSpace/CSharp/BannerlordModEditor/BannerlordModEditor.Common.Tests/BannerlordModEditor.Common.Tests.csproj]
         /root/WorkSpace/CSharp/BannerlordModEditor/BannerlordModEditor.Common.Tests/DataTests.cs(331,30): warning CS8602: 解引用可能出现空引用。 [/root/WorkSpace/CSharp/BannerlordModEditor/BannerlordModEditor.Common.Tests/BannerlordModEditor.Common.Tests.csproj]
         /root/WorkSpace/CSharp/BannerlordModEditor/BannerlordModEditor.Common.Tests/HardCodedSoundsXmlTests.cs(116,33): warning CS8602: 解引用可能出现空引用。 [/root/WorkSpace/CSharp/BannerlordModEditor/BannerlordModEditor.Common.Tests/BannerlordModEditor.Common.Tests.csproj]
         /root/WorkSpace/CSharp/BannerlordModEditor/BannerlordModEditor.Common.Tests/FloraKindsDebugTest.cs(37,43): warning CS8602: 解引用可能出现空引用。 [/root/WorkSpace/CSharp/BannerlordModEditor/BannerlordModEditor.Common.Tests/BannerlordModEditor.Common.Tests.csproj]
         /root/WorkSpace/CSharp/BannerlordModEditor/BannerlordModEditor.Common.Tests/FloraKindsDebugTest.cs(38,44): warning CS8602: 解引用可能出现空引用。 [/root/WorkSpace/CSharp/BannerlordModEditor/BannerlordModEditor.Common.Tests/BannerlordModEditor.Common.Tests.csproj]
         /root/WorkSpace/CSharp/BannerlordModEditor/BannerlordModEditor.Common.Tests/XmlTestUtils.cs(613,30): warning CS8602: 解引用可能出现空引用。 [/root/WorkSpace/CSharp/BannerlordModEditor/BannerlordModEditor.Common.Tests/BannerlordModEditor.Common.Tests.csproj]
         /root/WorkSpace/CSharp/BannerlordModEditor/BannerlordModEditor.Common.Tests/XmlTestUtils.cs(641,45): warning CS8602: 解引用可能出现空引用。 [/root/WorkSpace/CSharp/BannerlordModEditor/BannerlordModEditor.Common.Tests/BannerlordModEditor.Common.Tests.csproj]
         /root/WorkSpace/CSharp/BannerlordModEditor/BannerlordModEditor.Common.Tests/XmlTestUtils.cs(664,49): warning CS8602: 解引用可能出现空引用。 [/root/WorkSpace/CSharp/BannerlordModEditor/BannerlordModEditor.Common.Tests/BannerlordModEditor.Common.Tests.csproj]
         /root/WorkSpace/CSharp/BannerlordModEditor/BannerlordModEditor.Common.Tests/XmlTestUtils.cs(551,30): warning CS0219: 变量“hasNamespaceDeclarations”已被赋值，但从未使用过它的值 [/root/WorkSpace/CSharp/BannerlordModEditor/BannerlordModEditor.Common.Tests/BannerlordModEditor.Common.Tests.csproj]
         /root/WorkSpace/CSharp/BannerlordModEditor/BannerlordModEditor.Common.Tests/HardCodedSoundsXmlTests.cs(149,28): warning CS8604: “IEnumerable<string?> Enumerable.Select<HardCodedSound, string?>(IEnumerable<HardCodedSound> source, Func<HardCodedSound, string?> selector)”中的形参“source”可能传入 null 引用实参。 [/root/WorkSpace/CSharp/BannerlordModEditor/BannerlordModEditor.Common.Tests/BannerlordModEditor.Common.Tests.csproj]
         /root/WorkSpace/CSharp/BannerlordModEditor/BannerlordModEditor.Common.Tests/DataTests.cs(359,26): warning CS8600: 将 null 文本或可能的 null 值转换为不可为 null 类型。 [/root/WorkSpace/CSharp/BannerlordModEditor/BannerlordModEditor.Common.Tests/BannerlordModEditor.Common.Tests.csproj]
         /root/WorkSpace/CSharp/BannerlordModEditor/BannerlordModEditor.Common.Tests/DataTests.cs(363,34): warning CS8602: 解引用可能出现空引用。 [/root/WorkSpace/CSharp/BannerlordModEditor/BannerlordModEditor.Common.Tests/BannerlordModEditor.Common.Tests.csproj]
         /root/WorkSpace/CSharp/BannerlordModEditor/BannerlordModEditor.Common.Tests/DataTests.cs(389,26): warning CS8600: 将 null 文本或可能的 null 值转换为不可为 null 类型。 [/root/WorkSpace/CSharp/BannerlordModEditor/BannerlordModEditor.Common.Tests/BannerlordModEditor.Common.Tests.csproj]
         /root/WorkSpace/CSharp/BannerlordModEditor/BannerlordModEditor.Common.Tests/HybridXml/HybridXmlArchitectureIntegrationTests.cs(188,43): warning CS8602: 解引用可能出现空引用。 [/root/WorkSpace/CSharp/BannerlordModEditor/BannerlordModEditor.Common.Tests/BannerlordModEditor.Common.Tests.csproj]
         /root/WorkSpace/CSharp/BannerlordModEditor/BannerlordModEditor.Common.Tests/DataTests.cs(413,26): warning CS8600: 将 null 文本或可能的 null 值转换为不可为 null 类型。 [/root/WorkSpace/CSharp/BannerlordModEditor/BannerlordModEditor.Common.Tests/BannerlordModEditor.Common.Tests.csproj]
         /root/WorkSpace/CSharp/BannerlordModEditor/BannerlordModEditor.Common.Tests/DataTests.cs(416,35): warning CS8602: 解引用可能出现空引用。 [/root/WorkSpace/CSharp/BannerlordModEditor/BannerlordModEditor.Common.Tests/BannerlordModEditor.Common.Tests.csproj]
         /root/WorkSpace/CSharp/BannerlordModEditor/BannerlordModEditor.Common.Tests/DataTests.cs(416,35): warning CS8602: 解引用可能出现空引用。 [/root/WorkSpace/CSharp/BannerlordModEditor/BannerlordModEditor.Common.Tests/BannerlordModEditor.Common.Tests.csproj]
         /root/WorkSpace/CSharp/BannerlordModEditor/BannerlordModEditor.Common.Tests/HardCodedSoundsXmlTests.cs(171,29): warning CS8714: 类型“string?”不能用作泛型类型或方法“Enumerable.ToDictionary<TSource, TKey, TElement>(IEnumerable<TSource>, Func<TSource, TKey>, Func<TSource, TElement>)”中的类型参数“TKey”。类型参数“string?”的为 Null 性与 "notnull" 约束不匹配。 [/root/WorkSpace/CSharp/BannerlordModEditor/BannerlordModEditor.Common.Tests/BannerlordModEditor.Common.Tests.csproj]
         /root/WorkSpace/CSharp/BannerlordModEditor/BannerlordModEditor.Common.Tests/HardCodedSoundsXmlTests.cs(171,82): warning CS8621: “lambda 表达式”的返回类型中引用类型的为 Null 性与目标委托“Func<HardCodedSound, string?>”不匹配(可能是由于为 Null 性特性)。 [/root/WorkSpace/CSharp/BannerlordModEditor/BannerlordModEditor.Common.Tests/BannerlordModEditor.Common.Tests.csproj]
         /root/WorkSpace/CSharp/BannerlordModEditor/BannerlordModEditor.Common.Tests/HardCodedSoundsXmlTests.cs(185,59): warning CS8602: 解引用可能出现空引用。 [/root/WorkSpace/CSharp/BannerlordModEditor/BannerlordModEditor.Common.Tests/BannerlordModEditor.Common.Tests.csproj]
         /root/WorkSpace/CSharp/BannerlordModEditor/BannerlordModEditor.Common.Tests/DataTests.cs(445,26): warning CS8600: 将 null 文本或可能的 null 值转换为不可为 null 类型。 [/root/WorkSpace/CSharp/BannerlordModEditor/BannerlordModEditor.Common.Tests/BannerlordModEditor.Common.Tests.csproj]
         /root/WorkSpace/CSharp/BannerlordModEditor/BannerlordModEditor.Common.Tests/DataTests.cs(448,35): warning CS8602: 解引用可能出现空引用。 [/root/WorkSpace/CSharp/BannerlordModEditor/BannerlordModEditor.Common.Tests/BannerlordModEditor.Common.Tests.csproj]
         /root/WorkSpace/CSharp/BannerlordModEditor/BannerlordModEditor.Common.Tests/DataTests.cs(448,35): warning CS8602: 解引用可能出现空引用。 [/root/WorkSpace/CSharp/BannerlordModEditor/BannerlordModEditor.Common.Tests/BannerlordModEditor.Common.Tests.csproj]
         /root/WorkSpace/CSharp/BannerlordModEditor/BannerlordModEditor.Common.Tests/DataTests.cs(460,33): warning CS8604: “void Assert.NotEmpty(IEnumerable collection)”中的形参“collection”可能传入 null 引用实参。 [/root/WorkSpace/CSharp/BannerlordModEditor/BannerlordModEditor.Common.Tests/BannerlordModEditor.Common.Tests.csproj]
         /root/WorkSpace/CSharp/BannerlordModEditor/BannerlordModEditor.Common.Tests/HardCodedSoundsXmlTests.cs(235,32): warning CS8714: 类型“string?”不能用作泛型类型或方法“Enumerable.ToDictionary<TSource, TKey, TElement>(IEnumerable<TSource>, Func<TSource, TKey>, Func<TSource, TElement>)”中的类型参数“TKey”。类型参数“string?”的为 Null 性与 "notnull" 约束不匹配。 [/root/WorkSpace/CSharp/BannerlordModEditor/BannerlordModEditor.Common.Tests/BannerlordModEditor.Common.Tests.csproj]
         /root/WorkSpace/CSharp/BannerlordModEditor/BannerlordModEditor.Common.Tests/HardCodedSoundsXmlTests.cs(235,87): warning CS8621: “lambda 表达式”的返回类型中引用类型的为 Null 性与目标委托“Func<HardCodedSound, string?>”不匹配(可能是由于为 Null 性特性)。 [/root/WorkSpace/CSharp/BannerlordModEditor/BannerlordModEditor.Common.Tests/BannerlordModEditor.Common.Tests.csproj]
         /root/WorkSpace/CSharp/BannerlordModEditor/BannerlordModEditor.Common.Tests/HardCodedSoundsXmlTests.cs(236,36): warning CS8714: 类型“string?”不能用作泛型类型或方法“Enumerable.ToDictionary<TSource, TKey, TElement>(IEnumerable<TSource>, Func<TSource, TKey>, Func<TSource, TElement>)”中的类型参数“TKey”。类型参数“string?”的为 Null 性与 "notnull" 约束不匹配。 [/root/WorkSpace/CSharp/BannerlordModEditor/BannerlordModEditor.Common.Tests/BannerlordModEditor.Common.Tests.csproj]
         /root/WorkSpace/CSharp/BannerlordModEditor/BannerlordModEditor.Common.Tests/HardCodedSoundsXmlTests.cs(236,95): warning CS8621: “lambda 表达式”的返回类型中引用类型的为 Null 性与目标委托“Func<HardCodedSound, string?>”不匹配(可能是由于为 Null 性特性)。 [/root/WorkSpace/CSharp/BannerlordModEditor/BannerlordModEditor.Common.Tests/BannerlordModEditor.Common.Tests.csproj]
         /root/WorkSpace/CSharp/BannerlordModEditor/BannerlordModEditor.Common.Tests/FinalSubWidgetAnalysisTest.cs(36,36): warning CS8714: 类型“string?”不能用作泛型类型或方法“Enumerable.ToDictionary<TSource, TKey, TElement>(IEnumerable<TSource>, Func<TSource, TKey>, Func<TSource, TElement>)”中的类型参数“TKey”。类型参数“string?”的为 Null 性与 "notnull" 约束不匹配。 [/root/WorkSpace/CSharp/BannerlordModEditor/BannerlordModEditor.Common.Tests/BannerlordModEditor.Common.Tests.csproj]
         /root/WorkSpace/CSharp/BannerlordModEditor/BannerlordModEditor.Common.Tests/FinalSubWidgetAnalysisTest.cs(36,107): warning CS8621: “lambda 表达式”的返回类型中引用类型的为 Null 性与目标委托“Func<IGrouping<string?, XElement>, string?>”不匹配(可能是由于为 Null 性特性)。 [/root/WorkSpace/CSharp/BannerlordModEditor/BannerlordModEditor.Common.Tests/BannerlordModEditor.Common.Tests.csproj]
         /root/WorkSpace/CSharp/BannerlordModEditor/BannerlordModEditor.Common.Tests/FinalSubWidgetAnalysisTest.cs(37,38): warning CS8714: 类型“string?”不能用作泛型类型或方法“Enumerable.ToDictionary<TSource, TKey, TElement>(IEnumerable<TSource>, Func<TSource, TKey>, Func<TSource, TElement>)”中的类型参数“TKey”。类型参数“string?”的为 Null 性与 "notnull" 约束不匹配。 [/root/WorkSpace/CSharp/BannerlordModEditor/BannerlordModEditor.Common.Tests/BannerlordModEditor.Common.Tests.csproj]
         /root/WorkSpace/CSharp/BannerlordModEditor/BannerlordModEditor.Common.Tests/FinalSubWidgetAnalysisTest.cs(37,111): warning CS8621: “lambda 表达式”的返回类型中引用类型的为 Null 性与目标委托“Func<IGrouping<string?, XElement>, string?>”不匹配(可能是由于为 Null 性特性)。 [/root/WorkSpace/CSharp/BannerlordModEditor/BannerlordModEditor.Common.Tests/BannerlordModEditor.Common.Tests.csproj]
         /root/WorkSpace/CSharp/BannerlordModEditor/BannerlordModEditor.Common.Tests/DataTests.cs(473,26): warning CS8600: 将 null 文本或可能的 null 值转换为不可为 null 类型。 [/root/WorkSpace/CSharp/BannerlordModEditor/BannerlordModEditor.Common.Tests/BannerlordModEditor.Common.Tests.csproj]
         /root/WorkSpace/CSharp/BannerlordModEditor/BannerlordModEditor.Common.Tests/DataTests.cs(479,31): warning CS8602: 解引用可能出现空引用。 [/root/WorkSpace/CSharp/BannerlordModEditor/BannerlordModEditor.Common.Tests/BannerlordModEditor.Common.Tests.csproj]
         /root/WorkSpace/CSharp/BannerlordModEditor/BannerlordModEditor.Common.Tests/DataTests.cs(479,31): warning CS8602: 解引用可能出现空引用。 [/root/WorkSpace/CSharp/BannerlordModEditor/BannerlordModEditor.Common.Tests/BannerlordModEditor.Common.Tests.csproj]
         /root/WorkSpace/CSharp/BannerlordModEditor/BannerlordModEditor.Common.Tests/DataTests.cs(500,33): warning CS8604: “void Assert.NotEmpty(IEnumerable collection)”中的形参“collection”可能传入 null 引用实参。 [/root/WorkSpace/CSharp/BannerlordModEditor/BannerlordModEditor.Common.Tests/BannerlordModEditor.Common.Tests.csproj]
         /root/WorkSpace/CSharp/BannerlordModEditor/BannerlordModEditor.Common.Tests/HardCodedSoundsXmlTests.cs(299,40): warning CS8602: 解引用可能出现空引用。 [/root/WorkSpace/CSharp/BannerlordModEditor/BannerlordModEditor.Common.Tests/BannerlordModEditor.Common.Tests.csproj]
         /root/WorkSpace/CSharp/BannerlordModEditor/BannerlordModEditor.Common.Tests/GameTests.cs(124,73): warning CS8602: 解引用可能出现空引用。 [/root/WorkSpace/CSharp/BannerlordModEditor/BannerlordModEditor.Common.Tests/BannerlordModEditor.Common.Tests.csproj]
         /root/WorkSpace/CSharp/BannerlordModEditor/BannerlordModEditor.Common.Tests/GameTests.cs(137,29): warning CS8602: 解引用可能出现空引用。 [/root/WorkSpace/CSharp/BannerlordModEditor/BannerlordModEditor.Common.Tests/BannerlordModEditor.Common.Tests.csproj]
         /root/WorkSpace/CSharp/BannerlordModEditor/BannerlordModEditor.Common.Tests/DataTests.cs(514,26): warning CS8600: 将 null 文本或可能的 null 值转换为不可为 null 类型。 [/root/WorkSpace/CSharp/BannerlordModEditor/BannerlordModEditor.Common.Tests/BannerlordModEditor.Common.Tests.csproj]
         /root/WorkSpace/CSharp/BannerlordModEditor/BannerlordModEditor.Common.Tests/DataTests.cs(517,35): warning CS8602: 解引用可能出现空引用。 [/root/WorkSpace/CSharp/BannerlordModEditor/BannerlordModEditor.Common.Tests/BannerlordModEditor.Common.Tests.csproj]
         /root/WorkSpace/CSharp/BannerlordModEditor/BannerlordModEditor.Common.Tests/DataTests.cs(517,35): warning CS8602: 解引用可能出现空引用。 [/root/WorkSpace/CSharp/BannerlordModEditor/BannerlordModEditor.Common.Tests/BannerlordModEditor.Common.Tests.csproj]
         /root/WorkSpace/CSharp/BannerlordModEditor/BannerlordModEditor.Common.Tests/DataTests.cs(517,35): warning CS8602: 解引用可能出现空引用。 [/root/WorkSpace/CSharp/BannerlordModEditor/BannerlordModEditor.Common.Tests/BannerlordModEditor.Common.Tests.csproj]
         /root/WorkSpace/CSharp/BannerlordModEditor/BannerlordModEditor.Common.Tests/DataTests.cs(523,33): warning CS8604: “void Assert.NotEmpty(IEnumerable collection)”中的形参“collection”可能传入 null 引用实参。 [/root/WorkSpace/CSharp/BannerlordModEditor/BannerlordModEditor.Common.Tests/BannerlordModEditor.Common.Tests.csproj]
         /root/WorkSpace/CSharp/BannerlordModEditor/BannerlordModEditor.Common.Tests/DataTests.cs(555,26): warning CS8600: 将 null 文本或可能的 null 值转换为不可为 null 类型。 [/root/WorkSpace/CSharp/BannerlordModEditor/BannerlordModEditor.Common.Tests/BannerlordModEditor.Common.Tests.csproj]
         /root/WorkSpace/CSharp/BannerlordModEditor/BannerlordModEditor.Common.Tests/DataTests.cs(563,29): warning CS8602: 解引用可能出现空引用。 [/root/WorkSpace/CSharp/BannerlordModEditor/BannerlordModEditor.Common.Tests/BannerlordModEditor.Common.Tests.csproj]
         /root/WorkSpace/CSharp/BannerlordModEditor/BannerlordModEditor.Common.Tests/DataTests.cs(563,29): warning CS8602: 解引用可能出现空引用。 [/root/WorkSpace/CSharp/BannerlordModEditor/BannerlordModEditor.Common.Tests/BannerlordModEditor.Common.Tests.csproj]
         /root/WorkSpace/CSharp/BannerlordModEditor/BannerlordModEditor.Common.Tests/DataTests.cs(564,42): warning CS8602: 解引用可能出现空引用。 [/root/WorkSpace/CSharp/BannerlordModEditor/BannerlordModEditor.Common.Tests/BannerlordModEditor.Common.Tests.csproj]
         /root/WorkSpace/CSharp/BannerlordModEditor/BannerlordModEditor.Common.Tests/DataTests.cs(574,37): warning CS8602: 解引用可能出现空引用。 [/root/WorkSpace/CSharp/BannerlordModEditor/BannerlordModEditor.Common.Tests/BannerlordModEditor.Common.Tests.csproj]
         /root/WorkSpace/CSharp/BannerlordModEditor/BannerlordModEditor.Common.Tests/DataTests.cs(574,37): warning CS8602: 解引用可能出现空引用。 [/root/WorkSpace/CSharp/BannerlordModEditor/BannerlordModEditor.Common.Tests/BannerlordModEditor.Common.Tests.csproj]
         /root/WorkSpace/CSharp/BannerlordModEditor/BannerlordModEditor.Common.Tests/DataTests.cs(574,37): warning CS8602: 解引用可能出现空引用。 [/root/WorkSpace/CSharp/BannerlordModEditor/BannerlordModEditor.Common.Tests/BannerlordModEditor.Common.Tests.csproj]
         /root/WorkSpace/CSharp/BannerlordModEditor/BannerlordModEditor.Common.Tests/ModuleStringsXmlTests.cs(28,33): warning CS8600: 将 null 文本或可能的 null 值转换为不可为 null 类型。 [/root/WorkSpace/CSharp/BannerlordModEditor/BannerlordModEditor.Common.Tests/BannerlordModEditor.Common.Tests.csproj]
         /root/WorkSpace/CSharp/BannerlordModEditor/BannerlordModEditor.Common.Tests/ModuleStringsXmlTests.cs(64,26): warning CS8602: 解引用可能出现空引用。 [/root/WorkSpace/CSharp/BannerlordModEditor/BannerlordModEditor.Common.Tests/BannerlordModEditor.Common.Tests.csproj]
         /root/WorkSpace/CSharp/BannerlordModEditor/BannerlordModEditor.Common.Tests/ModuleStringsXmlTests.cs(64,59): warning CS8602: 解引用可能出现空引用。 [/root/WorkSpace/CSharp/BannerlordModEditor/BannerlordModEditor.Common.Tests/BannerlordModEditor.Common.Tests.csproj]
         /root/WorkSpace/CSharp/BannerlordModEditor/BannerlordModEditor.Common.Tests/DataTests.cs(589,26): warning CS8600: 将 null 文本或可能的 null 值转换为不可为 null 类型。 [/root/WorkSpace/CSharp/BannerlordModEditor/BannerlordModEditor.Common.Tests/BannerlordModEditor.Common.Tests.csproj]
         /root/WorkSpace/CSharp/BannerlordModEditor/BannerlordModEditor.Common.Tests/ManagedCoreParametersXmlTests.cs(102,29): warning CS8714: 类型“string?”不能用作泛型类型或方法“Enumerable.ToDictionary<TSource, TKey, TElement>(IEnumerable<TSource>, Func<TSource, TKey>, Func<TSource, TElement>)”中的类型参数“TKey”。类型参数“string?”的为 Null 性与 "notnull" 约束不匹配。 [/root/WorkSpace/CSharp/BannerlordModEditor/BannerlordModEditor.Common.Tests/BannerlordModEditor.Common.Tests.csproj]
         /root/WorkSpace/CSharp/BannerlordModEditor/BannerlordModEditor.Common.Tests/ManagedCoreParametersXmlTests.cs(102,92): warning CS8621: “lambda 表达式”的返回类型中引用类型的为 Null 性与目标委托“Func<ManagedCoreParameter, string?>”不匹配(可能是由于为 Null 性特性)。 [/root/WorkSpace/CSharp/BannerlordModEditor/BannerlordModEditor.Common.Tests/BannerlordModEditor.Common.Tests.csproj]
         /root/WorkSpace/CSharp/BannerlordModEditor/BannerlordModEditor.Common.Tests/ManagedCoreParametersXmlTests.cs(115,38): warning CS8604: “double double.Parse(string s, IFormatProvider? provider)”中的形参“s”可能传入 null 引用实参。 [/root/WorkSpace/CSharp/BannerlordModEditor/BannerlordModEditor.Common.Tests/BannerlordModEditor.Common.Tests.csproj]
         /root/WorkSpace/CSharp/BannerlordModEditor/BannerlordModEditor.Common.Tests/ManagedCoreParametersXmlTests.cs(116,38): warning CS8604: “double double.Parse(string s, IFormatProvider? provider)”中的形参“s”可能传入 null 引用实参。 [/root/WorkSpace/CSharp/BannerlordModEditor/BannerlordModEditor.Common.Tests/BannerlordModEditor.Common.Tests.csproj]
         /root/WorkSpace/CSharp/BannerlordModEditor/BannerlordModEditor.Common.Tests/ManagedCoreParametersXmlTests.cs(121,46): warning CS8604: “double double.Parse(string s, IFormatProvider? provider)”中的形参“s”可能传入 null 引用实参。 [/root/WorkSpace/CSharp/BannerlordModEditor/BannerlordModEditor.Common.Tests/BannerlordModEditor.Common.Tests.csproj]
         /root/WorkSpace/CSharp/BannerlordModEditor/BannerlordModEditor.Common.Tests/ManagedCoreParametersXmlTests.cs(122,50): warning CS8604: “double double.Parse(string s, IFormatProvider? provider)”中的形参“s”可能传入 null 引用实参。 [/root/WorkSpace/CSharp/BannerlordModEditor/BannerlordModEditor.Common.Tests/BannerlordModEditor.Common.Tests.csproj]
         /root/WorkSpace/CSharp/BannerlordModEditor/BannerlordModEditor.Common.Tests/ManagedCoreParametersXmlTests.cs(129,53): warning CS8604: “double double.Parse(string s, IFormatProvider? provider)”中的形参“s”可能传入 null 引用实参。 [/root/WorkSpace/CSharp/BannerlordModEditor/BannerlordModEditor.Common.Tests/BannerlordModEditor.Common.Tests.csproj]
         /root/WorkSpace/CSharp/BannerlordModEditor/BannerlordModEditor.Common.Tests/ManagedCoreParametersXmlTests.cs(130,52): warning CS8604: “double double.Parse(string s, IFormatProvider? provider)”中的形参“s”可能传入 null 引用实参。 [/root/WorkSpace/CSharp/BannerlordModEditor/BannerlordModEditor.Common.Tests/BannerlordModEditor.Common.Tests.csproj]
         /root/WorkSpace/CSharp/BannerlordModEditor/BannerlordModEditor.Common.Tests/ManagedCoreParametersXmlTests.cs(136,46): warning CS8604: “double double.Parse(string s, IFormatProvider? provider)”中的形参“s”可能传入 null 引用实参。 [/root/WorkSpace/CSharp/BannerlordModEditor/BannerlordModEditor.Common.Tests/BannerlordModEditor.Common.Tests.csproj]
         /root/WorkSpace/CSharp/BannerlordModEditor/BannerlordModEditor.Common.Tests/ModuleSoundsXmlTests.cs(62,26): warning CS8604: “void Assert.Empty(IEnumerable collection)”中的形参“collection”可能传入 null 引用实参。 [/root/WorkSpace/CSharp/BannerlordModEditor/BannerlordModEditor.Common.Tests/BannerlordModEditor.Common.Tests.csproj]
         /root/WorkSpace/CSharp/BannerlordModEditor/BannerlordModEditor.Common.Tests/ModuleSoundsXmlTests.cs(70,29): warning CS8602: 解引用可能出现空引用。 [/root/WorkSpace/CSharp/BannerlordModEditor/BannerlordModEditor.Common.Tests/BannerlordModEditor.Common.Tests.csproj]
         /root/WorkSpace/CSharp/BannerlordModEditor/BannerlordModEditor.Common.Tests/GameTests.cs(199,17): warning CS8602: 解引用可能出现空引用。 [/root/WorkSpace/CSharp/BannerlordModEditor/BannerlordModEditor.Common.Tests/BannerlordModEditor.Common.Tests.csproj]
         /root/WorkSpace/CSharp/BannerlordModEditor/BannerlordModEditor.Common.Tests/GameTests.cs(230,21): warning CS8602: 解引用可能出现空引用。 [/root/WorkSpace/CSharp/BannerlordModEditor/BannerlordModEditor.Common.Tests/BannerlordModEditor.Common.Tests.csproj]
         /root/WorkSpace/CSharp/BannerlordModEditor/BannerlordModEditor.Common.Tests/DataTests.cs(606,26): warning CS8600: 将 null 文本或可能的 null 值转换为不可为 null 类型。 [/root/WorkSpace/CSharp/BannerlordModEditor/BannerlordModEditor.Common.Tests/BannerlordModEditor.Common.Tests.csproj]
         /root/WorkSpace/CSharp/BannerlordModEditor/BannerlordModEditor.Common.Tests/DataTests.cs(609,36): warning CS8602: 解引用可能出现空引用。 [/root/WorkSpace/CSharp/BannerlordModEditor/BannerlordModEditor.Common.Tests/BannerlordModEditor.Common.Tests.csproj]
         /root/WorkSpace/CSharp/BannerlordModEditor/BannerlordModEditor.Common.Tests/DataTests.cs(609,36): warning CS8602: 解引用可能出现空引用。 [/root/WorkSpace/CSharp/BannerlordModEditor/BannerlordModEditor.Common.Tests/BannerlordModEditor.Common.Tests.csproj]
         /root/WorkSpace/CSharp/BannerlordModEditor/BannerlordModEditor.Common.Tests/DataTests.cs(611,33): warning CS8604: “void Assert.NotEmpty(IEnumerable collection)”中的形参“collection”可能传入 null 引用实参。 [/root/WorkSpace/CSharp/BannerlordModEditor/BannerlordModEditor.Common.Tests/BannerlordModEditor.Common.Tests.csproj]
         /root/WorkSpace/CSharp/BannerlordModEditor/BannerlordModEditor.Common.Tests/DataTests.cs(612,33): warning CS8604: “void Assert.NotEmpty(IEnumerable collection)”中的形参“collection”可能传入 null 引用实参。 [/root/WorkSpace/CSharp/BannerlordModEditor/BannerlordModEditor.Common.Tests/BannerlordModEditor.Common.Tests.csproj]
         /root/WorkSpace/CSharp/BannerlordModEditor/BannerlordModEditor.Common.Tests/DataTests.cs(613,33): warning CS8604: “void Assert.NotEmpty(IEnumerable collection)”中的形参“collection”可能传入 null 引用实参。 [/root/WorkSpace/CSharp/BannerlordModEditor/BannerlordModEditor.Common.Tests/BannerlordModEditor.Common.Tests.csproj]
         /root/WorkSpace/CSharp/BannerlordModEditor/BannerlordModEditor.Common.Tests/DataTests.cs(614,33): warning CS8604: “void Assert.NotEmpty(IEnumerable collection)”中的形参“collection”可能传入 null 引用实参。 [/root/WorkSpace/CSharp/BannerlordModEditor/BannerlordModEditor.Common.Tests/BannerlordModEditor.Common.Tests.csproj]
         /root/WorkSpace/CSharp/BannerlordModEditor/BannerlordModEditor.Common.Tests/DataTests.cs(626,70): warning CS8602: 解引用可能出现空引用。 [/root/WorkSpace/CSharp/BannerlordModEditor/BannerlordModEditor.Common.Tests/BannerlordModEditor.Common.Tests.csproj]
         /root/WorkSpace/CSharp/BannerlordModEditor/BannerlordModEditor.Common.Tests/ManagedCoreParametersXmlTests.cs(156,29): warning CS8602: 解引用可能出现空引用。 [/root/WorkSpace/CSharp/BannerlordModEditor/BannerlordModEditor.Common.Tests/BannerlordModEditor.Common.Tests.csproj]
         /root/WorkSpace/CSharp/BannerlordModEditor/BannerlordModEditor.Common.Tests/ManagedCoreParametersXmlTests.cs(156,29): warning CS8714: 类型“string?”不能用作泛型类型或方法“Enumerable.ToDictionary<TSource, TKey, TElement>(IEnumerable<TSource>, Func<TSource, TKey>, Func<TSource, TElement>)”中的类型参数“TKey”。类型参数“string?”的为 Null 性与 "notnull" 约束不匹配。 [/root/WorkSpace/CSharp/BannerlordModEditor/BannerlordModEditor.Common.Tests/BannerlordModEditor.Common.Tests.csproj]
         /root/WorkSpace/CSharp/BannerlordModEditor/BannerlordModEditor.Common.Tests/ManagedCoreParametersXmlTests.cs(156,29): warning CS8604: “Dictionary<string?, string?> Enumerable.ToDictionary<ManagedCoreParameter, string?, string?>(IEnumerable<ManagedCoreParameter> source, Func<ManagedCoreParameter, string?> keySelector, Func<ManagedCoreParameter, string?> elementSelector)”中的形参“source”可能传入 null 引用实参。 [/root/WorkSpace/CSharp/BannerlordModEditor/BannerlordModEditor.Common.Tests/BannerlordModEditor.Common.Tests.csproj]
         /root/WorkSpace/CSharp/BannerlordModEditor/BannerlordModEditor.Common.Tests/ManagedCoreParametersXmlTests.cs(156,92): warning CS8621: “lambda 表达式”的返回类型中引用类型的为 Null 性与目标委托“Func<ManagedCoreParameter, string?>”不匹配(可能是由于为 Null 性特性)。 [/root/WorkSpace/CSharp/BannerlordModEditor/BannerlordModEditor.Common.Tests/BannerlordModEditor.Common.Tests.csproj]
         /root/WorkSpace/CSharp/BannerlordModEditor/BannerlordModEditor.Common.Tests/ManagedCoreParametersXmlTests.cs(159,49): warning CS8604: “double double.Parse(string s, IFormatProvider? provider)”中的形参“s”可能传入 null 引用实参。 [/root/WorkSpace/CSharp/BannerlordModEditor/BannerlordModEditor.Common.Tests/BannerlordModEditor.Common.Tests.csproj]
         /root/WorkSpace/CSharp/BannerlordModEditor/BannerlordModEditor.Common.Tests/ManagedCoreParametersXmlTests.cs(160,51): warning CS8604: “double double.Parse(string s, IFormatProvider? provider)”中的形参“s”可能传入 null 引用实参。 [/root/WorkSpace/CSharp/BannerlordModEditor/BannerlordModEditor.Common.Tests/BannerlordModEditor.Common.Tests.csproj]
         /root/WorkSpace/CSharp/BannerlordModEditor/BannerlordModEditor.Common.Tests/ManagedCoreParametersXmlTests.cs(161,49): warning CS8604: “double double.Parse(string s, IFormatProvider? provider)”中的形参“s”可能传入 null 引用实参。 [/root/WorkSpace/CSharp/BannerlordModEditor/BannerlordModEditor.Common.Tests/BannerlordModEditor.Common.Tests.csproj]
         /root/WorkSpace/CSharp/BannerlordModEditor/BannerlordModEditor.Common.Tests/ManagedCoreParametersXmlTests.cs(162,47): warning CS8604: “double double.Parse(string s, IFormatProvider? provider)”中的形参“s”可能传入 null 引用实参。 [/root/WorkSpace/CSharp/BannerlordModEditor/BannerlordModEditor.Common.Tests/BannerlordModEditor.Common.Tests.csproj]
         /root/WorkSpace/CSharp/BannerlordModEditor/BannerlordModEditor.Common.Tests/DataTests.cs(639,26): warning CS8600: 将 null 文本或可能的 null 值转换为不可为 null 类型。 [/root/WorkSpace/CSharp/BannerlordModEditor/BannerlordModEditor.Common.Tests/BannerlordModEditor.Common.Tests.csproj]
         /root/WorkSpace/CSharp/BannerlordModEditor/BannerlordModEditor.Common.Tests/ManagedCoreParametersXmlTests.cs(192,29): warning CS8602: 解引用可能出现空引用。 [/root/WorkSpace/CSharp/BannerlordModEditor/BannerlordModEditor.Common.Tests/BannerlordModEditor.Common.Tests.csproj]
         /root/WorkSpace/CSharp/BannerlordModEditor/BannerlordModEditor.Common.Tests/ManagedCoreParametersXmlTests.cs(192,29): warning CS8714: 类型“string?”不能用作泛型类型或方法“Enumerable.ToDictionary<TSource, TKey, TElement>(IEnumerable<TSource>, Func<TSource, TKey>, Func<TSource, TElement>)”中的类型参数“TKey”。类型参数“string?”的为 Null 性与 "notnull" 约束不匹配。 [/root/WorkSpace/CSharp/BannerlordModEditor/BannerlordModEditor.Common.Tests/BannerlordModEditor.Common.Tests.csproj]
         /root/WorkSpace/CSharp/BannerlordModEditor/BannerlordModEditor.Common.Tests/ManagedCoreParametersXmlTests.cs(192,29): warning CS8604: “Dictionary<string?, string?> Enumerable.ToDictionary<ManagedCoreParameter, string?, string?>(IEnumerable<ManagedCoreParameter> source, Func<ManagedCoreParameter, string?> keySelector, Func<ManagedCoreParameter, string?> elementSelector)”中的形参“source”可能传入 null 引用实参。 [/root/WorkSpace/CSharp/BannerlordModEditor/BannerlordModEditor.Common.Tests/BannerlordModEditor.Common.Tests.csproj]
         /root/WorkSpace/CSharp/BannerlordModEditor/BannerlordModEditor.Common.Tests/ManagedCoreParametersXmlTests.cs(192,92): warning CS8621: “lambda 表达式”的返回类型中引用类型的为 Null 性与目标委托“Func<ManagedCoreParameter, string?>”不匹配(可能是由于为 Null 性特性)。 [/root/WorkSpace/CSharp/BannerlordModEditor/BannerlordModEditor.Common.Tests/BannerlordModEditor.Common.Tests.csproj]
         /root/WorkSpace/CSharp/BannerlordModEditor/BannerlordModEditor.Common.Tests/ManagedCoreParametersXmlTests.cs(195,54): warning CS8604: “double double.Parse(string s, IFormatProvider? provider)”中的形参“s”可能传入 null 引用实参。 [/root/WorkSpace/CSharp/BannerlordModEditor/BannerlordModEditor.Common.Tests/BannerlordModEditor.Common.Tests.csproj]
         /root/WorkSpace/CSharp/BannerlordModEditor/BannerlordModEditor.Common.Tests/ManagedCoreParametersXmlTests.cs(196,51): warning CS8604: “double double.Parse(string s, IFormatProvider? provider)”中的形参“s”可能传入 null 引用实参。 [/root/WorkSpace/CSharp/BannerlordModEditor/BannerlordModEditor.Common.Tests/BannerlordModEditor.Common.Tests.csproj]
         /root/WorkSpace/CSharp/BannerlordModEditor/BannerlordModEditor.Common.Tests/ManagedCoreParametersXmlTests.cs(197,53): warning CS8604: “double double.Parse(string s, IFormatProvider? provider)”中的形参“s”可能传入 null 引用实参。 [/root/WorkSpace/CSharp/BannerlordModEditor/BannerlordModEditor.Common.Tests/BannerlordModEditor.Common.Tests.csproj]
         /root/WorkSpace/CSharp/BannerlordModEditor/BannerlordModEditor.Common.Tests/ManagedCoreParametersXmlTests.cs(205,52): warning CS8604: “double double.Parse(string s, IFormatProvider? provider)”中的形参“s”可能传入 null 引用实参。 [/root/WorkSpace/CSharp/BannerlordModEditor/BannerlordModEditor.Common.Tests/BannerlordModEditor.Common.Tests.csproj]
         /root/WorkSpace/CSharp/BannerlordModEditor/BannerlordModEditor.Common.Tests/DataTests.cs(658,26): warning CS8600: 将 null 文本或可能的 null 值转换为不可为 null 类型。 [/root/WorkSpace/CSharp/BannerlordModEditor/BannerlordModEditor.Common.Tests/BannerlordModEditor.Common.Tests.csproj]
         /root/WorkSpace/CSharp/BannerlordModEditor/BannerlordModEditor.Common.Tests/DataTests.cs(661,34): warning CS8602: 解引用可能出现空引用。 [/root/WorkSpace/CSharp/BannerlordModEditor/BannerlordModEditor.Common.Tests/BannerlordModEditor.Common.Tests.csproj]
         /root/WorkSpace/CSharp/BannerlordModEditor/BannerlordModEditor.Common.Tests/LayeredArchitectureTests.cs(264,20): warning CS8603: 可能返回 null 引用。 [/root/WorkSpace/CSharp/BannerlordModEditor/BannerlordModEditor.Common.Tests/BannerlordModEditor.Common.Tests.csproj]
         /root/WorkSpace/CSharp/BannerlordModEditor/BannerlordModEditor.Common.Tests/MpcosmeticsDirectTest.cs(21,25): warning CS8600: 将 null 文本或可能的 null 值转换为不可为 null 类型。 [/root/WorkSpace/CSharp/BannerlordModEditor/BannerlordModEditor.Common.Tests/BannerlordModEditor.Common.Tests.csproj]
         /root/WorkSpace/CSharp/BannerlordModEditor/BannerlordModEditor.Common.Tests/MpcosmeticsDirectTest.cs(23,53): warning CS8602: 解引用可能出现空引用。 [/root/WorkSpace/CSharp/BannerlordModEditor/BannerlordModEditor.Common.Tests/BannerlordModEditor.Common.Tests.csproj]
         /root/WorkSpace/CSharp/BannerlordModEditor/BannerlordModEditor.Common.Tests/ModuleSoundsXmlTests.cs(121,25): warning CS8602: 解引用可能出现空引用。 [/root/WorkSpace/CSharp/BannerlordModEditor/BannerlordModEditor.Common.Tests/BannerlordModEditor.Common.Tests.csproj]
         /root/WorkSpace/CSharp/BannerlordModEditor/BannerlordModEditor.Common.Tests/ModuleSoundsXmlTests.cs(146,37): warning CS8602: 解引用可能出现空引用。 [/root/WorkSpace/CSharp/BannerlordModEditor/BannerlordModEditor.Common.Tests/BannerlordModEditor.Common.Tests.csproj]
         /root/WorkSpace/CSharp/BannerlordModEditor/BannerlordModEditor.Common.Tests/ModuleSoundsXmlTests.cs(214,29): warning CS8602: 解引用可能出现空引用。 [/root/WorkSpace/CSharp/BannerlordModEditor/BannerlordModEditor.Common.Tests/BannerlordModEditor.Common.Tests.csproj]
         /root/WorkSpace/CSharp/BannerlordModEditor/BannerlordModEditor.Common.Tests/DataTests.cs(690,26): warning CS8600: 将 null 文本或可能的 null 值转换为不可为 null 类型。 [/root/WorkSpace/CSharp/BannerlordModEditor/BannerlordModEditor.Common.Tests/BannerlordModEditor.Common.Tests.csproj]
         /root/WorkSpace/CSharp/BannerlordModEditor/BannerlordModEditor.Common.Tests/MpcosmeticsDetailedDebugTest.cs(33,55): warning CS8602: 解引用可能出现空引用。 [/root/WorkSpace/CSharp/BannerlordModEditor/BannerlordModEditor.Common.Tests/BannerlordModEditor.Common.Tests.csproj]
         /root/WorkSpace/CSharp/BannerlordModEditor/BannerlordModEditor.Common.Tests/DataTests.cs(710,26): warning CS8600: 将 null 文本或可能的 null 值转换为不可为 null 类型。 [/root/WorkSpace/CSharp/BannerlordModEditor/BannerlordModEditor.Common.Tests/BannerlordModEditor.Common.Tests.csproj]
         /root/WorkSpace/CSharp/BannerlordModEditor/BannerlordModEditor.Common.Tests/DataTests.cs(713,29): warning CS8602: 解引用可能出现空引用。 [/root/WorkSpace/CSharp/BannerlordModEditor/BannerlordModEditor.Common.Tests/BannerlordModEditor.Common.Tests.csproj]
         /root/WorkSpace/CSharp/BannerlordModEditor/BannerlordModEditor.Common.Tests/DataTests.cs(713,29): warning CS8602: 解引用可能出现空引用。 [/root/WorkSpace/CSharp/BannerlordModEditor/BannerlordModEditor.Common.Tests/BannerlordModEditor.Common.Tests.csproj]
         /root/WorkSpace/CSharp/BannerlordModEditor/BannerlordModEditor.Common.Tests/DataTests.cs(714,29): warning CS8602: 解引用可能出现空引用。 [/root/WorkSpace/CSharp/BannerlordModEditor/BannerlordModEditor.Common.Tests/BannerlordModEditor.Common.Tests.csproj]
         /root/WorkSpace/CSharp/BannerlordModEditor/BannerlordModEditor.Common.Tests/DataTests.cs(715,29): warning CS8602: 解引用可能出现空引用。 [/root/WorkSpace/CSharp/BannerlordModEditor/BannerlordModEditor.Common.Tests/BannerlordModEditor.Common.Tests.csproj]
         /root/WorkSpace/CSharp/BannerlordModEditor/BannerlordModEditor.Common.Tests/DataTests.cs(740,26): warning CS8600: 将 null 文本或可能的 null 值转换为不可为 null 类型。 [/root/WorkSpace/CSharp/BannerlordModEditor/BannerlordModEditor.Common.Tests/BannerlordModEditor.Common.Tests.csproj]
         /root/WorkSpace/CSharp/BannerlordModEditor/BannerlordModEditor.Common.Tests/MpcosmeticsXmlTests.cs(74,48): warning CS8602: 解引用可能出现空引用。 [/root/WorkSpace/CSharp/BannerlordModEditor/BannerlordModEditor.Common.Tests/BannerlordModEditor.Common.Tests.csproj]
         /root/WorkSpace/CSharp/BannerlordModEditor/BannerlordModEditor.Common.Tests/MpcosmeticsXmlTests.cs(74,81): warning CS8602: 解引用可能出现空引用。 [/root/WorkSpace/CSharp/BannerlordModEditor/BannerlordModEditor.Common.Tests/BannerlordModEditor.Common.Tests.csproj]
         /root/WorkSpace/CSharp/BannerlordModEditor/BannerlordModEditor.Common.Tests/MpcosmeticsXmlTests.cs(100,50): warning CS8604: “bool MpcosmeticsXmlTests.XmlNodesEqualIgnoreNamespaces(XmlNode a, XmlNode b)”中的形参“a”可能传入 null 引用实参。 [/root/WorkSpace/CSharp/BannerlordModEditor/BannerlordModEditor.Common.Tests/BannerlordModEditor.Common.Tests.csproj]
         /root/WorkSpace/CSharp/BannerlordModEditor/BannerlordModEditor.Common.Tests/MpcosmeticsXmlTests.cs(100,72): warning CS8604: “bool MpcosmeticsXmlTests.XmlNodesEqualIgnoreNamespaces(XmlNode a, XmlNode b)”中的形参“b”可能传入 null 引用实参。 [/root/WorkSpace/CSharp/BannerlordModEditor/BannerlordModEditor.Common.Tests/BannerlordModEditor.Common.Tests.csproj]
         /root/WorkSpace/CSharp/BannerlordModEditor/BannerlordModEditor.Common.Tests/DataTests.cs(759,26): warning CS8600: 将 null 文本或可能的 null 值转换为不可为 null 类型。 [/root/WorkSpace/CSharp/BannerlordModEditor/BannerlordModEditor.Common.Tests/BannerlordModEditor.Common.Tests.csproj]
         /root/WorkSpace/CSharp/BannerlordModEditor/BannerlordModEditor.Common.Tests/DataTests.cs(762,35): warning CS8602: 解引用可能出现空引用。 [/root/WorkSpace/CSharp/BannerlordModEditor/BannerlordModEditor.Common.Tests/BannerlordModEditor.Common.Tests.csproj]
         /root/WorkSpace/CSharp/BannerlordModEditor/BannerlordModEditor.Common.Tests/DataTests.cs(804,26): warning CS8600: 将 null 文本或可能的 null 值转换为不可为 null 类型。 [/root/WorkSpace/CSharp/BannerlordModEditor/BannerlordModEditor.Common.Tests/BannerlordModEditor.Common.Tests.csproj]
         /root/WorkSpace/CSharp/BannerlordModEditor/BannerlordModEditor.Common.Tests/ManagedCoreParametersXmlTests.cs(384,26): warning CS8602: 解引用可能出现空引用。 [/root/WorkSpace/CSharp/BannerlordModEditor/BannerlordModEditor.Common.Tests/BannerlordModEditor.Common.Tests.csproj]
         /root/WorkSpace/CSharp/BannerlordModEditor/BannerlordModEditor.Common.Tests/ManagedCoreParametersXmlTests.cs(384,26): warning CS8602: 解引用可能出现空引用。 [/root/WorkSpace/CSharp/BannerlordModEditor/BannerlordModEditor.Common.Tests/BannerlordModEditor.Common.Tests.csproj]
         /root/WorkSpace/CSharp/BannerlordModEditor/BannerlordModEditor.Common.Tests/ManagedCoreParametersXmlTests.cs(385,25): warning CS8602: 解引用可能出现空引用。 [/root/WorkSpace/CSharp/BannerlordModEditor/BannerlordModEditor.Common.Tests/BannerlordModEditor.Common.Tests.csproj]
         /root/WorkSpace/CSharp/BannerlordModEditor/BannerlordModEditor.Common.Tests/ManagedCoreParametersXmlTests.cs(385,25): warning CS8602: 解引用可能出现空引用。 [/root/WorkSpace/CSharp/BannerlordModEditor/BannerlordModEditor.Common.Tests/BannerlordModEditor.Common.Tests.csproj]
         /root/WorkSpace/CSharp/BannerlordModEditor/BannerlordModEditor.Common.Tests/ManagedCoreParametersXmlTests.cs(388,32): warning CS8714: 类型“string?”不能用作泛型类型或方法“Enumerable.ToDictionary<TSource, TKey, TElement>(IEnumerable<TSource>, Func<TSource, TKey>, Func<TSource, TElement>)”中的类型参数“TKey”。类型参数“string?”的为 Null 性与 "notnull" 约束不匹配。 [/root/WorkSpace/CSharp/BannerlordModEditor/BannerlordModEditor.Common.Tests/BannerlordModEditor.Common.Tests.csproj]
         /root/WorkSpace/CSharp/BannerlordModEditor/BannerlordModEditor.Common.Tests/ManagedCoreParametersXmlTests.cs(388,97): warning CS8621: “lambda 表达式”的返回类型中引用类型的为 Null 性与目标委托“Func<ManagedCoreParameter, string?>”不匹配(可能是由于为 Null 性特性)。 [/root/WorkSpace/CSharp/BannerlordModEditor/BannerlordModEditor.Common.Tests/BannerlordModEditor.Common.Tests.csproj]
         /root/WorkSpace/CSharp/BannerlordModEditor/BannerlordModEditor.Common.Tests/ManagedCoreParametersXmlTests.cs(389,36): warning CS8714: 类型“string?”不能用作泛型类型或方法“Enumerable.ToDictionary<TSource, TKey, TElement>(IEnumerable<TSource>, Func<TSource, TKey>, Func<TSource, TElement>)”中的类型参数“TKey”。类型参数“string?”的为 Null 性与 "notnull" 约束不匹配。 [/root/WorkSpace/CSharp/BannerlordModEditor/BannerlordModEditor.Common.Tests/BannerlordModEditor.Common.Tests.csproj]
         /root/WorkSpace/CSharp/BannerlordModEditor/BannerlordModEditor.Common.Tests/ManagedCoreParametersXmlTests.cs(389,105): warning CS8621: “lambda 表达式”的返回类型中引用类型的为 Null 性与目标委托“Func<ManagedCoreParameter, string?>”不匹配(可能是由于为 Null 性特性)。 [/root/WorkSpace/CSharp/BannerlordModEditor/BannerlordModEditor.Common.Tests/BannerlordModEditor.Common.Tests.csproj]
         /root/WorkSpace/CSharp/BannerlordModEditor/BannerlordModEditor.Common.Tests/MpcosmeticsDetailedAnalysisTest.cs(97,49): warning CS8602: 解引用可能出现空引用。 [/root/WorkSpace/CSharp/BannerlordModEditor/BannerlordModEditor.Common.Tests/BannerlordModEditor.Common.Tests.csproj]
         /root/WorkSpace/CSharp/BannerlordModEditor/BannerlordModEditor.Common.Tests/MpcosmeticsDetailedAnalysisTest.cs(98,50): warning CS8602: 解引用可能出现空引用。 [/root/WorkSpace/CSharp/BannerlordModEditor/BannerlordModEditor.Common.Tests/BannerlordModEditor.Common.Tests.csproj]
         /root/WorkSpace/CSharp/BannerlordModEditor/BannerlordModEditor.Common.Tests/MpcosmeticsFormatComparisonTest.cs(59,84): warning CS8602: 解引用可能出现空引用。 [/root/WorkSpace/CSharp/BannerlordModEditor/BannerlordModEditor.Common.Tests/BannerlordModEditor.Common.Tests.csproj]
         /root/WorkSpace/CSharp/BannerlordModEditor/BannerlordModEditor.Common.Tests/MpcosmeticsFormatComparisonTest.cs(60,85): warning CS8602: 解引用可能出现空引用。 [/root/WorkSpace/CSharp/BannerlordModEditor/BannerlordModEditor.Common.Tests/BannerlordModEditor.Common.Tests.csproj]
         /root/WorkSpace/CSharp/BannerlordModEditor/BannerlordModEditor.Common.Tests/MpcosmeticsFormatComparisonTest.cs(75,45): warning CS8602: 解引用可能出现空引用。 [/root/WorkSpace/CSharp/BannerlordModEditor/BannerlordModEditor.Common.Tests/BannerlordModEditor.Common.Tests.csproj]
         /root/WorkSpace/CSharp/BannerlordModEditor/BannerlordModEditor.Common.Tests/MpcosmeticsFormatComparisonTest.cs(76,46): warning CS8602: 解引用可能出现空引用。 [/root/WorkSpace/CSharp/BannerlordModEditor/BannerlordModEditor.Common.Tests/BannerlordModEditor.Common.Tests.csproj]
         /root/WorkSpace/CSharp/BannerlordModEditor/BannerlordModEditor.Common.Tests/DataTests.cs(821,26): warning CS8600: 将 null 文本或可能的 null 值转换为不可为 null 类型。 [/root/WorkSpace/CSharp/BannerlordModEditor/BannerlordModEditor.Common.Tests/BannerlordModEditor.Common.Tests.csproj]
         /root/WorkSpace/CSharp/BannerlordModEditor/BannerlordModEditor.Common.Tests/DataTests.cs(824,37): warning CS8602: 解引用可能出现空引用。 [/root/WorkSpace/CSharp/BannerlordModEditor/BannerlordModEditor.Common.Tests/BannerlordModEditor.Common.Tests.csproj]
         /root/WorkSpace/CSharp/BannerlordModEditor/BannerlordModEditor.Common.Tests/MpcosmeticsXmlTests.cs(115,63): warning CS8604: “bool MpcosmeticsXmlTests.AreAttributeCollectionsEqualIgnoreNamespaces(XmlAttributeCollection a, XmlAttributeCollection b)”中的形参“a”可能传入 null 引用实参。 [/root/WorkSpace/CSharp/BannerlordModEditor/BannerlordModEditor.Common.Tests/BannerlordModEditor.Common.Tests.csproj]
         /root/WorkSpace/CSharp/BannerlordModEditor/BannerlordModEditor.Common.Tests/MpcosmeticsXmlTests.cs(115,77): warning CS8604: “bool MpcosmeticsXmlTests.AreAttributeCollectionsEqualIgnoreNamespaces(XmlAttributeCollection a, XmlAttributeCollection b)”中的形参“b”可能传入 null 引用实参。 [/root/WorkSpace/CSharp/BannerlordModEditor/BannerlordModEditor.Common.Tests/BannerlordModEditor.Common.Tests.csproj]
         /root/WorkSpace/CSharp/BannerlordModEditor/BannerlordModEditor.Common.Tests/MpcosmeticsXmlTests.cs(125,21): warning CS8602: 解引用可能出现空引用。 [/root/WorkSpace/CSharp/BannerlordModEditor/BannerlordModEditor.Common.Tests/BannerlordModEditor.Common.Tests.csproj]
         /root/WorkSpace/CSharp/BannerlordModEditor/BannerlordModEditor.Common.Tests/MpcosmeticsXmlTests.cs(127,21): warning CS8602: 解引用可能出现空引用。 [/root/WorkSpace/CSharp/BannerlordModEditor/BannerlordModEditor.Common.Tests/BannerlordModEditor.Common.Tests.csproj]
         /root/WorkSpace/CSharp/BannerlordModEditor/BannerlordModEditor.Common.Tests/MpcosmeticsXmlTests.cs(138,48): warning CS8602: 解引用可能出现空引用。 [/root/WorkSpace/CSharp/BannerlordModEditor/BannerlordModEditor.Common.Tests/BannerlordModEditor.Common.Tests.csproj]
         /root/WorkSpace/CSharp/BannerlordModEditor/BannerlordModEditor.Common.Tests/MpcosmeticsXmlTests.cs(139,48): warning CS8602: 解引用可能出现空引用。 [/root/WorkSpace/CSharp/BannerlordModEditor/BannerlordModEditor.Common.Tests/BannerlordModEditor.Common.Tests.csproj]
         /root/WorkSpace/CSharp/BannerlordModEditor/BannerlordModEditor.Common.Tests/MpcosmeticsXmlTests.cs(142,56): warning CS8604: “bool MpcosmeticsXmlTests.XmlNodesEqualIgnoreNamespaces(XmlNode a, XmlNode b)”中的形参“a”可能传入 null 引用实参。 [/root/WorkSpace/CSharp/BannerlordModEditor/BannerlordModEditor.Common.Tests/BannerlordModEditor.Common.Tests.csproj]
         /root/WorkSpace/CSharp/BannerlordModEditor/BannerlordModEditor.Common.Tests/MpcosmeticsXmlTests.cs(142,71): warning CS8604: “bool MpcosmeticsXmlTests.XmlNodesEqualIgnoreNamespaces(XmlNode a, XmlNode b)”中的形参“b”可能传入 null 引用实参。 [/root/WorkSpace/CSharp/BannerlordModEditor/BannerlordModEditor.Common.Tests/BannerlordModEditor.Common.Tests.csproj]
         /root/WorkSpace/CSharp/BannerlordModEditor/BannerlordModEditor.Common.Tests/ManagedCoreParametersXmlTests.cs(444,23): warning CS8602: 解引用可能出现空引用。 [/root/WorkSpace/CSharp/BannerlordModEditor/BannerlordModEditor.Common.Tests/BannerlordModEditor.Common.Tests.csproj]
         /root/WorkSpace/CSharp/BannerlordModEditor/BannerlordModEditor.Common.Tests/ManagedCoreParametersXmlTests.cs(444,23): warning CS8604: “IEnumerable<string?> Enumerable.Select<ManagedCoreParameter, string?>(IEnumerable<ManagedCoreParameter> source, Func<ManagedCoreParameter, string?> selector)”中的形参“source”可能传入 null 引用实参。 [/root/WorkSpace/CSharp/BannerlordModEditor/BannerlordModEditor.Common.Tests/BannerlordModEditor.Common.Tests.csproj]
         /root/WorkSpace/CSharp/BannerlordModEditor/BannerlordModEditor.Common.Tests/NativeEquipmentSetsXmlTests.cs(27,39): warning CS8600: 将 null 文本或可能的 null 值转换为不可为 null 类型。 [/root/WorkSpace/CSharp/BannerlordModEditor/BannerlordModEditor.Common.Tests/BannerlordModEditor.Common.Tests.csproj]
         /root/WorkSpace/CSharp/BannerlordModEditor/BannerlordModEditor.Common.Tests/NativeEquipmentSetsXmlTests.cs(61,26): warning CS8602: 解引用可能出现空引用。 [/root/WorkSpace/CSharp/BannerlordModEditor/BannerlordModEditor.Common.Tests/BannerlordModEditor.Common.Tests.csproj]
         /root/WorkSpace/CSharp/BannerlordModEditor/BannerlordModEditor.Common.Tests/NativeEquipmentSetsXmlTests.cs(61,59): warning CS8602: 解引用可能出现空引用。 [/root/WorkSpace/CSharp/BannerlordModEditor/BannerlordModEditor.Common.Tests/BannerlordModEditor.Common.Tests.csproj]
         /root/WorkSpace/CSharp/BannerlordModEditor/BannerlordModEditor.Common.Tests/MpcosmeticsXmlTests.cs(152,44): warning CS8603: 可能返回 null 引用。 [/root/WorkSpace/CSharp/BannerlordModEditor/BannerlordModEditor.Common.Tests/BannerlordModEditor.Common.Tests.csproj]
         /root/WorkSpace/CSharp/BannerlordModEditor/BannerlordModEditor.Common.Tests/NativeEquipmentSetsXmlTests.cs(84,39): warning CS8600: 将 null 文本或可能的 null 值转换为不可为 null 类型。 [/root/WorkSpace/CSharp/BannerlordModEditor/BannerlordModEditor.Common.Tests/BannerlordModEditor.Common.Tests.csproj]
         /root/WorkSpace/CSharp/BannerlordModEditor/BannerlordModEditor.Common.Tests/MpcosmeticsDetailedAnalysisTest.cs(137,33): warning CS8602: 解引用可能出现空引用。 [/root/WorkSpace/CSharp/BannerlordModEditor/BannerlordModEditor.Common.Tests/BannerlordModEditor.Common.Tests.csproj]
         /root/WorkSpace/CSharp/BannerlordModEditor/BannerlordModEditor.Common.Tests/NativeSkillSetsXmlTests.cs(27,35): warning CS8600: 将 null 文本或可能的 null 值转换为不可为 null 类型。 [/root/WorkSpace/CSharp/BannerlordModEditor/BannerlordModEditor.Common.Tests/BannerlordModEditor.Common.Tests.csproj]
         /root/WorkSpace/CSharp/BannerlordModEditor/BannerlordModEditor.Common.Tests/NativeSkillSetsXmlTests.cs(61,26): warning CS8602: 解引用可能出现空引用。 [/root/WorkSpace/CSharp/BannerlordModEditor/BannerlordModEditor.Common.Tests/BannerlordModEditor.Common.Tests.csproj]
         /root/WorkSpace/CSharp/BannerlordModEditor/BannerlordModEditor.Common.Tests/NativeSkillSetsXmlTests.cs(61,59): warning CS8602: 解引用可能出现空引用。 [/root/WorkSpace/CSharp/BannerlordModEditor/BannerlordModEditor.Common.Tests/BannerlordModEditor.Common.Tests.csproj]
         /root/WorkSpace/CSharp/BannerlordModEditor/BannerlordModEditor.Common.Tests/DataTests.cs(847,26): warning CS8600: 将 null 文本或可能的 null 值转换为不可为 null 类型。 [/root/WorkSpace/CSharp/BannerlordModEditor/BannerlordModEditor.Common.Tests/BannerlordModEditor.Common.Tests.csproj]
         /root/WorkSpace/CSharp/BannerlordModEditor/BannerlordModEditor.Common.Tests/DataTests.cs(850,25): warning CS8602: 解引用可能出现空引用。 [/root/WorkSpace/CSharp/BannerlordModEditor/BannerlordModEditor.Common.Tests/BannerlordModEditor.Common.Tests.csproj]
         /root/WorkSpace/CSharp/BannerlordModEditor/BannerlordModEditor.Common.Tests/XmlTestUtils.cs(1274,34): warning CS8602: 解引用可能出现空引用。 [/root/WorkSpace/CSharp/BannerlordModEditor/BannerlordModEditor.Common.Tests/BannerlordModEditor.Common.Tests.csproj]
         /root/WorkSpace/CSharp/BannerlordModEditor/BannerlordModEditor.Common.Tests/ManagedCoreParametersXmlTests.cs(467,35): warning CS8602: 解引用可能出现空引用。 [/root/WorkSpace/CSharp/BannerlordModEditor/BannerlordModEditor.Common.Tests/BannerlordModEditor.Common.Tests.csproj]
         /root/WorkSpace/CSharp/BannerlordModEditor/BannerlordModEditor.Common.Tests/ManagedCoreParametersXmlTests.cs(467,35): warning CS8602: 解引用可能出现空引用。 [/root/WorkSpace/CSharp/BannerlordModEditor/BannerlordModEditor.Common.Tests/BannerlordModEditor.Common.Tests.csproj]
         /root/WorkSpace/CSharp/BannerlordModEditor/BannerlordModEditor.Common.Tests/NativeSkillSetsXmlTests.cs(84,35): warning CS8600: 将 null 文本或可能的 null 值转换为不可为 null 类型。 [/root/WorkSpace/CSharp/BannerlordModEditor/BannerlordModEditor.Common.Tests/BannerlordModEditor.Common.Tests.csproj]
         /root/WorkSpace/CSharp/BannerlordModEditor/BannerlordModEditor.Common.Tests/ParticleSystemsDebugTest.cs(31,28): warning CS8602: 解引用可能出现空引用。 [/root/WorkSpace/CSharp/BannerlordModEditor/BannerlordModEditor.Common.Tests/BannerlordModEditor.Common.Tests.csproj]
         /root/WorkSpace/CSharp/BannerlordModEditor/BannerlordModEditor.Common.Tests/ParticleSystemsDebugTest.cs(32,28): warning CS8602: 解引用可能出现空引用。 [/root/WorkSpace/CSharp/BannerlordModEditor/BannerlordModEditor.Common.Tests/BannerlordModEditor.Common.Tests.csproj]
         /root/WorkSpace/CSharp/BannerlordModEditor/BannerlordModEditor.Common.Tests/MpcosmeticsXmlTests.cs(226,21): warning CS8602: 解引用可能出现空引用。 [/root/WorkSpace/CSharp/BannerlordModEditor/BannerlordModEditor.Common.Tests/BannerlordModEditor.Common.Tests.csproj]
         /root/WorkSpace/CSharp/BannerlordModEditor/BannerlordModEditor.Common.Tests/MpcosmeticsXmlTests.cs(226,55): warning CS8602: 解引用可能出现空引用。 [/root/WorkSpace/CSharp/BannerlordModEditor/BannerlordModEditor.Common.Tests/BannerlordModEditor.Common.Tests.csproj]
         /root/WorkSpace/CSharp/BannerlordModEditor/BannerlordModEditor.Common.Tests/XmlTestUtils.cs(1297,86): warning CS8602: 解引用可能出现空引用。 [/root/WorkSpace/CSharp/BannerlordModEditor/BannerlordModEditor.Common.Tests/BannerlordModEditor.Common.Tests.csproj]
         /root/WorkSpace/CSharp/BannerlordModEditor/BannerlordModEditor.Common.Tests/MpcosmeticsXmlTests.cs(256,35): warning CS8602: 解引用可能出现空引用。 [/root/WorkSpace/CSharp/BannerlordModEditor/BannerlordModEditor.Common.Tests/BannerlordModEditor.Common.Tests.csproj]
         /root/WorkSpace/CSharp/BannerlordModEditor/BannerlordModEditor.Common.Tests/DataTests.cs(887,26): warning CS8600: 将 null 文本或可能的 null 值转换为不可为 null 类型。 [/root/WorkSpace/CSharp/BannerlordModEditor/BannerlordModEditor.Common.Tests/BannerlordModEditor.Common.Tests.csproj]
         /root/WorkSpace/CSharp/BannerlordModEditor/BannerlordModEditor.Common.Tests/DataTests.cs(890,25): warning CS8602: 解引用可能出现空引用。 [/root/WorkSpace/CSharp/BannerlordModEditor/BannerlordModEditor.Common.Tests/BannerlordModEditor.Common.Tests.csproj]
         /root/WorkSpace/CSharp/BannerlordModEditor/BannerlordModEditor.Common.Tests/ParticleSystemsDebugTest.cs(53,28): warning CS8602: 解引用可能出现空引用。 [/root/WorkSpace/CSharp/BannerlordModEditor/BannerlordModEditor.Common.Tests/BannerlordModEditor.Common.Tests.csproj]
         /root/WorkSpace/CSharp/BannerlordModEditor/BannerlordModEditor.Common.Tests/ParticleSystemsDebugTest.cs(54,28): warning CS8602: 解引用可能出现空引用。 [/root/WorkSpace/CSharp/BannerlordModEditor/BannerlordModEditor.Common.Tests/BannerlordModEditor.Common.Tests.csproj]
         /root/WorkSpace/CSharp/BannerlordModEditor/BannerlordModEditor.Common.Tests/DataTests.cs(931,26): warning CS8600: 将 null 文本或可能的 null 值转换为不可为 null 类型。 [/root/WorkSpace/CSharp/BannerlordModEditor/BannerlordModEditor.Common.Tests/BannerlordModEditor.Common.Tests.csproj]
         /root/WorkSpace/CSharp/BannerlordModEditor/BannerlordModEditor.Common.Tests/DataTests.cs(934,30): warning CS8602: 解引用可能出现空引用。 [/root/WorkSpace/CSharp/BannerlordModEditor/BannerlordModEditor.Common.Tests/BannerlordModEditor.Common.Tests.csproj]
         /root/WorkSpace/CSharp/BannerlordModEditor/BannerlordModEditor.Common.Tests/DataTests.cs(962,26): warning CS8600: 将 null 文本或可能的 null 值转换为不可为 null 类型。 [/root/WorkSpace/CSharp/BannerlordModEditor/BannerlordModEditor.Common.Tests/BannerlordModEditor.Common.Tests.csproj]
         /root/WorkSpace/CSharp/BannerlordModEditor/BannerlordModEditor.Common.Tests/DataTests.cs(965,23): warning CS8602: 解引用可能出现空引用。 [/root/WorkSpace/CSharp/BannerlordModEditor/BannerlordModEditor.Common.Tests/BannerlordModEditor.Common.Tests.csproj]
         /root/WorkSpace/CSharp/BannerlordModEditor/BannerlordModEditor.Common.Tests/MusicXmlTests.cs(220,70): warning CS8602: 解引用可能出现空引用。 [/root/WorkSpace/CSharp/BannerlordModEditor/BannerlordModEditor.Common.Tests/BannerlordModEditor.Common.Tests.csproj]
         /root/WorkSpace/CSharp/BannerlordModEditor/BannerlordModEditor.Common.Tests/ParticleSystemsDetailedAnalysisTest.cs(30,59): warning CS8604: “int ParticleSystemsDetailedAnalysisTest.CountElements(XElement element)”中的形参“element”可能传入 null 引用实参。 [/root/WorkSpace/CSharp/BannerlordModEditor/BannerlordModEditor.Common.Tests/BannerlordModEditor.Common.Tests.csproj]
         /root/WorkSpace/CSharp/BannerlordModEditor/BannerlordModEditor.Common.Tests/ParticleSystemsDetailedAnalysisTest.cs(31,61): warning CS8604: “int ParticleSystemsDetailedAnalysisTest.CountElements(XElement element)”中的形参“element”可能传入 null 引用实参。 [/root/WorkSpace/CSharp/BannerlordModEditor/BannerlordModEditor.Common.Tests/BannerlordModEditor.Common.Tests.csproj]
         /root/WorkSpace/CSharp/BannerlordModEditor/BannerlordModEditor.Common.Tests/ParticleSystemsDetailedAnalysisTest.cs(76,45): warning CS8602: 解引用可能出现空引用。 [/root/WorkSpace/CSharp/BannerlordModEditor/BannerlordModEditor.Common.Tests/BannerlordModEditor.Common.Tests.csproj]
         /root/WorkSpace/CSharp/BannerlordModEditor/BannerlordModEditor.Common.Tests/DataTests.cs(999,26): warning CS8600: 将 null 文本或可能的 null 值转换为不可为 null 类型。 [/root/WorkSpace/CSharp/BannerlordModEditor/BannerlordModEditor.Common.Tests/BannerlordModEditor.Common.Tests.csproj]
         /root/WorkSpace/CSharp/BannerlordModEditor/BannerlordModEditor.Common.Tests/DataTests.cs(1002,25): warning CS8602: 解引用可能出现空引用。 [/root/WorkSpace/CSharp/BannerlordModEditor/BannerlordModEditor.Common.Tests/BannerlordModEditor.Common.Tests.csproj]
         /root/WorkSpace/CSharp/BannerlordModEditor/BannerlordModEditor.Common.Tests/ParticleSystemsHardcodedMiscDetailedAnalysisTest.cs(66,33): warning CS8602: 解引用可能出现空引用。 [/root/WorkSpace/CSharp/BannerlordModEditor/BannerlordModEditor.Common.Tests/BannerlordModEditor.Common.Tests.csproj]
         /root/WorkSpace/CSharp/BannerlordModEditor/BannerlordModEditor.Common.Tests/ParticleSystemsHardcodedMiscDirectTest.cs(22,34): warning CS8602: 解引用可能出现空引用。 [/root/WorkSpace/CSharp/BannerlordModEditor/BannerlordModEditor.Common.Tests/BannerlordModEditor.Common.Tests.csproj]
         /root/WorkSpace/CSharp/BannerlordModEditor/BannerlordModEditor.Common.Tests/DataTests.cs(1034,26): warning CS8600: 将 null 文本或可能的 null 值转换为不可为 null 类型。 [/root/WorkSpace/CSharp/BannerlordModEditor/BannerlordModEditor.Common.Tests/BannerlordModEditor.Common.Tests.csproj]
         /root/WorkSpace/CSharp/BannerlordModEditor/BannerlordModEditor.Common.Tests/DataTests.cs(1037,37): warning CS8602: 解引用可能出现空引用。 [/root/WorkSpace/CSharp/BannerlordModEditor/BannerlordModEditor.Common.Tests/BannerlordModEditor.Common.Tests.csproj]
         /root/WorkSpace/CSharp/BannerlordModEditor/BannerlordModEditor.Common.Tests/DataTests.cs(1039,21): warning CS8602: 解引用可能出现空引用。 [/root/WorkSpace/CSharp/BannerlordModEditor/BannerlordModEditor.Common.Tests/BannerlordModEditor.Common.Tests.csproj]
         /root/WorkSpace/CSharp/BannerlordModEditor/BannerlordModEditor.Common.Tests/ParticleSystemsDOUnitTests.cs(656,69): warning CS8625: 无法将 null 字面量转换为非 null 的引用类型。 [/root/WorkSpace/CSharp/BannerlordModEditor/BannerlordModEditor.Common.Tests/BannerlordModEditor.Common.Tests.csproj]
         /root/WorkSpace/CSharp/BannerlordModEditor/BannerlordModEditor.Common.Tests/DataTests.cs(1068,26): warning CS8600: 将 null 文本或可能的 null 值转换为不可为 null 类型。 [/root/WorkSpace/CSharp/BannerlordModEditor/BannerlordModEditor.Common.Tests/BannerlordModEditor.Common.Tests.csproj]
         /root/WorkSpace/CSharp/BannerlordModEditor/BannerlordModEditor.Common.Tests/DataTests.cs(1071,37): warning CS8602: 解引用可能出现空引用。 [/root/WorkSpace/CSharp/BannerlordModEditor/BannerlordModEditor.Common.Tests/BannerlordModEditor.Common.Tests.csproj]
         /root/WorkSpace/CSharp/BannerlordModEditor/BannerlordModEditor.Common.Tests/DataTests.cs(1077,21): warning CS8602: 解引用可能出现空引用。 [/root/WorkSpace/CSharp/BannerlordModEditor/BannerlordModEditor.Common.Tests/BannerlordModEditor.Common.Tests.csproj]
         /root/WorkSpace/CSharp/BannerlordModEditor/BannerlordModEditor.Common.Tests/DataTests.cs(1077,21): warning CS8601: 可能的 null 引用赋值。 [/root/WorkSpace/CSharp/BannerlordModEditor/BannerlordModEditor.Common.Tests/BannerlordModEditor.Common.Tests.csproj]
         /root/WorkSpace/CSharp/BannerlordModEditor/BannerlordModEditor.Common.Tests/DataTests.cs(1077,38): warning CS8601: 可能的 null 引用赋值。 [/root/WorkSpace/CSharp/BannerlordModEditor/BannerlordModEditor.Common.Tests/BannerlordModEditor.Common.Tests.csproj]
         /root/WorkSpace/CSharp/BannerlordModEditor/BannerlordModEditor.Common.Tests/DataTests.cs(1077,55): warning CS8601: 可能的 null 引用赋值。 [/root/WorkSpace/CSharp/BannerlordModEditor/BannerlordModEditor.Common.Tests/BannerlordModEditor.Common.Tests.csproj]
         /root/WorkSpace/CSharp/BannerlordModEditor/BannerlordModEditor.Common.Tests/DataTests.cs(1077,70): warning CS8601: 可能的 null 引用赋值。 [/root/WorkSpace/CSharp/BannerlordModEditor/BannerlordModEditor.Common.Tests/BannerlordModEditor.Common.Tests.csproj]
         /root/WorkSpace/CSharp/BannerlordModEditor/BannerlordModEditor.Common.Tests/DataTests.cs(1078,21): warning CS8601: 可能的 null 引用赋值。 [/root/WorkSpace/CSharp/BannerlordModEditor/BannerlordModEditor.Common.Tests/BannerlordModEditor.Common.Tests.csproj]
         /root/WorkSpace/CSharp/BannerlordModEditor/BannerlordModEditor.Common.Tests/DataTests.cs(1078,38): warning CS8601: 可能的 null 引用赋值。 [/root/WorkSpace/CSharp/BannerlordModEditor/BannerlordModEditor.Common.Tests/BannerlordModEditor.Common.Tests.csproj]
         /root/WorkSpace/CSharp/BannerlordModEditor/BannerlordModEditor.Common.Tests/DataTests.cs(1078,61): warning CS8601: 可能的 null 引用赋值。 [/root/WorkSpace/CSharp/BannerlordModEditor/BannerlordModEditor.Common.Tests/BannerlordModEditor.Common.Tests.csproj]
         /root/WorkSpace/CSharp/BannerlordModEditor/BannerlordModEditor.Common.Tests/DataTests.cs(1078,78): warning CS8601: 可能的 null 引用赋值。 [/root/WorkSpace/CSharp/BannerlordModEditor/BannerlordModEditor.Common.Tests/BannerlordModEditor.Common.Tests.csproj]
         /root/WorkSpace/CSharp/BannerlordModEditor/BannerlordModEditor.Common.Tests/DataTests.cs(1079,21): warning CS8601: 可能的 null 引用赋值。 [/root/WorkSpace/CSharp/BannerlordModEditor/BannerlordModEditor.Common.Tests/BannerlordModEditor.Common.Tests.csproj]
         /root/WorkSpace/CSharp/BannerlordModEditor/BannerlordModEditor.Common.Tests/DataTests.cs(1079,39): warning CS8601: 可能的 null 引用赋值。 [/root/WorkSpace/CSharp/BannerlordModEditor/BannerlordModEditor.Common.Tests/BannerlordModEditor.Common.Tests.csproj]
         /root/WorkSpace/CSharp/BannerlordModEditor/BannerlordModEditor.Common.Tests/DataTests.cs(1079,54): warning CS8601: 可能的 null 引用赋值。 [/root/WorkSpace/CSharp/BannerlordModEditor/BannerlordModEditor.Common.Tests/BannerlordModEditor.Common.Tests.csproj]
         /root/WorkSpace/CSharp/BannerlordModEditor/BannerlordModEditor.Common.Tests/DataTests.cs(1079,71): warning CS8601: 可能的 null 引用赋值。 [/root/WorkSpace/CSharp/BannerlordModEditor/BannerlordModEditor.Common.Tests/BannerlordModEditor.Common.Tests.csproj]
         /root/WorkSpace/CSharp/BannerlordModEditor/BannerlordModEditor.Common.Tests/DataTests.cs(1080,21): warning CS8601: 可能的 null 引用赋值。 [/root/WorkSpace/CSharp/BannerlordModEditor/BannerlordModEditor.Common.Tests/BannerlordModEditor.Common.Tests.csproj]
         /root/WorkSpace/CSharp/BannerlordModEditor/BannerlordModEditor.Common.Tests/DataTests.cs(1080,39): warning CS8601: 可能的 null 引用赋值。 [/root/WorkSpace/CSharp/BannerlordModEditor/BannerlordModEditor.Common.Tests/BannerlordModEditor.Common.Tests.csproj]
         /root/WorkSpace/CSharp/BannerlordModEditor/BannerlordModEditor.Common.Tests/DataTests.cs(1080,62): warning CS8601: 可能的 null 引用赋值。 [/root/WorkSpace/CSharp/BannerlordModEditor/BannerlordModEditor.Common.Tests/BannerlordModEditor.Common.Tests.csproj]
         /root/WorkSpace/CSharp/BannerlordModEditor/BannerlordModEditor.Common.Tests/DataTests.cs(1080,80): warning CS8601: 可能的 null 引用赋值。 [/root/WorkSpace/CSharp/BannerlordModEditor/BannerlordModEditor.Common.Tests/BannerlordModEditor.Common.Tests.csproj]
         /root/WorkSpace/CSharp/BannerlordModEditor/BannerlordModEditor.Common.Tests/DataTests.cs(1081,21): warning CS8601: 可能的 null 引用赋值。 [/root/WorkSpace/CSharp/BannerlordModEditor/BannerlordModEditor.Common.Tests/BannerlordModEditor.Common.Tests.csproj]
         /root/WorkSpace/CSharp/BannerlordModEditor/BannerlordModEditor.Common.Tests/DataTests.cs(1081,36): warning CS8601: 可能的 null 引用赋值。 [/root/WorkSpace/CSharp/BannerlordModEditor/BannerlordModEditor.Common.Tests/BannerlordModEditor.Common.Tests.csproj]
         /root/WorkSpace/CSharp/BannerlordModEditor/BannerlordModEditor.Common.Tests/DataTests.cs(1081,58): warning CS8601: 可能的 null 引用赋值。 [/root/WorkSpace/CSharp/BannerlordModEditor/BannerlordModEditor.Common.Tests/BannerlordModEditor.Common.Tests.csproj]
         /root/WorkSpace/CSharp/BannerlordModEditor/BannerlordModEditor.Common.Tests/DataTests.cs(1081,81): warning CS8601: 可能的 null 引用赋值。 [/root/WorkSpace/CSharp/BannerlordModEditor/BannerlordModEditor.Common.Tests/BannerlordModEditor.Common.Tests.csproj]
         /root/WorkSpace/CSharp/BannerlordModEditor/BannerlordModEditor.Common.Tests/DataTests.cs(1103,26): warning CS8600: 将 null 文本或可能的 null 值转换为不可为 null 类型。 [/root/WorkSpace/CSharp/BannerlordModEditor/BannerlordModEditor.Common.Tests/BannerlordModEditor.Common.Tests.csproj]
         /root/WorkSpace/CSharp/BannerlordModEditor/BannerlordModEditor.Common.Tests/ParticleSystemsDORegressionTests.cs(426,97): warning CS8601: 可能的 null 引用赋值。 [/root/WorkSpace/CSharp/BannerlordModEditor/BannerlordModEditor.Common.Tests/BannerlordModEditor.Common.Tests.csproj]
         /root/WorkSpace/CSharp/BannerlordModEditor/BannerlordModEditor.Common.Tests/DataTests.cs(1120,26): warning CS8600: 将 null 文本或可能的 null 值转换为不可为 null 类型。 [/root/WorkSpace/CSharp/BannerlordModEditor/BannerlordModEditor.Common.Tests/BannerlordModEditor.Common.Tests.csproj]
         /root/WorkSpace/CSharp/BannerlordModEditor/BannerlordModEditor.Common.Tests/DataTests.cs(1123,35): warning CS8602: 解引用可能出现空引用。 [/root/WorkSpace/CSharp/BannerlordModEditor/BannerlordModEditor.Common.Tests/BannerlordModEditor.Common.Tests.csproj]
         /root/WorkSpace/CSharp/BannerlordModEditor/BannerlordModEditor.Common.Tests/XmlTestUtils.cs(1647,45): warning CS8625: 无法将 null 字面量转换为非 null 的引用类型。 [/root/WorkSpace/CSharp/BannerlordModEditor/BannerlordModEditor.Common.Tests/BannerlordModEditor.Common.Tests.csproj]
         /root/WorkSpace/CSharp/BannerlordModEditor/BannerlordModEditor.Common.Tests/XmlTestUtils.cs(1648,46): warning CS8625: 无法将 null 字面量转换为非 null 的引用类型。 [/root/WorkSpace/CSharp/BannerlordModEditor/BannerlordModEditor.Common.Tests/BannerlordModEditor.Common.Tests.csproj]
         /root/WorkSpace/CSharp/BannerlordModEditor/BannerlordModEditor.Common.Tests/XmlTestUtils.cs(1649,46): warning CS8625: 无法将 null 字面量转换为非 null 的引用类型。 [/root/WorkSpace/CSharp/BannerlordModEditor/BannerlordModEditor.Common.Tests/BannerlordModEditor.Common.Tests.csproj]
         /root/WorkSpace/CSharp/BannerlordModEditor/BannerlordModEditor.Common.Tests/XmlTestUtils.cs(1650,50): warning CS8625: 无法将 null 字面量转换为非 null 的引用类型。 [/root/WorkSpace/CSharp/BannerlordModEditor/BannerlordModEditor.Common.Tests/BannerlordModEditor.Common.Tests.csproj]
         /root/WorkSpace/CSharp/BannerlordModEditor/BannerlordModEditor.Common.Tests/XmlTestUtils.cs(1651,47): warning CS8625: 无法将 null 字面量转换为非 null 的引用类型。 [/root/WorkSpace/CSharp/BannerlordModEditor/BannerlordModEditor.Common.Tests/BannerlordModEditor.Common.Tests.csproj]
         /root/WorkSpace/CSharp/BannerlordModEditor/BannerlordModEditor.Common.Tests/XmlTestUtils.cs(1652,59): warning CS8625: 无法将 null 字面量转换为非 null 的引用类型。 [/root/WorkSpace/CSharp/BannerlordModEditor/BannerlordModEditor.Common.Tests/BannerlordModEditor.Common.Tests.csproj]
         /root/WorkSpace/CSharp/BannerlordModEditor/BannerlordModEditor.Common.Tests/XmlTestUtils.cs(1653,61): warning CS8625: 无法将 null 字面量转换为非 null 的引用类型。 [/root/WorkSpace/CSharp/BannerlordModEditor/BannerlordModEditor.Common.Tests/BannerlordModEditor.Common.Tests.csproj]
         /root/WorkSpace/CSharp/BannerlordModEditor/BannerlordModEditor.Common.Tests/XmlTestUtils.cs(1654,53): warning CS8625: 无法将 null 字面量转换为非 null 的引用类型。 [/root/WorkSpace/CSharp/BannerlordModEditor/BannerlordModEditor.Common.Tests/BannerlordModEditor.Common.Tests.csproj]
         /root/WorkSpace/CSharp/BannerlordModEditor/BannerlordModEditor.Common.Tests/XmlTestUtils.cs(1655,50): warning CS8625: 无法将 null 字面量转换为非 null 的引用类型。 [/root/WorkSpace/CSharp/BannerlordModEditor/BannerlordModEditor.Common.Tests/BannerlordModEditor.Common.Tests.csproj]
         /root/WorkSpace/CSharp/BannerlordModEditor/BannerlordModEditor.Common.Tests/XmlTestUtils.cs(1656,53): warning CS8625: 无法将 null 字面量转换为非 null 的引用类型。 [/root/WorkSpace/CSharp/BannerlordModEditor/BannerlordModEditor.Common.Tests/BannerlordModEditor.Common.Tests.csproj]
         /root/WorkSpace/CSharp/BannerlordModEditor/BannerlordModEditor.Common.Tests/XmlTestUtils.cs(1657,57): warning CS8625: 无法将 null 字面量转换为非 null 的引用类型。 [/root/WorkSpace/CSharp/BannerlordModEditor/BannerlordModEditor.Common.Tests/BannerlordModEditor.Common.Tests.csproj]
         /root/WorkSpace/CSharp/BannerlordModEditor/BannerlordModEditor.Common.Tests/XmlTestUtils.cs(1658,46): warning CS8625: 无法将 null 字面量转换为非 null 的引用类型。 [/root/WorkSpace/CSharp/BannerlordModEditor/BannerlordModEditor.Common.Tests/BannerlordModEditor.Common.Tests.csproj]
         /root/WorkSpace/CSharp/BannerlordModEditor/BannerlordModEditor.Common.Tests/XmlTestUtils.cs(1659,51): warning CS8625: 无法将 null 字面量转换为非 null 的引用类型。 [/root/WorkSpace/CSharp/BannerlordModEditor/BannerlordModEditor.Common.Tests/BannerlordModEditor.Common.Tests.csproj]
         /root/WorkSpace/CSharp/BannerlordModEditor/BannerlordModEditor.Common.Tests/XmlTestUtils.cs(1660,60): warning CS8625: 无法将 null 字面量转换为非 null 的引用类型。 [/root/WorkSpace/CSharp/BannerlordModEditor/BannerlordModEditor.Common.Tests/BannerlordModEditor.Common.Tests.csproj]
         /root/WorkSpace/CSharp/BannerlordModEditor/BannerlordModEditor.Common.Tests/XmlTestUtils.cs(1661,50): warning CS8625: 无法将 null 字面量转换为非 null 的引用类型。 [/root/WorkSpace/CSharp/BannerlordModEditor/BannerlordModEditor.Common.Tests/BannerlordModEditor.Common.Tests.csproj]
         /root/WorkSpace/CSharp/BannerlordModEditor/BannerlordModEditor.Common.Tests/XmlTestUtils.cs(1712,33): warning CS8625: 无法将 null 字面量转换为非 null 的引用类型。 [/root/WorkSpace/CSharp/BannerlordModEditor/BannerlordModEditor.Common.Tests/BannerlordModEditor.Common.Tests.csproj]
         /root/WorkSpace/CSharp/BannerlordModEditor/BannerlordModEditor.Common.Tests/XmlTestUtils.cs(1713,35): warning CS8625: 无法将 null 字面量转换为非 null 的引用类型。 [/root/WorkSpace/CSharp/BannerlordModEditor/BannerlordModEditor.Common.Tests/BannerlordModEditor.Common.Tests.csproj]
         /root/WorkSpace/CSharp/BannerlordModEditor/BannerlordModEditor.Common.Tests/XmlTestUtils.cs(1714,37): warning CS8625: 无法将 null 字面量转换为非 null 的引用类型。 [/root/WorkSpace/CSharp/BannerlordModEditor/BannerlordModEditor.Common.Tests/BannerlordModEditor.Common.Tests.csproj]
         /root/WorkSpace/CSharp/BannerlordModEditor/BannerlordModEditor.Common.Tests/XmlTestUtils.cs(1715,37): warning CS8625: 无法将 null 字面量转换为非 null 的引用类型。 [/root/WorkSpace/CSharp/BannerlordModEditor/BannerlordModEditor.Common.Tests/BannerlordModEditor.Common.Tests.csproj]
         /root/WorkSpace/CSharp/BannerlordModEditor/BannerlordModEditor.Common.Tests/XmlTestUtils.cs(1729,30): warning CS8602: 解引用可能出现空引用。 [/root/WorkSpace/CSharp/BannerlordModEditor/BannerlordModEditor.Common.Tests/BannerlordModEditor.Common.Tests.csproj]
         /root/WorkSpace/CSharp/BannerlordModEditor/BannerlordModEditor.Common.Tests/DataTests.cs(1141,26): warning CS8600: 将 null 文本或可能的 null 值转换为不可为 null 类型。 [/root/WorkSpace/CSharp/BannerlordModEditor/BannerlordModEditor.Common.Tests/BannerlordModEditor.Common.Tests.csproj]
         /root/WorkSpace/CSharp/BannerlordModEditor/BannerlordModEditor.Common.Tests/DataTests.cs(1144,32): warning CS8602: 解引用可能出现空引用。 [/root/WorkSpace/CSharp/BannerlordModEditor/BannerlordModEditor.Common.Tests/BannerlordModEditor.Common.Tests.csproj]
         /root/WorkSpace/CSharp/BannerlordModEditor/BannerlordModEditor.Common.Tests/DataTests.cs(1172,26): warning CS8600: 将 null 文本或可能的 null 值转换为不可为 null 类型。 [/root/WorkSpace/CSharp/BannerlordModEditor/BannerlordModEditor.Common.Tests/BannerlordModEditor.Common.Tests.csproj]
         /root/WorkSpace/CSharp/BannerlordModEditor/BannerlordModEditor.Common.Tests/DataTests.cs(1175,37): warning CS8602: 解引用可能出现空引用。 [/root/WorkSpace/CSharp/BannerlordModEditor/BannerlordModEditor.Common.Tests/BannerlordModEditor.Common.Tests.csproj]
         /root/WorkSpace/CSharp/BannerlordModEditor/BannerlordModEditor.Common.Tests/Services/XmlTestUtilsSimple.cs(15,20): warning CS8600: 将 null 文本或可能的 null 值转换为不可为 null 类型。 [/root/WorkSpace/CSharp/BannerlordModEditor/BannerlordModEditor.Common.Tests/BannerlordModEditor.Common.Tests.csproj]
         /root/WorkSpace/CSharp/BannerlordModEditor/BannerlordModEditor.Common.Tests/Services/XmlTestUtilsSimple.cs(15,20): warning CS8603: 可能返回 null 引用。 [/root/WorkSpace/CSharp/BannerlordModEditor/BannerlordModEditor.Common.Tests/BannerlordModEditor.Common.Tests.csproj]
         /root/WorkSpace/CSharp/BannerlordModEditor/BannerlordModEditor.Common.Tests/Services/XmlTestUtilsSimple.cs(42,34): warning CS8604: “bool XmlTestUtils.XmlNodesEqual(XmlNode a, XmlNode b)”中的形参“a”可能传入 null 引用实参。 [/root/WorkSpace/CSharp/BannerlordModEditor/BannerlordModEditor.Common.Tests/BannerlordModEditor.Common.Tests.csproj]
         /root/WorkSpace/CSharp/BannerlordModEditor/BannerlordModEditor.Common.Tests/Services/XmlTestUtilsSimple.cs(42,56): warning CS8604: “bool XmlTestUtils.XmlNodesEqual(XmlNode a, XmlNode b)”中的形参“b”可能传入 null 引用实参。 [/root/WorkSpace/CSharp/BannerlordModEditor/BannerlordModEditor.Common.Tests/BannerlordModEditor.Common.Tests.csproj]
         /root/WorkSpace/CSharp/BannerlordModEditor/BannerlordModEditor.Common.Tests/Services/XmlTestUtilsSimple.cs(52,50): warning CS8604: “bool XmlTestUtils.XmlNodesEqualIgnoreNamespaces(XmlNode a, XmlNode b)”中的形参“a”可能传入 null 引用实参。 [/root/WorkSpace/CSharp/BannerlordModEditor/BannerlordModEditor.Common.Tests/BannerlordModEditor.Common.Tests.csproj]
         /root/WorkSpace/CSharp/BannerlordModEditor/BannerlordModEditor.Common.Tests/Services/XmlTestUtilsSimple.cs(52,72): warning CS8604: “bool XmlTestUtils.XmlNodesEqualIgnoreNamespaces(XmlNode a, XmlNode b)”中的形参“b”可能传入 null 引用实参。 [/root/WorkSpace/CSharp/BannerlordModEditor/BannerlordModEditor.Common.Tests/BannerlordModEditor.Common.Tests.csproj]
         /root/WorkSpace/CSharp/BannerlordModEditor/BannerlordModEditor.Common.Tests/Services/XmlTestUtilsSimple.cs(65,33): warning CS8602: 解引用可能出现空引用。 [/root/WorkSpace/CSharp/BannerlordModEditor/BannerlordModEditor.Common.Tests/BannerlordModEditor.Common.Tests.csproj]
         /root/WorkSpace/CSharp/BannerlordModEditor/BannerlordModEditor.Common.Tests/Services/XmlTestUtilsSimple.cs(74,21): warning CS8602: 解引用可能出现空引用。 [/root/WorkSpace/CSharp/BannerlordModEditor/BannerlordModEditor.Common.Tests/BannerlordModEditor.Common.Tests.csproj]
         /root/WorkSpace/CSharp/BannerlordModEditor/BannerlordModEditor.Common.Tests/Services/XmlTestUtilsSimple.cs(76,21): warning CS8602: 解引用可能出现空引用。 [/root/WorkSpace/CSharp/BannerlordModEditor/BannerlordModEditor.Common.Tests/BannerlordModEditor.Common.Tests.csproj]
         /root/WorkSpace/CSharp/BannerlordModEditor/BannerlordModEditor.Common.Tests/Services/XmlTestUtilsSimple.cs(81,48): warning CS8602: 解引用可能出现空引用。 [/root/WorkSpace/CSharp/BannerlordModEditor/BannerlordModEditor.Common.Tests/BannerlordModEditor.Common.Tests.csproj]
         /root/WorkSpace/CSharp/BannerlordModEditor/BannerlordModEditor.Common.Tests/Services/XmlTestUtilsSimple.cs(82,48): warning CS8602: 解引用可能出现空引用。 [/root/WorkSpace/CSharp/BannerlordModEditor/BannerlordModEditor.Common.Tests/BannerlordModEditor.Common.Tests.csproj]
         /root/WorkSpace/CSharp/BannerlordModEditor/BannerlordModEditor.Common.Tests/Services/XmlTestUtilsSimple.cs(85,40): warning CS8604: “bool XmlTestUtils.XmlNodesEqual(XmlNode a, XmlNode b)”中的形参“a”可能传入 null 引用实参。 [/root/WorkSpace/CSharp/BannerlordModEditor/BannerlordModEditor.Common.Tests/BannerlordModEditor.Common.Tests.csproj]
         /root/WorkSpace/CSharp/BannerlordModEditor/BannerlordModEditor.Common.Tests/Services/XmlTestUtilsSimple.cs(85,55): warning CS8604: “bool XmlTestUtils.XmlNodesEqual(XmlNode a, XmlNode b)”中的形参“b”可能传入 null 引用实参。 [/root/WorkSpace/CSharp/BannerlordModEditor/BannerlordModEditor.Common.Tests/BannerlordModEditor.Common.Tests.csproj]
         /root/WorkSpace/CSharp/BannerlordModEditor/BannerlordModEditor.Common.Tests/DataTests.cs(1193,26): warning CS8600: 将 null 文本或可能的 null 值转换为不可为 null 类型。 [/root/WorkSpace/CSharp/BannerlordModEditor/BannerlordModEditor.Common.Tests/BannerlordModEditor.Common.Tests.csproj]
         /root/WorkSpace/CSharp/BannerlordModEditor/BannerlordModEditor.Common.Tests/DataTests.cs(1196,32): warning CS8602: 解引用可能出现空引用。 [/root/WorkSpace/CSharp/BannerlordModEditor/BannerlordModEditor.Common.Tests/BannerlordModEditor.Common.Tests.csproj]
         /root/WorkSpace/CSharp/BannerlordModEditor/BannerlordModEditor.Common.Tests/Services/XmlTestUtilsSimple.cs(103,60): warning CS8604: “XmlAttributeCollection XmlTestUtils.FilterNamespaceAttributes(XmlAttributeCollection attributes)”中的形参“attributes”可能传入 null 引用实参。 [/root/WorkSpace/CSharp/BannerlordModEditor/BannerlordModEditor.Common.Tests/BannerlordModEditor.Common.Tests.csproj]
         /root/WorkSpace/CSharp/BannerlordModEditor/BannerlordModEditor.Common.Tests/Services/XmlTestUtilsSimple.cs(104,60): warning CS8604: “XmlAttributeCollection XmlTestUtils.FilterNamespaceAttributes(XmlAttributeCollection attributes)”中的形参“attributes”可能传入 null 引用实参。 [/root/WorkSpace/CSharp/BannerlordModEditor/BannerlordModEditor.Common.Tests/BannerlordModEditor.Common.Tests.csproj]
         /root/WorkSpace/CSharp/BannerlordModEditor/BannerlordModEditor.Common.Tests/Services/XmlTestUtilsSimple.cs(120,21): warning CS8602: 解引用可能出现空引用。 [/root/WorkSpace/CSharp/BannerlordModEditor/BannerlordModEditor.Common.Tests/BannerlordModEditor.Common.Tests.csproj]
         /root/WorkSpace/CSharp/BannerlordModEditor/BannerlordModEditor.Common.Tests/Services/XmlTestUtilsSimple.cs(122,21): warning CS8602: 解引用可能出现空引用。 [/root/WorkSpace/CSharp/BannerlordModEditor/BannerlordModEditor.Common.Tests/BannerlordModEditor.Common.Tests.csproj]
         /root/WorkSpace/CSharp/BannerlordModEditor/BannerlordModEditor.Common.Tests/Services/XmlTestUtilsSimple.cs(128,48): warning CS8602: 解引用可能出现空引用。 [/root/WorkSpace/CSharp/BannerlordModEditor/BannerlordModEditor.Common.Tests/BannerlordModEditor.Common.Tests.csproj]
         /root/WorkSpace/CSharp/BannerlordModEditor/BannerlordModEditor.Common.Tests/Services/XmlTestUtilsSimple.cs(129,48): warning CS8602: 解引用可能出现空引用。 [/root/WorkSpace/CSharp/BannerlordModEditor/BannerlordModEditor.Common.Tests/BannerlordModEditor.Common.Tests.csproj]
         /root/WorkSpace/CSharp/BannerlordModEditor/BannerlordModEditor.Common.Tests/Services/XmlTestUtilsSimple.cs(132,56): warning CS8604: “bool XmlTestUtils.XmlNodesEqualIgnoreNamespaces(XmlNode a, XmlNode b)”中的形参“a”可能传入 null 引用实参。 [/root/WorkSpace/CSharp/BannerlordModEditor/BannerlordModEditor.Common.Tests/BannerlordModEditor.Common.Tests.csproj]
         /root/WorkSpace/CSharp/BannerlordModEditor/BannerlordModEditor.Common.Tests/Services/XmlTestUtilsSimple.cs(132,71): warning CS8604: “bool XmlTestUtils.XmlNodesEqualIgnoreNamespaces(XmlNode a, XmlNode b)”中的形参“b”可能传入 null 引用实参。 [/root/WorkSpace/CSharp/BannerlordModEditor/BannerlordModEditor.Common.Tests/BannerlordModEditor.Common.Tests.csproj]
         /root/WorkSpace/CSharp/BannerlordModEditor/BannerlordModEditor.Common.Tests/Services/XmlTestUtilsSimple.cs(142,44): warning CS8603: 可能返回 null 引用。 [/root/WorkSpace/CSharp/BannerlordModEditor/BannerlordModEditor.Common.Tests/BannerlordModEditor.Common.Tests.csproj]
         /root/WorkSpace/CSharp/BannerlordModEditor/BannerlordModEditor.Common.Tests/DataTests.cs(1227,26): warning CS8600: 将 null 文本或可能的 null 值转换为不可为 null 类型。 [/root/WorkSpace/CSharp/BannerlordModEditor/BannerlordModEditor.Common.Tests/BannerlordModEditor.Common.Tests.csproj]
         /root/WorkSpace/CSharp/BannerlordModEditor/BannerlordModEditor.Common.Tests/DataTests.cs(1230,34): warning CS8602: 解引用可能出现空引用。 [/root/WorkSpace/CSharp/BannerlordModEditor/BannerlordModEditor.Common.Tests/BannerlordModEditor.Common.Tests.csproj]
         /root/WorkSpace/CSharp/BannerlordModEditor/BannerlordModEditor.Common.Tests/DataTests.cs(1269,26): warning CS8600: 将 null 文本或可能的 null 值转换为不可为 null 类型。 [/root/WorkSpace/CSharp/BannerlordModEditor/BannerlordModEditor.Common.Tests/BannerlordModEditor.Common.Tests.csproj]
         /root/WorkSpace/CSharp/BannerlordModEditor/BannerlordModEditor.Common.Tests/DataTests.cs(1272,33): warning CS8602: 解引用可能出现空引用。 [/root/WorkSpace/CSharp/BannerlordModEditor/BannerlordModEditor.Common.Tests/BannerlordModEditor.Common.Tests.csproj]
         /root/WorkSpace/CSharp/BannerlordModEditor/BannerlordModEditor.Common.Tests/DataTests.cs(1308,26): warning CS8600: 将 null 文本或可能的 null 值转换为不可为 null 类型。 [/root/WorkSpace/CSharp/BannerlordModEditor/BannerlordModEditor.Common.Tests/BannerlordModEditor.Common.Tests.csproj]
         /root/WorkSpace/CSharp/BannerlordModEditor/BannerlordModEditor.Common.Tests/DataTests.cs(1311,33): warning CS8602: 解引用可能出现空引用。 [/root/WorkSpace/CSharp/BannerlordModEditor/BannerlordModEditor.Common.Tests/BannerlordModEditor.Common.Tests.csproj]
         /root/WorkSpace/CSharp/BannerlordModEditor/BannerlordModEditor.Common.Tests/SkeletonScalesXmlTests.cs(136,34): warning CS8602: 解引用可能出现空引用。 [/root/WorkSpace/CSharp/BannerlordModEditor/BannerlordModEditor.Common.Tests/BannerlordModEditor.Common.Tests.csproj]
         /root/WorkSpace/CSharp/BannerlordModEditor/BannerlordModEditor.Common.Tests/SkeletonScalesXmlTests.cs(142,51): warning CS8602: 解引用可能出现空引用。 [/root/WorkSpace/CSharp/BannerlordModEditor/BannerlordModEditor.Common.Tests/BannerlordModEditor.Common.Tests.csproj]
         /root/WorkSpace/CSharp/BannerlordModEditor/BannerlordModEditor.Common.Tests/DataTests.cs(1352,26): warning CS8600: 将 null 文本或可能的 null 值转换为不可为 null 类型。 [/root/WorkSpace/CSharp/BannerlordModEditor/BannerlordModEditor.Common.Tests/BannerlordModEditor.Common.Tests.csproj]
         /root/WorkSpace/CSharp/BannerlordModEditor/BannerlordModEditor.Common.Tests/DataTests.cs(1355,31): warning CS8602: 解引用可能出现空引用。 [/root/WorkSpace/CSharp/BannerlordModEditor/BannerlordModEditor.Common.Tests/BannerlordModEditor.Common.Tests.csproj]
         /root/WorkSpace/CSharp/BannerlordModEditor/BannerlordModEditor.Common.Tests/DataTests.cs(1389,26): warning CS8600: 将 null 文本或可能的 null 值转换为不可为 null 类型。 [/root/WorkSpace/CSharp/BannerlordModEditor/BannerlordModEditor.Common.Tests/BannerlordModEditor.Common.Tests.csproj]
         /root/WorkSpace/CSharp/BannerlordModEditor/BannerlordModEditor.Common.Tests/DataTests.cs(1406,26): warning CS8600: 将 null 文本或可能的 null 值转换为不可为 null 类型。 [/root/WorkSpace/CSharp/BannerlordModEditor/BannerlordModEditor.Common.Tests/BannerlordModEditor.Common.Tests.csproj]
         /root/WorkSpace/CSharp/BannerlordModEditor/BannerlordModEditor.Common.Tests/DataTests.cs(1409,39): warning CS8602: 解引用可能出现空引用。 [/root/WorkSpace/CSharp/BannerlordModEditor/BannerlordModEditor.Common.Tests/BannerlordModEditor.Common.Tests.csproj]
         /root/WorkSpace/CSharp/BannerlordModEditor/BannerlordModEditor.Common.Tests/SoundFilesXmlTests.cs(75,29): warning CS8602: 解引用可能出现空引用。 [/root/WorkSpace/CSharp/BannerlordModEditor/BannerlordModEditor.Common.Tests/BannerlordModEditor.Common.Tests.csproj]
         /root/WorkSpace/CSharp/BannerlordModEditor/BannerlordModEditor.Common.Tests/SoundFilesXmlTests.cs(86,29): warning CS8602: 解引用可能出现空引用。 [/root/WorkSpace/CSharp/BannerlordModEditor/BannerlordModEditor.Common.Tests/BannerlordModEditor.Common.Tests.csproj]
         /root/WorkSpace/CSharp/BannerlordModEditor/BannerlordModEditor.Common.Tests/SoundAndCoreParametersTests.cs(134,35): warning CS8602: 解引用可能出现空引用。 [/root/WorkSpace/CSharp/BannerlordModEditor/BannerlordModEditor.Common.Tests/BannerlordModEditor.Common.Tests.csproj]
         /root/WorkSpace/CSharp/BannerlordModEditor/BannerlordModEditor.Common.Tests/SoundAndCoreParametersTests.cs(141,58): warning CS8602: 解引用可能出现空引用。 [/root/WorkSpace/CSharp/BannerlordModEditor/BannerlordModEditor.Common.Tests/BannerlordModEditor.Common.Tests.csproj]
         /root/WorkSpace/CSharp/BannerlordModEditor/BannerlordModEditor.Common.Tests/SoundAndCoreParametersTests.cs(142,57): warning CS8602: 解引用可能出现空引用。 [/root/WorkSpace/CSharp/BannerlordModEditor/BannerlordModEditor.Common.Tests/BannerlordModEditor.Common.Tests.csproj]
         /root/WorkSpace/CSharp/BannerlordModEditor/BannerlordModEditor.Common.Tests/SoundAndCoreParametersTests.cs(148,25): warning CS8602: 解引用可能出现空引用。 [/root/WorkSpace/CSharp/BannerlordModEditor/BannerlordModEditor.Common.Tests/BannerlordModEditor.Common.Tests.csproj]
         /root/WorkSpace/CSharp/BannerlordModEditor/BannerlordModEditor.Common.Tests/SoundFilesXmlTests.cs(116,50): warning CS8604: “bool HashSet<string>.Contains(string item)”中的形参“item”可能传入 null 引用实参。 [/root/WorkSpace/CSharp/BannerlordModEditor/BannerlordModEditor.Common.Tests/BannerlordModEditor.Common.Tests.csproj]
         /root/WorkSpace/CSharp/BannerlordModEditor/BannerlordModEditor.Common.Tests/SoundFilesXmlTests.cs(123,50): warning CS8604: “bool HashSet<string>.Contains(string item)”中的形参“item”可能传入 null 引用实参。 [/root/WorkSpace/CSharp/BannerlordModEditor/BannerlordModEditor.Common.Tests/BannerlordModEditor.Common.Tests.csproj]
         /root/WorkSpace/CSharp/BannerlordModEditor/BannerlordModEditor.Common.Tests/TempDebugTest.cs(45,43): warning CS8602: 解引用可能出现空引用。 [/root/WorkSpace/CSharp/BannerlordModEditor/BannerlordModEditor.Common.Tests/BannerlordModEditor.Common.Tests.csproj]
         /root/WorkSpace/CSharp/BannerlordModEditor/BannerlordModEditor.Common.Tests/TempDebugTest.cs(46,44): warning CS8602: 解引用可能出现空引用。 [/root/WorkSpace/CSharp/BannerlordModEditor/BannerlordModEditor.Common.Tests/BannerlordModEditor.Common.Tests.csproj]
         /root/WorkSpace/CSharp/BannerlordModEditor/BannerlordModEditor.Common.Tests/SoundFilesXmlTests.cs(146,69): warning CS8602: 解引用可能出现空引用。 [/root/WorkSpace/CSharp/BannerlordModEditor/BannerlordModEditor.Common.Tests/BannerlordModEditor.Common.Tests.csproj]
         /root/WorkSpace/CSharp/BannerlordModEditor/BannerlordModEditor.Common.Tests/SoundFilesXmlTests.cs(147,71): warning CS8602: 解引用可能出现空引用。 [/root/WorkSpace/CSharp/BannerlordModEditor/BannerlordModEditor.Common.Tests/BannerlordModEditor.Common.Tests.csproj]
         /root/WorkSpace/CSharp/BannerlordModEditor/BannerlordModEditor.Common.Tests/SoundFilesXmlTests.cs(176,28): warning CS8714: 类型“string?”不能用作泛型类型或方法“Enumerable.ToDictionary<TSource, TKey, TElement>(IEnumerable<TSource>, Func<TSource, TKey>, Func<TSource, TElement>)”中的类型参数“TKey”。类型参数“string?”的为 Null 性与 "notnull" 约束不匹配。 [/root/WorkSpace/CSharp/BannerlordModEditor/BannerlordModEditor.Common.Tests/BannerlordModEditor.Common.Tests.csproj]
         /root/WorkSpace/CSharp/BannerlordModEditor/BannerlordModEditor.Common.Tests/SoundFilesXmlTests.cs(176,69): warning CS8621: “lambda 表达式”的返回类型中引用类型的为 Null 性与目标委托“Func<SoundFile, string?>”不匹配(可能是由于为 Null 性特性)。 [/root/WorkSpace/CSharp/BannerlordModEditor/BannerlordModEditor.Common.Tests/BannerlordModEditor.Common.Tests.csproj]
         /root/WorkSpace/CSharp/BannerlordModEditor/BannerlordModEditor.Common.Tests/SoundFilesXmlTests.cs(177,29): warning CS8714: 类型“string?”不能用作泛型类型或方法“Enumerable.ToDictionary<TSource, TKey, TElement>(IEnumerable<TSource>, Func<TSource, TKey>, Func<TSource, TElement>)”中的类型参数“TKey”。类型参数“string?”的为 Null 性与 "notnull" 约束不匹配。 [/root/WorkSpace/CSharp/BannerlordModEditor/BannerlordModEditor.Common.Tests/BannerlordModEditor.Common.Tests.csproj]
         /root/WorkSpace/CSharp/BannerlordModEditor/BannerlordModEditor.Common.Tests/SoundFilesXmlTests.cs(177,71): warning CS8621: “lambda 表达式”的返回类型中引用类型的为 Null 性与目标委托“Func<SoundFile, string?>”不匹配(可能是由于为 Null 性特性)。 [/root/WorkSpace/CSharp/BannerlordModEditor/BannerlordModEditor.Common.Tests/BannerlordModEditor.Common.Tests.csproj]
         /root/WorkSpace/CSharp/BannerlordModEditor/BannerlordModEditor.Common.Tests/DataTests.cs(1426,26): warning CS8600: 将 null 文本或可能的 null 值转换为不可为 null 类型。 [/root/WorkSpace/CSharp/BannerlordModEditor/BannerlordModEditor.Common.Tests/BannerlordModEditor.Common.Tests.csproj]
         /root/WorkSpace/CSharp/BannerlordModEditor/BannerlordModEditor.Common.Tests/DataTests.cs(1429,33): warning CS8602: 解引用可能出现空引用。 [/root/WorkSpace/CSharp/BannerlordModEditor/BannerlordModEditor.Common.Tests/BannerlordModEditor.Common.Tests.csproj]
         /root/WorkSpace/CSharp/BannerlordModEditor/BannerlordModEditor.Common.Tests/SoundFilesXmlTests.cs(218,22): warning CS8602: 解引用可能出现空引用。 [/root/WorkSpace/CSharp/BannerlordModEditor/BannerlordModEditor.Common.Tests/BannerlordModEditor.Common.Tests.csproj]
         /root/WorkSpace/CSharp/BannerlordModEditor/BannerlordModEditor.Common.Tests/SoundFilesXmlTests.cs(221,22): warning CS8602: 解引用可能出现空引用。 [/root/WorkSpace/CSharp/BannerlordModEditor/BannerlordModEditor.Common.Tests/BannerlordModEditor.Common.Tests.csproj]
         /root/WorkSpace/CSharp/BannerlordModEditor/BannerlordModEditor.Common.Tests/DataTests.cs(1467,26): warning CS8600: 将 null 文本或可能的 null 值转换为不可为 null 类型。 [/root/WorkSpace/CSharp/BannerlordModEditor/BannerlordModEditor.Common.Tests/BannerlordModEditor.Common.Tests.csproj]
         /root/WorkSpace/CSharp/BannerlordModEditor/BannerlordModEditor.Common.Tests/DataTests.cs(1470,32): warning CS8602: 解引用可能出现空引用。 [/root/WorkSpace/CSharp/BannerlordModEditor/BannerlordModEditor.Common.Tests/BannerlordModEditor.Common.Tests.csproj]
         /root/WorkSpace/CSharp/BannerlordModEditor/BannerlordModEditor.Common.Tests/SoundFilesXmlTests.cs(285,33): warning CS8714: 类型“string?”不能用作泛型类型或方法“Enumerable.ToDictionary<TSource, TKey, TElement>(IEnumerable<TSource>, Func<TSource, TKey>, Func<TSource, TElement>)”中的类型参数“TKey”。类型参数“string?”的为 Null 性与 "notnull" 约束不匹配。 [/root/WorkSpace/CSharp/BannerlordModEditor/BannerlordModEditor.Common.Tests/BannerlordModEditor.Common.Tests.csproj]
         /root/WorkSpace/CSharp/BannerlordModEditor/BannerlordModEditor.Common.Tests/SoundFilesXmlTests.cs(285,74): warning CS8621: “lambda 表达式”的返回类型中引用类型的为 Null 性与目标委托“Func<SoundFile, string?>”不匹配(可能是由于为 Null 性特性)。 [/root/WorkSpace/CSharp/BannerlordModEditor/BannerlordModEditor.Common.Tests/BannerlordModEditor.Common.Tests.csproj]
         /root/WorkSpace/CSharp/BannerlordModEditor/BannerlordModEditor.Common.Tests/SoundFilesXmlTests.cs(286,33): warning CS8714: 类型“string?”不能用作泛型类型或方法“Enumerable.ToDictionary<TSource, TKey, TElement>(IEnumerable<TSource>, Func<TSource, TKey>, Func<TSource, TElement>)”中的类型参数“TKey”。类型参数“string?”的为 Null 性与 "notnull" 约束不匹配。 [/root/WorkSpace/CSharp/BannerlordModEditor/BannerlordModEditor.Common.Tests/BannerlordModEditor.Common.Tests.csproj]
         /root/WorkSpace/CSharp/BannerlordModEditor/BannerlordModEditor.Common.Tests/SoundFilesXmlTests.cs(286,72): warning CS8621: “lambda 表达式”的返回类型中引用类型的为 Null 性与目标委托“Func<SoundFile, string?>”不匹配(可能是由于为 Null 性特性)。 [/root/WorkSpace/CSharp/BannerlordModEditor/BannerlordModEditor.Common.Tests/BannerlordModEditor.Common.Tests.csproj]
         /root/WorkSpace/CSharp/BannerlordModEditor/BannerlordModEditor.Common.Tests/DataTests.cs(1493,26): warning CS8600: 将 null 文本或可能的 null 值转换为不可为 null 类型。 [/root/WorkSpace/CSharp/BannerlordModEditor/BannerlordModEditor.Common.Tests/BannerlordModEditor.Common.Tests.csproj]
         /root/WorkSpace/CSharp/BannerlordModEditor/BannerlordModEditor.Common.Tests/DataTests.cs(1496,33): warning CS8602: 解引用可能出现空引用。 [/root/WorkSpace/CSharp/BannerlordModEditor/BannerlordModEditor.Common.Tests/BannerlordModEditor.Common.Tests.csproj]
         /root/WorkSpace/CSharp/BannerlordModEditor/BannerlordModEditor.Common.Tests/DataTests.cs(1523,26): warning CS8600: 将 null 文本或可能的 null 值转换为不可为 null 类型。 [/root/WorkSpace/CSharp/BannerlordModEditor/BannerlordModEditor.Common.Tests/BannerlordModEditor.Common.Tests.csproj]
         /root/WorkSpace/CSharp/BannerlordModEditor/BannerlordModEditor.Common.Tests/DataTests.cs(1526,37): warning CS8602: 解引用可能出现空引用。 [/root/WorkSpace/CSharp/BannerlordModEditor/BannerlordModEditor.Common.Tests/BannerlordModEditor.Common.Tests.csproj]
         /root/WorkSpace/CSharp/BannerlordModEditor/BannerlordModEditor.Common.Tests/DataTests.cs(1556,26): warning CS8600: 将 null 文本或可能的 null 值转换为不可为 null 类型。 [/root/WorkSpace/CSharp/BannerlordModEditor/BannerlordModEditor.Common.Tests/BannerlordModEditor.Common.Tests.csproj]
         /root/WorkSpace/CSharp/BannerlordModEditor/BannerlordModEditor.Common.Tests/DataTests.cs(1559,38): warning CS8602: 解引用可能出现空引用。 [/root/WorkSpace/CSharp/BannerlordModEditor/BannerlordModEditor.Common.Tests/BannerlordModEditor.Common.Tests.csproj]
         /root/WorkSpace/CSharp/BannerlordModEditor/BannerlordModEditor.Common.Tests/DataTests.cs(1596,26): warning CS8600: 将 null 文本或可能的 null 值转换为不可为 null 类型。 [/root/WorkSpace/CSharp/BannerlordModEditor/BannerlordModEditor.Common.Tests/BannerlordModEditor.Common.Tests.csproj]
         /root/WorkSpace/CSharp/BannerlordModEditor/BannerlordModEditor.Common.Tests/DataTests.cs(1599,40): warning CS8602: 解引用可能出现空引用。 [/root/WorkSpace/CSharp/BannerlordModEditor/BannerlordModEditor.Common.Tests/BannerlordModEditor.Common.Tests.csproj]
         /root/WorkSpace/CSharp/BannerlordModEditor/BannerlordModEditor.Common.Tests/DataTests.cs(1604,29): warning CS8602: 解引用可能出现空引用。 [/root/WorkSpace/CSharp/BannerlordModEditor/BannerlordModEditor.Common.Tests/BannerlordModEditor.Common.Tests.csproj]
         /root/WorkSpace/CSharp/BannerlordModEditor/BannerlordModEditor.Common.Tests/DataTests.cs(1638,26): warning CS8600: 将 null 文本或可能的 null 值转换为不可为 null 类型。 [/root/WorkSpace/CSharp/BannerlordModEditor/BannerlordModEditor.Common.Tests/BannerlordModEditor.Common.Tests.csproj]
         /root/WorkSpace/CSharp/BannerlordModEditor/BannerlordModEditor.Common.Tests/DataTests.cs(1641,43): warning CS8602: 解引用可能出现空引用。 [/root/WorkSpace/CSharp/BannerlordModEditor/BannerlordModEditor.Common.Tests/BannerlordModEditor.Common.Tests.csproj]
         /root/WorkSpace/CSharp/BannerlordModEditor/BannerlordModEditor.Common.Tests/DataTests.cs(1649,40): warning CS8602: 解引用可能出现空引用。 [/root/WorkSpace/CSharp/BannerlordModEditor/BannerlordModEditor.Common.Tests/BannerlordModEditor.Common.Tests.csproj]
         /root/WorkSpace/CSharp/BannerlordModEditor/BannerlordModEditor.Common.Tests/DataTests.cs(1671,26): warning CS8600: 将 null 文本或可能的 null 值转换为不可为 null 类型。 [/root/WorkSpace/CSharp/BannerlordModEditor/BannerlordModEditor.Common.Tests/BannerlordModEditor.Common.Tests.csproj]
         /root/WorkSpace/CSharp/BannerlordModEditor/BannerlordModEditor.Common.Tests/DataTests.cs(1688,26): warning CS8600: 将 null 文本或可能的 null 值转换为不可为 null 类型。 [/root/WorkSpace/CSharp/BannerlordModEditor/BannerlordModEditor.Common.Tests/BannerlordModEditor.Common.Tests.csproj]
         /root/WorkSpace/CSharp/BannerlordModEditor/BannerlordModEditor.Common.Tests/DataTests.cs(1691,41): warning CS8602: 解引用可能出现空引用。 [/root/WorkSpace/CSharp/BannerlordModEditor/BannerlordModEditor.Common.Tests/BannerlordModEditor.Common.Tests.csproj]
         /root/WorkSpace/CSharp/BannerlordModEditor/BannerlordModEditor.Common.Tests/DataTests.cs(1708,26): warning CS8600: 将 null 文本或可能的 null 值转换为不可为 null 类型。 [/root/WorkSpace/CSharp/BannerlordModEditor/BannerlordModEditor.Common.Tests/BannerlordModEditor.Common.Tests.csproj]
         /root/WorkSpace/CSharp/BannerlordModEditor/BannerlordModEditor.Common.Tests/DataTests.cs(1711,34): warning CS8602: 解引用可能出现空引用。 [/root/WorkSpace/CSharp/BannerlordModEditor/BannerlordModEditor.Common.Tests/BannerlordModEditor.Common.Tests.csproj]
         /root/WorkSpace/CSharp/BannerlordModEditor/BannerlordModEditor.Common.Tests/DataTests.cs(1741,26): warning CS8600: 将 null 文本或可能的 null 值转换为不可为 null 类型。 [/root/WorkSpace/CSharp/BannerlordModEditor/BannerlordModEditor.Common.Tests/BannerlordModEditor.Common.Tests.csproj]
         /root/WorkSpace/CSharp/BannerlordModEditor/BannerlordModEditor.Common.Tests/DataTests.cs(1744,33): warning CS8602: 解引用可能出现空引用。 [/root/WorkSpace/CSharp/BannerlordModEditor/BannerlordModEditor.Common.Tests/BannerlordModEditor.Common.Tests.csproj]
         /root/WorkSpace/CSharp/BannerlordModEditor/BannerlordModEditor.Common.Tests/DataTests.cs(1768,26): warning CS8600: 将 null 文本或可能的 null 值转换为不可为 null 类型。 [/root/WorkSpace/CSharp/BannerlordModEditor/BannerlordModEditor.Common.Tests/BannerlordModEditor.Common.Tests.csproj]
         /root/WorkSpace/CSharp/BannerlordModEditor/BannerlordModEditor.Common.Tests/DataTests.cs(1771,41): warning CS8602: 解引用可能出现空引用。 [/root/WorkSpace/CSharp/BannerlordModEditor/BannerlordModEditor.Common.Tests/BannerlordModEditor.Common.Tests.csproj]
         /root/WorkSpace/CSharp/BannerlordModEditor/BannerlordModEditor.Common.Tests/DataTests.cs(1779,38): warning CS8602: 解引用可能出现空引用。 [/root/WorkSpace/CSharp/BannerlordModEditor/BannerlordModEditor.Common.Tests/BannerlordModEditor.Common.Tests.csproj]
         /root/WorkSpace/CSharp/BannerlordModEditor/BannerlordModEditor.Common.Tests/DataTests.cs(1796,26): warning CS8600: 将 null 文本或可能的 null 值转换为不可为 null 类型。 [/root/WorkSpace/CSharp/BannerlordModEditor/BannerlordModEditor.Common.Tests/BannerlordModEditor.Common.Tests.csproj]
         /root/WorkSpace/CSharp/BannerlordModEditor/BannerlordModEditor.Common.Tests/DataTests.cs(1799,42): warning CS8602: 解引用可能出现空引用。 [/root/WorkSpace/CSharp/BannerlordModEditor/BannerlordModEditor.Common.Tests/BannerlordModEditor.Common.Tests.csproj]
         /root/WorkSpace/CSharp/BannerlordModEditor/BannerlordModEditor.Common.Tests/DataTests.cs(1804,29): warning CS8602: 解引用可能出现空引用。 [/root/WorkSpace/CSharp/BannerlordModEditor/BannerlordModEditor.Common.Tests/BannerlordModEditor.Common.Tests.csproj]
         /root/WorkSpace/CSharp/BannerlordModEditor/BannerlordModEditor.Common.Tests/DataTests.cs(1823,26): warning CS8600: 将 null 文本或可能的 null 值转换为不可为 null 类型。 [/root/WorkSpace/CSharp/BannerlordModEditor/BannerlordModEditor.Common.Tests/BannerlordModEditor.Common.Tests.csproj]
         /root/WorkSpace/CSharp/BannerlordModEditor/BannerlordModEditor.Common.Tests/DataTests.cs(1826,33): warning CS8602: 解引用可能出现空引用。 [/root/WorkSpace/CSharp/BannerlordModEditor/BannerlordModEditor.Common.Tests/BannerlordModEditor.Common.Tests.csproj]
         /root/WorkSpace/CSharp/BannerlordModEditor/BannerlordModEditor.Common.Tests/DataTests.cs(1848,26): warning CS8600: 将 null 文本或可能的 null 值转换为不可为 null 类型。 [/root/WorkSpace/CSharp/BannerlordModEditor/BannerlordModEditor.Common.Tests/BannerlordModEditor.Common.Tests.csproj]
         /root/WorkSpace/CSharp/BannerlordModEditor/BannerlordModEditor.Common.Tests/DataTests.cs(1851,44): warning CS8602: 解引用可能出现空引用。 [/root/WorkSpace/CSharp/BannerlordModEditor/BannerlordModEditor.Common.Tests/BannerlordModEditor.Common.Tests.csproj]
         /root/WorkSpace/CSharp/BannerlordModEditor/BannerlordModEditor.Common.Tests/DataTests.cs(1864,29): warning CS8602: 解引用可能出现空引用。 [/root/WorkSpace/CSharp/BannerlordModEditor/BannerlordModEditor.Common.Tests/BannerlordModEditor.Common.Tests.csproj]
         /root/WorkSpace/CSharp/BannerlordModEditor/BannerlordModEditor.Common.Tests/DataTests.cs(1869,29): warning CS8602: 解引用可能出现空引用。 [/root/WorkSpace/CSharp/BannerlordModEditor/BannerlordModEditor.Common.Tests/BannerlordModEditor.Common.Tests.csproj]
         /root/WorkSpace/CSharp/BannerlordModEditor/BannerlordModEditor.Common.Tests/DataTests.cs(1883,26): warning CS8600: 将 null 文本或可能的 null 值转换为不可为 null 类型。 [/root/WorkSpace/CSharp/BannerlordModEditor/BannerlordModEditor.Common.Tests/BannerlordModEditor.Common.Tests.csproj]
         /root/WorkSpace/CSharp/BannerlordModEditor/BannerlordModEditor.Common.Tests/DataTests.cs(1886,29): warning CS8602: 解引用可能出现空引用。 [/root/WorkSpace/CSharp/BannerlordModEditor/BannerlordModEditor.Common.Tests/BannerlordModEditor.Common.Tests.csproj]
         /root/WorkSpace/CSharp/BannerlordModEditor/BannerlordModEditor.Common.Tests/DataTests.cs(1888,34): warning CS8602: 解引用可能出现空引用。 [/root/WorkSpace/CSharp/BannerlordModEditor/BannerlordModEditor.Common.Tests/BannerlordModEditor.Common.Tests.csproj]
         /root/WorkSpace/CSharp/BannerlordModEditor/BannerlordModEditor.Common.Tests/DataTests.cs(1895,47): warning CS8602: 解引用可能出现空引用。 [/root/WorkSpace/CSharp/BannerlordModEditor/BannerlordModEditor.Common.Tests/BannerlordModEditor.Common.Tests.csproj]
         /root/WorkSpace/CSharp/BannerlordModEditor/BannerlordModEditor.Common.Tests/DataTests.cs(1896,47): warning CS8602: 解引用可能出现空引用。 [/root/WorkSpace/CSharp/BannerlordModEditor/BannerlordModEditor.Common.Tests/BannerlordModEditor.Common.Tests.csproj]
         /root/WorkSpace/CSharp/BannerlordModEditor/BannerlordModEditor.Common.Tests/DataTests.cs(1897,46): warning CS8602: 解引用可能出现空引用。 [/root/WorkSpace/CSharp/BannerlordModEditor/BannerlordModEditor.Common.Tests/BannerlordModEditor.Common.Tests.csproj]
         /root/WorkSpace/CSharp/BannerlordModEditor/BannerlordModEditor.Common.Tests/DataTests.cs(1898,48): warning CS8602: 解引用可能出现空引用。 [/root/WorkSpace/CSharp/BannerlordModEditor/BannerlordModEditor.Common.Tests/BannerlordModEditor.Common.Tests.csproj]
         /root/WorkSpace/CSharp/BannerlordModEditor/BannerlordModEditor.Common.Tests/DataTests.cs(1899,48): warning CS8602: 解引用可能出现空引用。 [/root/WorkSpace/CSharp/BannerlordModEditor/BannerlordModEditor.Common.Tests/BannerlordModEditor.Common.Tests.csproj]
         /root/WorkSpace/CSharp/BannerlordModEditor/BannerlordModEditor.Common.Tests/DataTests.cs(1900,46): warning CS8602: 解引用可能出现空引用。 [/root/WorkSpace/CSharp/BannerlordModEditor/BannerlordModEditor.Common.Tests/BannerlordModEditor.Common.Tests.csproj]
         /root/WorkSpace/CSharp/BannerlordModEditor/BannerlordModEditor.Common.Tests/BannerIconsPerformanceTests.cs(199,33): warning xUnit1031: Test methods should not use blocking task operations, as they can cause deadlocks. Use an async test method and await instead. (https://xunit.net/xunit.analyzers/rules/xUnit1031) [/root/WorkSpace/CSharp/BannerlordModEditor/BannerlordModEditor.Common.Tests/BannerlordModEditor.Common.Tests.csproj]
         /root/WorkSpace/CSharp/BannerlordModEditor/BannerlordModEditor.Common.Tests/BannerIconsPerformanceTests.cs(245,33): warning xUnit1031: Test methods should not use blocking task operations, as they can cause deadlocks. Use an async test method and await instead. (https://xunit.net/xunit.analyzers/rules/xUnit1031) [/root/WorkSpace/CSharp/BannerlordModEditor/BannerlordModEditor.Common.Tests/BannerlordModEditor.Common.Tests.csproj]
         /root/WorkSpace/CSharp/BannerlordModEditor/BannerlordModEditor.Common.Tests/CreditsDebugTest.cs(56,25): warning xUnit2020: Do not use Assert.True(false, message) to fail a test. Use Assert.Fail(message) instead. (https://xunit.net/xunit.analyzers/rules/xUnit2020) [/root/WorkSpace/CSharp/BannerlordModEditor/BannerlordModEditor.Common.Tests/BannerlordModEditor.Common.Tests.csproj]
         /root/WorkSpace/CSharp/BannerlordModEditor/BannerlordModEditor.Common.Tests/DataTests.cs(114,13): warning xUnit2013: Do not use Assert.Equal() to check for collection size. Use Assert.Single instead. (https://xunit.net/xunit.analyzers/rules/xUnit2013) [/root/WorkSpace/CSharp/BannerlordModEditor/BannerlordModEditor.Common.Tests/BannerlordModEditor.Common.Tests.csproj]
         /root/WorkSpace/CSharp/BannerlordModEditor/BannerlordModEditor.Common.Tests/DataTests.cs(60,17): warning xUnit2013: Do not use Assert.Equal() to check for collection size. Use Assert.Single instead. (https://xunit.net/xunit.analyzers/rules/xUnit2013) [/root/WorkSpace/CSharp/BannerlordModEditor/BannerlordModEditor.Common.Tests/BannerlordModEditor.Common.Tests.csproj]
         /root/WorkSpace/CSharp/BannerlordModEditor/BannerlordModEditor.Common.Tests/DataTests.cs(336,13): warning xUnit2012: Do not use Assert.True() to check if a value exists in a collection. Use Assert.Contains instead. (https://xunit.net/xunit.analyzers/rules/xUnit2012) [/root/WorkSpace/CSharp/BannerlordModEditor/BannerlordModEditor.Common.Tests/BannerlordModEditor.Common.Tests.csproj]
         /root/WorkSpace/CSharp/BannerlordModEditor/BannerlordModEditor.Common.Tests/DataTests.cs(337,13): warning xUnit2012: Do not use Assert.True() to check if a value exists in a collection. Use Assert.Contains instead. (https://xunit.net/xunit.analyzers/rules/xUnit2012) [/root/WorkSpace/CSharp/BannerlordModEditor/BannerlordModEditor.Common.Tests/BannerlordModEditor.Common.Tests.csproj]
         /root/WorkSpace/CSharp/BannerlordModEditor/BannerlordModEditor.Common.Tests/MpItemsSubsetTests.cs(61,17): warning xUnit2020: Do not use Assert.False(true, message) to fail a test. Use Assert.Fail(message) instead. (https://xunit.net/xunit.analyzers/rules/xUnit2020) [/root/WorkSpace/CSharp/BannerlordModEditor/BannerlordModEditor.Common.Tests/BannerlordModEditor.Common.Tests.csproj]
         /root/WorkSpace/CSharp/BannerlordModEditor/BannerlordModEditor.Common.Tests/NativeEquipmentSetsXmlTests.cs(93,13): warning xUnit2013: Do not use Assert.Equal() to check for collection size. Use Assert.Empty instead. (https://xunit.net/xunit.analyzers/rules/xUnit2013) [/root/WorkSpace/CSharp/BannerlordModEditor/BannerlordModEditor.Common.Tests/BannerlordModEditor.Common.Tests.csproj]
         /root/WorkSpace/CSharp/BannerlordModEditor/BannerlordModEditor.Common.Tests/NativeSkillSetsXmlTests.cs(93,13): warning xUnit2013: Do not use Assert.Equal() to check for collection size. Use Assert.Empty instead. (https://xunit.net/xunit.analyzers/rules/xUnit2013) [/root/WorkSpace/CSharp/BannerlordModEditor/BannerlordModEditor.Common.Tests/BannerlordModEditor.Common.Tests.csproj]
         /root/WorkSpace/CSharp/BannerlordModEditor/BannerlordModEditor.Common.Tests/MusicParametersXmlTests.cs(183,21): warning xUnit2020: Do not use Assert.True(false, message) to fail a test. Use Assert.Fail(message) instead. (https://xunit.net/xunit.analyzers/rules/xUnit2020) [/root/WorkSpace/CSharp/BannerlordModEditor/BannerlordModEditor.Common.Tests/BannerlordModEditor.Common.Tests.csproj]
         /root/WorkSpace/CSharp/BannerlordModEditor/BannerlordModEditor.Common.Tests/PhysicsMaterialsLayoutXmlTests.cs(174,13): warning xUnit2013: Do not use Assert.Equal() to check for collection size. Use Assert.Empty instead. (https://xunit.net/xunit.analyzers/rules/xUnit2013) [/root/WorkSpace/CSharp/BannerlordModEditor/BannerlordModEditor.Common.Tests/BannerlordModEditor.Common.Tests.csproj]
         /root/WorkSpace/CSharp/BannerlordModEditor/BannerlordModEditor.Common.Tests/XmlModelTestBase.cs(49,17): warning xUnit2020: Do not use Assert.True(false, message) to fail a test. Use Assert.Fail(message) instead. (https://xunit.net/xunit.analyzers/rules/xUnit2020) [/root/WorkSpace/CSharp/BannerlordModEditor/BannerlordModEditor.Common.Tests/BannerlordModEditor.Common.Tests.csproj]
         /root/WorkSpace/CSharp/BannerlordModEditor/BannerlordModEditor.Common.Tests/ProjectConfigurationXmlTests.cs(88,17): warning xUnit2009: Do not use Assert.True() to check for substrings. Use Assert.StartsWith instead. (https://xunit.net/xunit.analyzers/rules/xUnit2009) [/root/WorkSpace/CSharp/BannerlordModEditor/BannerlordModEditor.Common.Tests/BannerlordModEditor.Common.Tests.csproj]
         /root/WorkSpace/CSharp/BannerlordModEditor/BannerlordModEditor.Common.Tests/WorldmapColorGradesXmlTests.cs(105,13): warning xUnit2009: Do not use Assert.True() to check for substrings. Use Assert.StartsWith instead. (https://xunit.net/xunit.analyzers/rules/xUnit2009) [/root/WorkSpace/CSharp/BannerlordModEditor/BannerlordModEditor.Common.Tests/BannerlordModEditor.Common.Tests.csproj]
         /root/WorkSpace/CSharp/BannerlordModEditor/BannerlordModEditor.Common.Tests/WorldmapColorGradesXmlTests.cs(109,13): warning xUnit2009: Do not use Assert.True() to check for substrings. Use Assert.StartsWith instead. (https://xunit.net/xunit.analyzers/rules/xUnit2009) [/root/WorkSpace/CSharp/BannerlordModEditor/BannerlordModEditor.Common.Tests/BannerlordModEditor.Common.Tests.csproj]
         /root/WorkSpace/CSharp/BannerlordModEditor/BannerlordModEditor.Common.Tests/WorldmapColorGradesXmlTests.cs(113,13): warning xUnit2009: Do not use Assert.True() to check for substrings. Use Assert.StartsWith instead. (https://xunit.net/xunit.analyzers/rules/xUnit2009) [/root/WorkSpace/CSharp/BannerlordModEditor/BannerlordModEditor.Common.Tests/BannerlordModEditor.Common.Tests.csproj]
         /root/WorkSpace/CSharp/BannerlordModEditor/BannerlordModEditor.Common.Tests/SoundFilesXmlTests.cs(319,17): warning xUnit2009: Do not use Assert.True() to check for substrings. Use Assert.EndsWith instead. (https://xunit.net/xunit.analyzers/rules/xUnit2009) [/root/WorkSpace/CSharp/BannerlordModEditor/BannerlordModEditor.Common.Tests/BannerlordModEditor.Common.Tests.csproj]
         /root/WorkSpace/CSharp/BannerlordModEditor/BannerlordModEditor.Common.Tests/SoundFilesXmlTests.cs(329,17): warning xUnit2009: Do not use Assert.True() to check for substrings. Use Assert.EndsWith instead. (https://xunit.net/xunit.analyzers/rules/xUnit2009) [/root/WorkSpace/CSharp/BannerlordModEditor/BannerlordModEditor.Common.Tests/BannerlordModEditor.Common.Tests.csproj]

    1597 个警告
    0 个错误

已用时间 00:00:21.45
