生成启动时间为 2025/8/18 02:12:23。
     1>项目“/root/WorkSpace/CSharp/BannerlordModEditor/BannerlordModEditor.Common.Tests/BannerlordModEditor.Common.Tests.csproj”在节点 1 上(Restore 个目标)。
     1>_GetAllRestoreProjectPathItems:
         正在确定要还原的项目…
       Restore:
         X.509 证书链验证将使用 "/usr/local/bin/sdk/9.0.303/trustedroots/codesignctl.pem" 处的回退证书捆绑包。
         X.509 证书链验证将使用 "/usr/local/bin/sdk/9.0.303/trustedroots/timestampctl.pem" 处的回退证书捆绑包。
         资产文件未改变。跳过资产文件写入。路径: /root/WorkSpace/CSharp/BannerlordModEditor/BannerlordModEditor.Common/obj/project.assets.json
         资产文件未改变。跳过资产文件写入。路径: /root/WorkSpace/CSharp/BannerlordModEditor/BannerlordModEditor.Common.Tests/obj/project.assets.json
         已还原 /root/WorkSpace/CSharp/BannerlordModEditor/BannerlordModEditor.Common.Tests/BannerlordModEditor.Common.Tests.csproj (用时 44 毫秒)。
         已还原 /root/WorkSpace/CSharp/BannerlordModEditor/BannerlordModEditor.Common/BannerlordModEditor.Common.csproj (用时 44 毫秒)。
         
         使用的 NuGet 配置文件:
             /root/.nuget/NuGet/NuGet.Config
         
         使用的源:
             https://api.nuget.org/v3/index.json
         所有项目均是最新的，无法还原。
     1>已完成生成项目“/root/WorkSpace/CSharp/BannerlordModEditor/BannerlordModEditor.Common.Tests/BannerlordModEditor.Common.Tests.csproj”(Restore 个目标)的操作。
   1:7>项目“/root/WorkSpace/CSharp/BannerlordModEditor/BannerlordModEditor.Common.Tests/BannerlordModEditor.Common.Tests.csproj”在节点 1 上(VSTest 个目标)。
     1>BuildProject:
         已开始生成，请等待...
   1:7>项目“/root/WorkSpace/CSharp/BannerlordModEditor/BannerlordModEditor.Common.Tests/BannerlordModEditor.Common.Tests.csproj”(1:7)正在节点 1 上生成“/root/WorkSpace/CSharp/BannerlordModEditor/BannerlordModEditor.Common.Tests/BannerlordModEditor.Common.Tests.csproj”(1:8) (默认目标)。
   1:8>项目“/root/WorkSpace/CSharp/BannerlordModEditor/BannerlordModEditor.Common.Tests/BannerlordModEditor.Common.Tests.csproj”(1:8)正在节点 1 上生成“/root/WorkSpace/CSharp/BannerlordModEditor/BannerlordModEditor.Common/BannerlordModEditor.Common.csproj”(2:6) (默认目标)。
     2>GenerateTargetFrameworkMonikerAttribute:
       正在跳过目标“GenerateTargetFrameworkMonikerAttribute”，因为所有输出文件相对于输入文件而言都是最新的。
       CoreGenerateAssemblyInfo:
       正在跳过目标“CoreGenerateAssemblyInfo”，因为所有输出文件相对于输入文件而言都是最新的。
       _GenerateSourceLinkFile:
         Source Link 文件 "obj/Debug/net9.0/BannerlordModEditor.Common.sourcelink.json" 是最新的。
       CoreCompile:
         /usr/local/bin/dotnet exec "/usr/local/bin/sdk/9.0.303/Roslyn/bincore/csc.dll" /noconfig /unsafe- /checked- /nowarn:1701,1702,1701,1702 /fullpaths /nostdlib+ /errorreport:prompt /warn:9 /define:TRACE;DEBUG;NET;NET9_0;NETCOREAPP;NET5_0_OR_GREATER;NET6_0_OR_GREATER;NET7_0_OR_GREATER;NET8_0_OR_GREATER;NET9_0_OR_GREATER;NETCOREAPP1_0_OR_GREATER;NETCOREAPP1_1_OR_GREATER;NETCOREAPP2_0_OR_GREATER;NETCOREAPP2_1_OR_GREATER;NETCOREAPP2_2_OR_GREATER;NETCOREAPP3_0_OR_GREATER;NETCOREAPP3_1_OR_GREATER /highentropyva+ /nullable:enable /reference:/usr/local/bin/packs/Microsoft.NETCore.App.Ref/9.0.7/ref/net9.0/Microsoft.CSharp.dll /reference:/usr/local/bin/packs/Microsoft.NETCore.App.Ref/9.0.7/ref/net9.0/Microsoft.VisualBasic.Core.dll /reference:/usr/local/bin/packs/Microsoft.NETCore.App.Ref/9.0.7/ref/net9.0/Microsoft.VisualBasic.dll /reference:/usr/local/bin/packs/Microsoft.NETCore.App.Ref/9.0.7/ref/net9.0/Microsoft.Win32.Primitives.dll /reference:/usr/local/bin/packs/Microsoft.NETCore.App.Ref/9.0.7/ref/net9.0/Microsoft.Win32.Registry.dll /reference:/usr/local/bin/packs/Microsoft.NETCore.App.Ref/9.0.7/ref/net9.0/mscorlib.dll /reference:/usr/local/bin/packs/Microsoft.NETCore.App.Ref/9.0.7/ref/net9.0/netstandard.dll /reference:/usr/local/bin/packs/Microsoft.NETCore.App.Ref/9.0.7/ref/net9.0/System.AppContext.dll /reference:/usr/local/bin/packs/Microsoft.NETCore.App.Ref/9.0.7/ref/net9.0/System.Buffers.dll /reference:/usr/local/bin/packs/Microsoft.NETCore.App.Ref/9.0.7/ref/net9.0/System.Collections.Concurrent.dll /reference:/usr/local/bin/packs/Microsoft.NETCore.App.Ref/9.0.7/ref/net9.0/System.Collections.dll /reference:/usr/local/bin/packs/Microsoft.NETCore.App.Ref/9.0.7/ref/net9.0/System.Collections.Immutable.dll /reference:/usr/local/bin/packs/Microsoft.NETCore.App.Ref/9.0.7/ref/net9.0/System.Collections.NonGeneric.dll /reference:/usr/local/bin/packs/Microsoft.NETCore.App.Ref/9.0.7/ref/net9.0/System.Collections.Specialized.dll /reference:/usr/local/bin/packs/Microsoft.NETCore.App.Ref/9.0.7/ref/net9.0/System.ComponentModel.Annotations.dll /reference:/usr/local/bin/packs/Microsoft.NETCore.App.Ref/9.0.7/ref/net9.0/System.ComponentModel.DataAnnotations.dll /reference:/usr/local/bin/packs/Microsoft.NETCore.App.Ref/9.0.7/ref/net9.0/System.ComponentModel.dll /reference:/usr/local/bin/packs/Microsoft.NETCore.App.Ref/9.0.7/ref/net9.0/System.ComponentModel.EventBasedAsync.dll /reference:/usr/local/bin/packs/Microsoft.NETCore.App.Ref/9.0.7/ref/net9.0/System.ComponentModel.Primitives.dll /reference:/usr/local/bin/packs/Microsoft.NETCore.App.Ref/9.0.7/ref/net9.0/System.ComponentModel.TypeConverter.dll /reference:/usr/local/bin/packs/Microsoft.NETCore.App.Ref/9.0.7/ref/net9.0/System.Configuration.dll /reference:/usr/local/bin/packs/Microsoft.NETCore.App.Ref/9.0.7/ref/net9.0/System.Console.dll /reference:/usr/local/bin/packs/Microsoft.NETCore.App.Ref/9.0.7/ref/net9.0/System.Core.dll /reference:/usr/local/bin/packs/Microsoft.NETCore.App.Ref/9.0.7/ref/net9.0/System.Data.Common.dll /reference:/usr/local/bin/packs/Microsoft.NETCore.App.Ref/9.0.7/ref/net9.0/System.Data.DataSetExtensions.dll /reference:/usr/local/bin/packs/Microsoft.NETCore.App.Ref/9.0.7/ref/net9.0/System.Data.dll /reference:/usr/local/bin/packs/Microsoft.NETCore.App.Ref/9.0.7/ref/net9.0/System.Diagnostics.Contracts.dll /reference:/usr/local/bin/packs/Microsoft.NETCore.App.Ref/9.0.7/ref/net9.0/System.Diagnostics.Debug.dll /reference:/usr/local/bin/packs/Microsoft.NETCore.App.Ref/9.0.7/ref/net9.0/System.Diagnostics.DiagnosticSource.dll /reference:/usr/local/bin/packs/Microsoft.NETCore.App.Ref/9.0.7/ref/net9.0/System.Diagnostics.FileVersionInfo.dll /reference:/usr/local/bin/packs/Microsoft.NETCore.App.Ref/9.0.7/ref/net9.0/System.Diagnostics.Process.dll /reference:/usr/local/bin/packs/Microsoft.NETCore.App.Ref/9.0.7/ref/net9.0/System.Diagnostics.StackTrace.dll /reference:/usr/local/bin/packs/Microsoft.NETCore.App.Ref/9.0.7/ref/net9.0/System.Diagnostics.TextWriterTraceListener.dll /reference:/usr/local/bin/packs/Microsoft.NETCore.App.Ref/9.0.7/ref/net9.0/System.Diagnostics.Tools.dll /reference:/usr/local/bin/packs/Microsoft.NETCore.App.Ref/9.0.7/ref/net9.0/System.Diagnostics.TraceSource.dll /reference:/usr/local/bin/packs/Microsoft.NETCore.App.Ref/9.0.7/ref/net9.0/System.Diagnostics.Tracing.dll /reference:/usr/local/bin/packs/Microsoft.NETCore.App.Ref/9.0.7/ref/net9.0/System.dll /reference:/usr/local/bin/packs/Microsoft.NETCore.App.Ref/9.0.7/ref/net9.0/System.Drawing.dll /reference:/usr/local/bin/packs/Microsoft.NETCore.App.Ref/9.0.7/ref/net9.0/System.Drawing.Primitives.dll /reference:/usr/local/bin/packs/Microsoft.NETCore.App.Ref/9.0.7/ref/net9.0/System.Dynamic.Runtime.dll /reference:/usr/local/bin/packs/Microsoft.NETCore.App.Ref/9.0.7/ref/net9.0/System.Formats.Asn1.dll /reference:/usr/local/bin/packs/Microsoft.NETCore.App.Ref/9.0.7/ref/net9.0/System.Formats.Tar.dll /reference:/usr/local/bin/packs/Microsoft.NETCore.App.Ref/9.0.7/ref/net9.0/System.Globalization.Calendars.dll /reference:/usr/local/bin/packs/Microsoft.NETCore.App.Ref/9.0.7/ref/net9.0/System.Globalization.dll /reference:/usr/local/bin/packs/Microsoft.NETCore.App.Ref/9.0.7/ref/net9.0/System.Globalization.Extensions.dll /reference:/usr/local/bin/packs/Microsoft.NETCore.App.Ref/9.0.7/ref/net9.0/System.IO.Compression.Brotli.dll /reference:/usr/local/bin/packs/Microsoft.NETCore.App.Ref/9.0.7/ref/net9.0/System.IO.Compression.dll /reference:/usr/local/bin/packs/Microsoft.NETCore.App.Ref/9.0.7/ref/net9.0/System.IO.Compression.FileSystem.dll /reference:/usr/local/bin/packs/Microsoft.NETCore.App.Ref/9.0.7/ref/net9.0/System.IO.Compression.ZipFile.dll /reference:/usr/local/bin/packs/Microsoft.NETCore.App.Ref/9.0.7/ref/net9.0/System.IO.dll /reference:/usr/local/bin/packs/Microsoft.NETCore.App.Ref/9.0.7/ref/net9.0/System.IO.FileSystem.AccessControl.dll /reference:/usr/local/bin/packs/Microsoft.NETCore.App.Ref/9.0.7/ref/net9.0/System.IO.FileSystem.dll /reference:/usr/local/bin/packs/Microsoft.NETCore.App.Ref/9.0.7/ref/net9.0/System.IO.FileSystem.DriveInfo.dll /reference:/usr/local/bin/packs/Microsoft.NETCore.App.Ref/9.0.7/ref/net9.0/System.IO.FileSystem.Primitives.dll /reference:/usr/local/bin/packs/Microsoft.NETCore.App.Ref/9.0.7/ref/net9.0/System.IO.FileSystem.Watcher.dll /reference:/usr/local/bin/packs/Microsoft.NETCore.App.Ref/9.0.7/ref/net9.0/System.IO.IsolatedStorage.dll /reference:/usr/local/bin/packs/Microsoft.NETCore.App.Ref/9.0.7/ref/net9.0/System.IO.MemoryMappedFiles.dll /reference:/usr/local/bin/packs/Microsoft.NETCore.App.Ref/9.0.7/ref/net9.0/System.IO.Pipelines.dll /reference:/usr/local/bin/packs/Microsoft.NETCore.App.Ref/9.0.7/ref/net9.0/System.IO.Pipes.AccessControl.dll /reference:/usr/local/bin/packs/Microsoft.NETCore.App.Ref/9.0.7/ref/net9.0/System.IO.Pipes.dll /reference:/usr/local/bin/packs/Microsoft.NETCore.App.Ref/9.0.7/ref/net9.0/System.IO.UnmanagedMemoryStream.dll /reference:/usr/local/bin/packs/Microsoft.NETCore.App.Ref/9.0.7/ref/net9.0/System.Linq.dll /reference:/usr/local/bin/packs/Microsoft.NETCore.App.Ref/9.0.7/ref/net9.0/System.Linq.Expressions.dll /reference:/usr/local/bin/packs/Microsoft.NETCore.App.Ref/9.0.7/ref/net9.0/System.Linq.Parallel.dll /reference:/usr/local/bin/packs/Microsoft.NETCore.App.Ref/9.0.7/ref/net9.0/System.Linq.Queryable.dll /reference:/usr/local/bin/packs/Microsoft.NETCore.App.Ref/9.0.7/ref/net9.0/System.Memory.dll /reference:/usr/local/bin/packs/Microsoft.NETCore.App.Ref/9.0.7/ref/net9.0/System.Net.dll /reference:/usr/local/bin/packs/Microsoft.NETCore.App.Ref/9.0.7/ref/net9.0/System.Net.Http.dll /reference:/usr/local/bin/packs/Microsoft.NETCore.App.Ref/9.0.7/ref/net9.0/System.Net.Http.Json.dll /reference:/usr/local/bin/packs/Microsoft.NETCore.App.Ref/9.0.7/ref/net9.0/System.Net.HttpListener.dll /reference:/usr/local/bin/packs/Microsoft.NETCore.App.Ref/9.0.7/ref/net9.0/System.Net.Mail.dll /reference:/usr/local/bin/packs/Microsoft.NETCore.App.Ref/9.0.7/ref/net9.0/System.Net.NameResolution.dll /reference:/usr/local/bin/packs/Microsoft.NETCore.App.Ref/9.0.7/ref/net9.0/System.Net.NetworkInformation.dll /reference:/usr/local/bin/packs/Microsoft.NETCore.App.Ref/9.0.7/ref/net9.0/System.Net.Ping.dll /reference:/usr/local/bin/packs/Microsoft.NETCore.App.Ref/9.0.7/ref/net9.0/System.Net.Primitives.dll /reference:/usr/local/bin/packs/Microsoft.NETCore.App.Ref/9.0.7/ref/net9.0/System.Net.Quic.dll /reference:/usr/local/bin/packs/Microsoft.NETCore.App.Ref/9.0.7/ref/net9.0/System.Net.Requests.dll /reference:/usr/local/bin/packs/Microsoft.NETCore.App.Ref/9.0.7/ref/net9.0/System.Net.Security.dll /reference:/usr/local/bin/packs/Microsoft.NETCore.App.Ref/9.0.7/ref/net9.0/System.Net.ServicePoint.dll /reference:/usr/local/bin/packs/Microsoft.NETCore.App.Ref/9.0.7/ref/net9.0/System.Net.Sockets.dll /reference:/usr/local/bin/packs/Microsoft.NETCore.App.Ref/9.0.7/ref/net9.0/System.Net.WebClient.dll /reference:/usr/local/bin/packs/Microsoft.NETCore.App.Ref/9.0.7/ref/net9.0/System.Net.WebHeaderCollection.dll /reference:/usr/local/bin/packs/Microsoft.NETCore.App.Ref/9.0.7/ref/net9.0/System.Net.WebProxy.dll /reference:/usr/local/bin/packs/Microsoft.NETCore.App.Ref/9.0.7/ref/net9.0/System.Net.WebSockets.Client.dll /reference:/usr/local/bin/packs/Microsoft.NETCore.App.Ref/9.0.7/ref/net9.0/System.Net.WebSockets.dll /reference:/usr/local/bin/packs/Microsoft.NETCore.App.Ref/9.0.7/ref/net9.0/System.Numerics.dll /reference:/usr/local/bin/packs/Microsoft.NETCore.App.Ref/9.0.7/ref/net9.0/System.Numerics.Vectors.dll /reference:/usr/local/bin/packs/Microsoft.NETCore.App.Ref/9.0.7/ref/net9.0/System.ObjectModel.dll /reference:/usr/local/bin/packs/Microsoft.NETCore.App.Ref/9.0.7/ref/net9.0/System.Reflection.DispatchProxy.dll /reference:/usr/local/bin/packs/Microsoft.NETCore.App.Ref/9.0.7/ref/net9.0/System.Reflection.dll /reference:/usr/local/bin/packs/Microsoft.NETCore.App.Ref/9.0.7/ref/net9.0/System.Reflection.Emit.dll /reference:/usr/local/bin/packs/Microsoft.NETCore.App.Ref/9.0.7/ref/net9.0/System.Reflection.Emit.ILGeneration.dll /reference:/usr/local/bin/packs/Microsoft.NETCore.App.Ref/9.0.7/ref/net9.0/System.Reflection.Emit.Lightweight.dll /reference:/usr/local/bin/packs/Microsoft.NETCore.App.Ref/9.0.7/ref/net9.0/System.Reflection.Extensions.dll /reference:/usr/local/bin/packs/Microsoft.NETCore.App.Ref/9.0.7/ref/net9.0/System.Reflection.Metadata.dll /reference:/usr/local/bin/packs/Microsoft.NETCore.App.Ref/9.0.7/ref/net9.0/System.Reflection.Primitives.dll /reference:/usr/local/bin/packs/Microsoft.NETCore.App.Ref/9.0.7/ref/net9.0/System.Reflection.TypeExtensions.dll /reference:/usr/local/bin/packs/Microsoft.NETCore.App.Ref/9.0.7/ref/net9.0/System.Resources.Reader.dll /reference:/usr/local/bin/packs/Microsoft.NETCore.App.Ref/9.0.7/ref/net9.0/System.Resources.ResourceManager.dll /reference:/usr/local/bin/packs/Microsoft.NETCore.App.Ref/9.0.7/ref/net9.0/System.Resources.Writer.dll /reference:/usr/local/bin/packs/Microsoft.NETCore.App.Ref/9.0.7/ref/net9.0/System.Runtime.CompilerServices.Unsafe.dll /reference:/usr/local/bin/packs/Microsoft.NETCore.App.Ref/9.0.7/ref/net9.0/System.Runtime.CompilerServices.VisualC.dll /reference:/usr/local/bin/packs/Microsoft.NETCore.App.Ref/9.0.7/ref/net9.0/System.Runtime.dll /reference:/usr/local/bin/packs/Microsoft.NETCore.App.Ref/9.0.7/ref/net9.0/System.Runtime.Extensions.dll /reference:/usr/local/bin/packs/Microsoft.NETCore.App.Ref/9.0.7/ref/net9.0/System.Runtime.Handles.dll /reference:/usr/local/bin/packs/Microsoft.NETCore.App.Ref/9.0.7/ref/net9.0/System.Runtime.InteropServices.dll /reference:/usr/local/bin/packs/Microsoft.NETCore.App.Ref/9.0.7/ref/net9.0/System.Runtime.InteropServices.JavaScript.dll /reference:/usr/local/bin/packs/Microsoft.NETCore.App.Ref/9.0.7/ref/net9.0/System.Runtime.InteropServices.RuntimeInformation.dll /reference:/usr/local/bin/packs/Microsoft.NETCore.App.Ref/9.0.7/ref/net9.0/System.Runtime.Intrinsics.dll /reference:/usr/local/bin/packs/Microsoft.NETCore.App.Ref/9.0.7/ref/net9.0/System.Runtime.Loader.dll /reference:/usr/local/bin/packs/Microsoft.NETCore.App.Ref/9.0.7/ref/net9.0/System.Runtime.Numerics.dll /reference:/usr/local/bin/packs/Microsoft.NETCore.App.Ref/9.0.7/ref/net9.0/System.Runtime.Serialization.dll /reference:/usr/local/bin/packs/Microsoft.NETCore.App.Ref/9.0.7/ref/net9.0/System.Runtime.Serialization.Formatters.dll /reference:/usr/local/bin/packs/Microsoft.NETCore.App.Ref/9.0.7/ref/net9.0/System.Runtime.Serialization.Json.dll /reference:/usr/local/bin/packs/Microsoft.NETCore.App.Ref/9.0.7/ref/net9.0/System.Runtime.Serialization.Primitives.dll /reference:/usr/local/bin/packs/Microsoft.NETCore.App.Ref/9.0.7/ref/net9.0/System.Runtime.Serialization.Xml.dll /reference:/usr/local/bin/packs/Microsoft.NETCore.App.Ref/9.0.7/ref/net9.0/System.Security.AccessControl.dll /reference:/usr/local/bin/packs/Microsoft.NETCore.App.Ref/9.0.7/ref/net9.0/System.Security.Claims.dll /reference:/usr/local/bin/packs/Microsoft.NETCore.App.Ref/9.0.7/ref/net9.0/System.Security.Cryptography.Algorithms.dll /reference:/usr/local/bin/packs/Microsoft.NETCore.App.Ref/9.0.7/ref/net9.0/System.Security.Cryptography.Cng.dll /reference:/usr/local/bin/packs/Microsoft.NETCore.App.Ref/9.0.7/ref/net9.0/System.Security.Cryptography.Csp.dll /reference:/usr/local/bin/packs/Microsoft.NETCore.App.Ref/9.0.7/ref/net9.0/System.Security.Cryptography.dll /reference:/usr/local/bin/packs/Microsoft.NETCore.App.Ref/9.0.7/ref/net9.0/System.Security.Cryptography.Encoding.dll /reference:/usr/local/bin/packs/Microsoft.NETCore.App.Ref/9.0.7/ref/net9.0/System.Security.Cryptography.OpenSsl.dll /reference:/usr/local/bin/packs/Microsoft.NETCore.App.Ref/9.0.7/ref/net9.0/System.Security.Cryptography.Primitives.dll /reference:/usr/local/bin/packs/Microsoft.NETCore.App.Ref/9.0.7/ref/net9.0/System.Security.Cryptography.X509Certificates.dll /reference:/usr/local/bin/packs/Microsoft.NETCore.App.Ref/9.0.7/ref/net9.0/System.Security.dll /reference:/usr/local/bin/packs/Microsoft.NETCore.App.Ref/9.0.7/ref/net9.0/System.Security.Principal.dll /reference:/usr/local/bin/packs/Microsoft.NETCore.App.Ref/9.0.7/ref/net9.0/System.Security.Principal.Windows.dll /reference:/usr/local/bin/packs/Microsoft.NETCore.App.Ref/9.0.7/ref/net9.0/System.Security.SecureString.dll /reference:/usr/local/bin/packs/Microsoft.NETCore.App.Ref/9.0.7/ref/net9.0/System.ServiceModel.Web.dll /reference:/usr/local/bin/packs/Microsoft.NETCore.App.Ref/9.0.7/ref/net9.0/System.ServiceProcess.dll /reference:/usr/local/bin/packs/Microsoft.NETCore.App.Ref/9.0.7/ref/net9.0/System.Text.Encoding.CodePages.dll /reference:/usr/local/bin/packs/Microsoft.NETCore.App.Ref/9.0.7/ref/net9.0/System.Text.Encoding.dll /reference:/usr/local/bin/packs/Microsoft.NETCore.App.Ref/9.0.7/ref/net9.0/System.Text.Encoding.Extensions.dll /reference:/usr/local/bin/packs/Microsoft.NETCore.App.Ref/9.0.7/ref/net9.0/System.Text.Encodings.Web.dll /reference:/usr/local/bin/packs/Microsoft.NETCore.App.Ref/9.0.7/ref/net9.0/System.Text.Json.dll /reference:/usr/local/bin/packs/Microsoft.NETCore.App.Ref/9.0.7/ref/net9.0/System.Text.RegularExpressions.dll /reference:/usr/local/bin/packs/Microsoft.NETCore.App.Ref/9.0.7/ref/net9.0/System.Threading.Channels.dll /reference:/usr/local/bin/packs/Microsoft.NETCore.App.Ref/9.0.7/ref/net9.0/System.Threading.dll /reference:/usr/local/bin/packs/Microsoft.NETCore.App.Ref/9.0.7/ref/net9.0/System.Threading.Overlapped.dll /reference:/usr/local/bin/packs/Microsoft.NETCore.App.Ref/9.0.7/ref/net9.0/System.Threading.Tasks.Dataflow.dll /reference:/usr/local/bin/packs/Microsoft.NETCore.App.Ref/9.0.7/ref/net9.0/System.Threading.Tasks.dll /reference:/usr/local/bin/packs/Microsoft.NETCore.App.Ref/9.0.7/ref/net9.0/System.Threading.Tasks.Extensions.dll /reference:/usr/local/bin/packs/Microsoft.NETCore.App.Ref/9.0.7/ref/net9.0/System.Threading.Tasks.Parallel.dll /reference:/usr/local/bin/packs/Microsoft.NETCore.App.Ref/9.0.7/ref/net9.0/System.Threading.Thread.dll /reference:/usr/local/bin/packs/Microsoft.NETCore.App.Ref/9.0.7/ref/net9.0/System.Threading.ThreadPool.dll /reference:/usr/local/bin/packs/Microsoft.NETCore.App.Ref/9.0.7/ref/net9.0/System.Threading.Timer.dll /reference:/usr/local/bin/packs/Microsoft.NETCore.App.Ref/9.0.7/ref/net9.0/System.Transactions.dll /reference:/usr/local/bin/packs/Microsoft.NETCore.App.Ref/9.0.7/ref/net9.0/System.Transactions.Local.dll /reference:/usr/local/bin/packs/Microsoft.NETCore.App.Ref/9.0.7/ref/net9.0/System.ValueTuple.dll /reference:/usr/local/bin/packs/Microsoft.NETCore.App.Ref/9.0.7/ref/net9.0/System.Web.dll /reference:/usr/local/bin/packs/Microsoft.NETCore.App.Ref/9.0.7/ref/net9.0/System.Web.HttpUtility.dll /reference:/usr/local/bin/packs/Microsoft.NETCore.App.Ref/9.0.7/ref/net9.0/System.Windows.dll /reference:/usr/local/bin/packs/Microsoft.NETCore.App.Ref/9.0.7/ref/net9.0/System.Xml.dll /reference:/usr/local/bin/packs/Microsoft.NETCore.App.Ref/9.0.7/ref/net9.0/System.Xml.Linq.dll /reference:/usr/local/bin/packs/Microsoft.NETCore.App.Ref/9.0.7/ref/net9.0/System.Xml.ReaderWriter.dll /reference:/usr/local/bin/packs/Microsoft.NETCore.App.Ref/9.0.7/ref/net9.0/System.Xml.Serialization.dll /reference:/usr/local/bin/packs/Microsoft.NETCore.App.Ref/9.0.7/ref/net9.0/System.Xml.XDocument.dll /reference:/usr/local/bin/packs/Microsoft.NETCore.App.Ref/9.0.7/ref/net9.0/System.Xml.XmlDocument.dll /reference:/usr/local/bin/packs/Microsoft.NETCore.App.Ref/9.0.7/ref/net9.0/System.Xml.XmlSerializer.dll /reference:/usr/local/bin/packs/Microsoft.NETCore.App.Ref/9.0.7/ref/net9.0/System.Xml.XPath.dll /reference:/usr/local/bin/packs/Microsoft.NETCore.App.Ref/9.0.7/ref/net9.0/System.Xml.XPath.XDocument.dll /reference:/usr/local/bin/packs/Microsoft.NETCore.App.Ref/9.0.7/ref/net9.0/WindowsBase.dll /debug+ /debug:portable /filealign:512 /optimize- /out:obj/Debug/net9.0/BannerlordModEditor.Common.dll /refout:obj/Debug/net9.0/refint/BannerlordModEditor.Common.dll /target:library /warnaserror- /utf8output /deterministic+ /sourcelink:obj/Debug/net9.0/BannerlordModEditor.Common.sourcelink.json /langversion:13.0 /embed:obj/Debug/net9.0/BannerlordModEditor.Common.GlobalUsings.g.cs /embed:"obj/Debug/net9.0/.NETCoreApp,Version=v9.0.AssemblyAttributes.cs" /embed:obj/Debug/net9.0/BannerlordModEditor.Common.AssemblyInfo.cs /analyzerconfig:/root/WorkSpace/CSharp/BannerlordModEditor/.editorconfig /analyzerconfig:obj/Debug/net9.0/BannerlordModEditor.Common.GeneratedMSBuildEditorConfig.editorconfig /analyzerconfig:/usr/local/bin/sdk/9.0.303/Sdks/Microsoft.NET.Sdk/analyzers/build/config/analysislevel_9_default.globalconfig /analyzer:/usr/local/bin/sdk/9.0.303/Sdks/Microsoft.NET.Sdk/targets/../analyzers/Microsoft.CodeAnalysis.CSharp.NetAnalyzers.dll /analyzer:/usr/local/bin/sdk/9.0.303/Sdks/Microsoft.NET.Sdk/targets/../analyzers/Microsoft.CodeAnalysis.NetAnalyzers.dll /analyzer:/usr/local/bin/packs/Microsoft.NETCore.App.Ref/9.0.7/analyzers/dotnet/cs/Microsoft.Interop.ComInterfaceGenerator.dll /analyzer:/usr/local/bin/packs/Microsoft.NETCore.App.Ref/9.0.7/analyzers/dotnet/cs/Microsoft.Interop.JavaScript.JSImportGenerator.dll /analyzer:/usr/local/bin/packs/Microsoft.NETCore.App.Ref/9.0.7/analyzers/dotnet/cs/Microsoft.Interop.LibraryImportGenerator.dll /analyzer:/usr/local/bin/packs/Microsoft.NETCore.App.Ref/9.0.7/analyzers/dotnet/cs/Microsoft.Interop.SourceGeneration.dll /analyzer:/usr/local/bin/packs/Microsoft.NETCore.App.Ref/9.0.7/analyzers/dotnet/cs/System.Text.Json.SourceGeneration.dll /analyzer:/usr/local/bin/packs/Microsoft.NETCore.App.Ref/9.0.7/analyzers/dotnet/cs/System.Text.RegularExpressions.Generator.dll Loaders/EnhancedXmlLoader.cs Loaders/GenericXmlLoader.cs Mappers/ActionSetsMapper.cs Mappers/ActionTypesMapper.cs Mappers/AttributesMapper.cs Mappers/BannerIconsMapper.cs Mappers/BoneBodyTypesMapper.cs Mappers/CollisionInfosMapper.cs Mappers/CombatParametersMapper.cs Mappers/CraftingPiecesMapper.cs Mappers/CraftingTemplatesMapper.cs Mappers/CreditsMapper.cs Mappers/FloraKindsLayoutMapper.cs Mappers/FloraKindsMapper.cs Mappers/ItemHolstersLayoutMapper.cs Mappers/ItemHolstersMapper.cs Mappers/ItemModifiersMapper.cs Mappers/ItemUsageSetsMapper.cs Mappers/LayoutsBaseMapper.cs Mappers/LooknfeelMapper.cs Mappers/MapIconsMapper.cs Mappers/MonsterUsageSetsMapper.cs Mappers/MPClassDivisionsMapper.cs Mappers/MpcosmeticsMapper.cs Mappers/MpCraftingPiecesMapper.cs Mappers/MpItemsMapper.cs Mappers/ParticleSystemLayoutMapper.cs Mappers/ParticleSystemsMapper.cs Mappers/PhysicsMaterialsLayoutMapper.cs Mappers/PostfxGraphsMapper.cs Mappers/SkeletonsLayoutMapper.cs Mappers/VoiceDefinitionsMapper.cs Models/AdditionalSimpleTypes.cs Models/Attributes.cs Models/Audio/ModuleSounds.cs Models/Audio/SoundFiles.cs Models/Audio/VoiceDefinitions.cs Models/Configuration/CreditsExternalPartnersXBox.cs Models/Configuration/ManagedCoreParameters.cs Models/Configuration/NativeParameters.cs Models/Configuration/ProjectConfiguration.cs Models/Data/AchievementData.cs Models/Data/ActionSetsData.cs Models/Data/ActionTypesModel.cs Models/Data/Adjustables.cs Models/Data/AdjustablesDataModel.cs Models/Data/AttributesDataModel.cs Models/Data/BannerIconsModel.cs Models/Data/BeforeTransparentsGraph.cs Models/Data/BoneBodyTypes.cs Models/Data/BooleanWrapper.cs Models/Data/ClothBodiesModel.cs Models/Data/ClothMaterials.cs Models/Data/CollisionInfosModel.cs Models/Data/CombatParameters.cs Models/Data/CombatParametersModel.cs Models/Data/CraftingPieces.cs Models/Data/CraftingTemplates.cs Models/Data/Credits.cs Models/Data/CreditsExternalPartnersPC.cs Models/Data/CreditsExternalPartnersPlayStation.cs Models/Data/CreditsLegalConsole.cs Models/Data/CreditsLegalPC.cs Models/Data/CreditsXmlModel.cs Models/Data/DecalSets.cs Models/Data/DecalTexturesAll.cs Models/Data/DecalTexturesBattle.cs Models/Data/DecalTexturesMultiplayer.cs Models/Data/DecalTexturesTown.cs Models/Data/DecalTexturesWorldmap.cs Models/Data/FloraGroups.cs Models/Data/FloraKinds.cs Models/Data/FloraLayerSets.cs Models/Data/FullMovementSets.cs Models/Data/GlobalStrings.cs Models/Data/GogAchievementData.cs Models/Data/HardCodedSounds.cs Models/Data/ItemHolsters.cs Models/Data/ItemModifiers.cs Models/Data/ItemModifiersGroups.cs Models/Data/ItemUsageSets.cs Models/Data/Looknfeel.cs Models/Data/ManagedCampaignParameters.cs Models/Data/MapIcons.cs Models/Data/MapTreeTypes.cs Models/Data/ModuleSounds.cs Models/Data/ModuleStrings.cs Models/Data/Monsters.cs Models/Data/MonsterUsageSets.cs Models/Data/MovementSets.cs Models/Data/MPBadges.cs Models/Data/MPCharacters.cs Models/Data/Mpcosmetics.cs Models/Data/MpCraftingPieces.cs Models/Data/Mpcultures.cs Models/Data/Mpitems.cs Models/Data/MultiplayerScenes.cs Models/Data/MultiplayerStrings.cs Models/Data/Music.cs Models/Data/MusicParameters.cs Models/Data/NativeEquipmentSets.cs Models/Data/NativeSkillSets.cs Models/Data/NativeStrings.cs Models/Data/ParticleSystems.cs Models/Data/ParticleSystemsMapIcon.cs Models/Data/PhotoModeStrings.cs Models/Data/PrebakedAnimations.cs Models/Data/Prerender.cs Models/Data/RandomTerrainTemplates.cs Models/Data/Scenes.cs Models/Data/SkeletonScales.cs Models/Data/Skills.cs Models/Data/SkinnedDecals.cs Models/Data/Skins.cs Models/Data/SoundFiles.cs Models/Data/SpecialMeshes.cs Models/Data/TauntUsageSets.cs Models/Data/Voices.cs Models/Data/WaterPrefabs.cs Models/Data/WeaponDescriptions.cs Models/Data/WorldmapColorGrades.cs Models/DO/ActionSetsDO.cs Models/DO/ActionTypesDO.cs Models/DO/AttributesDO.cs Models/DO/Audio/VoiceDefinitionsDO.cs Models/DO/BannerIconsDO.cs Models/DO/BoneBodyTypesDO.cs Models/DO/CollisionInfosDO.cs Models/DO/CombatParametersDO.cs Models/DO/CraftingPiecesDO.cs Models/DO/CraftingTemplatesDO.cs Models/DO/CreditsDO.cs Models/DO/Engine/PostfxGraphsDO.cs Models/DO/FloraKindsDO.cs Models/DO/Game/MonsterUsageSetsDO.cs Models/DO/ItemHolstersDO.cs Models/DO/ItemModifiersDO.cs Models/DO/ItemUsageSetsDO.cs Models/DO/Layouts/FloraKindsLayoutDO.cs Models/DO/Layouts/ItemHolstersLayoutDO.cs Models/DO/Layouts/LayoutsBaseDO.cs Models/DO/Layouts/ParticleSystemLayoutDO.cs Models/DO/Layouts/PhysicsMaterialsLayoutDO.cs Models/DO/Layouts/SkeletonsLayoutDO.cs Models/DO/LooknfeelDO.cs Models/DO/MapIconsDO.cs Models/DO/MpcosmeticsDO.cs Models/DO/MpCraftingPiecesDO.cs Models/DO/MpItemsDO.cs Models/DO/Multiplayer/MPClassDivisionsDO.cs Models/DO/ParticleSystemsDO.cs Models/DTO/ActionSetsDTO.cs Models/DTO/ActionTypesDTO.cs Models/DTO/AttributesDTO.cs Models/DTO/Audio/VoiceDefinitionsDTO.cs Models/DTO/BannerIconsDTO.cs Models/DTO/BoneBodyTypesDTO.cs Models/DTO/CollisionInfosDTO.cs Models/DTO/CombatParametersDTO.cs Models/DTO/CraftingPiecesDTO.cs Models/DTO/CraftingTemplatesDTO.cs Models/DTO/CreditsDTO.cs Models/DTO/Engine/PostfxGraphsDTO.cs Models/DTO/FloraKindsDTO.cs Models/DTO/Game/MonsterUsageSetsDTO.cs Models/DTO/ItemHolstersDTO.cs Models/DTO/ItemModifiersDTO.cs Models/DTO/ItemUsageSetsDTO.cs Models/DTO/Layouts/FloraKindsLayoutDTO.cs Models/DTO/Layouts/ItemHolstersLayoutDTO.cs Models/DTO/Layouts/LayoutsBaseDTO.cs Models/DTO/Layouts/ParticleSystemLayoutDTO.cs Models/DTO/Layouts/PhysicsMaterialsLayoutDTO.cs Models/DTO/Layouts/SkeletonsLayoutDTO.cs Models/DTO/LooknfeelDTO.cs Models/DTO/MapIconsDTO.cs Models/DTO/MpcosmeticsDTO.cs Models/DTO/MpCraftingPiecesDTO.cs Models/DTO/MpItemsDTO.cs Models/DTO/Multiplayer/MPClassDivisionsDTO.cs Models/DTO/ParticleSystemsDTO.cs Models/Engine/ActionSets.cs Models/Engine/ActionTypes.cs Models/Engine/BeforeTransparentsGraph.cs Models/Engine/ClothBodies.cs Models/Engine/ClothMaterials.cs Models/Engine/CollisionInfos.cs Models/Engine/CombatParameters.cs Models/Engine/CoreParameters.cs Models/Engine/DecalTextures.cs Models/Engine/EnhancedActionTypes.cs Models/Engine/EnhancedFloraKinds.cs Models/Engine/FloraKinds.cs Models/Engine/PostfxGraphs.cs Models/Engine/SpecialMeshes.cs Models/Engine/TerrainMaterials.cs Models/Game/CraftingPieces.cs Models/Game/CraftingTemplates.cs Models/Game/ItemHolsters.cs Models/Game/ItemModifiers.cs Models/Game/ItemModifiersGroups.cs Models/Game/ManagedCampaignParameters.cs Models/Game/Parties.cs Models/Map/MapIcons.cs Models/Misc/Adjustables.cs Models/MpCultures.cs Models/MpItems.cs Models/Multiplayer/MultiplayerScenes.cs Models/Multiplayer/TauntUsageSets.cs Models/Objects.cs Models/PhysicsMaterials.cs Models/SiegeEngines.cs Models/SimpleParametersAndSystems.cs Models/SimpleXmlTypes.cs Models/SkillData.cs Models/XmlModelBase.cs Services/FileDiscoveryService.cs Services/HybridXml/Dto/LooknfeelEditDto.cs Services/HybridXml/IHybridXmlServices.cs Services/HybridXml/Mappers/LooknfeelMapper.cs Services/HybridXml/XmlDocumentMerger.cs Services/IFileDiscoveryService.cs Services/NamingConventionMapper.cs Services/UnadaptedFile.cs obj/Debug/net9.0/BannerlordModEditor.Common.GlobalUsings.g.cs "obj/Debug/net9.0/.NETCoreApp,Version=v9.0.AssemblyAttributes.cs" obj/Debug/net9.0/BannerlordModEditor.Common.AssemblyInfo.cs /warnaserror+:NU1605,SYSLIB0011
     2>/root/WorkSpace/CSharp/BannerlordModEditor/BannerlordModEditor.Common/Mappers/VoiceDefinitionsMapper.cs(121,36): warning CS8603: 可能返回 null 引用。 [/root/WorkSpace/CSharp/BannerlordModEditor/BannerlordModEditor.Common/BannerlordModEditor.Common.csproj]
     2>/root/WorkSpace/CSharp/BannerlordModEditor/BannerlordModEditor.Common/Mappers/VoiceDefinitionsMapper.cs(133,36): warning CS8603: 可能返回 null 引用。 [/root/WorkSpace/CSharp/BannerlordModEditor/BannerlordModEditor.Common/BannerlordModEditor.Common.csproj]
     2>/root/WorkSpace/CSharp/BannerlordModEditor/BannerlordModEditor.Common/Mappers/VoiceDefinitionsMapper.cs(74,36): warning CS8603: 可能返回 null 引用。 [/root/WorkSpace/CSharp/BannerlordModEditor/BannerlordModEditor.Common/BannerlordModEditor.Common.csproj]
     2>/root/WorkSpace/CSharp/BannerlordModEditor/BannerlordModEditor.Common/Mappers/VoiceDefinitionsMapper.cs(86,36): warning CS8603: 可能返回 null 引用。 [/root/WorkSpace/CSharp/BannerlordModEditor/BannerlordModEditor.Common/BannerlordModEditor.Common.csproj]
     2>/root/WorkSpace/CSharp/BannerlordModEditor/BannerlordModEditor.Common/Mappers/VoiceDefinitionsMapper.cs(98,36): warning CS8603: 可能返回 null 引用。 [/root/WorkSpace/CSharp/BannerlordModEditor/BannerlordModEditor.Common/BannerlordModEditor.Common.csproj]
     2>/root/WorkSpace/CSharp/BannerlordModEditor/BannerlordModEditor.Common/Mappers/VoiceDefinitionsMapper.cs(108,36): warning CS8603: 可能返回 null 引用。 [/root/WorkSpace/CSharp/BannerlordModEditor/BannerlordModEditor.Common/BannerlordModEditor.Common.csproj]
     2>/root/WorkSpace/CSharp/BannerlordModEditor/BannerlordModEditor.Common/Mappers/VoiceDefinitionsMapper.cs(10,36): warning CS8603: 可能返回 null 引用。 [/root/WorkSpace/CSharp/BannerlordModEditor/BannerlordModEditor.Common/BannerlordModEditor.Common.csproj]
     2>/root/WorkSpace/CSharp/BannerlordModEditor/BannerlordModEditor.Common/Mappers/VoiceDefinitionsMapper.cs(23,36): warning CS8603: 可能返回 null 引用。 [/root/WorkSpace/CSharp/BannerlordModEditor/BannerlordModEditor.Common/BannerlordModEditor.Common.csproj]
     2>/root/WorkSpace/CSharp/BannerlordModEditor/BannerlordModEditor.Common/Mappers/VoiceDefinitionsMapper.cs(37,36): warning CS8603: 可能返回 null 引用。 [/root/WorkSpace/CSharp/BannerlordModEditor/BannerlordModEditor.Common/BannerlordModEditor.Common.csproj]
     2>/root/WorkSpace/CSharp/BannerlordModEditor/BannerlordModEditor.Common/Mappers/VoiceDefinitionsMapper.cs(54,36): warning CS8603: 可能返回 null 引用。 [/root/WorkSpace/CSharp/BannerlordModEditor/BannerlordModEditor.Common/BannerlordModEditor.Common.csproj]
     2>/root/WorkSpace/CSharp/BannerlordModEditor/BannerlordModEditor.Common/Mappers/SkeletonsLayoutMapper.cs(17,40): warning CS8603: 可能返回 null 引用。 [/root/WorkSpace/CSharp/BannerlordModEditor/BannerlordModEditor.Common/BannerlordModEditor.Common.csproj]
     2>/root/WorkSpace/CSharp/BannerlordModEditor/BannerlordModEditor.Common/Mappers/SkeletonsLayoutMapper.cs(32,40): warning CS8603: 可能返回 null 引用。 [/root/WorkSpace/CSharp/BannerlordModEditor/BannerlordModEditor.Common/BannerlordModEditor.Common.csproj]
     2>/root/WorkSpace/CSharp/BannerlordModEditor/BannerlordModEditor.Common/Mappers/PostfxGraphsMapper.cs(223,36): warning CS8603: 可能返回 null 引用。 [/root/WorkSpace/CSharp/BannerlordModEditor/BannerlordModEditor.Common/BannerlordModEditor.Common.csproj]
     2>/root/WorkSpace/CSharp/BannerlordModEditor/BannerlordModEditor.Common/Mappers/PostfxGraphsMapper.cs(233,36): warning CS8603: 可能返回 null 引用。 [/root/WorkSpace/CSharp/BannerlordModEditor/BannerlordModEditor.Common/BannerlordModEditor.Common.csproj]
     2>/root/WorkSpace/CSharp/BannerlordModEditor/BannerlordModEditor.Common/Mappers/PostfxGraphsMapper.cs(196,36): warning CS8603: 可能返回 null 引用。 [/root/WorkSpace/CSharp/BannerlordModEditor/BannerlordModEditor.Common/BannerlordModEditor.Common.csproj]
     2>/root/WorkSpace/CSharp/BannerlordModEditor/BannerlordModEditor.Common/Mappers/PostfxGraphsMapper.cs(208,36): warning CS8603: 可能返回 null 引用。 [/root/WorkSpace/CSharp/BannerlordModEditor/BannerlordModEditor.Common/BannerlordModEditor.Common.csproj]
     2>/root/WorkSpace/CSharp/BannerlordModEditor/BannerlordModEditor.Common/Mappers/PostfxGraphsMapper.cs(169,36): warning CS8603: 可能返回 null 引用。 [/root/WorkSpace/CSharp/BannerlordModEditor/BannerlordModEditor.Common/BannerlordModEditor.Common.csproj]
     2>/root/WorkSpace/CSharp/BannerlordModEditor/BannerlordModEditor.Common/Mappers/PostfxGraphsMapper.cs(181,36): warning CS8603: 可能返回 null 引用。 [/root/WorkSpace/CSharp/BannerlordModEditor/BannerlordModEditor.Common/BannerlordModEditor.Common.csproj]
     2>/root/WorkSpace/CSharp/BannerlordModEditor/BannerlordModEditor.Common/Mappers/PostfxGraphsMapper.cs(142,36): warning CS8603: 可能返回 null 引用。 [/root/WorkSpace/CSharp/BannerlordModEditor/BannerlordModEditor.Common/BannerlordModEditor.Common.csproj]
     2>/root/WorkSpace/CSharp/BannerlordModEditor/BannerlordModEditor.Common/Mappers/PostfxGraphsMapper.cs(154,36): warning CS8603: 可能返回 null 引用。 [/root/WorkSpace/CSharp/BannerlordModEditor/BannerlordModEditor.Common/BannerlordModEditor.Common.csproj]
     2>/root/WorkSpace/CSharp/BannerlordModEditor/BannerlordModEditor.Common/Mappers/PostfxGraphsMapper.cs(92,36): warning CS8603: 可能返回 null 引用。 [/root/WorkSpace/CSharp/BannerlordModEditor/BannerlordModEditor.Common/BannerlordModEditor.Common.csproj]
     2>/root/WorkSpace/CSharp/BannerlordModEditor/BannerlordModEditor.Common/Mappers/PostfxGraphsMapper.cs(115,36): warning CS8603: 可能返回 null 引用。 [/root/WorkSpace/CSharp/BannerlordModEditor/BannerlordModEditor.Common/BannerlordModEditor.Common.csproj]
     2>/root/WorkSpace/CSharp/BannerlordModEditor/BannerlordModEditor.Common/Mappers/PostfxGraphsMapper.cs(63,36): warning CS8603: 可能返回 null 引用。 [/root/WorkSpace/CSharp/BannerlordModEditor/BannerlordModEditor.Common/BannerlordModEditor.Common.csproj]
     2>/root/WorkSpace/CSharp/BannerlordModEditor/BannerlordModEditor.Common/Mappers/PostfxGraphsMapper.cs(76,36): warning CS8603: 可能返回 null 引用。 [/root/WorkSpace/CSharp/BannerlordModEditor/BannerlordModEditor.Common/BannerlordModEditor.Common.csproj]
     2>/root/WorkSpace/CSharp/BannerlordModEditor/BannerlordModEditor.Common/Mappers/PostfxGraphsMapper.cs(36,36): warning CS8603: 可能返回 null 引用。 [/root/WorkSpace/CSharp/BannerlordModEditor/BannerlordModEditor.Common/BannerlordModEditor.Common.csproj]
     2>/root/WorkSpace/CSharp/BannerlordModEditor/BannerlordModEditor.Common/Mappers/PostfxGraphsMapper.cs(48,36): warning CS8603: 可能返回 null 引用。 [/root/WorkSpace/CSharp/BannerlordModEditor/BannerlordModEditor.Common/BannerlordModEditor.Common.csproj]
     2>/root/WorkSpace/CSharp/BannerlordModEditor/BannerlordModEditor.Common/Mappers/PostfxGraphsMapper.cs(10,36): warning CS8603: 可能返回 null 引用。 [/root/WorkSpace/CSharp/BannerlordModEditor/BannerlordModEditor.Common/BannerlordModEditor.Common.csproj]
     2>/root/WorkSpace/CSharp/BannerlordModEditor/BannerlordModEditor.Common/Mappers/PostfxGraphsMapper.cs(21,36): warning CS8603: 可能返回 null 引用。 [/root/WorkSpace/CSharp/BannerlordModEditor/BannerlordModEditor.Common/BannerlordModEditor.Common.csproj]
     2>/root/WorkSpace/CSharp/BannerlordModEditor/BannerlordModEditor.Common/Mappers/PhysicsMaterialsLayoutMapper.cs(14,40): warning CS8603: 可能返回 null 引用。 [/root/WorkSpace/CSharp/BannerlordModEditor/BannerlordModEditor.Common/BannerlordModEditor.Common.csproj]
     2>/root/WorkSpace/CSharp/BannerlordModEditor/BannerlordModEditor.Common/Mappers/PhysicsMaterialsLayoutMapper.cs(25,40): warning CS8603: 可能返回 null 引用。 [/root/WorkSpace/CSharp/BannerlordModEditor/BannerlordModEditor.Common/BannerlordModEditor.Common.csproj]
     2>/root/WorkSpace/CSharp/BannerlordModEditor/BannerlordModEditor.Common/Mappers/ParticleSystemsMapper.cs(15,40): warning CS8603: 可能返回 null 引用。 [/root/WorkSpace/CSharp/BannerlordModEditor/BannerlordModEditor.Common/BannerlordModEditor.Common.csproj]
     2>/root/WorkSpace/CSharp/BannerlordModEditor/BannerlordModEditor.Common/Mappers/ParticleSystemsMapper.cs(25,40): warning CS8603: 可能返回 null 引用。 [/root/WorkSpace/CSharp/BannerlordModEditor/BannerlordModEditor.Common/BannerlordModEditor.Common.csproj]
     2>/root/WorkSpace/CSharp/BannerlordModEditor/BannerlordModEditor.Common/Mappers/ParticleSystemsMapper.cs(32,34): warning CS8604: “EmittersDTO ParticleSystemsMapper.ToDTO(EmittersDO source)”中的形参“source”可能传入 null 引用实参。 [/root/WorkSpace/CSharp/BannerlordModEditor/BannerlordModEditor.Common/BannerlordModEditor.Common.csproj]
     2>/root/WorkSpace/CSharp/BannerlordModEditor/BannerlordModEditor.Common/Mappers/ParticleSystemsMapper.cs(38,40): warning CS8603: 可能返回 null 引用。 [/root/WorkSpace/CSharp/BannerlordModEditor/BannerlordModEditor.Common/BannerlordModEditor.Common.csproj]
     2>/root/WorkSpace/CSharp/BannerlordModEditor/BannerlordModEditor.Common/Mappers/ParticleSystemsMapper.cs(48,40): warning CS8603: 可能返回 null 引用。 [/root/WorkSpace/CSharp/BannerlordModEditor/BannerlordModEditor.Common/BannerlordModEditor.Common.csproj]
     2>/root/WorkSpace/CSharp/BannerlordModEditor/BannerlordModEditor.Common/Mappers/ParticleSystemsMapper.cs(54,34): warning CS8604: “ChildrenDTO ParticleSystemsMapper.ToDTO(ChildrenDO source)”中的形参“source”可能传入 null 引用实参。 [/root/WorkSpace/CSharp/BannerlordModEditor/BannerlordModEditor.Common/BannerlordModEditor.Common.csproj]
     2>/root/WorkSpace/CSharp/BannerlordModEditor/BannerlordModEditor.Common/Mappers/ParticleSystemsMapper.cs(55,31): warning CS8604: “ParticleFlagsDTO ParticleSystemsMapper.ToDTO(ParticleFlagsDO source)”中的形参“source”可能传入 null 引用实参。 [/root/WorkSpace/CSharp/BannerlordModEditor/BannerlordModEditor.Common/BannerlordModEditor.Common.csproj]
     2>/root/WorkSpace/CSharp/BannerlordModEditor/BannerlordModEditor.Common/Mappers/ParticleSystemsMapper.cs(56,36): warning CS8604: “ParametersDTO ParticleSystemsMapper.ToDTO(ParametersDO source)”中的形参“source”可能传入 null 引用实参。 [/root/WorkSpace/CSharp/BannerlordModEditor/BannerlordModEditor.Common/BannerlordModEditor.Common.csproj]
     2>/root/WorkSpace/CSharp/BannerlordModEditor/BannerlordModEditor.Common/Mappers/ParticleSystemsMapper.cs(62,40): warning CS8603: 可能返回 null 引用。 [/root/WorkSpace/CSharp/BannerlordModEditor/BannerlordModEditor.Common/BannerlordModEditor.Common.csproj]
     2>/root/WorkSpace/CSharp/BannerlordModEditor/BannerlordModEditor.Common/Mappers/ParticleSystemsMapper.cs(72,40): warning CS8603: 可能返回 null 引用。 [/root/WorkSpace/CSharp/BannerlordModEditor/BannerlordModEditor.Common/BannerlordModEditor.Common.csproj]
     2>/root/WorkSpace/CSharp/BannerlordModEditor/BannerlordModEditor.Common/Mappers/ParticleSystemsMapper.cs(82,40): warning CS8603: 可能返回 null 引用。 [/root/WorkSpace/CSharp/BannerlordModEditor/BannerlordModEditor.Common/BannerlordModEditor.Common.csproj]
     2>/root/WorkSpace/CSharp/BannerlordModEditor/BannerlordModEditor.Common/Mappers/ParticleSystemsMapper.cs(93,40): warning CS8603: 可能返回 null 引用。 [/root/WorkSpace/CSharp/BannerlordModEditor/BannerlordModEditor.Common/BannerlordModEditor.Common.csproj]
     2>/root/WorkSpace/CSharp/BannerlordModEditor/BannerlordModEditor.Common/Mappers/ParticleSystemsMapper.cs(98,40): warning CS8604: “DecalMaterialsDTO ParticleSystemsMapper.ToDTO(DecalMaterialsDO source)”中的形参“source”可能传入 null 引用实参。 [/root/WorkSpace/CSharp/BannerlordModEditor/BannerlordModEditor.Common/BannerlordModEditor.Common.csproj]
     2>/root/WorkSpace/CSharp/BannerlordModEditor/BannerlordModEditor.Common/Mappers/ParticleSystemsMapper.cs(104,40): warning CS8603: 可能返回 null 引用。 [/root/WorkSpace/CSharp/BannerlordModEditor/BannerlordModEditor.Common/BannerlordModEditor.Common.csproj]
     2>/root/WorkSpace/CSharp/BannerlordModEditor/BannerlordModEditor.Common/Mappers/ParticleSystemsMapper.cs(113,91): warning CS8604: “CurveDTO ParticleSystemsMapper.ToDTO(CurveDO source)”中的形参“source”可能传入 null 引用实参。 [/root/WorkSpace/CSharp/BannerlordModEditor/BannerlordModEditor.Common/BannerlordModEditor.Common.csproj]
     2>/root/WorkSpace/CSharp/BannerlordModEditor/BannerlordModEditor.Common/Mappers/ParticleSystemsMapper.cs(114,38): warning CS8604: “ColorDTO ParticleSystemsMapper.ToDTO(ColorDO source)”中的形参“source”可能传入 null 引用实参。 [/root/WorkSpace/CSharp/BannerlordModEditor/BannerlordModEditor.Common/BannerlordModEditor.Common.csproj]
     2>/root/WorkSpace/CSharp/BannerlordModEditor/BannerlordModEditor.Common/Mappers/ParticleSystemsMapper.cs(115,38): warning CS8604: “AlphaDTO ParticleSystemsMapper.ToDTO(AlphaDO source)”中的形参“source”可能传入 null 引用实参。 [/root/WorkSpace/CSharp/BannerlordModEditor/BannerlordModEditor.Common/BannerlordModEditor.Common.csproj]
     2>/root/WorkSpace/CSharp/BannerlordModEditor/BannerlordModEditor.Common/Mappers/ParticleSystemsMapper.cs(121,40): warning CS8603: 可能返回 null 引用。 [/root/WorkSpace/CSharp/BannerlordModEditor/BannerlordModEditor.Common/BannerlordModEditor.Common.csproj]
     2>/root/WorkSpace/CSharp/BannerlordModEditor/BannerlordModEditor.Common/Mappers/ParticleSystemsMapper.cs(129,30): warning CS8604: “KeysDTO ParticleSystemsMapper.ToDTO(KeysDO source)”中的形参“source”可能传入 null 引用实参。 [/root/WorkSpace/CSharp/BannerlordModEditor/BannerlordModEditor.Common/BannerlordModEditor.Common.csproj]
     2>/root/WorkSpace/CSharp/BannerlordModEditor/BannerlordModEditor.Common/Mappers/ParticleSystemsMapper.cs(135,40): warning CS8603: 可能返回 null 引用。 [/root/WorkSpace/CSharp/BannerlordModEditor/BannerlordModEditor.Common/BannerlordModEditor.Common.csproj]
     2>/root/WorkSpace/CSharp/BannerlordModEditor/BannerlordModEditor.Common/Mappers/ParticleSystemsMapper.cs(145,40): warning CS8603: 可能返回 null 引用。 [/root/WorkSpace/CSharp/BannerlordModEditor/BannerlordModEditor.Common/BannerlordModEditor.Common.csproj]
     2>/root/WorkSpace/CSharp/BannerlordModEditor/BannerlordModEditor.Common/Mappers/ParticleSystemsMapper.cs(158,40): warning CS8603: 可能返回 null 引用。 [/root/WorkSpace/CSharp/BannerlordModEditor/BannerlordModEditor.Common/BannerlordModEditor.Common.csproj]
     2>/root/WorkSpace/CSharp/BannerlordModEditor/BannerlordModEditor.Common/Mappers/ParticleSystemsMapper.cs(162,30): warning CS8604: “KeysDTO ParticleSystemsMapper.ToDTO(KeysDO source)”中的形参“source”可能传入 null 引用实参。 [/root/WorkSpace/CSharp/BannerlordModEditor/BannerlordModEditor.Common/BannerlordModEditor.Common.csproj]
     2>/root/WorkSpace/CSharp/BannerlordModEditor/BannerlordModEditor.Common/Mappers/ParticleSystemsMapper.cs(168,40): warning CS8603: 可能返回 null 引用。 [/root/WorkSpace/CSharp/BannerlordModEditor/BannerlordModEditor.Common/BannerlordModEditor.Common.csproj]
     2>/root/WorkSpace/CSharp/BannerlordModEditor/BannerlordModEditor.Common/Mappers/ParticleSystemsMapper.cs(172,30): warning CS8604: “KeysDTO ParticleSystemsMapper.ToDTO(KeysDO source)”中的形参“source”可能传入 null 引用实参。 [/root/WorkSpace/CSharp/BannerlordModEditor/BannerlordModEditor.Common/BannerlordModEditor.Common.csproj]
     2>/root/WorkSpace/CSharp/BannerlordModEditor/BannerlordModEditor.Common/Mappers/ParticleSystemsMapper.cs(178,40): warning CS8603: 可能返回 null 引用。 [/root/WorkSpace/CSharp/BannerlordModEditor/BannerlordModEditor.Common/BannerlordModEditor.Common.csproj]
     2>/root/WorkSpace/CSharp/BannerlordModEditor/BannerlordModEditor.Common/Mappers/ParticleSystemsMapper.cs(188,40): warning CS8603: 可能返回 null 引用。 [/root/WorkSpace/CSharp/BannerlordModEditor/BannerlordModEditor.Common/BannerlordModEditor.Common.csproj]
     2>/root/WorkSpace/CSharp/BannerlordModEditor/BannerlordModEditor.Common/Mappers/ParticleSystemsMapper.cs(202,40): warning CS8603: 可能返回 null 引用。 [/root/WorkSpace/CSharp/BannerlordModEditor/BannerlordModEditor.Common/BannerlordModEditor.Common.csproj]
     2>/root/WorkSpace/CSharp/BannerlordModEditor/BannerlordModEditor.Common/Mappers/ParticleSystemsMapper.cs(212,40): warning CS8603: 可能返回 null 引用。 [/root/WorkSpace/CSharp/BannerlordModEditor/BannerlordModEditor.Common/BannerlordModEditor.Common.csproj]
     2>/root/WorkSpace/CSharp/BannerlordModEditor/BannerlordModEditor.Common/Mappers/ParticleSystemsMapper.cs(219,33): warning CS8604: “EmittersDO ParticleSystemsMapper.ToDO(EmittersDTO source)”中的形参“source”可能传入 null 引用实参。 [/root/WorkSpace/CSharp/BannerlordModEditor/BannerlordModEditor.Common/BannerlordModEditor.Common.csproj]
     2>/root/WorkSpace/CSharp/BannerlordModEditor/BannerlordModEditor.Common/Mappers/ActionSetsMapper.cs(15,40): warning CS8603: 可能返回 null 引用。 [/root/WorkSpace/CSharp/BannerlordModEditor/BannerlordModEditor.Common/BannerlordModEditor.Common.csproj]
     2>/root/WorkSpace/CSharp/BannerlordModEditor/BannerlordModEditor.Common/Mappers/ActionTypesMapper.cs(15,40): warning CS8603: 可能返回 null 引用。 [/root/WorkSpace/CSharp/BannerlordModEditor/BannerlordModEditor.Common/BannerlordModEditor.Common.csproj]
     2>/root/WorkSpace/CSharp/BannerlordModEditor/BannerlordModEditor.Common/Mappers/AttributesMapper.cs(12,40): warning CS8603: 可能返回 null 引用。 [/root/WorkSpace/CSharp/BannerlordModEditor/BannerlordModEditor.Common/BannerlordModEditor.Common.csproj]
     2>/root/WorkSpace/CSharp/BannerlordModEditor/BannerlordModEditor.Common/Mappers/ActionTypesMapper.cs(25,40): warning CS8603: 可能返回 null 引用。 [/root/WorkSpace/CSharp/BannerlordModEditor/BannerlordModEditor.Common/BannerlordModEditor.Common.csproj]
     2>/root/WorkSpace/CSharp/BannerlordModEditor/BannerlordModEditor.Common/Mappers/ParticleSystemsMapper.cs(225,40): warning CS8603: 可能返回 null 引用。 [/root/WorkSpace/CSharp/BannerlordModEditor/BannerlordModEditor.Common/BannerlordModEditor.Common.csproj]
     2>/root/WorkSpace/CSharp/BannerlordModEditor/BannerlordModEditor.Common/Mappers/AttributesMapper.cs(39,40): warning CS8603: 可能返回 null 引用。 [/root/WorkSpace/CSharp/BannerlordModEditor/BannerlordModEditor.Common/BannerlordModEditor.Common.csproj]
     2>/root/WorkSpace/CSharp/BannerlordModEditor/BannerlordModEditor.Common/Mappers/ParticleSystemsMapper.cs(235,40): warning CS8603: 可能返回 null 引用。 [/root/WorkSpace/CSharp/BannerlordModEditor/BannerlordModEditor.Common/BannerlordModEditor.Common.csproj]
     2>/root/WorkSpace/CSharp/BannerlordModEditor/BannerlordModEditor.Common/Mappers/ParticleSystemsMapper.cs(241,33): warning CS8604: “ChildrenDO ParticleSystemsMapper.ToDO(ChildrenDTO source)”中的形参“source”可能传入 null 引用实参。 [/root/WorkSpace/CSharp/BannerlordModEditor/BannerlordModEditor.Common/BannerlordModEditor.Common.csproj]
     2>/root/WorkSpace/CSharp/BannerlordModEditor/BannerlordModEditor.Common/Mappers/ParticleSystemsMapper.cs(242,30): warning CS8604: “ParticleFlagsDO ParticleSystemsMapper.ToDO(ParticleFlagsDTO source)”中的形参“source”可能传入 null 引用实参。 [/root/WorkSpace/CSharp/BannerlordModEditor/BannerlordModEditor.Common/BannerlordModEditor.Common.csproj]
     2>/root/WorkSpace/CSharp/BannerlordModEditor/BannerlordModEditor.Common/Mappers/ParticleSystemsMapper.cs(243,35): warning CS8604: “ParametersDO ParticleSystemsMapper.ToDO(ParametersDTO source)”中的形参“source”可能传入 null 引用实参。 [/root/WorkSpace/CSharp/BannerlordModEditor/BannerlordModEditor.Common/BannerlordModEditor.Common.csproj]
     2>/root/WorkSpace/CSharp/BannerlordModEditor/BannerlordModEditor.Common/Mappers/ActionSetsMapper.cs(25,40): warning CS8603: 可能返回 null 引用。 [/root/WorkSpace/CSharp/BannerlordModEditor/BannerlordModEditor.Common/BannerlordModEditor.Common.csproj]
     2>/root/WorkSpace/CSharp/BannerlordModEditor/BannerlordModEditor.Common/Mappers/AttributesMapper.cs(24,40): warning CS8603: 可能返回 null 引用。 [/root/WorkSpace/CSharp/BannerlordModEditor/BannerlordModEditor.Common/BannerlordModEditor.Common.csproj]
     2>/root/WorkSpace/CSharp/BannerlordModEditor/BannerlordModEditor.Common/Mappers/ActionSetsMapper.cs(39,40): warning CS8603: 可能返回 null 引用。 [/root/WorkSpace/CSharp/BannerlordModEditor/BannerlordModEditor.Common/BannerlordModEditor.Common.csproj]
     2>/root/WorkSpace/CSharp/BannerlordModEditor/BannerlordModEditor.Common/Mappers/BannerIconsMapper.cs(38,40): warning CS8603: 可能返回 null 引用。 [/root/WorkSpace/CSharp/BannerlordModEditor/BannerlordModEditor.Common/BannerlordModEditor.Common.csproj]
     2>/root/WorkSpace/CSharp/BannerlordModEditor/BannerlordModEditor.Common/Mappers/BannerIconsMapper.cs(45,57): warning CS8604: “BannerColorsDTO BannerColorsMapper.ToDTO(BannerColorsDO source)”中的形参“source”可能传入 null 引用实参。 [/root/WorkSpace/CSharp/BannerlordModEditor/BannerlordModEditor.Common/BannerlordModEditor.Common.csproj]
     2>/root/WorkSpace/CSharp/BannerlordModEditor/BannerlordModEditor.Common/Mappers/ActionTypesMapper.cs(42,40): warning CS8603: 可能返回 null 引用。 [/root/WorkSpace/CSharp/BannerlordModEditor/BannerlordModEditor.Common/BannerlordModEditor.Common.csproj]
     2>/root/WorkSpace/CSharp/BannerlordModEditor/BannerlordModEditor.Common/Mappers/ActionTypesMapper.cs(52,40): warning CS8603: 可能返回 null 引用。 [/root/WorkSpace/CSharp/BannerlordModEditor/BannerlordModEditor.Common/BannerlordModEditor.Common.csproj]
     2>/root/WorkSpace/CSharp/BannerlordModEditor/BannerlordModEditor.Common/Mappers/BannerIconsMapper.cs(12,40): warning CS8603: 可能返回 null 引用。 [/root/WorkSpace/CSharp/BannerlordModEditor/BannerlordModEditor.Common/BannerlordModEditor.Common.csproj]
     2>/root/WorkSpace/CSharp/BannerlordModEditor/BannerlordModEditor.Common/Mappers/BannerIconsMapper.cs(17,61): warning CS8604: “BannerIconDataDTO BannerIconDataMapper.ToDTO(BannerIconDataDO source)”中的形参“source”可能传入 null 引用实参。 [/root/WorkSpace/CSharp/BannerlordModEditor/BannerlordModEditor.Common/BannerlordModEditor.Common.csproj]
     2>/root/WorkSpace/CSharp/BannerlordModEditor/BannerlordModEditor.Common/Mappers/AttributesMapper.cs(52,40): warning CS8603: 可能返回 null 引用。 [/root/WorkSpace/CSharp/BannerlordModEditor/BannerlordModEditor.Common/BannerlordModEditor.Common.csproj]
     2>/root/WorkSpace/CSharp/BannerlordModEditor/BannerlordModEditor.Common/Mappers/ActionSetsMapper.cs(55,40): warning CS8603: 可能返回 null 引用。 [/root/WorkSpace/CSharp/BannerlordModEditor/BannerlordModEditor.Common/BannerlordModEditor.Common.csproj]
     2>/root/WorkSpace/CSharp/BannerlordModEditor/BannerlordModEditor.Common/Mappers/BannerIconsMapper.cs(23,40): warning CS8603: 可能返回 null 引用。 [/root/WorkSpace/CSharp/BannerlordModEditor/BannerlordModEditor.Common/BannerlordModEditor.Common.csproj]
     2>/root/WorkSpace/CSharp/BannerlordModEditor/BannerlordModEditor.Common/Mappers/BannerIconsMapper.cs(28,60): warning CS8604: “BannerIconDataDO BannerIconDataMapper.ToDO(BannerIconDataDTO source)”中的形参“source”可能传入 null 引用实参。 [/root/WorkSpace/CSharp/BannerlordModEditor/BannerlordModEditor.Common/BannerlordModEditor.Common.csproj]
     2>/root/WorkSpace/CSharp/BannerlordModEditor/BannerlordModEditor.Common/Mappers/BannerIconsMapper.cs(51,40): warning CS8603: 可能返回 null 引用。 [/root/WorkSpace/CSharp/BannerlordModEditor/BannerlordModEditor.Common/BannerlordModEditor.Common.csproj]
     2>/root/WorkSpace/CSharp/BannerlordModEditor/BannerlordModEditor.Common/Mappers/BannerIconsMapper.cs(58,56): warning CS8604: “BannerColorsDO BannerColorsMapper.ToDO(BannerColorsDTO source)”中的形参“source”可能传入 null 引用实参。 [/root/WorkSpace/CSharp/BannerlordModEditor/BannerlordModEditor.Common/BannerlordModEditor.Common.csproj]
     2>/root/WorkSpace/CSharp/BannerlordModEditor/BannerlordModEditor.Common/Mappers/BannerIconsMapper.cs(112,40): warning CS8603: 可能返回 null 引用。 [/root/WorkSpace/CSharp/BannerlordModEditor/BannerlordModEditor.Common/BannerlordModEditor.Common.csproj]
     2>/root/WorkSpace/CSharp/BannerlordModEditor/BannerlordModEditor.Common/Mappers/BannerIconsMapper.cs(124,40): warning CS8603: 可能返回 null 引用。 [/root/WorkSpace/CSharp/BannerlordModEditor/BannerlordModEditor.Common/BannerlordModEditor.Common.csproj]
     2>/root/WorkSpace/CSharp/BannerlordModEditor/BannerlordModEditor.Common/Mappers/BannerIconsMapper.cs(70,40): warning CS8603: 可能返回 null 引用。 [/root/WorkSpace/CSharp/BannerlordModEditor/BannerlordModEditor.Common/BannerlordModEditor.Common.csproj]
     2>/root/WorkSpace/CSharp/BannerlordModEditor/BannerlordModEditor.Common/Mappers/ActionSetsMapper.cs(65,40): warning CS8603: 可能返回 null 引用。 [/root/WorkSpace/CSharp/BannerlordModEditor/BannerlordModEditor.Common/BannerlordModEditor.Common.csproj]
     2>/root/WorkSpace/CSharp/BannerlordModEditor/BannerlordModEditor.Common/Mappers/ActionSetsMapper.cs(79,40): warning CS8603: 可能返回 null 引用。 [/root/WorkSpace/CSharp/BannerlordModEditor/BannerlordModEditor.Common/BannerlordModEditor.Common.csproj]
     2>/root/WorkSpace/CSharp/BannerlordModEditor/BannerlordModEditor.Common/Mappers/BannerIconsMapper.cs(139,40): warning CS8603: 可能返回 null 引用。 [/root/WorkSpace/CSharp/BannerlordModEditor/BannerlordModEditor.Common/BannerlordModEditor.Common.csproj]
     2>/root/WorkSpace/CSharp/BannerlordModEditor/BannerlordModEditor.Common/Mappers/BannerIconsMapper.cs(197,40): warning CS8603: 可能返回 null 引用。 [/root/WorkSpace/CSharp/BannerlordModEditor/BannerlordModEditor.Common/BannerlordModEditor.Common.csproj]
     2>/root/WorkSpace/CSharp/BannerlordModEditor/BannerlordModEditor.Common/Mappers/BannerIconsMapper.cs(210,40): warning CS8603: 可能返回 null 引用。 [/root/WorkSpace/CSharp/BannerlordModEditor/BannerlordModEditor.Common/BannerlordModEditor.Common.csproj]
     2>/root/WorkSpace/CSharp/BannerlordModEditor/BannerlordModEditor.Common/Mappers/BannerIconsMapper.cs(168,40): warning CS8603: 可能返回 null 引用。 [/root/WorkSpace/CSharp/BannerlordModEditor/BannerlordModEditor.Common/BannerlordModEditor.Common.csproj]
     2>/root/WorkSpace/CSharp/BannerlordModEditor/BannerlordModEditor.Common/Mappers/BannerIconsMapper.cs(152,40): warning CS8603: 可能返回 null 引用。 [/root/WorkSpace/CSharp/BannerlordModEditor/BannerlordModEditor.Common/BannerlordModEditor.Common.csproj]
     2>/root/WorkSpace/CSharp/BannerlordModEditor/BannerlordModEditor.Common/Mappers/BannerIconsMapper.cs(88,40): warning CS8603: 可能返回 null 引用。 [/root/WorkSpace/CSharp/BannerlordModEditor/BannerlordModEditor.Common/BannerlordModEditor.Common.csproj]
     2>/root/WorkSpace/CSharp/BannerlordModEditor/BannerlordModEditor.Common/Services/HybridXml/IHybridXmlServices.cs(319,52): warning CS8604: “XmlNode? XmlNode.SelectSingleNode(string xpath)”中的形参“xpath”可能传入 null 引用实参。 [/root/WorkSpace/CSharp/BannerlordModEditor/BannerlordModEditor.Common/BannerlordModEditor.Common.csproj]
     2>/root/WorkSpace/CSharp/BannerlordModEditor/BannerlordModEditor.Common/Mappers/ParticleSystemsMapper.cs(249,40): warning CS8603: 可能返回 null 引用。 [/root/WorkSpace/CSharp/BannerlordModEditor/BannerlordModEditor.Common/BannerlordModEditor.Common.csproj]
     2>/root/WorkSpace/CSharp/BannerlordModEditor/BannerlordModEditor.Common/Mappers/ParticleSystemsMapper.cs(259,40): warning CS8603: 可能返回 null 引用。 [/root/WorkSpace/CSharp/BannerlordModEditor/BannerlordModEditor.Common/BannerlordModEditor.Common.csproj]
     2>/root/WorkSpace/CSharp/BannerlordModEditor/BannerlordModEditor.Common/Mappers/ParticleSystemsMapper.cs(269,40): warning CS8603: 可能返回 null 引用。 [/root/WorkSpace/CSharp/BannerlordModEditor/BannerlordModEditor.Common/BannerlordModEditor.Common.csproj]
     2>/root/WorkSpace/CSharp/BannerlordModEditor/BannerlordModEditor.Common/Mappers/ParticleSystemsMapper.cs(280,40): warning CS8603: 可能返回 null 引用。 [/root/WorkSpace/CSharp/BannerlordModEditor/BannerlordModEditor.Common/BannerlordModEditor.Common.csproj]
     2>/root/WorkSpace/CSharp/BannerlordModEditor/BannerlordModEditor.Common/Mappers/ParticleSystemsMapper.cs(285,39): warning CS8604: “DecalMaterialsDO ParticleSystemsMapper.ToDO(DecalMaterialsDTO source)”中的形参“source”可能传入 null 引用实参。 [/root/WorkSpace/CSharp/BannerlordModEditor/BannerlordModEditor.Common/BannerlordModEditor.Common.csproj]
     2>/root/WorkSpace/CSharp/BannerlordModEditor/BannerlordModEditor.Common/Mappers/ParticleSystemsMapper.cs(291,40): warning CS8603: 可能返回 null 引用。 [/root/WorkSpace/CSharp/BannerlordModEditor/BannerlordModEditor.Common/BannerlordModEditor.Common.csproj]
     2>/root/WorkSpace/CSharp/BannerlordModEditor/BannerlordModEditor.Common/Mappers/ParticleSystemsMapper.cs(301,37): warning CS8604: “ColorDO ParticleSystemsMapper.ToDO(ColorDTO source)”中的形参“source”可能传入 null 引用实参。 [/root/WorkSpace/CSharp/BannerlordModEditor/BannerlordModEditor.Common/BannerlordModEditor.Common.csproj]
     2>/root/WorkSpace/CSharp/BannerlordModEditor/BannerlordModEditor.Common/Mappers/ParticleSystemsMapper.cs(302,37): warning CS8604: “AlphaDO ParticleSystemsMapper.ToDO(AlphaDTO source)”中的形参“source”可能传入 null 引用实参。 [/root/WorkSpace/CSharp/BannerlordModEditor/BannerlordModEditor.Common/BannerlordModEditor.Common.csproj]
     2>/root/WorkSpace/CSharp/BannerlordModEditor/BannerlordModEditor.Common/Mappers/ParticleSystemsMapper.cs(308,40): warning CS8603: 可能返回 null 引用。 [/root/WorkSpace/CSharp/BannerlordModEditor/BannerlordModEditor.Common/BannerlordModEditor.Common.csproj]
     2>/root/WorkSpace/CSharp/BannerlordModEditor/BannerlordModEditor.Common/Mappers/ParticleSystemsMapper.cs(316,29): warning CS8604: “KeysDO ParticleSystemsMapper.ToDO(KeysDTO source)”中的形参“source”可能传入 null 引用实参。 [/root/WorkSpace/CSharp/BannerlordModEditor/BannerlordModEditor.Common/BannerlordModEditor.Common.csproj]
     2>/root/WorkSpace/CSharp/BannerlordModEditor/BannerlordModEditor.Common/Mappers/ParticleSystemsMapper.cs(322,40): warning CS8603: 可能返回 null 引用。 [/root/WorkSpace/CSharp/BannerlordModEditor/BannerlordModEditor.Common/BannerlordModEditor.Common.csproj]
     2>/root/WorkSpace/CSharp/BannerlordModEditor/BannerlordModEditor.Common/Mappers/BannerIconsMapper.cs(180,40): warning CS8603: 可能返回 null 引用。 [/root/WorkSpace/CSharp/BannerlordModEditor/BannerlordModEditor.Common/BannerlordModEditor.Common.csproj]
     2>/root/WorkSpace/CSharp/BannerlordModEditor/BannerlordModEditor.Common/Mappers/BoneBodyTypesMapper.cs(15,40): warning CS8603: 可能返回 null 引用。 [/root/WorkSpace/CSharp/BannerlordModEditor/BannerlordModEditor.Common/BannerlordModEditor.Common.csproj]
     2>/root/WorkSpace/CSharp/BannerlordModEditor/BannerlordModEditor.Common/Mappers/BoneBodyTypesMapper.cs(25,40): warning CS8603: 可能返回 null 引用。 [/root/WorkSpace/CSharp/BannerlordModEditor/BannerlordModEditor.Common/BannerlordModEditor.Common.csproj]
     2>/root/WorkSpace/CSharp/BannerlordModEditor/BannerlordModEditor.Common/Mappers/CollisionInfosMapper.cs(12,40): warning CS8603: 可能返回 null 引用。 [/root/WorkSpace/CSharp/BannerlordModEditor/BannerlordModEditor.Common/BannerlordModEditor.Common.csproj]
     2>/root/WorkSpace/CSharp/BannerlordModEditor/BannerlordModEditor.Common/Mappers/CollisionInfosMapper.cs(17,40): warning CS8604: “CollisionInfosDTO CollisionInfosMapper.ToDTO(CollisionInfosDO source)”中的形参“source”可能传入 null 引用实参。 [/root/WorkSpace/CSharp/BannerlordModEditor/BannerlordModEditor.Common/BannerlordModEditor.Common.csproj]
     2>/root/WorkSpace/CSharp/BannerlordModEditor/BannerlordModEditor.Common/Mappers/CollisionInfosMapper.cs(23,40): warning CS8603: 可能返回 null 引用。 [/root/WorkSpace/CSharp/BannerlordModEditor/BannerlordModEditor.Common/BannerlordModEditor.Common.csproj]
     2>/root/WorkSpace/CSharp/BannerlordModEditor/BannerlordModEditor.Common/Mappers/CollisionInfosMapper.cs(28,39): warning CS8604: “CollisionInfosDO CollisionInfosMapper.ToDO(CollisionInfosDTO source)”中的形参“source”可能传入 null 引用实参。 [/root/WorkSpace/CSharp/BannerlordModEditor/BannerlordModEditor.Common/BannerlordModEditor.Common.csproj]
     2>/root/WorkSpace/CSharp/BannerlordModEditor/BannerlordModEditor.Common/Mappers/BoneBodyTypesMapper.cs(43,40): warning CS8603: 可能返回 null 引用。 [/root/WorkSpace/CSharp/BannerlordModEditor/BannerlordModEditor.Common/BannerlordModEditor.Common.csproj]
     2>/root/WorkSpace/CSharp/BannerlordModEditor/BannerlordModEditor.Common/Mappers/ParticleSystemsMapper.cs(332,40): warning CS8603: 可能返回 null 引用。 [/root/WorkSpace/CSharp/BannerlordModEditor/BannerlordModEditor.Common/BannerlordModEditor.Common.csproj]
     2>/root/WorkSpace/CSharp/BannerlordModEditor/BannerlordModEditor.Common/Mappers/CombatParametersMapper.cs(15,40): warning CS8603: 可能返回 null 引用。 [/root/WorkSpace/CSharp/BannerlordModEditor/BannerlordModEditor.Common/BannerlordModEditor.Common.csproj]
     2>/root/WorkSpace/CSharp/BannerlordModEditor/BannerlordModEditor.Common/Mappers/CollisionInfosMapper.cs(34,40): warning CS8603: 可能返回 null 引用。 [/root/WorkSpace/CSharp/BannerlordModEditor/BannerlordModEditor.Common/BannerlordModEditor.Common.csproj]
     2>/root/WorkSpace/CSharp/BannerlordModEditor/BannerlordModEditor.Common/Mappers/ParticleSystemsMapper.cs(345,40): warning CS8603: 可能返回 null 引用。 [/root/WorkSpace/CSharp/BannerlordModEditor/BannerlordModEditor.Common/BannerlordModEditor.Common.csproj]
     2>/root/WorkSpace/CSharp/BannerlordModEditor/BannerlordModEditor.Common/Mappers/ParticleSystemsMapper.cs(349,29): warning CS8604: “KeysDO ParticleSystemsMapper.ToDO(KeysDTO source)”中的形参“source”可能传入 null 引用实参。 [/root/WorkSpace/CSharp/BannerlordModEditor/BannerlordModEditor.Common/BannerlordModEditor.Common.csproj]
     2>/root/WorkSpace/CSharp/BannerlordModEditor/BannerlordModEditor.Common/Mappers/CraftingPiecesMapper.cs(13,40): warning CS8603: 可能返回 null 引用。 [/root/WorkSpace/CSharp/BannerlordModEditor/BannerlordModEditor.Common/BannerlordModEditor.Common.csproj]
     2>/root/WorkSpace/CSharp/BannerlordModEditor/BannerlordModEditor.Common/Mappers/ParticleSystemsMapper.cs(355,40): warning CS8603: 可能返回 null 引用。 [/root/WorkSpace/CSharp/BannerlordModEditor/BannerlordModEditor.Common/BannerlordModEditor.Common.csproj]
     2>/root/WorkSpace/CSharp/BannerlordModEditor/BannerlordModEditor.Common/Mappers/ParticleSystemsMapper.cs(359,29): warning CS8604: “KeysDO ParticleSystemsMapper.ToDO(KeysDTO source)”中的形参“source”可能传入 null 引用实参。 [/root/WorkSpace/CSharp/BannerlordModEditor/BannerlordModEditor.Common/BannerlordModEditor.Common.csproj]
     2>/root/WorkSpace/CSharp/BannerlordModEditor/BannerlordModEditor.Common/Mappers/CraftingPiecesMapper.cs(24,40): warning CS8603: 可能返回 null 引用。 [/root/WorkSpace/CSharp/BannerlordModEditor/BannerlordModEditor.Common/BannerlordModEditor.Common.csproj]
     2>/root/WorkSpace/CSharp/BannerlordModEditor/BannerlordModEditor.Common/Mappers/CombatParametersMapper.cs(27,40): warning CS8603: 可能返回 null 引用。 [/root/WorkSpace/CSharp/BannerlordModEditor/BannerlordModEditor.Common/BannerlordModEditor.Common.csproj]
     2>/root/WorkSpace/CSharp/BannerlordModEditor/BannerlordModEditor.Common/Mappers/CombatParametersMapper.cs(37,40): warning CS8603: 可能返回 null 引用。 [/root/WorkSpace/CSharp/BannerlordModEditor/BannerlordModEditor.Common/BannerlordModEditor.Common.csproj]
     2>/root/WorkSpace/CSharp/BannerlordModEditor/BannerlordModEditor.Common/Mappers/CollisionInfosMapper.cs(45,40): warning CS8603: 可能返回 null 引用。 [/root/WorkSpace/CSharp/BannerlordModEditor/BannerlordModEditor.Common/BannerlordModEditor.Common.csproj]
     2>/root/WorkSpace/CSharp/BannerlordModEditor/BannerlordModEditor.Common/Mappers/CraftingPiecesMapper.cs(35,40): warning CS8603: 可能返回 null 引用。 [/root/WorkSpace/CSharp/BannerlordModEditor/BannerlordModEditor.Common/BannerlordModEditor.Common.csproj]
     2>/root/WorkSpace/CSharp/BannerlordModEditor/BannerlordModEditor.Common/Mappers/ParticleSystemsMapper.cs(365,40): warning CS8603: 可能返回 null 引用。 [/root/WorkSpace/CSharp/BannerlordModEditor/BannerlordModEditor.Common/BannerlordModEditor.Common.csproj]
     2>/root/WorkSpace/CSharp/BannerlordModEditor/BannerlordModEditor.Common/Mappers/ParticleSystemsMapper.cs(375,40): warning CS8603: 可能返回 null 引用。 [/root/WorkSpace/CSharp/BannerlordModEditor/BannerlordModEditor.Common/BannerlordModEditor.Common.csproj]
     2>/root/WorkSpace/CSharp/BannerlordModEditor/BannerlordModEditor.Common/Mappers/CraftingPiecesMapper.cs(47,40): warning CS8603: 可能返回 null 引用。 [/root/WorkSpace/CSharp/BannerlordModEditor/BannerlordModEditor.Common/BannerlordModEditor.Common.csproj]
     2>/root/WorkSpace/CSharp/BannerlordModEditor/BannerlordModEditor.Common/Mappers/BoneBodyTypesMapper.cs(53,40): warning CS8603: 可能返回 null 引用。 [/root/WorkSpace/CSharp/BannerlordModEditor/BannerlordModEditor.Common/BannerlordModEditor.Common.csproj]
     2>/root/WorkSpace/CSharp/BannerlordModEditor/BannerlordModEditor.Common/Mappers/CollisionInfosMapper.cs(56,40): warning CS8603: 可能返回 null 引用。 [/root/WorkSpace/CSharp/BannerlordModEditor/BannerlordModEditor.Common/BannerlordModEditor.Common.csproj]
     2>/root/WorkSpace/CSharp/BannerlordModEditor/BannerlordModEditor.Common/Mappers/CombatParametersMapper.cs(48,40): warning CS8603: 可能返回 null 引用。 [/root/WorkSpace/CSharp/BannerlordModEditor/BannerlordModEditor.Common/BannerlordModEditor.Common.csproj]
     2>/root/WorkSpace/CSharp/BannerlordModEditor/BannerlordModEditor.Common/Mappers/CombatParametersMapper.cs(73,48): warning CS8604: “CustomCollisionCapsuleDTO CombatParametersMapper.ToDTO(CustomCollisionCapsuleDO source)”中的形参“source”可能传入 null 引用实参。 [/root/WorkSpace/CSharp/BannerlordModEditor/BannerlordModEditor.Common/BannerlordModEditor.Common.csproj]
     2>/root/WorkSpace/CSharp/BannerlordModEditor/BannerlordModEditor.Common/Mappers/CombatParametersMapper.cs(79,40): warning CS8603: 可能返回 null 引用。 [/root/WorkSpace/CSharp/BannerlordModEditor/BannerlordModEditor.Common/BannerlordModEditor.Common.csproj]
     2>/root/WorkSpace/CSharp/BannerlordModEditor/BannerlordModEditor.Common/Mappers/CraftingPiecesMapper.cs(59,40): warning CS8603: 可能返回 null 引用。 [/root/WorkSpace/CSharp/BannerlordModEditor/BannerlordModEditor.Common/BannerlordModEditor.Common.csproj]
     2>/root/WorkSpace/CSharp/BannerlordModEditor/BannerlordModEditor.Common/Mappers/CraftingTemplatesMapper.cs(13,40): warning CS8603: 可能返回 null 引用。 [/root/WorkSpace/CSharp/BannerlordModEditor/BannerlordModEditor.Common/BannerlordModEditor.Common.csproj]
     2>/root/WorkSpace/CSharp/BannerlordModEditor/BannerlordModEditor.Common/Mappers/CollisionInfosMapper.cs(67,40): warning CS8603: 可能返回 null 引用。 [/root/WorkSpace/CSharp/BannerlordModEditor/BannerlordModEditor.Common/BannerlordModEditor.Common.csproj]
     2>/root/WorkSpace/CSharp/BannerlordModEditor/BannerlordModEditor.Common/Mappers/CraftingPiecesMapper.cs(85,40): warning CS8603: 可能返回 null 引用。 [/root/WorkSpace/CSharp/BannerlordModEditor/BannerlordModEditor.Common/BannerlordModEditor.Common.csproj]
     2>/root/WorkSpace/CSharp/BannerlordModEditor/BannerlordModEditor.Common/Mappers/CombatParametersMapper.cs(95,40): warning CS8603: 可能返回 null 引用。 [/root/WorkSpace/CSharp/BannerlordModEditor/BannerlordModEditor.Common/BannerlordModEditor.Common.csproj]
     2>/root/WorkSpace/CSharp/BannerlordModEditor/BannerlordModEditor.Common/Mappers/CollisionInfosMapper.cs(78,40): warning CS8603: 可能返回 null 引用。 [/root/WorkSpace/CSharp/BannerlordModEditor/BannerlordModEditor.Common/BannerlordModEditor.Common.csproj]
     2>/root/WorkSpace/CSharp/BannerlordModEditor/BannerlordModEditor.Common/Mappers/CombatParametersMapper.cs(107,40): warning CS8603: 可能返回 null 引用。 [/root/WorkSpace/CSharp/BannerlordModEditor/BannerlordModEditor.Common/BannerlordModEditor.Common.csproj]
     2>/root/WorkSpace/CSharp/BannerlordModEditor/BannerlordModEditor.Common/Mappers/CollisionInfosMapper.cs(89,40): warning CS8603: 可能返回 null 引用。 [/root/WorkSpace/CSharp/BannerlordModEditor/BannerlordModEditor.Common/BannerlordModEditor.Common.csproj]
     2>/root/WorkSpace/CSharp/BannerlordModEditor/BannerlordModEditor.Common/Mappers/CombatParametersMapper.cs(117,40): warning CS8603: 可能返回 null 引用。 [/root/WorkSpace/CSharp/BannerlordModEditor/BannerlordModEditor.Common/BannerlordModEditor.Common.csproj]
     2>/root/WorkSpace/CSharp/BannerlordModEditor/BannerlordModEditor.Common/Mappers/CollisionInfosMapper.cs(100,40): warning CS8603: 可能返回 null 引用。 [/root/WorkSpace/CSharp/BannerlordModEditor/BannerlordModEditor.Common/BannerlordModEditor.Common.csproj]
     2>/root/WorkSpace/CSharp/BannerlordModEditor/BannerlordModEditor.Common/Mappers/CombatParametersMapper.cs(128,40): warning CS8603: 可能返回 null 引用。 [/root/WorkSpace/CSharp/BannerlordModEditor/BannerlordModEditor.Common/BannerlordModEditor.Common.csproj]
     2>/root/WorkSpace/CSharp/BannerlordModEditor/BannerlordModEditor.Common/Mappers/CombatParametersMapper.cs(153,47): warning CS8604: “CustomCollisionCapsuleDO CombatParametersMapper.ToDO(CustomCollisionCapsuleDTO source)”中的形参“source”可能传入 null 引用实参。 [/root/WorkSpace/CSharp/BannerlordModEditor/BannerlordModEditor.Common/BannerlordModEditor.Common.csproj]
     2>/root/WorkSpace/CSharp/BannerlordModEditor/BannerlordModEditor.Common/Mappers/CombatParametersMapper.cs(159,40): warning CS8603: 可能返回 null 引用。 [/root/WorkSpace/CSharp/BannerlordModEditor/BannerlordModEditor.Common/BannerlordModEditor.Common.csproj]
     2>/root/WorkSpace/CSharp/BannerlordModEditor/BannerlordModEditor.Common/Mappers/CraftingPiecesMapper.cs(181,40): warning CS8603: 可能返回 null 引用。 [/root/WorkSpace/CSharp/BannerlordModEditor/BannerlordModEditor.Common/BannerlordModEditor.Common.csproj]
     2>/root/WorkSpace/CSharp/BannerlordModEditor/BannerlordModEditor.Common/Mappers/CollisionInfosMapper.cs(112,40): warning CS8603: 可能返回 null 引用。 [/root/WorkSpace/CSharp/BannerlordModEditor/BannerlordModEditor.Common/BannerlordModEditor.Common.csproj]
     2>/root/WorkSpace/CSharp/BannerlordModEditor/BannerlordModEditor.Common/Mappers/CraftingPiecesMapper.cs(193,40): warning CS8603: 可能返回 null 引用。 [/root/WorkSpace/CSharp/BannerlordModEditor/BannerlordModEditor.Common/BannerlordModEditor.Common.csproj]
     2>/root/WorkSpace/CSharp/BannerlordModEditor/BannerlordModEditor.Common/Mappers/FloraKindsLayoutMapper.cs(14,40): warning CS8603: 可能返回 null 引用。 [/root/WorkSpace/CSharp/BannerlordModEditor/BannerlordModEditor.Common/BannerlordModEditor.Common.csproj]
     2>/root/WorkSpace/CSharp/BannerlordModEditor/BannerlordModEditor.Common/Models/Data/TauntUsageSets.cs(116,23): warning CS8618: 在退出构造函数时，不可为 null 的 属性 "Action" 必须包含非 null 值。请考虑添加 "required" 修饰符或将该 属性 声明为可为 null。 [/root/WorkSpace/CSharp/BannerlordModEditor/BannerlordModEditor.Common/BannerlordModEditor.Common.csproj]
     2>/root/WorkSpace/CSharp/BannerlordModEditor/BannerlordModEditor.Common/Mappers/FloraKindsLayoutMapper.cs(25,40): warning CS8603: 可能返回 null 引用。 [/root/WorkSpace/CSharp/BannerlordModEditor/BannerlordModEditor.Common/BannerlordModEditor.Common.csproj]
     2>/root/WorkSpace/CSharp/BannerlordModEditor/BannerlordModEditor.Common/Mappers/CollisionInfosMapper.cs(124,40): warning CS8603: 可能返回 null 引用。 [/root/WorkSpace/CSharp/BannerlordModEditor/BannerlordModEditor.Common/BannerlordModEditor.Common.csproj]
     2>/root/WorkSpace/CSharp/BannerlordModEditor/BannerlordModEditor.Common/Mappers/FloraKindsMapper.cs(15,40): warning CS8603: 可能返回 null 引用。 [/root/WorkSpace/CSharp/BannerlordModEditor/BannerlordModEditor.Common/BannerlordModEditor.Common.csproj]
     2>/root/WorkSpace/CSharp/BannerlordModEditor/BannerlordModEditor.Common/Mappers/ItemHolstersLayoutMapper.cs(14,40): warning CS8603: 可能返回 null 引用。 [/root/WorkSpace/CSharp/BannerlordModEditor/BannerlordModEditor.Common/BannerlordModEditor.Common.csproj]
     2>/root/WorkSpace/CSharp/BannerlordModEditor/BannerlordModEditor.Common/Mappers/CollisionInfosMapper.cs(143,40): warning CS8603: 可能返回 null 引用。 [/root/WorkSpace/CSharp/BannerlordModEditor/BannerlordModEditor.Common/BannerlordModEditor.Common.csproj]
     2>/root/WorkSpace/CSharp/BannerlordModEditor/BannerlordModEditor.Common/Mappers/CraftingPiecesMapper.cs(229,40): warning CS8603: 可能返回 null 引用。 [/root/WorkSpace/CSharp/BannerlordModEditor/BannerlordModEditor.Common/BannerlordModEditor.Common.csproj]
     2>/root/WorkSpace/CSharp/BannerlordModEditor/BannerlordModEditor.Common/Mappers/FloraKindsMapper.cs(25,40): warning CS8603: 可能返回 null 引用。 [/root/WorkSpace/CSharp/BannerlordModEditor/BannerlordModEditor.Common/BannerlordModEditor.Common.csproj]
     2>/root/WorkSpace/CSharp/BannerlordModEditor/BannerlordModEditor.Common/Mappers/FloraKindsMapper.cs(31,31): warning CS8604: “FloraFlagsDTO FloraKindsMapper.ToDTO(FloraFlagsDO source)”中的形参“source”可能传入 null 引用实参。 [/root/WorkSpace/CSharp/BannerlordModEditor/BannerlordModEditor.Common/BannerlordModEditor.Common.csproj]
     2>/root/WorkSpace/CSharp/BannerlordModEditor/BannerlordModEditor.Common/Mappers/CraftingPiecesMapper.cs(242,40): warning CS8603: 可能返回 null 引用。 [/root/WorkSpace/CSharp/BannerlordModEditor/BannerlordModEditor.Common/BannerlordModEditor.Common.csproj]
     2>/root/WorkSpace/CSharp/BannerlordModEditor/BannerlordModEditor.Common/Mappers/ItemHolstersMapper.cs(14,24): warning CS8603: 可能返回 null 引用。 [/root/WorkSpace/CSharp/BannerlordModEditor/BannerlordModEditor.Common/BannerlordModEditor.Common.csproj]
     2>/root/WorkSpace/CSharp/BannerlordModEditor/BannerlordModEditor.Common/Mappers/LayoutsBaseMapper.cs(17,40): warning CS8603: 可能返回 null 引用。 [/root/WorkSpace/CSharp/BannerlordModEditor/BannerlordModEditor.Common/BannerlordModEditor.Common.csproj]
     2>/root/WorkSpace/CSharp/BannerlordModEditor/BannerlordModEditor.Common/Mappers/LayoutsBaseMapper.cs(31,40): warning CS8603: 可能返回 null 引用。 [/root/WorkSpace/CSharp/BannerlordModEditor/BannerlordModEditor.Common/BannerlordModEditor.Common.csproj]
     2>/root/WorkSpace/CSharp/BannerlordModEditor/BannerlordModEditor.Common/Mappers/FloraKindsMapper.cs(38,40): warning CS8603: 可能返回 null 引用。 [/root/WorkSpace/CSharp/BannerlordModEditor/BannerlordModEditor.Common/BannerlordModEditor.Common.csproj]
     2>/root/WorkSpace/CSharp/BannerlordModEditor/BannerlordModEditor.Common/Mappers/ItemHolstersMapper.cs(25,24): warning CS8603: 可能返回 null 引用。 [/root/WorkSpace/CSharp/BannerlordModEditor/BannerlordModEditor.Common/BannerlordModEditor.Common.csproj]
     2>/root/WorkSpace/CSharp/BannerlordModEditor/BannerlordModEditor.Common/Mappers/ItemModifiersMapper.cs(13,40): warning CS8603: 可能返回 null 引用。 [/root/WorkSpace/CSharp/BannerlordModEditor/BannerlordModEditor.Common/BannerlordModEditor.Common.csproj]
     2>/root/WorkSpace/CSharp/BannerlordModEditor/BannerlordModEditor.Common/Mappers/ItemUsageSetsMapper.cs(12,40): warning CS8603: 可能返回 null 引用。 [/root/WorkSpace/CSharp/BannerlordModEditor/BannerlordModEditor.Common/BannerlordModEditor.Common.csproj]
     2>/root/WorkSpace/CSharp/BannerlordModEditor/BannerlordModEditor.Common/Mappers/FloraKindsMapper.cs(48,40): warning CS8603: 可能返回 null 引用。 [/root/WorkSpace/CSharp/BannerlordModEditor/BannerlordModEditor.Common/BannerlordModEditor.Common.csproj]
     2>/root/WorkSpace/CSharp/BannerlordModEditor/BannerlordModEditor.Common/Mappers/ItemHolstersMapper.cs(36,24): warning CS8603: 可能返回 null 引用。 [/root/WorkSpace/CSharp/BannerlordModEditor/BannerlordModEditor.Common/BannerlordModEditor.Common.csproj]
     2>/root/WorkSpace/CSharp/BannerlordModEditor/BannerlordModEditor.Common/Mappers/FloraKindsMapper.cs(59,40): warning CS8603: 可能返回 null 引用。 [/root/WorkSpace/CSharp/BannerlordModEditor/BannerlordModEditor.Common/BannerlordModEditor.Common.csproj]
     2>/root/WorkSpace/CSharp/BannerlordModEditor/BannerlordModEditor.Common/Mappers/ItemHolstersMapper.cs(58,24): warning CS8603: 可能返回 null 引用。 [/root/WorkSpace/CSharp/BannerlordModEditor/BannerlordModEditor.Common/BannerlordModEditor.Common.csproj]
     2>/root/WorkSpace/CSharp/BannerlordModEditor/BannerlordModEditor.Common/Mappers/ItemModifiersMapper.cs(25,40): warning CS8603: 可能返回 null 引用。 [/root/WorkSpace/CSharp/BannerlordModEditor/BannerlordModEditor.Common/BannerlordModEditor.Common.csproj]
     2>/root/WorkSpace/CSharp/BannerlordModEditor/BannerlordModEditor.Common/Mappers/CraftingPiecesMapper.cs(279,40): warning CS8603: 可能返回 null 引用。 [/root/WorkSpace/CSharp/BannerlordModEditor/BannerlordModEditor.Common/BannerlordModEditor.Common.csproj]
     2>/root/WorkSpace/CSharp/BannerlordModEditor/BannerlordModEditor.Common/Mappers/ItemUsageSetsMapper.cs(24,40): warning CS8603: 可能返回 null 引用。 [/root/WorkSpace/CSharp/BannerlordModEditor/BannerlordModEditor.Common/BannerlordModEditor.Common.csproj]
     2>/root/WorkSpace/CSharp/BannerlordModEditor/BannerlordModEditor.Common/Mappers/LayoutsBaseMapper.cs(78,40): warning CS8603: 可能返回 null 引用。 [/root/WorkSpace/CSharp/BannerlordModEditor/BannerlordModEditor.Common/BannerlordModEditor.Common.csproj]
     2>/root/WorkSpace/CSharp/BannerlordModEditor/BannerlordModEditor.Common/Mappers/LayoutsBaseMapper.cs(48,40): warning CS8603: 可能返回 null 引用。 [/root/WorkSpace/CSharp/BannerlordModEditor/BannerlordModEditor.Common/BannerlordModEditor.Common.csproj]
     2>/root/WorkSpace/CSharp/BannerlordModEditor/BannerlordModEditor.Common/Mappers/CraftingPiecesMapper.cs(290,40): warning CS8603: 可能返回 null 引用。 [/root/WorkSpace/CSharp/BannerlordModEditor/BannerlordModEditor.Common/BannerlordModEditor.Common.csproj]
     2>/root/WorkSpace/CSharp/BannerlordModEditor/BannerlordModEditor.Common/Mappers/LayoutsBaseMapper.cs(150,40): warning CS8603: 可能返回 null 引用。 [/root/WorkSpace/CSharp/BannerlordModEditor/BannerlordModEditor.Common/BannerlordModEditor.Common.csproj]
     2>/root/WorkSpace/CSharp/BannerlordModEditor/BannerlordModEditor.Common/Mappers/FloraKindsMapper.cs(70,40): warning CS8603: 可能返回 null 引用。 [/root/WorkSpace/CSharp/BannerlordModEditor/BannerlordModEditor.Common/BannerlordModEditor.Common.csproj]
     2>/root/WorkSpace/CSharp/BannerlordModEditor/BannerlordModEditor.Common/Mappers/ItemModifiersMapper.cs(37,40): warning CS8603: 可能返回 null 引用。 [/root/WorkSpace/CSharp/BannerlordModEditor/BannerlordModEditor.Common/BannerlordModEditor.Common.csproj]
     2>/root/WorkSpace/CSharp/BannerlordModEditor/BannerlordModEditor.Common/Mappers/LayoutsBaseMapper.cs(120,40): warning CS8603: 可能返回 null 引用。 [/root/WorkSpace/CSharp/BannerlordModEditor/BannerlordModEditor.Common/BannerlordModEditor.Common.csproj]
     2>/root/WorkSpace/CSharp/BannerlordModEditor/BannerlordModEditor.Common/Mappers/LayoutsBaseMapper.cs(96,40): warning CS8603: 可能返回 null 引用。 [/root/WorkSpace/CSharp/BannerlordModEditor/BannerlordModEditor.Common/BannerlordModEditor.Common.csproj]
     2>/root/WorkSpace/CSharp/BannerlordModEditor/BannerlordModEditor.Common/Mappers/LayoutsBaseMapper.cs(161,40): warning CS8603: 可能返回 null 引用。 [/root/WorkSpace/CSharp/BannerlordModEditor/BannerlordModEditor.Common/BannerlordModEditor.Common.csproj]
     2>/root/WorkSpace/CSharp/BannerlordModEditor/BannerlordModEditor.Common/Mappers/LayoutsBaseMapper.cs(60,40): warning CS8603: 可能返回 null 引用。 [/root/WorkSpace/CSharp/BannerlordModEditor/BannerlordModEditor.Common/BannerlordModEditor.Common.csproj]
     2>/root/WorkSpace/CSharp/BannerlordModEditor/BannerlordModEditor.Common/Mappers/ItemUsageSetsMapper.cs(36,40): warning CS8603: 可能返回 null 引用。 [/root/WorkSpace/CSharp/BannerlordModEditor/BannerlordModEditor.Common/BannerlordModEditor.Common.csproj]
     2>/root/WorkSpace/CSharp/BannerlordModEditor/BannerlordModEditor.Common/Models/DO/CreditsDO.cs(71,23): warning CS8618: 在退出构造函数时，不可为 null 的 属性 "Text" 必须包含非 null 值。请考虑添加 "required" 修饰符或将该 属性 声明为可为 null。 [/root/WorkSpace/CSharp/BannerlordModEditor/BannerlordModEditor.Common/BannerlordModEditor.Common.csproj]
     2>/root/WorkSpace/CSharp/BannerlordModEditor/BannerlordModEditor.Common/Models/DO/CreditsDO.cs(56,23): warning CS8618: 在退出构造函数时，不可为 null 的 属性 "Text" 必须包含非 null 值。请考虑添加 "required" 修饰符或将该 属性 声明为可为 null。 [/root/WorkSpace/CSharp/BannerlordModEditor/BannerlordModEditor.Common/BannerlordModEditor.Common.csproj]
     2>/root/WorkSpace/CSharp/BannerlordModEditor/BannerlordModEditor.Common/Mappers/LayoutsBaseMapper.cs(132,40): warning CS8603: 可能返回 null 引用。 [/root/WorkSpace/CSharp/BannerlordModEditor/BannerlordModEditor.Common/BannerlordModEditor.Common.csproj]
     2>/root/WorkSpace/CSharp/BannerlordModEditor/BannerlordModEditor.Common/Models/DO/CreditsDO.cs(87,23): warning CS8618: 在退出构造函数时，不可为 null 的 属性 "Name" 必须包含非 null 值。请考虑添加 "required" 修饰符或将该 属性 声明为可为 null。 [/root/WorkSpace/CSharp/BannerlordModEditor/BannerlordModEditor.Common/BannerlordModEditor.Common.csproj]
     2>/root/WorkSpace/CSharp/BannerlordModEditor/BannerlordModEditor.Common/Models/DO/CreditsDO.cs(90,23): warning CS8618: 在退出构造函数时，不可为 null 的 属性 "PlatformSpecific" 必须包含非 null 值。请考虑添加 "required" 修饰符或将该 属性 声明为可为 null。 [/root/WorkSpace/CSharp/BannerlordModEditor/BannerlordModEditor.Common/BannerlordModEditor.Common.csproj]
     2>/root/WorkSpace/CSharp/BannerlordModEditor/BannerlordModEditor.Common/Models/DO/CreditsDO.cs(93,23): warning CS8618: 在退出构造函数时，不可为 null 的 属性 "ConsoleSpecific" 必须包含非 null 值。请考虑添加 "required" 修饰符或将该 属性 声明为可为 null。 [/root/WorkSpace/CSharp/BannerlordModEditor/BannerlordModEditor.Common/BannerlordModEditor.Common.csproj]
     2>/root/WorkSpace/CSharp/BannerlordModEditor/BannerlordModEditor.Common/Mappers/FloraKindsMapper.cs(80,40): warning CS8603: 可能返回 null 引用。 [/root/WorkSpace/CSharp/BannerlordModEditor/BannerlordModEditor.Common/BannerlordModEditor.Common.csproj]
     2>/root/WorkSpace/CSharp/BannerlordModEditor/BannerlordModEditor.Common/Models/DO/CreditsDO.cs(23,23): warning CS8618: 在退出构造函数时，不可为 null 的 属性 "Text" 必须包含非 null 值。请考虑添加 "required" 修饰符或将该 属性 声明为可为 null。 [/root/WorkSpace/CSharp/BannerlordModEditor/BannerlordModEditor.Common/BannerlordModEditor.Common.csproj]
     2>/root/WorkSpace/CSharp/BannerlordModEditor/BannerlordModEditor.Common/Mappers/ItemUsageSetsMapper.cs(57,40): warning CS8603: 可能返回 null 引用。 [/root/WorkSpace/CSharp/BannerlordModEditor/BannerlordModEditor.Common/BannerlordModEditor.Common.csproj]
     2>/root/WorkSpace/CSharp/BannerlordModEditor/BannerlordModEditor.Common/Mappers/FloraKindsMapper.cs(94,40): warning CS8603: 可能返回 null 引用。 [/root/WorkSpace/CSharp/BannerlordModEditor/BannerlordModEditor.Common/BannerlordModEditor.Common.csproj]
     2>/root/WorkSpace/CSharp/BannerlordModEditor/BannerlordModEditor.Common/Mappers/CraftingPiecesMapper.cs(325,40): warning CS8603: 可能返回 null 引用。 [/root/WorkSpace/CSharp/BannerlordModEditor/BannerlordModEditor.Common/BannerlordModEditor.Common.csproj]
     2>/root/WorkSpace/CSharp/BannerlordModEditor/BannerlordModEditor.Common/Models/DO/CreditsDO.cs(99,23): warning CS8618: 在退出构造函数时，不可为 null 的 属性 "Text" 必须包含非 null 值。请考虑添加 "required" 修饰符或将该 属性 声明为可为 null。 [/root/WorkSpace/CSharp/BannerlordModEditor/BannerlordModEditor.Common/BannerlordModEditor.Common.csproj]
     2>/root/WorkSpace/CSharp/BannerlordModEditor/BannerlordModEditor.Common/Mappers/LayoutsBaseMapper.cs(208,40): warning CS8603: 可能返回 null 引用。 [/root/WorkSpace/CSharp/BannerlordModEditor/BannerlordModEditor.Common/BannerlordModEditor.Common.csproj]
     2>/root/WorkSpace/CSharp/BannerlordModEditor/BannerlordModEditor.Common/Mappers/LayoutsBaseMapper.cs(238,40): warning CS8603: 可能返回 null 引用。 [/root/WorkSpace/CSharp/BannerlordModEditor/BannerlordModEditor.Common/BannerlordModEditor.Common.csproj]
     2>/root/WorkSpace/CSharp/BannerlordModEditor/BannerlordModEditor.Common/Models/Data/TauntUsageSets.cs(17,23): warning CS8618: 在退出构造函数时，不可为 null 的 属性 "Id" 必须包含非 null 值。请考虑添加 "required" 修饰符或将该 属性 声明为可为 null。 [/root/WorkSpace/CSharp/BannerlordModEditor/BannerlordModEditor.Common/BannerlordModEditor.Common.csproj]
     2>/root/WorkSpace/CSharp/BannerlordModEditor/BannerlordModEditor.Common/Mappers/CraftingPiecesMapper.cs(337,40): warning CS8603: 可能返回 null 引用。 [/root/WorkSpace/CSharp/BannerlordModEditor/BannerlordModEditor.Common/BannerlordModEditor.Common.csproj]
     2>/root/WorkSpace/CSharp/BannerlordModEditor/BannerlordModEditor.Common/Mappers/LayoutsBaseMapper.cs(248,40): warning CS8603: 可能返回 null 引用。 [/root/WorkSpace/CSharp/BannerlordModEditor/BannerlordModEditor.Common/BannerlordModEditor.Common.csproj]
     2>/root/WorkSpace/CSharp/BannerlordModEditor/BannerlordModEditor.Common/Mappers/LayoutsBaseMapper.cs(220,40): warning CS8603: 可能返回 null 引用。 [/root/WorkSpace/CSharp/BannerlordModEditor/BannerlordModEditor.Common/BannerlordModEditor.Common.csproj]
     2>/root/WorkSpace/CSharp/BannerlordModEditor/BannerlordModEditor.Common/Mappers/LayoutsBaseMapper.cs(178,40): warning CS8603: 可能返回 null 引用。 [/root/WorkSpace/CSharp/BannerlordModEditor/BannerlordModEditor.Common/BannerlordModEditor.Common.csproj]
     2>/root/WorkSpace/CSharp/BannerlordModEditor/BannerlordModEditor.Common/Mappers/LayoutsBaseMapper.cs(264,40): warning CS8603: 可能返回 null 引用。 [/root/WorkSpace/CSharp/BannerlordModEditor/BannerlordModEditor.Common/BannerlordModEditor.Common.csproj]
     2>/root/WorkSpace/CSharp/BannerlordModEditor/BannerlordModEditor.Common/Mappers/ItemModifiersMapper.cs(63,40): warning CS8603: 可能返回 null 引用。 [/root/WorkSpace/CSharp/BannerlordModEditor/BannerlordModEditor.Common/BannerlordModEditor.Common.csproj]
     2>/root/WorkSpace/CSharp/BannerlordModEditor/BannerlordModEditor.Common/Mappers/FloraKindsMapper.cs(109,40): warning CS8603: 可能返回 null 引用。 [/root/WorkSpace/CSharp/BannerlordModEditor/BannerlordModEditor.Common/BannerlordModEditor.Common.csproj]
     2>/root/WorkSpace/CSharp/BannerlordModEditor/BannerlordModEditor.Common/Mappers/LayoutsBaseMapper.cs(294,40): warning CS8603: 可能返回 null 引用。 [/root/WorkSpace/CSharp/BannerlordModEditor/BannerlordModEditor.Common/BannerlordModEditor.Common.csproj]
     2>/root/WorkSpace/CSharp/BannerlordModEditor/BannerlordModEditor.Common/Mappers/LayoutsBaseMapper.cs(276,40): warning CS8603: 可能返回 null 引用。 [/root/WorkSpace/CSharp/BannerlordModEditor/BannerlordModEditor.Common/BannerlordModEditor.Common.csproj]
     2>/root/WorkSpace/CSharp/BannerlordModEditor/BannerlordModEditor.Common/Mappers/LayoutsBaseMapper.cs(190,40): warning CS8603: 可能返回 null 引用。 [/root/WorkSpace/CSharp/BannerlordModEditor/BannerlordModEditor.Common/BannerlordModEditor.Common.csproj]
     2>/root/WorkSpace/CSharp/BannerlordModEditor/BannerlordModEditor.Common/Mappers/LayoutsBaseMapper.cs(358,40): warning CS8603: 可能返回 null 引用。 [/root/WorkSpace/CSharp/BannerlordModEditor/BannerlordModEditor.Common/BannerlordModEditor.Common.csproj]
     2>/root/WorkSpace/CSharp/BannerlordModEditor/BannerlordModEditor.Common/Mappers/LayoutsBaseMapper.cs(308,40): warning CS8603: 可能返回 null 引用。 [/root/WorkSpace/CSharp/BannerlordModEditor/BannerlordModEditor.Common/BannerlordModEditor.Common.csproj]
     2>/root/WorkSpace/CSharp/BannerlordModEditor/BannerlordModEditor.Common/Mappers/LayoutsBaseMapper.cs(328,40): warning CS8603: 可能返回 null 引用。 [/root/WorkSpace/CSharp/BannerlordModEditor/BannerlordModEditor.Common/BannerlordModEditor.Common.csproj]
     2>/root/WorkSpace/CSharp/BannerlordModEditor/BannerlordModEditor.Common/Mappers/LayoutsBaseMapper.cs(374,40): warning CS8603: 可能返回 null 引用。 [/root/WorkSpace/CSharp/BannerlordModEditor/BannerlordModEditor.Common/BannerlordModEditor.Common.csproj]
     2>/root/WorkSpace/CSharp/BannerlordModEditor/BannerlordModEditor.Common/Mappers/LayoutsBaseMapper.cs(396,40): warning CS8603: 可能返回 null 引用。 [/root/WorkSpace/CSharp/BannerlordModEditor/BannerlordModEditor.Common/BannerlordModEditor.Common.csproj]
     2>/root/WorkSpace/CSharp/BannerlordModEditor/BannerlordModEditor.Common/Mappers/LayoutsBaseMapper.cs(340,40): warning CS8603: 可能返回 null 引用。 [/root/WorkSpace/CSharp/BannerlordModEditor/BannerlordModEditor.Common/BannerlordModEditor.Common.csproj]
     2>/root/WorkSpace/CSharp/BannerlordModEditor/BannerlordModEditor.Common/Mappers/FloraKindsMapper.cs(119,40): warning CS8603: 可能返回 null 引用。 [/root/WorkSpace/CSharp/BannerlordModEditor/BannerlordModEditor.Common/BannerlordModEditor.Common.csproj]
     2>/root/WorkSpace/CSharp/BannerlordModEditor/BannerlordModEditor.Common/Mappers/FloraKindsMapper.cs(125,30): warning CS8604: “FloraFlagsDO FloraKindsMapper.TODO(FloraFlagsDTO source)”中的形参“source”可能传入 null 引用实参。 [/root/WorkSpace/CSharp/BannerlordModEditor/BannerlordModEditor.Common/BannerlordModEditor.Common.csproj]
     2>/root/WorkSpace/CSharp/BannerlordModEditor/BannerlordModEditor.Common/Mappers/ItemUsageSetsMapper.cs(104,40): warning CS8603: 可能返回 null 引用。 [/root/WorkSpace/CSharp/BannerlordModEditor/BannerlordModEditor.Common/BannerlordModEditor.Common.csproj]
     2>/root/WorkSpace/CSharp/BannerlordModEditor/BannerlordModEditor.Common/Mappers/ItemHolstersLayoutMapper.cs(25,40): warning CS8603: 可能返回 null 引用。 [/root/WorkSpace/CSharp/BannerlordModEditor/BannerlordModEditor.Common/BannerlordModEditor.Common.csproj]
     2>/root/WorkSpace/CSharp/BannerlordModEditor/BannerlordModEditor.Common/Mappers/LayoutsBaseMapper.cs(426,40): warning CS8603: 可能返回 null 引用。 [/root/WorkSpace/CSharp/BannerlordModEditor/BannerlordModEditor.Common/BannerlordModEditor.Common.csproj]
     2>/root/WorkSpace/CSharp/BannerlordModEditor/BannerlordModEditor.Common/Mappers/LooknfeelMapper.cs(12,40): warning CS8603: 可能返回 null 引用。 [/root/WorkSpace/CSharp/BannerlordModEditor/BannerlordModEditor.Common/BannerlordModEditor.Common.csproj]
     2>/root/WorkSpace/CSharp/BannerlordModEditor/BannerlordModEditor.Common/Mappers/ItemUsageSetsMapper.cs(117,40): warning CS8603: 可能返回 null 引用。 [/root/WorkSpace/CSharp/BannerlordModEditor/BannerlordModEditor.Common/BannerlordModEditor.Common.csproj]
     2>/root/WorkSpace/CSharp/BannerlordModEditor/BannerlordModEditor.Common/Mappers/LooknfeelMapper.cs(24,40): warning CS8603: 可能返回 null 引用。 [/root/WorkSpace/CSharp/BannerlordModEditor/BannerlordModEditor.Common/BannerlordModEditor.Common.csproj]
     2>/root/WorkSpace/CSharp/BannerlordModEditor/BannerlordModEditor.Common/Mappers/LayoutsBaseMapper.cs(437,40): warning CS8603: 可能返回 null 引用。 [/root/WorkSpace/CSharp/BannerlordModEditor/BannerlordModEditor.Common/BannerlordModEditor.Common.csproj]
     2>/root/WorkSpace/CSharp/BannerlordModEditor/BannerlordModEditor.Common/Mappers/ItemHolstersMapper.cs(69,24): warning CS8603: 可能返回 null 引用。 [/root/WorkSpace/CSharp/BannerlordModEditor/BannerlordModEditor.Common/BannerlordModEditor.Common.csproj]
     2>/root/WorkSpace/CSharp/BannerlordModEditor/BannerlordModEditor.Common/Mappers/LayoutsBaseMapper.cs(408,40): warning CS8603: 可能返回 null 引用。 [/root/WorkSpace/CSharp/BannerlordModEditor/BannerlordModEditor.Common/BannerlordModEditor.Common.csproj]
     2>/root/WorkSpace/CSharp/BannerlordModEditor/BannerlordModEditor.Common/Mappers/ItemHolstersMapper.cs(80,24): warning CS8603: 可能返回 null 引用。 [/root/WorkSpace/CSharp/BannerlordModEditor/BannerlordModEditor.Common/BannerlordModEditor.Common.csproj]
     2>/root/WorkSpace/CSharp/BannerlordModEditor/BannerlordModEditor.Common/Mappers/LooknfeelMapper.cs(232,40): warning CS8603: 可能返回 null 引用。 [/root/WorkSpace/CSharp/BannerlordModEditor/BannerlordModEditor.Common/BannerlordModEditor.Common.csproj]
     2>/root/WorkSpace/CSharp/BannerlordModEditor/BannerlordModEditor.Common/Mappers/FloraKindsMapper.cs(133,40): warning CS8603: 可能返回 null 引用。 [/root/WorkSpace/CSharp/BannerlordModEditor/BannerlordModEditor.Common/BannerlordModEditor.Common.csproj]
     2>/root/WorkSpace/CSharp/BannerlordModEditor/BannerlordModEditor.Common/Mappers/LooknfeelMapper.cs(39,40): warning CS8603: 可能返回 null 引用。 [/root/WorkSpace/CSharp/BannerlordModEditor/BannerlordModEditor.Common/BannerlordModEditor.Common.csproj]
     2>/root/WorkSpace/CSharp/BannerlordModEditor/BannerlordModEditor.Common/Mappers/MapIconsMapper.cs(15,40): warning CS8603: 可能返回 null 引用。 [/root/WorkSpace/CSharp/BannerlordModEditor/BannerlordModEditor.Common/BannerlordModEditor.Common.csproj]
     2>/root/WorkSpace/CSharp/BannerlordModEditor/BannerlordModEditor.Common/Mappers/LooknfeelMapper.cs(245,40): warning CS8603: 可能返回 null 引用。 [/root/WorkSpace/CSharp/BannerlordModEditor/BannerlordModEditor.Common/BannerlordModEditor.Common.csproj]
     2>/root/WorkSpace/CSharp/BannerlordModEditor/BannerlordModEditor.Common/Mappers/FloraKindsMapper.cs(143,40): warning CS8603: 可能返回 null 引用。 [/root/WorkSpace/CSharp/BannerlordModEditor/BannerlordModEditor.Common/BannerlordModEditor.Common.csproj]
     2>/root/WorkSpace/CSharp/BannerlordModEditor/BannerlordModEditor.Common/Mappers/LooknfeelMapper.cs(261,40): warning CS8603: 可能返回 null 引用。 [/root/WorkSpace/CSharp/BannerlordModEditor/BannerlordModEditor.Common/BannerlordModEditor.Common.csproj]
     2>/root/WorkSpace/CSharp/BannerlordModEditor/BannerlordModEditor.Common/Mappers/FloraKindsMapper.cs(154,40): warning CS8603: 可能返回 null 引用。 [/root/WorkSpace/CSharp/BannerlordModEditor/BannerlordModEditor.Common/BannerlordModEditor.Common.csproj]
     2>/root/WorkSpace/CSharp/BannerlordModEditor/BannerlordModEditor.Common/Mappers/LooknfeelMapper.cs(51,40): warning CS8603: 可能返回 null 引用。 [/root/WorkSpace/CSharp/BannerlordModEditor/BannerlordModEditor.Common/BannerlordModEditor.Common.csproj]
     2>/root/WorkSpace/CSharp/BannerlordModEditor/BannerlordModEditor.Common/Mappers/MapIconsMapper.cs(26,40): warning CS8603: 可能返回 null 引用。 [/root/WorkSpace/CSharp/BannerlordModEditor/BannerlordModEditor.Common/BannerlordModEditor.Common.csproj]
     2>/root/WorkSpace/CSharp/BannerlordModEditor/BannerlordModEditor.Common/Mappers/MonsterUsageSetsMapper.cs(10,36): warning CS8603: 可能返回 null 引用。 [/root/WorkSpace/CSharp/BannerlordModEditor/BannerlordModEditor.Common/BannerlordModEditor.Common.csproj]
     2>/root/WorkSpace/CSharp/BannerlordModEditor/BannerlordModEditor.Common/Mappers/LooknfeelMapper.cs(273,40): warning CS8603: 可能返回 null 引用。 [/root/WorkSpace/CSharp/BannerlordModEditor/BannerlordModEditor.Common/BannerlordModEditor.Common.csproj]
     2>/root/WorkSpace/CSharp/BannerlordModEditor/BannerlordModEditor.Common/Mappers/MapIconsMapper.cs(36,40): warning CS8603: 可能返回 null 引用。 [/root/WorkSpace/CSharp/BannerlordModEditor/BannerlordModEditor.Common/BannerlordModEditor.Common.csproj]
     2>/root/WorkSpace/CSharp/BannerlordModEditor/BannerlordModEditor.Common/Mappers/LooknfeelMapper.cs(66,40): warning CS8603: 可能返回 null 引用。 [/root/WorkSpace/CSharp/BannerlordModEditor/BannerlordModEditor.Common/BannerlordModEditor.Common.csproj]
     2>/root/WorkSpace/CSharp/BannerlordModEditor/BannerlordModEditor.Common/Mappers/ItemUsageSetsMapper.cs(154,40): warning CS8603: 可能返回 null 引用。 [/root/WorkSpace/CSharp/BannerlordModEditor/BannerlordModEditor.Common/BannerlordModEditor.Common.csproj]
     2>/root/WorkSpace/CSharp/BannerlordModEditor/BannerlordModEditor.Common/Mappers/FloraKindsMapper.cs(166,40): warning CS8603: 可能返回 null 引用。 [/root/WorkSpace/CSharp/BannerlordModEditor/BannerlordModEditor.Common/BannerlordModEditor.Common.csproj]
     2>/root/WorkSpace/CSharp/BannerlordModEditor/BannerlordModEditor.Common/Models/Data/ActionSetsData.cs(11,32): warning CS8618: 在退出构造函数时，不可为 null 的 属性 "ActionSets" 必须包含非 null 值。请考虑添加 "required" 修饰符或将该 属性 声明为可为 null。 [/root/WorkSpace/CSharp/BannerlordModEditor/BannerlordModEditor.Common/BannerlordModEditor.Common.csproj]
     2>/root/WorkSpace/CSharp/BannerlordModEditor/BannerlordModEditor.Common/Mappers/MonsterUsageSetsMapper.cs(23,36): warning CS8603: 可能返回 null 引用。 [/root/WorkSpace/CSharp/BannerlordModEditor/BannerlordModEditor.Common/BannerlordModEditor.Common.csproj]
     2>/root/WorkSpace/CSharp/BannerlordModEditor/BannerlordModEditor.Common/Mappers/MapIconsMapper.cs(57,40): warning CS8603: 可能返回 null 引用。 [/root/WorkSpace/CSharp/BannerlordModEditor/BannerlordModEditor.Common/BannerlordModEditor.Common.csproj]
     2>/root/WorkSpace/CSharp/BannerlordModEditor/BannerlordModEditor.Common/Mappers/ItemUsageSetsMapper.cs(165,40): warning CS8603: 可能返回 null 引用。 [/root/WorkSpace/CSharp/BannerlordModEditor/BannerlordModEditor.Common/BannerlordModEditor.Common.csproj]
     2>/root/WorkSpace/CSharp/BannerlordModEditor/BannerlordModEditor.Common/Mappers/ParticleSystemLayoutMapper.cs(14,40): warning CS8603: 可能返回 null 引用。 [/root/WorkSpace/CSharp/BannerlordModEditor/BannerlordModEditor.Common/BannerlordModEditor.Common.csproj]
     2>/root/WorkSpace/CSharp/BannerlordModEditor/BannerlordModEditor.Common/Mappers/MonsterUsageSetsMapper.cs(36,36): warning CS8603: 可能返回 null 引用。 [/root/WorkSpace/CSharp/BannerlordModEditor/BannerlordModEditor.Common/BannerlordModEditor.Common.csproj]
     2>/root/WorkSpace/CSharp/BannerlordModEditor/BannerlordModEditor.Common/Mappers/LooknfeelMapper.cs(288,40): warning CS8603: 可能返回 null 引用。 [/root/WorkSpace/CSharp/BannerlordModEditor/BannerlordModEditor.Common/BannerlordModEditor.Common.csproj]
     2>/root/WorkSpace/CSharp/BannerlordModEditor/BannerlordModEditor.Common/Mappers/ParticleSystemLayoutMapper.cs(25,40): warning CS8603: 可能返回 null 引用。 [/root/WorkSpace/CSharp/BannerlordModEditor/BannerlordModEditor.Common/BannerlordModEditor.Common.csproj]
     2>/root/WorkSpace/CSharp/BannerlordModEditor/BannerlordModEditor.Common/Mappers/MapIconsMapper.cs(68,40): warning CS8603: 可能返回 null 引用。 [/root/WorkSpace/CSharp/BannerlordModEditor/BannerlordModEditor.Common/BannerlordModEditor.Common.csproj]
     2>/root/WorkSpace/CSharp/BannerlordModEditor/BannerlordModEditor.Common/Mappers/MonsterUsageSetsMapper.cs(53,36): warning CS8603: 可能返回 null 引用。 [/root/WorkSpace/CSharp/BannerlordModEditor/BannerlordModEditor.Common/BannerlordModEditor.Common.csproj]
     2>/root/WorkSpace/CSharp/BannerlordModEditor/BannerlordModEditor.Common/Mappers/FloraKindsMapper.cs(176,40): warning CS8603: 可能返回 null 引用。 [/root/WorkSpace/CSharp/BannerlordModEditor/BannerlordModEditor.Common/BannerlordModEditor.Common.csproj]
     2>/root/WorkSpace/CSharp/BannerlordModEditor/BannerlordModEditor.Common/Models/Data/ActionSetsData.cs(19,23): warning CS8618: 在退出构造函数时，不可为 null 的 属性 "Id" 必须包含非 null 值。请考虑添加 "required" 修饰符或将该 属性 声明为可为 null。 [/root/WorkSpace/CSharp/BannerlordModEditor/BannerlordModEditor.Common/BannerlordModEditor.Common.csproj]
     2>/root/WorkSpace/CSharp/BannerlordModEditor/BannerlordModEditor.Common/Models/Data/ActionSetsData.cs(22,23): warning CS8618: 在退出构造函数时，不可为 null 的 属性 "Skeleton" 必须包含非 null 值。请考虑添加 "required" 修饰符或将该 属性 声明为可为 null。 [/root/WorkSpace/CSharp/BannerlordModEditor/BannerlordModEditor.Common/BannerlordModEditor.Common.csproj]
     2>/root/WorkSpace/CSharp/BannerlordModEditor/BannerlordModEditor.Common/Models/Data/ActionSetsData.cs(25,23): warning CS8618: 在退出构造函数时，不可为 null 的 属性 "MovementSystem" 必须包含非 null 值。请考虑添加 "required" 修饰符或将该 属性 声明为可为 null。 [/root/WorkSpace/CSharp/BannerlordModEditor/BannerlordModEditor.Common/BannerlordModEditor.Common.csproj]
     2>/root/WorkSpace/CSharp/BannerlordModEditor/BannerlordModEditor.Common/Models/Data/ActionSetsData.cs(28,29): warning CS8618: 在退出构造函数时，不可为 null 的 属性 "Actions" 必须包含非 null 值。请考虑添加 "required" 修饰符或将该 属性 声明为可为 null。 [/root/WorkSpace/CSharp/BannerlordModEditor/BannerlordModEditor.Common/BannerlordModEditor.Common.csproj]
     2>/root/WorkSpace/CSharp/BannerlordModEditor/BannerlordModEditor.Common/Mappers/FloraKindsMapper.cs(190,40): warning CS8603: 可能返回 null 引用。 [/root/WorkSpace/CSharp/BannerlordModEditor/BannerlordModEditor.Common/BannerlordModEditor.Common.csproj]
     2>/root/WorkSpace/CSharp/BannerlordModEditor/BannerlordModEditor.Common/Mappers/MapIconsMapper.cs(78,40): warning CS8603: 可能返回 null 引用。 [/root/WorkSpace/CSharp/BannerlordModEditor/BannerlordModEditor.Common/BannerlordModEditor.Common.csproj]
     2>/root/WorkSpace/CSharp/BannerlordModEditor/BannerlordModEditor.Common/Mappers/LooknfeelMapper.cs(317,40): warning CS8603: 可能返回 null 引用。 [/root/WorkSpace/CSharp/BannerlordModEditor/BannerlordModEditor.Common/BannerlordModEditor.Common.csproj]
     2>/root/WorkSpace/CSharp/BannerlordModEditor/BannerlordModEditor.Common/Mappers/CraftingTemplatesMapper.cs(25,40): warning CS8603: 可能返回 null 引用。 [/root/WorkSpace/CSharp/BannerlordModEditor/BannerlordModEditor.Common/BannerlordModEditor.Common.csproj]
     2>/root/WorkSpace/CSharp/BannerlordModEditor/BannerlordModEditor.Common/Mappers/LooknfeelMapper.cs(169,40): warning CS8603: 可能返回 null 引用。 [/root/WorkSpace/CSharp/BannerlordModEditor/BannerlordModEditor.Common/BannerlordModEditor.Common.csproj]
     2>/root/WorkSpace/CSharp/BannerlordModEditor/BannerlordModEditor.Common/Mappers/LooknfeelMapper.cs(116,40): warning CS8603: 可能返回 null 引用。 [/root/WorkSpace/CSharp/BannerlordModEditor/BannerlordModEditor.Common/BannerlordModEditor.Common.csproj]
     2>/root/WorkSpace/CSharp/BannerlordModEditor/BannerlordModEditor.Common/Models/DO/ItemHolstersDO.cs(11,40): warning CS8618: 在退出构造函数时，不可为 null 的 属性 "ItemHolstersContainer" 必须包含非 null 值。请考虑添加 "required" 修饰符或将该 属性 声明为可为 null。 [/root/WorkSpace/CSharp/BannerlordModEditor/BannerlordModEditor.Common/BannerlordModEditor.Common.csproj]
     2>/root/WorkSpace/CSharp/BannerlordModEditor/BannerlordModEditor.Common/Models/Data/ActionSetsData.cs(39,23): warning CS8618: 在退出构造函数时，不可为 null 的 属性 "Type" 必须包含非 null 值。请考虑添加 "required" 修饰符或将该 属性 声明为可为 null。 [/root/WorkSpace/CSharp/BannerlordModEditor/BannerlordModEditor.Common/BannerlordModEditor.Common.csproj]
     2>/root/WorkSpace/CSharp/BannerlordModEditor/BannerlordModEditor.Common/Models/Data/ActionSetsData.cs(42,23): warning CS8618: 在退出构造函数时，不可为 null 的 属性 "Animation" 必须包含非 null 值。请考虑添加 "required" 修饰符或将该 属性 声明为可为 null。 [/root/WorkSpace/CSharp/BannerlordModEditor/BannerlordModEditor.Common/BannerlordModEditor.Common.csproj]
     2>/root/WorkSpace/CSharp/BannerlordModEditor/BannerlordModEditor.Common/Mappers/CreditsMapper.cs(14,40): warning CS8603: 可能返回 null 引用。 [/root/WorkSpace/CSharp/BannerlordModEditor/BannerlordModEditor.Common/BannerlordModEditor.Common.csproj]
     2>/root/WorkSpace/CSharp/BannerlordModEditor/BannerlordModEditor.Common/Mappers/ItemUsageSetsMapper.cs(200,40): warning CS8603: 可能返回 null 引用。 [/root/WorkSpace/CSharp/BannerlordModEditor/BannerlordModEditor.Common/BannerlordModEditor.Common.csproj]
     2>/root/WorkSpace/CSharp/BannerlordModEditor/BannerlordModEditor.Common/Mappers/CraftingTemplatesMapper.cs(37,40): warning CS8603: 可能返回 null 引用。 [/root/WorkSpace/CSharp/BannerlordModEditor/BannerlordModEditor.Common/BannerlordModEditor.Common.csproj]
     2>/root/WorkSpace/CSharp/BannerlordModEditor/BannerlordModEditor.Common/Mappers/MonsterUsageSetsMapper.cs(74,36): warning CS8603: 可能返回 null 引用。 [/root/WorkSpace/CSharp/BannerlordModEditor/BannerlordModEditor.Common/BannerlordModEditor.Common.csproj]
     2>/root/WorkSpace/CSharp/BannerlordModEditor/BannerlordModEditor.Common/Mappers/MpItemsMapper.cs(15,40): warning CS8603: 可能返回 null 引用。 [/root/WorkSpace/CSharp/BannerlordModEditor/BannerlordModEditor.Common/BannerlordModEditor.Common.csproj]
     2>/root/WorkSpace/CSharp/BannerlordModEditor/BannerlordModEditor.Common/Mappers/ItemUsageSetsMapper.cs(222,40): warning CS8603: 可能返回 null 引用。 [/root/WorkSpace/CSharp/BannerlordModEditor/BannerlordModEditor.Common/BannerlordModEditor.Common.csproj]
     2>/root/WorkSpace/CSharp/BannerlordModEditor/BannerlordModEditor.Common/Mappers/MonsterUsageSetsMapper.cs(86,36): warning CS8603: 可能返回 null 引用。 [/root/WorkSpace/CSharp/BannerlordModEditor/BannerlordModEditor.Common/BannerlordModEditor.Common.csproj]
     2>/root/WorkSpace/CSharp/BannerlordModEditor/BannerlordModEditor.Common/Mappers/MonsterUsageSetsMapper.cs(98,36): warning CS8603: 可能返回 null 引用。 [/root/WorkSpace/CSharp/BannerlordModEditor/BannerlordModEditor.Common/BannerlordModEditor.Common.csproj]
     2>/root/WorkSpace/CSharp/BannerlordModEditor/BannerlordModEditor.Common/Mappers/CraftingTemplatesMapper.cs(61,40): warning CS8603: 可能返回 null 引用。 [/root/WorkSpace/CSharp/BannerlordModEditor/BannerlordModEditor.Common/BannerlordModEditor.Common.csproj]
     2>/root/WorkSpace/CSharp/BannerlordModEditor/BannerlordModEditor.Common/Mappers/CreditsMapper.cs(25,40): warning CS8603: 可能返回 null 引用。 [/root/WorkSpace/CSharp/BannerlordModEditor/BannerlordModEditor.Common/BannerlordModEditor.Common.csproj]
     2>/root/WorkSpace/CSharp/BannerlordModEditor/BannerlordModEditor.Common/Mappers/MonsterUsageSetsMapper.cs(113,36): warning CS8603: 可能返回 null 引用。 [/root/WorkSpace/CSharp/BannerlordModEditor/BannerlordModEditor.Common/BannerlordModEditor.Common.csproj]
     2>/root/WorkSpace/CSharp/BannerlordModEditor/BannerlordModEditor.Common/Mappers/CreditsMapper.cs(40,40): warning CS8603: 可能返回 null 引用。 [/root/WorkSpace/CSharp/BannerlordModEditor/BannerlordModEditor.Common/BannerlordModEditor.Common.csproj]
     2>/root/WorkSpace/CSharp/BannerlordModEditor/BannerlordModEditor.Common/Mappers/LooknfeelMapper.cs(199,40): warning CS8603: 可能返回 null 引用。 [/root/WorkSpace/CSharp/BannerlordModEditor/BannerlordModEditor.Common/BannerlordModEditor.Common.csproj]
     2>/root/WorkSpace/CSharp/BannerlordModEditor/BannerlordModEditor.Common/Mappers/CreditsMapper.cs(52,40): warning CS8603: 可能返回 null 引用。 [/root/WorkSpace/CSharp/BannerlordModEditor/BannerlordModEditor.Common/BannerlordModEditor.Common.csproj]
     2>/root/WorkSpace/CSharp/BannerlordModEditor/BannerlordModEditor.Common/Mappers/CraftingTemplatesMapper.cs(109,40): warning CS8603: 可能返回 null 引用。 [/root/WorkSpace/CSharp/BannerlordModEditor/BannerlordModEditor.Common/BannerlordModEditor.Common.csproj]
     2>/root/WorkSpace/CSharp/BannerlordModEditor/BannerlordModEditor.Common/Mappers/ItemUsageSetsMapper.cs(268,40): warning CS8603: 可能返回 null 引用。 [/root/WorkSpace/CSharp/BannerlordModEditor/BannerlordModEditor.Common/BannerlordModEditor.Common.csproj]
     2>/root/WorkSpace/CSharp/BannerlordModEditor/BannerlordModEditor.Common/Mappers/CreditsMapper.cs(63,40): warning CS8603: 可能返回 null 引用。 [/root/WorkSpace/CSharp/BannerlordModEditor/BannerlordModEditor.Common/BannerlordModEditor.Common.csproj]
     2>/root/WorkSpace/CSharp/BannerlordModEditor/BannerlordModEditor.Common/Mappers/CraftingTemplatesMapper.cs(120,40): warning CS8603: 可能返回 null 引用。 [/root/WorkSpace/CSharp/BannerlordModEditor/BannerlordModEditor.Common/BannerlordModEditor.Common.csproj]
     2>/root/WorkSpace/CSharp/BannerlordModEditor/BannerlordModEditor.Common/Mappers/ItemUsageSetsMapper.cs(278,40): warning CS8603: 可能返回 null 引用。 [/root/WorkSpace/CSharp/BannerlordModEditor/BannerlordModEditor.Common/BannerlordModEditor.Common.csproj]
     2>/root/WorkSpace/CSharp/BannerlordModEditor/BannerlordModEditor.Common/Models/DO/ItemHolstersDO.cs(31,23): warning CS8618: 在退出构造函数时，不可为 null 的 属性 "Id" 必须包含非 null 值。请考虑添加 "required" 修饰符或将该 属性 声明为可为 null。 [/root/WorkSpace/CSharp/BannerlordModEditor/BannerlordModEditor.Common/BannerlordModEditor.Common.csproj]
     2>/root/WorkSpace/CSharp/BannerlordModEditor/BannerlordModEditor.Common/Models/DO/ItemHolstersDO.cs(34,23): warning CS8618: 在退出构造函数时，不可为 null 的 属性 "EquipAction" 必须包含非 null 值。请考虑添加 "required" 修饰符或将该 属性 声明为可为 null。 [/root/WorkSpace/CSharp/BannerlordModEditor/BannerlordModEditor.Common/BannerlordModEditor.Common.csproj]
     2>/root/WorkSpace/CSharp/BannerlordModEditor/BannerlordModEditor.Common/Models/DO/ItemHolstersDO.cs(37,23): warning CS8618: 在退出构造函数时，不可为 null 的 属性 "EquipActionLeftStance" 必须包含非 null 值。请考虑添加 "required" 修饰符或将该 属性 声明为可为 null。 [/root/WorkSpace/CSharp/BannerlordModEditor/BannerlordModEditor.Common/BannerlordModEditor.Common.csproj]
     2>/root/WorkSpace/CSharp/BannerlordModEditor/BannerlordModEditor.Common/Models/DO/ItemHolstersDO.cs(40,23): warning CS8618: 在退出构造函数时，不可为 null 的 属性 "UnequipAction" 必须包含非 null 值。请考虑添加 "required" 修饰符或将该 属性 声明为可为 null。 [/root/WorkSpace/CSharp/BannerlordModEditor/BannerlordModEditor.Common/BannerlordModEditor.Common.csproj]
     2>/root/WorkSpace/CSharp/BannerlordModEditor/BannerlordModEditor.Common/Models/DO/ItemHolstersDO.cs(43,23): warning CS8618: 在退出构造函数时，不可为 null 的 属性 "UnequipActionLeftStance" 必须包含非 null 值。请考虑添加 "required" 修饰符或将该 属性 声明为可为 null。 [/root/WorkSpace/CSharp/BannerlordModEditor/BannerlordModEditor.Common/BannerlordModEditor.Common.csproj]
     2>/root/WorkSpace/CSharp/BannerlordModEditor/BannerlordModEditor.Common/Models/DO/ItemHolstersDO.cs(46,23): warning CS8618: 在退出构造函数时，不可为 null 的 属性 "ShowHolsterWhenDrawn" 必须包含非 null 值。请考虑添加 "required" 修饰符或将该 属性 声明为可为 null。 [/root/WorkSpace/CSharp/BannerlordModEditor/BannerlordModEditor.Common/BannerlordModEditor.Common.csproj]
     2>/root/WorkSpace/CSharp/BannerlordModEditor/BannerlordModEditor.Common/Models/DO/ItemHolstersDO.cs(49,23): warning CS8618: 在退出构造函数时，不可为 null 的 属性 "GroupName" 必须包含非 null 值。请考虑添加 "required" 修饰符或将该 属性 声明为可为 null。 [/root/WorkSpace/CSharp/BannerlordModEditor/BannerlordModEditor.Common/BannerlordModEditor.Common.csproj]
     2>/root/WorkSpace/CSharp/BannerlordModEditor/BannerlordModEditor.Common/Models/DO/ItemHolstersDO.cs(52,23): warning CS8618: 在退出构造函数时，不可为 null 的 属性 "HolsterSkeleton" 必须包含非 null 值。请考虑添加 "required" 修饰符或将该 属性 声明为可为 null。 [/root/WorkSpace/CSharp/BannerlordModEditor/BannerlordModEditor.Common/BannerlordModEditor.Common.csproj]
     2>/root/WorkSpace/CSharp/BannerlordModEditor/BannerlordModEditor.Common/Models/DO/ItemHolstersDO.cs(55,23): warning CS8618: 在退出构造函数时，不可为 null 的 属性 "HolsterBone" 必须包含非 null 值。请考虑添加 "required" 修饰符或将该 属性 声明为可为 null。 [/root/WorkSpace/CSharp/BannerlordModEditor/BannerlordModEditor.Common/BannerlordModEditor.Common.csproj]
     2>/root/WorkSpace/CSharp/BannerlordModEditor/BannerlordModEditor.Common/Models/DO/ItemHolstersDO.cs(58,23): warning CS8618: 在退出构造函数时，不可为 null 的 属性 "BaseSet" 必须包含非 null 值。请考虑添加 "required" 修饰符或将该 属性 声明为可为 null。 [/root/WorkSpace/CSharp/BannerlordModEditor/BannerlordModEditor.Common/BannerlordModEditor.Common.csproj]
     2>/root/WorkSpace/CSharp/BannerlordModEditor/BannerlordModEditor.Common/Models/DO/ItemHolstersDO.cs(61,23): warning CS8618: 在退出构造函数时，不可为 null 的 属性 "HolsterPosition" 必须包含非 null 值。请考虑添加 "required" 修饰符或将该 属性 声明为可为 null。 [/root/WorkSpace/CSharp/BannerlordModEditor/BannerlordModEditor.Common/BannerlordModEditor.Common.csproj]
     2>/root/WorkSpace/CSharp/BannerlordModEditor/BannerlordModEditor.Common/Models/DO/ItemHolstersDO.cs(64,23): warning CS8618: 在退出构造函数时，不可为 null 的 属性 "HolsterRotationYawPitchRoll" 必须包含非 null 值。请考虑添加 "required" 修饰符或将该 属性 声明为可为 null。 [/root/WorkSpace/CSharp/BannerlordModEditor/BannerlordModEditor.Common/BannerlordModEditor.Common.csproj]
     2>/root/WorkSpace/CSharp/BannerlordModEditor/BannerlordModEditor.Common/Mappers/MPClassDivisionsMapper.cs(10,36): warning CS8603: 可能返回 null 引用。 [/root/WorkSpace/CSharp/BannerlordModEditor/BannerlordModEditor.Common/BannerlordModEditor.Common.csproj]
     2>/root/WorkSpace/CSharp/BannerlordModEditor/BannerlordModEditor.Common/Mappers/MpcosmeticsMapper.cs(39,40): warning CS8603: 可能返回 null 引用。 [/root/WorkSpace/CSharp/BannerlordModEditor/BannerlordModEditor.Common/BannerlordModEditor.Common.csproj]
     2>/root/WorkSpace/CSharp/BannerlordModEditor/BannerlordModEditor.Common/Mappers/MpcosmeticsMapper.cs(47,47): warning CS8604: “ReplaceDTO ReplaceMapper.ToDTO(ReplaceDO source)”中的形参“source”可能传入 null 引用实参。 [/root/WorkSpace/CSharp/BannerlordModEditor/BannerlordModEditor.Common/BannerlordModEditor.Common.csproj]
     2>/root/WorkSpace/CSharp/BannerlordModEditor/BannerlordModEditor.Common/Mappers/MpcosmeticsMapper.cs(53,40): warning CS8603: 可能返回 null 引用。 [/root/WorkSpace/CSharp/BannerlordModEditor/BannerlordModEditor.Common/BannerlordModEditor.Common.csproj]
     2>/root/WorkSpace/CSharp/BannerlordModEditor/BannerlordModEditor.Common/Mappers/MpcosmeticsMapper.cs(61,46): warning CS8604: “ReplaceDO ReplaceMapper.ToDO(ReplaceDTO source)”中的形参“source”可能传入 null 引用实参。 [/root/WorkSpace/CSharp/BannerlordModEditor/BannerlordModEditor.Common/BannerlordModEditor.Common.csproj]
     2>/root/WorkSpace/CSharp/BannerlordModEditor/BannerlordModEditor.Common/Mappers/MpcosmeticsMapper.cs(103,40): warning CS8603: 可能返回 null 引用。 [/root/WorkSpace/CSharp/BannerlordModEditor/BannerlordModEditor.Common/BannerlordModEditor.Common.csproj]
     2>/root/WorkSpace/CSharp/BannerlordModEditor/BannerlordModEditor.Common/Models/DO/LooknfeelDO.cs(29,31): warning CS8618: 在退出构造函数时，不可为 null 的 属性 "WidgetList" 必须包含非 null 值。请考虑添加 "required" 修饰符或将该 属性 声明为可为 null。 [/root/WorkSpace/CSharp/BannerlordModEditor/BannerlordModEditor.Common/BannerlordModEditor.Common.csproj]
     2>/root/WorkSpace/CSharp/BannerlordModEditor/BannerlordModEditor.Common/Mappers/MpcosmeticsMapper.cs(113,40): warning CS8603: 可能返回 null 引用。 [/root/WorkSpace/CSharp/BannerlordModEditor/BannerlordModEditor.Common/BannerlordModEditor.Common.csproj]
     2>/root/WorkSpace/CSharp/BannerlordModEditor/BannerlordModEditor.Common/Mappers/MpcosmeticsMapper.cs(70,40): warning CS8603: 可能返回 null 引用。 [/root/WorkSpace/CSharp/BannerlordModEditor/BannerlordModEditor.Common/BannerlordModEditor.Common.csproj]
     2>/root/WorkSpace/CSharp/BannerlordModEditor/BannerlordModEditor.Common/Mappers/MPClassDivisionsMapper.cs(22,36): warning CS8603: 可能返回 null 引用。 [/root/WorkSpace/CSharp/BannerlordModEditor/BannerlordModEditor.Common/BannerlordModEditor.Common.csproj]
     2>/root/WorkSpace/CSharp/BannerlordModEditor/BannerlordModEditor.Common/Models/DO/LooknfeelDO.cs(10,23): warning CS8618: 在退出构造函数时，不可为 null 的 属性 "Type" 必须包含非 null 值。请考虑添加 "required" 修饰符或将该 属性 声明为可为 null。 [/root/WorkSpace/CSharp/BannerlordModEditor/BannerlordModEditor.Common/BannerlordModEditor.Common.csproj]
     2>/root/WorkSpace/CSharp/BannerlordModEditor/BannerlordModEditor.Common/Models/DO/LooknfeelDO.cs(13,23): warning CS8618: 在退出构造函数时，不可为 null 的 属性 "VirtualResolution" 必须包含非 null 值。请考虑添加 "required" 修饰符或将该 属性 声明为可为 null。 [/root/WorkSpace/CSharp/BannerlordModEditor/BannerlordModEditor.Common/BannerlordModEditor.Common.csproj]
     2>/root/WorkSpace/CSharp/BannerlordModEditor/BannerlordModEditor.Common/Models/DO/LooknfeelDO.cs(16,35): warning CS8618: 在退出构造函数时，不可为 null 的 属性 "Widgets" 必须包含非 null 值。请考虑添加 "required" 修饰符或将该 属性 声明为可为 null。 [/root/WorkSpace/CSharp/BannerlordModEditor/BannerlordModEditor.Common/BannerlordModEditor.Common.csproj]
     2>/root/WorkSpace/CSharp/BannerlordModEditor/BannerlordModEditor.Common/Mappers/MPClassDivisionsMapper.cs(34,36): warning CS8603: 可能返回 null 引用。 [/root/WorkSpace/CSharp/BannerlordModEditor/BannerlordModEditor.Common/BannerlordModEditor.Common.csproj]
     2>/root/WorkSpace/CSharp/BannerlordModEditor/BannerlordModEditor.Common/Mappers/MpcosmeticsMapper.cs(85,40): warning CS8603: 可能返回 null 引用。 [/root/WorkSpace/CSharp/BannerlordModEditor/BannerlordModEditor.Common/BannerlordModEditor.Common.csproj]
     2>/root/WorkSpace/CSharp/BannerlordModEditor/BannerlordModEditor.Common/Mappers/MpcosmeticsMapper.cs(126,40): warning CS8603: 可能返回 null 引用。 [/root/WorkSpace/CSharp/BannerlordModEditor/BannerlordModEditor.Common/BannerlordModEditor.Common.csproj]
     2>/root/WorkSpace/CSharp/BannerlordModEditor/BannerlordModEditor.Common/Mappers/MPClassDivisionsMapper.cs(59,36): warning CS8603: 可能返回 null 引用。 [/root/WorkSpace/CSharp/BannerlordModEditor/BannerlordModEditor.Common/BannerlordModEditor.Common.csproj]
     2>/root/WorkSpace/CSharp/BannerlordModEditor/BannerlordModEditor.Common/Mappers/MpcosmeticsMapper.cs(137,40): warning CS8603: 可能返回 null 引用。 [/root/WorkSpace/CSharp/BannerlordModEditor/BannerlordModEditor.Common/BannerlordModEditor.Common.csproj]
     2>/root/WorkSpace/CSharp/BannerlordModEditor/BannerlordModEditor.Common/Models/DO/LooknfeelDO.cs(262,23): warning CS8618: 在退出构造函数时，不可为 null 的 属性 "Name" 必须包含非 null 值。请考虑添加 "required" 修饰符或将该 属性 声明为可为 null。 [/root/WorkSpace/CSharp/BannerlordModEditor/BannerlordModEditor.Common/BannerlordModEditor.Common.csproj]
     2>/root/WorkSpace/CSharp/BannerlordModEditor/BannerlordModEditor.Common/Models/DO/LooknfeelDO.cs(265,23): warning CS8618: 在退出构造函数时，不可为 null 的 属性 "Tiling" 必须包含非 null 值。请考虑添加 "required" 修饰符或将该 属性 声明为可为 null。 [/root/WorkSpace/CSharp/BannerlordModEditor/BannerlordModEditor.Common/BannerlordModEditor.Common.csproj]
     2>/root/WorkSpace/CSharp/BannerlordModEditor/BannerlordModEditor.Common/Models/DO/LooknfeelDO.cs(268,23): warning CS8618: 在退出构造函数时，不可为 null 的 属性 "MainMesh" 必须包含非 null 值。请考虑添加 "required" 修饰符或将该 属性 声明为可为 null。 [/root/WorkSpace/CSharp/BannerlordModEditor/BannerlordModEditor.Common/BannerlordModEditor.Common.csproj]
     2>/root/WorkSpace/CSharp/BannerlordModEditor/BannerlordModEditor.Common/Models/DO/LooknfeelDO.cs(271,23): warning CS8618: 在退出构造函数时，不可为 null 的 属性 "Position" 必须包含非 null 值。请考虑添加 "required" 修饰符或将该 属性 声明为可为 null。 [/root/WorkSpace/CSharp/BannerlordModEditor/BannerlordModEditor.Common/BannerlordModEditor.Common.csproj]
     2>/root/WorkSpace/CSharp/BannerlordModEditor/BannerlordModEditor.Common/Models/DO/LooknfeelDO.cs(282,34): warning CS8618: 在退出构造函数时，不可为 null 的 属性 "SubWidgetList" 必须包含非 null 值。请考虑添加 "required" 修饰符或将该 属性 声明为可为 null。 [/root/WorkSpace/CSharp/BannerlordModEditor/BannerlordModEditor.Common/BannerlordModEditor.Common.csproj]
     2>/root/WorkSpace/CSharp/BannerlordModEditor/BannerlordModEditor.Common/Mappers/MpCraftingPiecesMapper.cs(14,24): warning CS8603: 可能返回 null 引用。 [/root/WorkSpace/CSharp/BannerlordModEditor/BannerlordModEditor.Common/BannerlordModEditor.Common.csproj]
     2>/root/WorkSpace/CSharp/BannerlordModEditor/BannerlordModEditor.Common/Mappers/CreditsMapper.cs(70,40): warning CS8603: 可能返回 null 引用。 [/root/WorkSpace/CSharp/BannerlordModEditor/BannerlordModEditor.Common/BannerlordModEditor.Common.csproj]
     2>/root/WorkSpace/CSharp/BannerlordModEditor/BannerlordModEditor.Common/Mappers/CreditsMapper.cs(82,40): warning CS8603: 可能返回 null 引用。 [/root/WorkSpace/CSharp/BannerlordModEditor/BannerlordModEditor.Common/BannerlordModEditor.Common.csproj]
     2>/root/WorkSpace/CSharp/BannerlordModEditor/BannerlordModEditor.Common/Mappers/MPClassDivisionsMapper.cs(85,36): warning CS8603: 可能返回 null 引用。 [/root/WorkSpace/CSharp/BannerlordModEditor/BannerlordModEditor.Common/BannerlordModEditor.Common.csproj]
     2>/root/WorkSpace/CSharp/BannerlordModEditor/BannerlordModEditor.Common/Models/DO/LooknfeelDO.cs(215,38): warning CS8618: 在退出构造函数时，不可为 null 的 属性 "BackgroundMeshes" 必须包含非 null 值。请考虑添加 "required" 修饰符或将该 属性 声明为可为 null。 [/root/WorkSpace/CSharp/BannerlordModEditor/BannerlordModEditor.Common/BannerlordModEditor.Common.csproj]
     2>/root/WorkSpace/CSharp/BannerlordModEditor/BannerlordModEditor.Common/Models/DO/LooknfeelDO.cs(218,38): warning CS8618: 在退出构造函数时，不可为 null 的 属性 "ButtonMeshes" 必须包含非 null 值。请考虑添加 "required" 修饰符或将该 属性 声明为可为 null。 [/root/WorkSpace/CSharp/BannerlordModEditor/BannerlordModEditor.Common/BannerlordModEditor.Common.csproj]
     2>/root/WorkSpace/CSharp/BannerlordModEditor/BannerlordModEditor.Common/Models/DO/LooknfeelDO.cs(221,38): warning CS8618: 在退出构造函数时，不可为 null 的 属性 "ButtonPressedMeshes" 必须包含非 null 值。请考虑添加 "required" 修饰符或将该 属性 声明为可为 null。 [/root/WorkSpace/CSharp/BannerlordModEditor/BannerlordModEditor.Common/BannerlordModEditor.Common.csproj]
     2>/root/WorkSpace/CSharp/BannerlordModEditor/BannerlordModEditor.Common/Models/DO/LooknfeelDO.cs(224,38): warning CS8618: 在退出构造函数时，不可为 null 的 属性 "HighlightMeshes" 必须包含非 null 值。请考虑添加 "required" 修饰符或将该 属性 声明为可为 null。 [/root/WorkSpace/CSharp/BannerlordModEditor/BannerlordModEditor.Common/BannerlordModEditor.Common.csproj]
     2>/root/WorkSpace/CSharp/BannerlordModEditor/BannerlordModEditor.Common/Models/DO/LooknfeelDO.cs(227,38): warning CS8618: 在退出构造函数时，不可为 null 的 属性 "CursorMeshes" 必须包含非 null 值。请考虑添加 "required" 修饰符或将该 属性 声明为可为 null。 [/root/WorkSpace/CSharp/BannerlordModEditor/BannerlordModEditor.Common/BannerlordModEditor.Common.csproj]
     2>/root/WorkSpace/CSharp/BannerlordModEditor/BannerlordModEditor.Common/Models/DO/LooknfeelDO.cs(230,38): warning CS8618: 在退出构造函数时，不可为 null 的 属性 "LeftBorderMeshes" 必须包含非 null 值。请考虑添加 "required" 修饰符或将该 属性 声明为可为 null。 [/root/WorkSpace/CSharp/BannerlordModEditor/BannerlordModEditor.Common/BannerlordModEditor.Common.csproj]
     2>/root/WorkSpace/CSharp/BannerlordModEditor/BannerlordModEditor.Common/Models/DO/LooknfeelDO.cs(233,38): warning CS8618: 在退出构造函数时，不可为 null 的 属性 "RightBorderMeshes" 必须包含非 null 值。请考虑添加 "required" 修饰符或将该 属性 声明为可为 null。 [/root/WorkSpace/CSharp/BannerlordModEditor/BannerlordModEditor.Common/BannerlordModEditor.Common.csproj]
     2>/root/WorkSpace/CSharp/BannerlordModEditor/BannerlordModEditor.Common/Mappers/CreditsMapper.cs(96,40): warning CS8603: 可能返回 null 引用。 [/root/WorkSpace/CSharp/BannerlordModEditor/BannerlordModEditor.Common/BannerlordModEditor.Common.csproj]
     2>/root/WorkSpace/CSharp/BannerlordModEditor/BannerlordModEditor.Common/Mappers/MPClassDivisionsMapper.cs(97,36): warning CS8603: 可能返回 null 引用。 [/root/WorkSpace/CSharp/BannerlordModEditor/BannerlordModEditor.Common/BannerlordModEditor.Common.csproj]
     2>/root/WorkSpace/CSharp/BannerlordModEditor/BannerlordModEditor.Common/Mappers/MpItemsMapper.cs(26,40): warning CS8603: 可能返回 null 引用。 [/root/WorkSpace/CSharp/BannerlordModEditor/BannerlordModEditor.Common/BannerlordModEditor.Common.csproj]
     2>/root/WorkSpace/CSharp/BannerlordModEditor/BannerlordModEditor.Common/Mappers/MpItemsMapper.cs(57,39): warning CS8604: “ItemComponentDTO MpItemsMapper.ToDTO(ItemComponentDO source)”中的形参“source”可能传入 null 引用实参。 [/root/WorkSpace/CSharp/BannerlordModEditor/BannerlordModEditor.Common/BannerlordModEditor.Common.csproj]
     2>/root/WorkSpace/CSharp/BannerlordModEditor/BannerlordModEditor.Common/Mappers/MpItemsMapper.cs(58,31): warning CS8604: “ItemFlagsDTO MpItemsMapper.ToDTO(ItemFlagsDO source)”中的形参“source”可能传入 null 引用实参。 [/root/WorkSpace/CSharp/BannerlordModEditor/BannerlordModEditor.Common/BannerlordModEditor.Common.csproj]
     2>/root/WorkSpace/CSharp/BannerlordModEditor/BannerlordModEditor.Common/Mappers/MpItemsMapper.cs(64,40): warning CS8603: 可能返回 null 引用。 [/root/WorkSpace/CSharp/BannerlordModEditor/BannerlordModEditor.Common/BannerlordModEditor.Common.csproj]
     2>/root/WorkSpace/CSharp/BannerlordModEditor/BannerlordModEditor.Common/Mappers/MpItemsMapper.cs(75,32): warning CS8604: “PiecesDTO MpItemsMapper.ToDTO(PiecesDO source)”中的形参“source”可能传入 null 引用实参。 [/root/WorkSpace/CSharp/BannerlordModEditor/BannerlordModEditor.Common/BannerlordModEditor.Common.csproj]
     2>/root/WorkSpace/CSharp/BannerlordModEditor/BannerlordModEditor.Common/Models/DO/MpCraftingPiecesDO.cs(175,23): warning CS8618: 在退出构造函数时，不可为 null 的 属性 "DamageType" 必须包含非 null 值。请考虑添加 "required" 修饰符或将该 属性 声明为可为 null。 [/root/WorkSpace/CSharp/BannerlordModEditor/BannerlordModEditor.Common/BannerlordModEditor.Common.csproj]
     2>/root/WorkSpace/CSharp/BannerlordModEditor/BannerlordModEditor.Common/Models/DO/MpCraftingPiecesDO.cs(178,23): warning CS8618: 在退出构造函数时，不可为 null 的 属性 "DamageFactor" 必须包含非 null 值。请考虑添加 "required" 修饰符或将该 属性 声明为可为 null。 [/root/WorkSpace/CSharp/BannerlordModEditor/BannerlordModEditor.Common/BannerlordModEditor.Common.csproj]
     2>/root/WorkSpace/CSharp/BannerlordModEditor/BannerlordModEditor.Common/Models/DO/MpCraftingPiecesDO.cs(103,23): warning CS8618: 在退出构造函数时，不可为 null 的 属性 "PieceOffset" 必须包含非 null 值。请考虑添加 "required" 修饰符或将该 属性 声明为可为 null。 [/root/WorkSpace/CSharp/BannerlordModEditor/BannerlordModEditor.Common/BannerlordModEditor.Common.csproj]
     2>/root/WorkSpace/CSharp/BannerlordModEditor/BannerlordModEditor.Common/Models/DO/MpCraftingPiecesDO.cs(106,23): warning CS8618: 在退出构造函数时，不可为 null 的 属性 "PreviousPieceOffset" 必须包含非 null 值。请考虑添加 "required" 修饰符或将该 属性 声明为可为 null。 [/root/WorkSpace/CSharp/BannerlordModEditor/BannerlordModEditor.Common/BannerlordModEditor.Common.csproj]
     2>/root/WorkSpace/CSharp/BannerlordModEditor/BannerlordModEditor.Common/Models/DO/MpCraftingPiecesDO.cs(109,23): warning CS8618: 在退出构造函数时，不可为 null 的 属性 "NextPieceOffset" 必须包含非 null 值。请考虑添加 "required" 修饰符或将该 属性 声明为可为 null。 [/root/WorkSpace/CSharp/BannerlordModEditor/BannerlordModEditor.Common/BannerlordModEditor.Common.csproj]
     2>/root/WorkSpace/CSharp/BannerlordModEditor/BannerlordModEditor.Common/Models/DO/MpCraftingPiecesDO.cs(163,23): warning CS8618: 在退出构造函数时，不可为 null 的 属性 "DamageType" 必须包含非 null 值。请考虑添加 "required" 修饰符或将该 属性 声明为可为 null。 [/root/WorkSpace/CSharp/BannerlordModEditor/BannerlordModEditor.Common/BannerlordModEditor.Common.csproj]
     2>/root/WorkSpace/CSharp/BannerlordModEditor/BannerlordModEditor.Common/Models/DO/MpCraftingPiecesDO.cs(166,23): warning CS8618: 在退出构造函数时，不可为 null 的 属性 "DamageFactor" 必须包含非 null 值。请考虑添加 "required" 修饰符或将该 属性 声明为可为 null。 [/root/WorkSpace/CSharp/BannerlordModEditor/BannerlordModEditor.Common/BannerlordModEditor.Common.csproj]
     2>/root/WorkSpace/CSharp/BannerlordModEditor/BannerlordModEditor.Common/Mappers/CreditsMapper.cs(107,40): warning CS8603: 可能返回 null 引用。 [/root/WorkSpace/CSharp/BannerlordModEditor/BannerlordModEditor.Common/BannerlordModEditor.Common.csproj]
     2>/root/WorkSpace/CSharp/BannerlordModEditor/BannerlordModEditor.Common/Models/Data/ActionTypesModel.cs(19,23): warning CS8618: 在退出构造函数时，不可为 null 的 属性 "Name" 必须包含非 null 值。请考虑添加 "required" 修饰符或将该 属性 声明为可为 null。 [/root/WorkSpace/CSharp/BannerlordModEditor/BannerlordModEditor.Common/BannerlordModEditor.Common.csproj]
     2>/root/WorkSpace/CSharp/BannerlordModEditor/BannerlordModEditor.Common/Models/Data/ActionTypesModel.cs(22,23): warning CS8618: 在退出构造函数时，不可为 null 的 属性 "Type" 必须包含非 null 值。请考虑添加 "required" 修饰符或将该 属性 声明为可为 null。 [/root/WorkSpace/CSharp/BannerlordModEditor/BannerlordModEditor.Common/BannerlordModEditor.Common.csproj]
     2>/root/WorkSpace/CSharp/BannerlordModEditor/BannerlordModEditor.Common/Models/Data/ActionTypesModel.cs(25,23): warning CS8618: 在退出构造函数时，不可为 null 的 属性 "UsageDirection" 必须包含非 null 值。请考虑添加 "required" 修饰符或将该 属性 声明为可为 null。 [/root/WorkSpace/CSharp/BannerlordModEditor/BannerlordModEditor.Common/BannerlordModEditor.Common.csproj]
     2>/root/WorkSpace/CSharp/BannerlordModEditor/BannerlordModEditor.Common/Models/DO/LooknfeelDO.cs(40,23): warning CS8618: 在退出构造函数时，不可为 null 的 属性 "Type" 必须包含非 null 值。请考虑添加 "required" 修饰符或将该 属性 声明为可为 null。 [/root/WorkSpace/CSharp/BannerlordModEditor/BannerlordModEditor.Common/BannerlordModEditor.Common.csproj]
     2>/root/WorkSpace/CSharp/BannerlordModEditor/BannerlordModEditor.Common/Models/DO/LooknfeelDO.cs(43,23): warning CS8618: 在退出构造函数时，不可为 null 的 属性 "Name" 必须包含非 null 值。请考虑添加 "required" 修饰符或将该 属性 声明为可为 null。 [/root/WorkSpace/CSharp/BannerlordModEditor/BannerlordModEditor.Common/BannerlordModEditor.Common.csproj]
     2>/root/WorkSpace/CSharp/BannerlordModEditor/BannerlordModEditor.Common/Models/DO/LooknfeelDO.cs(46,23): warning CS8618: 在退出构造函数时，不可为 null 的 属性 "TilingBorderSize" 必须包含非 null 值。请考虑添加 "required" 修饰符或将该 属性 声明为可为 null。 [/root/WorkSpace/CSharp/BannerlordModEditor/BannerlordModEditor.Common/BannerlordModEditor.Common.csproj]
     2>/root/WorkSpace/CSharp/BannerlordModEditor/BannerlordModEditor.Common/Models/DO/LooknfeelDO.cs(49,23): warning CS8618: 在退出构造函数时，不可为 null 的 属性 "TileBackgroundAccordingToBorder" 必须包含非 null 值。请考虑添加 "required" 修饰符或将该 属性 声明为可为 null。 [/root/WorkSpace/CSharp/BannerlordModEditor/BannerlordModEditor.Common/BannerlordModEditor.Common.csproj]
     2>/root/WorkSpace/CSharp/BannerlordModEditor/BannerlordModEditor.Common/Models/DO/LooknfeelDO.cs(52,23): warning CS8618: 在退出构造函数时，不可为 null 的 属性 "BackgroundTileSize" 必须包含非 null 值。请考虑添加 "required" 修饰符或将该 属性 声明为可为 null。 [/root/WorkSpace/CSharp/BannerlordModEditor/BannerlordModEditor.Common/BannerlordModEditor.Common.csproj]
     2>/root/WorkSpace/CSharp/BannerlordModEditor/BannerlordModEditor.Common/Models/DO/LooknfeelDO.cs(55,23): warning CS8618: 在退出构造函数时，不可为 null 的 属性 "Focusable" 必须包含非 null 值。请考虑添加 "required" 修饰符或将该 属性 声明为可为 null。 [/root/WorkSpace/CSharp/BannerlordModEditor/BannerlordModEditor.Common/BannerlordModEditor.Common.csproj]
     2>/root/WorkSpace/CSharp/BannerlordModEditor/BannerlordModEditor.Common/Models/DO/LooknfeelDO.cs(58,23): warning CS8618: 在退出构造函数时，不可为 null 的 属性 "Style" 必须包含非 null 值。请考虑添加 "required" 修饰符或将该 属性 声明为可为 null。 [/root/WorkSpace/CSharp/BannerlordModEditor/BannerlordModEditor.Common/BannerlordModEditor.Common.csproj]
     2>/root/WorkSpace/CSharp/BannerlordModEditor/BannerlordModEditor.Common/Models/DO/LooknfeelDO.cs(61,23): warning CS8618: 在退出构造函数时，不可为 null 的 属性 "TrackAreaInset" 必须包含非 null 值。请考虑添加 "required" 修饰符或将该 属性 声明为可为 null。 [/root/WorkSpace/CSharp/BannerlordModEditor/BannerlordModEditor.Common/BannerlordModEditor.Common.csproj]
     2>/root/WorkSpace/CSharp/BannerlordModEditor/BannerlordModEditor.Common/Models/DO/LooknfeelDO.cs(64,23): warning CS8618: 在退出构造函数时，不可为 null 的 属性 "Text" 必须包含非 null 值。请考虑添加 "required" 修饰符或将该 属性 声明为可为 null。 [/root/WorkSpace/CSharp/BannerlordModEditor/BannerlordModEditor.Common/BannerlordModEditor.Common.csproj]
     2>/root/WorkSpace/CSharp/BannerlordModEditor/BannerlordModEditor.Common/Models/DO/LooknfeelDO.cs(67,23): warning CS8618: 在退出构造函数时，不可为 null 的 属性 "InitialState" 必须包含非 null 值。请考虑添加 "required" 修饰符或将该 属性 声明为可为 null。 [/root/WorkSpace/CSharp/BannerlordModEditor/BannerlordModEditor.Common/BannerlordModEditor.Common.csproj]
     2>/root/WorkSpace/CSharp/BannerlordModEditor/BannerlordModEditor.Common/Models/DO/LooknfeelDO.cs(70,23): warning CS8618: 在退出构造函数时，不可为 null 的 属性 "NumOfCols" 必须包含非 null 值。请考虑添加 "required" 修饰符或将该 属性 声明为可为 null。 [/root/WorkSpace/CSharp/BannerlordModEditor/BannerlordModEditor.Common/BannerlordModEditor.Common.csproj]
     2>/root/WorkSpace/CSharp/BannerlordModEditor/BannerlordModEditor.Common/Models/DO/LooknfeelDO.cs(73,23): warning CS8618: 在退出构造函数时，不可为 null 的 属性 "NumOfRows" 必须包含非 null 值。请考虑添加 "required" 修饰符或将该 属性 声明为可为 null。 [/root/WorkSpace/CSharp/BannerlordModEditor/BannerlordModEditor.Common/BannerlordModEditor.Common.csproj]
     2>/root/WorkSpace/CSharp/BannerlordModEditor/BannerlordModEditor.Common/Models/DO/LooknfeelDO.cs(76,23): warning CS8618: 在退出构造函数时，不可为 null 的 属性 "MaxNumOfRows" 必须包含非 null 值。请考虑添加 "required" 修饰符或将该 属性 声明为可为 null。 [/root/WorkSpace/CSharp/BannerlordModEditor/BannerlordModEditor.Common/BannerlordModEditor.Common.csproj]
     2>/root/WorkSpace/CSharp/BannerlordModEditor/BannerlordModEditor.Common/Models/DO/LooknfeelDO.cs(79,23): warning CS8618: 在退出构造函数时，不可为 null 的 属性 "BorderSize" 必须包含非 null 值。请考虑添加 "required" 修饰符或将该 属性 声明为可为 null。 [/root/WorkSpace/CSharp/BannerlordModEditor/BannerlordModEditor.Common/BannerlordModEditor.Common.csproj]
     2>/root/WorkSpace/CSharp/BannerlordModEditor/BannerlordModEditor.Common/Models/DO/LooknfeelDO.cs(82,23): warning CS8618: 在退出构造函数时，不可为 null 的 属性 "ShowScrollBars" 必须包含非 null 值。请考虑添加 "required" 修饰符或将该 属性 声明为可为 null。 [/root/WorkSpace/CSharp/BannerlordModEditor/BannerlordModEditor.Common/BannerlordModEditor.Common.csproj]
     2>/root/WorkSpace/CSharp/BannerlordModEditor/BannerlordModEditor.Common/Models/DO/LooknfeelDO.cs(85,23): warning CS8618: 在退出构造函数时，不可为 null 的 属性 "ScrollAreaInset" 必须包含非 null 值。请考虑添加 "required" 修饰符或将该 属性 声明为可为 null。 [/root/WorkSpace/CSharp/BannerlordModEditor/BannerlordModEditor.Common/BannerlordModEditor.Common.csproj]
     2>/root/WorkSpace/CSharp/BannerlordModEditor/BannerlordModEditor.Common/Models/DO/LooknfeelDO.cs(88,23): warning CS8618: 在退出构造函数时，不可为 null 的 属性 "CellSize" 必须包含非 null 值。请考虑添加 "required" 修饰符或将该 属性 声明为可为 null。 [/root/WorkSpace/CSharp/BannerlordModEditor/BannerlordModEditor.Common/BannerlordModEditor.Common.csproj]
     2>/root/WorkSpace/CSharp/BannerlordModEditor/BannerlordModEditor.Common/Models/DO/LooknfeelDO.cs(91,23): warning CS8618: 在退出构造函数时，不可为 null 的 属性 "LayoutStyle" 必须包含非 null 值。请考虑添加 "required" 修饰符或将该 属性 声明为可为 null。 [/root/WorkSpace/CSharp/BannerlordModEditor/BannerlordModEditor.Common/BannerlordModEditor.Common.csproj]
     2>/root/WorkSpace/CSharp/BannerlordModEditor/BannerlordModEditor.Common/Models/DO/LooknfeelDO.cs(94,23): warning CS8618: 在退出构造函数时，不可为 null 的 属性 "LayoutAlignment" 必须包含非 null 值。请考虑添加 "required" 修饰符或将该 属性 声明为可为 null。 [/root/WorkSpace/CSharp/BannerlordModEditor/BannerlordModEditor.Common/BannerlordModEditor.Common.csproj]
     2>/root/WorkSpace/CSharp/BannerlordModEditor/BannerlordModEditor.Common/Models/DO/LooknfeelDO.cs(97,23): warning CS8618: 在退出构造函数时，不可为 null 的 属性 "AutoShowScrollBars" 必须包含非 null 值。请考虑添加 "required" 修饰符或将该 属性 声明为可为 null。 [/root/WorkSpace/CSharp/BannerlordModEditor/BannerlordModEditor.Common/BannerlordModEditor.Common.csproj]
     2>/root/WorkSpace/CSharp/BannerlordModEditor/BannerlordModEditor.Common/Models/DO/LooknfeelDO.cs(100,23): warning CS8618: 在退出构造函数时，不可为 null 的 属性 "IncrementVec" 必须包含非 null 值。请考虑添加 "required" 修饰符或将该 属性 声明为可为 null。 [/root/WorkSpace/CSharp/BannerlordModEditor/BannerlordModEditor.Common/BannerlordModEditor.Common.csproj]
     2>/root/WorkSpace/CSharp/BannerlordModEditor/BannerlordModEditor.Common/Models/DO/LooknfeelDO.cs(103,23): warning CS8618: 在退出构造函数时，不可为 null 的 属性 "InitialValue" 必须包含非 null 值。请考虑添加 "required" 修饰符或将该 属性 声明为可为 null。 [/root/WorkSpace/CSharp/BannerlordModEditor/BannerlordModEditor.Common/BannerlordModEditor.Common.csproj]
     2>/root/WorkSpace/CSharp/BannerlordModEditor/BannerlordModEditor.Common/Models/DO/LooknfeelDO.cs(106,23): warning CS8618: 在退出构造函数时，不可为 null 的 属性 "MaxAllowedDigit" 必须包含非 null 值。请考虑添加 "required" 修饰符或将该 属性 声明为可为 null。 [/root/WorkSpace/CSharp/BannerlordModEditor/BannerlordModEditor.Common/BannerlordModEditor.Common.csproj]
     2>/root/WorkSpace/CSharp/BannerlordModEditor/BannerlordModEditor.Common/Models/DO/LooknfeelDO.cs(109,23): warning CS8618: 在退出构造函数时，不可为 null 的 属性 "MinAllowedValue" 必须包含非 null 值。请考虑添加 "required" 修饰符或将该 属性 声明为可为 null。 [/root/WorkSpace/CSharp/BannerlordModEditor/BannerlordModEditor.Common/BannerlordModEditor.Common.csproj]
     2>/root/WorkSpace/CSharp/BannerlordModEditor/BannerlordModEditor.Common/Models/DO/LooknfeelDO.cs(112,23): warning CS8618: 在退出构造函数时，不可为 null 的 属性 "MaxAllowedValue" 必须包含非 null 值。请考虑添加 "required" 修饰符或将该 属性 声明为可为 null。 [/root/WorkSpace/CSharp/BannerlordModEditor/BannerlordModEditor.Common/BannerlordModEditor.Common.csproj]
     2>/root/WorkSpace/CSharp/BannerlordModEditor/BannerlordModEditor.Common/Models/DO/LooknfeelDO.cs(115,23): warning CS8618: 在退出构造函数时，不可为 null 的 属性 "StepValue" 必须包含非 null 值。请考虑添加 "required" 修饰符或将该 属性 声明为可为 null。 [/root/WorkSpace/CSharp/BannerlordModEditor/BannerlordModEditor.Common/BannerlordModEditor.Common.csproj]
     2>/root/WorkSpace/CSharp/BannerlordModEditor/BannerlordModEditor.Common/Models/DO/LooknfeelDO.cs(118,23): warning CS8618: 在退出构造函数时，不可为 null 的 属性 "MinValue" 必须包含非 null 值。请考虑添加 "required" 修饰符或将该 属性 声明为可为 null。 [/root/WorkSpace/CSharp/BannerlordModEditor/BannerlordModEditor.Common/BannerlordModEditor.Common.csproj]
     2>/root/WorkSpace/CSharp/BannerlordModEditor/BannerlordModEditor.Common/Models/DO/LooknfeelDO.cs(121,23): warning CS8618: 在退出构造函数时，不可为 null 的 属性 "MaxValue" 必须包含非 null 值。请考虑添加 "required" 修饰符或将该 属性 声明为可为 null。 [/root/WorkSpace/CSharp/BannerlordModEditor/BannerlordModEditor.Common/BannerlordModEditor.Common.csproj]
     2>/root/WorkSpace/CSharp/BannerlordModEditor/BannerlordModEditor.Common/Models/DO/LooknfeelDO.cs(124,23): warning CS8618: 在退出构造函数时，不可为 null 的 属性 "VerticalAlignment" 必须包含非 null 值。请考虑添加 "required" 修饰符或将该 属性 声明为可为 null。 [/root/WorkSpace/CSharp/BannerlordModEditor/BannerlordModEditor.Common/BannerlordModEditor.Common.csproj]
     2>/root/WorkSpace/CSharp/BannerlordModEditor/BannerlordModEditor.Common/Models/DO/LooknfeelDO.cs(127,23): warning CS8618: 在退出构造函数时，不可为 null 的 属性 "HorizontalAlignment" 必须包含非 null 值。请考虑添加 "required" 修饰符或将该 属性 声明为可为 null。 [/root/WorkSpace/CSharp/BannerlordModEditor/BannerlordModEditor.Common/BannerlordModEditor.Common.csproj]
     2>/root/WorkSpace/CSharp/BannerlordModEditor/BannerlordModEditor.Common/Models/DO/LooknfeelDO.cs(137,23): warning CS8618: 在退出构造函数时，不可为 null 的 属性 "TextHighlightColor" 必须包含非 null 值。请考虑添加 "required" 修饰符或将该 属性 声明为可为 null。 [/root/WorkSpace/CSharp/BannerlordModEditor/BannerlordModEditor.Common/BannerlordModEditor.Common.csproj]
     2>/root/WorkSpace/CSharp/BannerlordModEditor/BannerlordModEditor.Common/Models/DO/LooknfeelDO.cs(140,23): warning CS8618: 在退出构造函数时，不可为 null 的 属性 "TextColor" 必须包含非 null 值。请考虑添加 "required" 修饰符或将该 属性 声明为可为 null。 [/root/WorkSpace/CSharp/BannerlordModEditor/BannerlordModEditor.Common/BannerlordModEditor.Common.csproj]
     2>/root/WorkSpace/CSharp/BannerlordModEditor/BannerlordModEditor.Common/Models/DO/LooknfeelDO.cs(143,23): warning CS8618: 在退出构造函数时，不可为 null 的 属性 "FontSize" 必须包含非 null 值。请考虑添加 "required" 修饰符或将该 属性 声明为可为 null。 [/root/WorkSpace/CSharp/BannerlordModEditor/BannerlordModEditor.Common/BannerlordModEditor.Common.csproj]
     2>/root/WorkSpace/CSharp/BannerlordModEditor/BannerlordModEditor.Common/Models/DO/LooknfeelDO.cs(146,23): warning CS8618: 在退出构造函数时，不可为 null 的 属性 "Size" 必须包含非 null 值。请考虑添加 "required" 修饰符或将该 属性 声明为可为 null。 [/root/WorkSpace/CSharp/BannerlordModEditor/BannerlordModEditor.Common/BannerlordModEditor.Common.csproj]
     2>/root/WorkSpace/CSharp/BannerlordModEditor/BannerlordModEditor.Common/Models/DO/LooknfeelDO.cs(149,23): warning CS8618: 在退出构造函数时，不可为 null 的 属性 "Position" 必须包含非 null 值。请考虑添加 "required" 修饰符或将该 属性 声明为可为 null。 [/root/WorkSpace/CSharp/BannerlordModEditor/BannerlordModEditor.Common/BannerlordModEditor.Common.csproj]
     2>/root/WorkSpace/CSharp/BannerlordModEditor/BannerlordModEditor.Common/Models/DO/LooknfeelDO.cs(152,23): warning CS8618: 在退出构造函数时，不可为 null 的 属性 "ButtonMesh" 必须包含非 null 值。请考虑添加 "required" 修饰符或将该 属性 声明为可为 null。 [/root/WorkSpace/CSharp/BannerlordModEditor/BannerlordModEditor.Common/BannerlordModEditor.Common.csproj]
     2>/root/WorkSpace/CSharp/BannerlordModEditor/BannerlordModEditor.Common/Models/DO/LooknfeelDO.cs(156,43): warning CS8618: 在退出构造函数时，不可为 null 的 属性 "Meshes" 必须包含非 null 值。请考虑添加 "required" 修饰符或将该 属性 声明为可为 null。 [/root/WorkSpace/CSharp/BannerlordModEditor/BannerlordModEditor.Common/BannerlordModEditor.Common.csproj]
     2>/root/WorkSpace/CSharp/BannerlordModEditor/BannerlordModEditor.Common/Models/DO/LooknfeelDO.cs(159,44): warning CS8618: 在退出构造函数时，不可为 null 的 属性 "SubWidgetsList" 必须包含非 null 值。请考虑添加 "required" 修饰符或将该 属性 声明为可为 null。 [/root/WorkSpace/CSharp/BannerlordModEditor/BannerlordModEditor.Common/BannerlordModEditor.Common.csproj]
     2>/root/WorkSpace/CSharp/BannerlordModEditor/BannerlordModEditor.Common/Mappers/CreditsMapper.cs(141,40): warning CS8603: 可能返回 null 引用。 [/root/WorkSpace/CSharp/BannerlordModEditor/BannerlordModEditor.Common/BannerlordModEditor.Common.csproj]
     2>/root/WorkSpace/CSharp/BannerlordModEditor/BannerlordModEditor.Common/Mappers/CreditsMapper.cs(153,40): warning CS8603: 可能返回 null 引用。 [/root/WorkSpace/CSharp/BannerlordModEditor/BannerlordModEditor.Common/BannerlordModEditor.Common.csproj]
     2>/root/WorkSpace/CSharp/BannerlordModEditor/BannerlordModEditor.Common/Mappers/CreditsMapper.cs(164,40): warning CS8603: 可能返回 null 引用。 [/root/WorkSpace/CSharp/BannerlordModEditor/BannerlordModEditor.Common/BannerlordModEditor.Common.csproj]
     2>/root/WorkSpace/CSharp/BannerlordModEditor/BannerlordModEditor.Common/Mappers/CreditsMapper.cs(171,40): warning CS8603: 可能返回 null 引用。 [/root/WorkSpace/CSharp/BannerlordModEditor/BannerlordModEditor.Common/BannerlordModEditor.Common.csproj]
     2>/root/WorkSpace/CSharp/BannerlordModEditor/BannerlordModEditor.Common/Mappers/CreditsMapper.cs(183,40): warning CS8603: 可能返回 null 引用。 [/root/WorkSpace/CSharp/BannerlordModEditor/BannerlordModEditor.Common/BannerlordModEditor.Common.csproj]
     2>/root/WorkSpace/CSharp/BannerlordModEditor/BannerlordModEditor.Common/Models/DO/LooknfeelDO.cs(293,23): warning CS8618: 在退出构造函数时，不可为 null 的 属性 "Ref" 必须包含非 null 值。请考虑添加 "required" 修饰符或将该 属性 声明为可为 null。 [/root/WorkSpace/CSharp/BannerlordModEditor/BannerlordModEditor.Common/BannerlordModEditor.Common.csproj]
     2>/root/WorkSpace/CSharp/BannerlordModEditor/BannerlordModEditor.Common/Models/DO/LooknfeelDO.cs(296,23): warning CS8618: 在退出构造函数时，不可为 null 的 属性 "Name" 必须包含非 null 值。请考虑添加 "required" 修饰符或将该 属性 声明为可为 null。 [/root/WorkSpace/CSharp/BannerlordModEditor/BannerlordModEditor.Common/BannerlordModEditor.Common.csproj]
     2>/root/WorkSpace/CSharp/BannerlordModEditor/BannerlordModEditor.Common/Models/DO/LooknfeelDO.cs(299,23): warning CS8618: 在退出构造函数时，不可为 null 的 属性 "Size" 必须包含非 null 值。请考虑添加 "required" 修饰符或将该 属性 声明为可为 null。 [/root/WorkSpace/CSharp/BannerlordModEditor/BannerlordModEditor.Common/BannerlordModEditor.Common.csproj]
     2>/root/WorkSpace/CSharp/BannerlordModEditor/BannerlordModEditor.Common/Models/DO/LooknfeelDO.cs(302,23): warning CS8618: 在退出构造函数时，不可为 null 的 属性 "Position" 必须包含非 null 值。请考虑添加 "required" 修饰符或将该 属性 声明为可为 null。 [/root/WorkSpace/CSharp/BannerlordModEditor/BannerlordModEditor.Common/BannerlordModEditor.Common.csproj]
     2>/root/WorkSpace/CSharp/BannerlordModEditor/BannerlordModEditor.Common/Models/DO/LooknfeelDO.cs(305,23): warning CS8618: 在退出构造函数时，不可为 null 的 属性 "Style" 必须包含非 null 值。请考虑添加 "required" 修饰符或将该 属性 声明为可为 null。 [/root/WorkSpace/CSharp/BannerlordModEditor/BannerlordModEditor.Common/BannerlordModEditor.Common.csproj]
     2>/root/WorkSpace/CSharp/BannerlordModEditor/BannerlordModEditor.Common/Models/DO/LooknfeelDO.cs(308,23): warning CS8618: 在退出构造函数时，不可为 null 的 属性 "VerticalAlignment" 必须包含非 null 值。请考虑添加 "required" 修饰符或将该 属性 声明为可为 null。 [/root/WorkSpace/CSharp/BannerlordModEditor/BannerlordModEditor.Common/BannerlordModEditor.Common.csproj]
     2>/root/WorkSpace/CSharp/BannerlordModEditor/BannerlordModEditor.Common/Models/DO/LooknfeelDO.cs(311,23): warning CS8618: 在退出构造函数时，不可为 null 的 属性 "HorizontalAlignment" 必须包含非 null 值。请考虑添加 "required" 修饰符或将该 属性 声明为可为 null。 [/root/WorkSpace/CSharp/BannerlordModEditor/BannerlordModEditor.Common/BannerlordModEditor.Common.csproj]
     2>/root/WorkSpace/CSharp/BannerlordModEditor/BannerlordModEditor.Common/Models/DO/LooknfeelDO.cs(321,23): warning CS8618: 在退出构造函数时，不可为 null 的 属性 "ScrollSpeed" 必须包含非 null 值。请考虑添加 "required" 修饰符或将该 属性 声明为可为 null。 [/root/WorkSpace/CSharp/BannerlordModEditor/BannerlordModEditor.Common/BannerlordModEditor.Common.csproj]
     2>/root/WorkSpace/CSharp/BannerlordModEditor/BannerlordModEditor.Common/Models/DO/LooknfeelDO.cs(324,23): warning CS8618: 在退出构造函数时，不可为 null 的 属性 "CellSize" 必须包含非 null 值。请考虑添加 "required" 修饰符或将该 属性 声明为可为 null。 [/root/WorkSpace/CSharp/BannerlordModEditor/BannerlordModEditor.Common/BannerlordModEditor.Common.csproj]
     2>/root/WorkSpace/CSharp/BannerlordModEditor/BannerlordModEditor.Common/Models/DO/LooknfeelDO.cs(327,23): warning CS8618: 在退出构造函数时，不可为 null 的 属性 "LayoutStyle" 必须包含非 null 值。请考虑添加 "required" 修饰符或将该 属性 声明为可为 null。 [/root/WorkSpace/CSharp/BannerlordModEditor/BannerlordModEditor.Common/BannerlordModEditor.Common.csproj]
     2>/root/WorkSpace/CSharp/BannerlordModEditor/BannerlordModEditor.Common/Models/DO/LooknfeelDO.cs(330,23): warning CS8618: 在退出构造函数时，不可为 null 的 属性 "LayoutAlignment" 必须包含非 null 值。请考虑添加 "required" 修饰符或将该 属性 声明为可为 null。 [/root/WorkSpace/CSharp/BannerlordModEditor/BannerlordModEditor.Common/BannerlordModEditor.Common.csproj]
     2>/root/WorkSpace/CSharp/BannerlordModEditor/BannerlordModEditor.Common/Models/DO/LooknfeelDO.cs(333,23): warning CS8618: 在退出构造函数时，不可为 null 的 属性 "Text" 必须包含非 null 值。请考虑添加 "required" 修饰符或将该 属性 声明为可为 null。 [/root/WorkSpace/CSharp/BannerlordModEditor/BannerlordModEditor.Common/BannerlordModEditor.Common.csproj]
     2>/root/WorkSpace/CSharp/BannerlordModEditor/BannerlordModEditor.Common/Models/DO/LooknfeelDO.cs(336,23): warning CS8618: 在退出构造函数时，不可为 null 的 属性 "TextColor" 必须包含非 null 值。请考虑添加 "required" 修饰符或将该 属性 声明为可为 null。 [/root/WorkSpace/CSharp/BannerlordModEditor/BannerlordModEditor.Common/BannerlordModEditor.Common.csproj]
     2>/root/WorkSpace/CSharp/BannerlordModEditor/BannerlordModEditor.Common/Models/DO/LooknfeelDO.cs(339,23): warning CS8618: 在退出构造函数时，不可为 null 的 属性 "TextHighlightColor" 必须包含非 null 值。请考虑添加 "required" 修饰符或将该 属性 声明为可为 null。 [/root/WorkSpace/CSharp/BannerlordModEditor/BannerlordModEditor.Common/BannerlordModEditor.Common.csproj]
     2>/root/WorkSpace/CSharp/BannerlordModEditor/BannerlordModEditor.Common/Models/DO/LooknfeelDO.cs(342,23): warning CS8618: 在退出构造函数时，不可为 null 的 属性 "FontSize" 必须包含非 null 值。请考虑添加 "required" 修饰符或将该 属性 声明为可为 null。 [/root/WorkSpace/CSharp/BannerlordModEditor/BannerlordModEditor.Common/BannerlordModEditor.Common.csproj]
     2>/root/WorkSpace/CSharp/BannerlordModEditor/BannerlordModEditor.Common/Models/DO/LooknfeelDO.cs(346,43): warning CS8618: 在退出构造函数时，不可为 null 的 属性 "Meshes" 必须包含非 null 值。请考虑添加 "required" 修饰符或将该 属性 声明为可为 null。 [/root/WorkSpace/CSharp/BannerlordModEditor/BannerlordModEditor.Common/BannerlordModEditor.Common.csproj]
     2>/root/WorkSpace/CSharp/BannerlordModEditor/BannerlordModEditor.Common/Models/DO/LooknfeelDO.cs(349,44): warning CS8618: 在退出构造函数时，不可为 null 的 属性 "SubWidgetsList" 必须包含非 null 值。请考虑添加 "required" 修饰符或将该 属性 声明为可为 null。 [/root/WorkSpace/CSharp/BannerlordModEditor/BannerlordModEditor.Common/BannerlordModEditor.Common.csproj]
     2>/root/WorkSpace/CSharp/BannerlordModEditor/BannerlordModEditor.Common/Models/Data/Adjustables.cs(19,23): warning CS8618: 在退出构造函数时，不可为 null 的 属性 "Name" 必须包含非 null 值。请考虑添加 "required" 修饰符或将该 属性 声明为可为 null。 [/root/WorkSpace/CSharp/BannerlordModEditor/BannerlordModEditor.Common/BannerlordModEditor.Common.csproj]
     2>/root/WorkSpace/CSharp/BannerlordModEditor/BannerlordModEditor.Common/Models/Data/Adjustables.cs(22,23): warning CS8618: 在退出构造函数时，不可为 null 的 属性 "Value" 必须包含非 null 值。请考虑添加 "required" 修饰符或将该 属性 声明为可为 null。 [/root/WorkSpace/CSharp/BannerlordModEditor/BannerlordModEditor.Common/BannerlordModEditor.Common.csproj]
     2>/root/WorkSpace/CSharp/BannerlordModEditor/BannerlordModEditor.Common/Mappers/MPClassDivisionsMapper.cs(109,36): warning CS8603: 可能返回 null 引用。 [/root/WorkSpace/CSharp/BannerlordModEditor/BannerlordModEditor.Common/BannerlordModEditor.Common.csproj]
     2>/root/WorkSpace/CSharp/BannerlordModEditor/BannerlordModEditor.Common/Models/DO/MpCraftingPiecesDO.cs(195,23): warning CS8618: 在退出构造函数时，不可为 null 的 属性 "Name" 必须包含非 null 值。请考虑添加 "required" 修饰符或将该 属性 声明为可为 null。 [/root/WorkSpace/CSharp/BannerlordModEditor/BannerlordModEditor.Common/BannerlordModEditor.Common.csproj]
     2>/root/WorkSpace/CSharp/BannerlordModEditor/BannerlordModEditor.Common/Models/DO/MpCraftingPiecesDO.cs(198,23): warning CS8618: 在退出构造函数时，不可为 null 的 属性 "Type" 必须包含非 null 值。请考虑添加 "required" 修饰符或将该 属性 声明为可为 null。 [/root/WorkSpace/CSharp/BannerlordModEditor/BannerlordModEditor.Common/BannerlordModEditor.Common.csproj]
     2>/root/WorkSpace/CSharp/BannerlordModEditor/BannerlordModEditor.Common/Models/Data/BannerIconsModel.cs(11,23): warning CS8618: 在退出构造函数时，不可为 null 的 属性 "Type" 必须包含非 null 值。请考虑添加 "required" 修饰符或将该 属性 声明为可为 null。 [/root/WorkSpace/CSharp/BannerlordModEditor/BannerlordModEditor.Common/BannerlordModEditor.Common.csproj]
     2>/root/WorkSpace/CSharp/BannerlordModEditor/BannerlordModEditor.Common/Models/Data/BannerIconsModel.cs(14,31): warning CS8618: 在退出构造函数时，不可为 null 的 属性 "BannerIconData" 必须包含非 null 值。请考虑添加 "required" 修饰符或将该 属性 声明为可为 null。 [/root/WorkSpace/CSharp/BannerlordModEditor/BannerlordModEditor.Common/BannerlordModEditor.Common.csproj]
     2>/root/WorkSpace/CSharp/BannerlordModEditor/BannerlordModEditor.Common/Models/Data/BannerIconsModel.cs(19,16): warning CS8618: 在退出构造函数时，不可为 null 的 属性 "BannerColors" 必须包含非 null 值。请考虑添加 "required" 修饰符或将该 属性 声明为可为 null。 [/root/WorkSpace/CSharp/BannerlordModEditor/BannerlordModEditor.Common/BannerlordModEditor.Common.csproj]
     2>/root/WorkSpace/CSharp/BannerlordModEditor/BannerlordModEditor.Common/Models/Data/AttributesDataModel.cs(19,23): warning CS8618: 在退出构造函数时，不可为 null 的 属性 "Id" 必须包含非 null 值。请考虑添加 "required" 修饰符或将该 属性 声明为可为 null。 [/root/WorkSpace/CSharp/BannerlordModEditor/BannerlordModEditor.Common/BannerlordModEditor.Common.csproj]
     2>/root/WorkSpace/CSharp/BannerlordModEditor/BannerlordModEditor.Common/Models/Data/AttributesDataModel.cs(24,23): warning CS8618: 在退出构造函数时，不可为 null 的 属性 "Name" 必须包含非 null 值。请考虑添加 "required" 修饰符或将该 属性 声明为可为 null。 [/root/WorkSpace/CSharp/BannerlordModEditor/BannerlordModEditor.Common/BannerlordModEditor.Common.csproj]
     2>/root/WorkSpace/CSharp/BannerlordModEditor/BannerlordModEditor.Common/Models/Data/AttributesDataModel.cs(29,23): warning CS8618: 在退出构造函数时，不可为 null 的 属性 "Source" 必须包含非 null 值。请考虑添加 "required" 修饰符或将该 属性 声明为可为 null。 [/root/WorkSpace/CSharp/BannerlordModEditor/BannerlordModEditor.Common/BannerlordModEditor.Common.csproj]
     2>/root/WorkSpace/CSharp/BannerlordModEditor/BannerlordModEditor.Common/Models/Data/AttributesDataModel.cs(34,23): warning CS8618: 在退出构造函数时，不可为 null 的 属性 "Documentation" 必须包含非 null 值。请考虑添加 "required" 修饰符或将该 属性 声明为可为 null。 [/root/WorkSpace/CSharp/BannerlordModEditor/BannerlordModEditor.Common/BannerlordModEditor.Common.csproj]
     2>/root/WorkSpace/CSharp/BannerlordModEditor/BannerlordModEditor.Common/Models/Data/BannerIconsModel.cs(39,23): warning CS8618: 在退出构造函数时，不可为 null 的 属性 "Name" 必须包含非 null 值。请考虑添加 "required" 修饰符或将该 属性 声明为可为 null。 [/root/WorkSpace/CSharp/BannerlordModEditor/BannerlordModEditor.Common/BannerlordModEditor.Common.csproj]
     2>/root/WorkSpace/CSharp/BannerlordModEditor/BannerlordModEditor.Common/Models/Data/BannerIconsModel.cs(57,23): warning CS8618: 在退出构造函数时，不可为 null 的 属性 "MeshName" 必须包含非 null 值。请考虑添加 "required" 修饰符或将该 属性 声明为可为 null。 [/root/WorkSpace/CSharp/BannerlordModEditor/BannerlordModEditor.Common/BannerlordModEditor.Common.csproj]
     2>/root/WorkSpace/CSharp/BannerlordModEditor/BannerlordModEditor.Common/Models/Data/BannerIconsModel.cs(71,23): warning CS8618: 在退出构造函数时，不可为 null 的 属性 "MaterialName" 必须包含非 null 值。请考虑添加 "required" 修饰符或将该 属性 声明为可为 null。 [/root/WorkSpace/CSharp/BannerlordModEditor/BannerlordModEditor.Common/BannerlordModEditor.Common.csproj]
     2>/root/WorkSpace/CSharp/BannerlordModEditor/BannerlordModEditor.Common/Mappers/MPClassDivisionsMapper.cs(133,36): warning CS8603: 可能返回 null 引用。 [/root/WorkSpace/CSharp/BannerlordModEditor/BannerlordModEditor.Common/BannerlordModEditor.Common.csproj]
     2>/root/WorkSpace/CSharp/BannerlordModEditor/BannerlordModEditor.Common/Models/DO/MpCraftingPiecesDO.cs(119,23): warning CS8618: 在退出构造函数时，不可为 null 的 属性 "StackAmount" 必须包含非 null 值。请考虑添加 "required" 修饰符或将该 属性 声明为可为 null。 [/root/WorkSpace/CSharp/BannerlordModEditor/BannerlordModEditor.Common/BannerlordModEditor.Common.csproj]
     2>/root/WorkSpace/CSharp/BannerlordModEditor/BannerlordModEditor.Common/Models/DO/MpCraftingPiecesDO.cs(122,23): warning CS8618: 在退出构造函数时，不可为 null 的 属性 "BladeLength" 必须包含非 null 值。请考虑添加 "required" 修饰符或将该 属性 声明为可为 null。 [/root/WorkSpace/CSharp/BannerlordModEditor/BannerlordModEditor.Common/BannerlordModEditor.Common.csproj]
     2>/root/WorkSpace/CSharp/BannerlordModEditor/BannerlordModEditor.Common/Models/DO/MpCraftingPiecesDO.cs(125,23): warning CS8618: 在退出构造函数时，不可为 null 的 属性 "BladeWidth" 必须包含非 null 值。请考虑添加 "required" 修饰符或将该 属性 声明为可为 null。 [/root/WorkSpace/CSharp/BannerlordModEditor/BannerlordModEditor.Common/BannerlordModEditor.Common.csproj]
     2>/root/WorkSpace/CSharp/BannerlordModEditor/BannerlordModEditor.Common/Models/DO/MpCraftingPiecesDO.cs(128,23): warning CS8618: 在退出构造函数时，不可为 null 的 属性 "PhysicsMaterial" 必须包含非 null 值。请考虑添加 "required" 修饰符或将该 属性 声明为可为 null。 [/root/WorkSpace/CSharp/BannerlordModEditor/BannerlordModEditor.Common/BannerlordModEditor.Common.csproj]
     2>/root/WorkSpace/CSharp/BannerlordModEditor/BannerlordModEditor.Common/Models/DO/MpCraftingPiecesDO.cs(131,23): warning CS8618: 在退出构造函数时，不可为 null 的 属性 "BodyName" 必须包含非 null 值。请考虑添加 "required" 修饰符或将该 属性 声明为可为 null。 [/root/WorkSpace/CSharp/BannerlordModEditor/BannerlordModEditor.Common/BannerlordModEditor.Common.csproj]
     2>/root/WorkSpace/CSharp/BannerlordModEditor/BannerlordModEditor.Common/Models/DO/MpCraftingPiecesDO.cs(134,23): warning CS8618: 在退出构造函数时，不可为 null 的 属性 "HolsterMesh" 必须包含非 null 值。请考虑添加 "required" 修饰符或将该 属性 声明为可为 null。 [/root/WorkSpace/CSharp/BannerlordModEditor/BannerlordModEditor.Common/BannerlordModEditor.Common.csproj]
     2>/root/WorkSpace/CSharp/BannerlordModEditor/BannerlordModEditor.Common/Models/DO/MpCraftingPiecesDO.cs(137,23): warning CS8618: 在退出构造函数时，不可为 null 的 属性 "HolsterMeshLength" 必须包含非 null 值。请考虑添加 "required" 修饰符或将该 属性 声明为可为 null。 [/root/WorkSpace/CSharp/BannerlordModEditor/BannerlordModEditor.Common/BannerlordModEditor.Common.csproj]
     2>/root/WorkSpace/CSharp/BannerlordModEditor/BannerlordModEditor.Common/Models/DO/MpCraftingPiecesDO.cs(140,23): warning CS8618: 在退出构造函数时，不可为 null 的 属性 "HolsterBodyName" 必须包含非 null 值。请考虑添加 "required" 修饰符或将该 属性 声明为可为 null。 [/root/WorkSpace/CSharp/BannerlordModEditor/BannerlordModEditor.Common/BannerlordModEditor.Common.csproj]
     2>/root/WorkSpace/CSharp/BannerlordModEditor/BannerlordModEditor.Common/Models/DO/MpCraftingPiecesDO.cs(143,27): warning CS8618: 在退出构造函数时，不可为 null 的 属性 "Thrust" 必须包含非 null 值。请考虑添加 "required" 修饰符或将该 属性 声明为可为 null。 [/root/WorkSpace/CSharp/BannerlordModEditor/BannerlordModEditor.Common/BannerlordModEditor.Common.csproj]
     2>/root/WorkSpace/CSharp/BannerlordModEditor/BannerlordModEditor.Common/Models/DO/MpCraftingPiecesDO.cs(146,26): warning CS8618: 在退出构造函数时，不可为 null 的 属性 "Swing" 必须包含非 null 值。请考虑添加 "required" 修饰符或将该 属性 声明为可为 null。 [/root/WorkSpace/CSharp/BannerlordModEditor/BannerlordModEditor.Common/BannerlordModEditor.Common.csproj]
     2>/root/WorkSpace/CSharp/BannerlordModEditor/BannerlordModEditor.Common/Models/Data/BannerIconsModel.cs(94,23): warning CS8618: 在退出构造函数时，不可为 null 的 属性 "Hex" 必须包含非 null 值。请考虑添加 "required" 修饰符或将该 属性 声明为可为 null。 [/root/WorkSpace/CSharp/BannerlordModEditor/BannerlordModEditor.Common/BannerlordModEditor.Common.csproj]
     2>/root/WorkSpace/CSharp/BannerlordModEditor/BannerlordModEditor.Common/Models/Data/BeforeTransparentsGraph.cs(11,23): warning CS8618: 在退出构造函数时，不可为 null 的 属性 "Type" 必须包含非 null 值。请考虑添加 "required" 修饰符或将该 属性 声明为可为 null。 [/root/WorkSpace/CSharp/BannerlordModEditor/BannerlordModEditor.Common/BannerlordModEditor.Common.csproj]
     2>/root/WorkSpace/CSharp/BannerlordModEditor/BannerlordModEditor.Common/Models/Data/BeforeTransparentsGraph.cs(14,29): warning CS8618: 在退出构造函数时，不可为 null 的 属性 "PostfxGraphs" 必须包含非 null 值。请考虑添加 "required" 修饰符或将该 属性 声明为可为 null。 [/root/WorkSpace/CSharp/BannerlordModEditor/BannerlordModEditor.Common/BannerlordModEditor.Common.csproj]
     2>/root/WorkSpace/CSharp/BannerlordModEditor/BannerlordModEditor.Common/Mappers/MPClassDivisionsMapper.cs(157,36): warning CS8603: 可能返回 null 引用。 [/root/WorkSpace/CSharp/BannerlordModEditor/BannerlordModEditor.Common/BannerlordModEditor.Common.csproj]
     2>/root/WorkSpace/CSharp/BannerlordModEditor/BannerlordModEditor.Common/Models/Data/BeforeTransparentsGraph.cs(23,34): warning CS8618: 在退出构造函数时，不可为 null 的 属性 "PostfxGraphList" 必须包含非 null 值。请考虑添加 "required" 修饰符或将该 属性 声明为可为 null。 [/root/WorkSpace/CSharp/BannerlordModEditor/BannerlordModEditor.Common/BannerlordModEditor.Common.csproj]
     2>/root/WorkSpace/CSharp/BannerlordModEditor/BannerlordModEditor.Common/Models/Data/BeforeTransparentsGraph.cs(31,23): warning CS8618: 在退出构造函数时，不可为 null 的 属性 "Id" 必须包含非 null 值。请考虑添加 "required" 修饰符或将该 属性 声明为可为 null。 [/root/WorkSpace/CSharp/BannerlordModEditor/BannerlordModEditor.Common/BannerlordModEditor.Common.csproj]
     2>/root/WorkSpace/CSharp/BannerlordModEditor/BannerlordModEditor.Common/Models/Data/BeforeTransparentsGraph.cs(34,33): warning CS8618: 在退出构造函数时，不可为 null 的 属性 "PostfxNodes" 必须包含非 null 值。请考虑添加 "required" 修饰符或将该 属性 声明为可为 null。 [/root/WorkSpace/CSharp/BannerlordModEditor/BannerlordModEditor.Common/BannerlordModEditor.Common.csproj]
     2>/root/WorkSpace/CSharp/BannerlordModEditor/BannerlordModEditor.Common/Models/Data/BeforeTransparentsGraph.cs(87,23): warning CS8618: 在退出构造函数时，不可为 null 的 属性 "Index" 必须包含非 null 值。请考虑添加 "required" 修饰符或将该 属性 声明为可为 null。 [/root/WorkSpace/CSharp/BannerlordModEditor/BannerlordModEditor.Common/BannerlordModEditor.Common.csproj]
     2>/root/WorkSpace/CSharp/BannerlordModEditor/BannerlordModEditor.Common/Models/Data/BeforeTransparentsGraph.cs(90,23): warning CS8618: 在退出构造函数时，不可为 null 的 属性 "Type" 必须包含非 null 值。请考虑添加 "required" 修饰符或将该 属性 声明为可为 null。 [/root/WorkSpace/CSharp/BannerlordModEditor/BannerlordModEditor.Common/BannerlordModEditor.Common.csproj]
     2>/root/WorkSpace/CSharp/BannerlordModEditor/BannerlordModEditor.Common/Models/Data/BeforeTransparentsGraph.cs(93,23): warning CS8618: 在退出构造函数时，不可为 null 的 属性 "Source" 必须包含非 null 值。请考虑添加 "required" 修饰符或将该 属性 声明为可为 null。 [/root/WorkSpace/CSharp/BannerlordModEditor/BannerlordModEditor.Common/BannerlordModEditor.Common.csproj]
     2>/root/WorkSpace/CSharp/BannerlordModEditor/BannerlordModEditor.Common/Mappers/MPClassDivisionsMapper.cs(171,36): warning CS8603: 可能返回 null 引用。 [/root/WorkSpace/CSharp/BannerlordModEditor/BannerlordModEditor.Common/BannerlordModEditor.Common.csproj]
     2>/root/WorkSpace/CSharp/BannerlordModEditor/BannerlordModEditor.Common/Models/Data/BeforeTransparentsGraph.cs(103,23): warning CS8618: 在退出构造函数时，不可为 null 的 属性 "Index" 必须包含非 null 值。请考虑添加 "required" 修饰符或将该 属性 声明为可为 null。 [/root/WorkSpace/CSharp/BannerlordModEditor/BannerlordModEditor.Common/BannerlordModEditor.Common.csproj]
     2>/root/WorkSpace/CSharp/BannerlordModEditor/BannerlordModEditor.Common/Models/Data/BeforeTransparentsGraph.cs(106,23): warning CS8618: 在退出构造函数时，不可为 null 的 属性 "Type" 必须包含非 null 值。请考虑添加 "required" 修饰符或将该 属性 声明为可为 null。 [/root/WorkSpace/CSharp/BannerlordModEditor/BannerlordModEditor.Common/BannerlordModEditor.Common.csproj]
     2>/root/WorkSpace/CSharp/BannerlordModEditor/BannerlordModEditor.Common/Models/Data/BeforeTransparentsGraph.cs(109,23): warning CS8618: 在退出构造函数时，不可为 null 的 属性 "Name" 必须包含非 null 值。请考虑添加 "required" 修饰符或将该 属性 声明为可为 null。 [/root/WorkSpace/CSharp/BannerlordModEditor/BannerlordModEditor.Common/BannerlordModEditor.Common.csproj]
     2>/root/WorkSpace/CSharp/BannerlordModEditor/BannerlordModEditor.Common/Models/DO/MpCraftingPiecesDO.cs(19,23): warning CS8618: 在退出构造函数时，不可为 null 的 属性 "Id" 必须包含非 null 值。请考虑添加 "required" 修饰符或将该 属性 声明为可为 null。 [/root/WorkSpace/CSharp/BannerlordModEditor/BannerlordModEditor.Common/BannerlordModEditor.Common.csproj]
     2>/root/WorkSpace/CSharp/BannerlordModEditor/BannerlordModEditor.Common/Models/DO/MpCraftingPiecesDO.cs(22,23): warning CS8618: 在退出构造函数时，不可为 null 的 属性 "Name" 必须包含非 null 值。请考虑添加 "required" 修饰符或将该 属性 声明为可为 null。 [/root/WorkSpace/CSharp/BannerlordModEditor/BannerlordModEditor.Common/BannerlordModEditor.Common.csproj]
     2>/root/WorkSpace/CSharp/BannerlordModEditor/BannerlordModEditor.Common/Models/DO/MpCraftingPiecesDO.cs(25,23): warning CS8618: 在退出构造函数时，不可为 null 的 属性 "Tier" 必须包含非 null 值。请考虑添加 "required" 修饰符或将该 属性 声明为可为 null。 [/root/WorkSpace/CSharp/BannerlordModEditor/BannerlordModEditor.Common/BannerlordModEditor.Common.csproj]
     2>/root/WorkSpace/CSharp/BannerlordModEditor/BannerlordModEditor.Common/Models/DO/MpCraftingPiecesDO.cs(28,23): warning CS8618: 在退出构造函数时，不可为 null 的 属性 "PieceType" 必须包含非 null 值。请考虑添加 "required" 修饰符或将该 属性 声明为可为 null。 [/root/WorkSpace/CSharp/BannerlordModEditor/BannerlordModEditor.Common/BannerlordModEditor.Common.csproj]
     2>/root/WorkSpace/CSharp/BannerlordModEditor/BannerlordModEditor.Common/Models/DO/MpCraftingPiecesDO.cs(31,23): warning CS8618: 在退出构造函数时，不可为 null 的 属性 "Mesh" 必须包含非 null 值。请考虑添加 "required" 修饰符或将该 属性 声明为可为 null。 [/root/WorkSpace/CSharp/BannerlordModEditor/BannerlordModEditor.Common/BannerlordModEditor.Common.csproj]
     2>/root/WorkSpace/CSharp/BannerlordModEditor/BannerlordModEditor.Common/Models/DO/MpCraftingPiecesDO.cs(34,23): warning CS8618: 在退出构造函数时，不可为 null 的 属性 "DistanceToNextPiece" 必须包含非 null 值。请考虑添加 "required" 修饰符或将该 属性 声明为可为 null。 [/root/WorkSpace/CSharp/BannerlordModEditor/BannerlordModEditor.Common/BannerlordModEditor.Common.csproj]
     2>/root/WorkSpace/CSharp/BannerlordModEditor/BannerlordModEditor.Common/Models/DO/MpCraftingPiecesDO.cs(37,23): warning CS8618: 在退出构造函数时，不可为 null 的 属性 "DistanceToPreviousPiece" 必须包含非 null 值。请考虑添加 "required" 修饰符或将该 属性 声明为可为 null。 [/root/WorkSpace/CSharp/BannerlordModEditor/BannerlordModEditor.Common/BannerlordModEditor.Common.csproj]
     2>/root/WorkSpace/CSharp/BannerlordModEditor/BannerlordModEditor.Common/Models/DO/MpCraftingPiecesDO.cs(40,23): warning CS8618: 在退出构造函数时，不可为 null 的 属性 "Weight" 必须包含非 null 值。请考虑添加 "required" 修饰符或将该 属性 声明为可为 null。 [/root/WorkSpace/CSharp/BannerlordModEditor/BannerlordModEditor.Common/BannerlordModEditor.Common.csproj]
     2>/root/WorkSpace/CSharp/BannerlordModEditor/BannerlordModEditor.Common/Models/DO/MpCraftingPiecesDO.cs(43,23): warning CS8618: 在退出构造函数时，不可为 null 的 属性 "ExcludedItemUsageFeatures" 必须包含非 null 值。请考虑添加 "required" 修饰符或将该 属性 声明为可为 null。 [/root/WorkSpace/CSharp/BannerlordModEditor/BannerlordModEditor.Common/BannerlordModEditor.Common.csproj]
     2>/root/WorkSpace/CSharp/BannerlordModEditor/BannerlordModEditor.Common/Models/DO/MpCraftingPiecesDO.cs(46,23): warning CS8618: 在退出构造函数时，不可为 null 的 属性 "Length" 必须包含非 null 值。请考虑添加 "required" 修饰符或将该 属性 声明为可为 null。 [/root/WorkSpace/CSharp/BannerlordModEditor/BannerlordModEditor.Common/BannerlordModEditor.Common.csproj]
     2>/root/WorkSpace/CSharp/BannerlordModEditor/BannerlordModEditor.Common/Models/DO/MpCraftingPiecesDO.cs(49,23): warning CS8618: 在退出构造函数时，不可为 null 的 属性 "FullScale" 必须包含非 null 值。请考虑添加 "required" 修饰符或将该 属性 声明为可为 null。 [/root/WorkSpace/CSharp/BannerlordModEditor/BannerlordModEditor.Common/BannerlordModEditor.Common.csproj]
     2>/root/WorkSpace/CSharp/BannerlordModEditor/BannerlordModEditor.Common/Models/DO/MpCraftingPiecesDO.cs(52,23): warning CS8618: 在退出构造函数时，不可为 null 的 属性 "Culture" 必须包含非 null 值。请考虑添加 "required" 修饰符或将该 属性 声明为可为 null。 [/root/WorkSpace/CSharp/BannerlordModEditor/BannerlordModEditor.Common/BannerlordModEditor.Common.csproj]
     2>/root/WorkSpace/CSharp/BannerlordModEditor/BannerlordModEditor.Common/Models/DO/MpCraftingPiecesDO.cs(55,23): warning CS8618: 在退出构造函数时，不可为 null 的 属性 "Scale" 必须包含非 null 值。请考虑添加 "required" 修饰符或将该 属性 声明为可为 null。 [/root/WorkSpace/CSharp/BannerlordModEditor/BannerlordModEditor.Common/BannerlordModEditor.Common.csproj]
     2>/root/WorkSpace/CSharp/BannerlordModEditor/BannerlordModEditor.Common/Models/DO/MpCraftingPiecesDO.cs(58,23): warning CS8618: 在退出构造函数时，不可为 null 的 属性 "IsCraftable" 必须包含非 null 值。请考虑添加 "required" 修饰符或将该 属性 声明为可为 null。 [/root/WorkSpace/CSharp/BannerlordModEditor/BannerlordModEditor.Common/BannerlordModEditor.Common.csproj]
     2>/root/WorkSpace/CSharp/BannerlordModEditor/BannerlordModEditor.Common/Models/DO/MpCraftingPiecesDO.cs(61,23): warning CS8618: 在退出构造函数时，不可为 null 的 属性 "ItemHolsterPosShift" 必须包含非 null 值。请考虑添加 "required" 修饰符或将该 属性 声明为可为 null。 [/root/WorkSpace/CSharp/BannerlordModEditor/BannerlordModEditor.Common/BannerlordModEditor.Common.csproj]
     2>/root/WorkSpace/CSharp/BannerlordModEditor/BannerlordModEditor.Common/Models/DO/MpCraftingPiecesDO.cs(64,23): warning CS8618: 在退出构造函数时，不可为 null 的 属性 "CraftingCost" 必须包含非 null 值。请考虑添加 "required" 修饰符或将该 属性 声明为可为 null。 [/root/WorkSpace/CSharp/BannerlordModEditor/BannerlordModEditor.Common/BannerlordModEditor.Common.csproj]
     2>/root/WorkSpace/CSharp/BannerlordModEditor/BannerlordModEditor.Common/Models/DO/MpCraftingPiecesDO.cs(67,30): warning CS8618: 在退出构造函数时，不可为 null 的 属性 "BuildData" 必须包含非 null 值。请考虑添加 "required" 修饰符或将该 属性 声明为可为 null。 [/root/WorkSpace/CSharp/BannerlordModEditor/BannerlordModEditor.Common/BannerlordModEditor.Common.csproj]
     2>/root/WorkSpace/CSharp/BannerlordModEditor/BannerlordModEditor.Common/Models/DO/MpCraftingPiecesDO.cs(70,30): warning CS8618: 在退出构造函数时，不可为 null 的 属性 "BladeData" 必须包含非 null 值。请考虑添加 "required" 修饰符或将该 属性 声明为可为 null。 [/root/WorkSpace/CSharp/BannerlordModEditor/BannerlordModEditor.Common/BannerlordModEditor.Common.csproj]
     2>/root/WorkSpace/CSharp/BannerlordModEditor/BannerlordModEditor.Common/Models/DO/MpCraftingPiecesDO.cs(73,34): warning CS8618: 在退出构造函数时，不可为 null 的 属性 "Flags" 必须包含非 null 值。请考虑添加 "required" 修饰符或将该 属性 声明为可为 null。 [/root/WorkSpace/CSharp/BannerlordModEditor/BannerlordModEditor.Common/BannerlordModEditor.Common.csproj]
     2>/root/WorkSpace/CSharp/BannerlordModEditor/BannerlordModEditor.Common/Models/DO/MpCraftingPiecesDO.cs(76,38): warning CS8618: 在退出构造函数时，不可为 null 的 属性 "Materials" 必须包含非 null 值。请考虑添加 "required" 修饰符或将该 属性 声明为可为 null。 [/root/WorkSpace/CSharp/BannerlordModEditor/BannerlordModEditor.Common/BannerlordModEditor.Common.csproj]
     2>/root/WorkSpace/CSharp/BannerlordModEditor/BannerlordModEditor.Common/Models/Data/BeforeTransparentsGraph.cs(127,23): warning CS8618: 在退出构造函数时，不可为 null 的 属性 "Name" 必须包含非 null 值。请考虑添加 "required" 修饰符或将该 属性 声明为可为 null。 [/root/WorkSpace/CSharp/BannerlordModEditor/BannerlordModEditor.Common/BannerlordModEditor.Common.csproj]
     2>/root/WorkSpace/CSharp/BannerlordModEditor/BannerlordModEditor.Common/Models/Data/BeforeTransparentsGraph.cs(119,39): warning CS8618: 在退出构造函数时，不可为 null 的 属性 "Configs" 必须包含非 null 值。请考虑添加 "required" 修饰符或将该 属性 声明为可为 null。 [/root/WorkSpace/CSharp/BannerlordModEditor/BannerlordModEditor.Common/BannerlordModEditor.Common.csproj]
     2>/root/WorkSpace/CSharp/BannerlordModEditor/BannerlordModEditor.Common/Models/Data/AdjustablesDataModel.cs(19,23): warning CS8618: 在退出构造函数时，不可为 null 的 属性 "Name" 必须包含非 null 值。请考虑添加 "required" 修饰符或将该 属性 声明为可为 null。 [/root/WorkSpace/CSharp/BannerlordModEditor/BannerlordModEditor.Common/BannerlordModEditor.Common.csproj]
     2>/root/WorkSpace/CSharp/BannerlordModEditor/BannerlordModEditor.Common/Models/Data/AdjustablesDataModel.cs(22,23): warning CS8618: 在退出构造函数时，不可为 null 的 属性 "Value" 必须包含非 null 值。请考虑添加 "required" 修饰符或将该 属性 声明为可为 null。 [/root/WorkSpace/CSharp/BannerlordModEditor/BannerlordModEditor.Common/BannerlordModEditor.Common.csproj]
     2>/root/WorkSpace/CSharp/BannerlordModEditor/BannerlordModEditor.Common/Mappers/MpItemsMapper.cs(81,40): warning CS8603: 可能返回 null 引用。 [/root/WorkSpace/CSharp/BannerlordModEditor/BannerlordModEditor.Common/BannerlordModEditor.Common.csproj]
     2>/root/WorkSpace/CSharp/BannerlordModEditor/BannerlordModEditor.Common/Mappers/MPClassDivisionsMapper.cs(185,36): warning CS8603: 可能返回 null 引用。 [/root/WorkSpace/CSharp/BannerlordModEditor/BannerlordModEditor.Common/BannerlordModEditor.Common.csproj]
     2>/root/WorkSpace/CSharp/BannerlordModEditor/BannerlordModEditor.Common/Models/Data/BeforeTransparentsGraph.cs(43,23): warning CS8618: 在退出构造函数时，不可为 null 的 属性 "Id" 必须包含非 null 值。请考虑添加 "required" 修饰符或将该 属性 声明为可为 null。 [/root/WorkSpace/CSharp/BannerlordModEditor/BannerlordModEditor.Common/BannerlordModEditor.Common.csproj]
     2>/root/WorkSpace/CSharp/BannerlordModEditor/BannerlordModEditor.Common/Models/Data/BeforeTransparentsGraph.cs(46,23): warning CS8618: 在退出构造函数时，不可为 null 的 属性 "Class" 必须包含非 null 值。请考虑添加 "required" 修饰符或将该 属性 声明为可为 null。 [/root/WorkSpace/CSharp/BannerlordModEditor/BannerlordModEditor.Common/BannerlordModEditor.Common.csproj]
     2>/root/WorkSpace/CSharp/BannerlordModEditor/BannerlordModEditor.Common/Models/Data/BeforeTransparentsGraph.cs(49,23): warning CS8618: 在退出构造函数时，不可为 null 的 属性 "Shader" 必须包含非 null 值。请考虑添加 "required" 修饰符或将该 属性 声明为可为 null。 [/root/WorkSpace/CSharp/BannerlordModEditor/BannerlordModEditor.Common/BannerlordModEditor.Common.csproj]
     2>/root/WorkSpace/CSharp/BannerlordModEditor/BannerlordModEditor.Common/Models/Data/BeforeTransparentsGraph.cs(52,23): warning CS8618: 在退出构造函数时，不可为 null 的 属性 "Format" 必须包含非 null 值。请考虑添加 "required" 修饰符或将该 属性 声明为可为 null。 [/root/WorkSpace/CSharp/BannerlordModEditor/BannerlordModEditor.Common/BannerlordModEditor.Common.csproj]
     2>/root/WorkSpace/CSharp/BannerlordModEditor/BannerlordModEditor.Common/Models/Data/BeforeTransparentsGraph.cs(55,23): warning CS8618: 在退出构造函数时，不可为 null 的 属性 "Size" 必须包含非 null 值。请考虑添加 "required" 修饰符或将该 属性 声明为可为 null。 [/root/WorkSpace/CSharp/BannerlordModEditor/BannerlordModEditor.Common/BannerlordModEditor.Common.csproj]
     2>/root/WorkSpace/CSharp/BannerlordModEditor/BannerlordModEditor.Common/Models/Data/BeforeTransparentsGraph.cs(58,23): warning CS8618: 在退出构造函数时，不可为 null 的 属性 "Width" 必须包含非 null 值。请考虑添加 "required" 修饰符或将该 属性 声明为可为 null。 [/root/WorkSpace/CSharp/BannerlordModEditor/BannerlordModEditor.Common/BannerlordModEditor.Common.csproj]
     2>/root/WorkSpace/CSharp/BannerlordModEditor/BannerlordModEditor.Common/Models/Data/BeforeTransparentsGraph.cs(61,23): warning CS8618: 在退出构造函数时，不可为 null 的 属性 "Height" 必须包含非 null 值。请考虑添加 "required" 修饰符或将该 属性 声明为可为 null。 [/root/WorkSpace/CSharp/BannerlordModEditor/BannerlordModEditor.Common/BannerlordModEditor.Common.csproj]
     2>/root/WorkSpace/CSharp/BannerlordModEditor/BannerlordModEditor.Common/Models/Data/BeforeTransparentsGraph.cs(64,39): warning CS8618: 在退出构造函数时，不可为 null 的 属性 "Outputs" 必须包含非 null 值。请考虑添加 "required" 修饰符或将该 属性 声明为可为 null。 [/root/WorkSpace/CSharp/BannerlordModEditor/BannerlordModEditor.Common/BannerlordModEditor.Common.csproj]
     2>/root/WorkSpace/CSharp/BannerlordModEditor/BannerlordModEditor.Common/Models/Data/BeforeTransparentsGraph.cs(67,38): warning CS8618: 在退出构造函数时，不可为 null 的 属性 "Inputs" 必须包含非 null 值。请考虑添加 "required" 修饰符或将该 属性 声明为可为 null。 [/root/WorkSpace/CSharp/BannerlordModEditor/BannerlordModEditor.Common/BannerlordModEditor.Common.csproj]
     2>/root/WorkSpace/CSharp/BannerlordModEditor/BannerlordModEditor.Common/Models/Data/BeforeTransparentsGraph.cs(70,40): warning CS8618: 在退出构造函数时，不可为 null 的 属性 "Preconditions" 必须包含非 null 值。请考虑添加 "required" 修饰符或将该 属性 声明为可为 null。 [/root/WorkSpace/CSharp/BannerlordModEditor/BannerlordModEditor.Common/BannerlordModEditor.Common.csproj]
     2>/root/WorkSpace/CSharp/BannerlordModEditor/BannerlordModEditor.Common/Models/Data/ClothBodiesModel.cs(71,23): warning CS8618: 在退出构造函数时，不可为 null 的 属性 "Radius" 必须包含非 null 值。请考虑添加 "required" 修饰符或将该 属性 声明为可为 null。 [/root/WorkSpace/CSharp/BannerlordModEditor/BannerlordModEditor.Common/BannerlordModEditor.Common.csproj]
     2>/root/WorkSpace/CSharp/BannerlordModEditor/BannerlordModEditor.Common/Models/Data/ClothBodiesModel.cs(74,27): warning CS8618: 在退出构造函数时，不可为 null 的 属性 "Bones" 必须包含非 null 值。请考虑添加 "required" 修饰符或将该 属性 声明为可为 null。 [/root/WorkSpace/CSharp/BannerlordModEditor/BannerlordModEditor.Common/BannerlordModEditor.Common.csproj]
     2>/root/WorkSpace/CSharp/BannerlordModEditor/BannerlordModEditor.Common/Models/Data/ClothBodiesModel.cs(90,23): warning CS8618: 在退出构造函数时，不可为 null 的 属性 "Name" 必须包含非 null 值。请考虑添加 "required" 修饰符或将该 属性 声明为可为 null。 [/root/WorkSpace/CSharp/BannerlordModEditor/BannerlordModEditor.Common/BannerlordModEditor.Common.csproj]
     2>/root/WorkSpace/CSharp/BannerlordModEditor/BannerlordModEditor.Common/Models/Data/ClothBodiesModel.cs(93,23): warning CS8618: 在退出构造函数时，不可为 null 的 属性 "Weight" 必须包含非 null 值。请考虑添加 "required" 修饰符或将该 属性 声明为可为 null。 [/root/WorkSpace/CSharp/BannerlordModEditor/BannerlordModEditor.Common/BannerlordModEditor.Common.csproj]
     2>/root/WorkSpace/CSharp/BannerlordModEditor/BannerlordModEditor.Common/Models/Data/ClothBodiesModel.cs(19,23): warning CS8618: 在退出构造函数时，不可为 null 的 属性 "Name" 必须包含非 null 值。请考虑添加 "required" 修饰符或将该 属性 声明为可为 null。 [/root/WorkSpace/CSharp/BannerlordModEditor/BannerlordModEditor.Common/BannerlordModEditor.Common.csproj]
     2>/root/WorkSpace/CSharp/BannerlordModEditor/BannerlordModEditor.Common/Models/Data/ClothBodiesModel.cs(22,23): warning CS8618: 在退出构造函数时，不可为 null 的 属性 "OwnerSkeleton" 必须包含非 null 值。请考虑添加 "required" 修饰符或将该 属性 声明为可为 null。 [/root/WorkSpace/CSharp/BannerlordModEditor/BannerlordModEditor.Common/BannerlordModEditor.Common.csproj]
     2>/root/WorkSpace/CSharp/BannerlordModEditor/BannerlordModEditor.Common/Models/Data/ClothBodiesModel.cs(27,30): warning CS8618: 在退出构造函数时，不可为 null 的 属性 "Capsules" 必须包含非 null 值。请考虑添加 "required" 修饰符或将该 属性 声明为可为 null。 [/root/WorkSpace/CSharp/BannerlordModEditor/BannerlordModEditor.Common/BannerlordModEditor.Common.csproj]
     2>/root/WorkSpace/CSharp/BannerlordModEditor/BannerlordModEditor.Common/Mappers/MpItemsMapper.cs(91,40): warning CS8603: 可能返回 null 引用。 [/root/WorkSpace/CSharp/BannerlordModEditor/BannerlordModEditor.Common/BannerlordModEditor.Common.csproj]
     2>/root/WorkSpace/CSharp/BannerlordModEditor/BannerlordModEditor.Common/Models/Data/ClothMaterials.cs(11,31): warning CS8618: 在退出构造函数时，不可为 null 的 属性 "Materials" 必须包含非 null 值。请考虑添加 "required" 修饰符或将该 属性 声明为可为 null。 [/root/WorkSpace/CSharp/BannerlordModEditor/BannerlordModEditor.Common/BannerlordModEditor.Common.csproj]
     2>/root/WorkSpace/CSharp/BannerlordModEditor/BannerlordModEditor.Common/Models/Data/ClothMaterials.cs(19,36): warning CS8618: 在退出构造函数时，不可为 null 的 属性 "MaterialList" 必须包含非 null 值。请考虑添加 "required" 修饰符或将该 属性 声明为可为 null。 [/root/WorkSpace/CSharp/BannerlordModEditor/BannerlordModEditor.Common/BannerlordModEditor.Common.csproj]
     2>/root/WorkSpace/CSharp/BannerlordModEditor/BannerlordModEditor.Common/Models/Data/ClothMaterials.cs(27,23): warning CS8618: 在退出构造函数时，不可为 null 的 属性 "Name" 必须包含非 null 值。请考虑添加 "required" 修饰符或将该 属性 声明为可为 null。 [/root/WorkSpace/CSharp/BannerlordModEditor/BannerlordModEditor.Common/BannerlordModEditor.Common.csproj]
     2>/root/WorkSpace/CSharp/BannerlordModEditor/BannerlordModEditor.Common/Models/Data/ClothMaterials.cs(30,40): warning CS8618: 在退出构造函数时，不可为 null 的 属性 "Simulation" 必须包含非 null 值。请考虑添加 "required" 修饰符或将该 属性 声明为可为 null。 [/root/WorkSpace/CSharp/BannerlordModEditor/BannerlordModEditor.Common/BannerlordModEditor.Common.csproj]
     2>/root/WorkSpace/CSharp/BannerlordModEditor/BannerlordModEditor.Common/Models/Data/CollisionInfosModel.cs(23,40): warning CS8618: 在退出构造函数时，不可为 null 的 属性 "Materials" 必须包含非 null 值。请考虑添加 "required" 修饰符或将该 属性 声明为可为 null。 [/root/WorkSpace/CSharp/BannerlordModEditor/BannerlordModEditor.Common/BannerlordModEditor.Common.csproj]
     2>/root/WorkSpace/CSharp/BannerlordModEditor/BannerlordModEditor.Common/Models/Data/CollisionInfosModel.cs(43,23): warning CS8618: 在退出构造函数时，不可为 null 的 属性 "SecondMaterial" 必须包含非 null 值。请考虑添加 "required" 修饰符或将该 属性 声明为可为 null。 [/root/WorkSpace/CSharp/BannerlordModEditor/BannerlordModEditor.Common/BannerlordModEditor.Common.csproj]
     2>/root/WorkSpace/CSharp/BannerlordModEditor/BannerlordModEditor.Common/Models/Data/CollisionInfosModel.cs(46,32): warning CS8618: 在退出构造函数时，不可为 null 的 属性 "CollisionEffect" 必须包含非 null 值。请考虑添加 "required" 修饰符或将该 属性 声明为可为 null。 [/root/WorkSpace/CSharp/BannerlordModEditor/BannerlordModEditor.Common/BannerlordModEditor.Common.csproj]
     2>/root/WorkSpace/CSharp/BannerlordModEditor/BannerlordModEditor.Common/Models/Data/CollisionInfosModel.cs(55,23): warning CS8618: 在退出构造函数时，不可为 null 的 属性 "Particle" 必须包含非 null 值。请考虑添加 "required" 修饰符或将该 属性 声明为可为 null。 [/root/WorkSpace/CSharp/BannerlordModEditor/BannerlordModEditor.Common/BannerlordModEditor.Common.csproj]
     2>/root/WorkSpace/CSharp/BannerlordModEditor/BannerlordModEditor.Common/Models/Data/CollisionInfosModel.cs(58,23): warning CS8618: 在退出构造函数时，不可为 null 的 属性 "Decal" 必须包含非 null 值。请考虑添加 "required" 修饰符或将该 属性 声明为可为 null。 [/root/WorkSpace/CSharp/BannerlordModEditor/BannerlordModEditor.Common/BannerlordModEditor.Common.csproj]
     2>/root/WorkSpace/CSharp/BannerlordModEditor/BannerlordModEditor.Common/Models/Data/CollisionInfosModel.cs(11,23): warning CS8618: 在退出构造函数时，不可为 null 的 属性 "Type" 必须包含非 null 值。请考虑添加 "required" 修饰符或将该 属性 声明为可为 null。 [/root/WorkSpace/CSharp/BannerlordModEditor/BannerlordModEditor.Common/BannerlordModEditor.Common.csproj]
     2>/root/WorkSpace/CSharp/BannerlordModEditor/BannerlordModEditor.Common/Models/Data/CollisionInfosModel.cs(14,31): warning CS8618: 在退出构造函数时，不可为 null 的 属性 "CollisionInfos" 必须包含非 null 值。请考虑添加 "required" 修饰符或将该 属性 声明为可为 null。 [/root/WorkSpace/CSharp/BannerlordModEditor/BannerlordModEditor.Common/BannerlordModEditor.Common.csproj]
     2>/root/WorkSpace/CSharp/BannerlordModEditor/BannerlordModEditor.Common/Mappers/MPClassDivisionsMapper.cs(199,36): warning CS8603: 可能返回 null 引用。 [/root/WorkSpace/CSharp/BannerlordModEditor/BannerlordModEditor.Common/BannerlordModEditor.Common.csproj]
     2>/root/WorkSpace/CSharp/BannerlordModEditor/BannerlordModEditor.Common/Models/Data/CollisionInfosModel.cs(31,23): warning CS8618: 在退出构造函数时，不可为 null 的 属性 "Id" 必须包含非 null 值。请考虑添加 "required" 修饰符或将该 属性 声明为可为 null。 [/root/WorkSpace/CSharp/BannerlordModEditor/BannerlordModEditor.Common/BannerlordModEditor.Common.csproj]
     2>/root/WorkSpace/CSharp/BannerlordModEditor/BannerlordModEditor.Common/Models/Data/CollisionInfosModel.cs(34,36): warning CS8618: 在退出构造函数时，不可为 null 的 属性 "CollisionInfos" 必须包含非 null 值。请考虑添加 "required" 修饰符或将该 属性 声明为可为 null。 [/root/WorkSpace/CSharp/BannerlordModEditor/BannerlordModEditor.Common/BannerlordModEditor.Common.csproj]
     2>/root/WorkSpace/CSharp/BannerlordModEditor/BannerlordModEditor.Common/Models/Data/CombatParameters.cs(11,23): warning CS8618: 在退出构造函数时，不可为 null 的 属性 "Type" 必须包含非 null 值。请考虑添加 "required" 修饰符或将该 属性 声明为可为 null。 [/root/WorkSpace/CSharp/BannerlordModEditor/BannerlordModEditor.Common/BannerlordModEditor.Common.csproj]
     2>/root/WorkSpace/CSharp/BannerlordModEditor/BannerlordModEditor.Common/Models/Data/CombatParameters.cs(14,28): warning CS8618: 在退出构造函数时，不可为 null 的 属性 "Definitions" 必须包含非 null 值。请考虑添加 "required" 修饰符或将该 属性 声明为可为 null。 [/root/WorkSpace/CSharp/BannerlordModEditor/BannerlordModEditor.Common/BannerlordModEditor.Common.csproj]
     2>/root/WorkSpace/CSharp/BannerlordModEditor/BannerlordModEditor.Common/Models/Data/CombatParameters.cs(18,42): warning CS8618: 在退出构造函数时，不可为 null 的 属性 "CombatParametersList" 必须包含非 null 值。请考虑添加 "required" 修饰符或将该 属性 声明为可为 null。 [/root/WorkSpace/CSharp/BannerlordModEditor/BannerlordModEditor.Common/BannerlordModEditor.Common.csproj]
     2>/root/WorkSpace/CSharp/BannerlordModEditor/BannerlordModEditor.Common/Mappers/MPClassDivisionsMapper.cs(213,36): warning CS8603: 可能返回 null 引用。 [/root/WorkSpace/CSharp/BannerlordModEditor/BannerlordModEditor.Common/BannerlordModEditor.Common.csproj]
     2>/root/WorkSpace/CSharp/BannerlordModEditor/BannerlordModEditor.Common/Models/Data/CombatParameters.cs(27,26): warning CS8618: 在退出构造函数时，不可为 null 的 属性 "Defs" 必须包含非 null 值。请考虑添加 "required" 修饰符或将该 属性 声明为可为 null。 [/root/WorkSpace/CSharp/BannerlordModEditor/BannerlordModEditor.Common/BannerlordModEditor.Common.csproj]
     2>/root/WorkSpace/CSharp/BannerlordModEditor/BannerlordModEditor.Common/Models/Data/CombatParameters.cs(34,23): warning CS8618: 在退出构造函数时，不可为 null 的 属性 "Name" 必须包含非 null 值。请考虑添加 "required" 修饰符或将该 属性 声明为可为 null。 [/root/WorkSpace/CSharp/BannerlordModEditor/BannerlordModEditor.Common/BannerlordModEditor.Common.csproj]
     2>/root/WorkSpace/CSharp/BannerlordModEditor/BannerlordModEditor.Common/Models/Data/CombatParameters.cs(37,23): warning CS8618: 在退出构造函数时，不可为 null 的 属性 "Value" 必须包含非 null 值。请考虑添加 "required" 修饰符或将该 属性 声明为可为 null。 [/root/WorkSpace/CSharp/BannerlordModEditor/BannerlordModEditor.Common/BannerlordModEditor.Common.csproj]
     2>/root/WorkSpace/CSharp/BannerlordModEditor/BannerlordModEditor.Common/Models/Data/CombatParameters.cs(133,23): warning CS8618: 在退出构造函数时，不可为 null 的 属性 "P1" 必须包含非 null 值。请考虑添加 "required" 修饰符或将该 属性 声明为可为 null。 [/root/WorkSpace/CSharp/BannerlordModEditor/BannerlordModEditor.Common/BannerlordModEditor.Common.csproj]
     2>/root/WorkSpace/CSharp/BannerlordModEditor/BannerlordModEditor.Common/Models/Data/CombatParameters.cs(136,23): warning CS8618: 在退出构造函数时，不可为 null 的 属性 "P2" 必须包含非 null 值。请考虑添加 "required" 修饰符或将该 属性 声明为可为 null。 [/root/WorkSpace/CSharp/BannerlordModEditor/BannerlordModEditor.Common/BannerlordModEditor.Common.csproj]
     2>/root/WorkSpace/CSharp/BannerlordModEditor/BannerlordModEditor.Common/Models/Data/CombatParameters.cs(139,23): warning CS8618: 在退出构造函数时，不可为 null 的 属性 "R" 必须包含非 null 值。请考虑添加 "required" 修饰符或将该 属性 声明为可为 null。 [/root/WorkSpace/CSharp/BannerlordModEditor/BannerlordModEditor.Common/BannerlordModEditor.Common.csproj]
     2>/root/WorkSpace/CSharp/BannerlordModEditor/BannerlordModEditor.Common/Mappers/MpItemsMapper.cs(103,40): warning CS8603: 可能返回 null 引用。 [/root/WorkSpace/CSharp/BannerlordModEditor/BannerlordModEditor.Common/BannerlordModEditor.Common.csproj]
     2>/root/WorkSpace/CSharp/BannerlordModEditor/BannerlordModEditor.Common/Models/Data/CombatParametersModel.cs(27,32): warning CS8618: 在退出构造函数时，不可为 null 的 属性 "Defs" 必须包含非 null 值。请考虑添加 "required" 修饰符或将该 属性 声明为可为 null。 [/root/WorkSpace/CSharp/BannerlordModEditor/BannerlordModEditor.Common/BannerlordModEditor.Common.csproj]
     2>/root/WorkSpace/CSharp/BannerlordModEditor/BannerlordModEditor.Common/Mappers/MPClassDivisionsMapper.cs(224,36): warning CS8603: 可能返回 null 引用。 [/root/WorkSpace/CSharp/BannerlordModEditor/BannerlordModEditor.Common/BannerlordModEditor.Common.csproj]
     2>/root/WorkSpace/CSharp/BannerlordModEditor/BannerlordModEditor.Common/Models/Data/CombatParametersModel.cs(47,43): warning CS8618: 在退出构造函数时，不可为 null 的 属性 "Parameters" 必须包含非 null 值。请考虑添加 "required" 修饰符或将该 属性 声明为可为 null。 [/root/WorkSpace/CSharp/BannerlordModEditor/BannerlordModEditor.Common/BannerlordModEditor.Common.csproj]
     2>/root/WorkSpace/CSharp/BannerlordModEditor/BannerlordModEditor.Common/Models/Data/CombatParametersModel.cs(11,23): warning CS8618: 在退出构造函数时，不可为 null 的 属性 "Type" 必须包含非 null 值。请考虑添加 "required" 修饰符或将该 属性 声明为可为 null。 [/root/WorkSpace/CSharp/BannerlordModEditor/BannerlordModEditor.Common/BannerlordModEditor.Common.csproj]
     2>/root/WorkSpace/CSharp/BannerlordModEditor/BannerlordModEditor.Common/Models/Data/CombatParametersModel.cs(14,34): warning CS8618: 在退出构造函数时，不可为 null 的 属性 "Definitions" 必须包含非 null 值。请考虑添加 "required" 修饰符或将该 属性 声明为可为 null。 [/root/WorkSpace/CSharp/BannerlordModEditor/BannerlordModEditor.Common/BannerlordModEditor.Common.csproj]
     2>/root/WorkSpace/CSharp/BannerlordModEditor/BannerlordModEditor.Common/Models/Data/CombatParametersModel.cs(17,42): warning CS8618: 在退出构造函数时，不可为 null 的 属性 "CombatParameters" 必须包含非 null 值。请考虑添加 "required" 修饰符或将该 属性 声明为可为 null。 [/root/WorkSpace/CSharp/BannerlordModEditor/BannerlordModEditor.Common/BannerlordModEditor.Common.csproj]
     2>/root/WorkSpace/CSharp/BannerlordModEditor/BannerlordModEditor.Common/Models/Data/CombatParametersModel.cs(35,23): warning CS8618: 在退出构造函数时，不可为 null 的 属性 "Name" 必须包含非 null 值。请考虑添加 "required" 修饰符或将该 属性 声明为可为 null。 [/root/WorkSpace/CSharp/BannerlordModEditor/BannerlordModEditor.Common/BannerlordModEditor.Common.csproj]
     2>/root/WorkSpace/CSharp/BannerlordModEditor/BannerlordModEditor.Common/Models/Data/CombatParametersModel.cs(38,23): warning CS8618: 在退出构造函数时，不可为 null 的 属性 "Value" 必须包含非 null 值。请考虑添加 "required" 修饰符或将该 属性 声明为可为 null。 [/root/WorkSpace/CSharp/BannerlordModEditor/BannerlordModEditor.Common/BannerlordModEditor.Common.csproj]
     2>/root/WorkSpace/CSharp/BannerlordModEditor/BannerlordModEditor.Common/Models/Data/CombatParametersModel.cs(147,23): warning CS8618: 在退出构造函数时，不可为 null 的 属性 "P1" 必须包含非 null 值。请考虑添加 "required" 修饰符或将该 属性 声明为可为 null。 [/root/WorkSpace/CSharp/BannerlordModEditor/BannerlordModEditor.Common/BannerlordModEditor.Common.csproj]
     2>/root/WorkSpace/CSharp/BannerlordModEditor/BannerlordModEditor.Common/Models/Data/CombatParametersModel.cs(150,23): warning CS8618: 在退出构造函数时，不可为 null 的 属性 "P2" 必须包含非 null 值。请考虑添加 "required" 修饰符或将该 属性 声明为可为 null。 [/root/WorkSpace/CSharp/BannerlordModEditor/BannerlordModEditor.Common/BannerlordModEditor.Common.csproj]
     2>/root/WorkSpace/CSharp/BannerlordModEditor/BannerlordModEditor.Common/Models/Data/CombatParametersModel.cs(153,23): warning CS8618: 在退出构造函数时，不可为 null 的 属性 "R" 必须包含非 null 值。请考虑添加 "required" 修饰符或将该 属性 声明为可为 null。 [/root/WorkSpace/CSharp/BannerlordModEditor/BannerlordModEditor.Common/BannerlordModEditor.Common.csproj]
     2>/root/WorkSpace/CSharp/BannerlordModEditor/BannerlordModEditor.Common/Models/Data/ClothBodiesModel.cs(43,23): warning CS8618: 在退出构造函数时，不可为 null 的 属性 "Name" 必须包含非 null 值。请考虑添加 "required" 修饰符或将该 属性 声明为可为 null。 [/root/WorkSpace/CSharp/BannerlordModEditor/BannerlordModEditor.Common/BannerlordModEditor.Common.csproj]
     2>/root/WorkSpace/CSharp/BannerlordModEditor/BannerlordModEditor.Common/Models/Data/ClothBodiesModel.cs(46,23): warning CS8618: 在退出构造函数时，不可为 null 的 属性 "Length" 必须包含非 null 值。请考虑添加 "required" 修饰符或将该 属性 声明为可为 null。 [/root/WorkSpace/CSharp/BannerlordModEditor/BannerlordModEditor.Common/BannerlordModEditor.Common.csproj]
     2>/root/WorkSpace/CSharp/BannerlordModEditor/BannerlordModEditor.Common/Models/Data/ClothBodiesModel.cs(49,23): warning CS8618: 在退出构造函数时，不可为 null 的 属性 "Origin" 必须包含非 null 值。请考虑添加 "required" 修饰符或将该 属性 声明为可为 null。 [/root/WorkSpace/CSharp/BannerlordModEditor/BannerlordModEditor.Common/BannerlordModEditor.Common.csproj]
     2>/root/WorkSpace/CSharp/BannerlordModEditor/BannerlordModEditor.Common/Models/Data/ClothBodiesModel.cs(52,23): warning CS8618: 在退出构造函数时，不可为 null 的 属性 "Frame" 必须包含非 null 值。请考虑添加 "required" 修饰符或将该 属性 声明为可为 null。 [/root/WorkSpace/CSharp/BannerlordModEditor/BannerlordModEditor.Common/BannerlordModEditor.Common.csproj]
     2>/root/WorkSpace/CSharp/BannerlordModEditor/BannerlordModEditor.Common/Models/Data/ClothBodiesModel.cs(55,28): warning CS8618: 在退出构造函数时，不可为 null 的 属性 "Points" 必须包含非 null 值。请考虑添加 "required" 修饰符或将该 属性 声明为可为 null。 [/root/WorkSpace/CSharp/BannerlordModEditor/BannerlordModEditor.Common/BannerlordModEditor.Common.csproj]
     2>/root/WorkSpace/CSharp/BannerlordModEditor/BannerlordModEditor.Common/Mappers/MPClassDivisionsMapper.cs(235,36): warning CS8603: 可能返回 null 引用。 [/root/WorkSpace/CSharp/BannerlordModEditor/BannerlordModEditor.Common/BannerlordModEditor.Common.csproj]
     2>/root/WorkSpace/CSharp/BannerlordModEditor/BannerlordModEditor.Common/Mappers/MpItemsMapper.cs(120,40): warning CS8603: 可能返回 null 引用。 [/root/WorkSpace/CSharp/BannerlordModEditor/BannerlordModEditor.Common/BannerlordModEditor.Common.csproj]
     2>/root/WorkSpace/CSharp/BannerlordModEditor/BannerlordModEditor.Common/Models/Data/CraftingPieces.cs(154,23): warning CS8618: 在退出构造函数时，不可为 null 的 属性 "Id" 必须包含非 null 值。请考虑添加 "required" 修饰符或将该 属性 声明为可为 null。 [/root/WorkSpace/CSharp/BannerlordModEditor/BannerlordModEditor.Common/BannerlordModEditor.Common.csproj]
     2>/root/WorkSpace/CSharp/BannerlordModEditor/BannerlordModEditor.Common/Models/Data/CraftingPieces.cs(157,23): warning CS8618: 在退出构造函数时，不可为 null 的 属性 "Count" 必须包含非 null 值。请考虑添加 "required" 修饰符或将该 属性 声明为可为 null。 [/root/WorkSpace/CSharp/BannerlordModEditor/BannerlordModEditor.Common/BannerlordModEditor.Common.csproj]
     2>/root/WorkSpace/CSharp/BannerlordModEditor/BannerlordModEditor.Common/Models/Data/CraftingPieces.cs(161,23): warning CS8618: 在退出构造函数时，不可为 null 的 属性 "MaterialType" 必须包含非 null 值。请考虑添加 "required" 修饰符或将该 属性 声明为可为 null。 [/root/WorkSpace/CSharp/BannerlordModEditor/BannerlordModEditor.Common/BannerlordModEditor.Common.csproj]
     2>/root/WorkSpace/CSharp/BannerlordModEditor/BannerlordModEditor.Common/Models/Data/CraftingPieces.cs(176,23): warning CS8618: 在退出构造函数时，不可为 null 的 属性 "Attribute" 必须包含非 null 值。请考虑添加 "required" 修饰符或将该 属性 声明为可为 null。 [/root/WorkSpace/CSharp/BannerlordModEditor/BannerlordModEditor.Common/BannerlordModEditor.Common.csproj]
     2>/root/WorkSpace/CSharp/BannerlordModEditor/BannerlordModEditor.Common/Models/Data/CraftingPieces.cs(179,23): warning CS8618: 在退出构造函数时，不可为 null 的 属性 "Operation" 必须包含非 null 值。请考虑添加 "required" 修饰符或将该 属性 声明为可为 null。 [/root/WorkSpace/CSharp/BannerlordModEditor/BannerlordModEditor.Common/BannerlordModEditor.Common.csproj]
     2>/root/WorkSpace/CSharp/BannerlordModEditor/BannerlordModEditor.Common/Models/Data/CraftingPieces.cs(182,23): warning CS8618: 在退出构造函数时，不可为 null 的 属性 "Value" 必须包含非 null 值。请考虑添加 "required" 修饰符或将该 属性 声明为可为 null。 [/root/WorkSpace/CSharp/BannerlordModEditor/BannerlordModEditor.Common/BannerlordModEditor.Common.csproj]
     2>/root/WorkSpace/CSharp/BannerlordModEditor/BannerlordModEditor.Common/Models/Data/CraftingPieces.cs(185,23): warning CS8618: 在退出构造函数时，不可为 null 的 属性 "Condition" 必须包含非 null 值。请考虑添加 "required" 修饰符或将该 属性 声明为可为 null。 [/root/WorkSpace/CSharp/BannerlordModEditor/BannerlordModEditor.Common/BannerlordModEditor.Common.csproj]
     2>/root/WorkSpace/CSharp/BannerlordModEditor/BannerlordModEditor.Common/Models/Data/CraftingPieces.cs(217,23): warning CS8618: 在退出构造函数时，不可为 null 的 属性 "Type" 必须包含非 null 值。请考虑添加 "required" 修饰符或将该 属性 声明为可为 null。 [/root/WorkSpace/CSharp/BannerlordModEditor/BannerlordModEditor.Common/BannerlordModEditor.Common.csproj]
     2>/root/WorkSpace/CSharp/BannerlordModEditor/BannerlordModEditor.Common/Models/Data/CraftingPieces.cs(220,23): warning CS8618: 在退出构造函数时，不可为 null 的 属性 "Id" 必须包含非 null 值。请考虑添加 "required" 修饰符或将该 属性 声明为可为 null。 [/root/WorkSpace/CSharp/BannerlordModEditor/BannerlordModEditor.Common/BannerlordModEditor.Common.csproj]
     2>/root/WorkSpace/CSharp/BannerlordModEditor/BannerlordModEditor.Common/Models/Data/CraftingPieces.cs(223,23): warning CS8618: 在退出构造函数时，不可为 null 的 属性 "Level" 必须包含非 null 值。请考虑添加 "required" 修饰符或将该 属性 声明为可为 null。 [/root/WorkSpace/CSharp/BannerlordModEditor/BannerlordModEditor.Common/BannerlordModEditor.Common.csproj]
     2>/root/WorkSpace/CSharp/BannerlordModEditor/BannerlordModEditor.Common/Mappers/MPClassDivisionsMapper.cs(247,36): warning CS8603: 可能返回 null 引用。 [/root/WorkSpace/CSharp/BannerlordModEditor/BannerlordModEditor.Common/BannerlordModEditor.Common.csproj]
     2>/root/WorkSpace/CSharp/BannerlordModEditor/BannerlordModEditor.Common/Models/Data/CraftingTemplates.cs(11,39): warning CS8618: 在退出构造函数时，不可为 null 的 属性 "CraftingTemplateList" 必须包含非 null 值。请考虑添加 "required" 修饰符或将该 属性 声明为可为 null。 [/root/WorkSpace/CSharp/BannerlordModEditor/BannerlordModEditor.Common/BannerlordModEditor.Common.csproj]
     2>/root/WorkSpace/CSharp/BannerlordModEditor/BannerlordModEditor.Common/Mappers/MpItemsMapper.cs(149,40): warning CS8603: 可能返回 null 引用。 [/root/WorkSpace/CSharp/BannerlordModEditor/BannerlordModEditor.Common/BannerlordModEditor.Common.csproj]
     2>/root/WorkSpace/CSharp/BannerlordModEditor/BannerlordModEditor.Common/Mappers/MpItemsMapper.cs(182,37): warning CS8604: “WeaponFlagsDTO MpItemsMapper.ToDTO(WeaponFlagsDO source)”中的形参“source”可能传入 null 引用实参。 [/root/WorkSpace/CSharp/BannerlordModEditor/BannerlordModEditor.Common/BannerlordModEditor.Common.csproj]
     2>/root/WorkSpace/CSharp/BannerlordModEditor/BannerlordModEditor.Common/Mappers/MPClassDivisionsMapper.cs(259,36): warning CS8603: 可能返回 null 引用。 [/root/WorkSpace/CSharp/BannerlordModEditor/BannerlordModEditor.Common/BannerlordModEditor.Common.csproj]
     2>/root/WorkSpace/CSharp/BannerlordModEditor/BannerlordModEditor.Common/Models/Data/CraftingPieces.cs(28,23): warning CS8618: 在退出构造函数时，不可为 null 的 属性 "Id" 必须包含非 null 值。请考虑添加 "required" 修饰符或将该 属性 声明为可为 null。 [/root/WorkSpace/CSharp/BannerlordModEditor/BannerlordModEditor.Common/BannerlordModEditor.Common.csproj]
     2>/root/WorkSpace/CSharp/BannerlordModEditor/BannerlordModEditor.Common/Models/Data/CraftingPieces.cs(31,23): warning CS8618: 在退出构造函数时，不可为 null 的 属性 "Name" 必须包含非 null 值。请考虑添加 "required" 修饰符或将该 属性 声明为可为 null。 [/root/WorkSpace/CSharp/BannerlordModEditor/BannerlordModEditor.Common/BannerlordModEditor.Common.csproj]
     2>/root/WorkSpace/CSharp/BannerlordModEditor/BannerlordModEditor.Common/Models/Data/CraftingPieces.cs(34,23): warning CS8618: 在退出构造函数时，不可为 null 的 属性 "PieceType" 必须包含非 null 值。请考虑添加 "required" 修饰符或将该 属性 声明为可为 null。 [/root/WorkSpace/CSharp/BannerlordModEditor/BannerlordModEditor.Common/BannerlordModEditor.Common.csproj]
     2>/root/WorkSpace/CSharp/BannerlordModEditor/BannerlordModEditor.Common/Models/Data/CraftingPieces.cs(37,23): warning CS8618: 在退出构造函数时，不可为 null 的 属性 "Tier" 必须包含非 null 值。请考虑添加 "required" 修饰符或将该 属性 声明为可为 null。 [/root/WorkSpace/CSharp/BannerlordModEditor/BannerlordModEditor.Common/BannerlordModEditor.Common.csproj]
     2>/root/WorkSpace/CSharp/BannerlordModEditor/BannerlordModEditor.Common/Models/Data/CraftingPieces.cs(40,23): warning CS8618: 在退出构造函数时，不可为 null 的 属性 "PieceTier" 必须包含非 null 值。请考虑添加 "required" 修饰符或将该 属性 声明为可为 null。 [/root/WorkSpace/CSharp/BannerlordModEditor/BannerlordModEditor.Common/BannerlordModEditor.Common.csproj]
     2>/root/WorkSpace/CSharp/BannerlordModEditor/BannerlordModEditor.Common/Models/Data/CraftingPieces.cs(44,23): warning CS8618: 在退出构造函数时，不可为 null 的 属性 "Culture" 必须包含非 null 值。请考虑添加 "required" 修饰符或将该 属性 声明为可为 null。 [/root/WorkSpace/CSharp/BannerlordModEditor/BannerlordModEditor.Common/BannerlordModEditor.Common.csproj]
     2>/root/WorkSpace/CSharp/BannerlordModEditor/BannerlordModEditor.Common/Models/Data/CraftingPieces.cs(47,23): warning CS8618: 在退出构造函数时，不可为 null 的 属性 "Mesh" 必须包含非 null 值。请考虑添加 "required" 修饰符或将该 属性 声明为可为 null。 [/root/WorkSpace/CSharp/BannerlordModEditor/BannerlordModEditor.Common/BannerlordModEditor.Common.csproj]
     2>/root/WorkSpace/CSharp/BannerlordModEditor/BannerlordModEditor.Common/Models/Data/CraftingPieces.cs(50,23): warning CS8618: 在退出构造函数时，不可为 null 的 属性 "PhysicsMaterial" 必须包含非 null 值。请考虑添加 "required" 修饰符或将该 属性 声明为可为 null。 [/root/WorkSpace/CSharp/BannerlordModEditor/BannerlordModEditor.Common/BannerlordModEditor.Common.csproj]
     2>/root/WorkSpace/CSharp/BannerlordModEditor/BannerlordModEditor.Common/Models/Data/CraftingPieces.cs(53,23): warning CS8618: 在退出构造函数时，不可为 null 的 属性 "IsHidden" 必须包含非 null 值。请考虑添加 "required" 修饰符或将该 属性 声明为可为 null。 [/root/WorkSpace/CSharp/BannerlordModEditor/BannerlordModEditor.Common/BannerlordModEditor.Common.csproj]
     2>/root/WorkSpace/CSharp/BannerlordModEditor/BannerlordModEditor.Common/Models/Data/CraftingPieces.cs(56,23): warning CS8618: 在退出构造函数时，不可为 null 的 属性 "ScaleFactor" 必须包含非 null 值。请考虑添加 "required" 修饰符或将该 属性 声明为可为 null。 [/root/WorkSpace/CSharp/BannerlordModEditor/BannerlordModEditor.Common/BannerlordModEditor.Common.csproj]
     2>/root/WorkSpace/CSharp/BannerlordModEditor/BannerlordModEditor.Common/Models/Data/CraftingPieces.cs(60,23): warning CS8618: 在退出构造函数时，不可为 null 的 属性 "CraftingPieceType" 必须包含非 null 值。请考虑添加 "required" 修饰符或将该 属性 声明为可为 null。 [/root/WorkSpace/CSharp/BannerlordModEditor/BannerlordModEditor.Common/BannerlordModEditor.Common.csproj]
     2>/root/WorkSpace/CSharp/BannerlordModEditor/BannerlordModEditor.Common/Models/Data/CraftingPieces.cs(64,34): warning CS8618: 在退出构造函数时，不可为 null 的 属性 "PieceData" 必须包含非 null 值。请考虑添加 "required" 修饰符或将该 属性 声明为可为 null。 [/root/WorkSpace/CSharp/BannerlordModEditor/BannerlordModEditor.Common/BannerlordModEditor.Common.csproj]
     2>/root/WorkSpace/CSharp/BannerlordModEditor/BannerlordModEditor.Common/Models/Data/CraftingPieces.cs(68,26): warning CS8618: 在退出构造函数时，不可为 null 的 属性 "Materials" 必须包含非 null 值。请考虑添加 "required" 修饰符或将该 属性 声明为可为 null。 [/root/WorkSpace/CSharp/BannerlordModEditor/BannerlordModEditor.Common/BannerlordModEditor.Common.csproj]
     2>/root/WorkSpace/CSharp/BannerlordModEditor/BannerlordModEditor.Common/Models/Data/CraftingPieces.cs(72,34): warning CS8618: 在退出构造函数时，不可为 null 的 属性 "Modifiers" 必须包含非 null 值。请考虑添加 "required" 修饰符或将该 属性 声明为可为 null。 [/root/WorkSpace/CSharp/BannerlordModEditor/BannerlordModEditor.Common/BannerlordModEditor.Common.csproj]
     2>/root/WorkSpace/CSharp/BannerlordModEditor/BannerlordModEditor.Common/Models/Data/CraftingPieces.cs(76,22): warning CS8618: 在退出构造函数时，不可为 null 的 属性 "Flags" 必须包含非 null 值。请考虑添加 "required" 修饰符或将该 属性 声明为可为 null。 [/root/WorkSpace/CSharp/BannerlordModEditor/BannerlordModEditor.Common/BannerlordModEditor.Common.csproj]
     2>/root/WorkSpace/CSharp/BannerlordModEditor/BannerlordModEditor.Common/Models/Data/CraftingPieces.cs(80,29): warning CS8618: 在退出构造函数时，不可为 null 的 属性 "Availability" 必须包含非 null 值。请考虑添加 "required" 修饰符或将该 属性 声明为可为 null。 [/root/WorkSpace/CSharp/BannerlordModEditor/BannerlordModEditor.Common/BannerlordModEditor.Common.csproj]
     2>/root/WorkSpace/CSharp/BannerlordModEditor/BannerlordModEditor.Common/Models/Data/CraftingTemplates.cs(66,32): warning CS8618: 在退出构造函数时，不可为 null 的 属性 "PieceDataList" 必须包含非 null 值。请考虑添加 "required" 修饰符或将该 属性 声明为可为 null。 [/root/WorkSpace/CSharp/BannerlordModEditor/BannerlordModEditor.Common/BannerlordModEditor.Common.csproj]
     2>/root/WorkSpace/CSharp/BannerlordModEditor/BannerlordModEditor.Common/Mappers/MPClassDivisionsMapper.cs(270,36): warning CS8603: 可能返回 null 引用。 [/root/WorkSpace/CSharp/BannerlordModEditor/BannerlordModEditor.Common/BannerlordModEditor.Common.csproj]
     2>/root/WorkSpace/CSharp/BannerlordModEditor/BannerlordModEditor.Common/Mappers/MpCraftingPiecesMapper.cs(25,24): warning CS8603: 可能返回 null 引用。 [/root/WorkSpace/CSharp/BannerlordModEditor/BannerlordModEditor.Common/BannerlordModEditor.Common.csproj]
     2>/root/WorkSpace/CSharp/BannerlordModEditor/BannerlordModEditor.Common/Models/Data/CraftingTemplates.cs(89,23): warning CS8618: 在退出构造函数时，不可为 null 的 属性 "Id" 必须包含非 null 值。请考虑添加 "required" 修饰符或将该 属性 声明为可为 null。 [/root/WorkSpace/CSharp/BannerlordModEditor/BannerlordModEditor.Common/BannerlordModEditor.Common.csproj]
     2>/root/WorkSpace/CSharp/BannerlordModEditor/BannerlordModEditor.Common/Models/Data/CraftingTemplates.cs(73,23): warning CS8618: 在退出构造函数时，不可为 null 的 属性 "PieceType" 必须包含非 null 值。请考虑添加 "required" 修饰符或将该 属性 声明为可为 null。 [/root/WorkSpace/CSharp/BannerlordModEditor/BannerlordModEditor.Common/BannerlordModEditor.Common.csproj]
     2>/root/WorkSpace/CSharp/BannerlordModEditor/BannerlordModEditor.Common/Models/Data/CraftingTemplates.cs(76,23): warning CS8618: 在退出构造函数时，不可为 null 的 属性 "BuildOrder" 必须包含非 null 值。请考虑添加 "required" 修饰符或将该 属性 声明为可为 null。 [/root/WorkSpace/CSharp/BannerlordModEditor/BannerlordModEditor.Common/BannerlordModEditor.Common.csproj]
     2>/root/WorkSpace/CSharp/BannerlordModEditor/BannerlordModEditor.Common/Models/Data/CraftingTemplates.cs(82,48): warning CS8618: 在退出构造函数时，不可为 null 的 属性 "WeaponDescriptionList" 必须包含非 null 值。请考虑添加 "required" 修饰符或将该 属性 声明为可为 null。 [/root/WorkSpace/CSharp/BannerlordModEditor/BannerlordModEditor.Common/BannerlordModEditor.Common.csproj]
     2>/root/WorkSpace/CSharp/BannerlordModEditor/BannerlordModEditor.Common/Models/Data/BoneBodyTypes.cs(17,23): warning CS8618: 在退出构造函数时，不可为 null 的 属性 "Type" 必须包含非 null 值。请考虑添加 "required" 修饰符或将该 属性 声明为可为 null。 [/root/WorkSpace/CSharp/BannerlordModEditor/BannerlordModEditor.Common/BannerlordModEditor.Common.csproj]
     2>/root/WorkSpace/CSharp/BannerlordModEditor/BannerlordModEditor.Common/Models/Data/CraftingTemplates.cs(106,23): warning CS8618: 在退出构造函数时，不可为 null 的 属性 "StatType" 必须包含非 null 值。请考虑添加 "required" 修饰符或将该 属性 声明为可为 null。 [/root/WorkSpace/CSharp/BannerlordModEditor/BannerlordModEditor.Common/BannerlordModEditor.Common.csproj]
     2>/root/WorkSpace/CSharp/BannerlordModEditor/BannerlordModEditor.Common/Models/Data/CraftingTemplates.cs(109,23): warning CS8618: 在退出构造函数时，不可为 null 的 属性 "MaxValue" 必须包含非 null 值。请考虑添加 "required" 修饰符或将该 属性 声明为可为 null。 [/root/WorkSpace/CSharp/BannerlordModEditor/BannerlordModEditor.Common/BannerlordModEditor.Common.csproj]
     2>/root/WorkSpace/CSharp/BannerlordModEditor/BannerlordModEditor.Common/Models/Data/CraftingTemplates.cs(19,23): warning CS8618: 在退出构造函数时，不可为 null 的 属性 "Id" 必须包含非 null 值。请考虑添加 "required" 修饰符或将该 属性 声明为可为 null。 [/root/WorkSpace/CSharp/BannerlordModEditor/BannerlordModEditor.Common/BannerlordModEditor.Common.csproj]
     2>/root/WorkSpace/CSharp/BannerlordModEditor/BannerlordModEditor.Common/Models/Data/CraftingTemplates.cs(22,23): warning CS8618: 在退出构造函数时，不可为 null 的 属性 "ItemType" 必须包含非 null 值。请考虑添加 "required" 修饰符或将该 属性 声明为可为 null。 [/root/WorkSpace/CSharp/BannerlordModEditor/BannerlordModEditor.Common/BannerlordModEditor.Common.csproj]
     2>/root/WorkSpace/CSharp/BannerlordModEditor/BannerlordModEditor.Common/Models/Data/CraftingTemplates.cs(25,23): warning CS8618: 在退出构造函数时，不可为 null 的 属性 "ModifierGroup" 必须包含非 null 值。请考虑添加 "required" 修饰符或将该 属性 声明为可为 null。 [/root/WorkSpace/CSharp/BannerlordModEditor/BannerlordModEditor.Common/BannerlordModEditor.Common.csproj]
     2>/root/WorkSpace/CSharp/BannerlordModEditor/BannerlordModEditor.Common/Models/Data/CraftingTemplates.cs(28,23): warning CS8618: 在退出构造函数时，不可为 null 的 属性 "ItemHolsters" 必须包含非 null 值。请考虑添加 "required" 修饰符或将该 属性 声明为可为 null。 [/root/WorkSpace/CSharp/BannerlordModEditor/BannerlordModEditor.Common/BannerlordModEditor.Common.csproj]
     2>/root/WorkSpace/CSharp/BannerlordModEditor/BannerlordModEditor.Common/Models/Data/CraftingTemplates.cs(31,23): warning CS8618: 在退出构造函数时，不可为 null 的 属性 "PieceTypeToScaleHolsterWith" 必须包含非 null 值。请考虑添加 "required" 修饰符或将该 属性 声明为可为 null。 [/root/WorkSpace/CSharp/BannerlordModEditor/BannerlordModEditor.Common/BannerlordModEditor.Common.csproj]
     2>/root/WorkSpace/CSharp/BannerlordModEditor/BannerlordModEditor.Common/Models/Data/CraftingTemplates.cs(34,23): warning CS8618: 在退出构造函数时，不可为 null 的 属性 "HiddenPieceTypesOnHolster" 必须包含非 null 值。请考虑添加 "required" 修饰符或将该 属性 声明为可为 null。 [/root/WorkSpace/CSharp/BannerlordModEditor/BannerlordModEditor.Common/BannerlordModEditor.Common.csproj]
     2>/root/WorkSpace/CSharp/BannerlordModEditor/BannerlordModEditor.Common/Models/Data/CraftingTemplates.cs(37,23): warning CS8618: 在退出构造函数时，不可为 null 的 属性 "DefaultItemHolsterPositionOffset" 必须包含非 null 值。请考虑添加 "required" 修饰符或将该 属性 声明为可为 null。 [/root/WorkSpace/CSharp/BannerlordModEditor/BannerlordModEditor.Common/BannerlordModEditor.Common.csproj]
     2>/root/WorkSpace/CSharp/BannerlordModEditor/BannerlordModEditor.Common/Models/Data/CraftingTemplates.cs(40,23): warning CS8618: 在退出构造函数时，不可为 null 的 属性 "AlwaysShowHolsterWithWeapon" 必须包含非 null 值。请考虑添加 "required" 修饰符或将该 属性 声明为可为 null。 [/root/WorkSpace/CSharp/BannerlordModEditor/BannerlordModEditor.Common/BannerlordModEditor.Common.csproj]
     2>/root/WorkSpace/CSharp/BannerlordModEditor/BannerlordModEditor.Common/Models/Data/CraftingTemplates.cs(43,23): warning CS8618: 在退出构造函数时，不可为 null 的 属性 "UseWeaponAsHolsterMesh" 必须包含非 null 值。请考虑添加 "required" 修饰符或将该 属性 声明为可为 null。 [/root/WorkSpace/CSharp/BannerlordModEditor/BannerlordModEditor.Common/BannerlordModEditor.Common.csproj]
     2>/root/WorkSpace/CSharp/BannerlordModEditor/BannerlordModEditor.Common/Models/Data/CraftingTemplates.cs(46,27): warning CS8618: 在退出构造函数时，不可为 null 的 属性 "PieceDatas" 必须包含非 null 值。请考虑添加 "required" 修饰符或将该 属性 声明为可为 null。 [/root/WorkSpace/CSharp/BannerlordModEditor/BannerlordModEditor.Common/BannerlordModEditor.Common.csproj]
     2>/root/WorkSpace/CSharp/BannerlordModEditor/BannerlordModEditor.Common/Models/Data/CraftingTemplates.cs(49,43): warning CS8618: 在退出构造函数时，不可为 null 的 属性 "WeaponDescriptions" 必须包含非 null 值。请考虑添加 "required" 修饰符或将该 属性 声明为可为 null。 [/root/WorkSpace/CSharp/BannerlordModEditor/BannerlordModEditor.Common/BannerlordModEditor.Common.csproj]
     2>/root/WorkSpace/CSharp/BannerlordModEditor/BannerlordModEditor.Common/Models/Data/CraftingTemplates.cs(52,32): warning CS8618: 在退出构造函数时，不可为 null 的 属性 "StatsDataList" 必须包含非 null 值。请考虑添加 "required" 修饰符或将该 属性 声明为可为 null。 [/root/WorkSpace/CSharp/BannerlordModEditor/BannerlordModEditor.Common/BannerlordModEditor.Common.csproj]
     2>/root/WorkSpace/CSharp/BannerlordModEditor/BannerlordModEditor.Common/Models/Data/CraftingTemplates.cs(55,29): warning CS8618: 在退出构造函数时，不可为 null 的 属性 "UsablePieces" 必须包含非 null 值。请考虑添加 "required" 修饰符或将该 属性 声明为可为 null。 [/root/WorkSpace/CSharp/BannerlordModEditor/BannerlordModEditor.Common/BannerlordModEditor.Common.csproj]
     2>/root/WorkSpace/CSharp/BannerlordModEditor/BannerlordModEditor.Common/Models/Data/CraftingTemplates.cs(115,34): warning CS8618: 在退出构造函数时，不可为 null 的 属性 "UsablePieceList" 必须包含非 null 值。请考虑添加 "required" 修饰符或将该 属性 声明为可为 null。 [/root/WorkSpace/CSharp/BannerlordModEditor/BannerlordModEditor.Common/BannerlordModEditor.Common.csproj]
     2>/root/WorkSpace/CSharp/BannerlordModEditor/BannerlordModEditor.Common/Models/Data/CraftingTemplates.cs(122,23): warning CS8618: 在退出构造函数时，不可为 null 的 属性 "PieceId" 必须包含非 null 值。请考虑添加 "required" 修饰符或将该 属性 声明为可为 null。 [/root/WorkSpace/CSharp/BannerlordModEditor/BannerlordModEditor.Common/BannerlordModEditor.Common.csproj]
     2>/root/WorkSpace/CSharp/BannerlordModEditor/BannerlordModEditor.Common/Models/Data/CraftingTemplates.cs(125,23): warning CS8618: 在退出构造函数时，不可为 null 的 属性 "MpPiece" 必须包含非 null 值。请考虑添加 "required" 修饰符或将该 属性 声明为可为 null。 [/root/WorkSpace/CSharp/BannerlordModEditor/BannerlordModEditor.Common/BannerlordModEditor.Common.csproj]
     2>/root/WorkSpace/CSharp/BannerlordModEditor/BannerlordModEditor.Common/Models/Data/CombatParametersModel.cs(55,23): warning CS8618: 在退出构造函数时，不可为 null 的 属性 "Id" 必须包含非 null 值。请考虑添加 "required" 修饰符或将该 属性 声明为可为 null。 [/root/WorkSpace/CSharp/BannerlordModEditor/BannerlordModEditor.Common/BannerlordModEditor.Common.csproj]
     2>/root/WorkSpace/CSharp/BannerlordModEditor/BannerlordModEditor.Common/Models/Data/CombatParametersModel.cs(58,23): warning CS8618: 在退出构造函数时，不可为 null 的 属性 "WeaponOffset" 必须包含非 null 值。请考虑添加 "required" 修饰符或将该 属性 声明为可为 null。 [/root/WorkSpace/CSharp/BannerlordModEditor/BannerlordModEditor.Common/BannerlordModEditor.Common.csproj]
     2>/root/WorkSpace/CSharp/BannerlordModEditor/BannerlordModEditor.Common/Models/Data/CombatParametersModel.cs(61,23): warning CS8618: 在退出构造函数时，不可为 null 的 属性 "VerticalRotLimitMultiplierUp" 必须包含非 null 值。请考虑添加 "required" 修饰符或将该 属性 声明为可为 null。 [/root/WorkSpace/CSharp/BannerlordModEditor/BannerlordModEditor.Common/BannerlordModEditor.Common.csproj]
     2>/root/WorkSpace/CSharp/BannerlordModEditor/BannerlordModEditor.Common/Models/Data/CombatParametersModel.cs(64,23): warning CS8618: 在退出构造函数时，不可为 null 的 属性 "VerticalRotLimitMultiplierDown" 必须包含非 null 值。请考虑添加 "required" 修饰符或将该 属性 声明为可为 null。 [/root/WorkSpace/CSharp/BannerlordModEditor/BannerlordModEditor.Common/BannerlordModEditor.Common.csproj]
     2>/root/WorkSpace/CSharp/BannerlordModEditor/BannerlordModEditor.Common/Models/Data/CombatParametersModel.cs(67,23): warning CS8618: 在退出构造函数时，不可为 null 的 属性 "LeftRiderRotLimit" 必须包含非 null 值。请考虑添加 "required" 修饰符或将该 属性 声明为可为 null。 [/root/WorkSpace/CSharp/BannerlordModEditor/BannerlordModEditor.Common/BannerlordModEditor.Common.csproj]
     2>/root/WorkSpace/CSharp/BannerlordModEditor/BannerlordModEditor.Common/Models/Data/CombatParametersModel.cs(70,23): warning CS8618: 在退出构造函数时，不可为 null 的 属性 "RightRiderRotLimit" 必须包含非 null 值。请考虑添加 "required" 修饰符或将该 属性 声明为可为 null。 [/root/WorkSpace/CSharp/BannerlordModEditor/BannerlordModEditor.Common/BannerlordModEditor.Common.csproj]
     2>/root/WorkSpace/CSharp/BannerlordModEditor/BannerlordModEditor.Common/Models/Data/CombatParametersModel.cs(73,23): warning CS8618: 在退出构造函数时，不可为 null 的 属性 "LeftRiderMinRotLimit" 必须包含非 null 值。请考虑添加 "required" 修饰符或将该 属性 声明为可为 null。 [/root/WorkSpace/CSharp/BannerlordModEditor/BannerlordModEditor.Common/BannerlordModEditor.Common.csproj]
     2>/root/WorkSpace/CSharp/BannerlordModEditor/BannerlordModEditor.Common/Models/Data/CombatParametersModel.cs(76,23): warning CS8618: 在退出构造函数时，不可为 null 的 属性 "RightRiderMinRotLimit" 必须包含非 null 值。请考虑添加 "required" 修饰符或将该 属性 声明为可为 null。 [/root/WorkSpace/CSharp/BannerlordModEditor/BannerlordModEditor.Common/BannerlordModEditor.Common.csproj]
     2>/root/WorkSpace/CSharp/BannerlordModEditor/BannerlordModEditor.Common/Models/Data/CombatParametersModel.cs(79,23): warning CS8618: 在退出构造函数时，不可为 null 的 属性 "RiderLookDownLimit" 必须包含非 null 值。请考虑添加 "required" 修饰符或将该 属性 声明为可为 null。 [/root/WorkSpace/CSharp/BannerlordModEditor/BannerlordModEditor.Common/BannerlordModEditor.Common.csproj]
     2>/root/WorkSpace/CSharp/BannerlordModEditor/BannerlordModEditor.Common/Models/Data/CombatParametersModel.cs(82,23): warning CS8618: 在退出构造函数时，不可为 null 的 属性 "LeftLadderRotLimit" 必须包含非 null 值。请考虑添加 "required" 修饰符或将该 属性 声明为可为 null。 [/root/WorkSpace/CSharp/BannerlordModEditor/BannerlordModEditor.Common/BannerlordModEditor.Common.csproj]
     2>/root/WorkSpace/CSharp/BannerlordModEditor/BannerlordModEditor.Common/Models/Data/CombatParametersModel.cs(85,23): warning CS8618: 在退出构造函数时，不可为 null 的 属性 "RightLadderRotLimit" 必须包含非 null 值。请考虑添加 "required" 修饰符或将该 属性 声明为可为 null。 [/root/WorkSpace/CSharp/BannerlordModEditor/BannerlordModEditor.Common/BannerlordModEditor.Common.csproj]
     2>/root/WorkSpace/CSharp/BannerlordModEditor/BannerlordModEditor.Common/Models/Data/CombatParametersModel.cs(88,23): warning CS8618: 在退出构造函数时，不可为 null 的 属性 "CollisionCheckStartingPercent" 必须包含非 null 值。请考虑添加 "required" 修饰符或将该 属性 声明为可为 null。 [/root/WorkSpace/CSharp/BannerlordModEditor/BannerlordModEditor.Common/BannerlordModEditor.Common.csproj]
     2>/root/WorkSpace/CSharp/BannerlordModEditor/BannerlordModEditor.Common/Models/Data/CombatParametersModel.cs(91,23): warning CS8618: 在退出构造函数时，不可为 null 的 属性 "CollisionCheckEndingPercent" 必须包含非 null 值。请考虑添加 "required" 修饰符或将该 属性 声明为可为 null。 [/root/WorkSpace/CSharp/BannerlordModEditor/BannerlordModEditor.Common/BannerlordModEditor.Common.csproj]
     2>/root/WorkSpace/CSharp/BannerlordModEditor/BannerlordModEditor.Common/Models/Data/CombatParametersModel.cs(94,23): warning CS8618: 在退出构造函数时，不可为 null 的 属性 "CollisionDamageStartingPercent" 必须包含非 null 值。请考虑添加 "required" 修饰符或将该 属性 声明为可为 null。 [/root/WorkSpace/CSharp/BannerlordModEditor/BannerlordModEditor.Common/BannerlordModEditor.Common.csproj]
     2>/root/WorkSpace/CSharp/BannerlordModEditor/BannerlordModEditor.Common/Models/Data/CombatParametersModel.cs(97,23): warning CS8618: 在退出构造函数时，不可为 null 的 属性 "CollisionRadius" 必须包含非 null 值。请考虑添加 "required" 修饰符或将该 属性 声明为可为 null。 [/root/WorkSpace/CSharp/BannerlordModEditor/BannerlordModEditor.Common/BannerlordModEditor.Common.csproj]
     2>/root/WorkSpace/CSharp/BannerlordModEditor/BannerlordModEditor.Common/Models/Data/CombatParametersModel.cs(100,23): warning CS8618: 在退出构造函数时，不可为 null 的 属性 "AlternativeAttackCooldownPeriod" 必须包含非 null 值。请考虑添加 "required" 修饰符或将该 属性 声明为可为 null。 [/root/WorkSpace/CSharp/BannerlordModEditor/BannerlordModEditor.Common/BannerlordModEditor.Common.csproj]
     2>/root/WorkSpace/CSharp/BannerlordModEditor/BannerlordModEditor.Common/Models/Data/CombatParametersModel.cs(103,23): warning CS8618: 在退出构造函数时，不可为 null 的 属性 "HitBoneIndex" 必须包含非 null 值。请考虑添加 "required" 修饰符或将该 属性 声明为可为 null。 [/root/WorkSpace/CSharp/BannerlordModEditor/BannerlordModEditor.Common/BannerlordModEditor.Common.csproj]
     2>/root/WorkSpace/CSharp/BannerlordModEditor/BannerlordModEditor.Common/Models/Data/CombatParametersModel.cs(106,23): warning CS8618: 在退出构造函数时，不可为 null 的 属性 "ShoulderHitBoneIndex" 必须包含非 null 值。请考虑添加 "required" 修饰符或将该 属性 声明为可为 null。 [/root/WorkSpace/CSharp/BannerlordModEditor/BannerlordModEditor.Common/BannerlordModEditor.Common.csproj]
     2>/root/WorkSpace/CSharp/BannerlordModEditor/BannerlordModEditor.Common/Models/Data/CombatParametersModel.cs(109,23): warning CS8618: 在退出构造函数时，不可为 null 的 属性 "LookSlopeBlendFactorUpLimit" 必须包含非 null 值。请考虑添加 "required" 修饰符或将该 属性 声明为可为 null。 [/root/WorkSpace/CSharp/BannerlordModEditor/BannerlordModEditor.Common/BannerlordModEditor.Common.csproj]
     2>/root/WorkSpace/CSharp/BannerlordModEditor/BannerlordModEditor.Common/Models/Data/CombatParametersModel.cs(112,23): warning CS8618: 在退出构造函数时，不可为 null 的 属性 "LookSlopeBlendFactorDownLimit" 必须包含非 null 值。请考虑添加 "required" 修饰符或将该 属性 声明为可为 null。 [/root/WorkSpace/CSharp/BannerlordModEditor/BannerlordModEditor.Common/BannerlordModEditor.Common.csproj]
     2>/root/WorkSpace/CSharp/BannerlordModEditor/BannerlordModEditor.Common/Models/Data/CombatParametersModel.cs(115,23): warning CS8618: 在退出构造函数时，不可为 null 的 属性 "LookSlopeBlendSpeedFactor" 必须包含非 null 值。请考虑添加 "required" 修饰符或将该 属性 声明为可为 null。 [/root/WorkSpace/CSharp/BannerlordModEditor/BannerlordModEditor.Common/BannerlordModEditor.Common.csproj]
     2>/root/WorkSpace/CSharp/BannerlordModEditor/BannerlordModEditor.Common/Models/Data/CombatParametersModel.cs(118,44): warning CS8618: 在退出构造函数时，不可为 null 的 属性 "CustomCollisionCapsule" 必须包含非 null 值。请考虑添加 "required" 修饰符或将该 属性 声明为可为 null。 [/root/WorkSpace/CSharp/BannerlordModEditor/BannerlordModEditor.Common/BannerlordModEditor.Common.csproj]
     2>/root/WorkSpace/CSharp/BannerlordModEditor/BannerlordModEditor.Common/Models/Data/CraftingTemplates.cs(95,23): warning CS8618: 在退出构造函数时，不可为 null 的 属性 "WeaponDescription" 必须包含非 null 值。请考虑添加 "required" 修饰符或将该 属性 声明为可为 null。 [/root/WorkSpace/CSharp/BannerlordModEditor/BannerlordModEditor.Common/BannerlordModEditor.Common.csproj]
     2>/root/WorkSpace/CSharp/BannerlordModEditor/BannerlordModEditor.Common/Models/Data/CraftingTemplates.cs(98,31): warning CS8618: 在退出构造函数时，不可为 null 的 属性 "StatDataList" 必须包含非 null 值。请考虑添加 "required" 修饰符或将该 属性 声明为可为 null。 [/root/WorkSpace/CSharp/BannerlordModEditor/BannerlordModEditor.Common/BannerlordModEditor.Common.csproj]
     2>/root/WorkSpace/CSharp/BannerlordModEditor/BannerlordModEditor.Common/Models/Data/CraftingPieces.cs(87,23): warning CS8618: 在退出构造函数时，不可为 null 的 属性 "ThrustDamage" 必须包含非 null 值。请考虑添加 "required" 修饰符或将该 属性 声明为可为 null。 [/root/WorkSpace/CSharp/BannerlordModEditor/BannerlordModEditor.Common/BannerlordModEditor.Common.csproj]
     2>/root/WorkSpace/CSharp/BannerlordModEditor/BannerlordModEditor.Common/Models/Data/CraftingPieces.cs(91,23): warning CS8618: 在退出构造函数时，不可为 null 的 属性 "ThrustDamageType" 必须包含非 null 值。请考虑添加 "required" 修饰符或将该 属性 声明为可为 null。 [/root/WorkSpace/CSharp/BannerlordModEditor/BannerlordModEditor.Common/BannerlordModEditor.Common.csproj]
     2>/root/WorkSpace/CSharp/BannerlordModEditor/BannerlordModEditor.Common/Models/Data/CraftingPieces.cs(95,23): warning CS8618: 在退出构造函数时，不可为 null 的 属性 "SwingDamage" 必须包含非 null 值。请考虑添加 "required" 修饰符或将该 属性 声明为可为 null。 [/root/WorkSpace/CSharp/BannerlordModEditor/BannerlordModEditor.Common/BannerlordModEditor.Common.csproj]
     2>/root/WorkSpace/CSharp/BannerlordModEditor/BannerlordModEditor.Common/Models/Data/CraftingPieces.cs(99,23): warning CS8618: 在退出构造函数时，不可为 null 的 属性 "SwingDamageType" 必须包含非 null 值。请考虑添加 "required" 修饰符或将该 属性 声明为可为 null。 [/root/WorkSpace/CSharp/BannerlordModEditor/BannerlordModEditor.Common/BannerlordModEditor.Common.csproj]
     2>/root/WorkSpace/CSharp/BannerlordModEditor/BannerlordModEditor.Common/Models/Data/CraftingPieces.cs(103,23): warning CS8618: 在退出构造函数时，不可为 null 的 属性 "ThrustSpeed" 必须包含非 null 值。请考虑添加 "required" 修饰符或将该 属性 声明为可为 null。 [/root/WorkSpace/CSharp/BannerlordModEditor/BannerlordModEditor.Common/BannerlordModEditor.Common.csproj]
     2>/root/WorkSpace/CSharp/BannerlordModEditor/BannerlordModEditor.Common/Models/Data/CraftingPieces.cs(107,23): warning CS8618: 在退出构造函数时，不可为 null 的 属性 "SwingSpeed" 必须包含非 null 值。请考虑添加 "required" 修饰符或将该 属性 声明为可为 null。 [/root/WorkSpace/CSharp/BannerlordModEditor/BannerlordModEditor.Common/BannerlordModEditor.Common.csproj]
     2>/root/WorkSpace/CSharp/BannerlordModEditor/BannerlordModEditor.Common/Models/Data/CraftingPieces.cs(111,23): warning CS8618: 在退出构造函数时，不可为 null 的 属性 "WeaponLength" 必须包含非 null 值。请考虑添加 "required" 修饰符或将该 属性 声明为可为 null。 [/root/WorkSpace/CSharp/BannerlordModEditor/BannerlordModEditor.Common/BannerlordModEditor.Common.csproj]
     2>/root/WorkSpace/CSharp/BannerlordModEditor/BannerlordModEditor.Common/Models/Data/CraftingPieces.cs(115,23): warning CS8618: 在退出构造函数时，不可为 null 的 属性 "WeaponBalance" 必须包含非 null 值。请考虑添加 "required" 修饰符或将该 属性 声明为可为 null。 [/root/WorkSpace/CSharp/BannerlordModEditor/BannerlordModEditor.Common/BannerlordModEditor.Common.csproj]
     2>/root/WorkSpace/CSharp/BannerlordModEditor/BannerlordModEditor.Common/Models/Data/CraftingPieces.cs(119,23): warning CS8618: 在退出构造函数时，不可为 null 的 属性 "Weight" 必须包含非 null 值。请考虑添加 "required" 修饰符或将该 属性 声明为可为 null。 [/root/WorkSpace/CSharp/BannerlordModEditor/BannerlordModEditor.Common/BannerlordModEditor.Common.csproj]
     2>/root/WorkSpace/CSharp/BannerlordModEditor/BannerlordModEditor.Common/Models/Data/CraftingPieces.cs(123,23): warning CS8618: 在退出构造函数时，不可为 null 的 属性 "HitPoints" 必须包含非 null 值。请考虑添加 "required" 修饰符或将该 属性 声明为可为 null。 [/root/WorkSpace/CSharp/BannerlordModEditor/BannerlordModEditor.Common/BannerlordModEditor.Common.csproj]
     2>/root/WorkSpace/CSharp/BannerlordModEditor/BannerlordModEditor.Common/Models/Data/CraftingPieces.cs(127,23): warning CS8618: 在退出构造函数时，不可为 null 的 属性 "Handling" 必须包含非 null 值。请考虑添加 "required" 修饰符或将该 属性 声明为可为 null。 [/root/WorkSpace/CSharp/BannerlordModEditor/BannerlordModEditor.Common/BannerlordModEditor.Common.csproj]
     2>/root/WorkSpace/CSharp/BannerlordModEditor/BannerlordModEditor.Common/Models/Data/CraftingPieces.cs(131,23): warning CS8618: 在退出构造函数时，不可为 null 的 属性 "MissileSpeed" 必须包含非 null 值。请考虑添加 "required" 修饰符或将该 属性 声明为可为 null。 [/root/WorkSpace/CSharp/BannerlordModEditor/BannerlordModEditor.Common/BannerlordModEditor.Common.csproj]
     2>/root/WorkSpace/CSharp/BannerlordModEditor/BannerlordModEditor.Common/Models/Data/CraftingPieces.cs(135,23): warning CS8618: 在退出构造函数时，不可为 null 的 属性 "Accuracy" 必须包含非 null 值。请考虑添加 "required" 修饰符或将该 属性 声明为可为 null。 [/root/WorkSpace/CSharp/BannerlordModEditor/BannerlordModEditor.Common/BannerlordModEditor.Common.csproj]
     2>/root/WorkSpace/CSharp/BannerlordModEditor/BannerlordModEditor.Common/Models/Data/CraftingPieces.cs(139,23): warning CS8618: 在退出构造函数时，不可为 null 的 属性 "BodyArmor" 必须包含非 null 值。请考虑添加 "required" 修饰符或将该 属性 声明为可为 null。 [/root/WorkSpace/CSharp/BannerlordModEditor/BannerlordModEditor.Common/BannerlordModEditor.Common.csproj]
     2>/root/WorkSpace/CSharp/BannerlordModEditor/BannerlordModEditor.Common/Mappers/MpCraftingPiecesMapper.cs(42,24): warning CS8603: 可能返回 null 引用。 [/root/WorkSpace/CSharp/BannerlordModEditor/BannerlordModEditor.Common/BannerlordModEditor.Common.csproj]
     2>/root/WorkSpace/CSharp/BannerlordModEditor/BannerlordModEditor.Common/Models/DTO/CreditsDTO.cs(32,23): warning CS8618: 在退出构造函数时，不可为 null 的 属性 "Text" 必须包含非 null 值。请考虑添加 "required" 修饰符或将该 属性 声明为可为 null。 [/root/WorkSpace/CSharp/BannerlordModEditor/BannerlordModEditor.Common/BannerlordModEditor.Common.csproj]
     2>/root/WorkSpace/CSharp/BannerlordModEditor/BannerlordModEditor.Common/Mappers/MpCraftingPiecesMapper.cs(53,24): warning CS8603: 可能返回 null 引用。 [/root/WorkSpace/CSharp/BannerlordModEditor/BannerlordModEditor.Common/BannerlordModEditor.Common.csproj]
     2>/root/WorkSpace/CSharp/BannerlordModEditor/BannerlordModEditor.Common/Models/DTO/CreditsDTO.cs(42,23): warning CS8618: 在退出构造函数时，不可为 null 的 属性 "Text" 必须包含非 null 值。请考虑添加 "required" 修饰符或将该 属性 声明为可为 null。 [/root/WorkSpace/CSharp/BannerlordModEditor/BannerlordModEditor.Common/BannerlordModEditor.Common.csproj]
     2>/root/WorkSpace/CSharp/BannerlordModEditor/BannerlordModEditor.Common/Models/Data/CreditsLegalPC.cs(11,31): warning CS8618: 在退出构造函数时，不可为 null 的 属性 "Categories" 必须包含非 null 值。请考虑添加 "required" 修饰符或将该 属性 声明为可为 null。 [/root/WorkSpace/CSharp/BannerlordModEditor/BannerlordModEditor.Common/BannerlordModEditor.Common.csproj]
     2>/root/WorkSpace/CSharp/BannerlordModEditor/BannerlordModEditor.Common/Models/Data/CreditsLegalPC.cs(42,23): warning CS8618: 在退出构造函数时，不可为 null 的 属性 "Text" 必须包含非 null 值。请考虑添加 "required" 修饰符或将该 属性 声明为可为 null。 [/root/WorkSpace/CSharp/BannerlordModEditor/BannerlordModEditor.Common/BannerlordModEditor.Common.csproj]
     2>/root/WorkSpace/CSharp/BannerlordModEditor/BannerlordModEditor.Common/Models/Data/CreditsLegalPC.cs(45,28): warning CS8618: 在退出构造函数时，不可为 null 的 属性 "Entries" 必须包含非 null 值。请考虑添加 "required" 修饰符或将该 属性 声明为可为 null。 [/root/WorkSpace/CSharp/BannerlordModEditor/BannerlordModEditor.Common/BannerlordModEditor.Common.csproj]
     2>/root/WorkSpace/CSharp/BannerlordModEditor/BannerlordModEditor.Common/Models/DTO/CreditsDTO.cs(17,23): warning CS8618: 在退出构造函数时，不可为 null 的 属性 "Text" 必须包含非 null 值。请考虑添加 "required" 修饰符或将该 属性 声明为可为 null。 [/root/WorkSpace/CSharp/BannerlordModEditor/BannerlordModEditor.Common/BannerlordModEditor.Common.csproj]
     2>/root/WorkSpace/CSharp/BannerlordModEditor/BannerlordModEditor.Common/Models/DTO/CreditsDTO.cs(55,23): warning CS8618: 在退出构造函数时，不可为 null 的 属性 "Name" 必须包含非 null 值。请考虑添加 "required" 修饰符或将该 属性 声明为可为 null。 [/root/WorkSpace/CSharp/BannerlordModEditor/BannerlordModEditor.Common/BannerlordModEditor.Common.csproj]
     2>/root/WorkSpace/CSharp/BannerlordModEditor/BannerlordModEditor.Common/Models/Data/CreditsXmlModel.cs(61,23): warning CS8618: 在退出构造函数时，不可为 null 的 属性 "Text" 必须包含非 null 值。请考虑添加 "required" 修饰符或将该 属性 声明为可为 null。 [/root/WorkSpace/CSharp/BannerlordModEditor/BannerlordModEditor.Common/BannerlordModEditor.Common.csproj]
     2>/root/WorkSpace/CSharp/BannerlordModEditor/BannerlordModEditor.Common/Models/DTO/CreditsDTO.cs(56,23): warning CS8618: 在退出构造函数时，不可为 null 的 属性 "PlatformSpecific" 必须包含非 null 值。请考虑添加 "required" 修饰符或将该 属性 声明为可为 null。 [/root/WorkSpace/CSharp/BannerlordModEditor/BannerlordModEditor.Common/BannerlordModEditor.Common.csproj]
     2>/root/WorkSpace/CSharp/BannerlordModEditor/BannerlordModEditor.Common/Models/DTO/CreditsDTO.cs(57,23): warning CS8618: 在退出构造函数时，不可为 null 的 属性 "ConsoleSpecific" 必须包含非 null 值。请考虑添加 "required" 修饰符或将该 属性 声明为可为 null。 [/root/WorkSpace/CSharp/BannerlordModEditor/BannerlordModEditor.Common/BannerlordModEditor.Common.csproj]
     2>/root/WorkSpace/CSharp/BannerlordModEditor/BannerlordModEditor.Common/Models/Data/CreditsLegalPC.cs(53,23): warning CS8618: 在退出构造函数时，不可为 null 的 属性 "Text" 必须包含非 null 值。请考虑添加 "required" 修饰符或将该 属性 声明为可为 null。 [/root/WorkSpace/CSharp/BannerlordModEditor/BannerlordModEditor.Common/BannerlordModEditor.Common.csproj]
     2>/root/WorkSpace/CSharp/BannerlordModEditor/BannerlordModEditor.Common/Models/Data/CreditsLegalPC.cs(61,23): warning CS8618: 在退出构造函数时，不可为 null 的 属性 "Text" 必须包含非 null 值。请考虑添加 "required" 修饰符或将该 属性 声明为可为 null。 [/root/WorkSpace/CSharp/BannerlordModEditor/BannerlordModEditor.Common/BannerlordModEditor.Common.csproj]
     2>/root/WorkSpace/CSharp/BannerlordModEditor/BannerlordModEditor.Common/Models/Data/CreditsXmlModel.cs(72,23): warning CS8618: 在退出构造函数时，不可为 null 的 属性 "Name" 必须包含非 null 值。请考虑添加 "required" 修饰符或将该 属性 声明为可为 null。 [/root/WorkSpace/CSharp/BannerlordModEditor/BannerlordModEditor.Common/BannerlordModEditor.Common.csproj]
     2>/root/WorkSpace/CSharp/BannerlordModEditor/BannerlordModEditor.Common/Models/Data/CreditsXmlModel.cs(75,23): warning CS8618: 在退出构造函数时，不可为 null 的 属性 "PlatformSpecific" 必须包含非 null 值。请考虑添加 "required" 修饰符或将该 属性 声明为可为 null。 [/root/WorkSpace/CSharp/BannerlordModEditor/BannerlordModEditor.Common/BannerlordModEditor.Common.csproj]
     2>/root/WorkSpace/CSharp/BannerlordModEditor/BannerlordModEditor.Common/Models/Data/CreditsXmlModel.cs(78,23): warning CS8618: 在退出构造函数时，不可为 null 的 属性 "ConsoleSpecific" 必须包含非 null 值。请考虑添加 "required" 修饰符或将该 属性 声明为可为 null。 [/root/WorkSpace/CSharp/BannerlordModEditor/BannerlordModEditor.Common/BannerlordModEditor.Common.csproj]
     2>/root/WorkSpace/CSharp/BannerlordModEditor/BannerlordModEditor.Common/Models/Data/CreditsLegalPC.cs(19,23): warning CS8618: 在退出构造函数时，不可为 null 的 属性 "Text" 必须包含非 null 值。请考虑添加 "required" 修饰符或将该 属性 声明为可为 null。 [/root/WorkSpace/CSharp/BannerlordModEditor/BannerlordModEditor.Common/BannerlordModEditor.Common.csproj]
     2>/root/WorkSpace/CSharp/BannerlordModEditor/BannerlordModEditor.Common/Models/Data/CreditsLegalPC.cs(22,30): warning CS8618: 在退出构造函数时，不可为 null 的 属性 "Sections" 必须包含非 null 值。请考虑添加 "required" 修饰符或将该 属性 声明为可为 null。 [/root/WorkSpace/CSharp/BannerlordModEditor/BannerlordModEditor.Common/BannerlordModEditor.Common.csproj]
     2>/root/WorkSpace/CSharp/BannerlordModEditor/BannerlordModEditor.Common/Models/Data/CreditsLegalPC.cs(25,28): warning CS8618: 在退出构造函数时，不可为 null 的 属性 "Entries" 必须包含非 null 值。请考虑添加 "required" 修饰符或将该 属性 声明为可为 null。 [/root/WorkSpace/CSharp/BannerlordModEditor/BannerlordModEditor.Common/BannerlordModEditor.Common.csproj]
     2>/root/WorkSpace/CSharp/BannerlordModEditor/BannerlordModEditor.Common/Models/Data/CreditsLegalPC.cs(28,28): warning CS8618: 在退出构造函数时，不可为 null 的 属性 "Images" 必须包含非 null 值。请考虑添加 "required" 修饰符或将该 属性 声明为可为 null。 [/root/WorkSpace/CSharp/BannerlordModEditor/BannerlordModEditor.Common/BannerlordModEditor.Common.csproj]
     2>/root/WorkSpace/CSharp/BannerlordModEditor/BannerlordModEditor.Common/Models/Data/CreditsLegalPC.cs(31,46): warning CS8618: 在退出构造函数时，不可为 null 的 属性 "EmptyLines" 必须包含非 null 值。请考虑添加 "required" 修饰符或将该 属性 声明为可为 null。 [/root/WorkSpace/CSharp/BannerlordModEditor/BannerlordModEditor.Common/BannerlordModEditor.Common.csproj]
     2>/root/WorkSpace/CSharp/BannerlordModEditor/BannerlordModEditor.Common/Models/Data/DecalSets.cs(11,23): warning CS8618: 在退出构造函数时，不可为 null 的 属性 "Type" 必须包含非 null 值。请考虑添加 "required" 修饰符或将该 属性 声明为可为 null。 [/root/WorkSpace/CSharp/BannerlordModEditor/BannerlordModEditor.Common/BannerlordModEditor.Common.csproj]
     2>/root/WorkSpace/CSharp/BannerlordModEditor/BannerlordModEditor.Common/Models/Data/DecalSets.cs(14,26): warning CS8618: 在退出构造函数时，不可为 null 的 属性 "DecalSets" 必须包含非 null 值。请考虑添加 "required" 修饰符或将该 属性 声明为可为 null。 [/root/WorkSpace/CSharp/BannerlordModEditor/BannerlordModEditor.Common/BannerlordModEditor.Common.csproj]
     2>/root/WorkSpace/CSharp/BannerlordModEditor/BannerlordModEditor.Common/Models/Data/CreditsXmlModel.cs(11,38): warning CS8618: 在退出构造函数时，不可为 null 的 属性 "Categories" 必须包含非 null 值。请考虑添加 "required" 修饰符或将该 属性 声明为可为 null。 [/root/WorkSpace/CSharp/BannerlordModEditor/BannerlordModEditor.Common/BannerlordModEditor.Common.csproj]
     2>/root/WorkSpace/CSharp/BannerlordModEditor/BannerlordModEditor.Common/Models/Data/CreditsXmlModel.cs(14,42): warning CS8618: 在退出构造函数时，不可为 null 的 属性 "LoadFromFile" 必须包含非 null 值。请考虑添加 "required" 修饰符或将该 属性 声明为可为 null。 [/root/WorkSpace/CSharp/BannerlordModEditor/BannerlordModEditor.Common/BannerlordModEditor.Common.csproj]
     2>/root/WorkSpace/CSharp/BannerlordModEditor/BannerlordModEditor.Common/Models/Data/DecalSets.cs(23,31): warning CS8618: 在退出构造函数时，不可为 null 的 属性 "Items" 必须包含非 null 值。请考虑添加 "required" 修饰符或将该 属性 声明为可为 null。 [/root/WorkSpace/CSharp/BannerlordModEditor/BannerlordModEditor.Common/BannerlordModEditor.Common.csproj]
     2>/root/WorkSpace/CSharp/BannerlordModEditor/BannerlordModEditor.Common/Models/Data/DecalTexturesBattle.cs(11,23): warning CS8618: 在退出构造函数时，不可为 null 的 属性 "Type" 必须包含非 null 值。请考虑添加 "required" 修饰符或将该 属性 声明为可为 null。 [/root/WorkSpace/CSharp/BannerlordModEditor/BannerlordModEditor.Common/BannerlordModEditor.Common.csproj]
     2>/root/WorkSpace/CSharp/BannerlordModEditor/BannerlordModEditor.Common/Models/Data/DecalTexturesBattle.cs(14,39): warning CS8618: 在退出构造函数时，不可为 null 的 属性 "DecalTextures" 必须包含非 null 值。请考虑添加 "required" 修饰符或将该 属性 声明为可为 null。 [/root/WorkSpace/CSharp/BannerlordModEditor/BannerlordModEditor.Common/BannerlordModEditor.Common.csproj]
     2>/root/WorkSpace/CSharp/BannerlordModEditor/BannerlordModEditor.Common/Models/Data/CreditsXmlModel.cs(46,23): warning CS8618: 在退出构造函数时，不可为 null 的 属性 "Text" 必须包含非 null 值。请考虑添加 "required" 修饰符或将该 属性 声明为可为 null。 [/root/WorkSpace/CSharp/BannerlordModEditor/BannerlordModEditor.Common/BannerlordModEditor.Common.csproj]
     2>/root/WorkSpace/CSharp/BannerlordModEditor/BannerlordModEditor.Common/Models/Data/CreditsXmlModel.cs(49,35): warning CS8618: 在退出构造函数时，不可为 null 的 属性 "Entries" 必须包含非 null 值。请考虑添加 "required" 修饰符或将该 属性 声明为可为 null。 [/root/WorkSpace/CSharp/BannerlordModEditor/BannerlordModEditor.Common/BannerlordModEditor.Common.csproj]
     2>/root/WorkSpace/CSharp/BannerlordModEditor/BannerlordModEditor.Common/Models/Data/CreditsXmlModel.cs(52,39): warning CS8618: 在退出构造函数时，不可为 null 的 属性 "EmptyLines" 必须包含非 null 值。请考虑添加 "required" 修饰符或将该 属性 声明为可为 null。 [/root/WorkSpace/CSharp/BannerlordModEditor/BannerlordModEditor.Common/BannerlordModEditor.Common.csproj]
     2>/root/WorkSpace/CSharp/BannerlordModEditor/BannerlordModEditor.Common/Models/Data/CreditsXmlModel.cs(23,23): warning CS8618: 在退出构造函数时，不可为 null 的 属性 "Text" 必须包含非 null 值。请考虑添加 "required" 修饰符或将该 属性 声明为可为 null。 [/root/WorkSpace/CSharp/BannerlordModEditor/BannerlordModEditor.Common/BannerlordModEditor.Common.csproj]
     2>/root/WorkSpace/CSharp/BannerlordModEditor/BannerlordModEditor.Common/Models/Data/CreditsXmlModel.cs(26,37): warning CS8618: 在退出构造函数时，不可为 null 的 属性 "Sections" 必须包含非 null 值。请考虑添加 "required" 修饰符或将该 属性 声明为可为 null。 [/root/WorkSpace/CSharp/BannerlordModEditor/BannerlordModEditor.Common/BannerlordModEditor.Common.csproj]
     2>/root/WorkSpace/CSharp/BannerlordModEditor/BannerlordModEditor.Common/Models/Data/CreditsXmlModel.cs(29,35): warning CS8618: 在退出构造函数时，不可为 null 的 属性 "Entries" 必须包含非 null 值。请考虑添加 "required" 修饰符或将该 属性 声明为可为 null。 [/root/WorkSpace/CSharp/BannerlordModEditor/BannerlordModEditor.Common/BannerlordModEditor.Common.csproj]
     2>/root/WorkSpace/CSharp/BannerlordModEditor/BannerlordModEditor.Common/Models/Data/CreditsXmlModel.cs(32,39): warning CS8618: 在退出构造函数时，不可为 null 的 属性 "EmptyLines" 必须包含非 null 值。请考虑添加 "required" 修饰符或将该 属性 声明为可为 null。 [/root/WorkSpace/CSharp/BannerlordModEditor/BannerlordModEditor.Common/BannerlordModEditor.Common.csproj]
     2>/root/WorkSpace/CSharp/BannerlordModEditor/BannerlordModEditor.Common/Models/Data/CreditsXmlModel.cs(35,42): warning CS8618: 在退出构造函数时，不可为 null 的 属性 "LoadFromFile" 必须包含非 null 值。请考虑添加 "required" 修饰符或将该 属性 声明为可为 null。 [/root/WorkSpace/CSharp/BannerlordModEditor/BannerlordModEditor.Common/BannerlordModEditor.Common.csproj]
     2>/root/WorkSpace/CSharp/BannerlordModEditor/BannerlordModEditor.Common/Models/Data/DecalTexturesBattle.cs(23,35): warning CS8618: 在退出构造函数时，不可为 null 的 属性 "DecalTextureList" 必须包含非 null 值。请考虑添加 "required" 修饰符或将该 属性 声明为可为 null。 [/root/WorkSpace/CSharp/BannerlordModEditor/BannerlordModEditor.Common/BannerlordModEditor.Common.csproj]
     2>/root/WorkSpace/CSharp/BannerlordModEditor/BannerlordModEditor.Common/Mappers/MpcosmeticsMapper.cs(12,40): warning CS8603: 可能返回 null 引用。 [/root/WorkSpace/CSharp/BannerlordModEditor/BannerlordModEditor.Common/BannerlordModEditor.Common.csproj]
     2>/root/WorkSpace/CSharp/BannerlordModEditor/BannerlordModEditor.Common/Models/Data/DecalTexturesMultiplayer.cs(23,59): warning CS8618: 在退出构造函数时，不可为 null 的 属性 "Items" 必须包含非 null 值。请考虑添加 "required" 修饰符或将该 属性 声明为可为 null。 [/root/WorkSpace/CSharp/BannerlordModEditor/BannerlordModEditor.Common/BannerlordModEditor.Common.csproj]
     2>/root/WorkSpace/CSharp/BannerlordModEditor/BannerlordModEditor.Common/Models/Data/DecalTexturesTown.cs(11,23): warning CS8618: 在退出构造函数时，不可为 null 的 属性 "Type" 必须包含非 null 值。请考虑添加 "required" 修饰符或将该 属性 声明为可为 null。 [/root/WorkSpace/CSharp/BannerlordModEditor/BannerlordModEditor.Common/BannerlordModEditor.Common.csproj]
     2>/root/WorkSpace/CSharp/BannerlordModEditor/BannerlordModEditor.Common/Models/Data/DecalTexturesTown.cs(14,50): warning CS8618: 在退出构造函数时，不可为 null 的 属性 "DecalTextures" 必须包含非 null 值。请考虑添加 "required" 修饰符或将该 属性 声明为可为 null。 [/root/WorkSpace/CSharp/BannerlordModEditor/BannerlordModEditor.Common/BannerlordModEditor.Common.csproj]
     2>/root/WorkSpace/CSharp/BannerlordModEditor/BannerlordModEditor.Common/Mappers/MpItemsMapper.cs(188,40): warning CS8603: 可能返回 null 引用。 [/root/WorkSpace/CSharp/BannerlordModEditor/BannerlordModEditor.Common/BannerlordModEditor.Common.csproj]
     2>/root/WorkSpace/CSharp/BannerlordModEditor/BannerlordModEditor.Common/Models/Data/DecalTexturesBattle.cs(31,23): warning CS8618: 在退出构造函数时，不可为 null 的 属性 "Name" 必须包含非 null 值。请考虑添加 "required" 修饰符或将该 属性 声明为可为 null。 [/root/WorkSpace/CSharp/BannerlordModEditor/BannerlordModEditor.Common/BannerlordModEditor.Common.csproj]
     2>/root/WorkSpace/CSharp/BannerlordModEditor/BannerlordModEditor.Common/Models/Data/DecalTexturesBattle.cs(34,23): warning CS8618: 在退出构造函数时，不可为 null 的 属性 "AtlasPos" 必须包含非 null 值。请考虑添加 "required" 修饰符或将该 属性 声明为可为 null。 [/root/WorkSpace/CSharp/BannerlordModEditor/BannerlordModEditor.Common/BannerlordModEditor.Common.csproj]
     2>/root/WorkSpace/CSharp/BannerlordModEditor/BannerlordModEditor.Common/Models/Data/DecalTexturesBattle.cs(37,23): warning CS8618: 在退出构造函数时，不可为 null 的 属性 "IsDynamic" 必须包含非 null 值。请考虑添加 "required" 修饰符或将该 属性 声明为可为 null。 [/root/WorkSpace/CSharp/BannerlordModEditor/BannerlordModEditor.Common/BannerlordModEditor.Common.csproj]
     2>/root/WorkSpace/CSharp/BannerlordModEditor/BannerlordModEditor.Common/Models/Data/DecalSets.cs(31,23): warning CS8618: 在退出构造函数时，不可为 null 的 属性 "Name" 必须包含非 null 值。请考虑添加 "required" 修饰符或将该 属性 声明为可为 null。 [/root/WorkSpace/CSharp/BannerlordModEditor/BannerlordModEditor.Common/BannerlordModEditor.Common.csproj]
     2>/root/WorkSpace/CSharp/BannerlordModEditor/BannerlordModEditor.Common/Models/Data/DecalSets.cs(34,23): warning CS8618: 在退出构造函数时，不可为 null 的 属性 "TotalDecalLifeBase" 必须包含非 null 值。请考虑添加 "required" 修饰符或将该 属性 声明为可为 null。 [/root/WorkSpace/CSharp/BannerlordModEditor/BannerlordModEditor.Common/BannerlordModEditor.Common.csproj]
     2>/root/WorkSpace/CSharp/BannerlordModEditor/BannerlordModEditor.Common/Models/Data/DecalSets.cs(37,23): warning CS8618: 在退出构造函数时，不可为 null 的 属性 "VisibleDecalLifeBase" 必须包含非 null 值。请考虑添加 "required" 修饰符或将该 属性 声明为可为 null。 [/root/WorkSpace/CSharp/BannerlordModEditor/BannerlordModEditor.Common/BannerlordModEditor.Common.csproj]
     2>/root/WorkSpace/CSharp/BannerlordModEditor/BannerlordModEditor.Common/Models/Data/DecalSets.cs(43,23): warning CS8618: 在退出构造函数时，不可为 null 的 属性 "MinVisibilityArea" 必须包含非 null 值。请考虑添加 "required" 修饰符或将该 属性 声明为可为 null。 [/root/WorkSpace/CSharp/BannerlordModEditor/BannerlordModEditor.Common/BannerlordModEditor.Common.csproj]
     2>/root/WorkSpace/CSharp/BannerlordModEditor/BannerlordModEditor.Common/Mappers/MpcosmeticsMapper.cs(24,40): warning CS8603: 可能返回 null 引用。 [/root/WorkSpace/CSharp/BannerlordModEditor/BannerlordModEditor.Common/BannerlordModEditor.Common.csproj]
     2>/root/WorkSpace/CSharp/BannerlordModEditor/BannerlordModEditor.Common/Models/DTO/CreditsDTO.cs(66,23): warning CS8618: 在退出构造函数时，不可为 null 的 属性 "Text" 必须包含非 null 值。请考虑添加 "required" 修饰符或将该 属性 声明为可为 null。 [/root/WorkSpace/CSharp/BannerlordModEditor/BannerlordModEditor.Common/BannerlordModEditor.Common.csproj]
     2>/root/WorkSpace/CSharp/BannerlordModEditor/BannerlordModEditor.Common/Models/Data/DecalTexturesWorldmap.cs(31,23): warning CS8618: 在退出构造函数时，不可为 null 的 属性 "Name" 必须包含非 null 值。请考虑添加 "required" 修饰符或将该 属性 声明为可为 null。 [/root/WorkSpace/CSharp/BannerlordModEditor/BannerlordModEditor.Common/BannerlordModEditor.Common.csproj]
     2>/root/WorkSpace/CSharp/BannerlordModEditor/BannerlordModEditor.Common/Models/Data/DecalTexturesWorldmap.cs(34,23): warning CS8618: 在退出构造函数时，不可为 null 的 属性 "AtlasPos" 必须包含非 null 值。请考虑添加 "required" 修饰符或将该 属性 声明为可为 null。 [/root/WorkSpace/CSharp/BannerlordModEditor/BannerlordModEditor.Common/BannerlordModEditor.Common.csproj]
     2>/root/WorkSpace/CSharp/BannerlordModEditor/BannerlordModEditor.Common/Models/Data/DecalTexturesWorldmap.cs(37,23): warning CS8618: 在退出构造函数时，不可为 null 的 属性 "IsDynamic" 必须包含非 null 值。请考虑添加 "required" 修饰符或将该 属性 声明为可为 null。 [/root/WorkSpace/CSharp/BannerlordModEditor/BannerlordModEditor.Common/BannerlordModEditor.Common.csproj]
     2>/root/WorkSpace/CSharp/BannerlordModEditor/BannerlordModEditor.Common/Models/DO/MpCraftingPiecesDO.cs(215,23): warning CS8618: 在退出构造函数时，不可为 null 的 属性 "Id" 必须包含非 null 值。请考虑添加 "required" 修饰符或将该 属性 声明为可为 null。 [/root/WorkSpace/CSharp/BannerlordModEditor/BannerlordModEditor.Common/BannerlordModEditor.Common.csproj]
     2>/root/WorkSpace/CSharp/BannerlordModEditor/BannerlordModEditor.Common/Models/DO/MpCraftingPiecesDO.cs(218,23): warning CS8618: 在退出构造函数时，不可为 null 的 属性 "Count" 必须包含非 null 值。请考虑添加 "required" 修饰符或将该 属性 声明为可为 null。 [/root/WorkSpace/CSharp/BannerlordModEditor/BannerlordModEditor.Common/BannerlordModEditor.Common.csproj]
     2>/root/WorkSpace/CSharp/BannerlordModEditor/BannerlordModEditor.Common/Mappers/MpItemsMapper.cs(225,40): warning CS8603: 可能返回 null 引用。 [/root/WorkSpace/CSharp/BannerlordModEditor/BannerlordModEditor.Common/BannerlordModEditor.Common.csproj]
     2>/root/WorkSpace/CSharp/BannerlordModEditor/BannerlordModEditor.Common/Mappers/MpItemsMapper.cs(239,42): warning CS8604: “AdditionalMeshesDTO MpItemsMapper.ToDTO(AdditionalMeshesDO source)”中的形参“source”可能传入 null 引用实参。 [/root/WorkSpace/CSharp/BannerlordModEditor/BannerlordModEditor.Common/BannerlordModEditor.Common.csproj]
     2>/root/WorkSpace/CSharp/BannerlordModEditor/BannerlordModEditor.Common/Mappers/MpItemsMapper.cs(240,35): warning CS8604: “MpItemMaterialsDTO MpItemsMapper.ToDTO(MpItemMaterialsDO source)”中的形参“source”可能传入 null 引用实参。 [/root/WorkSpace/CSharp/BannerlordModEditor/BannerlordModEditor.Common/BannerlordModEditor.Common.csproj]
     2>/root/WorkSpace/CSharp/BannerlordModEditor/BannerlordModEditor.Common/Models/Data/FloraKinds.cs(29,20): warning CS8603: 可能返回 null 引用。 [/root/WorkSpace/CSharp/BannerlordModEditor/BannerlordModEditor.Common/BannerlordModEditor.Common.csproj]
     2>/root/WorkSpace/CSharp/BannerlordModEditor/BannerlordModEditor.Common/Models/Data/DecalTexturesWorldmap.cs(23,56): warning CS8618: 在退出构造函数时，不可为 null 的 属性 "DecalTextureList" 必须包含非 null 值。请考虑添加 "required" 修饰符或将该 属性 声明为可为 null。 [/root/WorkSpace/CSharp/BannerlordModEditor/BannerlordModEditor.Common/BannerlordModEditor.Common.csproj]
     2>/root/WorkSpace/CSharp/BannerlordModEditor/BannerlordModEditor.Common/Mappers/MpItemsMapper.cs(246,40): warning CS8603: 可能返回 null 引用。 [/root/WorkSpace/CSharp/BannerlordModEditor/BannerlordModEditor.Common/BannerlordModEditor.Common.csproj]
     2>/root/WorkSpace/CSharp/BannerlordModEditor/BannerlordModEditor.Common/Models/Data/FloraKinds.cs(56,23): warning CS8618: 在退出构造函数时，不可为 null 的 属性 "Name" 必须包含非 null 值。请考虑添加 "required" 修饰符或将该 属性 声明为可为 null。 [/root/WorkSpace/CSharp/BannerlordModEditor/BannerlordModEditor.Common/BannerlordModEditor.Common.csproj]
     2>/root/WorkSpace/CSharp/BannerlordModEditor/BannerlordModEditor.Common/Models/Data/FloraKinds.cs(59,23): warning CS8618: 在退出构造函数时，不可为 null 的 属性 "Value" 必须包含非 null 值。请考虑添加 "required" 修饰符或将该 属性 声明为可为 null。 [/root/WorkSpace/CSharp/BannerlordModEditor/BannerlordModEditor.Common/BannerlordModEditor.Common.csproj]
     2>/root/WorkSpace/CSharp/BannerlordModEditor/BannerlordModEditor.Common/Models/Data/FloraKinds.cs(24,23): warning CS8618: 在退出构造函数时，不可为 null 的 属性 "Name" 必须包含非 null 值。请考虑添加 "required" 修饰符或将该 属性 声明为可为 null。 [/root/WorkSpace/CSharp/BannerlordModEditor/BannerlordModEditor.Common/BannerlordModEditor.Common.csproj]
     2>/root/WorkSpace/CSharp/BannerlordModEditor/BannerlordModEditor.Common/Models/Data/FloraKinds.cs(36,27): warning CS8618: 在退出构造函数时，不可为 null 的 属性 "Flags" 必须包含非 null 值。请考虑添加 "required" 修饰符或将该 属性 声明为可为 null。 [/root/WorkSpace/CSharp/BannerlordModEditor/BannerlordModEditor.Common/BannerlordModEditor.Common.csproj]
     2>/root/WorkSpace/CSharp/BannerlordModEditor/BannerlordModEditor.Common/Mappers/MpItemsMapper.cs(256,40): warning CS8603: 可能返回 null 引用。 [/root/WorkSpace/CSharp/BannerlordModEditor/BannerlordModEditor.Common/BannerlordModEditor.Common.csproj]
     2>/root/WorkSpace/CSharp/BannerlordModEditor/BannerlordModEditor.Common/Models/Data/FloraKinds.cs(68,23): warning CS8618: 在退出构造函数时，不可为 null 的 属性 "Season" 必须包含非 null 值。请考虑添加 "required" 修饰符或将该 属性 声明为可为 null。 [/root/WorkSpace/CSharp/BannerlordModEditor/BannerlordModEditor.Common/BannerlordModEditor.Common.csproj]
     2>/root/WorkSpace/CSharp/BannerlordModEditor/BannerlordModEditor.Common/Models/Data/FloraKinds.cs(71,32): warning CS8618: 在退出构造函数时，不可为 null 的 属性 "FloraVariations" 必须包含非 null 值。请考虑添加 "required" 修饰符或将该 属性 声明为可为 null。 [/root/WorkSpace/CSharp/BannerlordModEditor/BannerlordModEditor.Common/BannerlordModEditor.Common.csproj]
     2>/root/WorkSpace/CSharp/BannerlordModEditor/BannerlordModEditor.Common/Models/Data/FloraKinds.cs(92,20): warning CS8603: 可能返回 null 引用。 [/root/WorkSpace/CSharp/BannerlordModEditor/BannerlordModEditor.Common/BannerlordModEditor.Common.csproj]
     2>/root/WorkSpace/CSharp/BannerlordModEditor/BannerlordModEditor.Common/Models/Data/FloraKinds.cs(126,23): warning CS8618: 在退出构造函数时，不可为 null 的 属性 "Name" 必须包含非 null 值。请考虑添加 "required" 修饰符或将该 属性 声明为可为 null。 [/root/WorkSpace/CSharp/BannerlordModEditor/BannerlordModEditor.Common/BannerlordModEditor.Common.csproj]
     2>/root/WorkSpace/CSharp/BannerlordModEditor/BannerlordModEditor.Common/Models/Data/FloraKinds.cs(129,23): warning CS8618: 在退出构造函数时，不可为 null 的 属性 "Material" 必须包含非 null 值。请考虑添加 "required" 修饰符或将该 属性 声明为可为 null。 [/root/WorkSpace/CSharp/BannerlordModEditor/BannerlordModEditor.Common/BannerlordModEditor.Common.csproj]
     2>/root/WorkSpace/CSharp/BannerlordModEditor/BannerlordModEditor.Common/Models/Data/FloraLayerSets.cs(19,23): warning CS8618: 在退出构造函数时，不可为 null 的 属性 "Name" 必须包含非 null 值。请考虑添加 "required" 修饰符或将该 属性 声明为可为 null。 [/root/WorkSpace/CSharp/BannerlordModEditor/BannerlordModEditor.Common/BannerlordModEditor.Common.csproj]
     2>/root/WorkSpace/CSharp/BannerlordModEditor/BannerlordModEditor.Common/Models/Data/FloraLayerSets.cs(30,31): warning CS8618: 在退出构造函数时，不可为 null 的 属性 "Mesh" 必须包含非 null 值。请考虑添加 "required" 修饰符或将该 属性 声明为可为 null。 [/root/WorkSpace/CSharp/BannerlordModEditor/BannerlordModEditor.Common/BannerlordModEditor.Common.csproj]
     2>/root/WorkSpace/CSharp/BannerlordModEditor/BannerlordModEditor.Common/Models/Data/DecalTexturesTown.cs(23,52): warning CS8618: 在退出构造函数时，不可为 null 的 属性 "Items" 必须包含非 null 值。请考虑添加 "required" 修饰符或将该 属性 声明为可为 null。 [/root/WorkSpace/CSharp/BannerlordModEditor/BannerlordModEditor.Common/BannerlordModEditor.Common.csproj]
     2>/root/WorkSpace/CSharp/BannerlordModEditor/BannerlordModEditor.Common/Models/Data/FloraKinds.cs(101,20): warning CS8603: 可能返回 null 引用。 [/root/WorkSpace/CSharp/BannerlordModEditor/BannerlordModEditor.Common/BannerlordModEditor.Common.csproj]
     2>/root/WorkSpace/CSharp/BannerlordModEditor/BannerlordModEditor.Common/Models/Data/GogAchievementData.cs(17,23): warning CS8618: 在退出构造函数时，不可为 null 的 属性 "Name" 必须包含非 null 值。请考虑添加 "required" 修饰符或将该 属性 声明为可为 null。 [/root/WorkSpace/CSharp/BannerlordModEditor/BannerlordModEditor.Common/BannerlordModEditor.Common.csproj]
     2>/root/WorkSpace/CSharp/BannerlordModEditor/BannerlordModEditor.Common/Models/Data/GogAchievementData.cs(20,43): warning CS8618: 在退出构造函数时，不可为 null 的 属性 "Requirements" 必须包含非 null 值。请考虑添加 "required" 修饰符或将该 属性 声明为可为 null。 [/root/WorkSpace/CSharp/BannerlordModEditor/BannerlordModEditor.Common/BannerlordModEditor.Common.csproj]
     2>/root/WorkSpace/CSharp/BannerlordModEditor/BannerlordModEditor.Common/Mappers/MpItemsMapper.cs(267,40): warning CS8603: 可能返回 null 引用。 [/root/WorkSpace/CSharp/BannerlordModEditor/BannerlordModEditor.Common/BannerlordModEditor.Common.csproj]
     2>/root/WorkSpace/CSharp/BannerlordModEditor/BannerlordModEditor.Common/Models/Data/GogAchievementData.cs(32,23): warning CS8618: 在退出构造函数时，不可为 null 的 属性 "StatName" 必须包含非 null 值。请考虑添加 "required" 修饰符或将该 属性 声明为可为 null。 [/root/WorkSpace/CSharp/BannerlordModEditor/BannerlordModEditor.Common/BannerlordModEditor.Common.csproj]
     2>/root/WorkSpace/CSharp/BannerlordModEditor/BannerlordModEditor.Common/Models/Data/ItemHolsters.cs(11,38): warning CS8618: 在退出构造函数时，不可为 null 的 属性 "ItemHolstersContainer" 必须包含非 null 值。请考虑添加 "required" 修饰符或将该 属性 声明为可为 null。 [/root/WorkSpace/CSharp/BannerlordModEditor/BannerlordModEditor.Common/BannerlordModEditor.Common.csproj]
     2>/root/WorkSpace/CSharp/BannerlordModEditor/BannerlordModEditor.Common/Mappers/MpItemsMapper.cs(277,40): warning CS8603: 可能返回 null 引用。 [/root/WorkSpace/CSharp/BannerlordModEditor/BannerlordModEditor.Common/BannerlordModEditor.Common.csproj]
     2>/root/WorkSpace/CSharp/BannerlordModEditor/BannerlordModEditor.Common/Mappers/MpItemsMapper.cs(282,41): warning CS8604: “MpItemMeshMultipliersDTO MpItemsMapper.ToDTO(MpItemMeshMultipliersDO source)”中的形参“source”可能传入 null 引用实参。 [/root/WorkSpace/CSharp/BannerlordModEditor/BannerlordModEditor.Common/BannerlordModEditor.Common.csproj]
     2>/root/WorkSpace/CSharp/BannerlordModEditor/BannerlordModEditor.Common/Models/Data/FloraLayerSets.cs(38,23): warning CS8618: 在退出构造函数时，不可为 null 的 属性 "Name" 必须包含非 null 值。请考虑添加 "required" 修饰符或将该 属性 声明为可为 null。 [/root/WorkSpace/CSharp/BannerlordModEditor/BannerlordModEditor.Common/BannerlordModEditor.Common.csproj]
     2>/root/WorkSpace/CSharp/BannerlordModEditor/BannerlordModEditor.Common/Models/Data/FloraLayerSets.cs(56,23): warning CS8618: 在退出构造函数时，不可为 null 的 属性 "SizeMin" 必须包含非 null 值。请考虑添加 "required" 修饰符或将该 属性 声明为可为 null。 [/root/WorkSpace/CSharp/BannerlordModEditor/BannerlordModEditor.Common/BannerlordModEditor.Common.csproj]
     2>/root/WorkSpace/CSharp/BannerlordModEditor/BannerlordModEditor.Common/Models/Data/FloraLayerSets.cs(59,23): warning CS8618: 在退出构造函数时，不可为 null 的 属性 "SizeMax" 必须包含非 null 值。请考虑添加 "required" 修饰符或将该 属性 声明为可为 null。 [/root/WorkSpace/CSharp/BannerlordModEditor/BannerlordModEditor.Common/BannerlordModEditor.Common.csproj]
     2>/root/WorkSpace/CSharp/BannerlordModEditor/BannerlordModEditor.Common/Models/Data/FloraLayerSets.cs(62,23): warning CS8618: 在退出构造函数时，不可为 null 的 属性 "AlbedoMultiplier" 必须包含非 null 值。请考虑添加 "required" 修饰符或将该 属性 声明为可为 null。 [/root/WorkSpace/CSharp/BannerlordModEditor/BannerlordModEditor.Common/BannerlordModEditor.Common.csproj]
     2>/root/WorkSpace/CSharp/BannerlordModEditor/BannerlordModEditor.Common/Models/Data/ItemModifiersGroups.cs(19,23): warning CS8618: 在退出构造函数时，不可为 null 的 属性 "Id" 必须包含非 null 值。请考虑添加 "required" 修饰符或将该 属性 声明为可为 null。 [/root/WorkSpace/CSharp/BannerlordModEditor/BannerlordModEditor.Common/BannerlordModEditor.Common.csproj]
     2>/root/WorkSpace/CSharp/BannerlordModEditor/BannerlordModEditor.Common/Models/Data/ItemModifiers.cs(31,20): warning CS8603: 可能返回 null 引用。 [/root/WorkSpace/CSharp/BannerlordModEditor/BannerlordModEditor.Common/BannerlordModEditor.Common.csproj]
     2>/root/WorkSpace/CSharp/BannerlordModEditor/BannerlordModEditor.Common/Models/Data/DecalTexturesMultiplayer.cs(11,23): warning CS8618: 在退出构造函数时，不可为 null 的 属性 "Type" 必须包含非 null 值。请考虑添加 "required" 修饰符或将该 属性 声明为可为 null。 [/root/WorkSpace/CSharp/BannerlordModEditor/BannerlordModEditor.Common/BannerlordModEditor.Common.csproj]
     2>/root/WorkSpace/CSharp/BannerlordModEditor/BannerlordModEditor.Common/Models/Data/DecalTexturesMultiplayer.cs(14,57): warning CS8618: 在退出构造函数时，不可为 null 的 属性 "DecalTextures" 必须包含非 null 值。请考虑添加 "required" 修饰符或将该 属性 声明为可为 null。 [/root/WorkSpace/CSharp/BannerlordModEditor/BannerlordModEditor.Common/BannerlordModEditor.Common.csproj]
     2>/root/WorkSpace/CSharp/BannerlordModEditor/BannerlordModEditor.Common/Mappers/MpItemsMapper.cs(288,40): warning CS8603: 可能返回 null 引用。 [/root/WorkSpace/CSharp/BannerlordModEditor/BannerlordModEditor.Common/BannerlordModEditor.Common.csproj]
     2>/root/WorkSpace/CSharp/BannerlordModEditor/BannerlordModEditor.Common/Models/Data/CraftingPieces.cs(200,23): warning CS8618: 在退出构造函数时，不可为 null 的 属性 "Name" 必须包含非 null 值。请考虑添加 "required" 修饰符或将该 属性 声明为可为 null。 [/root/WorkSpace/CSharp/BannerlordModEditor/BannerlordModEditor.Common/BannerlordModEditor.Common.csproj]
     2>/root/WorkSpace/CSharp/BannerlordModEditor/BannerlordModEditor.Common/Models/Data/CraftingPieces.cs(203,23): warning CS8618: 在退出构造函数时，不可为 null 的 属性 "Value" 必须包含非 null 值。请考虑添加 "required" 修饰符或将该 属性 声明为可为 null。 [/root/WorkSpace/CSharp/BannerlordModEditor/BannerlordModEditor.Common/BannerlordModEditor.Common.csproj]
     2>/root/WorkSpace/CSharp/BannerlordModEditor/BannerlordModEditor.Common/Mappers/CraftingTemplatesMapper.cs(155,40): warning CS8603: 可能返回 null 引用。 [/root/WorkSpace/CSharp/BannerlordModEditor/BannerlordModEditor.Common/BannerlordModEditor.Common.csproj]
     2>/root/WorkSpace/CSharp/BannerlordModEditor/BannerlordModEditor.Common/Mappers/MpItemsMapper.cs(298,40): warning CS8603: 可能返回 null 引用。 [/root/WorkSpace/CSharp/BannerlordModEditor/BannerlordModEditor.Common/BannerlordModEditor.Common.csproj]
     2>/root/WorkSpace/CSharp/BannerlordModEditor/BannerlordModEditor.Common/Mappers/CraftingTemplatesMapper.cs(165,40): warning CS8603: 可能返回 null 引用。 [/root/WorkSpace/CSharp/BannerlordModEditor/BannerlordModEditor.Common/BannerlordModEditor.Common.csproj]
     2>/root/WorkSpace/CSharp/BannerlordModEditor/BannerlordModEditor.Common/Models/DTO/ItemHolstersDTO.cs(11,41): warning CS8618: 在退出构造函数时，不可为 null 的 属性 "ItemHolstersContainer" 必须包含非 null 值。请考虑添加 "required" 修饰符或将该 属性 声明为可为 null。 [/root/WorkSpace/CSharp/BannerlordModEditor/BannerlordModEditor.Common/BannerlordModEditor.Common.csproj]
     2>/root/WorkSpace/CSharp/BannerlordModEditor/BannerlordModEditor.Common/Mappers/MpItemsMapper.cs(309,40): warning CS8603: 可能返回 null 引用。 [/root/WorkSpace/CSharp/BannerlordModEditor/BannerlordModEditor.Common/BannerlordModEditor.Common.csproj]
     2>/root/WorkSpace/CSharp/BannerlordModEditor/BannerlordModEditor.Common/Models/Data/Looknfeel.cs(27,29): warning CS8618: 在退出构造函数时，不可为 null 的 属性 "WidgetList" 必须包含非 null 值。请考虑添加 "required" 修饰符或将该 属性 声明为可为 null。 [/root/WorkSpace/CSharp/BannerlordModEditor/BannerlordModEditor.Common/BannerlordModEditor.Common.csproj]
     2>/root/WorkSpace/CSharp/BannerlordModEditor/BannerlordModEditor.Common/Models/Data/ItemModifiers.cs(41,20): warning CS8603: 可能返回 null 引用。 [/root/WorkSpace/CSharp/BannerlordModEditor/BannerlordModEditor.Common/BannerlordModEditor.Common.csproj]
     2>/root/WorkSpace/CSharp/BannerlordModEditor/BannerlordModEditor.Common/Models/Data/Looknfeel.cs(11,23): warning CS8618: 在退出构造函数时，不可为 null 的 属性 "Type" 必须包含非 null 值。请考虑添加 "required" 修饰符或将该 属性 声明为可为 null。 [/root/WorkSpace/CSharp/BannerlordModEditor/BannerlordModEditor.Common/BannerlordModEditor.Common.csproj]
     2>/root/WorkSpace/CSharp/BannerlordModEditor/BannerlordModEditor.Common/Models/Data/Looknfeel.cs(14,23): warning CS8618: 在退出构造函数时，不可为 null 的 属性 "VirtualResolution" 必须包含非 null 值。请考虑添加 "required" 修饰符或将该 属性 声明为可为 null。 [/root/WorkSpace/CSharp/BannerlordModEditor/BannerlordModEditor.Common/BannerlordModEditor.Common.csproj]
     2>/root/WorkSpace/CSharp/BannerlordModEditor/BannerlordModEditor.Common/Models/Data/Looknfeel.cs(17,33): warning CS8618: 在退出构造函数时，不可为 null 的 属性 "Widgets" 必须包含非 null 值。请考虑添加 "required" 修饰符或将该 属性 声明为可为 null。 [/root/WorkSpace/CSharp/BannerlordModEditor/BannerlordModEditor.Common/BannerlordModEditor.Common.csproj]
     2>/root/WorkSpace/CSharp/BannerlordModEditor/BannerlordModEditor.Common/Models/Data/Looknfeel.cs(247,32): warning CS8618: 在退出构造函数时，不可为 null 的 属性 "SubWidgetList" 必须包含非 null 值。请考虑添加 "required" 修饰符或将该 属性 声明为可为 null。 [/root/WorkSpace/CSharp/BannerlordModEditor/BannerlordModEditor.Common/BannerlordModEditor.Common.csproj]
     2>/root/WorkSpace/CSharp/BannerlordModEditor/BannerlordModEditor.Common/Models/Data/ManagedCampaignParameters.cs(23,47): warning CS8618: 在退出构造函数时，不可为 null 的 属性 "Parameters" 必须包含非 null 值。请考虑添加 "required" 修饰符或将该 属性 声明为可为 null。 [/root/WorkSpace/CSharp/BannerlordModEditor/BannerlordModEditor.Common/BannerlordModEditor.Common.csproj]
     2>/root/WorkSpace/CSharp/BannerlordModEditor/BannerlordModEditor.Common/Models/Data/ManagedCampaignParameters.cs(11,23): warning CS8618: 在退出构造函数时，不可为 null 的 属性 "Type" 必须包含非 null 值。请考虑添加 "required" 修饰符或将该 属性 声明为可为 null。 [/root/WorkSpace/CSharp/BannerlordModEditor/BannerlordModEditor.Common/BannerlordModEditor.Common.csproj]
     2>/root/WorkSpace/CSharp/BannerlordModEditor/BannerlordModEditor.Common/Models/Data/ManagedCampaignParameters.cs(14,51): warning CS8618: 在退出构造函数时，不可为 null 的 属性 "ParametersContainer" 必须包含非 null 值。请考虑添加 "required" 修饰符或将该 属性 声明为可为 null。 [/root/WorkSpace/CSharp/BannerlordModEditor/BannerlordModEditor.Common/BannerlordModEditor.Common.csproj]
     2>/root/WorkSpace/CSharp/BannerlordModEditor/BannerlordModEditor.Common/Mappers/CraftingTemplatesMapper.cs(175,40): warning CS8603: 可能返回 null 引用。 [/root/WorkSpace/CSharp/BannerlordModEditor/BannerlordModEditor.Common/BannerlordModEditor.Common.csproj]
     2>/root/WorkSpace/CSharp/BannerlordModEditor/BannerlordModEditor.Common/Models/Data/Looknfeel.cs(227,23): warning CS8618: 在退出构造函数时，不可为 null 的 属性 "Name" 必须包含非 null 值。请考虑添加 "required" 修饰符或将该 属性 声明为可为 null。 [/root/WorkSpace/CSharp/BannerlordModEditor/BannerlordModEditor.Common/BannerlordModEditor.Common.csproj]
     2>/root/WorkSpace/CSharp/BannerlordModEditor/BannerlordModEditor.Common/Models/Data/Looknfeel.cs(230,23): warning CS8618: 在退出构造函数时，不可为 null 的 属性 "Tiling" 必须包含非 null 值。请考虑添加 "required" 修饰符或将该 属性 声明为可为 null。 [/root/WorkSpace/CSharp/BannerlordModEditor/BannerlordModEditor.Common/BannerlordModEditor.Common.csproj]
     2>/root/WorkSpace/CSharp/BannerlordModEditor/BannerlordModEditor.Common/Models/Data/Looknfeel.cs(233,23): warning CS8618: 在退出构造函数时，不可为 null 的 属性 "MainMesh" 必须包含非 null 值。请考虑添加 "required" 修饰符或将该 属性 声明为可为 null。 [/root/WorkSpace/CSharp/BannerlordModEditor/BannerlordModEditor.Common/BannerlordModEditor.Common.csproj]
     2>/root/WorkSpace/CSharp/BannerlordModEditor/BannerlordModEditor.Common/Models/Data/Looknfeel.cs(236,23): warning CS8618: 在退出构造函数时，不可为 null 的 属性 "Position" 必须包含非 null 值。请考虑添加 "required" 修饰符或将该 属性 声明为可为 null。 [/root/WorkSpace/CSharp/BannerlordModEditor/BannerlordModEditor.Common/BannerlordModEditor.Common.csproj]
     2>/root/WorkSpace/CSharp/BannerlordModEditor/BannerlordModEditor.Common/Models/Data/ItemModifiers.cs(51,20): warning CS8603: 可能返回 null 引用。 [/root/WorkSpace/CSharp/BannerlordModEditor/BannerlordModEditor.Common/BannerlordModEditor.Common.csproj]
     2>/root/WorkSpace/CSharp/BannerlordModEditor/BannerlordModEditor.Common/Models/Data/ManagedCampaignParameters.cs(31,23): warning CS8618: 在退出构造函数时，不可为 null 的 属性 "Id" 必须包含非 null 值。请考虑添加 "required" 修饰符或将该 属性 声明为可为 null。 [/root/WorkSpace/CSharp/BannerlordModEditor/BannerlordModEditor.Common/BannerlordModEditor.Common.csproj]
     2>/root/WorkSpace/CSharp/BannerlordModEditor/BannerlordModEditor.Common/Models/Data/ManagedCampaignParameters.cs(34,23): warning CS8618: 在退出构造函数时，不可为 null 的 属性 "Value" 必须包含非 null 值。请考虑添加 "required" 修饰符或将该 属性 声明为可为 null。 [/root/WorkSpace/CSharp/BannerlordModEditor/BannerlordModEditor.Common/BannerlordModEditor.Common.csproj]
     2>/root/WorkSpace/CSharp/BannerlordModEditor/BannerlordModEditor.Common/Models/Data/MapIcons.cs(11,23): warning CS8618: 在退出构造函数时，不可为 null 的 属性 "Type" 必须包含非 null 值。请考虑添加 "required" 修饰符或将该 属性 声明为可为 null。 [/root/WorkSpace/CSharp/BannerlordModEditor/BannerlordModEditor.Common/BannerlordModEditor.Common.csproj]
     2>/root/WorkSpace/CSharp/BannerlordModEditor/BannerlordModEditor.Common/Models/Data/MapIcons.cs(14,34): warning CS8618: 在退出构造函数时，不可为 null 的 属性 "MapIconsContainer" 必须包含非 null 值。请考虑添加 "required" 修饰符或将该 属性 声明为可为 null。 [/root/WorkSpace/CSharp/BannerlordModEditor/BannerlordModEditor.Common/BannerlordModEditor.Common.csproj]
     2>/root/WorkSpace/CSharp/BannerlordModEditor/BannerlordModEditor.Common/Mappers/MpItemsMapper.cs(321,40): warning CS8603: 可能返回 null 引用。 [/root/WorkSpace/CSharp/BannerlordModEditor/BannerlordModEditor.Common/BannerlordModEditor.Common.csproj]
     2>/root/WorkSpace/CSharp/BannerlordModEditor/BannerlordModEditor.Common/Models/Data/ItemModifiers.cs(61,20): warning CS8603: 可能返回 null 引用。 [/root/WorkSpace/CSharp/BannerlordModEditor/BannerlordModEditor.Common/BannerlordModEditor.Common.csproj]
     2>/root/WorkSpace/CSharp/BannerlordModEditor/BannerlordModEditor.Common/Models/Data/DecalTexturesMultiplayer.cs(31,23): warning CS8618: 在退出构造函数时，不可为 null 的 属性 "Name" 必须包含非 null 值。请考虑添加 "required" 修饰符或将该 属性 声明为可为 null。 [/root/WorkSpace/CSharp/BannerlordModEditor/BannerlordModEditor.Common/BannerlordModEditor.Common.csproj]
     2>/root/WorkSpace/CSharp/BannerlordModEditor/BannerlordModEditor.Common/Models/Data/DecalTexturesMultiplayer.cs(34,23): warning CS8618: 在退出构造函数时，不可为 null 的 属性 "AtlasPos" 必须包含非 null 值。请考虑添加 "required" 修饰符或将该 属性 声明为可为 null。 [/root/WorkSpace/CSharp/BannerlordModEditor/BannerlordModEditor.Common/BannerlordModEditor.Common.csproj]
     2>/root/WorkSpace/CSharp/BannerlordModEditor/BannerlordModEditor.Common/Models/Data/DecalTexturesMultiplayer.cs(37,23): warning CS8618: 在退出构造函数时，不可为 null 的 属性 "IsDynamic" 必须包含非 null 值。请考虑添加 "required" 修饰符或将该 属性 声明为可为 null。 [/root/WorkSpace/CSharp/BannerlordModEditor/BannerlordModEditor.Common/BannerlordModEditor.Common.csproj]
     2>/root/WorkSpace/CSharp/BannerlordModEditor/BannerlordModEditor.Common/Mappers/CraftingTemplatesMapper.cs(188,40): warning CS8603: 可能返回 null 引用。 [/root/WorkSpace/CSharp/BannerlordModEditor/BannerlordModEditor.Common/BannerlordModEditor.Common.csproj]
     2>/root/WorkSpace/CSharp/BannerlordModEditor/BannerlordModEditor.Common/Models/Data/Looknfeel.cs(195,36): warning CS8618: 在退出构造函数时，不可为 null 的 属性 "BackgroundMeshes" 必须包含非 null 值。请考虑添加 "required" 修饰符或将该 属性 声明为可为 null。 [/root/WorkSpace/CSharp/BannerlordModEditor/BannerlordModEditor.Common/BannerlordModEditor.Common.csproj]
     2>/root/WorkSpace/CSharp/BannerlordModEditor/BannerlordModEditor.Common/Models/Data/Looknfeel.cs(198,36): warning CS8618: 在退出构造函数时，不可为 null 的 属性 "ButtonMeshes" 必须包含非 null 值。请考虑添加 "required" 修饰符或将该 属性 声明为可为 null。 [/root/WorkSpace/CSharp/BannerlordModEditor/BannerlordModEditor.Common/BannerlordModEditor.Common.csproj]
     2>/root/WorkSpace/CSharp/BannerlordModEditor/BannerlordModEditor.Common/Models/Data/Looknfeel.cs(201,36): warning CS8618: 在退出构造函数时，不可为 null 的 属性 "ButtonPressedMeshes" 必须包含非 null 值。请考虑添加 "required" 修饰符或将该 属性 声明为可为 null。 [/root/WorkSpace/CSharp/BannerlordModEditor/BannerlordModEditor.Common/BannerlordModEditor.Common.csproj]
     2>/root/WorkSpace/CSharp/BannerlordModEditor/BannerlordModEditor.Common/Models/Data/Looknfeel.cs(204,36): warning CS8618: 在退出构造函数时，不可为 null 的 属性 "HighlightMeshes" 必须包含非 null 值。请考虑添加 "required" 修饰符或将该 属性 声明为可为 null。 [/root/WorkSpace/CSharp/BannerlordModEditor/BannerlordModEditor.Common/BannerlordModEditor.Common.csproj]
     2>/root/WorkSpace/CSharp/BannerlordModEditor/BannerlordModEditor.Common/Models/Data/Looknfeel.cs(207,36): warning CS8618: 在退出构造函数时，不可为 null 的 属性 "CursorMeshes" 必须包含非 null 值。请考虑添加 "required" 修饰符或将该 属性 声明为可为 null。 [/root/WorkSpace/CSharp/BannerlordModEditor/BannerlordModEditor.Common/BannerlordModEditor.Common.csproj]
     2>/root/WorkSpace/CSharp/BannerlordModEditor/BannerlordModEditor.Common/Models/Data/Looknfeel.cs(210,36): warning CS8618: 在退出构造函数时，不可为 null 的 属性 "LeftBorderMeshes" 必须包含非 null 值。请考虑添加 "required" 修饰符或将该 属性 声明为可为 null。 [/root/WorkSpace/CSharp/BannerlordModEditor/BannerlordModEditor.Common/BannerlordModEditor.Common.csproj]
     2>/root/WorkSpace/CSharp/BannerlordModEditor/BannerlordModEditor.Common/Models/Data/Looknfeel.cs(213,36): warning CS8618: 在退出构造函数时，不可为 null 的 属性 "RightBorderMeshes" 必须包含非 null 值。请考虑添加 "required" 修饰符或将该 属性 声明为可为 null。 [/root/WorkSpace/CSharp/BannerlordModEditor/BannerlordModEditor.Common/BannerlordModEditor.Common.csproj]
     2>/root/WorkSpace/CSharp/BannerlordModEditor/BannerlordModEditor.Common/Models/Data/MapIcons.cs(28,23): warning CS8618: 在退出构造函数时，不可为 null 的 属性 "Id" 必须包含非 null 值。请考虑添加 "required" 修饰符或将该 属性 声明为可为 null。 [/root/WorkSpace/CSharp/BannerlordModEditor/BannerlordModEditor.Common/BannerlordModEditor.Common.csproj]
     2>/root/WorkSpace/CSharp/BannerlordModEditor/BannerlordModEditor.Common/Models/Data/MapIcons.cs(31,23): warning CS8618: 在退出构造函数时，不可为 null 的 属性 "IdStr" 必须包含非 null 值。请考虑添加 "required" 修饰符或将该 属性 声明为可为 null。 [/root/WorkSpace/CSharp/BannerlordModEditor/BannerlordModEditor.Common/BannerlordModEditor.Common.csproj]
     2>/root/WorkSpace/CSharp/BannerlordModEditor/BannerlordModEditor.Common/Models/Data/MapIcons.cs(34,23): warning CS8618: 在退出构造函数时，不可为 null 的 属性 "Flags" 必须包含非 null 值。请考虑添加 "required" 修饰符或将该 属性 声明为可为 null。 [/root/WorkSpace/CSharp/BannerlordModEditor/BannerlordModEditor.Common/BannerlordModEditor.Common.csproj]
     2>/root/WorkSpace/CSharp/BannerlordModEditor/BannerlordModEditor.Common/Models/Data/MapIcons.cs(37,23): warning CS8618: 在退出构造函数时，不可为 null 的 属性 "MeshName" 必须包含非 null 值。请考虑添加 "required" 修饰符或将该 属性 声明为可为 null。 [/root/WorkSpace/CSharp/BannerlordModEditor/BannerlordModEditor.Common/BannerlordModEditor.Common.csproj]
     2>/root/WorkSpace/CSharp/BannerlordModEditor/BannerlordModEditor.Common/Models/Data/MapIcons.cs(46,23): warning CS8618: 在退出构造函数时，不可为 null 的 属性 "OffsetPos" 必须包含非 null 值。请考虑添加 "required" 修饰符或将该 属性 声明为可为 null。 [/root/WorkSpace/CSharp/BannerlordModEditor/BannerlordModEditor.Common/BannerlordModEditor.Common.csproj]
     2>/root/WorkSpace/CSharp/BannerlordModEditor/BannerlordModEditor.Common/Mappers/CraftingTemplatesMapper.cs(201,40): warning CS8603: 可能返回 null 引用。 [/root/WorkSpace/CSharp/BannerlordModEditor/BannerlordModEditor.Common/BannerlordModEditor.Common.csproj]
     2>/root/WorkSpace/CSharp/BannerlordModEditor/BannerlordModEditor.Common/Mappers/CraftingTemplatesMapper.cs(212,40): warning CS8603: 可能返回 null 引用。 [/root/WorkSpace/CSharp/BannerlordModEditor/BannerlordModEditor.Common/BannerlordModEditor.Common.csproj]
     2>/root/WorkSpace/CSharp/BannerlordModEditor/BannerlordModEditor.Common/Models/Data/ItemModifiers.cs(71,20): warning CS8603: 可能返回 null 引用。 [/root/WorkSpace/CSharp/BannerlordModEditor/BannerlordModEditor.Common/BannerlordModEditor.Common.csproj]
     2>/root/WorkSpace/CSharp/BannerlordModEditor/BannerlordModEditor.Common/Mappers/MpItemsMapper.cs(346,40): warning CS8603: 可能返回 null 引用。 [/root/WorkSpace/CSharp/BannerlordModEditor/BannerlordModEditor.Common/BannerlordModEditor.Common.csproj]
     2>/root/WorkSpace/CSharp/BannerlordModEditor/BannerlordModEditor.Common/Models/Data/DecalTexturesWorldmap.cs(11,23): warning CS8618: 在退出构造函数时，不可为 null 的 属性 "Type" 必须包含非 null 值。请考虑添加 "required" 修饰符或将该 属性 声明为可为 null。 [/root/WorkSpace/CSharp/BannerlordModEditor/BannerlordModEditor.Common/BannerlordModEditor.Common.csproj]
     2>/root/WorkSpace/CSharp/BannerlordModEditor/BannerlordModEditor.Common/Models/Data/DecalTexturesWorldmap.cs(14,51): warning CS8618: 在退出构造函数时，不可为 null 的 属性 "DecalTextures" 必须包含非 null 值。请考虑添加 "required" 修饰符或将该 属性 声明为可为 null。 [/root/WorkSpace/CSharp/BannerlordModEditor/BannerlordModEditor.Common/BannerlordModEditor.Common.csproj]
     2>/root/WorkSpace/CSharp/BannerlordModEditor/BannerlordModEditor.Common/Models/DTO/ItemHolstersDTO.cs(27,23): warning CS8618: 在退出构造函数时，不可为 null 的 属性 "Id" 必须包含非 null 值。请考虑添加 "required" 修饰符或将该 属性 声明为可为 null。 [/root/WorkSpace/CSharp/BannerlordModEditor/BannerlordModEditor.Common/BannerlordModEditor.Common.csproj]
     2>/root/WorkSpace/CSharp/BannerlordModEditor/BannerlordModEditor.Common/Models/DTO/ItemHolstersDTO.cs(30,23): warning CS8618: 在退出构造函数时，不可为 null 的 属性 "EquipAction" 必须包含非 null 值。请考虑添加 "required" 修饰符或将该 属性 声明为可为 null。 [/root/WorkSpace/CSharp/BannerlordModEditor/BannerlordModEditor.Common/BannerlordModEditor.Common.csproj]
     2>/root/WorkSpace/CSharp/BannerlordModEditor/BannerlordModEditor.Common/Models/DTO/ItemHolstersDTO.cs(33,23): warning CS8618: 在退出构造函数时，不可为 null 的 属性 "EquipActionLeftStance" 必须包含非 null 值。请考虑添加 "required" 修饰符或将该 属性 声明为可为 null。 [/root/WorkSpace/CSharp/BannerlordModEditor/BannerlordModEditor.Common/BannerlordModEditor.Common.csproj]
     2>/root/WorkSpace/CSharp/BannerlordModEditor/BannerlordModEditor.Common/Models/DTO/ItemHolstersDTO.cs(36,23): warning CS8618: 在退出构造函数时，不可为 null 的 属性 "UnequipAction" 必须包含非 null 值。请考虑添加 "required" 修饰符或将该 属性 声明为可为 null。 [/root/WorkSpace/CSharp/BannerlordModEditor/BannerlordModEditor.Common/BannerlordModEditor.Common.csproj]
     2>/root/WorkSpace/CSharp/BannerlordModEditor/BannerlordModEditor.Common/Models/DTO/ItemHolstersDTO.cs(39,23): warning CS8618: 在退出构造函数时，不可为 null 的 属性 "UnequipActionLeftStance" 必须包含非 null 值。请考虑添加 "required" 修饰符或将该 属性 声明为可为 null。 [/root/WorkSpace/CSharp/BannerlordModEditor/BannerlordModEditor.Common/BannerlordModEditor.Common.csproj]
     2>/root/WorkSpace/CSharp/BannerlordModEditor/BannerlordModEditor.Common/Models/DTO/ItemHolstersDTO.cs(42,23): warning CS8618: 在退出构造函数时，不可为 null 的 属性 "ShowHolsterWhenDrawn" 必须包含非 null 值。请考虑添加 "required" 修饰符或将该 属性 声明为可为 null。 [/root/WorkSpace/CSharp/BannerlordModEditor/BannerlordModEditor.Common/BannerlordModEditor.Common.csproj]
     2>/root/WorkSpace/CSharp/BannerlordModEditor/BannerlordModEditor.Common/Models/DTO/ItemHolstersDTO.cs(45,23): warning CS8618: 在退出构造函数时，不可为 null 的 属性 "GroupName" 必须包含非 null 值。请考虑添加 "required" 修饰符或将该 属性 声明为可为 null。 [/root/WorkSpace/CSharp/BannerlordModEditor/BannerlordModEditor.Common/BannerlordModEditor.Common.csproj]
     2>/root/WorkSpace/CSharp/BannerlordModEditor/BannerlordModEditor.Common/Models/DTO/ItemHolstersDTO.cs(48,23): warning CS8618: 在退出构造函数时，不可为 null 的 属性 "HolsterSkeleton" 必须包含非 null 值。请考虑添加 "required" 修饰符或将该 属性 声明为可为 null。 [/root/WorkSpace/CSharp/BannerlordModEditor/BannerlordModEditor.Common/BannerlordModEditor.Common.csproj]
     2>/root/WorkSpace/CSharp/BannerlordModEditor/BannerlordModEditor.Common/Models/DTO/ItemHolstersDTO.cs(51,23): warning CS8618: 在退出构造函数时，不可为 null 的 属性 "HolsterBone" 必须包含非 null 值。请考虑添加 "required" 修饰符或将该 属性 声明为可为 null。 [/root/WorkSpace/CSharp/BannerlordModEditor/BannerlordModEditor.Common/BannerlordModEditor.Common.csproj]
     2>/root/WorkSpace/CSharp/BannerlordModEditor/BannerlordModEditor.Common/Models/DTO/ItemHolstersDTO.cs(54,23): warning CS8618: 在退出构造函数时，不可为 null 的 属性 "BaseSet" 必须包含非 null 值。请考虑添加 "required" 修饰符或将该 属性 声明为可为 null。 [/root/WorkSpace/CSharp/BannerlordModEditor/BannerlordModEditor.Common/BannerlordModEditor.Common.csproj]
     2>/root/WorkSpace/CSharp/BannerlordModEditor/BannerlordModEditor.Common/Models/DTO/ItemHolstersDTO.cs(57,23): warning CS8618: 在退出构造函数时，不可为 null 的 属性 "HolsterPosition" 必须包含非 null 值。请考虑添加 "required" 修饰符或将该 属性 声明为可为 null。 [/root/WorkSpace/CSharp/BannerlordModEditor/BannerlordModEditor.Common/BannerlordModEditor.Common.csproj]
     2>/root/WorkSpace/CSharp/BannerlordModEditor/BannerlordModEditor.Common/Models/DTO/ItemHolstersDTO.cs(60,23): warning CS8618: 在退出构造函数时，不可为 null 的 属性 "HolsterRotationYawPitchRoll" 必须包含非 null 值。请考虑添加 "required" 修饰符或将该 属性 声明为可为 null。 [/root/WorkSpace/CSharp/BannerlordModEditor/BannerlordModEditor.Common/BannerlordModEditor.Common.csproj]
     2>/root/WorkSpace/CSharp/BannerlordModEditor/BannerlordModEditor.Common/Models/Data/DecalTexturesTown.cs(31,23): warning CS8618: 在退出构造函数时，不可为 null 的 属性 "Name" 必须包含非 null 值。请考虑添加 "required" 修饰符或将该 属性 声明为可为 null。 [/root/WorkSpace/CSharp/BannerlordModEditor/BannerlordModEditor.Common/BannerlordModEditor.Common.csproj]
     2>/root/WorkSpace/CSharp/BannerlordModEditor/BannerlordModEditor.Common/Models/Data/DecalTexturesTown.cs(34,23): warning CS8618: 在退出构造函数时，不可为 null 的 属性 "AtlasPos" 必须包含非 null 值。请考虑添加 "required" 修饰符或将该 属性 声明为可为 null。 [/root/WorkSpace/CSharp/BannerlordModEditor/BannerlordModEditor.Common/BannerlordModEditor.Common.csproj]
     2>/root/WorkSpace/CSharp/BannerlordModEditor/BannerlordModEditor.Common/Models/Data/DecalTexturesTown.cs(37,23): warning CS8618: 在退出构造函数时，不可为 null 的 属性 "IsDynamic" 必须包含非 null 值。请考虑添加 "required" 修饰符或将该 属性 声明为可为 null。 [/root/WorkSpace/CSharp/BannerlordModEditor/BannerlordModEditor.Common/BannerlordModEditor.Common.csproj]
     2>/root/WorkSpace/CSharp/BannerlordModEditor/BannerlordModEditor.Common/Models/Data/ItemModifiers.cs(81,20): warning CS8603: 可能返回 null 引用。 [/root/WorkSpace/CSharp/BannerlordModEditor/BannerlordModEditor.Common/BannerlordModEditor.Common.csproj]
     2>/root/WorkSpace/CSharp/BannerlordModEditor/BannerlordModEditor.Common/Mappers/MpItemsMapper.cs(357,40): warning CS8603: 可能返回 null 引用。 [/root/WorkSpace/CSharp/BannerlordModEditor/BannerlordModEditor.Common/BannerlordModEditor.Common.csproj]
     2>/root/WorkSpace/CSharp/BannerlordModEditor/BannerlordModEditor.Common/Mappers/MpItemsMapper.cs(388,38): warning CS8604: “ItemComponentDO MpItemsMapper.ToDO(ItemComponentDTO source)”中的形参“source”可能传入 null 引用实参。 [/root/WorkSpace/CSharp/BannerlordModEditor/BannerlordModEditor.Common/BannerlordModEditor.Common.csproj]
     2>/root/WorkSpace/CSharp/BannerlordModEditor/BannerlordModEditor.Common/Mappers/MpItemsMapper.cs(389,30): warning CS8604: “ItemFlagsDO MpItemsMapper.ToDO(ItemFlagsDTO source)”中的形参“source”可能传入 null 引用实参。 [/root/WorkSpace/CSharp/BannerlordModEditor/BannerlordModEditor.Common/BannerlordModEditor.Common.csproj]
     2>/root/WorkSpace/CSharp/BannerlordModEditor/BannerlordModEditor.Common/Models/Data/ItemModifiers.cs(97,20): warning CS8603: 可能返回 null 引用。 [/root/WorkSpace/CSharp/BannerlordModEditor/BannerlordModEditor.Common/BannerlordModEditor.Common.csproj]
     2>/root/WorkSpace/CSharp/BannerlordModEditor/BannerlordModEditor.Common/Mappers/MpItemsMapper.cs(395,40): warning CS8603: 可能返回 null 引用。 [/root/WorkSpace/CSharp/BannerlordModEditor/BannerlordModEditor.Common/BannerlordModEditor.Common.csproj]
     2>/root/WorkSpace/CSharp/BannerlordModEditor/BannerlordModEditor.Common/Mappers/MpItemsMapper.cs(406,31): warning CS8604: “PiecesDO MpItemsMapper.ToDO(PiecesDTO source)”中的形参“source”可能传入 null 引用实参。 [/root/WorkSpace/CSharp/BannerlordModEditor/BannerlordModEditor.Common/BannerlordModEditor.Common.csproj]
     2>/root/WorkSpace/CSharp/BannerlordModEditor/BannerlordModEditor.Common/Models/Data/Mpcosmetics.cs(70,23): warning CS8618: 在退出构造函数时，不可为 null 的 属性 "Troop" 必须包含非 null 值。请考虑添加 "required" 修饰符或将该 属性 声明为可为 null。 [/root/WorkSpace/CSharp/BannerlordModEditor/BannerlordModEditor.Common/BannerlordModEditor.Common.csproj]
     2>/root/WorkSpace/CSharp/BannerlordModEditor/BannerlordModEditor.Common/Models/Data/Mpcosmetics.cs(73,23): warning CS8618: 在退出构造函数时，不可为 null 的 属性 "Slot" 必须包含非 null 值。请考虑添加 "required" 修饰符或将该 属性 声明为可为 null。 [/root/WorkSpace/CSharp/BannerlordModEditor/BannerlordModEditor.Common/BannerlordModEditor.Common.csproj]
     2>/root/WorkSpace/CSharp/BannerlordModEditor/BannerlordModEditor.Common/Models/Data/Mpcosmetics.cs(19,23): warning CS8618: 在退出构造函数时，不可为 null 的 属性 "Type" 必须包含非 null 值。请考虑添加 "required" 修饰符或将该 属性 声明为可为 null。 [/root/WorkSpace/CSharp/BannerlordModEditor/BannerlordModEditor.Common/BannerlordModEditor.Common.csproj]
     2>/root/WorkSpace/CSharp/BannerlordModEditor/BannerlordModEditor.Common/Models/Data/Mpcosmetics.cs(22,23): warning CS8618: 在退出构造函数时，不可为 null 的 属性 "Id" 必须包含非 null 值。请考虑添加 "required" 修饰符或将该 属性 声明为可为 null。 [/root/WorkSpace/CSharp/BannerlordModEditor/BannerlordModEditor.Common/BannerlordModEditor.Common.csproj]
     2>/root/WorkSpace/CSharp/BannerlordModEditor/BannerlordModEditor.Common/Models/Data/Mpcosmetics.cs(25,23): warning CS8618: 在退出构造函数时，不可为 null 的 属性 "Rarity" 必须包含非 null 值。请考虑添加 "required" 修饰符或将该 属性 声明为可为 null。 [/root/WorkSpace/CSharp/BannerlordModEditor/BannerlordModEditor.Common/BannerlordModEditor.Common.csproj]
     2>/root/WorkSpace/CSharp/BannerlordModEditor/BannerlordModEditor.Common/Models/Data/Mpcosmetics.cs(28,23): warning CS8618: 在退出构造函数时，不可为 null 的 属性 "Cost" 必须包含非 null 值。请考虑添加 "required" 修饰符或将该 属性 声明为可为 null。 [/root/WorkSpace/CSharp/BannerlordModEditor/BannerlordModEditor.Common/BannerlordModEditor.Common.csproj]
     2>/root/WorkSpace/CSharp/BannerlordModEditor/BannerlordModEditor.Common/Models/Data/Mpcosmetics.cs(31,24): warning CS8618: 在退出构造函数时，不可为 null 的 属性 "Replace" 必须包含非 null 值。请考虑添加 "required" 修饰符或将该 属性 声明为可为 null。 [/root/WorkSpace/CSharp/BannerlordModEditor/BannerlordModEditor.Common/BannerlordModEditor.Common.csproj]
     2>/root/WorkSpace/CSharp/BannerlordModEditor/BannerlordModEditor.Common/Models/Data/MpCraftingPieces.cs(78,23): warning CS8618: 在退出构造函数时，不可为 null 的 属性 "PieceOffset" 必须包含非 null 值。请考虑添加 "required" 修饰符或将该 属性 声明为可为 null。 [/root/WorkSpace/CSharp/BannerlordModEditor/BannerlordModEditor.Common/BannerlordModEditor.Common.csproj]
     2>/root/WorkSpace/CSharp/BannerlordModEditor/BannerlordModEditor.Common/Models/Data/MpCraftingPieces.cs(81,23): warning CS8618: 在退出构造函数时，不可为 null 的 属性 "PreviousPieceOffset" 必须包含非 null 值。请考虑添加 "required" 修饰符或将该 属性 声明为可为 null。 [/root/WorkSpace/CSharp/BannerlordModEditor/BannerlordModEditor.Common/BannerlordModEditor.Common.csproj]
     2>/root/WorkSpace/CSharp/BannerlordModEditor/BannerlordModEditor.Common/Models/Data/MpCraftingPieces.cs(126,23): warning CS8618: 在退出构造函数时，不可为 null 的 属性 "DamageType" 必须包含非 null 值。请考虑添加 "required" 修饰符或将该 属性 声明为可为 null。 [/root/WorkSpace/CSharp/BannerlordModEditor/BannerlordModEditor.Common/BannerlordModEditor.Common.csproj]
     2>/root/WorkSpace/CSharp/BannerlordModEditor/BannerlordModEditor.Common/Models/Data/MpCraftingPieces.cs(129,23): warning CS8618: 在退出构造函数时，不可为 null 的 属性 "DamageFactor" 必须包含非 null 值。请考虑添加 "required" 修饰符或将该 属性 声明为可为 null。 [/root/WorkSpace/CSharp/BannerlordModEditor/BannerlordModEditor.Common/BannerlordModEditor.Common.csproj]
     2>/root/WorkSpace/CSharp/BannerlordModEditor/BannerlordModEditor.Common/Mappers/MpItemsMapper.cs(412,40): warning CS8603: 可能返回 null 引用。 [/root/WorkSpace/CSharp/BannerlordModEditor/BannerlordModEditor.Common/BannerlordModEditor.Common.csproj]
     2>/root/WorkSpace/CSharp/BannerlordModEditor/BannerlordModEditor.Common/Models/Data/MpCraftingPieces.cs(138,23): warning CS8618: 在退出构造函数时，不可为 null 的 属性 "DamageType" 必须包含非 null 值。请考虑添加 "required" 修饰符或将该 属性 声明为可为 null。 [/root/WorkSpace/CSharp/BannerlordModEditor/BannerlordModEditor.Common/BannerlordModEditor.Common.csproj]
     2>/root/WorkSpace/CSharp/BannerlordModEditor/BannerlordModEditor.Common/Models/Data/MpCraftingPieces.cs(141,23): warning CS8618: 在退出构造函数时，不可为 null 的 属性 "DamageFactor" 必须包含非 null 值。请考虑添加 "required" 修饰符或将该 属性 声明为可为 null。 [/root/WorkSpace/CSharp/BannerlordModEditor/BannerlordModEditor.Common/BannerlordModEditor.Common.csproj]
     2>/root/WorkSpace/CSharp/BannerlordModEditor/BannerlordModEditor.Common/Mappers/MpItemsMapper.cs(422,40): warning CS8603: 可能返回 null 引用。 [/root/WorkSpace/CSharp/BannerlordModEditor/BannerlordModEditor.Common/BannerlordModEditor.Common.csproj]
     2>/root/WorkSpace/CSharp/BannerlordModEditor/BannerlordModEditor.Common/Models/Data/MpCraftingPieces.cs(158,23): warning CS8618: 在退出构造函数时，不可为 null 的 属性 "Name" 必须包含非 null 值。请考虑添加 "required" 修饰符或将该 属性 声明为可为 null。 [/root/WorkSpace/CSharp/BannerlordModEditor/BannerlordModEditor.Common/BannerlordModEditor.Common.csproj]
     2>/root/WorkSpace/CSharp/BannerlordModEditor/BannerlordModEditor.Common/Models/Data/MpCraftingPieces.cs(161,23): warning CS8618: 在退出构造函数时，不可为 null 的 属性 "Type" 必须包含非 null 值。请考虑添加 "required" 修饰符或将该 属性 声明为可为 null。 [/root/WorkSpace/CSharp/BannerlordModEditor/BannerlordModEditor.Common/BannerlordModEditor.Common.csproj]
     2>/root/WorkSpace/CSharp/BannerlordModEditor/BannerlordModEditor.Common/Models/Data/MpCraftingPieces.cs(19,23): warning CS8618: 在退出构造函数时，不可为 null 的 属性 "Id" 必须包含非 null 值。请考虑添加 "required" 修饰符或将该 属性 声明为可为 null。 [/root/WorkSpace/CSharp/BannerlordModEditor/BannerlordModEditor.Common/BannerlordModEditor.Common.csproj]
     2>/root/WorkSpace/CSharp/BannerlordModEditor/BannerlordModEditor.Common/Models/Data/MpCraftingPieces.cs(22,23): warning CS8618: 在退出构造函数时，不可为 null 的 属性 "Name" 必须包含非 null 值。请考虑添加 "required" 修饰符或将该 属性 声明为可为 null。 [/root/WorkSpace/CSharp/BannerlordModEditor/BannerlordModEditor.Common/BannerlordModEditor.Common.csproj]
     2>/root/WorkSpace/CSharp/BannerlordModEditor/BannerlordModEditor.Common/Models/Data/MpCraftingPieces.cs(25,23): warning CS8618: 在退出构造函数时，不可为 null 的 属性 "Tier" 必须包含非 null 值。请考虑添加 "required" 修饰符或将该 属性 声明为可为 null。 [/root/WorkSpace/CSharp/BannerlordModEditor/BannerlordModEditor.Common/BannerlordModEditor.Common.csproj]
     2>/root/WorkSpace/CSharp/BannerlordModEditor/BannerlordModEditor.Common/Models/Data/MpCraftingPieces.cs(28,23): warning CS8618: 在退出构造函数时，不可为 null 的 属性 "PieceType" 必须包含非 null 值。请考虑添加 "required" 修饰符或将该 属性 声明为可为 null。 [/root/WorkSpace/CSharp/BannerlordModEditor/BannerlordModEditor.Common/BannerlordModEditor.Common.csproj]
     2>/root/WorkSpace/CSharp/BannerlordModEditor/BannerlordModEditor.Common/Models/Data/MpCraftingPieces.cs(31,23): warning CS8618: 在退出构造函数时，不可为 null 的 属性 "Mesh" 必须包含非 null 值。请考虑添加 "required" 修饰符或将该 属性 声明为可为 null。 [/root/WorkSpace/CSharp/BannerlordModEditor/BannerlordModEditor.Common/BannerlordModEditor.Common.csproj]
     2>/root/WorkSpace/CSharp/BannerlordModEditor/BannerlordModEditor.Common/Models/Data/MpCraftingPieces.cs(34,23): warning CS8618: 在退出构造函数时，不可为 null 的 属性 "DistanceToNextPiece" 必须包含非 null 值。请考虑添加 "required" 修饰符或将该 属性 声明为可为 null。 [/root/WorkSpace/CSharp/BannerlordModEditor/BannerlordModEditor.Common/BannerlordModEditor.Common.csproj]
     2>/root/WorkSpace/CSharp/BannerlordModEditor/BannerlordModEditor.Common/Models/Data/MpCraftingPieces.cs(37,23): warning CS8618: 在退出构造函数时，不可为 null 的 属性 "DistanceToPreviousPiece" 必须包含非 null 值。请考虑添加 "required" 修饰符或将该 属性 声明为可为 null。 [/root/WorkSpace/CSharp/BannerlordModEditor/BannerlordModEditor.Common/BannerlordModEditor.Common.csproj]
     2>/root/WorkSpace/CSharp/BannerlordModEditor/BannerlordModEditor.Common/Models/Data/MpCraftingPieces.cs(40,23): warning CS8618: 在退出构造函数时，不可为 null 的 属性 "Weight" 必须包含非 null 值。请考虑添加 "required" 修饰符或将该 属性 声明为可为 null。 [/root/WorkSpace/CSharp/BannerlordModEditor/BannerlordModEditor.Common/BannerlordModEditor.Common.csproj]
     2>/root/WorkSpace/CSharp/BannerlordModEditor/BannerlordModEditor.Common/Models/Data/MpCraftingPieces.cs(43,23): warning CS8618: 在退出构造函数时，不可为 null 的 属性 "ExcludedItemUsageFeatures" 必须包含非 null 值。请考虑添加 "required" 修饰符或将该 属性 声明为可为 null。 [/root/WorkSpace/CSharp/BannerlordModEditor/BannerlordModEditor.Common/BannerlordModEditor.Common.csproj]
     2>/root/WorkSpace/CSharp/BannerlordModEditor/BannerlordModEditor.Common/Models/Data/MpCraftingPieces.cs(46,23): warning CS8618: 在退出构造函数时，不可为 null 的 属性 "Length" 必须包含非 null 值。请考虑添加 "required" 修饰符或将该 属性 声明为可为 null。 [/root/WorkSpace/CSharp/BannerlordModEditor/BannerlordModEditor.Common/BannerlordModEditor.Common.csproj]
     2>/root/WorkSpace/CSharp/BannerlordModEditor/BannerlordModEditor.Common/Models/Data/MpCraftingPieces.cs(49,23): warning CS8618: 在退出构造函数时，不可为 null 的 属性 "FullScale" 必须包含非 null 值。请考虑添加 "required" 修饰符或将该 属性 声明为可为 null。 [/root/WorkSpace/CSharp/BannerlordModEditor/BannerlordModEditor.Common/BannerlordModEditor.Common.csproj]
     2>/root/WorkSpace/CSharp/BannerlordModEditor/BannerlordModEditor.Common/Models/Data/MpCraftingPieces.cs(52,23): warning CS8618: 在退出构造函数时，不可为 null 的 属性 "Culture" 必须包含非 null 值。请考虑添加 "required" 修饰符或将该 属性 声明为可为 null。 [/root/WorkSpace/CSharp/BannerlordModEditor/BannerlordModEditor.Common/BannerlordModEditor.Common.csproj]
     2>/root/WorkSpace/CSharp/BannerlordModEditor/BannerlordModEditor.Common/Models/Data/MpCraftingPieces.cs(55,28): warning CS8618: 在退出构造函数时，不可为 null 的 属性 "BuildData" 必须包含非 null 值。请考虑添加 "required" 修饰符或将该 属性 声明为可为 null。 [/root/WorkSpace/CSharp/BannerlordModEditor/BannerlordModEditor.Common/BannerlordModEditor.Common.csproj]
     2>/root/WorkSpace/CSharp/BannerlordModEditor/BannerlordModEditor.Common/Models/Data/MpCraftingPieces.cs(58,28): warning CS8618: 在退出构造函数时，不可为 null 的 属性 "BladeData" 必须包含非 null 值。请考虑添加 "required" 修饰符或将该 属性 声明为可为 null。 [/root/WorkSpace/CSharp/BannerlordModEditor/BannerlordModEditor.Common/BannerlordModEditor.Common.csproj]
     2>/root/WorkSpace/CSharp/BannerlordModEditor/BannerlordModEditor.Common/Models/Data/MpCraftingPieces.cs(61,32): warning CS8618: 在退出构造函数时，不可为 null 的 属性 "Flags" 必须包含非 null 值。请考虑添加 "required" 修饰符或将该 属性 声明为可为 null。 [/root/WorkSpace/CSharp/BannerlordModEditor/BannerlordModEditor.Common/BannerlordModEditor.Common.csproj]
     2>/root/WorkSpace/CSharp/BannerlordModEditor/BannerlordModEditor.Common/Models/Data/MpCraftingPieces.cs(90,23): warning CS8618: 在退出构造函数时，不可为 null 的 属性 "StackAmount" 必须包含非 null 值。请考虑添加 "required" 修饰符或将该 属性 声明为可为 null。 [/root/WorkSpace/CSharp/BannerlordModEditor/BannerlordModEditor.Common/BannerlordModEditor.Common.csproj]
     2>/root/WorkSpace/CSharp/BannerlordModEditor/BannerlordModEditor.Common/Models/Data/MpCraftingPieces.cs(93,23): warning CS8618: 在退出构造函数时，不可为 null 的 属性 "BladeLength" 必须包含非 null 值。请考虑添加 "required" 修饰符或将该 属性 声明为可为 null。 [/root/WorkSpace/CSharp/BannerlordModEditor/BannerlordModEditor.Common/BannerlordModEditor.Common.csproj]
     2>/root/WorkSpace/CSharp/BannerlordModEditor/BannerlordModEditor.Common/Models/Data/MpCraftingPieces.cs(96,23): warning CS8618: 在退出构造函数时，不可为 null 的 属性 "BladeWidth" 必须包含非 null 值。请考虑添加 "required" 修饰符或将该 属性 声明为可为 null。 [/root/WorkSpace/CSharp/BannerlordModEditor/BannerlordModEditor.Common/BannerlordModEditor.Common.csproj]
     2>/root/WorkSpace/CSharp/BannerlordModEditor/BannerlordModEditor.Common/Models/Data/MpCraftingPieces.cs(99,23): warning CS8618: 在退出构造函数时，不可为 null 的 属性 "PhysicsMaterial" 必须包含非 null 值。请考虑添加 "required" 修饰符或将该 属性 声明为可为 null。 [/root/WorkSpace/CSharp/BannerlordModEditor/BannerlordModEditor.Common/BannerlordModEditor.Common.csproj]
     2>/root/WorkSpace/CSharp/BannerlordModEditor/BannerlordModEditor.Common/Models/Data/MpCraftingPieces.cs(102,23): warning CS8618: 在退出构造函数时，不可为 null 的 属性 "BodyName" 必须包含非 null 值。请考虑添加 "required" 修饰符或将该 属性 声明为可为 null。 [/root/WorkSpace/CSharp/BannerlordModEditor/BannerlordModEditor.Common/BannerlordModEditor.Common.csproj]
     2>/root/WorkSpace/CSharp/BannerlordModEditor/BannerlordModEditor.Common/Models/Data/MpCraftingPieces.cs(105,23): warning CS8618: 在退出构造函数时，不可为 null 的 属性 "HolsterMesh" 必须包含非 null 值。请考虑添加 "required" 修饰符或将该 属性 声明为可为 null。 [/root/WorkSpace/CSharp/BannerlordModEditor/BannerlordModEditor.Common/BannerlordModEditor.Common.csproj]
     2>/root/WorkSpace/CSharp/BannerlordModEditor/BannerlordModEditor.Common/Models/Data/MpCraftingPieces.cs(108,25): warning CS8618: 在退出构造函数时，不可为 null 的 属性 "Thrust" 必须包含非 null 值。请考虑添加 "required" 修饰符或将该 属性 声明为可为 null。 [/root/WorkSpace/CSharp/BannerlordModEditor/BannerlordModEditor.Common/BannerlordModEditor.Common.csproj]
     2>/root/WorkSpace/CSharp/BannerlordModEditor/BannerlordModEditor.Common/Models/Data/MpCraftingPieces.cs(111,24): warning CS8618: 在退出构造函数时，不可为 null 的 属性 "Swing" 必须包含非 null 值。请考虑添加 "required" 修饰符或将该 属性 声明为可为 null。 [/root/WorkSpace/CSharp/BannerlordModEditor/BannerlordModEditor.Common/BannerlordModEditor.Common.csproj]
     2>/root/WorkSpace/CSharp/BannerlordModEditor/BannerlordModEditor.Common/Models/Data/Mpitems.cs(76,29): warning CS8618: 在退出构造函数时，不可为 null 的 属性 "Armor" 必须包含非 null 值。请考虑添加 "required" 修饰符或将该 属性 声明为可为 null。 [/root/WorkSpace/CSharp/BannerlordModEditor/BannerlordModEditor.Common/BannerlordModEditor.Common.csproj]
     2>/root/WorkSpace/CSharp/BannerlordModEditor/BannerlordModEditor.Common/Models/Data/CombatParameters.cs(43,23): warning CS8618: 在退出构造函数时，不可为 null 的 属性 "Id" 必须包含非 null 值。请考虑添加 "required" 修饰符或将该 属性 声明为可为 null。 [/root/WorkSpace/CSharp/BannerlordModEditor/BannerlordModEditor.Common/BannerlordModEditor.Common.csproj]
     2>/root/WorkSpace/CSharp/BannerlordModEditor/BannerlordModEditor.Common/Models/Data/CombatParameters.cs(46,23): warning CS8618: 在退出构造函数时，不可为 null 的 属性 "CollisionCheckStartingPercent" 必须包含非 null 值。请考虑添加 "required" 修饰符或将该 属性 声明为可为 null。 [/root/WorkSpace/CSharp/BannerlordModEditor/BannerlordModEditor.Common/BannerlordModEditor.Common.csproj]
     2>/root/WorkSpace/CSharp/BannerlordModEditor/BannerlordModEditor.Common/Models/Data/CombatParameters.cs(50,23): warning CS8618: 在退出构造函数时，不可为 null 的 属性 "CollisionDamageStartingPercent" 必须包含非 null 值。请考虑添加 "required" 修饰符或将该 属性 声明为可为 null。 [/root/WorkSpace/CSharp/BannerlordModEditor/BannerlordModEditor.Common/BannerlordModEditor.Common.csproj]
     2>/root/WorkSpace/CSharp/BannerlordModEditor/BannerlordModEditor.Common/Models/Data/CombatParameters.cs(54,23): warning CS8618: 在退出构造函数时，不可为 null 的 属性 "CollisionCheckEndingPercent" 必须包含非 null 值。请考虑添加 "required" 修饰符或将该 属性 声明为可为 null。 [/root/WorkSpace/CSharp/BannerlordModEditor/BannerlordModEditor.Common/BannerlordModEditor.Common.csproj]
     2>/root/WorkSpace/CSharp/BannerlordModEditor/BannerlordModEditor.Common/Models/Data/CombatParameters.cs(58,23): warning CS8618: 在退出构造函数时，不可为 null 的 属性 "VerticalRotLimitMultiplierUp" 必须包含非 null 值。请考虑添加 "required" 修饰符或将该 属性 声明为可为 null。 [/root/WorkSpace/CSharp/BannerlordModEditor/BannerlordModEditor.Common/BannerlordModEditor.Common.csproj]
     2>/root/WorkSpace/CSharp/BannerlordModEditor/BannerlordModEditor.Common/Models/Data/CombatParameters.cs(62,23): warning CS8618: 在退出构造函数时，不可为 null 的 属性 "VerticalRotLimitMultiplierDown" 必须包含非 null 值。请考虑添加 "required" 修饰符或将该 属性 声明为可为 null。 [/root/WorkSpace/CSharp/BannerlordModEditor/BannerlordModEditor.Common/BannerlordModEditor.Common.csproj]
     2>/root/WorkSpace/CSharp/BannerlordModEditor/BannerlordModEditor.Common/Models/Data/CombatParameters.cs(66,23): warning CS8618: 在退出构造函数时，不可为 null 的 属性 "LeftRiderRotLimit" 必须包含非 null 值。请考虑添加 "required" 修饰符或将该 属性 声明为可为 null。 [/root/WorkSpace/CSharp/BannerlordModEditor/BannerlordModEditor.Common/BannerlordModEditor.Common.csproj]
     2>/root/WorkSpace/CSharp/BannerlordModEditor/BannerlordModEditor.Common/Models/Data/CombatParameters.cs(70,23): warning CS8618: 在退出构造函数时，不可为 null 的 属性 "LeftRiderMinRotLimit" 必须包含非 null 值。请考虑添加 "required" 修饰符或将该 属性 声明为可为 null。 [/root/WorkSpace/CSharp/BannerlordModEditor/BannerlordModEditor.Common/BannerlordModEditor.Common.csproj]
     2>/root/WorkSpace/CSharp/BannerlordModEditor/BannerlordModEditor.Common/Models/Data/CombatParameters.cs(74,23): warning CS8618: 在退出构造函数时，不可为 null 的 属性 "RightRiderRotLimit" 必须包含非 null 值。请考虑添加 "required" 修饰符或将该 属性 声明为可为 null。 [/root/WorkSpace/CSharp/BannerlordModEditor/BannerlordModEditor.Common/BannerlordModEditor.Common.csproj]
     2>/root/WorkSpace/CSharp/BannerlordModEditor/BannerlordModEditor.Common/Models/Data/CombatParameters.cs(78,23): warning CS8618: 在退出构造函数时，不可为 null 的 属性 "RightRiderMinRotLimit" 必须包含非 null 值。请考虑添加 "required" 修饰符或将该 属性 声明为可为 null。 [/root/WorkSpace/CSharp/BannerlordModEditor/BannerlordModEditor.Common/BannerlordModEditor.Common.csproj]
     2>/root/WorkSpace/CSharp/BannerlordModEditor/BannerlordModEditor.Common/Models/Data/CombatParameters.cs(82,23): warning CS8618: 在退出构造函数时，不可为 null 的 属性 "RiderLookDownLimit" 必须包含非 null 值。请考虑添加 "required" 修饰符或将该 属性 声明为可为 null。 [/root/WorkSpace/CSharp/BannerlordModEditor/BannerlordModEditor.Common/BannerlordModEditor.Common.csproj]
     2>/root/WorkSpace/CSharp/BannerlordModEditor/BannerlordModEditor.Common/Models/Data/CombatParameters.cs(86,23): warning CS8618: 在退出构造函数时，不可为 null 的 属性 "LeftLadderRotLimit" 必须包含非 null 值。请考虑添加 "required" 修饰符或将该 属性 声明为可为 null。 [/root/WorkSpace/CSharp/BannerlordModEditor/BannerlordModEditor.Common/BannerlordModEditor.Common.csproj]
     2>/root/WorkSpace/CSharp/BannerlordModEditor/BannerlordModEditor.Common/Models/Data/CombatParameters.cs(90,23): warning CS8618: 在退出构造函数时，不可为 null 的 属性 "RightLadderRotLimit" 必须包含非 null 值。请考虑添加 "required" 修饰符或将该 属性 声明为可为 null。 [/root/WorkSpace/CSharp/BannerlordModEditor/BannerlordModEditor.Common/BannerlordModEditor.Common.csproj]
     2>/root/WorkSpace/CSharp/BannerlordModEditor/BannerlordModEditor.Common/Models/Data/CombatParameters.cs(94,23): warning CS8618: 在退出构造函数时，不可为 null 的 属性 "WeaponOffset" 必须包含非 null 值。请考虑添加 "required" 修饰符或将该 属性 声明为可为 null。 [/root/WorkSpace/CSharp/BannerlordModEditor/BannerlordModEditor.Common/BannerlordModEditor.Common.csproj]
     2>/root/WorkSpace/CSharp/BannerlordModEditor/BannerlordModEditor.Common/Models/Data/CombatParameters.cs(98,23): warning CS8618: 在退出构造函数时，不可为 null 的 属性 "CollisionRadius" 必须包含非 null 值。请考虑添加 "required" 修饰符或将该 属性 声明为可为 null。 [/root/WorkSpace/CSharp/BannerlordModEditor/BannerlordModEditor.Common/BannerlordModEditor.Common.csproj]
     2>/root/WorkSpace/CSharp/BannerlordModEditor/BannerlordModEditor.Common/Models/Data/CombatParameters.cs(102,23): warning CS8618: 在退出构造函数时，不可为 null 的 属性 "AlternativeAttackCooldownPeriod" 必须包含非 null 值。请考虑添加 "required" 修饰符或将该 属性 声明为可为 null。 [/root/WorkSpace/CSharp/BannerlordModEditor/BannerlordModEditor.Common/BannerlordModEditor.Common.csproj]
     2>/root/WorkSpace/CSharp/BannerlordModEditor/BannerlordModEditor.Common/Models/Data/CombatParameters.cs(106,23): warning CS8618: 在退出构造函数时，不可为 null 的 属性 "HitBoneIndex" 必须包含非 null 值。请考虑添加 "required" 修饰符或将该 属性 声明为可为 null。 [/root/WorkSpace/CSharp/BannerlordModEditor/BannerlordModEditor.Common/BannerlordModEditor.Common.csproj]
     2>/root/WorkSpace/CSharp/BannerlordModEditor/BannerlordModEditor.Common/Models/Data/CombatParameters.cs(110,23): warning CS8618: 在退出构造函数时，不可为 null 的 属性 "ShoulderHitBoneIndex" 必须包含非 null 值。请考虑添加 "required" 修饰符或将该 属性 声明为可为 null。 [/root/WorkSpace/CSharp/BannerlordModEditor/BannerlordModEditor.Common/BannerlordModEditor.Common.csproj]
     2>/root/WorkSpace/CSharp/BannerlordModEditor/BannerlordModEditor.Common/Models/Data/CombatParameters.cs(114,23): warning CS8618: 在退出构造函数时，不可为 null 的 属性 "LookSlopeBlendFactorUpLimit" 必须包含非 null 值。请考虑添加 "required" 修饰符或将该 属性 声明为可为 null。 [/root/WorkSpace/CSharp/BannerlordModEditor/BannerlordModEditor.Common/BannerlordModEditor.Common.csproj]
     2>/root/WorkSpace/CSharp/BannerlordModEditor/BannerlordModEditor.Common/Models/Data/CombatParameters.cs(118,23): warning CS8618: 在退出构造函数时，不可为 null 的 属性 "LookSlopeBlendFactorDownLimit" 必须包含非 null 值。请考虑添加 "required" 修饰符或将该 属性 声明为可为 null。 [/root/WorkSpace/CSharp/BannerlordModEditor/BannerlordModEditor.Common/BannerlordModEditor.Common.csproj]
     2>/root/WorkSpace/CSharp/BannerlordModEditor/BannerlordModEditor.Common/Models/Data/CombatParameters.cs(122,23): warning CS8618: 在退出构造函数时，不可为 null 的 属性 "LookSlopeBlendSpeedFactor" 必须包含非 null 值。请考虑添加 "required" 修饰符或将该 属性 声明为可为 null。 [/root/WorkSpace/CSharp/BannerlordModEditor/BannerlordModEditor.Common/BannerlordModEditor.Common.csproj]
     2>/root/WorkSpace/CSharp/BannerlordModEditor/BannerlordModEditor.Common/Models/Data/CombatParameters.cs(126,39): warning CS8618: 在退出构造函数时，不可为 null 的 属性 "CustomCollisionCapsule" 必须包含非 null 值。请考虑添加 "required" 修饰符或将该 属性 声明为可为 null。 [/root/WorkSpace/CSharp/BannerlordModEditor/BannerlordModEditor.Common/BannerlordModEditor.Common.csproj]
     2>/root/WorkSpace/CSharp/BannerlordModEditor/BannerlordModEditor.Common/Mappers/MpItemsMapper.cs(434,40): warning CS8603: 可能返回 null 引用。 [/root/WorkSpace/CSharp/BannerlordModEditor/BannerlordModEditor.Common/BannerlordModEditor.Common.csproj]
     2>/root/WorkSpace/CSharp/BannerlordModEditor/BannerlordModEditor.Common/Models/Data/MultiplayerScenes.cs(40,23): warning CS8618: 在退出构造函数时，不可为 null 的 属性 "Name" 必须包含非 null 值。请考虑添加 "required" 修饰符或将该 属性 声明为可为 null。 [/root/WorkSpace/CSharp/BannerlordModEditor/BannerlordModEditor.Common/BannerlordModEditor.Common.csproj]
     2>/root/WorkSpace/CSharp/BannerlordModEditor/BannerlordModEditor.Common/Models/Data/MultiplayerScenes.cs(25,23): warning CS8618: 在退出构造函数时，不可为 null 的 属性 "Name" 必须包含非 null 值。请考虑添加 "required" 修饰符或将该 属性 声明为可为 null。 [/root/WorkSpace/CSharp/BannerlordModEditor/BannerlordModEditor.Common/BannerlordModEditor.Common.csproj]
     2>/root/WorkSpace/CSharp/BannerlordModEditor/BannerlordModEditor.Common/Models/Data/FloraKinds.cs(87,23): warning CS8618: 在退出构造函数时，不可为 null 的 属性 "Name" 必须包含非 null 值。请考虑添加 "required" 修饰符或将该 属性 声明为可为 null。 [/root/WorkSpace/CSharp/BannerlordModEditor/BannerlordModEditor.Common/BannerlordModEditor.Common.csproj]
     2>/root/WorkSpace/CSharp/BannerlordModEditor/BannerlordModEditor.Common/Models/Data/FloraKinds.cs(111,23): warning CS8618: 在退出构造函数时，不可为 null 的 属性 "BodyName" 必须包含非 null 值。请考虑添加 "required" 修饰符或将该 属性 声明为可为 null。 [/root/WorkSpace/CSharp/BannerlordModEditor/BannerlordModEditor.Common/BannerlordModEditor.Common.csproj]
     2>/root/WorkSpace/CSharp/BannerlordModEditor/BannerlordModEditor.Common/Mappers/MpItemsMapper.cs(451,40): warning CS8603: 可能返回 null 引用。 [/root/WorkSpace/CSharp/BannerlordModEditor/BannerlordModEditor.Common/BannerlordModEditor.Common.csproj]
     2>/root/WorkSpace/CSharp/BannerlordModEditor/BannerlordModEditor.Common/Models/Data/Mpcultures.cs(17,23): warning CS8618: 在退出构造函数时，不可为 null 的 属性 "Id" 必须包含非 null 值。请考虑添加 "required" 修饰符或将该 属性 声明为可为 null。 [/root/WorkSpace/CSharp/BannerlordModEditor/BannerlordModEditor.Common/BannerlordModEditor.Common.csproj]
     2>/root/WorkSpace/CSharp/BannerlordModEditor/BannerlordModEditor.Common/Models/Data/Mpcultures.cs(20,23): warning CS8618: 在退出构造函数时，不可为 null 的 属性 "Name" 必须包含非 null 值。请考虑添加 "required" 修饰符或将该 属性 声明为可为 null。 [/root/WorkSpace/CSharp/BannerlordModEditor/BannerlordModEditor.Common/BannerlordModEditor.Common.csproj]
     2>/root/WorkSpace/CSharp/BannerlordModEditor/BannerlordModEditor.Common/Models/Data/Mpcultures.cs(27,23): warning CS8618: 在退出构造函数时，不可为 null 的 属性 "DefaultFaceKey" 必须包含非 null 值。请考虑添加 "required" 修饰符或将该 属性 声明为可为 null。 [/root/WorkSpace/CSharp/BannerlordModEditor/BannerlordModEditor.Common/BannerlordModEditor.Common.csproj]
     2>/root/WorkSpace/CSharp/BannerlordModEditor/BannerlordModEditor.Common/Models/Data/Mpcultures.cs(30,23): warning CS8618: 在退出构造函数时，不可为 null 的 属性 "Color" 必须包含非 null 值。请考虑添加 "required" 修饰符或将该 属性 声明为可为 null。 [/root/WorkSpace/CSharp/BannerlordModEditor/BannerlordModEditor.Common/BannerlordModEditor.Common.csproj]
     2>/root/WorkSpace/CSharp/BannerlordModEditor/BannerlordModEditor.Common/Models/Data/Mpcultures.cs(34,23): warning CS8618: 在退出构造函数时，不可为 null 的 属性 "Color2" 必须包含非 null 值。请考虑添加 "required" 修饰符或将该 属性 声明为可为 null。 [/root/WorkSpace/CSharp/BannerlordModEditor/BannerlordModEditor.Common/BannerlordModEditor.Common.csproj]
     2>/root/WorkSpace/CSharp/BannerlordModEditor/BannerlordModEditor.Common/Models/Data/Mpcultures.cs(38,23): warning CS8618: 在退出构造函数时，不可为 null 的 属性 "ClothAlternativeColor1" 必须包含非 null 值。请考虑添加 "required" 修饰符或将该 属性 声明为可为 null。 [/root/WorkSpace/CSharp/BannerlordModEditor/BannerlordModEditor.Common/BannerlordModEditor.Common.csproj]
     2>/root/WorkSpace/CSharp/BannerlordModEditor/BannerlordModEditor.Common/Models/Data/Mpcultures.cs(42,23): warning CS8618: 在退出构造函数时，不可为 null 的 属性 "ClothAlternativeColor2" 必须包含非 null 值。请考虑添加 "required" 修饰符或将该 属性 声明为可为 null。 [/root/WorkSpace/CSharp/BannerlordModEditor/BannerlordModEditor.Common/BannerlordModEditor.Common.csproj]
     2>/root/WorkSpace/CSharp/BannerlordModEditor/BannerlordModEditor.Common/Models/Data/Mpcultures.cs(46,23): warning CS8618: 在退出构造函数时，不可为 null 的 属性 "BannerBackgroundColor1" 必须包含非 null 值。请考虑添加 "required" 修饰符或将该 属性 声明为可为 null。 [/root/WorkSpace/CSharp/BannerlordModEditor/BannerlordModEditor.Common/BannerlordModEditor.Common.csproj]
     2>/root/WorkSpace/CSharp/BannerlordModEditor/BannerlordModEditor.Common/Models/Data/Mpcultures.cs(50,23): warning CS8618: 在退出构造函数时，不可为 null 的 属性 "BannerForegroundColor1" 必须包含非 null 值。请考虑添加 "required" 修饰符或将该 属性 声明为可为 null。 [/root/WorkSpace/CSharp/BannerlordModEditor/BannerlordModEditor.Common/BannerlordModEditor.Common.csproj]
     2>/root/WorkSpace/CSharp/BannerlordModEditor/BannerlordModEditor.Common/Models/Data/Mpcultures.cs(54,23): warning CS8618: 在退出构造函数时，不可为 null 的 属性 "BannerBackgroundColor2" 必须包含非 null 值。请考虑添加 "required" 修饰符或将该 属性 声明为可为 null。 [/root/WorkSpace/CSharp/BannerlordModEditor/BannerlordModEditor.Common/BannerlordModEditor.Common.csproj]
     2>/root/WorkSpace/CSharp/BannerlordModEditor/BannerlordModEditor.Common/Models/Data/Mpcultures.cs(58,23): warning CS8618: 在退出构造函数时，不可为 null 的 属性 "BannerForegroundColor2" 必须包含非 null 值。请考虑添加 "required" 修饰符或将该 属性 声明为可为 null。 [/root/WorkSpace/CSharp/BannerlordModEditor/BannerlordModEditor.Common/BannerlordModEditor.Common.csproj]
     2>/root/WorkSpace/CSharp/BannerlordModEditor/BannerlordModEditor.Common/Models/Data/Mpcultures.cs(62,23): warning CS8618: 在退出构造函数时，不可为 null 的 属性 "FactionBannerKey" 必须包含非 null 值。请考虑添加 "required" 修饰符或将该 属性 声明为可为 null。 [/root/WorkSpace/CSharp/BannerlordModEditor/BannerlordModEditor.Common/BannerlordModEditor.Common.csproj]
     2>/root/WorkSpace/CSharp/BannerlordModEditor/BannerlordModEditor.Common/Mappers/MpItemsMapper.cs(480,40): warning CS8603: 可能返回 null 引用。 [/root/WorkSpace/CSharp/BannerlordModEditor/BannerlordModEditor.Common/BannerlordModEditor.Common.csproj]
     2>/root/WorkSpace/CSharp/BannerlordModEditor/BannerlordModEditor.Common/Mappers/MpItemsMapper.cs(513,36): warning CS8604: “WeaponFlagsDO MpItemsMapper.ToDO(WeaponFlagsDTO source)”中的形参“source”可能传入 null 引用实参。 [/root/WorkSpace/CSharp/BannerlordModEditor/BannerlordModEditor.Common/BannerlordModEditor.Common.csproj]
     2>/root/WorkSpace/CSharp/BannerlordModEditor/BannerlordModEditor.Common/Models/Data/ParticleSystems.cs(19,23): warning CS8618: 在退出构造函数时，不可为 null 的 属性 "Name" 必须包含非 null 值。请考虑添加 "required" 修饰符或将该 属性 声明为可为 null。 [/root/WorkSpace/CSharp/BannerlordModEditor/BannerlordModEditor.Common/BannerlordModEditor.Common.csproj]
     2>/root/WorkSpace/CSharp/BannerlordModEditor/BannerlordModEditor.Common/Models/Data/ParticleSystems.cs(22,23): warning CS8618: 在退出构造函数时，不可为 null 的 属性 "Guid" 必须包含非 null 值。请考虑添加 "required" 修饰符或将该 属性 声明为可为 null。 [/root/WorkSpace/CSharp/BannerlordModEditor/BannerlordModEditor.Common/BannerlordModEditor.Common.csproj]
     2>/root/WorkSpace/CSharp/BannerlordModEditor/BannerlordModEditor.Common/Models/Data/ParticleSystems.cs(25,23): warning CS8618: 在退出构造函数时，不可为 null 的 属性 "SoundCode" 必须包含非 null 值。请考虑添加 "required" 修饰符或将该 属性 声明为可为 null。 [/root/WorkSpace/CSharp/BannerlordModEditor/BannerlordModEditor.Common/BannerlordModEditor.Common.csproj]
     2>/root/WorkSpace/CSharp/BannerlordModEditor/BannerlordModEditor.Common/Models/Data/ParticleSystems.cs(28,25): warning CS8618: 在退出构造函数时，不可为 null 的 属性 "Emitters" 必须包含非 null 值。请考虑添加 "required" 修饰符或将该 属性 声明为可为 null。 [/root/WorkSpace/CSharp/BannerlordModEditor/BannerlordModEditor.Common/BannerlordModEditor.Common.csproj]
     2>/root/WorkSpace/CSharp/BannerlordModEditor/BannerlordModEditor.Common/Models/Data/ParticleSystems.cs(71,23): warning CS8618: 在退出构造函数时，不可为 null 的 属性 "Name" 必须包含非 null 值。请考虑添加 "required" 修饰符或将该 属性 声明为可为 null。 [/root/WorkSpace/CSharp/BannerlordModEditor/BannerlordModEditor.Common/BannerlordModEditor.Common.csproj]
     2>/root/WorkSpace/CSharp/BannerlordModEditor/BannerlordModEditor.Common/Models/Data/ParticleSystems.cs(74,23): warning CS8618: 在退出构造函数时，不可为 null 的 属性 "Value" 必须包含非 null 值。请考虑添加 "required" 修饰符或将该 属性 声明为可为 null。 [/root/WorkSpace/CSharp/BannerlordModEditor/BannerlordModEditor.Common/BannerlordModEditor.Common.csproj]
     2>/root/WorkSpace/CSharp/BannerlordModEditor/BannerlordModEditor.Common/Models/Data/ParticleSystems.cs(44,23): warning CS8618: 在退出构造函数时，不可为 null 的 属性 "Name" 必须包含非 null 值。请考虑添加 "required" 修饰符或将该 属性 声明为可为 null。 [/root/WorkSpace/CSharp/BannerlordModEditor/BannerlordModEditor.Common/BannerlordModEditor.Common.csproj]
     2>/root/WorkSpace/CSharp/BannerlordModEditor/BannerlordModEditor.Common/Models/Data/ParticleSystems.cs(50,30): warning CS8618: 在退出构造函数时，不可为 null 的 属性 "Flags" 必须包含非 null 值。请考虑添加 "required" 修饰符或将该 属性 声明为可为 null。 [/root/WorkSpace/CSharp/BannerlordModEditor/BannerlordModEditor.Common/BannerlordModEditor.Common.csproj]
     2>/root/WorkSpace/CSharp/BannerlordModEditor/BannerlordModEditor.Common/Models/Data/ParticleSystems.cs(53,27): warning CS8618: 在退出构造函数时，不可为 null 的 属性 "Parameters" 必须包含非 null 值。请考虑添加 "required" 修饰符或将该 属性 声明为可为 null。 [/root/WorkSpace/CSharp/BannerlordModEditor/BannerlordModEditor.Common/BannerlordModEditor.Common.csproj]
     2>/root/WorkSpace/CSharp/BannerlordModEditor/BannerlordModEditor.Common/Models/Data/ParticleSystems.cs(155,23): warning CS8618: 在退出构造函数时，不可为 null 的 属性 "Value" 必须包含非 null 值。请考虑添加 "required" 修饰符或将该 属性 声明为可为 null。 [/root/WorkSpace/CSharp/BannerlordModEditor/BannerlordModEditor.Common/BannerlordModEditor.Common.csproj]
     2>/root/WorkSpace/CSharp/BannerlordModEditor/BannerlordModEditor.Common/Models/Data/ParticleSystems.cs(158,23): warning CS8618: 在退出构造函数时，不可为 null 的 属性 "Position" 必须包含非 null 值。请考虑添加 "required" 修饰符或将该 属性 声明为可为 null。 [/root/WorkSpace/CSharp/BannerlordModEditor/BannerlordModEditor.Common/BannerlordModEditor.Common.csproj]
     2>/root/WorkSpace/CSharp/BannerlordModEditor/BannerlordModEditor.Common/Models/Data/ParticleSystems.cs(161,23): warning CS8618: 在退出构造函数时，不可为 null 的 属性 "Tangent" 必须包含非 null 值。请考虑添加 "required" 修饰符或将该 属性 声明为可为 null。 [/root/WorkSpace/CSharp/BannerlordModEditor/BannerlordModEditor.Common/BannerlordModEditor.Common.csproj]
     2>/root/WorkSpace/CSharp/BannerlordModEditor/BannerlordModEditor.Common/Models/Data/ParticleSystems.cs(123,23): warning CS8618: 在退出构造函数时，不可为 null 的 属性 "Name" 必须包含非 null 值。请考虑添加 "required" 修饰符或将该 属性 声明为可为 null。 [/root/WorkSpace/CSharp/BannerlordModEditor/BannerlordModEditor.Common/BannerlordModEditor.Common.csproj]
     2>/root/WorkSpace/CSharp/BannerlordModEditor/BannerlordModEditor.Common/Models/Data/ParticleSystems.cs(126,23): warning CS8618: 在退出构造函数时，不可为 null 的 属性 "Version" 必须包含非 null 值。请考虑添加 "required" 修饰符或将该 属性 声明为可为 null。 [/root/WorkSpace/CSharp/BannerlordModEditor/BannerlordModEditor.Common/BannerlordModEditor.Common.csproj]
     2>/root/WorkSpace/CSharp/BannerlordModEditor/BannerlordModEditor.Common/Models/Data/ParticleSystems.cs(129,23): warning CS8618: 在退出构造函数时，不可为 null 的 属性 "Default" 必须包含非 null 值。请考虑添加 "required" 修饰符或将该 属性 声明为可为 null。 [/root/WorkSpace/CSharp/BannerlordModEditor/BannerlordModEditor.Common/BannerlordModEditor.Common.csproj]
     2>/root/WorkSpace/CSharp/BannerlordModEditor/BannerlordModEditor.Common/Models/Data/ParticleSystems.cs(132,23): warning CS8618: 在退出构造函数时，不可为 null 的 属性 "CurveMultiplier" 必须包含非 null 值。请考虑添加 "required" 修饰符或将该 属性 声明为可为 null。 [/root/WorkSpace/CSharp/BannerlordModEditor/BannerlordModEditor.Common/BannerlordModEditor.Common.csproj]
     2>/root/WorkSpace/CSharp/BannerlordModEditor/BannerlordModEditor.Common/Models/Data/ParticleSystems.cs(135,21): warning CS8618: 在退出构造函数时，不可为 null 的 属性 "Keys" 必须包含非 null 值。请考虑添加 "required" 修饰符或将该 属性 声明为可为 null。 [/root/WorkSpace/CSharp/BannerlordModEditor/BannerlordModEditor.Common/BannerlordModEditor.Common.csproj]
     2>/root/WorkSpace/CSharp/BannerlordModEditor/BannerlordModEditor.Common/Mappers/MpItemsMapper.cs(519,40): warning CS8603: 可能返回 null 引用。 [/root/WorkSpace/CSharp/BannerlordModEditor/BannerlordModEditor.Common/BannerlordModEditor.Common.csproj]
     2>/root/WorkSpace/CSharp/BannerlordModEditor/BannerlordModEditor.Common/Models/Data/ParticleSystems.cs(91,23): warning CS8618: 在退出构造函数时，不可为 null 的 属性 "Name" 必须包含非 null 值。请考虑添加 "required" 修饰符或将该 属性 声明为可为 null。 [/root/WorkSpace/CSharp/BannerlordModEditor/BannerlordModEditor.Common/BannerlordModEditor.Common.csproj]
     2>/root/WorkSpace/CSharp/BannerlordModEditor/BannerlordModEditor.Common/Models/Data/ParticleSystems.cs(94,23): warning CS8618: 在退出构造函数时，不可为 null 的 属性 "Value" 必须包含非 null 值。请考虑添加 "required" 修饰符或将该 属性 声明为可为 null。 [/root/WorkSpace/CSharp/BannerlordModEditor/BannerlordModEditor.Common/BannerlordModEditor.Common.csproj]
     2>/root/WorkSpace/CSharp/BannerlordModEditor/BannerlordModEditor.Common/Models/Data/ParticleSystems.cs(97,23): warning CS8618: 在退出构造函数时，不可为 null 的 属性 "Bias" 必须包含非 null 值。请考虑添加 "required" 修饰符或将该 属性 声明为可为 null。 [/root/WorkSpace/CSharp/BannerlordModEditor/BannerlordModEditor.Common/BannerlordModEditor.Common.csproj]
     2>/root/WorkSpace/CSharp/BannerlordModEditor/BannerlordModEditor.Common/Models/Data/ParticleSystems.cs(100,23): warning CS8618: 在退出构造函数时，不可为 null 的 属性 "Curve" 必须包含非 null 值。请考虑添加 "required" 修饰符或将该 属性 声明为可为 null。 [/root/WorkSpace/CSharp/BannerlordModEditor/BannerlordModEditor.Common/BannerlordModEditor.Common.csproj]
     2>/root/WorkSpace/CSharp/BannerlordModEditor/BannerlordModEditor.Common/Models/Data/ParticleSystems.cs(103,23): warning CS8618: 在退出构造函数时，不可为 null 的 属性 "Color" 必须包含非 null 值。请考虑添加 "required" 修饰符或将该 属性 声明为可为 null。 [/root/WorkSpace/CSharp/BannerlordModEditor/BannerlordModEditor.Common/BannerlordModEditor.Common.csproj]
     2>/root/WorkSpace/CSharp/BannerlordModEditor/BannerlordModEditor.Common/Models/Data/ParticleSystems.cs(106,23): warning CS8618: 在退出构造函数时，不可为 null 的 属性 "Alpha" 必须包含非 null 值。请考虑添加 "required" 修饰符或将该 属性 声明为可为 null。 [/root/WorkSpace/CSharp/BannerlordModEditor/BannerlordModEditor.Common/BannerlordModEditor.Common.csproj]
     2>/root/WorkSpace/CSharp/BannerlordModEditor/BannerlordModEditor.Common/Models/Data/ParticleSystems.cs(109,22): warning CS8618: 在退出构造函数时，不可为 null 的 属性 "ParameterCurve" 必须包含非 null 值。请考虑添加 "required" 修饰符或将该 属性 声明为可为 null。 [/root/WorkSpace/CSharp/BannerlordModEditor/BannerlordModEditor.Common/BannerlordModEditor.Common.csproj]
     2>/root/WorkSpace/CSharp/BannerlordModEditor/BannerlordModEditor.Common/Mappers/MpItemsMapper.cs(556,40): warning CS8603: 可能返回 null 引用。 [/root/WorkSpace/CSharp/BannerlordModEditor/BannerlordModEditor.Common/BannerlordModEditor.Common.csproj]
     2>/root/WorkSpace/CSharp/BannerlordModEditor/BannerlordModEditor.Common/Mappers/MpItemsMapper.cs(570,41): warning CS8604: “AdditionalMeshesDO MpItemsMapper.ToDO(AdditionalMeshesDTO source)”中的形参“source”可能传入 null 引用实参。 [/root/WorkSpace/CSharp/BannerlordModEditor/BannerlordModEditor.Common/BannerlordModEditor.Common.csproj]
     2>/root/WorkSpace/CSharp/BannerlordModEditor/BannerlordModEditor.Common/Mappers/MpItemsMapper.cs(571,34): warning CS8604: “MpItemMaterialsDO MpItemsMapper.ToDO(MpItemMaterialsDTO source)”中的形参“source”可能传入 null 引用实参。 [/root/WorkSpace/CSharp/BannerlordModEditor/BannerlordModEditor.Common/BannerlordModEditor.Common.csproj]
     2>/root/WorkSpace/CSharp/BannerlordModEditor/BannerlordModEditor.Common/Models/Data/PrebakedAnimations.cs(11,23): warning CS8618: 在退出构造函数时，不可为 null 的 属性 "Type" 必须包含非 null 值。请考虑添加 "required" 修饰符或将该 属性 声明为可为 null。 [/root/WorkSpace/CSharp/BannerlordModEditor/BannerlordModEditor.Common/BannerlordModEditor.Common.csproj]
     2>/root/WorkSpace/CSharp/BannerlordModEditor/BannerlordModEditor.Common/Models/Data/PrebakedAnimations.cs(14,39): warning CS8618: 在退出构造函数时，不可为 null 的 属性 "PrebakedAnimationsList" 必须包含非 null 值。请考虑添加 "required" 修饰符或将该 属性 声明为可为 null。 [/root/WorkSpace/CSharp/BannerlordModEditor/BannerlordModEditor.Common/BannerlordModEditor.Common.csproj]
     2>/root/WorkSpace/CSharp/BannerlordModEditor/BannerlordModEditor.Common/Models/DTO/LooknfeelDTO.cs(10,23): warning CS8618: 在退出构造函数时，不可为 null 的 属性 "Type" 必须包含非 null 值。请考虑添加 "required" 修饰符或将该 属性 声明为可为 null。 [/root/WorkSpace/CSharp/BannerlordModEditor/BannerlordModEditor.Common/BannerlordModEditor.Common.csproj]
     2>/root/WorkSpace/CSharp/BannerlordModEditor/BannerlordModEditor.Common/Models/DTO/LooknfeelDTO.cs(13,23): warning CS8618: 在退出构造函数时，不可为 null 的 属性 "VirtualResolution" 必须包含非 null 值。请考虑添加 "required" 修饰符或将该 属性 声明为可为 null。 [/root/WorkSpace/CSharp/BannerlordModEditor/BannerlordModEditor.Common/BannerlordModEditor.Common.csproj]
     2>/root/WorkSpace/CSharp/BannerlordModEditor/BannerlordModEditor.Common/Models/DTO/LooknfeelDTO.cs(16,36): warning CS8618: 在退出构造函数时，不可为 null 的 属性 "Widgets" 必须包含非 null 值。请考虑添加 "required" 修饰符或将该 属性 声明为可为 null。 [/root/WorkSpace/CSharp/BannerlordModEditor/BannerlordModEditor.Common/BannerlordModEditor.Common.csproj]
     2>/root/WorkSpace/CSharp/BannerlordModEditor/BannerlordModEditor.Common/Models/Data/PrebakedAnimations.cs(23,32): warning CS8618: 在退出构造函数时，不可为 null 的 属性 "Animations" 必须包含非 null 值。请考虑添加 "required" 修饰符或将该 属性 声明为可为 null。 [/root/WorkSpace/CSharp/BannerlordModEditor/BannerlordModEditor.Common/BannerlordModEditor.Common.csproj]
     2>/root/WorkSpace/CSharp/BannerlordModEditor/BannerlordModEditor.Common/Models/Data/ItemModifiers.cs(105,20): warning CS8603: 可能返回 null 引用。 [/root/WorkSpace/CSharp/BannerlordModEditor/BannerlordModEditor.Common/BannerlordModEditor.Common.csproj]
     2>/root/WorkSpace/CSharp/BannerlordModEditor/BannerlordModEditor.Common/Models/Data/PrebakedAnimations.cs(50,23): warning CS8618: 在退出构造函数时，不可为 null 的 属性 "KeyList" 必须包含非 null 值。请考虑添加 "required" 修饰符或将该 属性 声明为可为 null。 [/root/WorkSpace/CSharp/BannerlordModEditor/BannerlordModEditor.Common/BannerlordModEditor.Common.csproj]
     2>/root/WorkSpace/CSharp/BannerlordModEditor/BannerlordModEditor.Common/Models/Data/Prerender.cs(23,43): warning CS8618: 在退出构造函数时，不可为 null 的 属性 "PostfxGraphList" 必须包含非 null 值。请考虑添加 "required" 修饰符或将该 属性 声明为可为 null。 [/root/WorkSpace/CSharp/BannerlordModEditor/BannerlordModEditor.Common/BannerlordModEditor.Common.csproj]
     2>/root/WorkSpace/CSharp/BannerlordModEditor/BannerlordModEditor.Common/Models/Data/Prerender.cs(11,23): warning CS8618: 在退出构造函数时，不可为 null 的 属性 "Type" 必须包含非 null 值。请考虑添加 "required" 修饰符或将该 属性 声明为可为 null。 [/root/WorkSpace/CSharp/BannerlordModEditor/BannerlordModEditor.Common/BannerlordModEditor.Common.csproj]
     2>/root/WorkSpace/CSharp/BannerlordModEditor/BannerlordModEditor.Common/Models/Data/Prerender.cs(14,38): warning CS8618: 在退出构造函数时，不可为 null 的 属性 "PostfxGraphs" 必须包含非 null 值。请考虑添加 "required" 修饰符或将该 属性 声明为可为 null。 [/root/WorkSpace/CSharp/BannerlordModEditor/BannerlordModEditor.Common/BannerlordModEditor.Common.csproj]
     2>/root/WorkSpace/CSharp/BannerlordModEditor/BannerlordModEditor.Common/Mappers/MpItemsMapper.cs(577,40): warning CS8603: 可能返回 null 引用。 [/root/WorkSpace/CSharp/BannerlordModEditor/BannerlordModEditor.Common/BannerlordModEditor.Common.csproj]
     2>/root/WorkSpace/CSharp/BannerlordModEditor/BannerlordModEditor.Common/Models/Data/PrebakedAnimations.cs(31,23): warning CS8618: 在退出构造函数时，不可为 null 的 属性 "Id" 必须包含非 null 值。请考虑添加 "required" 修饰符或将该 属性 声明为可为 null。 [/root/WorkSpace/CSharp/BannerlordModEditor/BannerlordModEditor.Common/BannerlordModEditor.Common.csproj]
     2>/root/WorkSpace/CSharp/BannerlordModEditor/BannerlordModEditor.Common/Models/Data/PrebakedAnimations.cs(34,23): warning CS8618: 在退出构造函数时，不可为 null 的 属性 "SkeletonName" 必须包含非 null 值。请考虑添加 "required" 修饰符或将该 属性 声明为可为 null。 [/root/WorkSpace/CSharp/BannerlordModEditor/BannerlordModEditor.Common/BannerlordModEditor.Common.csproj]
     2>/root/WorkSpace/CSharp/BannerlordModEditor/BannerlordModEditor.Common/Models/Data/PrebakedAnimations.cs(37,27): warning CS8618: 在退出构造函数时，不可为 null 的 属性 "Bones" 必须包含非 null 值。请考虑添加 "required" 修饰符或将该 属性 声明为可为 null。 [/root/WorkSpace/CSharp/BannerlordModEditor/BannerlordModEditor.Common/BannerlordModEditor.Common.csproj]
     2>/root/WorkSpace/CSharp/BannerlordModEditor/BannerlordModEditor.Common/Models/Data/Prerender.cs(31,23): warning CS8618: 在退出构造函数时，不可为 null 的 属性 "Id" 必须包含非 null 值。请考虑添加 "required" 修饰符或将该 属性 声明为可为 null。 [/root/WorkSpace/CSharp/BannerlordModEditor/BannerlordModEditor.Common/BannerlordModEditor.Common.csproj]
     2>/root/WorkSpace/CSharp/BannerlordModEditor/BannerlordModEditor.Common/Models/Data/Prerender.cs(34,42): warning CS8618: 在退出构造函数时，不可为 null 的 属性 "PostfxNodes" 必须包含非 null 值。请考虑添加 "required" 修饰符或将该 属性 声明为可为 null。 [/root/WorkSpace/CSharp/BannerlordModEditor/BannerlordModEditor.Common/BannerlordModEditor.Common.csproj]
     2>/root/WorkSpace/CSharp/BannerlordModEditor/BannerlordModEditor.Common/Mappers/MpItemsMapper.cs(587,40): warning CS8603: 可能返回 null 引用。 [/root/WorkSpace/CSharp/BannerlordModEditor/BannerlordModEditor.Common/BannerlordModEditor.Common.csproj]
     2>/root/WorkSpace/CSharp/BannerlordModEditor/BannerlordModEditor.Common/Models/Data/ItemModifiers.cs(113,20): warning CS8603: 可能返回 null 引用。 [/root/WorkSpace/CSharp/BannerlordModEditor/BannerlordModEditor.Common/BannerlordModEditor.Common.csproj]
     2>/root/WorkSpace/CSharp/BannerlordModEditor/BannerlordModEditor.Common/Models/Data/Prerender.cs(111,29): warning CS8618: 在退出构造函数时，不可为 null 的 属性 "Configs" 必须包含非 null 值。请考虑添加 "required" 修饰符或将该 属性 声明为可为 null。 [/root/WorkSpace/CSharp/BannerlordModEditor/BannerlordModEditor.Common/BannerlordModEditor.Common.csproj]
     2>/root/WorkSpace/CSharp/BannerlordModEditor/BannerlordModEditor.Common/Models/Data/Prerender.cs(119,23): warning CS8618: 在退出构造函数时，不可为 null 的 属性 "Name" 必须包含非 null 值。请考虑添加 "required" 修饰符或将该 属性 声明为可为 null。 [/root/WorkSpace/CSharp/BannerlordModEditor/BannerlordModEditor.Common/BannerlordModEditor.Common.csproj]
     2>/root/WorkSpace/CSharp/BannerlordModEditor/BannerlordModEditor.Common/Models/Data/Prerender.cs(95,23): warning CS8618: 在退出构造函数时，不可为 null 的 属性 "Index" 必须包含非 null 值。请考虑添加 "required" 修饰符或将该 属性 声明为可为 null。 [/root/WorkSpace/CSharp/BannerlordModEditor/BannerlordModEditor.Common/BannerlordModEditor.Common.csproj]
     2>/root/WorkSpace/CSharp/BannerlordModEditor/BannerlordModEditor.Common/Models/Data/Prerender.cs(98,23): warning CS8618: 在退出构造函数时，不可为 null 的 属性 "Type" 必须包含非 null 值。请考虑添加 "required" 修饰符或将该 属性 声明为可为 null。 [/root/WorkSpace/CSharp/BannerlordModEditor/BannerlordModEditor.Common/BannerlordModEditor.Common.csproj]
     2>/root/WorkSpace/CSharp/BannerlordModEditor/BannerlordModEditor.Common/Models/Data/Prerender.cs(101,23): warning CS8618: 在退出构造函数时，不可为 null 的 属性 "Source" 必须包含非 null 值。请考虑添加 "required" 修饰符或将该 属性 声明为可为 null。 [/root/WorkSpace/CSharp/BannerlordModEditor/BannerlordModEditor.Common/BannerlordModEditor.Common.csproj]
     2>/root/WorkSpace/CSharp/BannerlordModEditor/BannerlordModEditor.Common/Models/Data/Looknfeel.cs(255,23): warning CS8618: 在退出构造函数时，不可为 null 的 属性 "Ref" 必须包含非 null 值。请考虑添加 "required" 修饰符或将该 属性 声明为可为 null。 [/root/WorkSpace/CSharp/BannerlordModEditor/BannerlordModEditor.Common/BannerlordModEditor.Common.csproj]
     2>/root/WorkSpace/CSharp/BannerlordModEditor/BannerlordModEditor.Common/Models/Data/Looknfeel.cs(258,23): warning CS8618: 在退出构造函数时，不可为 null 的 属性 "Name" 必须包含非 null 值。请考虑添加 "required" 修饰符或将该 属性 声明为可为 null。 [/root/WorkSpace/CSharp/BannerlordModEditor/BannerlordModEditor.Common/BannerlordModEditor.Common.csproj]
     2>/root/WorkSpace/CSharp/BannerlordModEditor/BannerlordModEditor.Common/Models/Data/Looknfeel.cs(261,23): warning CS8618: 在退出构造函数时，不可为 null 的 属性 "Size" 必须包含非 null 值。请考虑添加 "required" 修饰符或将该 属性 声明为可为 null。 [/root/WorkSpace/CSharp/BannerlordModEditor/BannerlordModEditor.Common/BannerlordModEditor.Common.csproj]
     2>/root/WorkSpace/CSharp/BannerlordModEditor/BannerlordModEditor.Common/Models/Data/Looknfeel.cs(264,23): warning CS8618: 在退出构造函数时，不可为 null 的 属性 "Position" 必须包含非 null 值。请考虑添加 "required" 修饰符或将该 属性 声明为可为 null。 [/root/WorkSpace/CSharp/BannerlordModEditor/BannerlordModEditor.Common/BannerlordModEditor.Common.csproj]
     2>/root/WorkSpace/CSharp/BannerlordModEditor/BannerlordModEditor.Common/Models/Data/Looknfeel.cs(267,23): warning CS8618: 在退出构造函数时，不可为 null 的 属性 "Style" 必须包含非 null 值。请考虑添加 "required" 修饰符或将该 属性 声明为可为 null。 [/root/WorkSpace/CSharp/BannerlordModEditor/BannerlordModEditor.Common/BannerlordModEditor.Common.csproj]
     2>/root/WorkSpace/CSharp/BannerlordModEditor/BannerlordModEditor.Common/Models/Data/Looknfeel.cs(270,23): warning CS8618: 在退出构造函数时，不可为 null 的 属性 "VerticalAlignment" 必须包含非 null 值。请考虑添加 "required" 修饰符或将该 属性 声明为可为 null。 [/root/WorkSpace/CSharp/BannerlordModEditor/BannerlordModEditor.Common/BannerlordModEditor.Common.csproj]
     2>/root/WorkSpace/CSharp/BannerlordModEditor/BannerlordModEditor.Common/Models/Data/Looknfeel.cs(273,23): warning CS8618: 在退出构造函数时，不可为 null 的 属性 "HorizontalAlignment" 必须包含非 null 值。请考虑添加 "required" 修饰符或将该 属性 声明为可为 null。 [/root/WorkSpace/CSharp/BannerlordModEditor/BannerlordModEditor.Common/BannerlordModEditor.Common.csproj]
     2>/root/WorkSpace/CSharp/BannerlordModEditor/BannerlordModEditor.Common/Models/Data/Looknfeel.cs(276,23): warning CS8618: 在退出构造函数时，不可为 null 的 属性 "HorizontalAligment" 必须包含非 null 值。请考虑添加 "required" 修饰符或将该 属性 声明为可为 null。 [/root/WorkSpace/CSharp/BannerlordModEditor/BannerlordModEditor.Common/BannerlordModEditor.Common.csproj]
     2>/root/WorkSpace/CSharp/BannerlordModEditor/BannerlordModEditor.Common/Models/Data/Looknfeel.cs(279,23): warning CS8618: 在退出构造函数时，不可为 null 的 属性 "ScrollSpeed" 必须包含非 null 值。请考虑添加 "required" 修饰符或将该 属性 声明为可为 null。 [/root/WorkSpace/CSharp/BannerlordModEditor/BannerlordModEditor.Common/BannerlordModEditor.Common.csproj]
     2>/root/WorkSpace/CSharp/BannerlordModEditor/BannerlordModEditor.Common/Models/Data/Looknfeel.cs(282,23): warning CS8618: 在退出构造函数时，不可为 null 的 属性 "CellSize" 必须包含非 null 值。请考虑添加 "required" 修饰符或将该 属性 声明为可为 null。 [/root/WorkSpace/CSharp/BannerlordModEditor/BannerlordModEditor.Common/BannerlordModEditor.Common.csproj]
     2>/root/WorkSpace/CSharp/BannerlordModEditor/BannerlordModEditor.Common/Models/Data/Looknfeel.cs(285,23): warning CS8618: 在退出构造函数时，不可为 null 的 属性 "LayoutStyle" 必须包含非 null 值。请考虑添加 "required" 修饰符或将该 属性 声明为可为 null。 [/root/WorkSpace/CSharp/BannerlordModEditor/BannerlordModEditor.Common/BannerlordModEditor.Common.csproj]
     2>/root/WorkSpace/CSharp/BannerlordModEditor/BannerlordModEditor.Common/Models/Data/Looknfeel.cs(288,23): warning CS8618: 在退出构造函数时，不可为 null 的 属性 "LayoutAlignment" 必须包含非 null 值。请考虑添加 "required" 修饰符或将该 属性 声明为可为 null。 [/root/WorkSpace/CSharp/BannerlordModEditor/BannerlordModEditor.Common/BannerlordModEditor.Common.csproj]
     2>/root/WorkSpace/CSharp/BannerlordModEditor/BannerlordModEditor.Common/Models/Data/Looknfeel.cs(291,23): warning CS8618: 在退出构造函数时，不可为 null 的 属性 "Text" 必须包含非 null 值。请考虑添加 "required" 修饰符或将该 属性 声明为可为 null。 [/root/WorkSpace/CSharp/BannerlordModEditor/BannerlordModEditor.Common/BannerlordModEditor.Common.csproj]
     2>/root/WorkSpace/CSharp/BannerlordModEditor/BannerlordModEditor.Common/Models/Data/Looknfeel.cs(294,23): warning CS8618: 在退出构造函数时，不可为 null 的 属性 "TextColor" 必须包含非 null 值。请考虑添加 "required" 修饰符或将该 属性 声明为可为 null。 [/root/WorkSpace/CSharp/BannerlordModEditor/BannerlordModEditor.Common/BannerlordModEditor.Common.csproj]
     2>/root/WorkSpace/CSharp/BannerlordModEditor/BannerlordModEditor.Common/Models/Data/Looknfeel.cs(297,23): warning CS8618: 在退出构造函数时，不可为 null 的 属性 "TextHighlightColor" 必须包含非 null 值。请考虑添加 "required" 修饰符或将该 属性 声明为可为 null。 [/root/WorkSpace/CSharp/BannerlordModEditor/BannerlordModEditor.Common/BannerlordModEditor.Common.csproj]
     2>/root/WorkSpace/CSharp/BannerlordModEditor/BannerlordModEditor.Common/Models/Data/Looknfeel.cs(300,23): warning CS8618: 在退出构造函数时，不可为 null 的 属性 "FontSize" 必须包含非 null 值。请考虑添加 "required" 修饰符或将该 属性 声明为可为 null。 [/root/WorkSpace/CSharp/BannerlordModEditor/BannerlordModEditor.Common/BannerlordModEditor.Common.csproj]
     2>/root/WorkSpace/CSharp/BannerlordModEditor/BannerlordModEditor.Common/Models/Data/Looknfeel.cs(303,41): warning CS8618: 在退出构造函数时，不可为 null 的 属性 "Meshes" 必须包含非 null 值。请考虑添加 "required" 修饰符或将该 属性 声明为可为 null。 [/root/WorkSpace/CSharp/BannerlordModEditor/BannerlordModEditor.Common/BannerlordModEditor.Common.csproj]
     2>/root/WorkSpace/CSharp/BannerlordModEditor/BannerlordModEditor.Common/Models/Data/Looknfeel.cs(306,36): warning CS8618: 在退出构造函数时，不可为 null 的 属性 "SubWidgets" 必须包含非 null 值。请考虑添加 "required" 修饰符或将该 属性 声明为可为 null。 [/root/WorkSpace/CSharp/BannerlordModEditor/BannerlordModEditor.Common/BannerlordModEditor.Common.csproj]
     2>/root/WorkSpace/CSharp/BannerlordModEditor/BannerlordModEditor.Common/Models/Data/ItemModifiers.cs(121,20): warning CS8603: 可能返回 null 引用。 [/root/WorkSpace/CSharp/BannerlordModEditor/BannerlordModEditor.Common/BannerlordModEditor.Common.csproj]
     2>/root/WorkSpace/CSharp/BannerlordModEditor/BannerlordModEditor.Common/Models/DTO/LooknfeelDTO.cs(26,32): warning CS8618: 在退出构造函数时，不可为 null 的 属性 "WidgetList" 必须包含非 null 值。请考虑添加 "required" 修饰符或将该 属性 声明为可为 null。 [/root/WorkSpace/CSharp/BannerlordModEditor/BannerlordModEditor.Common/BannerlordModEditor.Common.csproj]
     2>/root/WorkSpace/CSharp/BannerlordModEditor/BannerlordModEditor.Common/Models/Data/Mpcosmetics.cs(62,23): warning CS8618: 在退出构造函数时，不可为 null 的 属性 "Id" 必须包含非 null 值。请考虑添加 "required" 修饰符或将该 属性 声明为可为 null。 [/root/WorkSpace/CSharp/BannerlordModEditor/BannerlordModEditor.Common/BannerlordModEditor.Common.csproj]
     2>/root/WorkSpace/CSharp/BannerlordModEditor/BannerlordModEditor.Common/Mappers/MpItemsMapper.cs(598,40): warning CS8603: 可能返回 null 引用。 [/root/WorkSpace/CSharp/BannerlordModEditor/BannerlordModEditor.Common/BannerlordModEditor.Common.csproj]
     2>/root/WorkSpace/CSharp/BannerlordModEditor/BannerlordModEditor.Common/Mappers/MpItemsMapper.cs(608,40): warning CS8603: 可能返回 null 引用。 [/root/WorkSpace/CSharp/BannerlordModEditor/BannerlordModEditor.Common/BannerlordModEditor.Common.csproj]
     2>/root/WorkSpace/CSharp/BannerlordModEditor/BannerlordModEditor.Common/Mappers/MpItemsMapper.cs(613,40): warning CS8604: “MpItemMeshMultipliersDO MpItemsMapper.ToDO(MpItemMeshMultipliersDTO source)”中的形参“source”可能传入 null 引用实参。 [/root/WorkSpace/CSharp/BannerlordModEditor/BannerlordModEditor.Common/BannerlordModEditor.Common.csproj]
     2>/root/WorkSpace/CSharp/BannerlordModEditor/BannerlordModEditor.Common/Models/Data/ItemModifiers.cs(135,20): warning CS8603: 可能返回 null 引用。 [/root/WorkSpace/CSharp/BannerlordModEditor/BannerlordModEditor.Common/BannerlordModEditor.Common.csproj]
     2>/root/WorkSpace/CSharp/BannerlordModEditor/BannerlordModEditor.Common/Models/DTO/LooknfeelDTO.cs(255,35): warning CS8618: 在退出构造函数时，不可为 null 的 属性 "SubWidgetList" 必须包含非 null 值。请考虑添加 "required" 修饰符或将该 属性 声明为可为 null。 [/root/WorkSpace/CSharp/BannerlordModEditor/BannerlordModEditor.Common/BannerlordModEditor.Common.csproj]
     2>/root/WorkSpace/CSharp/BannerlordModEditor/BannerlordModEditor.Common/Models/DTO/LooknfeelDTO.cs(235,23): warning CS8618: 在退出构造函数时，不可为 null 的 属性 "Name" 必须包含非 null 值。请考虑添加 "required" 修饰符或将该 属性 声明为可为 null。 [/root/WorkSpace/CSharp/BannerlordModEditor/BannerlordModEditor.Common/BannerlordModEditor.Common.csproj]
     2>/root/WorkSpace/CSharp/BannerlordModEditor/BannerlordModEditor.Common/Models/DTO/LooknfeelDTO.cs(238,23): warning CS8618: 在退出构造函数时，不可为 null 的 属性 "Tiling" 必须包含非 null 值。请考虑添加 "required" 修饰符或将该 属性 声明为可为 null。 [/root/WorkSpace/CSharp/BannerlordModEditor/BannerlordModEditor.Common/BannerlordModEditor.Common.csproj]
     2>/root/WorkSpace/CSharp/BannerlordModEditor/BannerlordModEditor.Common/Models/DTO/LooknfeelDTO.cs(241,23): warning CS8618: 在退出构造函数时，不可为 null 的 属性 "MainMesh" 必须包含非 null 值。请考虑添加 "required" 修饰符或将该 属性 声明为可为 null。 [/root/WorkSpace/CSharp/BannerlordModEditor/BannerlordModEditor.Common/BannerlordModEditor.Common.csproj]
     2>/root/WorkSpace/CSharp/BannerlordModEditor/BannerlordModEditor.Common/Models/DTO/LooknfeelDTO.cs(244,23): warning CS8618: 在退出构造函数时，不可为 null 的 属性 "Position" 必须包含非 null 值。请考虑添加 "required" 修饰符或将该 属性 声明为可为 null。 [/root/WorkSpace/CSharp/BannerlordModEditor/BannerlordModEditor.Common/BannerlordModEditor.Common.csproj]
     2>/root/WorkSpace/CSharp/BannerlordModEditor/BannerlordModEditor.Common/Models/Data/Prerender.cs(43,23): warning CS8618: 在退出构造函数时，不可为 null 的 属性 "Id" 必须包含非 null 值。请考虑添加 "required" 修饰符或将该 属性 声明为可为 null。 [/root/WorkSpace/CSharp/BannerlordModEditor/BannerlordModEditor.Common/BannerlordModEditor.Common.csproj]
     2>/root/WorkSpace/CSharp/BannerlordModEditor/BannerlordModEditor.Common/Models/Data/Prerender.cs(46,23): warning CS8618: 在退出构造函数时，不可为 null 的 属性 "Class" 必须包含非 null 值。请考虑添加 "required" 修饰符或将该 属性 声明为可为 null。 [/root/WorkSpace/CSharp/BannerlordModEditor/BannerlordModEditor.Common/BannerlordModEditor.Common.csproj]
     2>/root/WorkSpace/CSharp/BannerlordModEditor/BannerlordModEditor.Common/Models/Data/Prerender.cs(49,23): warning CS8618: 在退出构造函数时，不可为 null 的 属性 "Shader" 必须包含非 null 值。请考虑添加 "required" 修饰符或将该 属性 声明为可为 null。 [/root/WorkSpace/CSharp/BannerlordModEditor/BannerlordModEditor.Common/BannerlordModEditor.Common.csproj]
     2>/root/WorkSpace/CSharp/BannerlordModEditor/BannerlordModEditor.Common/Models/Data/Prerender.cs(52,23): warning CS8618: 在退出构造函数时，不可为 null 的 属性 "Format" 必须包含非 null 值。请考虑添加 "required" 修饰符或将该 属性 声明为可为 null。 [/root/WorkSpace/CSharp/BannerlordModEditor/BannerlordModEditor.Common/BannerlordModEditor.Common.csproj]
     2>/root/WorkSpace/CSharp/BannerlordModEditor/BannerlordModEditor.Common/Models/Data/Prerender.cs(55,23): warning CS8618: 在退出构造函数时，不可为 null 的 属性 "Size" 必须包含非 null 值。请考虑添加 "required" 修饰符或将该 属性 声明为可为 null。 [/root/WorkSpace/CSharp/BannerlordModEditor/BannerlordModEditor.Common/BannerlordModEditor.Common.csproj]
     2>/root/WorkSpace/CSharp/BannerlordModEditor/BannerlordModEditor.Common/Models/Data/Prerender.cs(58,23): warning CS8618: 在退出构造函数时，不可为 null 的 属性 "Width" 必须包含非 null 值。请考虑添加 "required" 修饰符或将该 属性 声明为可为 null。 [/root/WorkSpace/CSharp/BannerlordModEditor/BannerlordModEditor.Common/BannerlordModEditor.Common.csproj]
     2>/root/WorkSpace/CSharp/BannerlordModEditor/BannerlordModEditor.Common/Models/Data/Prerender.cs(61,23): warning CS8618: 在退出构造函数时，不可为 null 的 属性 "Height" 必须包含非 null 值。请考虑添加 "required" 修饰符或将该 属性 声明为可为 null。 [/root/WorkSpace/CSharp/BannerlordModEditor/BannerlordModEditor.Common/BannerlordModEditor.Common.csproj]
     2>/root/WorkSpace/CSharp/BannerlordModEditor/BannerlordModEditor.Common/Models/Data/Prerender.cs(64,23): warning CS8618: 在退出构造函数时，不可为 null 的 属性 "Compute" 必须包含非 null 值。请考虑添加 "required" 修饰符或将该 属性 声明为可为 null。 [/root/WorkSpace/CSharp/BannerlordModEditor/BannerlordModEditor.Common/BannerlordModEditor.Common.csproj]
     2>/root/WorkSpace/CSharp/BannerlordModEditor/BannerlordModEditor.Common/Models/Data/Prerender.cs(67,23): warning CS8618: 在退出构造函数时，不可为 null 的 属性 "ComputeTgSizeX" 必须包含非 null 值。请考虑添加 "required" 修饰符或将该 属性 声明为可为 null。 [/root/WorkSpace/CSharp/BannerlordModEditor/BannerlordModEditor.Common/BannerlordModEditor.Common.csproj]
     2>/root/WorkSpace/CSharp/BannerlordModEditor/BannerlordModEditor.Common/Models/Data/Prerender.cs(70,23): warning CS8618: 在退出构造函数时，不可为 null 的 属性 "ComputeTgSizeY" 必须包含非 null 值。请考虑添加 "required" 修饰符或将该 属性 声明为可为 null。 [/root/WorkSpace/CSharp/BannerlordModEditor/BannerlordModEditor.Common/BannerlordModEditor.Common.csproj]
     2>/root/WorkSpace/CSharp/BannerlordModEditor/BannerlordModEditor.Common/Models/Data/Prerender.cs(73,28): warning CS8618: 在退出构造函数时，不可为 null 的 属性 "Inputs" 必须包含非 null 值。请考虑添加 "required" 修饰符或将该 属性 声明为可为 null。 [/root/WorkSpace/CSharp/BannerlordModEditor/BannerlordModEditor.Common/BannerlordModEditor.Common.csproj]
     2>/root/WorkSpace/CSharp/BannerlordModEditor/BannerlordModEditor.Common/Models/Data/Prerender.cs(76,30): warning CS8618: 在退出构造函数时，不可为 null 的 属性 "Preconditions" 必须包含非 null 值。请考虑添加 "required" 修饰符或将该 属性 声明为可为 null。 [/root/WorkSpace/CSharp/BannerlordModEditor/BannerlordModEditor.Common/BannerlordModEditor.Common.csproj]
     2>/root/WorkSpace/CSharp/BannerlordModEditor/BannerlordModEditor.Common/Models/Data/ItemModifiers.cs(145,20): warning CS8603: 可能返回 null 引用。 [/root/WorkSpace/CSharp/BannerlordModEditor/BannerlordModEditor.Common/BannerlordModEditor.Common.csproj]
     2>/root/WorkSpace/CSharp/BannerlordModEditor/BannerlordModEditor.Common/Models/DTO/LooknfeelDTO.cs(203,39): warning CS8618: 在退出构造函数时，不可为 null 的 属性 "BackgroundMeshes" 必须包含非 null 值。请考虑添加 "required" 修饰符或将该 属性 声明为可为 null。 [/root/WorkSpace/CSharp/BannerlordModEditor/BannerlordModEditor.Common/BannerlordModEditor.Common.csproj]
     2>/root/WorkSpace/CSharp/BannerlordModEditor/BannerlordModEditor.Common/Models/DTO/LooknfeelDTO.cs(206,39): warning CS8618: 在退出构造函数时，不可为 null 的 属性 "ButtonMeshes" 必须包含非 null 值。请考虑添加 "required" 修饰符或将该 属性 声明为可为 null。 [/root/WorkSpace/CSharp/BannerlordModEditor/BannerlordModEditor.Common/BannerlordModEditor.Common.csproj]
     2>/root/WorkSpace/CSharp/BannerlordModEditor/BannerlordModEditor.Common/Models/DTO/LooknfeelDTO.cs(209,39): warning CS8618: 在退出构造函数时，不可为 null 的 属性 "ButtonPressedMeshes" 必须包含非 null 值。请考虑添加 "required" 修饰符或将该 属性 声明为可为 null。 [/root/WorkSpace/CSharp/BannerlordModEditor/BannerlordModEditor.Common/BannerlordModEditor.Common.csproj]
     2>/root/WorkSpace/CSharp/BannerlordModEditor/BannerlordModEditor.Common/Models/DTO/LooknfeelDTO.cs(212,39): warning CS8618: 在退出构造函数时，不可为 null 的 属性 "HighlightMeshes" 必须包含非 null 值。请考虑添加 "required" 修饰符或将该 属性 声明为可为 null。 [/root/WorkSpace/CSharp/BannerlordModEditor/BannerlordModEditor.Common/BannerlordModEditor.Common.csproj]
     2>/root/WorkSpace/CSharp/BannerlordModEditor/BannerlordModEditor.Common/Models/DTO/LooknfeelDTO.cs(215,39): warning CS8618: 在退出构造函数时，不可为 null 的 属性 "CursorMeshes" 必须包含非 null 值。请考虑添加 "required" 修饰符或将该 属性 声明为可为 null。 [/root/WorkSpace/CSharp/BannerlordModEditor/BannerlordModEditor.Common/BannerlordModEditor.Common.csproj]
     2>/root/WorkSpace/CSharp/BannerlordModEditor/BannerlordModEditor.Common/Models/DTO/LooknfeelDTO.cs(218,39): warning CS8618: 在退出构造函数时，不可为 null 的 属性 "LeftBorderMeshes" 必须包含非 null 值。请考虑添加 "required" 修饰符或将该 属性 声明为可为 null。 [/root/WorkSpace/CSharp/BannerlordModEditor/BannerlordModEditor.Common/BannerlordModEditor.Common.csproj]
     2>/root/WorkSpace/CSharp/BannerlordModEditor/BannerlordModEditor.Common/Models/DTO/LooknfeelDTO.cs(221,39): warning CS8618: 在退出构造函数时，不可为 null 的 属性 "RightBorderMeshes" 必须包含非 null 值。请考虑添加 "required" 修饰符或将该 属性 声明为可为 null。 [/root/WorkSpace/CSharp/BannerlordModEditor/BannerlordModEditor.Common/BannerlordModEditor.Common.csproj]
     2>/root/WorkSpace/CSharp/BannerlordModEditor/BannerlordModEditor.Common/Mappers/MpItemsMapper.cs(619,40): warning CS8603: 可能返回 null 引用。 [/root/WorkSpace/CSharp/BannerlordModEditor/BannerlordModEditor.Common/BannerlordModEditor.Common.csproj]
     2>/root/WorkSpace/CSharp/BannerlordModEditor/BannerlordModEditor.Common/Mappers/MpItemsMapper.cs(629,40): warning CS8603: 可能返回 null 引用。 [/root/WorkSpace/CSharp/BannerlordModEditor/BannerlordModEditor.Common/BannerlordModEditor.Common.csproj]
     2>/root/WorkSpace/CSharp/BannerlordModEditor/BannerlordModEditor.Common/Models/Data/ItemModifiers.cs(155,20): warning CS8603: 可能返回 null 引用。 [/root/WorkSpace/CSharp/BannerlordModEditor/BannerlordModEditor.Common/BannerlordModEditor.Common.csproj]
     2>/root/WorkSpace/CSharp/BannerlordModEditor/BannerlordModEditor.Common/Mappers/MpItemsMapper.cs(640,40): warning CS8603: 可能返回 null 引用。 [/root/WorkSpace/CSharp/BannerlordModEditor/BannerlordModEditor.Common/BannerlordModEditor.Common.csproj]
     2>/root/WorkSpace/CSharp/BannerlordModEditor/BannerlordModEditor.Common/Models/Data/ItemModifiers.cs(17,23): warning CS8618: 在退出构造函数时，不可为 null 的 属性 "ModifierGroup" 必须包含非 null 值。请考虑添加 "required" 修饰符或将该 属性 声明为可为 null。 [/root/WorkSpace/CSharp/BannerlordModEditor/BannerlordModEditor.Common/BannerlordModEditor.Common.csproj]
     2>/root/WorkSpace/CSharp/BannerlordModEditor/BannerlordModEditor.Common/Models/Data/ItemModifiers.cs(21,23): warning CS8618: 在退出构造函数时，不可为 null 的 属性 "Id" 必须包含非 null 值。请考虑添加 "required" 修饰符或将该 属性 声明为可为 null。 [/root/WorkSpace/CSharp/BannerlordModEditor/BannerlordModEditor.Common/BannerlordModEditor.Common.csproj]
     2>/root/WorkSpace/CSharp/BannerlordModEditor/BannerlordModEditor.Common/Models/Data/ItemModifiers.cs(25,23): warning CS8618: 在退出构造函数时，不可为 null 的 属性 "Name" 必须包含非 null 值。请考虑添加 "required" 修饰符或将该 属性 声明为可为 null。 [/root/WorkSpace/CSharp/BannerlordModEditor/BannerlordModEditor.Common/BannerlordModEditor.Common.csproj]
     2>/root/WorkSpace/CSharp/BannerlordModEditor/BannerlordModEditor.Common/Models/Data/ItemModifiers.cs(89,23): warning CS8618: 在退出构造函数时，不可为 null 的 属性 "Quality" 必须包含非 null 值。请考虑添加 "required" 修饰符或将该 属性 声明为可为 null。 [/root/WorkSpace/CSharp/BannerlordModEditor/BannerlordModEditor.Common/BannerlordModEditor.Common.csproj]
     2>/root/WorkSpace/CSharp/BannerlordModEditor/BannerlordModEditor.Common/Mappers/MpItemsMapper.cs(652,40): warning CS8603: 可能返回 null 引用。 [/root/WorkSpace/CSharp/BannerlordModEditor/BannerlordModEditor.Common/BannerlordModEditor.Common.csproj]
     2>/root/WorkSpace/CSharp/BannerlordModEditor/BannerlordModEditor.Common/Models/DTO/MpCraftingPiecesDTO.cs(19,23): warning CS8618: 在退出构造函数时，不可为 null 的 属性 "Id" 必须包含非 null 值。请考虑添加 "required" 修饰符或将该 属性 声明为可为 null。 [/root/WorkSpace/CSharp/BannerlordModEditor/BannerlordModEditor.Common/BannerlordModEditor.Common.csproj]
     2>/root/WorkSpace/CSharp/BannerlordModEditor/BannerlordModEditor.Common/Models/DTO/MpCraftingPiecesDTO.cs(22,23): warning CS8618: 在退出构造函数时，不可为 null 的 属性 "Name" 必须包含非 null 值。请考虑添加 "required" 修饰符或将该 属性 声明为可为 null。 [/root/WorkSpace/CSharp/BannerlordModEditor/BannerlordModEditor.Common/BannerlordModEditor.Common.csproj]
     2>/root/WorkSpace/CSharp/BannerlordModEditor/BannerlordModEditor.Common/Models/DTO/MpCraftingPiecesDTO.cs(25,23): warning CS8618: 在退出构造函数时，不可为 null 的 属性 "Tier" 必须包含非 null 值。请考虑添加 "required" 修饰符或将该 属性 声明为可为 null。 [/root/WorkSpace/CSharp/BannerlordModEditor/BannerlordModEditor.Common/BannerlordModEditor.Common.csproj]
     2>/root/WorkSpace/CSharp/BannerlordModEditor/BannerlordModEditor.Common/Models/DTO/MpCraftingPiecesDTO.cs(28,23): warning CS8618: 在退出构造函数时，不可为 null 的 属性 "PieceType" 必须包含非 null 值。请考虑添加 "required" 修饰符或将该 属性 声明为可为 null。 [/root/WorkSpace/CSharp/BannerlordModEditor/BannerlordModEditor.Common/BannerlordModEditor.Common.csproj]
     2>/root/WorkSpace/CSharp/BannerlordModEditor/BannerlordModEditor.Common/Models/DTO/MpCraftingPiecesDTO.cs(31,23): warning CS8618: 在退出构造函数时，不可为 null 的 属性 "Mesh" 必须包含非 null 值。请考虑添加 "required" 修饰符或将该 属性 声明为可为 null。 [/root/WorkSpace/CSharp/BannerlordModEditor/BannerlordModEditor.Common/BannerlordModEditor.Common.csproj]
     2>/root/WorkSpace/CSharp/BannerlordModEditor/BannerlordModEditor.Common/Models/DTO/MpCraftingPiecesDTO.cs(34,23): warning CS8618: 在退出构造函数时，不可为 null 的 属性 "Scale" 必须包含非 null 值。请考虑添加 "required" 修饰符或将该 属性 声明为可为 null。 [/root/WorkSpace/CSharp/BannerlordModEditor/BannerlordModEditor.Common/BannerlordModEditor.Common.csproj]
     2>/root/WorkSpace/CSharp/BannerlordModEditor/BannerlordModEditor.Common/Models/DTO/MpCraftingPiecesDTO.cs(37,23): warning CS8618: 在退出构造函数时，不可为 null 的 属性 "IsCraftable" 必须包含非 null 值。请考虑添加 "required" 修饰符或将该 属性 声明为可为 null。 [/root/WorkSpace/CSharp/BannerlordModEditor/BannerlordModEditor.Common/BannerlordModEditor.Common.csproj]
     2>/root/WorkSpace/CSharp/BannerlordModEditor/BannerlordModEditor.Common/Mappers/CraftingTemplatesMapper.cs(247,40): warning CS8603: 可能返回 null 引用。 [/root/WorkSpace/CSharp/BannerlordModEditor/BannerlordModEditor.Common/BannerlordModEditor.Common.csproj]
     2>/root/WorkSpace/CSharp/BannerlordModEditor/BannerlordModEditor.Common/Mappers/CraftingTemplatesMapper.cs(258,40): warning CS8603: 可能返回 null 引用。 [/root/WorkSpace/CSharp/BannerlordModEditor/BannerlordModEditor.Common/BannerlordModEditor.Common.csproj]
     2>/root/WorkSpace/CSharp/BannerlordModEditor/BannerlordModEditor.Common/Models/Data/Mpitems.cs(103,23): warning CS8618: 在退出构造函数时，不可为 null 的 属性 "HairCoverType" 必须包含非 null 值。请考虑添加 "required" 修饰符或将该 属性 声明为可为 null。 [/root/WorkSpace/CSharp/BannerlordModEditor/BannerlordModEditor.Common/BannerlordModEditor.Common.csproj]
     2>/root/WorkSpace/CSharp/BannerlordModEditor/BannerlordModEditor.Common/Models/Data/Mpitems.cs(107,23): warning CS8618: 在退出构造函数时，不可为 null 的 属性 "BeardCoverType" 必须包含非 null 值。请考虑添加 "required" 修饰符或将该 属性 声明为可为 null。 [/root/WorkSpace/CSharp/BannerlordModEditor/BannerlordModEditor.Common/BannerlordModEditor.Common.csproj]
     2>/root/WorkSpace/CSharp/BannerlordModEditor/BannerlordModEditor.Common/Models/Data/Mpitems.cs(111,23): warning CS8618: 在退出构造函数时，不可为 null 的 属性 "ModifierGroup" 必须包含非 null 值。请考虑添加 "required" 修饰符或将该 属性 声明为可为 null。 [/root/WorkSpace/CSharp/BannerlordModEditor/BannerlordModEditor.Common/BannerlordModEditor.Common.csproj]
     2>/root/WorkSpace/CSharp/BannerlordModEditor/BannerlordModEditor.Common/Models/Data/Mpitems.cs(115,23): warning CS8618: 在退出构造函数时，不可为 null 的 属性 "MaterialType" 必须包含非 null 值。请考虑添加 "required" 修饰符或将该 属性 声明为可为 null。 [/root/WorkSpace/CSharp/BannerlordModEditor/BannerlordModEditor.Common/BannerlordModEditor.Common.csproj]
     2>/root/WorkSpace/CSharp/BannerlordModEditor/BannerlordModEditor.Common/Models/DTO/LooknfeelDTO.cs(263,23): warning CS8618: 在退出构造函数时，不可为 null 的 属性 "Ref" 必须包含非 null 值。请考虑添加 "required" 修饰符或将该 属性 声明为可为 null。 [/root/WorkSpace/CSharp/BannerlordModEditor/BannerlordModEditor.Common/BannerlordModEditor.Common.csproj]
     2>/root/WorkSpace/CSharp/BannerlordModEditor/BannerlordModEditor.Common/Models/DTO/LooknfeelDTO.cs(266,23): warning CS8618: 在退出构造函数时，不可为 null 的 属性 "Name" 必须包含非 null 值。请考虑添加 "required" 修饰符或将该 属性 声明为可为 null。 [/root/WorkSpace/CSharp/BannerlordModEditor/BannerlordModEditor.Common/BannerlordModEditor.Common.csproj]
     2>/root/WorkSpace/CSharp/BannerlordModEditor/BannerlordModEditor.Common/Models/DTO/LooknfeelDTO.cs(269,23): warning CS8618: 在退出构造函数时，不可为 null 的 属性 "Size" 必须包含非 null 值。请考虑添加 "required" 修饰符或将该 属性 声明为可为 null。 [/root/WorkSpace/CSharp/BannerlordModEditor/BannerlordModEditor.Common/BannerlordModEditor.Common.csproj]
     2>/root/WorkSpace/CSharp/BannerlordModEditor/BannerlordModEditor.Common/Models/DTO/LooknfeelDTO.cs(272,23): warning CS8618: 在退出构造函数时，不可为 null 的 属性 "Position" 必须包含非 null 值。请考虑添加 "required" 修饰符或将该 属性 声明为可为 null。 [/root/WorkSpace/CSharp/BannerlordModEditor/BannerlordModEditor.Common/BannerlordModEditor.Common.csproj]
     2>/root/WorkSpace/CSharp/BannerlordModEditor/BannerlordModEditor.Common/Models/DTO/LooknfeelDTO.cs(275,23): warning CS8618: 在退出构造函数时，不可为 null 的 属性 "Style" 必须包含非 null 值。请考虑添加 "required" 修饰符或将该 属性 声明为可为 null。 [/root/WorkSpace/CSharp/BannerlordModEditor/BannerlordModEditor.Common/BannerlordModEditor.Common.csproj]
     2>/root/WorkSpace/CSharp/BannerlordModEditor/BannerlordModEditor.Common/Models/DTO/LooknfeelDTO.cs(278,23): warning CS8618: 在退出构造函数时，不可为 null 的 属性 "VerticalAlignment" 必须包含非 null 值。请考虑添加 "required" 修饰符或将该 属性 声明为可为 null。 [/root/WorkSpace/CSharp/BannerlordModEditor/BannerlordModEditor.Common/BannerlordModEditor.Common.csproj]
     2>/root/WorkSpace/CSharp/BannerlordModEditor/BannerlordModEditor.Common/Models/DTO/LooknfeelDTO.cs(281,23): warning CS8618: 在退出构造函数时，不可为 null 的 属性 "HorizontalAlignment" 必须包含非 null 值。请考虑添加 "required" 修饰符或将该 属性 声明为可为 null。 [/root/WorkSpace/CSharp/BannerlordModEditor/BannerlordModEditor.Common/BannerlordModEditor.Common.csproj]
     2>/root/WorkSpace/CSharp/BannerlordModEditor/BannerlordModEditor.Common/Models/DTO/LooknfeelDTO.cs(291,23): warning CS8618: 在退出构造函数时，不可为 null 的 属性 "ScrollSpeed" 必须包含非 null 值。请考虑添加 "required" 修饰符或将该 属性 声明为可为 null。 [/root/WorkSpace/CSharp/BannerlordModEditor/BannerlordModEditor.Common/BannerlordModEditor.Common.csproj]
     2>/root/WorkSpace/CSharp/BannerlordModEditor/BannerlordModEditor.Common/Models/DTO/LooknfeelDTO.cs(294,23): warning CS8618: 在退出构造函数时，不可为 null 的 属性 "CellSize" 必须包含非 null 值。请考虑添加 "required" 修饰符或将该 属性 声明为可为 null。 [/root/WorkSpace/CSharp/BannerlordModEditor/BannerlordModEditor.Common/BannerlordModEditor.Common.csproj]
     2>/root/WorkSpace/CSharp/BannerlordModEditor/BannerlordModEditor.Common/Models/DTO/LooknfeelDTO.cs(297,23): warning CS8618: 在退出构造函数时，不可为 null 的 属性 "LayoutStyle" 必须包含非 null 值。请考虑添加 "required" 修饰符或将该 属性 声明为可为 null。 [/root/WorkSpace/CSharp/BannerlordModEditor/BannerlordModEditor.Common/BannerlordModEditor.Common.csproj]
     2>/root/WorkSpace/CSharp/BannerlordModEditor/BannerlordModEditor.Common/Models/DTO/LooknfeelDTO.cs(300,23): warning CS8618: 在退出构造函数时，不可为 null 的 属性 "LayoutAlignment" 必须包含非 null 值。请考虑添加 "required" 修饰符或将该 属性 声明为可为 null。 [/root/WorkSpace/CSharp/BannerlordModEditor/BannerlordModEditor.Common/BannerlordModEditor.Common.csproj]
     2>/root/WorkSpace/CSharp/BannerlordModEditor/BannerlordModEditor.Common/Models/DTO/LooknfeelDTO.cs(303,23): warning CS8618: 在退出构造函数时，不可为 null 的 属性 "Text" 必须包含非 null 值。请考虑添加 "required" 修饰符或将该 属性 声明为可为 null。 [/root/WorkSpace/CSharp/BannerlordModEditor/BannerlordModEditor.Common/BannerlordModEditor.Common.csproj]
     2>/root/WorkSpace/CSharp/BannerlordModEditor/BannerlordModEditor.Common/Models/DTO/LooknfeelDTO.cs(306,23): warning CS8618: 在退出构造函数时，不可为 null 的 属性 "TextColor" 必须包含非 null 值。请考虑添加 "required" 修饰符或将该 属性 声明为可为 null。 [/root/WorkSpace/CSharp/BannerlordModEditor/BannerlordModEditor.Common/BannerlordModEditor.Common.csproj]
     2>/root/WorkSpace/CSharp/BannerlordModEditor/BannerlordModEditor.Common/Models/DTO/LooknfeelDTO.cs(309,23): warning CS8618: 在退出构造函数时，不可为 null 的 属性 "TextHighlightColor" 必须包含非 null 值。请考虑添加 "required" 修饰符或将该 属性 声明为可为 null。 [/root/WorkSpace/CSharp/BannerlordModEditor/BannerlordModEditor.Common/BannerlordModEditor.Common.csproj]
     2>/root/WorkSpace/CSharp/BannerlordModEditor/BannerlordModEditor.Common/Models/DTO/LooknfeelDTO.cs(312,23): warning CS8618: 在退出构造函数时，不可为 null 的 属性 "FontSize" 必须包含非 null 值。请考虑添加 "required" 修饰符或将该 属性 声明为可为 null。 [/root/WorkSpace/CSharp/BannerlordModEditor/BannerlordModEditor.Common/BannerlordModEditor.Common.csproj]
     2>/root/WorkSpace/CSharp/BannerlordModEditor/BannerlordModEditor.Common/Models/DTO/LooknfeelDTO.cs(316,44): warning CS8618: 在退出构造函数时，不可为 null 的 属性 "Meshes" 必须包含非 null 值。请考虑添加 "required" 修饰符或将该 属性 声明为可为 null。 [/root/WorkSpace/CSharp/BannerlordModEditor/BannerlordModEditor.Common/BannerlordModEditor.Common.csproj]
     2>/root/WorkSpace/CSharp/BannerlordModEditor/BannerlordModEditor.Common/Models/DTO/LooknfeelDTO.cs(319,45): warning CS8618: 在退出构造函数时，不可为 null 的 属性 "SubWidgetsList" 必须包含非 null 值。请考虑添加 "required" 修饰符或将该 属性 声明为可为 null。 [/root/WorkSpace/CSharp/BannerlordModEditor/BannerlordModEditor.Common/BannerlordModEditor.Common.csproj]
     2>/root/WorkSpace/CSharp/BannerlordModEditor/BannerlordModEditor.Common/Models/DTO/LooknfeelDTO.cs(34,23): warning CS8618: 在退出构造函数时，不可为 null 的 属性 "Type" 必须包含非 null 值。请考虑添加 "required" 修饰符或将该 属性 声明为可为 null。 [/root/WorkSpace/CSharp/BannerlordModEditor/BannerlordModEditor.Common/BannerlordModEditor.Common.csproj]
     2>/root/WorkSpace/CSharp/BannerlordModEditor/BannerlordModEditor.Common/Models/DTO/LooknfeelDTO.cs(37,23): warning CS8618: 在退出构造函数时，不可为 null 的 属性 "Name" 必须包含非 null 值。请考虑添加 "required" 修饰符或将该 属性 声明为可为 null。 [/root/WorkSpace/CSharp/BannerlordModEditor/BannerlordModEditor.Common/BannerlordModEditor.Common.csproj]
     2>/root/WorkSpace/CSharp/BannerlordModEditor/BannerlordModEditor.Common/Models/DTO/LooknfeelDTO.cs(40,23): warning CS8618: 在退出构造函数时，不可为 null 的 属性 "TilingBorderSize" 必须包含非 null 值。请考虑添加 "required" 修饰符或将该 属性 声明为可为 null。 [/root/WorkSpace/CSharp/BannerlordModEditor/BannerlordModEditor.Common/BannerlordModEditor.Common.csproj]
     2>/root/WorkSpace/CSharp/BannerlordModEditor/BannerlordModEditor.Common/Models/DTO/LooknfeelDTO.cs(43,23): warning CS8618: 在退出构造函数时，不可为 null 的 属性 "TileBackgroundAccordingToBorder" 必须包含非 null 值。请考虑添加 "required" 修饰符或将该 属性 声明为可为 null。 [/root/WorkSpace/CSharp/BannerlordModEditor/BannerlordModEditor.Common/BannerlordModEditor.Common.csproj]
     2>/root/WorkSpace/CSharp/BannerlordModEditor/BannerlordModEditor.Common/Models/DTO/LooknfeelDTO.cs(46,23): warning CS8618: 在退出构造函数时，不可为 null 的 属性 "BackgroundTileSize" 必须包含非 null 值。请考虑添加 "required" 修饰符或将该 属性 声明为可为 null。 [/root/WorkSpace/CSharp/BannerlordModEditor/BannerlordModEditor.Common/BannerlordModEditor.Common.csproj]
     2>/root/WorkSpace/CSharp/BannerlordModEditor/BannerlordModEditor.Common/Models/DTO/LooknfeelDTO.cs(49,23): warning CS8618: 在退出构造函数时，不可为 null 的 属性 "Focusable" 必须包含非 null 值。请考虑添加 "required" 修饰符或将该 属性 声明为可为 null。 [/root/WorkSpace/CSharp/BannerlordModEditor/BannerlordModEditor.Common/BannerlordModEditor.Common.csproj]
     2>/root/WorkSpace/CSharp/BannerlordModEditor/BannerlordModEditor.Common/Models/DTO/LooknfeelDTO.cs(52,23): warning CS8618: 在退出构造函数时，不可为 null 的 属性 "Style" 必须包含非 null 值。请考虑添加 "required" 修饰符或将该 属性 声明为可为 null。 [/root/WorkSpace/CSharp/BannerlordModEditor/BannerlordModEditor.Common/BannerlordModEditor.Common.csproj]
     2>/root/WorkSpace/CSharp/BannerlordModEditor/BannerlordModEditor.Common/Models/DTO/LooknfeelDTO.cs(55,23): warning CS8618: 在退出构造函数时，不可为 null 的 属性 "TrackAreaInset" 必须包含非 null 值。请考虑添加 "required" 修饰符或将该 属性 声明为可为 null。 [/root/WorkSpace/CSharp/BannerlordModEditor/BannerlordModEditor.Common/BannerlordModEditor.Common.csproj]
     2>/root/WorkSpace/CSharp/BannerlordModEditor/BannerlordModEditor.Common/Models/DTO/LooknfeelDTO.cs(58,23): warning CS8618: 在退出构造函数时，不可为 null 的 属性 "Text" 必须包含非 null 值。请考虑添加 "required" 修饰符或将该 属性 声明为可为 null。 [/root/WorkSpace/CSharp/BannerlordModEditor/BannerlordModEditor.Common/BannerlordModEditor.Common.csproj]
     2>/root/WorkSpace/CSharp/BannerlordModEditor/BannerlordModEditor.Common/Models/DTO/LooknfeelDTO.cs(61,23): warning CS8618: 在退出构造函数时，不可为 null 的 属性 "InitialState" 必须包含非 null 值。请考虑添加 "required" 修饰符或将该 属性 声明为可为 null。 [/root/WorkSpace/CSharp/BannerlordModEditor/BannerlordModEditor.Common/BannerlordModEditor.Common.csproj]
     2>/root/WorkSpace/CSharp/BannerlordModEditor/BannerlordModEditor.Common/Models/DTO/LooknfeelDTO.cs(64,23): warning CS8618: 在退出构造函数时，不可为 null 的 属性 "NumOfCols" 必须包含非 null 值。请考虑添加 "required" 修饰符或将该 属性 声明为可为 null。 [/root/WorkSpace/CSharp/BannerlordModEditor/BannerlordModEditor.Common/BannerlordModEditor.Common.csproj]
     2>/root/WorkSpace/CSharp/BannerlordModEditor/BannerlordModEditor.Common/Models/DTO/LooknfeelDTO.cs(67,23): warning CS8618: 在退出构造函数时，不可为 null 的 属性 "NumOfRows" 必须包含非 null 值。请考虑添加 "required" 修饰符或将该 属性 声明为可为 null。 [/root/WorkSpace/CSharp/BannerlordModEditor/BannerlordModEditor.Common/BannerlordModEditor.Common.csproj]
     2>/root/WorkSpace/CSharp/BannerlordModEditor/BannerlordModEditor.Common/Models/DTO/LooknfeelDTO.cs(70,23): warning CS8618: 在退出构造函数时，不可为 null 的 属性 "MaxNumOfRows" 必须包含非 null 值。请考虑添加 "required" 修饰符或将该 属性 声明为可为 null。 [/root/WorkSpace/CSharp/BannerlordModEditor/BannerlordModEditor.Common/BannerlordModEditor.Common.csproj]
     2>/root/WorkSpace/CSharp/BannerlordModEditor/BannerlordModEditor.Common/Models/DTO/LooknfeelDTO.cs(73,23): warning CS8618: 在退出构造函数时，不可为 null 的 属性 "BorderSize" 必须包含非 null 值。请考虑添加 "required" 修饰符或将该 属性 声明为可为 null。 [/root/WorkSpace/CSharp/BannerlordModEditor/BannerlordModEditor.Common/BannerlordModEditor.Common.csproj]
     2>/root/WorkSpace/CSharp/BannerlordModEditor/BannerlordModEditor.Common/Models/DTO/LooknfeelDTO.cs(76,23): warning CS8618: 在退出构造函数时，不可为 null 的 属性 "ShowScrollBars" 必须包含非 null 值。请考虑添加 "required" 修饰符或将该 属性 声明为可为 null。 [/root/WorkSpace/CSharp/BannerlordModEditor/BannerlordModEditor.Common/BannerlordModEditor.Common.csproj]
     2>/root/WorkSpace/CSharp/BannerlordModEditor/BannerlordModEditor.Common/Models/DTO/LooknfeelDTO.cs(79,23): warning CS8618: 在退出构造函数时，不可为 null 的 属性 "ScrollAreaInset" 必须包含非 null 值。请考虑添加 "required" 修饰符或将该 属性 声明为可为 null。 [/root/WorkSpace/CSharp/BannerlordModEditor/BannerlordModEditor.Common/BannerlordModEditor.Common.csproj]
     2>/root/WorkSpace/CSharp/BannerlordModEditor/BannerlordModEditor.Common/Models/DTO/LooknfeelDTO.cs(82,23): warning CS8618: 在退出构造函数时，不可为 null 的 属性 "CellSize" 必须包含非 null 值。请考虑添加 "required" 修饰符或将该 属性 声明为可为 null。 [/root/WorkSpace/CSharp/BannerlordModEditor/BannerlordModEditor.Common/BannerlordModEditor.Common.csproj]
     2>/root/WorkSpace/CSharp/BannerlordModEditor/BannerlordModEditor.Common/Models/DTO/LooknfeelDTO.cs(85,23): warning CS8618: 在退出构造函数时，不可为 null 的 属性 "LayoutStyle" 必须包含非 null 值。请考虑添加 "required" 修饰符或将该 属性 声明为可为 null。 [/root/WorkSpace/CSharp/BannerlordModEditor/BannerlordModEditor.Common/BannerlordModEditor.Common.csproj]
     2>/root/WorkSpace/CSharp/BannerlordModEditor/BannerlordModEditor.Common/Models/DTO/LooknfeelDTO.cs(88,23): warning CS8618: 在退出构造函数时，不可为 null 的 属性 "LayoutAlignment" 必须包含非 null 值。请考虑添加 "required" 修饰符或将该 属性 声明为可为 null。 [/root/WorkSpace/CSharp/BannerlordModEditor/BannerlordModEditor.Common/BannerlordModEditor.Common.csproj]
     2>/root/WorkSpace/CSharp/BannerlordModEditor/BannerlordModEditor.Common/Models/DTO/LooknfeelDTO.cs(91,23): warning CS8618: 在退出构造函数时，不可为 null 的 属性 "AutoShowScrollBars" 必须包含非 null 值。请考虑添加 "required" 修饰符或将该 属性 声明为可为 null。 [/root/WorkSpace/CSharp/BannerlordModEditor/BannerlordModEditor.Common/BannerlordModEditor.Common.csproj]
     2>/root/WorkSpace/CSharp/BannerlordModEditor/BannerlordModEditor.Common/Models/DTO/LooknfeelDTO.cs(94,23): warning CS8618: 在退出构造函数时，不可为 null 的 属性 "IncrementVec" 必须包含非 null 值。请考虑添加 "required" 修饰符或将该 属性 声明为可为 null。 [/root/WorkSpace/CSharp/BannerlordModEditor/BannerlordModEditor.Common/BannerlordModEditor.Common.csproj]
     2>/root/WorkSpace/CSharp/BannerlordModEditor/BannerlordModEditor.Common/Models/DTO/LooknfeelDTO.cs(97,23): warning CS8618: 在退出构造函数时，不可为 null 的 属性 "InitialValue" 必须包含非 null 值。请考虑添加 "required" 修饰符或将该 属性 声明为可为 null。 [/root/WorkSpace/CSharp/BannerlordModEditor/BannerlordModEditor.Common/BannerlordModEditor.Common.csproj]
     2>/root/WorkSpace/CSharp/BannerlordModEditor/BannerlordModEditor.Common/Models/DTO/LooknfeelDTO.cs(100,23): warning CS8618: 在退出构造函数时，不可为 null 的 属性 "MaxAllowedDigit" 必须包含非 null 值。请考虑添加 "required" 修饰符或将该 属性 声明为可为 null。 [/root/WorkSpace/CSharp/BannerlordModEditor/BannerlordModEditor.Common/BannerlordModEditor.Common.csproj]
     2>/root/WorkSpace/CSharp/BannerlordModEditor/BannerlordModEditor.Common/Models/DTO/LooknfeelDTO.cs(103,23): warning CS8618: 在退出构造函数时，不可为 null 的 属性 "MinAllowedValue" 必须包含非 null 值。请考虑添加 "required" 修饰符或将该 属性 声明为可为 null。 [/root/WorkSpace/CSharp/BannerlordModEditor/BannerlordModEditor.Common/BannerlordModEditor.Common.csproj]
     2>/root/WorkSpace/CSharp/BannerlordModEditor/BannerlordModEditor.Common/Models/DTO/LooknfeelDTO.cs(106,23): warning CS8618: 在退出构造函数时，不可为 null 的 属性 "MaxAllowedValue" 必须包含非 null 值。请考虑添加 "required" 修饰符或将该 属性 声明为可为 null。 [/root/WorkSpace/CSharp/BannerlordModEditor/BannerlordModEditor.Common/BannerlordModEditor.Common.csproj]
     2>/root/WorkSpace/CSharp/BannerlordModEditor/BannerlordModEditor.Common/Models/DTO/LooknfeelDTO.cs(109,23): warning CS8618: 在退出构造函数时，不可为 null 的 属性 "StepValue" 必须包含非 null 值。请考虑添加 "required" 修饰符或将该 属性 声明为可为 null。 [/root/WorkSpace/CSharp/BannerlordModEditor/BannerlordModEditor.Common/BannerlordModEditor.Common.csproj]
     2>/root/WorkSpace/CSharp/BannerlordModEditor/BannerlordModEditor.Common/Models/DTO/LooknfeelDTO.cs(112,23): warning CS8618: 在退出构造函数时，不可为 null 的 属性 "MinValue" 必须包含非 null 值。请考虑添加 "required" 修饰符或将该 属性 声明为可为 null。 [/root/WorkSpace/CSharp/BannerlordModEditor/BannerlordModEditor.Common/BannerlordModEditor.Common.csproj]
     2>/root/WorkSpace/CSharp/BannerlordModEditor/BannerlordModEditor.Common/Models/DTO/LooknfeelDTO.cs(115,23): warning CS8618: 在退出构造函数时，不可为 null 的 属性 "MaxValue" 必须包含非 null 值。请考虑添加 "required" 修饰符或将该 属性 声明为可为 null。 [/root/WorkSpace/CSharp/BannerlordModEditor/BannerlordModEditor.Common/BannerlordModEditor.Common.csproj]
     2>/root/WorkSpace/CSharp/BannerlordModEditor/BannerlordModEditor.Common/Models/DTO/LooknfeelDTO.cs(118,23): warning CS8618: 在退出构造函数时，不可为 null 的 属性 "VerticalAlignment" 必须包含非 null 值。请考虑添加 "required" 修饰符或将该 属性 声明为可为 null。 [/root/WorkSpace/CSharp/BannerlordModEditor/BannerlordModEditor.Common/BannerlordModEditor.Common.csproj]
     2>/root/WorkSpace/CSharp/BannerlordModEditor/BannerlordModEditor.Common/Models/DTO/LooknfeelDTO.cs(121,23): warning CS8618: 在退出构造函数时，不可为 null 的 属性 "HorizontalAlignment" 必须包含非 null 值。请考虑添加 "required" 修饰符或将该 属性 声明为可为 null。 [/root/WorkSpace/CSharp/BannerlordModEditor/BannerlordModEditor.Common/BannerlordModEditor.Common.csproj]
     2>/root/WorkSpace/CSharp/BannerlordModEditor/BannerlordModEditor.Common/Models/DTO/LooknfeelDTO.cs(131,23): warning CS8618: 在退出构造函数时，不可为 null 的 属性 "TextHighlightColor" 必须包含非 null 值。请考虑添加 "required" 修饰符或将该 属性 声明为可为 null。 [/root/WorkSpace/CSharp/BannerlordModEditor/BannerlordModEditor.Common/BannerlordModEditor.Common.csproj]
     2>/root/WorkSpace/CSharp/BannerlordModEditor/BannerlordModEditor.Common/Models/DTO/LooknfeelDTO.cs(134,23): warning CS8618: 在退出构造函数时，不可为 null 的 属性 "TextColor" 必须包含非 null 值。请考虑添加 "required" 修饰符或将该 属性 声明为可为 null。 [/root/WorkSpace/CSharp/BannerlordModEditor/BannerlordModEditor.Common/BannerlordModEditor.Common.csproj]
     2>/root/WorkSpace/CSharp/BannerlordModEditor/BannerlordModEditor.Common/Models/DTO/LooknfeelDTO.cs(137,23): warning CS8618: 在退出构造函数时，不可为 null 的 属性 "FontSize" 必须包含非 null 值。请考虑添加 "required" 修饰符或将该 属性 声明为可为 null。 [/root/WorkSpace/CSharp/BannerlordModEditor/BannerlordModEditor.Common/BannerlordModEditor.Common.csproj]
     2>/root/WorkSpace/CSharp/BannerlordModEditor/BannerlordModEditor.Common/Models/DTO/LooknfeelDTO.cs(140,23): warning CS8618: 在退出构造函数时，不可为 null 的 属性 "Size" 必须包含非 null 值。请考虑添加 "required" 修饰符或将该 属性 声明为可为 null。 [/root/WorkSpace/CSharp/BannerlordModEditor/BannerlordModEditor.Common/BannerlordModEditor.Common.csproj]
     2>/root/WorkSpace/CSharp/BannerlordModEditor/BannerlordModEditor.Common/Models/DTO/LooknfeelDTO.cs(143,23): warning CS8618: 在退出构造函数时，不可为 null 的 属性 "Position" 必须包含非 null 值。请考虑添加 "required" 修饰符或将该 属性 声明为可为 null。 [/root/WorkSpace/CSharp/BannerlordModEditor/BannerlordModEditor.Common/BannerlordModEditor.Common.csproj]
     2>/root/WorkSpace/CSharp/BannerlordModEditor/BannerlordModEditor.Common/Models/DTO/LooknfeelDTO.cs(147,44): warning CS8618: 在退出构造函数时，不可为 null 的 属性 "Meshes" 必须包含非 null 值。请考虑添加 "required" 修饰符或将该 属性 声明为可为 null。 [/root/WorkSpace/CSharp/BannerlordModEditor/BannerlordModEditor.Common/BannerlordModEditor.Common.csproj]
     2>/root/WorkSpace/CSharp/BannerlordModEditor/BannerlordModEditor.Common/Models/DTO/LooknfeelDTO.cs(150,45): warning CS8618: 在退出构造函数时，不可为 null 的 属性 "SubWidgetsList" 必须包含非 null 值。请考虑添加 "required" 修饰符或将该 属性 声明为可为 null。 [/root/WorkSpace/CSharp/BannerlordModEditor/BannerlordModEditor.Common/BannerlordModEditor.Common.csproj]
     2>/root/WorkSpace/CSharp/BannerlordModEditor/BannerlordModEditor.Common/Models/DTO/LooknfeelDTO.cs(153,23): warning CS8618: 在退出构造函数时，不可为 null 的 属性 "ButtonMesh" 必须包含非 null 值。请考虑添加 "required" 修饰符或将该 属性 声明为可为 null。 [/root/WorkSpace/CSharp/BannerlordModEditor/BannerlordModEditor.Common/BannerlordModEditor.Common.csproj]
     2>/root/WorkSpace/CSharp/BannerlordModEditor/BannerlordModEditor.Common/Models/Data/ItemHolsters.cs(25,23): warning CS8618: 在退出构造函数时，不可为 null 的 属性 "Id" 必须包含非 null 值。请考虑添加 "required" 修饰符或将该 属性 声明为可为 null。 [/root/WorkSpace/CSharp/BannerlordModEditor/BannerlordModEditor.Common/BannerlordModEditor.Common.csproj]
     2>/root/WorkSpace/CSharp/BannerlordModEditor/BannerlordModEditor.Common/Models/Data/ItemHolsters.cs(28,23): warning CS8618: 在退出构造函数时，不可为 null 的 属性 "EquipAction" 必须包含非 null 值。请考虑添加 "required" 修饰符或将该 属性 声明为可为 null。 [/root/WorkSpace/CSharp/BannerlordModEditor/BannerlordModEditor.Common/BannerlordModEditor.Common.csproj]
     2>/root/WorkSpace/CSharp/BannerlordModEditor/BannerlordModEditor.Common/Models/Data/ItemHolsters.cs(31,23): warning CS8618: 在退出构造函数时，不可为 null 的 属性 "EquipActionLeftStance" 必须包含非 null 值。请考虑添加 "required" 修饰符或将该 属性 声明为可为 null。 [/root/WorkSpace/CSharp/BannerlordModEditor/BannerlordModEditor.Common/BannerlordModEditor.Common.csproj]
     2>/root/WorkSpace/CSharp/BannerlordModEditor/BannerlordModEditor.Common/Models/Data/ItemHolsters.cs(34,23): warning CS8618: 在退出构造函数时，不可为 null 的 属性 "UnequipAction" 必须包含非 null 值。请考虑添加 "required" 修饰符或将该 属性 声明为可为 null。 [/root/WorkSpace/CSharp/BannerlordModEditor/BannerlordModEditor.Common/BannerlordModEditor.Common.csproj]
     2>/root/WorkSpace/CSharp/BannerlordModEditor/BannerlordModEditor.Common/Models/Data/ItemHolsters.cs(37,23): warning CS8618: 在退出构造函数时，不可为 null 的 属性 "UnequipActionLeftStance" 必须包含非 null 值。请考虑添加 "required" 修饰符或将该 属性 声明为可为 null。 [/root/WorkSpace/CSharp/BannerlordModEditor/BannerlordModEditor.Common/BannerlordModEditor.Common.csproj]
     2>/root/WorkSpace/CSharp/BannerlordModEditor/BannerlordModEditor.Common/Models/Data/ItemHolsters.cs(40,23): warning CS8618: 在退出构造函数时，不可为 null 的 属性 "ShowHolsterWhenDrawn" 必须包含非 null 值。请考虑添加 "required" 修饰符或将该 属性 声明为可为 null。 [/root/WorkSpace/CSharp/BannerlordModEditor/BannerlordModEditor.Common/BannerlordModEditor.Common.csproj]
     2>/root/WorkSpace/CSharp/BannerlordModEditor/BannerlordModEditor.Common/Models/Data/ItemHolsters.cs(43,23): warning CS8618: 在退出构造函数时，不可为 null 的 属性 "GroupName" 必须包含非 null 值。请考虑添加 "required" 修饰符或将该 属性 声明为可为 null。 [/root/WorkSpace/CSharp/BannerlordModEditor/BannerlordModEditor.Common/BannerlordModEditor.Common.csproj]
     2>/root/WorkSpace/CSharp/BannerlordModEditor/BannerlordModEditor.Common/Models/Data/ItemHolsters.cs(46,23): warning CS8618: 在退出构造函数时，不可为 null 的 属性 "HolsterSkeleton" 必须包含非 null 值。请考虑添加 "required" 修饰符或将该 属性 声明为可为 null。 [/root/WorkSpace/CSharp/BannerlordModEditor/BannerlordModEditor.Common/BannerlordModEditor.Common.csproj]
     2>/root/WorkSpace/CSharp/BannerlordModEditor/BannerlordModEditor.Common/Models/Data/ItemHolsters.cs(49,23): warning CS8618: 在退出构造函数时，不可为 null 的 属性 "HolsterBone" 必须包含非 null 值。请考虑添加 "required" 修饰符或将该 属性 声明为可为 null。 [/root/WorkSpace/CSharp/BannerlordModEditor/BannerlordModEditor.Common/BannerlordModEditor.Common.csproj]
     2>/root/WorkSpace/CSharp/BannerlordModEditor/BannerlordModEditor.Common/Models/Data/ItemHolsters.cs(52,23): warning CS8618: 在退出构造函数时，不可为 null 的 属性 "BaseSet" 必须包含非 null 值。请考虑添加 "required" 修饰符或将该 属性 声明为可为 null。 [/root/WorkSpace/CSharp/BannerlordModEditor/BannerlordModEditor.Common/BannerlordModEditor.Common.csproj]
     2>/root/WorkSpace/CSharp/BannerlordModEditor/BannerlordModEditor.Common/Models/Data/ItemHolsters.cs(55,23): warning CS8618: 在退出构造函数时，不可为 null 的 属性 "HolsterPosition" 必须包含非 null 值。请考虑添加 "required" 修饰符或将该 属性 声明为可为 null。 [/root/WorkSpace/CSharp/BannerlordModEditor/BannerlordModEditor.Common/BannerlordModEditor.Common.csproj]
     2>/root/WorkSpace/CSharp/BannerlordModEditor/BannerlordModEditor.Common/Models/Data/ItemHolsters.cs(58,23): warning CS8618: 在退出构造函数时，不可为 null 的 属性 "HolsterRotationYawPitchRoll" 必须包含非 null 值。请考虑添加 "required" 修饰符或将该 属性 声明为可为 null。 [/root/WorkSpace/CSharp/BannerlordModEditor/BannerlordModEditor.Common/BannerlordModEditor.Common.csproj]
     2>/root/WorkSpace/CSharp/BannerlordModEditor/BannerlordModEditor.Common/Models/Data/Looknfeel.cs(35,23): warning CS8618: 在退出构造函数时，不可为 null 的 属性 "Type" 必须包含非 null 值。请考虑添加 "required" 修饰符或将该 属性 声明为可为 null。 [/root/WorkSpace/CSharp/BannerlordModEditor/BannerlordModEditor.Common/BannerlordModEditor.Common.csproj]
     2>/root/WorkSpace/CSharp/BannerlordModEditor/BannerlordModEditor.Common/Models/Data/Looknfeel.cs(38,23): warning CS8618: 在退出构造函数时，不可为 null 的 属性 "Name" 必须包含非 null 值。请考虑添加 "required" 修饰符或将该 属性 声明为可为 null。 [/root/WorkSpace/CSharp/BannerlordModEditor/BannerlordModEditor.Common/BannerlordModEditor.Common.csproj]
     2>/root/WorkSpace/CSharp/BannerlordModEditor/BannerlordModEditor.Common/Models/Data/Looknfeel.cs(41,23): warning CS8618: 在退出构造函数时，不可为 null 的 属性 "TilingBorderSize" 必须包含非 null 值。请考虑添加 "required" 修饰符或将该 属性 声明为可为 null。 [/root/WorkSpace/CSharp/BannerlordModEditor/BannerlordModEditor.Common/BannerlordModEditor.Common.csproj]
     2>/root/WorkSpace/CSharp/BannerlordModEditor/BannerlordModEditor.Common/Models/Data/Looknfeel.cs(44,23): warning CS8618: 在退出构造函数时，不可为 null 的 属性 "TileBackgroundAccordingToBorder" 必须包含非 null 值。请考虑添加 "required" 修饰符或将该 属性 声明为可为 null。 [/root/WorkSpace/CSharp/BannerlordModEditor/BannerlordModEditor.Common/BannerlordModEditor.Common.csproj]
     2>/root/WorkSpace/CSharp/BannerlordModEditor/BannerlordModEditor.Common/Models/Data/Looknfeel.cs(47,23): warning CS8618: 在退出构造函数时，不可为 null 的 属性 "BackgroundTileSize" 必须包含非 null 值。请考虑添加 "required" 修饰符或将该 属性 声明为可为 null。 [/root/WorkSpace/CSharp/BannerlordModEditor/BannerlordModEditor.Common/BannerlordModEditor.Common.csproj]
     2>/root/WorkSpace/CSharp/BannerlordModEditor/BannerlordModEditor.Common/Models/Data/Looknfeel.cs(50,23): warning CS8618: 在退出构造函数时，不可为 null 的 属性 "Focusable" 必须包含非 null 值。请考虑添加 "required" 修饰符或将该 属性 声明为可为 null。 [/root/WorkSpace/CSharp/BannerlordModEditor/BannerlordModEditor.Common/BannerlordModEditor.Common.csproj]
     2>/root/WorkSpace/CSharp/BannerlordModEditor/BannerlordModEditor.Common/Models/Data/Looknfeel.cs(53,23): warning CS8618: 在退出构造函数时，不可为 null 的 属性 "Style" 必须包含非 null 值。请考虑添加 "required" 修饰符或将该 属性 声明为可为 null。 [/root/WorkSpace/CSharp/BannerlordModEditor/BannerlordModEditor.Common/BannerlordModEditor.Common.csproj]
     2>/root/WorkSpace/CSharp/BannerlordModEditor/BannerlordModEditor.Common/Models/Data/Looknfeel.cs(56,23): warning CS8618: 在退出构造函数时，不可为 null 的 属性 "TrackAreaInset" 必须包含非 null 值。请考虑添加 "required" 修饰符或将该 属性 声明为可为 null。 [/root/WorkSpace/CSharp/BannerlordModEditor/BannerlordModEditor.Common/BannerlordModEditor.Common.csproj]
     2>/root/WorkSpace/CSharp/BannerlordModEditor/BannerlordModEditor.Common/Models/Data/Looknfeel.cs(59,23): warning CS8618: 在退出构造函数时，不可为 null 的 属性 "Text" 必须包含非 null 值。请考虑添加 "required" 修饰符或将该 属性 声明为可为 null。 [/root/WorkSpace/CSharp/BannerlordModEditor/BannerlordModEditor.Common/BannerlordModEditor.Common.csproj]
     2>/root/WorkSpace/CSharp/BannerlordModEditor/BannerlordModEditor.Common/Models/Data/Looknfeel.cs(62,23): warning CS8618: 在退出构造函数时，不可为 null 的 属性 "InitialState" 必须包含非 null 值。请考虑添加 "required" 修饰符或将该 属性 声明为可为 null。 [/root/WorkSpace/CSharp/BannerlordModEditor/BannerlordModEditor.Common/BannerlordModEditor.Common.csproj]
     2>/root/WorkSpace/CSharp/BannerlordModEditor/BannerlordModEditor.Common/Models/Data/Looknfeel.cs(65,23): warning CS8618: 在退出构造函数时，不可为 null 的 属性 "NumOfCols" 必须包含非 null 值。请考虑添加 "required" 修饰符或将该 属性 声明为可为 null。 [/root/WorkSpace/CSharp/BannerlordModEditor/BannerlordModEditor.Common/BannerlordModEditor.Common.csproj]
     2>/root/WorkSpace/CSharp/BannerlordModEditor/BannerlordModEditor.Common/Models/Data/Looknfeel.cs(68,23): warning CS8618: 在退出构造函数时，不可为 null 的 属性 "NumOfRows" 必须包含非 null 值。请考虑添加 "required" 修饰符或将该 属性 声明为可为 null。 [/root/WorkSpace/CSharp/BannerlordModEditor/BannerlordModEditor.Common/BannerlordModEditor.Common.csproj]
     2>/root/WorkSpace/CSharp/BannerlordModEditor/BannerlordModEditor.Common/Models/Data/Looknfeel.cs(71,23): warning CS8618: 在退出构造函数时，不可为 null 的 属性 "MaxNumOfRows" 必须包含非 null 值。请考虑添加 "required" 修饰符或将该 属性 声明为可为 null。 [/root/WorkSpace/CSharp/BannerlordModEditor/BannerlordModEditor.Common/BannerlordModEditor.Common.csproj]
     2>/root/WorkSpace/CSharp/BannerlordModEditor/BannerlordModEditor.Common/Models/Data/Looknfeel.cs(74,23): warning CS8618: 在退出构造函数时，不可为 null 的 属性 "BorderSize" 必须包含非 null 值。请考虑添加 "required" 修饰符或将该 属性 声明为可为 null。 [/root/WorkSpace/CSharp/BannerlordModEditor/BannerlordModEditor.Common/BannerlordModEditor.Common.csproj]
     2>/root/WorkSpace/CSharp/BannerlordModEditor/BannerlordModEditor.Common/Models/Data/Looknfeel.cs(77,23): warning CS8618: 在退出构造函数时，不可为 null 的 属性 "ShowScrollBars" 必须包含非 null 值。请考虑添加 "required" 修饰符或将该 属性 声明为可为 null。 [/root/WorkSpace/CSharp/BannerlordModEditor/BannerlordModEditor.Common/BannerlordModEditor.Common.csproj]
     2>/root/WorkSpace/CSharp/BannerlordModEditor/BannerlordModEditor.Common/Models/Data/Looknfeel.cs(80,23): warning CS8618: 在退出构造函数时，不可为 null 的 属性 "ScrollAreaInset" 必须包含非 null 值。请考虑添加 "required" 修饰符或将该 属性 声明为可为 null。 [/root/WorkSpace/CSharp/BannerlordModEditor/BannerlordModEditor.Common/BannerlordModEditor.Common.csproj]
     2>/root/WorkSpace/CSharp/BannerlordModEditor/BannerlordModEditor.Common/Models/Data/Looknfeel.cs(83,23): warning CS8618: 在退出构造函数时，不可为 null 的 属性 "CellSize" 必须包含非 null 值。请考虑添加 "required" 修饰符或将该 属性 声明为可为 null。 [/root/WorkSpace/CSharp/BannerlordModEditor/BannerlordModEditor.Common/BannerlordModEditor.Common.csproj]
     2>/root/WorkSpace/CSharp/BannerlordModEditor/BannerlordModEditor.Common/Models/Data/Looknfeel.cs(86,23): warning CS8618: 在退出构造函数时，不可为 null 的 属性 "LayoutStyle" 必须包含非 null 值。请考虑添加 "required" 修饰符或将该 属性 声明为可为 null。 [/root/WorkSpace/CSharp/BannerlordModEditor/BannerlordModEditor.Common/BannerlordModEditor.Common.csproj]
     2>/root/WorkSpace/CSharp/BannerlordModEditor/BannerlordModEditor.Common/Models/Data/Looknfeel.cs(89,23): warning CS8618: 在退出构造函数时，不可为 null 的 属性 "LayoutAlignment" 必须包含非 null 值。请考虑添加 "required" 修饰符或将该 属性 声明为可为 null。 [/root/WorkSpace/CSharp/BannerlordModEditor/BannerlordModEditor.Common/BannerlordModEditor.Common.csproj]
     2>/root/WorkSpace/CSharp/BannerlordModEditor/BannerlordModEditor.Common/Models/Data/Looknfeel.cs(92,23): warning CS8618: 在退出构造函数时，不可为 null 的 属性 "AutoShowScrollBars" 必须包含非 null 值。请考虑添加 "required" 修饰符或将该 属性 声明为可为 null。 [/root/WorkSpace/CSharp/BannerlordModEditor/BannerlordModEditor.Common/BannerlordModEditor.Common.csproj]
     2>/root/WorkSpace/CSharp/BannerlordModEditor/BannerlordModEditor.Common/Models/Data/Looknfeel.cs(95,23): warning CS8618: 在退出构造函数时，不可为 null 的 属性 "IncrementVec" 必须包含非 null 值。请考虑添加 "required" 修饰符或将该 属性 声明为可为 null。 [/root/WorkSpace/CSharp/BannerlordModEditor/BannerlordModEditor.Common/BannerlordModEditor.Common.csproj]
     2>/root/WorkSpace/CSharp/BannerlordModEditor/BannerlordModEditor.Common/Models/Data/Looknfeel.cs(98,23): warning CS8618: 在退出构造函数时，不可为 null 的 属性 "InitialValue" 必须包含非 null 值。请考虑添加 "required" 修饰符或将该 属性 声明为可为 null。 [/root/WorkSpace/CSharp/BannerlordModEditor/BannerlordModEditor.Common/BannerlordModEditor.Common.csproj]
     2>/root/WorkSpace/CSharp/BannerlordModEditor/BannerlordModEditor.Common/Models/Data/Looknfeel.cs(101,23): warning CS8618: 在退出构造函数时，不可为 null 的 属性 "MaxAllowedDigit" 必须包含非 null 值。请考虑添加 "required" 修饰符或将该 属性 声明为可为 null。 [/root/WorkSpace/CSharp/BannerlordModEditor/BannerlordModEditor.Common/BannerlordModEditor.Common.csproj]
     2>/root/WorkSpace/CSharp/BannerlordModEditor/BannerlordModEditor.Common/Models/Data/Looknfeel.cs(104,23): warning CS8618: 在退出构造函数时，不可为 null 的 属性 "MinAllowedValue" 必须包含非 null 值。请考虑添加 "required" 修饰符或将该 属性 声明为可为 null。 [/root/WorkSpace/CSharp/BannerlordModEditor/BannerlordModEditor.Common/BannerlordModEditor.Common.csproj]
     2>/root/WorkSpace/CSharp/BannerlordModEditor/BannerlordModEditor.Common/Models/Data/Looknfeel.cs(107,23): warning CS8618: 在退出构造函数时，不可为 null 的 属性 "MaxAllowedValue" 必须包含非 null 值。请考虑添加 "required" 修饰符或将该 属性 声明为可为 null。 [/root/WorkSpace/CSharp/BannerlordModEditor/BannerlordModEditor.Common/BannerlordModEditor.Common.csproj]
     2>/root/WorkSpace/CSharp/BannerlordModEditor/BannerlordModEditor.Common/Models/Data/Looknfeel.cs(110,23): warning CS8618: 在退出构造函数时，不可为 null 的 属性 "StepValue" 必须包含非 null 值。请考虑添加 "required" 修饰符或将该 属性 声明为可为 null。 [/root/WorkSpace/CSharp/BannerlordModEditor/BannerlordModEditor.Common/BannerlordModEditor.Common.csproj]
     2>/root/WorkSpace/CSharp/BannerlordModEditor/BannerlordModEditor.Common/Models/Data/Looknfeel.cs(113,23): warning CS8618: 在退出构造函数时，不可为 null 的 属性 "MinValue" 必须包含非 null 值。请考虑添加 "required" 修饰符或将该 属性 声明为可为 null。 [/root/WorkSpace/CSharp/BannerlordModEditor/BannerlordModEditor.Common/BannerlordModEditor.Common.csproj]
     2>/root/WorkSpace/CSharp/BannerlordModEditor/BannerlordModEditor.Common/Models/Data/Looknfeel.cs(116,23): warning CS8618: 在退出构造函数时，不可为 null 的 属性 "MaxValue" 必须包含非 null 值。请考虑添加 "required" 修饰符或将该 属性 声明为可为 null。 [/root/WorkSpace/CSharp/BannerlordModEditor/BannerlordModEditor.Common/BannerlordModEditor.Common.csproj]
     2>/root/WorkSpace/CSharp/BannerlordModEditor/BannerlordModEditor.Common/Models/Data/Looknfeel.cs(119,23): warning CS8618: 在退出构造函数时，不可为 null 的 属性 "VerticalAlignment" 必须包含非 null 值。请考虑添加 "required" 修饰符或将该 属性 声明为可为 null。 [/root/WorkSpace/CSharp/BannerlordModEditor/BannerlordModEditor.Common/BannerlordModEditor.Common.csproj]
     2>/root/WorkSpace/CSharp/BannerlordModEditor/BannerlordModEditor.Common/Models/Data/Looknfeel.cs(122,23): warning CS8618: 在退出构造函数时，不可为 null 的 属性 "HorizontalAlignment" 必须包含非 null 值。请考虑添加 "required" 修饰符或将该 属性 声明为可为 null。 [/root/WorkSpace/CSharp/BannerlordModEditor/BannerlordModEditor.Common/BannerlordModEditor.Common.csproj]
     2>/root/WorkSpace/CSharp/BannerlordModEditor/BannerlordModEditor.Common/Models/Data/Looknfeel.cs(125,23): warning CS8618: 在退出构造函数时，不可为 null 的 属性 "HorizontalAligment" 必须包含非 null 值。请考虑添加 "required" 修饰符或将该 属性 声明为可为 null。 [/root/WorkSpace/CSharp/BannerlordModEditor/BannerlordModEditor.Common/BannerlordModEditor.Common.csproj]
     2>/root/WorkSpace/CSharp/BannerlordModEditor/BannerlordModEditor.Common/Models/Data/Looknfeel.cs(128,23): warning CS8618: 在退出构造函数时，不可为 null 的 属性 "TextHighlightColor" 必须包含非 null 值。请考虑添加 "required" 修饰符或将该 属性 声明为可为 null。 [/root/WorkSpace/CSharp/BannerlordModEditor/BannerlordModEditor.Common/BannerlordModEditor.Common.csproj]
     2>/root/WorkSpace/CSharp/BannerlordModEditor/BannerlordModEditor.Common/Models/Data/Looknfeel.cs(131,23): warning CS8618: 在退出构造函数时，不可为 null 的 属性 "TextColor" 必须包含非 null 值。请考虑添加 "required" 修饰符或将该 属性 声明为可为 null。 [/root/WorkSpace/CSharp/BannerlordModEditor/BannerlordModEditor.Common/BannerlordModEditor.Common.csproj]
     2>/root/WorkSpace/CSharp/BannerlordModEditor/BannerlordModEditor.Common/Models/Data/Looknfeel.cs(134,23): warning CS8618: 在退出构造函数时，不可为 null 的 属性 "FontSize" 必须包含非 null 值。请考虑添加 "required" 修饰符或将该 属性 声明为可为 null。 [/root/WorkSpace/CSharp/BannerlordModEditor/BannerlordModEditor.Common/BannerlordModEditor.Common.csproj]
     2>/root/WorkSpace/CSharp/BannerlordModEditor/BannerlordModEditor.Common/Models/Data/Looknfeel.cs(137,23): warning CS8618: 在退出构造函数时，不可为 null 的 属性 "Size" 必须包含非 null 值。请考虑添加 "required" 修饰符或将该 属性 声明为可为 null。 [/root/WorkSpace/CSharp/BannerlordModEditor/BannerlordModEditor.Common/BannerlordModEditor.Common.csproj]
     2>/root/WorkSpace/CSharp/BannerlordModEditor/BannerlordModEditor.Common/Models/Data/Looknfeel.cs(140,23): warning CS8618: 在退出构造函数时，不可为 null 的 属性 "Position" 必须包含非 null 值。请考虑添加 "required" 修饰符或将该 属性 声明为可为 null。 [/root/WorkSpace/CSharp/BannerlordModEditor/BannerlordModEditor.Common/BannerlordModEditor.Common.csproj]
     2>/root/WorkSpace/CSharp/BannerlordModEditor/BannerlordModEditor.Common/Models/Data/Looknfeel.cs(143,41): warning CS8618: 在退出构造函数时，不可为 null 的 属性 "Meshes" 必须包含非 null 值。请考虑添加 "required" 修饰符或将该 属性 声明为可为 null。 [/root/WorkSpace/CSharp/BannerlordModEditor/BannerlordModEditor.Common/BannerlordModEditor.Common.csproj]
     2>/root/WorkSpace/CSharp/BannerlordModEditor/BannerlordModEditor.Common/Models/Data/Looknfeel.cs(146,23): warning CS8618: 在退出构造函数时，不可为 null 的 属性 "ButtonMesh" 必须包含非 null 值。请考虑添加 "required" 修饰符或将该 属性 声明为可为 null。 [/root/WorkSpace/CSharp/BannerlordModEditor/BannerlordModEditor.Common/BannerlordModEditor.Common.csproj]
     2>/root/WorkSpace/CSharp/BannerlordModEditor/BannerlordModEditor.Common/Models/Data/Looknfeel.cs(149,36): warning CS8618: 在退出构造函数时，不可为 null 的 属性 "SubWidgets" 必须包含非 null 值。请考虑添加 "required" 修饰符或将该 属性 声明为可为 null。 [/root/WorkSpace/CSharp/BannerlordModEditor/BannerlordModEditor.Common/BannerlordModEditor.Common.csproj]
     2>/root/WorkSpace/CSharp/BannerlordModEditor/BannerlordModEditor.Common/Models/Data/Mpitems.cs(21,23): warning CS8618: 在退出构造函数时，不可为 null 的 属性 "Id" 必须包含非 null 值。请考虑添加 "required" 修饰符或将该 属性 声明为可为 null。 [/root/WorkSpace/CSharp/BannerlordModEditor/BannerlordModEditor.Common/BannerlordModEditor.Common.csproj]
     2>/root/WorkSpace/CSharp/BannerlordModEditor/BannerlordModEditor.Common/Models/Data/Mpitems.cs(25,23): warning CS8618: 在退出构造函数时，不可为 null 的 属性 "Name" 必须包含非 null 值。请考虑添加 "required" 修饰符或将该 属性 声明为可为 null。 [/root/WorkSpace/CSharp/BannerlordModEditor/BannerlordModEditor.Common/BannerlordModEditor.Common.csproj]
     2>/root/WorkSpace/CSharp/BannerlordModEditor/BannerlordModEditor.Common/Models/Data/Mpitems.cs(29,23): warning CS8618: 在退出构造函数时，不可为 null 的 属性 "Subtype" 必须包含非 null 值。请考虑添加 "required" 修饰符或将该 属性 声明为可为 null。 [/root/WorkSpace/CSharp/BannerlordModEditor/BannerlordModEditor.Common/BannerlordModEditor.Common.csproj]
     2>/root/WorkSpace/CSharp/BannerlordModEditor/BannerlordModEditor.Common/Models/Data/Mpitems.cs(33,23): warning CS8618: 在退出构造函数时，不可为 null 的 属性 "Mesh" 必须包含非 null 值。请考虑添加 "required" 修饰符或将该 属性 声明为可为 null。 [/root/WorkSpace/CSharp/BannerlordModEditor/BannerlordModEditor.Common/BannerlordModEditor.Common.csproj]
     2>/root/WorkSpace/CSharp/BannerlordModEditor/BannerlordModEditor.Common/Models/Data/Mpitems.cs(37,23): warning CS8618: 在退出构造函数时，不可为 null 的 属性 "Culture" 必须包含非 null 值。请考虑添加 "required" 修饰符或将该 属性 声明为可为 null。 [/root/WorkSpace/CSharp/BannerlordModEditor/BannerlordModEditor.Common/BannerlordModEditor.Common.csproj]
     2>/root/WorkSpace/CSharp/BannerlordModEditor/BannerlordModEditor.Common/Models/Data/Mpitems.cs(61,23): warning CS8618: 在退出构造函数时，不可为 null 的 属性 "Type" 必须包含非 null 值。请考虑添加 "required" 修饰符或将该 属性 声明为可为 null。 [/root/WorkSpace/CSharp/BannerlordModEditor/BannerlordModEditor.Common/BannerlordModEditor.Common.csproj]
     2>/root/WorkSpace/CSharp/BannerlordModEditor/BannerlordModEditor.Common/Models/Data/Mpitems.cs(65,37): warning CS8618: 在退出构造函数时，不可为 null 的 属性 "ItemComponent" 必须包含非 null 值。请考虑添加 "required" 修饰符或将该 属性 声明为可为 null。 [/root/WorkSpace/CSharp/BannerlordModEditor/BannerlordModEditor.Common/BannerlordModEditor.Common.csproj]
     2>/root/WorkSpace/CSharp/BannerlordModEditor/BannerlordModEditor.Common/Models/Data/Mpitems.cs(69,29): warning CS8618: 在退出构造函数时，不可为 null 的 属性 "Flags" 必须包含非 null 值。请考虑添加 "required" 修饰符或将该 属性 声明为可为 null。 [/root/WorkSpace/CSharp/BannerlordModEditor/BannerlordModEditor.Common/BannerlordModEditor.Common.csproj]
         CompilerServer: server - server processed compilation - BannerlordModEditor.Common (net9.0)
       GenerateBuildDependencyFile:
       正在跳过目标“GenerateBuildDependencyFile”，因为所有输出文件相对于输入文件而言都是最新的。
       CopyFilesToOutputDirectory:
         正在将文件从“/root/WorkSpace/CSharp/BannerlordModEditor/BannerlordModEditor.Common/obj/Debug/net9.0/BannerlordModEditor.Common.dll”复制到“/root/WorkSpace/CSharp/BannerlordModEditor/BannerlordModEditor.Common/bin/Debug/net9.0/BannerlordModEditor.Common.dll”。
     2>/usr/local/bin/sdk/9.0.303/Microsoft.Common.CurrentVersion.targets(4917,5): warning MSB3026: 无法将“obj/Debug/net9.0/BannerlordModEditor.Common.dll”复制到“bin/Debug/net9.0/BannerlordModEditor.Common.dll”。1000 毫秒后将开始第 1 次重试。The process cannot access the file '/root/WorkSpace/CSharp/BannerlordModEditor/BannerlordModEditor.Common/obj/Debug/net9.0/BannerlordModEditor.Common.dll' because it is being used by another process.  [/root/WorkSpace/CSharp/BannerlordModEditor/BannerlordModEditor.Common/BannerlordModEditor.Common.csproj]
         正在将文件从“/root/WorkSpace/CSharp/BannerlordModEditor/BannerlordModEditor.Common/obj/Debug/net9.0/BannerlordModEditor.Common.dll”复制到“/root/WorkSpace/CSharp/BannerlordModEditor/BannerlordModEditor.Common/bin/Debug/net9.0/BannerlordModEditor.Common.dll”。
         BannerlordModEditor.Common -> /root/WorkSpace/CSharp/BannerlordModEditor/BannerlordModEditor.Common/bin/Debug/net9.0/BannerlordModEditor.Common.dll
     2>已完成生成项目“/root/WorkSpace/CSharp/BannerlordModEditor/BannerlordModEditor.Common/BannerlordModEditor.Common.csproj”(默认目标)的操作。
     1>GenerateTargetFrameworkMonikerAttribute:
       正在跳过目标“GenerateTargetFrameworkMonikerAttribute”，因为所有输出文件相对于输入文件而言都是最新的。
       CoreGenerateAssemblyInfo:
       正在跳过目标“CoreGenerateAssemblyInfo”，因为所有输出文件相对于输入文件而言都是最新的。
       _GenerateSourceLinkFile:
         Source Link 文件 "obj/Debug/net9.0/BannerlordModEditor.Common.Tests.sourcelink.json" 是最新的。
       CoreCompile:
       正在跳过目标“CoreCompile”，因为所有输出文件相对于输入文件而言都是最新的。
       _CopyOutOfDateSourceItemsToOutputDirectory:
       正在跳过目标“_CopyOutOfDateSourceItemsToOutputDirectory”，因为所有输出文件相对于输入文件而言都是最新的。
       GenerateBuildDependencyFile:
       正在跳过目标“GenerateBuildDependencyFile”，因为所有输出文件相对于输入文件而言都是最新的。
       GenerateBuildRuntimeConfigurationFiles:
       正在跳过目标“GenerateBuildRuntimeConfigurationFiles”，因为所有输出文件相对于输入文件而言都是最新的。
       CopyFilesToOutputDirectory:
         BannerlordModEditor.Common.Tests -> /root/WorkSpace/CSharp/BannerlordModEditor/BannerlordModEditor.Common.Tests/bin/Debug/net9.0/BannerlordModEditor.Common.Tests.dll
     1>已完成生成项目“/root/WorkSpace/CSharp/BannerlordModEditor/BannerlordModEditor.Common.Tests/BannerlordModEditor.Common.Tests.csproj”(默认目标)的操作。
     1>BuildProject:
         完成的生成。
         
/root/WorkSpace/CSharp/BannerlordModEditor/BannerlordModEditor.Common.Tests/bin/Debug/net9.0/BannerlordModEditor.Common.Tests.dll (.NETCoreApp,Version=v9.0)的测试运行
VSTest 版本 17.14.1 (x64)

正在启动测试执行，请稍候...
总共 1 个测试文件与指定模式相匹配。
[xUnit.net 00:00:00.00] xUnit.net VSTest Adapter v2.5.3.1+6b60a9e56a (64-bit .NET 9.0.7)
[xUnit.net 00:00:00.06]   Discovering: BannerlordModEditor.Common.Tests
[xUnit.net 00:00:00.20]   Discovered:  BannerlordModEditor.Common.Tests
[xUnit.net 00:00:00.21]   Starting:    BannerlordModEditor.Common.Tests
[xUnit.net 00:00:00.31]     BannerlordModEditor.Common.Tests.SkeletonsLayoutXmlTests.Serialize_SkeletonsLayoutDO_ShouldMatchOriginal [FAIL]
[xUnit.net 00:00:00.31]       Assert.True() Failure
[xUnit.net 00:00:00.31]       Expected: True
[xUnit.net 00:00:00.31]       Actual:   False
[xUnit.net 00:00:00.31]       Stack Trace:
[xUnit.net 00:00:00.31]         /root/WorkSpace/CSharp/BannerlordModEditor/BannerlordModEditor.Common.Tests/SkeletonsLayoutXmlTests.cs(53,0): at BannerlordModEditor.Common.Tests.SkeletonsLayoutXmlTests.Serialize_SkeletonsLayoutDO_ShouldMatchOriginal()
[xUnit.net 00:00:00.31]            at System.RuntimeMethodHandle.InvokeMethod(Object target, Void** arguments, Signature sig, Boolean isConstructor)
[xUnit.net 00:00:00.31]            at System.Reflection.MethodBaseInvoker.InvokeWithNoArgs(Object obj, BindingFlags invokeAttr)
[xUnit.net 00:00:00.32]   Finished:    BannerlordModEditor.Common.Tests
  失败 BannerlordModEditor.Common.Tests.SkeletonsLayoutXmlTests.Serialize_SkeletonsLayoutDO_ShouldMatchOriginal [73 ms]
  错误消息:
   Assert.True() Failure
Expected: True
Actual:   False
  堆栈跟踪:
     at BannerlordModEditor.Common.Tests.SkeletonsLayoutXmlTests.Serialize_SkeletonsLayoutDO_ShouldMatchOriginal() in /root/WorkSpace/CSharp/BannerlordModEditor/BannerlordModEditor.Common.Tests/SkeletonsLayoutXmlTests.cs:line 53
   at System.RuntimeMethodHandle.InvokeMethod(Object target, Void** arguments, Signature sig, Boolean isConstructor)
   at System.Reflection.MethodBaseInvoker.InvokeWithNoArgs(Object obj, BindingFlags invokeAttr)

测试运行失败。
测试总数: 1
     失败数: 1
总时间: 0.6711 秒
       _VSTestConsole:
         MSB4181: “VSTestTask”任务返回了 false，但未记录错误。
     1>已完成生成项目“/root/WorkSpace/CSharp/BannerlordModEditor/BannerlordModEditor.Common.Tests/BannerlordModEditor.Common.Tests.csproj”(VSTest 个目标)的操作 - 失败。

生成失败。

       “/root/WorkSpace/CSharp/BannerlordModEditor/BannerlordModEditor.Common.Tests/BannerlordModEditor.Common.Tests.csproj”(VSTest 目标) (1:7) ->
       “/root/WorkSpace/CSharp/BannerlordModEditor/BannerlordModEditor.Common.Tests/BannerlordModEditor.Common.Tests.csproj”(默认目标) (1:8) ->
       “/root/WorkSpace/CSharp/BannerlordModEditor/BannerlordModEditor.Common/BannerlordModEditor.Common.csproj”(默认目标) (2:6) ->
       (CoreCompile 目标) -> 
         /root/WorkSpace/CSharp/BannerlordModEditor/BannerlordModEditor.Common/Mappers/VoiceDefinitionsMapper.cs(121,36): warning CS8603: 可能返回 null 引用。 [/root/WorkSpace/CSharp/BannerlordModEditor/BannerlordModEditor.Common/BannerlordModEditor.Common.csproj]
         /root/WorkSpace/CSharp/BannerlordModEditor/BannerlordModEditor.Common/Mappers/VoiceDefinitionsMapper.cs(133,36): warning CS8603: 可能返回 null 引用。 [/root/WorkSpace/CSharp/BannerlordModEditor/BannerlordModEditor.Common/BannerlordModEditor.Common.csproj]
         /root/WorkSpace/CSharp/BannerlordModEditor/BannerlordModEditor.Common/Mappers/VoiceDefinitionsMapper.cs(74,36): warning CS8603: 可能返回 null 引用。 [/root/WorkSpace/CSharp/BannerlordModEditor/BannerlordModEditor.Common/BannerlordModEditor.Common.csproj]
         /root/WorkSpace/CSharp/BannerlordModEditor/BannerlordModEditor.Common/Mappers/VoiceDefinitionsMapper.cs(86,36): warning CS8603: 可能返回 null 引用。 [/root/WorkSpace/CSharp/BannerlordModEditor/BannerlordModEditor.Common/BannerlordModEditor.Common.csproj]
         /root/WorkSpace/CSharp/BannerlordModEditor/BannerlordModEditor.Common/Mappers/VoiceDefinitionsMapper.cs(98,36): warning CS8603: 可能返回 null 引用。 [/root/WorkSpace/CSharp/BannerlordModEditor/BannerlordModEditor.Common/BannerlordModEditor.Common.csproj]
         /root/WorkSpace/CSharp/BannerlordModEditor/BannerlordModEditor.Common/Mappers/VoiceDefinitionsMapper.cs(108,36): warning CS8603: 可能返回 null 引用。 [/root/WorkSpace/CSharp/BannerlordModEditor/BannerlordModEditor.Common/BannerlordModEditor.Common.csproj]
         /root/WorkSpace/CSharp/BannerlordModEditor/BannerlordModEditor.Common/Mappers/VoiceDefinitionsMapper.cs(10,36): warning CS8603: 可能返回 null 引用。 [/root/WorkSpace/CSharp/BannerlordModEditor/BannerlordModEditor.Common/BannerlordModEditor.Common.csproj]
         /root/WorkSpace/CSharp/BannerlordModEditor/BannerlordModEditor.Common/Mappers/VoiceDefinitionsMapper.cs(23,36): warning CS8603: 可能返回 null 引用。 [/root/WorkSpace/CSharp/BannerlordModEditor/BannerlordModEditor.Common/BannerlordModEditor.Common.csproj]
         /root/WorkSpace/CSharp/BannerlordModEditor/BannerlordModEditor.Common/Mappers/VoiceDefinitionsMapper.cs(37,36): warning CS8603: 可能返回 null 引用。 [/root/WorkSpace/CSharp/BannerlordModEditor/BannerlordModEditor.Common/BannerlordModEditor.Common.csproj]
         /root/WorkSpace/CSharp/BannerlordModEditor/BannerlordModEditor.Common/Mappers/VoiceDefinitionsMapper.cs(54,36): warning CS8603: 可能返回 null 引用。 [/root/WorkSpace/CSharp/BannerlordModEditor/BannerlordModEditor.Common/BannerlordModEditor.Common.csproj]
         /root/WorkSpace/CSharp/BannerlordModEditor/BannerlordModEditor.Common/Mappers/SkeletonsLayoutMapper.cs(17,40): warning CS8603: 可能返回 null 引用。 [/root/WorkSpace/CSharp/BannerlordModEditor/BannerlordModEditor.Common/BannerlordModEditor.Common.csproj]
         /root/WorkSpace/CSharp/BannerlordModEditor/BannerlordModEditor.Common/Mappers/SkeletonsLayoutMapper.cs(32,40): warning CS8603: 可能返回 null 引用。 [/root/WorkSpace/CSharp/BannerlordModEditor/BannerlordModEditor.Common/BannerlordModEditor.Common.csproj]
         /root/WorkSpace/CSharp/BannerlordModEditor/BannerlordModEditor.Common/Mappers/PostfxGraphsMapper.cs(223,36): warning CS8603: 可能返回 null 引用。 [/root/WorkSpace/CSharp/BannerlordModEditor/BannerlordModEditor.Common/BannerlordModEditor.Common.csproj]
         /root/WorkSpace/CSharp/BannerlordModEditor/BannerlordModEditor.Common/Mappers/PostfxGraphsMapper.cs(233,36): warning CS8603: 可能返回 null 引用。 [/root/WorkSpace/CSharp/BannerlordModEditor/BannerlordModEditor.Common/BannerlordModEditor.Common.csproj]
         /root/WorkSpace/CSharp/BannerlordModEditor/BannerlordModEditor.Common/Mappers/PostfxGraphsMapper.cs(196,36): warning CS8603: 可能返回 null 引用。 [/root/WorkSpace/CSharp/BannerlordModEditor/BannerlordModEditor.Common/BannerlordModEditor.Common.csproj]
         /root/WorkSpace/CSharp/BannerlordModEditor/BannerlordModEditor.Common/Mappers/PostfxGraphsMapper.cs(208,36): warning CS8603: 可能返回 null 引用。 [/root/WorkSpace/CSharp/BannerlordModEditor/BannerlordModEditor.Common/BannerlordModEditor.Common.csproj]
         /root/WorkSpace/CSharp/BannerlordModEditor/BannerlordModEditor.Common/Mappers/PostfxGraphsMapper.cs(169,36): warning CS8603: 可能返回 null 引用。 [/root/WorkSpace/CSharp/BannerlordModEditor/BannerlordModEditor.Common/BannerlordModEditor.Common.csproj]
         /root/WorkSpace/CSharp/BannerlordModEditor/BannerlordModEditor.Common/Mappers/PostfxGraphsMapper.cs(181,36): warning CS8603: 可能返回 null 引用。 [/root/WorkSpace/CSharp/BannerlordModEditor/BannerlordModEditor.Common/BannerlordModEditor.Common.csproj]
         /root/WorkSpace/CSharp/BannerlordModEditor/BannerlordModEditor.Common/Mappers/PostfxGraphsMapper.cs(142,36): warning CS8603: 可能返回 null 引用。 [/root/WorkSpace/CSharp/BannerlordModEditor/BannerlordModEditor.Common/BannerlordModEditor.Common.csproj]
         /root/WorkSpace/CSharp/BannerlordModEditor/BannerlordModEditor.Common/Mappers/PostfxGraphsMapper.cs(154,36): warning CS8603: 可能返回 null 引用。 [/root/WorkSpace/CSharp/BannerlordModEditor/BannerlordModEditor.Common/BannerlordModEditor.Common.csproj]
         /root/WorkSpace/CSharp/BannerlordModEditor/BannerlordModEditor.Common/Mappers/PostfxGraphsMapper.cs(92,36): warning CS8603: 可能返回 null 引用。 [/root/WorkSpace/CSharp/BannerlordModEditor/BannerlordModEditor.Common/BannerlordModEditor.Common.csproj]
         /root/WorkSpace/CSharp/BannerlordModEditor/BannerlordModEditor.Common/Mappers/PostfxGraphsMapper.cs(115,36): warning CS8603: 可能返回 null 引用。 [/root/WorkSpace/CSharp/BannerlordModEditor/BannerlordModEditor.Common/BannerlordModEditor.Common.csproj]
         /root/WorkSpace/CSharp/BannerlordModEditor/BannerlordModEditor.Common/Mappers/PostfxGraphsMapper.cs(63,36): warning CS8603: 可能返回 null 引用。 [/root/WorkSpace/CSharp/BannerlordModEditor/BannerlordModEditor.Common/BannerlordModEditor.Common.csproj]
         /root/WorkSpace/CSharp/BannerlordModEditor/BannerlordModEditor.Common/Mappers/PostfxGraphsMapper.cs(76,36): warning CS8603: 可能返回 null 引用。 [/root/WorkSpace/CSharp/BannerlordModEditor/BannerlordModEditor.Common/BannerlordModEditor.Common.csproj]
         /root/WorkSpace/CSharp/BannerlordModEditor/BannerlordModEditor.Common/Mappers/PostfxGraphsMapper.cs(36,36): warning CS8603: 可能返回 null 引用。 [/root/WorkSpace/CSharp/BannerlordModEditor/BannerlordModEditor.Common/BannerlordModEditor.Common.csproj]
         /root/WorkSpace/CSharp/BannerlordModEditor/BannerlordModEditor.Common/Mappers/PostfxGraphsMapper.cs(48,36): warning CS8603: 可能返回 null 引用。 [/root/WorkSpace/CSharp/BannerlordModEditor/BannerlordModEditor.Common/BannerlordModEditor.Common.csproj]
         /root/WorkSpace/CSharp/BannerlordModEditor/BannerlordModEditor.Common/Mappers/PostfxGraphsMapper.cs(10,36): warning CS8603: 可能返回 null 引用。 [/root/WorkSpace/CSharp/BannerlordModEditor/BannerlordModEditor.Common/BannerlordModEditor.Common.csproj]
         /root/WorkSpace/CSharp/BannerlordModEditor/BannerlordModEditor.Common/Mappers/PostfxGraphsMapper.cs(21,36): warning CS8603: 可能返回 null 引用。 [/root/WorkSpace/CSharp/BannerlordModEditor/BannerlordModEditor.Common/BannerlordModEditor.Common.csproj]
         /root/WorkSpace/CSharp/BannerlordModEditor/BannerlordModEditor.Common/Mappers/PhysicsMaterialsLayoutMapper.cs(14,40): warning CS8603: 可能返回 null 引用。 [/root/WorkSpace/CSharp/BannerlordModEditor/BannerlordModEditor.Common/BannerlordModEditor.Common.csproj]
         /root/WorkSpace/CSharp/BannerlordModEditor/BannerlordModEditor.Common/Mappers/PhysicsMaterialsLayoutMapper.cs(25,40): warning CS8603: 可能返回 null 引用。 [/root/WorkSpace/CSharp/BannerlordModEditor/BannerlordModEditor.Common/BannerlordModEditor.Common.csproj]
         /root/WorkSpace/CSharp/BannerlordModEditor/BannerlordModEditor.Common/Mappers/ParticleSystemsMapper.cs(15,40): warning CS8603: 可能返回 null 引用。 [/root/WorkSpace/CSharp/BannerlordModEditor/BannerlordModEditor.Common/BannerlordModEditor.Common.csproj]
         /root/WorkSpace/CSharp/BannerlordModEditor/BannerlordModEditor.Common/Mappers/ParticleSystemsMapper.cs(25,40): warning CS8603: 可能返回 null 引用。 [/root/WorkSpace/CSharp/BannerlordModEditor/BannerlordModEditor.Common/BannerlordModEditor.Common.csproj]
         /root/WorkSpace/CSharp/BannerlordModEditor/BannerlordModEditor.Common/Mappers/ParticleSystemsMapper.cs(32,34): warning CS8604: “EmittersDTO ParticleSystemsMapper.ToDTO(EmittersDO source)”中的形参“source”可能传入 null 引用实参。 [/root/WorkSpace/CSharp/BannerlordModEditor/BannerlordModEditor.Common/BannerlordModEditor.Common.csproj]
         /root/WorkSpace/CSharp/BannerlordModEditor/BannerlordModEditor.Common/Mappers/ParticleSystemsMapper.cs(38,40): warning CS8603: 可能返回 null 引用。 [/root/WorkSpace/CSharp/BannerlordModEditor/BannerlordModEditor.Common/BannerlordModEditor.Common.csproj]
         /root/WorkSpace/CSharp/BannerlordModEditor/BannerlordModEditor.Common/Mappers/ParticleSystemsMapper.cs(48,40): warning CS8603: 可能返回 null 引用。 [/root/WorkSpace/CSharp/BannerlordModEditor/BannerlordModEditor.Common/BannerlordModEditor.Common.csproj]
         /root/WorkSpace/CSharp/BannerlordModEditor/BannerlordModEditor.Common/Mappers/ParticleSystemsMapper.cs(54,34): warning CS8604: “ChildrenDTO ParticleSystemsMapper.ToDTO(ChildrenDO source)”中的形参“source”可能传入 null 引用实参。 [/root/WorkSpace/CSharp/BannerlordModEditor/BannerlordModEditor.Common/BannerlordModEditor.Common.csproj]
         /root/WorkSpace/CSharp/BannerlordModEditor/BannerlordModEditor.Common/Mappers/ParticleSystemsMapper.cs(55,31): warning CS8604: “ParticleFlagsDTO ParticleSystemsMapper.ToDTO(ParticleFlagsDO source)”中的形参“source”可能传入 null 引用实参。 [/root/WorkSpace/CSharp/BannerlordModEditor/BannerlordModEditor.Common/BannerlordModEditor.Common.csproj]
         /root/WorkSpace/CSharp/BannerlordModEditor/BannerlordModEditor.Common/Mappers/ParticleSystemsMapper.cs(56,36): warning CS8604: “ParametersDTO ParticleSystemsMapper.ToDTO(ParametersDO source)”中的形参“source”可能传入 null 引用实参。 [/root/WorkSpace/CSharp/BannerlordModEditor/BannerlordModEditor.Common/BannerlordModEditor.Common.csproj]
         /root/WorkSpace/CSharp/BannerlordModEditor/BannerlordModEditor.Common/Mappers/ParticleSystemsMapper.cs(62,40): warning CS8603: 可能返回 null 引用。 [/root/WorkSpace/CSharp/BannerlordModEditor/BannerlordModEditor.Common/BannerlordModEditor.Common.csproj]
         /root/WorkSpace/CSharp/BannerlordModEditor/BannerlordModEditor.Common/Mappers/ParticleSystemsMapper.cs(72,40): warning CS8603: 可能返回 null 引用。 [/root/WorkSpace/CSharp/BannerlordModEditor/BannerlordModEditor.Common/BannerlordModEditor.Common.csproj]
         /root/WorkSpace/CSharp/BannerlordModEditor/BannerlordModEditor.Common/Mappers/ParticleSystemsMapper.cs(82,40): warning CS8603: 可能返回 null 引用。 [/root/WorkSpace/CSharp/BannerlordModEditor/BannerlordModEditor.Common/BannerlordModEditor.Common.csproj]
         /root/WorkSpace/CSharp/BannerlordModEditor/BannerlordModEditor.Common/Mappers/ParticleSystemsMapper.cs(93,40): warning CS8603: 可能返回 null 引用。 [/root/WorkSpace/CSharp/BannerlordModEditor/BannerlordModEditor.Common/BannerlordModEditor.Common.csproj]
         /root/WorkSpace/CSharp/BannerlordModEditor/BannerlordModEditor.Common/Mappers/ParticleSystemsMapper.cs(98,40): warning CS8604: “DecalMaterialsDTO ParticleSystemsMapper.ToDTO(DecalMaterialsDO source)”中的形参“source”可能传入 null 引用实参。 [/root/WorkSpace/CSharp/BannerlordModEditor/BannerlordModEditor.Common/BannerlordModEditor.Common.csproj]
         /root/WorkSpace/CSharp/BannerlordModEditor/BannerlordModEditor.Common/Mappers/ParticleSystemsMapper.cs(104,40): warning CS8603: 可能返回 null 引用。 [/root/WorkSpace/CSharp/BannerlordModEditor/BannerlordModEditor.Common/BannerlordModEditor.Common.csproj]
         /root/WorkSpace/CSharp/BannerlordModEditor/BannerlordModEditor.Common/Mappers/ParticleSystemsMapper.cs(113,91): warning CS8604: “CurveDTO ParticleSystemsMapper.ToDTO(CurveDO source)”中的形参“source”可能传入 null 引用实参。 [/root/WorkSpace/CSharp/BannerlordModEditor/BannerlordModEditor.Common/BannerlordModEditor.Common.csproj]
         /root/WorkSpace/CSharp/BannerlordModEditor/BannerlordModEditor.Common/Mappers/ParticleSystemsMapper.cs(114,38): warning CS8604: “ColorDTO ParticleSystemsMapper.ToDTO(ColorDO source)”中的形参“source”可能传入 null 引用实参。 [/root/WorkSpace/CSharp/BannerlordModEditor/BannerlordModEditor.Common/BannerlordModEditor.Common.csproj]
         /root/WorkSpace/CSharp/BannerlordModEditor/BannerlordModEditor.Common/Mappers/ParticleSystemsMapper.cs(115,38): warning CS8604: “AlphaDTO ParticleSystemsMapper.ToDTO(AlphaDO source)”中的形参“source”可能传入 null 引用实参。 [/root/WorkSpace/CSharp/BannerlordModEditor/BannerlordModEditor.Common/BannerlordModEditor.Common.csproj]
         /root/WorkSpace/CSharp/BannerlordModEditor/BannerlordModEditor.Common/Mappers/ParticleSystemsMapper.cs(121,40): warning CS8603: 可能返回 null 引用。 [/root/WorkSpace/CSharp/BannerlordModEditor/BannerlordModEditor.Common/BannerlordModEditor.Common.csproj]
         /root/WorkSpace/CSharp/BannerlordModEditor/BannerlordModEditor.Common/Mappers/ParticleSystemsMapper.cs(129,30): warning CS8604: “KeysDTO ParticleSystemsMapper.ToDTO(KeysDO source)”中的形参“source”可能传入 null 引用实参。 [/root/WorkSpace/CSharp/BannerlordModEditor/BannerlordModEditor.Common/BannerlordModEditor.Common.csproj]
         /root/WorkSpace/CSharp/BannerlordModEditor/BannerlordModEditor.Common/Mappers/ParticleSystemsMapper.cs(135,40): warning CS8603: 可能返回 null 引用。 [/root/WorkSpace/CSharp/BannerlordModEditor/BannerlordModEditor.Common/BannerlordModEditor.Common.csproj]
         /root/WorkSpace/CSharp/BannerlordModEditor/BannerlordModEditor.Common/Mappers/ParticleSystemsMapper.cs(145,40): warning CS8603: 可能返回 null 引用。 [/root/WorkSpace/CSharp/BannerlordModEditor/BannerlordModEditor.Common/BannerlordModEditor.Common.csproj]
         /root/WorkSpace/CSharp/BannerlordModEditor/BannerlordModEditor.Common/Mappers/ParticleSystemsMapper.cs(158,40): warning CS8603: 可能返回 null 引用。 [/root/WorkSpace/CSharp/BannerlordModEditor/BannerlordModEditor.Common/BannerlordModEditor.Common.csproj]
         /root/WorkSpace/CSharp/BannerlordModEditor/BannerlordModEditor.Common/Mappers/ParticleSystemsMapper.cs(162,30): warning CS8604: “KeysDTO ParticleSystemsMapper.ToDTO(KeysDO source)”中的形参“source”可能传入 null 引用实参。 [/root/WorkSpace/CSharp/BannerlordModEditor/BannerlordModEditor.Common/BannerlordModEditor.Common.csproj]
         /root/WorkSpace/CSharp/BannerlordModEditor/BannerlordModEditor.Common/Mappers/ParticleSystemsMapper.cs(168,40): warning CS8603: 可能返回 null 引用。 [/root/WorkSpace/CSharp/BannerlordModEditor/BannerlordModEditor.Common/BannerlordModEditor.Common.csproj]
         /root/WorkSpace/CSharp/BannerlordModEditor/BannerlordModEditor.Common/Mappers/ParticleSystemsMapper.cs(172,30): warning CS8604: “KeysDTO ParticleSystemsMapper.ToDTO(KeysDO source)”中的形参“source”可能传入 null 引用实参。 [/root/WorkSpace/CSharp/BannerlordModEditor/BannerlordModEditor.Common/BannerlordModEditor.Common.csproj]
         /root/WorkSpace/CSharp/BannerlordModEditor/BannerlordModEditor.Common/Mappers/ParticleSystemsMapper.cs(178,40): warning CS8603: 可能返回 null 引用。 [/root/WorkSpace/CSharp/BannerlordModEditor/BannerlordModEditor.Common/BannerlordModEditor.Common.csproj]
         /root/WorkSpace/CSharp/BannerlordModEditor/BannerlordModEditor.Common/Mappers/ParticleSystemsMapper.cs(188,40): warning CS8603: 可能返回 null 引用。 [/root/WorkSpace/CSharp/BannerlordModEditor/BannerlordModEditor.Common/BannerlordModEditor.Common.csproj]
         /root/WorkSpace/CSharp/BannerlordModEditor/BannerlordModEditor.Common/Mappers/ParticleSystemsMapper.cs(202,40): warning CS8603: 可能返回 null 引用。 [/root/WorkSpace/CSharp/BannerlordModEditor/BannerlordModEditor.Common/BannerlordModEditor.Common.csproj]
         /root/WorkSpace/CSharp/BannerlordModEditor/BannerlordModEditor.Common/Mappers/ParticleSystemsMapper.cs(212,40): warning CS8603: 可能返回 null 引用。 [/root/WorkSpace/CSharp/BannerlordModEditor/BannerlordModEditor.Common/BannerlordModEditor.Common.csproj]
         /root/WorkSpace/CSharp/BannerlordModEditor/BannerlordModEditor.Common/Mappers/ParticleSystemsMapper.cs(219,33): warning CS8604: “EmittersDO ParticleSystemsMapper.ToDO(EmittersDTO source)”中的形参“source”可能传入 null 引用实参。 [/root/WorkSpace/CSharp/BannerlordModEditor/BannerlordModEditor.Common/BannerlordModEditor.Common.csproj]
         /root/WorkSpace/CSharp/BannerlordModEditor/BannerlordModEditor.Common/Mappers/ActionSetsMapper.cs(15,40): warning CS8603: 可能返回 null 引用。 [/root/WorkSpace/CSharp/BannerlordModEditor/BannerlordModEditor.Common/BannerlordModEditor.Common.csproj]
         /root/WorkSpace/CSharp/BannerlordModEditor/BannerlordModEditor.Common/Mappers/ActionTypesMapper.cs(15,40): warning CS8603: 可能返回 null 引用。 [/root/WorkSpace/CSharp/BannerlordModEditor/BannerlordModEditor.Common/BannerlordModEditor.Common.csproj]
         /root/WorkSpace/CSharp/BannerlordModEditor/BannerlordModEditor.Common/Mappers/AttributesMapper.cs(12,40): warning CS8603: 可能返回 null 引用。 [/root/WorkSpace/CSharp/BannerlordModEditor/BannerlordModEditor.Common/BannerlordModEditor.Common.csproj]
         /root/WorkSpace/CSharp/BannerlordModEditor/BannerlordModEditor.Common/Mappers/ActionTypesMapper.cs(25,40): warning CS8603: 可能返回 null 引用。 [/root/WorkSpace/CSharp/BannerlordModEditor/BannerlordModEditor.Common/BannerlordModEditor.Common.csproj]
         /root/WorkSpace/CSharp/BannerlordModEditor/BannerlordModEditor.Common/Mappers/ParticleSystemsMapper.cs(225,40): warning CS8603: 可能返回 null 引用。 [/root/WorkSpace/CSharp/BannerlordModEditor/BannerlordModEditor.Common/BannerlordModEditor.Common.csproj]
         /root/WorkSpace/CSharp/BannerlordModEditor/BannerlordModEditor.Common/Mappers/AttributesMapper.cs(39,40): warning CS8603: 可能返回 null 引用。 [/root/WorkSpace/CSharp/BannerlordModEditor/BannerlordModEditor.Common/BannerlordModEditor.Common.csproj]
         /root/WorkSpace/CSharp/BannerlordModEditor/BannerlordModEditor.Common/Mappers/ParticleSystemsMapper.cs(235,40): warning CS8603: 可能返回 null 引用。 [/root/WorkSpace/CSharp/BannerlordModEditor/BannerlordModEditor.Common/BannerlordModEditor.Common.csproj]
         /root/WorkSpace/CSharp/BannerlordModEditor/BannerlordModEditor.Common/Mappers/ParticleSystemsMapper.cs(241,33): warning CS8604: “ChildrenDO ParticleSystemsMapper.ToDO(ChildrenDTO source)”中的形参“source”可能传入 null 引用实参。 [/root/WorkSpace/CSharp/BannerlordModEditor/BannerlordModEditor.Common/BannerlordModEditor.Common.csproj]
         /root/WorkSpace/CSharp/BannerlordModEditor/BannerlordModEditor.Common/Mappers/ParticleSystemsMapper.cs(242,30): warning CS8604: “ParticleFlagsDO ParticleSystemsMapper.ToDO(ParticleFlagsDTO source)”中的形参“source”可能传入 null 引用实参。 [/root/WorkSpace/CSharp/BannerlordModEditor/BannerlordModEditor.Common/BannerlordModEditor.Common.csproj]
         /root/WorkSpace/CSharp/BannerlordModEditor/BannerlordModEditor.Common/Mappers/ParticleSystemsMapper.cs(243,35): warning CS8604: “ParametersDO ParticleSystemsMapper.ToDO(ParametersDTO source)”中的形参“source”可能传入 null 引用实参。 [/root/WorkSpace/CSharp/BannerlordModEditor/BannerlordModEditor.Common/BannerlordModEditor.Common.csproj]
         /root/WorkSpace/CSharp/BannerlordModEditor/BannerlordModEditor.Common/Mappers/ActionSetsMapper.cs(25,40): warning CS8603: 可能返回 null 引用。 [/root/WorkSpace/CSharp/BannerlordModEditor/BannerlordModEditor.Common/BannerlordModEditor.Common.csproj]
         /root/WorkSpace/CSharp/BannerlordModEditor/BannerlordModEditor.Common/Mappers/AttributesMapper.cs(24,40): warning CS8603: 可能返回 null 引用。 [/root/WorkSpace/CSharp/BannerlordModEditor/BannerlordModEditor.Common/BannerlordModEditor.Common.csproj]
         /root/WorkSpace/CSharp/BannerlordModEditor/BannerlordModEditor.Common/Mappers/ActionSetsMapper.cs(39,40): warning CS8603: 可能返回 null 引用。 [/root/WorkSpace/CSharp/BannerlordModEditor/BannerlordModEditor.Common/BannerlordModEditor.Common.csproj]
         /root/WorkSpace/CSharp/BannerlordModEditor/BannerlordModEditor.Common/Mappers/BannerIconsMapper.cs(38,40): warning CS8603: 可能返回 null 引用。 [/root/WorkSpace/CSharp/BannerlordModEditor/BannerlordModEditor.Common/BannerlordModEditor.Common.csproj]
         /root/WorkSpace/CSharp/BannerlordModEditor/BannerlordModEditor.Common/Mappers/BannerIconsMapper.cs(45,57): warning CS8604: “BannerColorsDTO BannerColorsMapper.ToDTO(BannerColorsDO source)”中的形参“source”可能传入 null 引用实参。 [/root/WorkSpace/CSharp/BannerlordModEditor/BannerlordModEditor.Common/BannerlordModEditor.Common.csproj]
         /root/WorkSpace/CSharp/BannerlordModEditor/BannerlordModEditor.Common/Mappers/ActionTypesMapper.cs(42,40): warning CS8603: 可能返回 null 引用。 [/root/WorkSpace/CSharp/BannerlordModEditor/BannerlordModEditor.Common/BannerlordModEditor.Common.csproj]
         /root/WorkSpace/CSharp/BannerlordModEditor/BannerlordModEditor.Common/Mappers/ActionTypesMapper.cs(52,40): warning CS8603: 可能返回 null 引用。 [/root/WorkSpace/CSharp/BannerlordModEditor/BannerlordModEditor.Common/BannerlordModEditor.Common.csproj]
         /root/WorkSpace/CSharp/BannerlordModEditor/BannerlordModEditor.Common/Mappers/BannerIconsMapper.cs(12,40): warning CS8603: 可能返回 null 引用。 [/root/WorkSpace/CSharp/BannerlordModEditor/BannerlordModEditor.Common/BannerlordModEditor.Common.csproj]
         /root/WorkSpace/CSharp/BannerlordModEditor/BannerlordModEditor.Common/Mappers/BannerIconsMapper.cs(17,61): warning CS8604: “BannerIconDataDTO BannerIconDataMapper.ToDTO(BannerIconDataDO source)”中的形参“source”可能传入 null 引用实参。 [/root/WorkSpace/CSharp/BannerlordModEditor/BannerlordModEditor.Common/BannerlordModEditor.Common.csproj]
         /root/WorkSpace/CSharp/BannerlordModEditor/BannerlordModEditor.Common/Mappers/AttributesMapper.cs(52,40): warning CS8603: 可能返回 null 引用。 [/root/WorkSpace/CSharp/BannerlordModEditor/BannerlordModEditor.Common/BannerlordModEditor.Common.csproj]
         /root/WorkSpace/CSharp/BannerlordModEditor/BannerlordModEditor.Common/Mappers/ActionSetsMapper.cs(55,40): warning CS8603: 可能返回 null 引用。 [/root/WorkSpace/CSharp/BannerlordModEditor/BannerlordModEditor.Common/BannerlordModEditor.Common.csproj]
         /root/WorkSpace/CSharp/BannerlordModEditor/BannerlordModEditor.Common/Mappers/BannerIconsMapper.cs(23,40): warning CS8603: 可能返回 null 引用。 [/root/WorkSpace/CSharp/BannerlordModEditor/BannerlordModEditor.Common/BannerlordModEditor.Common.csproj]
         /root/WorkSpace/CSharp/BannerlordModEditor/BannerlordModEditor.Common/Mappers/BannerIconsMapper.cs(28,60): warning CS8604: “BannerIconDataDO BannerIconDataMapper.ToDO(BannerIconDataDTO source)”中的形参“source”可能传入 null 引用实参。 [/root/WorkSpace/CSharp/BannerlordModEditor/BannerlordModEditor.Common/BannerlordModEditor.Common.csproj]
         /root/WorkSpace/CSharp/BannerlordModEditor/BannerlordModEditor.Common/Mappers/BannerIconsMapper.cs(51,40): warning CS8603: 可能返回 null 引用。 [/root/WorkSpace/CSharp/BannerlordModEditor/BannerlordModEditor.Common/BannerlordModEditor.Common.csproj]
         /root/WorkSpace/CSharp/BannerlordModEditor/BannerlordModEditor.Common/Mappers/BannerIconsMapper.cs(58,56): warning CS8604: “BannerColorsDO BannerColorsMapper.ToDO(BannerColorsDTO source)”中的形参“source”可能传入 null 引用实参。 [/root/WorkSpace/CSharp/BannerlordModEditor/BannerlordModEditor.Common/BannerlordModEditor.Common.csproj]
         /root/WorkSpace/CSharp/BannerlordModEditor/BannerlordModEditor.Common/Mappers/BannerIconsMapper.cs(112,40): warning CS8603: 可能返回 null 引用。 [/root/WorkSpace/CSharp/BannerlordModEditor/BannerlordModEditor.Common/BannerlordModEditor.Common.csproj]
         /root/WorkSpace/CSharp/BannerlordModEditor/BannerlordModEditor.Common/Mappers/BannerIconsMapper.cs(124,40): warning CS8603: 可能返回 null 引用。 [/root/WorkSpace/CSharp/BannerlordModEditor/BannerlordModEditor.Common/BannerlordModEditor.Common.csproj]
         /root/WorkSpace/CSharp/BannerlordModEditor/BannerlordModEditor.Common/Mappers/BannerIconsMapper.cs(70,40): warning CS8603: 可能返回 null 引用。 [/root/WorkSpace/CSharp/BannerlordModEditor/BannerlordModEditor.Common/BannerlordModEditor.Common.csproj]
         /root/WorkSpace/CSharp/BannerlordModEditor/BannerlordModEditor.Common/Mappers/ActionSetsMapper.cs(65,40): warning CS8603: 可能返回 null 引用。 [/root/WorkSpace/CSharp/BannerlordModEditor/BannerlordModEditor.Common/BannerlordModEditor.Common.csproj]
         /root/WorkSpace/CSharp/BannerlordModEditor/BannerlordModEditor.Common/Mappers/ActionSetsMapper.cs(79,40): warning CS8603: 可能返回 null 引用。 [/root/WorkSpace/CSharp/BannerlordModEditor/BannerlordModEditor.Common/BannerlordModEditor.Common.csproj]
         /root/WorkSpace/CSharp/BannerlordModEditor/BannerlordModEditor.Common/Mappers/BannerIconsMapper.cs(139,40): warning CS8603: 可能返回 null 引用。 [/root/WorkSpace/CSharp/BannerlordModEditor/BannerlordModEditor.Common/BannerlordModEditor.Common.csproj]
         /root/WorkSpace/CSharp/BannerlordModEditor/BannerlordModEditor.Common/Mappers/BannerIconsMapper.cs(197,40): warning CS8603: 可能返回 null 引用。 [/root/WorkSpace/CSharp/BannerlordModEditor/BannerlordModEditor.Common/BannerlordModEditor.Common.csproj]
         /root/WorkSpace/CSharp/BannerlordModEditor/BannerlordModEditor.Common/Mappers/BannerIconsMapper.cs(210,40): warning CS8603: 可能返回 null 引用。 [/root/WorkSpace/CSharp/BannerlordModEditor/BannerlordModEditor.Common/BannerlordModEditor.Common.csproj]
         /root/WorkSpace/CSharp/BannerlordModEditor/BannerlordModEditor.Common/Mappers/BannerIconsMapper.cs(168,40): warning CS8603: 可能返回 null 引用。 [/root/WorkSpace/CSharp/BannerlordModEditor/BannerlordModEditor.Common/BannerlordModEditor.Common.csproj]
         /root/WorkSpace/CSharp/BannerlordModEditor/BannerlordModEditor.Common/Mappers/BannerIconsMapper.cs(152,40): warning CS8603: 可能返回 null 引用。 [/root/WorkSpace/CSharp/BannerlordModEditor/BannerlordModEditor.Common/BannerlordModEditor.Common.csproj]
         /root/WorkSpace/CSharp/BannerlordModEditor/BannerlordModEditor.Common/Mappers/BannerIconsMapper.cs(88,40): warning CS8603: 可能返回 null 引用。 [/root/WorkSpace/CSharp/BannerlordModEditor/BannerlordModEditor.Common/BannerlordModEditor.Common.csproj]
         /root/WorkSpace/CSharp/BannerlordModEditor/BannerlordModEditor.Common/Services/HybridXml/IHybridXmlServices.cs(319,52): warning CS8604: “XmlNode? XmlNode.SelectSingleNode(string xpath)”中的形参“xpath”可能传入 null 引用实参。 [/root/WorkSpace/CSharp/BannerlordModEditor/BannerlordModEditor.Common/BannerlordModEditor.Common.csproj]
         /root/WorkSpace/CSharp/BannerlordModEditor/BannerlordModEditor.Common/Mappers/ParticleSystemsMapper.cs(249,40): warning CS8603: 可能返回 null 引用。 [/root/WorkSpace/CSharp/BannerlordModEditor/BannerlordModEditor.Common/BannerlordModEditor.Common.csproj]
         /root/WorkSpace/CSharp/BannerlordModEditor/BannerlordModEditor.Common/Mappers/ParticleSystemsMapper.cs(259,40): warning CS8603: 可能返回 null 引用。 [/root/WorkSpace/CSharp/BannerlordModEditor/BannerlordModEditor.Common/BannerlordModEditor.Common.csproj]
         /root/WorkSpace/CSharp/BannerlordModEditor/BannerlordModEditor.Common/Mappers/ParticleSystemsMapper.cs(269,40): warning CS8603: 可能返回 null 引用。 [/root/WorkSpace/CSharp/BannerlordModEditor/BannerlordModEditor.Common/BannerlordModEditor.Common.csproj]
         /root/WorkSpace/CSharp/BannerlordModEditor/BannerlordModEditor.Common/Mappers/ParticleSystemsMapper.cs(280,40): warning CS8603: 可能返回 null 引用。 [/root/WorkSpace/CSharp/BannerlordModEditor/BannerlordModEditor.Common/BannerlordModEditor.Common.csproj]
         /root/WorkSpace/CSharp/BannerlordModEditor/BannerlordModEditor.Common/Mappers/ParticleSystemsMapper.cs(285,39): warning CS8604: “DecalMaterialsDO ParticleSystemsMapper.ToDO(DecalMaterialsDTO source)”中的形参“source”可能传入 null 引用实参。 [/root/WorkSpace/CSharp/BannerlordModEditor/BannerlordModEditor.Common/BannerlordModEditor.Common.csproj]
         /root/WorkSpace/CSharp/BannerlordModEditor/BannerlordModEditor.Common/Mappers/ParticleSystemsMapper.cs(291,40): warning CS8603: 可能返回 null 引用。 [/root/WorkSpace/CSharp/BannerlordModEditor/BannerlordModEditor.Common/BannerlordModEditor.Common.csproj]
         /root/WorkSpace/CSharp/BannerlordModEditor/BannerlordModEditor.Common/Mappers/ParticleSystemsMapper.cs(301,37): warning CS8604: “ColorDO ParticleSystemsMapper.ToDO(ColorDTO source)”中的形参“source”可能传入 null 引用实参。 [/root/WorkSpace/CSharp/BannerlordModEditor/BannerlordModEditor.Common/BannerlordModEditor.Common.csproj]
         /root/WorkSpace/CSharp/BannerlordModEditor/BannerlordModEditor.Common/Mappers/ParticleSystemsMapper.cs(302,37): warning CS8604: “AlphaDO ParticleSystemsMapper.ToDO(AlphaDTO source)”中的形参“source”可能传入 null 引用实参。 [/root/WorkSpace/CSharp/BannerlordModEditor/BannerlordModEditor.Common/BannerlordModEditor.Common.csproj]
         /root/WorkSpace/CSharp/BannerlordModEditor/BannerlordModEditor.Common/Mappers/ParticleSystemsMapper.cs(308,40): warning CS8603: 可能返回 null 引用。 [/root/WorkSpace/CSharp/BannerlordModEditor/BannerlordModEditor.Common/BannerlordModEditor.Common.csproj]
         /root/WorkSpace/CSharp/BannerlordModEditor/BannerlordModEditor.Common/Mappers/ParticleSystemsMapper.cs(316,29): warning CS8604: “KeysDO ParticleSystemsMapper.ToDO(KeysDTO source)”中的形参“source”可能传入 null 引用实参。 [/root/WorkSpace/CSharp/BannerlordModEditor/BannerlordModEditor.Common/BannerlordModEditor.Common.csproj]
         /root/WorkSpace/CSharp/BannerlordModEditor/BannerlordModEditor.Common/Mappers/ParticleSystemsMapper.cs(322,40): warning CS8603: 可能返回 null 引用。 [/root/WorkSpace/CSharp/BannerlordModEditor/BannerlordModEditor.Common/BannerlordModEditor.Common.csproj]
         /root/WorkSpace/CSharp/BannerlordModEditor/BannerlordModEditor.Common/Mappers/BannerIconsMapper.cs(180,40): warning CS8603: 可能返回 null 引用。 [/root/WorkSpace/CSharp/BannerlordModEditor/BannerlordModEditor.Common/BannerlordModEditor.Common.csproj]
         /root/WorkSpace/CSharp/BannerlordModEditor/BannerlordModEditor.Common/Mappers/BoneBodyTypesMapper.cs(15,40): warning CS8603: 可能返回 null 引用。 [/root/WorkSpace/CSharp/BannerlordModEditor/BannerlordModEditor.Common/BannerlordModEditor.Common.csproj]
         /root/WorkSpace/CSharp/BannerlordModEditor/BannerlordModEditor.Common/Mappers/BoneBodyTypesMapper.cs(25,40): warning CS8603: 可能返回 null 引用。 [/root/WorkSpace/CSharp/BannerlordModEditor/BannerlordModEditor.Common/BannerlordModEditor.Common.csproj]
         /root/WorkSpace/CSharp/BannerlordModEditor/BannerlordModEditor.Common/Mappers/CollisionInfosMapper.cs(12,40): warning CS8603: 可能返回 null 引用。 [/root/WorkSpace/CSharp/BannerlordModEditor/BannerlordModEditor.Common/BannerlordModEditor.Common.csproj]
         /root/WorkSpace/CSharp/BannerlordModEditor/BannerlordModEditor.Common/Mappers/CollisionInfosMapper.cs(17,40): warning CS8604: “CollisionInfosDTO CollisionInfosMapper.ToDTO(CollisionInfosDO source)”中的形参“source”可能传入 null 引用实参。 [/root/WorkSpace/CSharp/BannerlordModEditor/BannerlordModEditor.Common/BannerlordModEditor.Common.csproj]
         /root/WorkSpace/CSharp/BannerlordModEditor/BannerlordModEditor.Common/Mappers/CollisionInfosMapper.cs(23,40): warning CS8603: 可能返回 null 引用。 [/root/WorkSpace/CSharp/BannerlordModEditor/BannerlordModEditor.Common/BannerlordModEditor.Common.csproj]
         /root/WorkSpace/CSharp/BannerlordModEditor/BannerlordModEditor.Common/Mappers/CollisionInfosMapper.cs(28,39): warning CS8604: “CollisionInfosDO CollisionInfosMapper.ToDO(CollisionInfosDTO source)”中的形参“source”可能传入 null 引用实参。 [/root/WorkSpace/CSharp/BannerlordModEditor/BannerlordModEditor.Common/BannerlordModEditor.Common.csproj]
         /root/WorkSpace/CSharp/BannerlordModEditor/BannerlordModEditor.Common/Mappers/BoneBodyTypesMapper.cs(43,40): warning CS8603: 可能返回 null 引用。 [/root/WorkSpace/CSharp/BannerlordModEditor/BannerlordModEditor.Common/BannerlordModEditor.Common.csproj]
         /root/WorkSpace/CSharp/BannerlordModEditor/BannerlordModEditor.Common/Mappers/ParticleSystemsMapper.cs(332,40): warning CS8603: 可能返回 null 引用。 [/root/WorkSpace/CSharp/BannerlordModEditor/BannerlordModEditor.Common/BannerlordModEditor.Common.csproj]
         /root/WorkSpace/CSharp/BannerlordModEditor/BannerlordModEditor.Common/Mappers/CombatParametersMapper.cs(15,40): warning CS8603: 可能返回 null 引用。 [/root/WorkSpace/CSharp/BannerlordModEditor/BannerlordModEditor.Common/BannerlordModEditor.Common.csproj]
         /root/WorkSpace/CSharp/BannerlordModEditor/BannerlordModEditor.Common/Mappers/CollisionInfosMapper.cs(34,40): warning CS8603: 可能返回 null 引用。 [/root/WorkSpace/CSharp/BannerlordModEditor/BannerlordModEditor.Common/BannerlordModEditor.Common.csproj]
         /root/WorkSpace/CSharp/BannerlordModEditor/BannerlordModEditor.Common/Mappers/ParticleSystemsMapper.cs(345,40): warning CS8603: 可能返回 null 引用。 [/root/WorkSpace/CSharp/BannerlordModEditor/BannerlordModEditor.Common/BannerlordModEditor.Common.csproj]
         /root/WorkSpace/CSharp/BannerlordModEditor/BannerlordModEditor.Common/Mappers/ParticleSystemsMapper.cs(349,29): warning CS8604: “KeysDO ParticleSystemsMapper.ToDO(KeysDTO source)”中的形参“source”可能传入 null 引用实参。 [/root/WorkSpace/CSharp/BannerlordModEditor/BannerlordModEditor.Common/BannerlordModEditor.Common.csproj]
         /root/WorkSpace/CSharp/BannerlordModEditor/BannerlordModEditor.Common/Mappers/CraftingPiecesMapper.cs(13,40): warning CS8603: 可能返回 null 引用。 [/root/WorkSpace/CSharp/BannerlordModEditor/BannerlordModEditor.Common/BannerlordModEditor.Common.csproj]
         /root/WorkSpace/CSharp/BannerlordModEditor/BannerlordModEditor.Common/Mappers/ParticleSystemsMapper.cs(355,40): warning CS8603: 可能返回 null 引用。 [/root/WorkSpace/CSharp/BannerlordModEditor/BannerlordModEditor.Common/BannerlordModEditor.Common.csproj]
         /root/WorkSpace/CSharp/BannerlordModEditor/BannerlordModEditor.Common/Mappers/ParticleSystemsMapper.cs(359,29): warning CS8604: “KeysDO ParticleSystemsMapper.ToDO(KeysDTO source)”中的形参“source”可能传入 null 引用实参。 [/root/WorkSpace/CSharp/BannerlordModEditor/BannerlordModEditor.Common/BannerlordModEditor.Common.csproj]
         /root/WorkSpace/CSharp/BannerlordModEditor/BannerlordModEditor.Common/Mappers/CraftingPiecesMapper.cs(24,40): warning CS8603: 可能返回 null 引用。 [/root/WorkSpace/CSharp/BannerlordModEditor/BannerlordModEditor.Common/BannerlordModEditor.Common.csproj]
         /root/WorkSpace/CSharp/BannerlordModEditor/BannerlordModEditor.Common/Mappers/CombatParametersMapper.cs(27,40): warning CS8603: 可能返回 null 引用。 [/root/WorkSpace/CSharp/BannerlordModEditor/BannerlordModEditor.Common/BannerlordModEditor.Common.csproj]
         /root/WorkSpace/CSharp/BannerlordModEditor/BannerlordModEditor.Common/Mappers/CombatParametersMapper.cs(37,40): warning CS8603: 可能返回 null 引用。 [/root/WorkSpace/CSharp/BannerlordModEditor/BannerlordModEditor.Common/BannerlordModEditor.Common.csproj]
         /root/WorkSpace/CSharp/BannerlordModEditor/BannerlordModEditor.Common/Mappers/CollisionInfosMapper.cs(45,40): warning CS8603: 可能返回 null 引用。 [/root/WorkSpace/CSharp/BannerlordModEditor/BannerlordModEditor.Common/BannerlordModEditor.Common.csproj]
         /root/WorkSpace/CSharp/BannerlordModEditor/BannerlordModEditor.Common/Mappers/CraftingPiecesMapper.cs(35,40): warning CS8603: 可能返回 null 引用。 [/root/WorkSpace/CSharp/BannerlordModEditor/BannerlordModEditor.Common/BannerlordModEditor.Common.csproj]
         /root/WorkSpace/CSharp/BannerlordModEditor/BannerlordModEditor.Common/Mappers/ParticleSystemsMapper.cs(365,40): warning CS8603: 可能返回 null 引用。 [/root/WorkSpace/CSharp/BannerlordModEditor/BannerlordModEditor.Common/BannerlordModEditor.Common.csproj]
         /root/WorkSpace/CSharp/BannerlordModEditor/BannerlordModEditor.Common/Mappers/ParticleSystemsMapper.cs(375,40): warning CS8603: 可能返回 null 引用。 [/root/WorkSpace/CSharp/BannerlordModEditor/BannerlordModEditor.Common/BannerlordModEditor.Common.csproj]
         /root/WorkSpace/CSharp/BannerlordModEditor/BannerlordModEditor.Common/Mappers/CraftingPiecesMapper.cs(47,40): warning CS8603: 可能返回 null 引用。 [/root/WorkSpace/CSharp/BannerlordModEditor/BannerlordModEditor.Common/BannerlordModEditor.Common.csproj]
         /root/WorkSpace/CSharp/BannerlordModEditor/BannerlordModEditor.Common/Mappers/BoneBodyTypesMapper.cs(53,40): warning CS8603: 可能返回 null 引用。 [/root/WorkSpace/CSharp/BannerlordModEditor/BannerlordModEditor.Common/BannerlordModEditor.Common.csproj]
         /root/WorkSpace/CSharp/BannerlordModEditor/BannerlordModEditor.Common/Mappers/CollisionInfosMapper.cs(56,40): warning CS8603: 可能返回 null 引用。 [/root/WorkSpace/CSharp/BannerlordModEditor/BannerlordModEditor.Common/BannerlordModEditor.Common.csproj]
         /root/WorkSpace/CSharp/BannerlordModEditor/BannerlordModEditor.Common/Mappers/CombatParametersMapper.cs(48,40): warning CS8603: 可能返回 null 引用。 [/root/WorkSpace/CSharp/BannerlordModEditor/BannerlordModEditor.Common/BannerlordModEditor.Common.csproj]
         /root/WorkSpace/CSharp/BannerlordModEditor/BannerlordModEditor.Common/Mappers/CombatParametersMapper.cs(73,48): warning CS8604: “CustomCollisionCapsuleDTO CombatParametersMapper.ToDTO(CustomCollisionCapsuleDO source)”中的形参“source”可能传入 null 引用实参。 [/root/WorkSpace/CSharp/BannerlordModEditor/BannerlordModEditor.Common/BannerlordModEditor.Common.csproj]
         /root/WorkSpace/CSharp/BannerlordModEditor/BannerlordModEditor.Common/Mappers/CombatParametersMapper.cs(79,40): warning CS8603: 可能返回 null 引用。 [/root/WorkSpace/CSharp/BannerlordModEditor/BannerlordModEditor.Common/BannerlordModEditor.Common.csproj]
         /root/WorkSpace/CSharp/BannerlordModEditor/BannerlordModEditor.Common/Mappers/CraftingPiecesMapper.cs(59,40): warning CS8603: 可能返回 null 引用。 [/root/WorkSpace/CSharp/BannerlordModEditor/BannerlordModEditor.Common/BannerlordModEditor.Common.csproj]
         /root/WorkSpace/CSharp/BannerlordModEditor/BannerlordModEditor.Common/Mappers/CraftingTemplatesMapper.cs(13,40): warning CS8603: 可能返回 null 引用。 [/root/WorkSpace/CSharp/BannerlordModEditor/BannerlordModEditor.Common/BannerlordModEditor.Common.csproj]
         /root/WorkSpace/CSharp/BannerlordModEditor/BannerlordModEditor.Common/Mappers/CollisionInfosMapper.cs(67,40): warning CS8603: 可能返回 null 引用。 [/root/WorkSpace/CSharp/BannerlordModEditor/BannerlordModEditor.Common/BannerlordModEditor.Common.csproj]
         /root/WorkSpace/CSharp/BannerlordModEditor/BannerlordModEditor.Common/Mappers/CraftingPiecesMapper.cs(85,40): warning CS8603: 可能返回 null 引用。 [/root/WorkSpace/CSharp/BannerlordModEditor/BannerlordModEditor.Common/BannerlordModEditor.Common.csproj]
         /root/WorkSpace/CSharp/BannerlordModEditor/BannerlordModEditor.Common/Mappers/CombatParametersMapper.cs(95,40): warning CS8603: 可能返回 null 引用。 [/root/WorkSpace/CSharp/BannerlordModEditor/BannerlordModEditor.Common/BannerlordModEditor.Common.csproj]
         /root/WorkSpace/CSharp/BannerlordModEditor/BannerlordModEditor.Common/Mappers/CollisionInfosMapper.cs(78,40): warning CS8603: 可能返回 null 引用。 [/root/WorkSpace/CSharp/BannerlordModEditor/BannerlordModEditor.Common/BannerlordModEditor.Common.csproj]
         /root/WorkSpace/CSharp/BannerlordModEditor/BannerlordModEditor.Common/Mappers/CombatParametersMapper.cs(107,40): warning CS8603: 可能返回 null 引用。 [/root/WorkSpace/CSharp/BannerlordModEditor/BannerlordModEditor.Common/BannerlordModEditor.Common.csproj]
         /root/WorkSpace/CSharp/BannerlordModEditor/BannerlordModEditor.Common/Mappers/CollisionInfosMapper.cs(89,40): warning CS8603: 可能返回 null 引用。 [/root/WorkSpace/CSharp/BannerlordModEditor/BannerlordModEditor.Common/BannerlordModEditor.Common.csproj]
         /root/WorkSpace/CSharp/BannerlordModEditor/BannerlordModEditor.Common/Mappers/CombatParametersMapper.cs(117,40): warning CS8603: 可能返回 null 引用。 [/root/WorkSpace/CSharp/BannerlordModEditor/BannerlordModEditor.Common/BannerlordModEditor.Common.csproj]
         /root/WorkSpace/CSharp/BannerlordModEditor/BannerlordModEditor.Common/Mappers/CollisionInfosMapper.cs(100,40): warning CS8603: 可能返回 null 引用。 [/root/WorkSpace/CSharp/BannerlordModEditor/BannerlordModEditor.Common/BannerlordModEditor.Common.csproj]
         /root/WorkSpace/CSharp/BannerlordModEditor/BannerlordModEditor.Common/Mappers/CombatParametersMapper.cs(128,40): warning CS8603: 可能返回 null 引用。 [/root/WorkSpace/CSharp/BannerlordModEditor/BannerlordModEditor.Common/BannerlordModEditor.Common.csproj]
         /root/WorkSpace/CSharp/BannerlordModEditor/BannerlordModEditor.Common/Mappers/CombatParametersMapper.cs(153,47): warning CS8604: “CustomCollisionCapsuleDO CombatParametersMapper.ToDO(CustomCollisionCapsuleDTO source)”中的形参“source”可能传入 null 引用实参。 [/root/WorkSpace/CSharp/BannerlordModEditor/BannerlordModEditor.Common/BannerlordModEditor.Common.csproj]
         /root/WorkSpace/CSharp/BannerlordModEditor/BannerlordModEditor.Common/Mappers/CombatParametersMapper.cs(159,40): warning CS8603: 可能返回 null 引用。 [/root/WorkSpace/CSharp/BannerlordModEditor/BannerlordModEditor.Common/BannerlordModEditor.Common.csproj]
         /root/WorkSpace/CSharp/BannerlordModEditor/BannerlordModEditor.Common/Mappers/CraftingPiecesMapper.cs(181,40): warning CS8603: 可能返回 null 引用。 [/root/WorkSpace/CSharp/BannerlordModEditor/BannerlordModEditor.Common/BannerlordModEditor.Common.csproj]
         /root/WorkSpace/CSharp/BannerlordModEditor/BannerlordModEditor.Common/Mappers/CollisionInfosMapper.cs(112,40): warning CS8603: 可能返回 null 引用。 [/root/WorkSpace/CSharp/BannerlordModEditor/BannerlordModEditor.Common/BannerlordModEditor.Common.csproj]
         /root/WorkSpace/CSharp/BannerlordModEditor/BannerlordModEditor.Common/Mappers/CraftingPiecesMapper.cs(193,40): warning CS8603: 可能返回 null 引用。 [/root/WorkSpace/CSharp/BannerlordModEditor/BannerlordModEditor.Common/BannerlordModEditor.Common.csproj]
         /root/WorkSpace/CSharp/BannerlordModEditor/BannerlordModEditor.Common/Mappers/FloraKindsLayoutMapper.cs(14,40): warning CS8603: 可能返回 null 引用。 [/root/WorkSpace/CSharp/BannerlordModEditor/BannerlordModEditor.Common/BannerlordModEditor.Common.csproj]
         /root/WorkSpace/CSharp/BannerlordModEditor/BannerlordModEditor.Common/Models/Data/TauntUsageSets.cs(116,23): warning CS8618: 在退出构造函数时，不可为 null 的 属性 "Action" 必须包含非 null 值。请考虑添加 "required" 修饰符或将该 属性 声明为可为 null。 [/root/WorkSpace/CSharp/BannerlordModEditor/BannerlordModEditor.Common/BannerlordModEditor.Common.csproj]
         /root/WorkSpace/CSharp/BannerlordModEditor/BannerlordModEditor.Common/Mappers/FloraKindsLayoutMapper.cs(25,40): warning CS8603: 可能返回 null 引用。 [/root/WorkSpace/CSharp/BannerlordModEditor/BannerlordModEditor.Common/BannerlordModEditor.Common.csproj]
         /root/WorkSpace/CSharp/BannerlordModEditor/BannerlordModEditor.Common/Mappers/CollisionInfosMapper.cs(124,40): warning CS8603: 可能返回 null 引用。 [/root/WorkSpace/CSharp/BannerlordModEditor/BannerlordModEditor.Common/BannerlordModEditor.Common.csproj]
         /root/WorkSpace/CSharp/BannerlordModEditor/BannerlordModEditor.Common/Mappers/FloraKindsMapper.cs(15,40): warning CS8603: 可能返回 null 引用。 [/root/WorkSpace/CSharp/BannerlordModEditor/BannerlordModEditor.Common/BannerlordModEditor.Common.csproj]
         /root/WorkSpace/CSharp/BannerlordModEditor/BannerlordModEditor.Common/Mappers/ItemHolstersLayoutMapper.cs(14,40): warning CS8603: 可能返回 null 引用。 [/root/WorkSpace/CSharp/BannerlordModEditor/BannerlordModEditor.Common/BannerlordModEditor.Common.csproj]
         /root/WorkSpace/CSharp/BannerlordModEditor/BannerlordModEditor.Common/Mappers/CollisionInfosMapper.cs(143,40): warning CS8603: 可能返回 null 引用。 [/root/WorkSpace/CSharp/BannerlordModEditor/BannerlordModEditor.Common/BannerlordModEditor.Common.csproj]
         /root/WorkSpace/CSharp/BannerlordModEditor/BannerlordModEditor.Common/Mappers/CraftingPiecesMapper.cs(229,40): warning CS8603: 可能返回 null 引用。 [/root/WorkSpace/CSharp/BannerlordModEditor/BannerlordModEditor.Common/BannerlordModEditor.Common.csproj]
         /root/WorkSpace/CSharp/BannerlordModEditor/BannerlordModEditor.Common/Mappers/FloraKindsMapper.cs(25,40): warning CS8603: 可能返回 null 引用。 [/root/WorkSpace/CSharp/BannerlordModEditor/BannerlordModEditor.Common/BannerlordModEditor.Common.csproj]
         /root/WorkSpace/CSharp/BannerlordModEditor/BannerlordModEditor.Common/Mappers/FloraKindsMapper.cs(31,31): warning CS8604: “FloraFlagsDTO FloraKindsMapper.ToDTO(FloraFlagsDO source)”中的形参“source”可能传入 null 引用实参。 [/root/WorkSpace/CSharp/BannerlordModEditor/BannerlordModEditor.Common/BannerlordModEditor.Common.csproj]
         /root/WorkSpace/CSharp/BannerlordModEditor/BannerlordModEditor.Common/Mappers/CraftingPiecesMapper.cs(242,40): warning CS8603: 可能返回 null 引用。 [/root/WorkSpace/CSharp/BannerlordModEditor/BannerlordModEditor.Common/BannerlordModEditor.Common.csproj]
         /root/WorkSpace/CSharp/BannerlordModEditor/BannerlordModEditor.Common/Mappers/ItemHolstersMapper.cs(14,24): warning CS8603: 可能返回 null 引用。 [/root/WorkSpace/CSharp/BannerlordModEditor/BannerlordModEditor.Common/BannerlordModEditor.Common.csproj]
         /root/WorkSpace/CSharp/BannerlordModEditor/BannerlordModEditor.Common/Mappers/LayoutsBaseMapper.cs(17,40): warning CS8603: 可能返回 null 引用。 [/root/WorkSpace/CSharp/BannerlordModEditor/BannerlordModEditor.Common/BannerlordModEditor.Common.csproj]
         /root/WorkSpace/CSharp/BannerlordModEditor/BannerlordModEditor.Common/Mappers/LayoutsBaseMapper.cs(31,40): warning CS8603: 可能返回 null 引用。 [/root/WorkSpace/CSharp/BannerlordModEditor/BannerlordModEditor.Common/BannerlordModEditor.Common.csproj]
         /root/WorkSpace/CSharp/BannerlordModEditor/BannerlordModEditor.Common/Mappers/FloraKindsMapper.cs(38,40): warning CS8603: 可能返回 null 引用。 [/root/WorkSpace/CSharp/BannerlordModEditor/BannerlordModEditor.Common/BannerlordModEditor.Common.csproj]
         /root/WorkSpace/CSharp/BannerlordModEditor/BannerlordModEditor.Common/Mappers/ItemHolstersMapper.cs(25,24): warning CS8603: 可能返回 null 引用。 [/root/WorkSpace/CSharp/BannerlordModEditor/BannerlordModEditor.Common/BannerlordModEditor.Common.csproj]
         /root/WorkSpace/CSharp/BannerlordModEditor/BannerlordModEditor.Common/Mappers/ItemModifiersMapper.cs(13,40): warning CS8603: 可能返回 null 引用。 [/root/WorkSpace/CSharp/BannerlordModEditor/BannerlordModEditor.Common/BannerlordModEditor.Common.csproj]
         /root/WorkSpace/CSharp/BannerlordModEditor/BannerlordModEditor.Common/Mappers/ItemUsageSetsMapper.cs(12,40): warning CS8603: 可能返回 null 引用。 [/root/WorkSpace/CSharp/BannerlordModEditor/BannerlordModEditor.Common/BannerlordModEditor.Common.csproj]
         /root/WorkSpace/CSharp/BannerlordModEditor/BannerlordModEditor.Common/Mappers/FloraKindsMapper.cs(48,40): warning CS8603: 可能返回 null 引用。 [/root/WorkSpace/CSharp/BannerlordModEditor/BannerlordModEditor.Common/BannerlordModEditor.Common.csproj]
         /root/WorkSpace/CSharp/BannerlordModEditor/BannerlordModEditor.Common/Mappers/ItemHolstersMapper.cs(36,24): warning CS8603: 可能返回 null 引用。 [/root/WorkSpace/CSharp/BannerlordModEditor/BannerlordModEditor.Common/BannerlordModEditor.Common.csproj]
         /root/WorkSpace/CSharp/BannerlordModEditor/BannerlordModEditor.Common/Mappers/FloraKindsMapper.cs(59,40): warning CS8603: 可能返回 null 引用。 [/root/WorkSpace/CSharp/BannerlordModEditor/BannerlordModEditor.Common/BannerlordModEditor.Common.csproj]
         /root/WorkSpace/CSharp/BannerlordModEditor/BannerlordModEditor.Common/Mappers/ItemHolstersMapper.cs(58,24): warning CS8603: 可能返回 null 引用。 [/root/WorkSpace/CSharp/BannerlordModEditor/BannerlordModEditor.Common/BannerlordModEditor.Common.csproj]
         /root/WorkSpace/CSharp/BannerlordModEditor/BannerlordModEditor.Common/Mappers/ItemModifiersMapper.cs(25,40): warning CS8603: 可能返回 null 引用。 [/root/WorkSpace/CSharp/BannerlordModEditor/BannerlordModEditor.Common/BannerlordModEditor.Common.csproj]
         /root/WorkSpace/CSharp/BannerlordModEditor/BannerlordModEditor.Common/Mappers/CraftingPiecesMapper.cs(279,40): warning CS8603: 可能返回 null 引用。 [/root/WorkSpace/CSharp/BannerlordModEditor/BannerlordModEditor.Common/BannerlordModEditor.Common.csproj]
         /root/WorkSpace/CSharp/BannerlordModEditor/BannerlordModEditor.Common/Mappers/ItemUsageSetsMapper.cs(24,40): warning CS8603: 可能返回 null 引用。 [/root/WorkSpace/CSharp/BannerlordModEditor/BannerlordModEditor.Common/BannerlordModEditor.Common.csproj]
         /root/WorkSpace/CSharp/BannerlordModEditor/BannerlordModEditor.Common/Mappers/LayoutsBaseMapper.cs(78,40): warning CS8603: 可能返回 null 引用。 [/root/WorkSpace/CSharp/BannerlordModEditor/BannerlordModEditor.Common/BannerlordModEditor.Common.csproj]
         /root/WorkSpace/CSharp/BannerlordModEditor/BannerlordModEditor.Common/Mappers/LayoutsBaseMapper.cs(48,40): warning CS8603: 可能返回 null 引用。 [/root/WorkSpace/CSharp/BannerlordModEditor/BannerlordModEditor.Common/BannerlordModEditor.Common.csproj]
         /root/WorkSpace/CSharp/BannerlordModEditor/BannerlordModEditor.Common/Mappers/CraftingPiecesMapper.cs(290,40): warning CS8603: 可能返回 null 引用。 [/root/WorkSpace/CSharp/BannerlordModEditor/BannerlordModEditor.Common/BannerlordModEditor.Common.csproj]
         /root/WorkSpace/CSharp/BannerlordModEditor/BannerlordModEditor.Common/Mappers/LayoutsBaseMapper.cs(150,40): warning CS8603: 可能返回 null 引用。 [/root/WorkSpace/CSharp/BannerlordModEditor/BannerlordModEditor.Common/BannerlordModEditor.Common.csproj]
         /root/WorkSpace/CSharp/BannerlordModEditor/BannerlordModEditor.Common/Mappers/FloraKindsMapper.cs(70,40): warning CS8603: 可能返回 null 引用。 [/root/WorkSpace/CSharp/BannerlordModEditor/BannerlordModEditor.Common/BannerlordModEditor.Common.csproj]
         /root/WorkSpace/CSharp/BannerlordModEditor/BannerlordModEditor.Common/Mappers/ItemModifiersMapper.cs(37,40): warning CS8603: 可能返回 null 引用。 [/root/WorkSpace/CSharp/BannerlordModEditor/BannerlordModEditor.Common/BannerlordModEditor.Common.csproj]
         /root/WorkSpace/CSharp/BannerlordModEditor/BannerlordModEditor.Common/Mappers/LayoutsBaseMapper.cs(120,40): warning CS8603: 可能返回 null 引用。 [/root/WorkSpace/CSharp/BannerlordModEditor/BannerlordModEditor.Common/BannerlordModEditor.Common.csproj]
         /root/WorkSpace/CSharp/BannerlordModEditor/BannerlordModEditor.Common/Mappers/LayoutsBaseMapper.cs(96,40): warning CS8603: 可能返回 null 引用。 [/root/WorkSpace/CSharp/BannerlordModEditor/BannerlordModEditor.Common/BannerlordModEditor.Common.csproj]
         /root/WorkSpace/CSharp/BannerlordModEditor/BannerlordModEditor.Common/Mappers/LayoutsBaseMapper.cs(161,40): warning CS8603: 可能返回 null 引用。 [/root/WorkSpace/CSharp/BannerlordModEditor/BannerlordModEditor.Common/BannerlordModEditor.Common.csproj]
         /root/WorkSpace/CSharp/BannerlordModEditor/BannerlordModEditor.Common/Mappers/LayoutsBaseMapper.cs(60,40): warning CS8603: 可能返回 null 引用。 [/root/WorkSpace/CSharp/BannerlordModEditor/BannerlordModEditor.Common/BannerlordModEditor.Common.csproj]
         /root/WorkSpace/CSharp/BannerlordModEditor/BannerlordModEditor.Common/Mappers/ItemUsageSetsMapper.cs(36,40): warning CS8603: 可能返回 null 引用。 [/root/WorkSpace/CSharp/BannerlordModEditor/BannerlordModEditor.Common/BannerlordModEditor.Common.csproj]
         /root/WorkSpace/CSharp/BannerlordModEditor/BannerlordModEditor.Common/Models/DO/CreditsDO.cs(71,23): warning CS8618: 在退出构造函数时，不可为 null 的 属性 "Text" 必须包含非 null 值。请考虑添加 "required" 修饰符或将该 属性 声明为可为 null。 [/root/WorkSpace/CSharp/BannerlordModEditor/BannerlordModEditor.Common/BannerlordModEditor.Common.csproj]
         /root/WorkSpace/CSharp/BannerlordModEditor/BannerlordModEditor.Common/Models/DO/CreditsDO.cs(56,23): warning CS8618: 在退出构造函数时，不可为 null 的 属性 "Text" 必须包含非 null 值。请考虑添加 "required" 修饰符或将该 属性 声明为可为 null。 [/root/WorkSpace/CSharp/BannerlordModEditor/BannerlordModEditor.Common/BannerlordModEditor.Common.csproj]
         /root/WorkSpace/CSharp/BannerlordModEditor/BannerlordModEditor.Common/Mappers/LayoutsBaseMapper.cs(132,40): warning CS8603: 可能返回 null 引用。 [/root/WorkSpace/CSharp/BannerlordModEditor/BannerlordModEditor.Common/BannerlordModEditor.Common.csproj]
         /root/WorkSpace/CSharp/BannerlordModEditor/BannerlordModEditor.Common/Models/DO/CreditsDO.cs(87,23): warning CS8618: 在退出构造函数时，不可为 null 的 属性 "Name" 必须包含非 null 值。请考虑添加 "required" 修饰符或将该 属性 声明为可为 null。 [/root/WorkSpace/CSharp/BannerlordModEditor/BannerlordModEditor.Common/BannerlordModEditor.Common.csproj]
         /root/WorkSpace/CSharp/BannerlordModEditor/BannerlordModEditor.Common/Models/DO/CreditsDO.cs(90,23): warning CS8618: 在退出构造函数时，不可为 null 的 属性 "PlatformSpecific" 必须包含非 null 值。请考虑添加 "required" 修饰符或将该 属性 声明为可为 null。 [/root/WorkSpace/CSharp/BannerlordModEditor/BannerlordModEditor.Common/BannerlordModEditor.Common.csproj]
         /root/WorkSpace/CSharp/BannerlordModEditor/BannerlordModEditor.Common/Models/DO/CreditsDO.cs(93,23): warning CS8618: 在退出构造函数时，不可为 null 的 属性 "ConsoleSpecific" 必须包含非 null 值。请考虑添加 "required" 修饰符或将该 属性 声明为可为 null。 [/root/WorkSpace/CSharp/BannerlordModEditor/BannerlordModEditor.Common/BannerlordModEditor.Common.csproj]
         /root/WorkSpace/CSharp/BannerlordModEditor/BannerlordModEditor.Common/Mappers/FloraKindsMapper.cs(80,40): warning CS8603: 可能返回 null 引用。 [/root/WorkSpace/CSharp/BannerlordModEditor/BannerlordModEditor.Common/BannerlordModEditor.Common.csproj]
         /root/WorkSpace/CSharp/BannerlordModEditor/BannerlordModEditor.Common/Models/DO/CreditsDO.cs(23,23): warning CS8618: 在退出构造函数时，不可为 null 的 属性 "Text" 必须包含非 null 值。请考虑添加 "required" 修饰符或将该 属性 声明为可为 null。 [/root/WorkSpace/CSharp/BannerlordModEditor/BannerlordModEditor.Common/BannerlordModEditor.Common.csproj]
         /root/WorkSpace/CSharp/BannerlordModEditor/BannerlordModEditor.Common/Mappers/ItemUsageSetsMapper.cs(57,40): warning CS8603: 可能返回 null 引用。 [/root/WorkSpace/CSharp/BannerlordModEditor/BannerlordModEditor.Common/BannerlordModEditor.Common.csproj]
         /root/WorkSpace/CSharp/BannerlordModEditor/BannerlordModEditor.Common/Mappers/FloraKindsMapper.cs(94,40): warning CS8603: 可能返回 null 引用。 [/root/WorkSpace/CSharp/BannerlordModEditor/BannerlordModEditor.Common/BannerlordModEditor.Common.csproj]
         /root/WorkSpace/CSharp/BannerlordModEditor/BannerlordModEditor.Common/Mappers/CraftingPiecesMapper.cs(325,40): warning CS8603: 可能返回 null 引用。 [/root/WorkSpace/CSharp/BannerlordModEditor/BannerlordModEditor.Common/BannerlordModEditor.Common.csproj]
         /root/WorkSpace/CSharp/BannerlordModEditor/BannerlordModEditor.Common/Models/DO/CreditsDO.cs(99,23): warning CS8618: 在退出构造函数时，不可为 null 的 属性 "Text" 必须包含非 null 值。请考虑添加 "required" 修饰符或将该 属性 声明为可为 null。 [/root/WorkSpace/CSharp/BannerlordModEditor/BannerlordModEditor.Common/BannerlordModEditor.Common.csproj]
         /root/WorkSpace/CSharp/BannerlordModEditor/BannerlordModEditor.Common/Mappers/LayoutsBaseMapper.cs(208,40): warning CS8603: 可能返回 null 引用。 [/root/WorkSpace/CSharp/BannerlordModEditor/BannerlordModEditor.Common/BannerlordModEditor.Common.csproj]
         /root/WorkSpace/CSharp/BannerlordModEditor/BannerlordModEditor.Common/Mappers/LayoutsBaseMapper.cs(238,40): warning CS8603: 可能返回 null 引用。 [/root/WorkSpace/CSharp/BannerlordModEditor/BannerlordModEditor.Common/BannerlordModEditor.Common.csproj]
         /root/WorkSpace/CSharp/BannerlordModEditor/BannerlordModEditor.Common/Models/Data/TauntUsageSets.cs(17,23): warning CS8618: 在退出构造函数时，不可为 null 的 属性 "Id" 必须包含非 null 值。请考虑添加 "required" 修饰符或将该 属性 声明为可为 null。 [/root/WorkSpace/CSharp/BannerlordModEditor/BannerlordModEditor.Common/BannerlordModEditor.Common.csproj]
         /root/WorkSpace/CSharp/BannerlordModEditor/BannerlordModEditor.Common/Mappers/CraftingPiecesMapper.cs(337,40): warning CS8603: 可能返回 null 引用。 [/root/WorkSpace/CSharp/BannerlordModEditor/BannerlordModEditor.Common/BannerlordModEditor.Common.csproj]
         /root/WorkSpace/CSharp/BannerlordModEditor/BannerlordModEditor.Common/Mappers/LayoutsBaseMapper.cs(248,40): warning CS8603: 可能返回 null 引用。 [/root/WorkSpace/CSharp/BannerlordModEditor/BannerlordModEditor.Common/BannerlordModEditor.Common.csproj]
         /root/WorkSpace/CSharp/BannerlordModEditor/BannerlordModEditor.Common/Mappers/LayoutsBaseMapper.cs(220,40): warning CS8603: 可能返回 null 引用。 [/root/WorkSpace/CSharp/BannerlordModEditor/BannerlordModEditor.Common/BannerlordModEditor.Common.csproj]
         /root/WorkSpace/CSharp/BannerlordModEditor/BannerlordModEditor.Common/Mappers/LayoutsBaseMapper.cs(178,40): warning CS8603: 可能返回 null 引用。 [/root/WorkSpace/CSharp/BannerlordModEditor/BannerlordModEditor.Common/BannerlordModEditor.Common.csproj]
         /root/WorkSpace/CSharp/BannerlordModEditor/BannerlordModEditor.Common/Mappers/LayoutsBaseMapper.cs(264,40): warning CS8603: 可能返回 null 引用。 [/root/WorkSpace/CSharp/BannerlordModEditor/BannerlordModEditor.Common/BannerlordModEditor.Common.csproj]
         /root/WorkSpace/CSharp/BannerlordModEditor/BannerlordModEditor.Common/Mappers/ItemModifiersMapper.cs(63,40): warning CS8603: 可能返回 null 引用。 [/root/WorkSpace/CSharp/BannerlordModEditor/BannerlordModEditor.Common/BannerlordModEditor.Common.csproj]
         /root/WorkSpace/CSharp/BannerlordModEditor/BannerlordModEditor.Common/Mappers/FloraKindsMapper.cs(109,40): warning CS8603: 可能返回 null 引用。 [/root/WorkSpace/CSharp/BannerlordModEditor/BannerlordModEditor.Common/BannerlordModEditor.Common.csproj]
         /root/WorkSpace/CSharp/BannerlordModEditor/BannerlordModEditor.Common/Mappers/LayoutsBaseMapper.cs(294,40): warning CS8603: 可能返回 null 引用。 [/root/WorkSpace/CSharp/BannerlordModEditor/BannerlordModEditor.Common/BannerlordModEditor.Common.csproj]
         /root/WorkSpace/CSharp/BannerlordModEditor/BannerlordModEditor.Common/Mappers/LayoutsBaseMapper.cs(276,40): warning CS8603: 可能返回 null 引用。 [/root/WorkSpace/CSharp/BannerlordModEditor/BannerlordModEditor.Common/BannerlordModEditor.Common.csproj]
         /root/WorkSpace/CSharp/BannerlordModEditor/BannerlordModEditor.Common/Mappers/LayoutsBaseMapper.cs(190,40): warning CS8603: 可能返回 null 引用。 [/root/WorkSpace/CSharp/BannerlordModEditor/BannerlordModEditor.Common/BannerlordModEditor.Common.csproj]
         /root/WorkSpace/CSharp/BannerlordModEditor/BannerlordModEditor.Common/Mappers/LayoutsBaseMapper.cs(358,40): warning CS8603: 可能返回 null 引用。 [/root/WorkSpace/CSharp/BannerlordModEditor/BannerlordModEditor.Common/BannerlordModEditor.Common.csproj]
         /root/WorkSpace/CSharp/BannerlordModEditor/BannerlordModEditor.Common/Mappers/LayoutsBaseMapper.cs(308,40): warning CS8603: 可能返回 null 引用。 [/root/WorkSpace/CSharp/BannerlordModEditor/BannerlordModEditor.Common/BannerlordModEditor.Common.csproj]
         /root/WorkSpace/CSharp/BannerlordModEditor/BannerlordModEditor.Common/Mappers/LayoutsBaseMapper.cs(328,40): warning CS8603: 可能返回 null 引用。 [/root/WorkSpace/CSharp/BannerlordModEditor/BannerlordModEditor.Common/BannerlordModEditor.Common.csproj]
         /root/WorkSpace/CSharp/BannerlordModEditor/BannerlordModEditor.Common/Mappers/LayoutsBaseMapper.cs(374,40): warning CS8603: 可能返回 null 引用。 [/root/WorkSpace/CSharp/BannerlordModEditor/BannerlordModEditor.Common/BannerlordModEditor.Common.csproj]
         /root/WorkSpace/CSharp/BannerlordModEditor/BannerlordModEditor.Common/Mappers/LayoutsBaseMapper.cs(396,40): warning CS8603: 可能返回 null 引用。 [/root/WorkSpace/CSharp/BannerlordModEditor/BannerlordModEditor.Common/BannerlordModEditor.Common.csproj]
         /root/WorkSpace/CSharp/BannerlordModEditor/BannerlordModEditor.Common/Mappers/LayoutsBaseMapper.cs(340,40): warning CS8603: 可能返回 null 引用。 [/root/WorkSpace/CSharp/BannerlordModEditor/BannerlordModEditor.Common/BannerlordModEditor.Common.csproj]
         /root/WorkSpace/CSharp/BannerlordModEditor/BannerlordModEditor.Common/Mappers/FloraKindsMapper.cs(119,40): warning CS8603: 可能返回 null 引用。 [/root/WorkSpace/CSharp/BannerlordModEditor/BannerlordModEditor.Common/BannerlordModEditor.Common.csproj]
         /root/WorkSpace/CSharp/BannerlordModEditor/BannerlordModEditor.Common/Mappers/FloraKindsMapper.cs(125,30): warning CS8604: “FloraFlagsDO FloraKindsMapper.TODO(FloraFlagsDTO source)”中的形参“source”可能传入 null 引用实参。 [/root/WorkSpace/CSharp/BannerlordModEditor/BannerlordModEditor.Common/BannerlordModEditor.Common.csproj]
         /root/WorkSpace/CSharp/BannerlordModEditor/BannerlordModEditor.Common/Mappers/ItemUsageSetsMapper.cs(104,40): warning CS8603: 可能返回 null 引用。 [/root/WorkSpace/CSharp/BannerlordModEditor/BannerlordModEditor.Common/BannerlordModEditor.Common.csproj]
         /root/WorkSpace/CSharp/BannerlordModEditor/BannerlordModEditor.Common/Mappers/ItemHolstersLayoutMapper.cs(25,40): warning CS8603: 可能返回 null 引用。 [/root/WorkSpace/CSharp/BannerlordModEditor/BannerlordModEditor.Common/BannerlordModEditor.Common.csproj]
         /root/WorkSpace/CSharp/BannerlordModEditor/BannerlordModEditor.Common/Mappers/LayoutsBaseMapper.cs(426,40): warning CS8603: 可能返回 null 引用。 [/root/WorkSpace/CSharp/BannerlordModEditor/BannerlordModEditor.Common/BannerlordModEditor.Common.csproj]
         /root/WorkSpace/CSharp/BannerlordModEditor/BannerlordModEditor.Common/Mappers/LooknfeelMapper.cs(12,40): warning CS8603: 可能返回 null 引用。 [/root/WorkSpace/CSharp/BannerlordModEditor/BannerlordModEditor.Common/BannerlordModEditor.Common.csproj]
         /root/WorkSpace/CSharp/BannerlordModEditor/BannerlordModEditor.Common/Mappers/ItemUsageSetsMapper.cs(117,40): warning CS8603: 可能返回 null 引用。 [/root/WorkSpace/CSharp/BannerlordModEditor/BannerlordModEditor.Common/BannerlordModEditor.Common.csproj]
         /root/WorkSpace/CSharp/BannerlordModEditor/BannerlordModEditor.Common/Mappers/LooknfeelMapper.cs(24,40): warning CS8603: 可能返回 null 引用。 [/root/WorkSpace/CSharp/BannerlordModEditor/BannerlordModEditor.Common/BannerlordModEditor.Common.csproj]
         /root/WorkSpace/CSharp/BannerlordModEditor/BannerlordModEditor.Common/Mappers/LayoutsBaseMapper.cs(437,40): warning CS8603: 可能返回 null 引用。 [/root/WorkSpace/CSharp/BannerlordModEditor/BannerlordModEditor.Common/BannerlordModEditor.Common.csproj]
         /root/WorkSpace/CSharp/BannerlordModEditor/BannerlordModEditor.Common/Mappers/ItemHolstersMapper.cs(69,24): warning CS8603: 可能返回 null 引用。 [/root/WorkSpace/CSharp/BannerlordModEditor/BannerlordModEditor.Common/BannerlordModEditor.Common.csproj]
         /root/WorkSpace/CSharp/BannerlordModEditor/BannerlordModEditor.Common/Mappers/LayoutsBaseMapper.cs(408,40): warning CS8603: 可能返回 null 引用。 [/root/WorkSpace/CSharp/BannerlordModEditor/BannerlordModEditor.Common/BannerlordModEditor.Common.csproj]
         /root/WorkSpace/CSharp/BannerlordModEditor/BannerlordModEditor.Common/Mappers/ItemHolstersMapper.cs(80,24): warning CS8603: 可能返回 null 引用。 [/root/WorkSpace/CSharp/BannerlordModEditor/BannerlordModEditor.Common/BannerlordModEditor.Common.csproj]
         /root/WorkSpace/CSharp/BannerlordModEditor/BannerlordModEditor.Common/Mappers/LooknfeelMapper.cs(232,40): warning CS8603: 可能返回 null 引用。 [/root/WorkSpace/CSharp/BannerlordModEditor/BannerlordModEditor.Common/BannerlordModEditor.Common.csproj]
         /root/WorkSpace/CSharp/BannerlordModEditor/BannerlordModEditor.Common/Mappers/FloraKindsMapper.cs(133,40): warning CS8603: 可能返回 null 引用。 [/root/WorkSpace/CSharp/BannerlordModEditor/BannerlordModEditor.Common/BannerlordModEditor.Common.csproj]
         /root/WorkSpace/CSharp/BannerlordModEditor/BannerlordModEditor.Common/Mappers/LooknfeelMapper.cs(39,40): warning CS8603: 可能返回 null 引用。 [/root/WorkSpace/CSharp/BannerlordModEditor/BannerlordModEditor.Common/BannerlordModEditor.Common.csproj]
         /root/WorkSpace/CSharp/BannerlordModEditor/BannerlordModEditor.Common/Mappers/MapIconsMapper.cs(15,40): warning CS8603: 可能返回 null 引用。 [/root/WorkSpace/CSharp/BannerlordModEditor/BannerlordModEditor.Common/BannerlordModEditor.Common.csproj]
         /root/WorkSpace/CSharp/BannerlordModEditor/BannerlordModEditor.Common/Mappers/LooknfeelMapper.cs(245,40): warning CS8603: 可能返回 null 引用。 [/root/WorkSpace/CSharp/BannerlordModEditor/BannerlordModEditor.Common/BannerlordModEditor.Common.csproj]
         /root/WorkSpace/CSharp/BannerlordModEditor/BannerlordModEditor.Common/Mappers/FloraKindsMapper.cs(143,40): warning CS8603: 可能返回 null 引用。 [/root/WorkSpace/CSharp/BannerlordModEditor/BannerlordModEditor.Common/BannerlordModEditor.Common.csproj]
         /root/WorkSpace/CSharp/BannerlordModEditor/BannerlordModEditor.Common/Mappers/LooknfeelMapper.cs(261,40): warning CS8603: 可能返回 null 引用。 [/root/WorkSpace/CSharp/BannerlordModEditor/BannerlordModEditor.Common/BannerlordModEditor.Common.csproj]
         /root/WorkSpace/CSharp/BannerlordModEditor/BannerlordModEditor.Common/Mappers/FloraKindsMapper.cs(154,40): warning CS8603: 可能返回 null 引用。 [/root/WorkSpace/CSharp/BannerlordModEditor/BannerlordModEditor.Common/BannerlordModEditor.Common.csproj]
         /root/WorkSpace/CSharp/BannerlordModEditor/BannerlordModEditor.Common/Mappers/LooknfeelMapper.cs(51,40): warning CS8603: 可能返回 null 引用。 [/root/WorkSpace/CSharp/BannerlordModEditor/BannerlordModEditor.Common/BannerlordModEditor.Common.csproj]
         /root/WorkSpace/CSharp/BannerlordModEditor/BannerlordModEditor.Common/Mappers/MapIconsMapper.cs(26,40): warning CS8603: 可能返回 null 引用。 [/root/WorkSpace/CSharp/BannerlordModEditor/BannerlordModEditor.Common/BannerlordModEditor.Common.csproj]
         /root/WorkSpace/CSharp/BannerlordModEditor/BannerlordModEditor.Common/Mappers/MonsterUsageSetsMapper.cs(10,36): warning CS8603: 可能返回 null 引用。 [/root/WorkSpace/CSharp/BannerlordModEditor/BannerlordModEditor.Common/BannerlordModEditor.Common.csproj]
         /root/WorkSpace/CSharp/BannerlordModEditor/BannerlordModEditor.Common/Mappers/LooknfeelMapper.cs(273,40): warning CS8603: 可能返回 null 引用。 [/root/WorkSpace/CSharp/BannerlordModEditor/BannerlordModEditor.Common/BannerlordModEditor.Common.csproj]
         /root/WorkSpace/CSharp/BannerlordModEditor/BannerlordModEditor.Common/Mappers/MapIconsMapper.cs(36,40): warning CS8603: 可能返回 null 引用。 [/root/WorkSpace/CSharp/BannerlordModEditor/BannerlordModEditor.Common/BannerlordModEditor.Common.csproj]
         /root/WorkSpace/CSharp/BannerlordModEditor/BannerlordModEditor.Common/Mappers/LooknfeelMapper.cs(66,40): warning CS8603: 可能返回 null 引用。 [/root/WorkSpace/CSharp/BannerlordModEditor/BannerlordModEditor.Common/BannerlordModEditor.Common.csproj]
         /root/WorkSpace/CSharp/BannerlordModEditor/BannerlordModEditor.Common/Mappers/ItemUsageSetsMapper.cs(154,40): warning CS8603: 可能返回 null 引用。 [/root/WorkSpace/CSharp/BannerlordModEditor/BannerlordModEditor.Common/BannerlordModEditor.Common.csproj]
         /root/WorkSpace/CSharp/BannerlordModEditor/BannerlordModEditor.Common/Mappers/FloraKindsMapper.cs(166,40): warning CS8603: 可能返回 null 引用。 [/root/WorkSpace/CSharp/BannerlordModEditor/BannerlordModEditor.Common/BannerlordModEditor.Common.csproj]
         /root/WorkSpace/CSharp/BannerlordModEditor/BannerlordModEditor.Common/Models/Data/ActionSetsData.cs(11,32): warning CS8618: 在退出构造函数时，不可为 null 的 属性 "ActionSets" 必须包含非 null 值。请考虑添加 "required" 修饰符或将该 属性 声明为可为 null。 [/root/WorkSpace/CSharp/BannerlordModEditor/BannerlordModEditor.Common/BannerlordModEditor.Common.csproj]
         /root/WorkSpace/CSharp/BannerlordModEditor/BannerlordModEditor.Common/Mappers/MonsterUsageSetsMapper.cs(23,36): warning CS8603: 可能返回 null 引用。 [/root/WorkSpace/CSharp/BannerlordModEditor/BannerlordModEditor.Common/BannerlordModEditor.Common.csproj]
         /root/WorkSpace/CSharp/BannerlordModEditor/BannerlordModEditor.Common/Mappers/MapIconsMapper.cs(57,40): warning CS8603: 可能返回 null 引用。 [/root/WorkSpace/CSharp/BannerlordModEditor/BannerlordModEditor.Common/BannerlordModEditor.Common.csproj]
         /root/WorkSpace/CSharp/BannerlordModEditor/BannerlordModEditor.Common/Mappers/ItemUsageSetsMapper.cs(165,40): warning CS8603: 可能返回 null 引用。 [/root/WorkSpace/CSharp/BannerlordModEditor/BannerlordModEditor.Common/BannerlordModEditor.Common.csproj]
         /root/WorkSpace/CSharp/BannerlordModEditor/BannerlordModEditor.Common/Mappers/ParticleSystemLayoutMapper.cs(14,40): warning CS8603: 可能返回 null 引用。 [/root/WorkSpace/CSharp/BannerlordModEditor/BannerlordModEditor.Common/BannerlordModEditor.Common.csproj]
         /root/WorkSpace/CSharp/BannerlordModEditor/BannerlordModEditor.Common/Mappers/MonsterUsageSetsMapper.cs(36,36): warning CS8603: 可能返回 null 引用。 [/root/WorkSpace/CSharp/BannerlordModEditor/BannerlordModEditor.Common/BannerlordModEditor.Common.csproj]
         /root/WorkSpace/CSharp/BannerlordModEditor/BannerlordModEditor.Common/Mappers/LooknfeelMapper.cs(288,40): warning CS8603: 可能返回 null 引用。 [/root/WorkSpace/CSharp/BannerlordModEditor/BannerlordModEditor.Common/BannerlordModEditor.Common.csproj]
         /root/WorkSpace/CSharp/BannerlordModEditor/BannerlordModEditor.Common/Mappers/ParticleSystemLayoutMapper.cs(25,40): warning CS8603: 可能返回 null 引用。 [/root/WorkSpace/CSharp/BannerlordModEditor/BannerlordModEditor.Common/BannerlordModEditor.Common.csproj]
         /root/WorkSpace/CSharp/BannerlordModEditor/BannerlordModEditor.Common/Mappers/MapIconsMapper.cs(68,40): warning CS8603: 可能返回 null 引用。 [/root/WorkSpace/CSharp/BannerlordModEditor/BannerlordModEditor.Common/BannerlordModEditor.Common.csproj]
         /root/WorkSpace/CSharp/BannerlordModEditor/BannerlordModEditor.Common/Mappers/MonsterUsageSetsMapper.cs(53,36): warning CS8603: 可能返回 null 引用。 [/root/WorkSpace/CSharp/BannerlordModEditor/BannerlordModEditor.Common/BannerlordModEditor.Common.csproj]
         /root/WorkSpace/CSharp/BannerlordModEditor/BannerlordModEditor.Common/Mappers/FloraKindsMapper.cs(176,40): warning CS8603: 可能返回 null 引用。 [/root/WorkSpace/CSharp/BannerlordModEditor/BannerlordModEditor.Common/BannerlordModEditor.Common.csproj]
         /root/WorkSpace/CSharp/BannerlordModEditor/BannerlordModEditor.Common/Models/Data/ActionSetsData.cs(19,23): warning CS8618: 在退出构造函数时，不可为 null 的 属性 "Id" 必须包含非 null 值。请考虑添加 "required" 修饰符或将该 属性 声明为可为 null。 [/root/WorkSpace/CSharp/BannerlordModEditor/BannerlordModEditor.Common/BannerlordModEditor.Common.csproj]
         /root/WorkSpace/CSharp/BannerlordModEditor/BannerlordModEditor.Common/Models/Data/ActionSetsData.cs(22,23): warning CS8618: 在退出构造函数时，不可为 null 的 属性 "Skeleton" 必须包含非 null 值。请考虑添加 "required" 修饰符或将该 属性 声明为可为 null。 [/root/WorkSpace/CSharp/BannerlordModEditor/BannerlordModEditor.Common/BannerlordModEditor.Common.csproj]
         /root/WorkSpace/CSharp/BannerlordModEditor/BannerlordModEditor.Common/Models/Data/ActionSetsData.cs(25,23): warning CS8618: 在退出构造函数时，不可为 null 的 属性 "MovementSystem" 必须包含非 null 值。请考虑添加 "required" 修饰符或将该 属性 声明为可为 null。 [/root/WorkSpace/CSharp/BannerlordModEditor/BannerlordModEditor.Common/BannerlordModEditor.Common.csproj]
         /root/WorkSpace/CSharp/BannerlordModEditor/BannerlordModEditor.Common/Models/Data/ActionSetsData.cs(28,29): warning CS8618: 在退出构造函数时，不可为 null 的 属性 "Actions" 必须包含非 null 值。请考虑添加 "required" 修饰符或将该 属性 声明为可为 null。 [/root/WorkSpace/CSharp/BannerlordModEditor/BannerlordModEditor.Common/BannerlordModEditor.Common.csproj]
         /root/WorkSpace/CSharp/BannerlordModEditor/BannerlordModEditor.Common/Mappers/FloraKindsMapper.cs(190,40): warning CS8603: 可能返回 null 引用。 [/root/WorkSpace/CSharp/BannerlordModEditor/BannerlordModEditor.Common/BannerlordModEditor.Common.csproj]
         /root/WorkSpace/CSharp/BannerlordModEditor/BannerlordModEditor.Common/Mappers/MapIconsMapper.cs(78,40): warning CS8603: 可能返回 null 引用。 [/root/WorkSpace/CSharp/BannerlordModEditor/BannerlordModEditor.Common/BannerlordModEditor.Common.csproj]
         /root/WorkSpace/CSharp/BannerlordModEditor/BannerlordModEditor.Common/Mappers/LooknfeelMapper.cs(317,40): warning CS8603: 可能返回 null 引用。 [/root/WorkSpace/CSharp/BannerlordModEditor/BannerlordModEditor.Common/BannerlordModEditor.Common.csproj]
         /root/WorkSpace/CSharp/BannerlordModEditor/BannerlordModEditor.Common/Mappers/CraftingTemplatesMapper.cs(25,40): warning CS8603: 可能返回 null 引用。 [/root/WorkSpace/CSharp/BannerlordModEditor/BannerlordModEditor.Common/BannerlordModEditor.Common.csproj]
         /root/WorkSpace/CSharp/BannerlordModEditor/BannerlordModEditor.Common/Mappers/LooknfeelMapper.cs(169,40): warning CS8603: 可能返回 null 引用。 [/root/WorkSpace/CSharp/BannerlordModEditor/BannerlordModEditor.Common/BannerlordModEditor.Common.csproj]
         /root/WorkSpace/CSharp/BannerlordModEditor/BannerlordModEditor.Common/Mappers/LooknfeelMapper.cs(116,40): warning CS8603: 可能返回 null 引用。 [/root/WorkSpace/CSharp/BannerlordModEditor/BannerlordModEditor.Common/BannerlordModEditor.Common.csproj]
         /root/WorkSpace/CSharp/BannerlordModEditor/BannerlordModEditor.Common/Models/DO/ItemHolstersDO.cs(11,40): warning CS8618: 在退出构造函数时，不可为 null 的 属性 "ItemHolstersContainer" 必须包含非 null 值。请考虑添加 "required" 修饰符或将该 属性 声明为可为 null。 [/root/WorkSpace/CSharp/BannerlordModEditor/BannerlordModEditor.Common/BannerlordModEditor.Common.csproj]
         /root/WorkSpace/CSharp/BannerlordModEditor/BannerlordModEditor.Common/Models/Data/ActionSetsData.cs(39,23): warning CS8618: 在退出构造函数时，不可为 null 的 属性 "Type" 必须包含非 null 值。请考虑添加 "required" 修饰符或将该 属性 声明为可为 null。 [/root/WorkSpace/CSharp/BannerlordModEditor/BannerlordModEditor.Common/BannerlordModEditor.Common.csproj]
         /root/WorkSpace/CSharp/BannerlordModEditor/BannerlordModEditor.Common/Models/Data/ActionSetsData.cs(42,23): warning CS8618: 在退出构造函数时，不可为 null 的 属性 "Animation" 必须包含非 null 值。请考虑添加 "required" 修饰符或将该 属性 声明为可为 null。 [/root/WorkSpace/CSharp/BannerlordModEditor/BannerlordModEditor.Common/BannerlordModEditor.Common.csproj]
         /root/WorkSpace/CSharp/BannerlordModEditor/BannerlordModEditor.Common/Mappers/CreditsMapper.cs(14,40): warning CS8603: 可能返回 null 引用。 [/root/WorkSpace/CSharp/BannerlordModEditor/BannerlordModEditor.Common/BannerlordModEditor.Common.csproj]
         /root/WorkSpace/CSharp/BannerlordModEditor/BannerlordModEditor.Common/Mappers/ItemUsageSetsMapper.cs(200,40): warning CS8603: 可能返回 null 引用。 [/root/WorkSpace/CSharp/BannerlordModEditor/BannerlordModEditor.Common/BannerlordModEditor.Common.csproj]
         /root/WorkSpace/CSharp/BannerlordModEditor/BannerlordModEditor.Common/Mappers/CraftingTemplatesMapper.cs(37,40): warning CS8603: 可能返回 null 引用。 [/root/WorkSpace/CSharp/BannerlordModEditor/BannerlordModEditor.Common/BannerlordModEditor.Common.csproj]
         /root/WorkSpace/CSharp/BannerlordModEditor/BannerlordModEditor.Common/Mappers/MonsterUsageSetsMapper.cs(74,36): warning CS8603: 可能返回 null 引用。 [/root/WorkSpace/CSharp/BannerlordModEditor/BannerlordModEditor.Common/BannerlordModEditor.Common.csproj]
         /root/WorkSpace/CSharp/BannerlordModEditor/BannerlordModEditor.Common/Mappers/MpItemsMapper.cs(15,40): warning CS8603: 可能返回 null 引用。 [/root/WorkSpace/CSharp/BannerlordModEditor/BannerlordModEditor.Common/BannerlordModEditor.Common.csproj]
         /root/WorkSpace/CSharp/BannerlordModEditor/BannerlordModEditor.Common/Mappers/ItemUsageSetsMapper.cs(222,40): warning CS8603: 可能返回 null 引用。 [/root/WorkSpace/CSharp/BannerlordModEditor/BannerlordModEditor.Common/BannerlordModEditor.Common.csproj]
         /root/WorkSpace/CSharp/BannerlordModEditor/BannerlordModEditor.Common/Mappers/MonsterUsageSetsMapper.cs(86,36): warning CS8603: 可能返回 null 引用。 [/root/WorkSpace/CSharp/BannerlordModEditor/BannerlordModEditor.Common/BannerlordModEditor.Common.csproj]
         /root/WorkSpace/CSharp/BannerlordModEditor/BannerlordModEditor.Common/Mappers/MonsterUsageSetsMapper.cs(98,36): warning CS8603: 可能返回 null 引用。 [/root/WorkSpace/CSharp/BannerlordModEditor/BannerlordModEditor.Common/BannerlordModEditor.Common.csproj]
         /root/WorkSpace/CSharp/BannerlordModEditor/BannerlordModEditor.Common/Mappers/CraftingTemplatesMapper.cs(61,40): warning CS8603: 可能返回 null 引用。 [/root/WorkSpace/CSharp/BannerlordModEditor/BannerlordModEditor.Common/BannerlordModEditor.Common.csproj]
         /root/WorkSpace/CSharp/BannerlordModEditor/BannerlordModEditor.Common/Mappers/CreditsMapper.cs(25,40): warning CS8603: 可能返回 null 引用。 [/root/WorkSpace/CSharp/BannerlordModEditor/BannerlordModEditor.Common/BannerlordModEditor.Common.csproj]
         /root/WorkSpace/CSharp/BannerlordModEditor/BannerlordModEditor.Common/Mappers/MonsterUsageSetsMapper.cs(113,36): warning CS8603: 可能返回 null 引用。 [/root/WorkSpace/CSharp/BannerlordModEditor/BannerlordModEditor.Common/BannerlordModEditor.Common.csproj]
         /root/WorkSpace/CSharp/BannerlordModEditor/BannerlordModEditor.Common/Mappers/CreditsMapper.cs(40,40): warning CS8603: 可能返回 null 引用。 [/root/WorkSpace/CSharp/BannerlordModEditor/BannerlordModEditor.Common/BannerlordModEditor.Common.csproj]
         /root/WorkSpace/CSharp/BannerlordModEditor/BannerlordModEditor.Common/Mappers/LooknfeelMapper.cs(199,40): warning CS8603: 可能返回 null 引用。 [/root/WorkSpace/CSharp/BannerlordModEditor/BannerlordModEditor.Common/BannerlordModEditor.Common.csproj]
         /root/WorkSpace/CSharp/BannerlordModEditor/BannerlordModEditor.Common/Mappers/CreditsMapper.cs(52,40): warning CS8603: 可能返回 null 引用。 [/root/WorkSpace/CSharp/BannerlordModEditor/BannerlordModEditor.Common/BannerlordModEditor.Common.csproj]
         /root/WorkSpace/CSharp/BannerlordModEditor/BannerlordModEditor.Common/Mappers/CraftingTemplatesMapper.cs(109,40): warning CS8603: 可能返回 null 引用。 [/root/WorkSpace/CSharp/BannerlordModEditor/BannerlordModEditor.Common/BannerlordModEditor.Common.csproj]
         /root/WorkSpace/CSharp/BannerlordModEditor/BannerlordModEditor.Common/Mappers/ItemUsageSetsMapper.cs(268,40): warning CS8603: 可能返回 null 引用。 [/root/WorkSpace/CSharp/BannerlordModEditor/BannerlordModEditor.Common/BannerlordModEditor.Common.csproj]
         /root/WorkSpace/CSharp/BannerlordModEditor/BannerlordModEditor.Common/Mappers/CreditsMapper.cs(63,40): warning CS8603: 可能返回 null 引用。 [/root/WorkSpace/CSharp/BannerlordModEditor/BannerlordModEditor.Common/BannerlordModEditor.Common.csproj]
         /root/WorkSpace/CSharp/BannerlordModEditor/BannerlordModEditor.Common/Mappers/CraftingTemplatesMapper.cs(120,40): warning CS8603: 可能返回 null 引用。 [/root/WorkSpace/CSharp/BannerlordModEditor/BannerlordModEditor.Common/BannerlordModEditor.Common.csproj]
         /root/WorkSpace/CSharp/BannerlordModEditor/BannerlordModEditor.Common/Mappers/ItemUsageSetsMapper.cs(278,40): warning CS8603: 可能返回 null 引用。 [/root/WorkSpace/CSharp/BannerlordModEditor/BannerlordModEditor.Common/BannerlordModEditor.Common.csproj]
         /root/WorkSpace/CSharp/BannerlordModEditor/BannerlordModEditor.Common/Models/DO/ItemHolstersDO.cs(31,23): warning CS8618: 在退出构造函数时，不可为 null 的 属性 "Id" 必须包含非 null 值。请考虑添加 "required" 修饰符或将该 属性 声明为可为 null。 [/root/WorkSpace/CSharp/BannerlordModEditor/BannerlordModEditor.Common/BannerlordModEditor.Common.csproj]
         /root/WorkSpace/CSharp/BannerlordModEditor/BannerlordModEditor.Common/Models/DO/ItemHolstersDO.cs(34,23): warning CS8618: 在退出构造函数时，不可为 null 的 属性 "EquipAction" 必须包含非 null 值。请考虑添加 "required" 修饰符或将该 属性 声明为可为 null。 [/root/WorkSpace/CSharp/BannerlordModEditor/BannerlordModEditor.Common/BannerlordModEditor.Common.csproj]
         /root/WorkSpace/CSharp/BannerlordModEditor/BannerlordModEditor.Common/Models/DO/ItemHolstersDO.cs(37,23): warning CS8618: 在退出构造函数时，不可为 null 的 属性 "EquipActionLeftStance" 必须包含非 null 值。请考虑添加 "required" 修饰符或将该 属性 声明为可为 null。 [/root/WorkSpace/CSharp/BannerlordModEditor/BannerlordModEditor.Common/BannerlordModEditor.Common.csproj]
         /root/WorkSpace/CSharp/BannerlordModEditor/BannerlordModEditor.Common/Models/DO/ItemHolstersDO.cs(40,23): warning CS8618: 在退出构造函数时，不可为 null 的 属性 "UnequipAction" 必须包含非 null 值。请考虑添加 "required" 修饰符或将该 属性 声明为可为 null。 [/root/WorkSpace/CSharp/BannerlordModEditor/BannerlordModEditor.Common/BannerlordModEditor.Common.csproj]
         /root/WorkSpace/CSharp/BannerlordModEditor/BannerlordModEditor.Common/Models/DO/ItemHolstersDO.cs(43,23): warning CS8618: 在退出构造函数时，不可为 null 的 属性 "UnequipActionLeftStance" 必须包含非 null 值。请考虑添加 "required" 修饰符或将该 属性 声明为可为 null。 [/root/WorkSpace/CSharp/BannerlordModEditor/BannerlordModEditor.Common/BannerlordModEditor.Common.csproj]
         /root/WorkSpace/CSharp/BannerlordModEditor/BannerlordModEditor.Common/Models/DO/ItemHolstersDO.cs(46,23): warning CS8618: 在退出构造函数时，不可为 null 的 属性 "ShowHolsterWhenDrawn" 必须包含非 null 值。请考虑添加 "required" 修饰符或将该 属性 声明为可为 null。 [/root/WorkSpace/CSharp/BannerlordModEditor/BannerlordModEditor.Common/BannerlordModEditor.Common.csproj]
         /root/WorkSpace/CSharp/BannerlordModEditor/BannerlordModEditor.Common/Models/DO/ItemHolstersDO.cs(49,23): warning CS8618: 在退出构造函数时，不可为 null 的 属性 "GroupName" 必须包含非 null 值。请考虑添加 "required" 修饰符或将该 属性 声明为可为 null。 [/root/WorkSpace/CSharp/BannerlordModEditor/BannerlordModEditor.Common/BannerlordModEditor.Common.csproj]
         /root/WorkSpace/CSharp/BannerlordModEditor/BannerlordModEditor.Common/Models/DO/ItemHolstersDO.cs(52,23): warning CS8618: 在退出构造函数时，不可为 null 的 属性 "HolsterSkeleton" 必须包含非 null 值。请考虑添加 "required" 修饰符或将该 属性 声明为可为 null。 [/root/WorkSpace/CSharp/BannerlordModEditor/BannerlordModEditor.Common/BannerlordModEditor.Common.csproj]
         /root/WorkSpace/CSharp/BannerlordModEditor/BannerlordModEditor.Common/Models/DO/ItemHolstersDO.cs(55,23): warning CS8618: 在退出构造函数时，不可为 null 的 属性 "HolsterBone" 必须包含非 null 值。请考虑添加 "required" 修饰符或将该 属性 声明为可为 null。 [/root/WorkSpace/CSharp/BannerlordModEditor/BannerlordModEditor.Common/BannerlordModEditor.Common.csproj]
         /root/WorkSpace/CSharp/BannerlordModEditor/BannerlordModEditor.Common/Models/DO/ItemHolstersDO.cs(58,23): warning CS8618: 在退出构造函数时，不可为 null 的 属性 "BaseSet" 必须包含非 null 值。请考虑添加 "required" 修饰符或将该 属性 声明为可为 null。 [/root/WorkSpace/CSharp/BannerlordModEditor/BannerlordModEditor.Common/BannerlordModEditor.Common.csproj]
         /root/WorkSpace/CSharp/BannerlordModEditor/BannerlordModEditor.Common/Models/DO/ItemHolstersDO.cs(61,23): warning CS8618: 在退出构造函数时，不可为 null 的 属性 "HolsterPosition" 必须包含非 null 值。请考虑添加 "required" 修饰符或将该 属性 声明为可为 null。 [/root/WorkSpace/CSharp/BannerlordModEditor/BannerlordModEditor.Common/BannerlordModEditor.Common.csproj]
         /root/WorkSpace/CSharp/BannerlordModEditor/BannerlordModEditor.Common/Models/DO/ItemHolstersDO.cs(64,23): warning CS8618: 在退出构造函数时，不可为 null 的 属性 "HolsterRotationYawPitchRoll" 必须包含非 null 值。请考虑添加 "required" 修饰符或将该 属性 声明为可为 null。 [/root/WorkSpace/CSharp/BannerlordModEditor/BannerlordModEditor.Common/BannerlordModEditor.Common.csproj]
         /root/WorkSpace/CSharp/BannerlordModEditor/BannerlordModEditor.Common/Mappers/MPClassDivisionsMapper.cs(10,36): warning CS8603: 可能返回 null 引用。 [/root/WorkSpace/CSharp/BannerlordModEditor/BannerlordModEditor.Common/BannerlordModEditor.Common.csproj]
         /root/WorkSpace/CSharp/BannerlordModEditor/BannerlordModEditor.Common/Mappers/MpcosmeticsMapper.cs(39,40): warning CS8603: 可能返回 null 引用。 [/root/WorkSpace/CSharp/BannerlordModEditor/BannerlordModEditor.Common/BannerlordModEditor.Common.csproj]
         /root/WorkSpace/CSharp/BannerlordModEditor/BannerlordModEditor.Common/Mappers/MpcosmeticsMapper.cs(47,47): warning CS8604: “ReplaceDTO ReplaceMapper.ToDTO(ReplaceDO source)”中的形参“source”可能传入 null 引用实参。 [/root/WorkSpace/CSharp/BannerlordModEditor/BannerlordModEditor.Common/BannerlordModEditor.Common.csproj]
         /root/WorkSpace/CSharp/BannerlordModEditor/BannerlordModEditor.Common/Mappers/MpcosmeticsMapper.cs(53,40): warning CS8603: 可能返回 null 引用。 [/root/WorkSpace/CSharp/BannerlordModEditor/BannerlordModEditor.Common/BannerlordModEditor.Common.csproj]
         /root/WorkSpace/CSharp/BannerlordModEditor/BannerlordModEditor.Common/Mappers/MpcosmeticsMapper.cs(61,46): warning CS8604: “ReplaceDO ReplaceMapper.ToDO(ReplaceDTO source)”中的形参“source”可能传入 null 引用实参。 [/root/WorkSpace/CSharp/BannerlordModEditor/BannerlordModEditor.Common/BannerlordModEditor.Common.csproj]
         /root/WorkSpace/CSharp/BannerlordModEditor/BannerlordModEditor.Common/Mappers/MpcosmeticsMapper.cs(103,40): warning CS8603: 可能返回 null 引用。 [/root/WorkSpace/CSharp/BannerlordModEditor/BannerlordModEditor.Common/BannerlordModEditor.Common.csproj]
         /root/WorkSpace/CSharp/BannerlordModEditor/BannerlordModEditor.Common/Models/DO/LooknfeelDO.cs(29,31): warning CS8618: 在退出构造函数时，不可为 null 的 属性 "WidgetList" 必须包含非 null 值。请考虑添加 "required" 修饰符或将该 属性 声明为可为 null。 [/root/WorkSpace/CSharp/BannerlordModEditor/BannerlordModEditor.Common/BannerlordModEditor.Common.csproj]
         /root/WorkSpace/CSharp/BannerlordModEditor/BannerlordModEditor.Common/Mappers/MpcosmeticsMapper.cs(113,40): warning CS8603: 可能返回 null 引用。 [/root/WorkSpace/CSharp/BannerlordModEditor/BannerlordModEditor.Common/BannerlordModEditor.Common.csproj]
         /root/WorkSpace/CSharp/BannerlordModEditor/BannerlordModEditor.Common/Mappers/MpcosmeticsMapper.cs(70,40): warning CS8603: 可能返回 null 引用。 [/root/WorkSpace/CSharp/BannerlordModEditor/BannerlordModEditor.Common/BannerlordModEditor.Common.csproj]
         /root/WorkSpace/CSharp/BannerlordModEditor/BannerlordModEditor.Common/Mappers/MPClassDivisionsMapper.cs(22,36): warning CS8603: 可能返回 null 引用。 [/root/WorkSpace/CSharp/BannerlordModEditor/BannerlordModEditor.Common/BannerlordModEditor.Common.csproj]
         /root/WorkSpace/CSharp/BannerlordModEditor/BannerlordModEditor.Common/Models/DO/LooknfeelDO.cs(10,23): warning CS8618: 在退出构造函数时，不可为 null 的 属性 "Type" 必须包含非 null 值。请考虑添加 "required" 修饰符或将该 属性 声明为可为 null。 [/root/WorkSpace/CSharp/BannerlordModEditor/BannerlordModEditor.Common/BannerlordModEditor.Common.csproj]
         /root/WorkSpace/CSharp/BannerlordModEditor/BannerlordModEditor.Common/Models/DO/LooknfeelDO.cs(13,23): warning CS8618: 在退出构造函数时，不可为 null 的 属性 "VirtualResolution" 必须包含非 null 值。请考虑添加 "required" 修饰符或将该 属性 声明为可为 null。 [/root/WorkSpace/CSharp/BannerlordModEditor/BannerlordModEditor.Common/BannerlordModEditor.Common.csproj]
         /root/WorkSpace/CSharp/BannerlordModEditor/BannerlordModEditor.Common/Models/DO/LooknfeelDO.cs(16,35): warning CS8618: 在退出构造函数时，不可为 null 的 属性 "Widgets" 必须包含非 null 值。请考虑添加 "required" 修饰符或将该 属性 声明为可为 null。 [/root/WorkSpace/CSharp/BannerlordModEditor/BannerlordModEditor.Common/BannerlordModEditor.Common.csproj]
         /root/WorkSpace/CSharp/BannerlordModEditor/BannerlordModEditor.Common/Mappers/MPClassDivisionsMapper.cs(34,36): warning CS8603: 可能返回 null 引用。 [/root/WorkSpace/CSharp/BannerlordModEditor/BannerlordModEditor.Common/BannerlordModEditor.Common.csproj]
         /root/WorkSpace/CSharp/BannerlordModEditor/BannerlordModEditor.Common/Mappers/MpcosmeticsMapper.cs(85,40): warning CS8603: 可能返回 null 引用。 [/root/WorkSpace/CSharp/BannerlordModEditor/BannerlordModEditor.Common/BannerlordModEditor.Common.csproj]
         /root/WorkSpace/CSharp/BannerlordModEditor/BannerlordModEditor.Common/Mappers/MpcosmeticsMapper.cs(126,40): warning CS8603: 可能返回 null 引用。 [/root/WorkSpace/CSharp/BannerlordModEditor/BannerlordModEditor.Common/BannerlordModEditor.Common.csproj]
         /root/WorkSpace/CSharp/BannerlordModEditor/BannerlordModEditor.Common/Mappers/MPClassDivisionsMapper.cs(59,36): warning CS8603: 可能返回 null 引用。 [/root/WorkSpace/CSharp/BannerlordModEditor/BannerlordModEditor.Common/BannerlordModEditor.Common.csproj]
         /root/WorkSpace/CSharp/BannerlordModEditor/BannerlordModEditor.Common/Mappers/MpcosmeticsMapper.cs(137,40): warning CS8603: 可能返回 null 引用。 [/root/WorkSpace/CSharp/BannerlordModEditor/BannerlordModEditor.Common/BannerlordModEditor.Common.csproj]
         /root/WorkSpace/CSharp/BannerlordModEditor/BannerlordModEditor.Common/Models/DO/LooknfeelDO.cs(262,23): warning CS8618: 在退出构造函数时，不可为 null 的 属性 "Name" 必须包含非 null 值。请考虑添加 "required" 修饰符或将该 属性 声明为可为 null。 [/root/WorkSpace/CSharp/BannerlordModEditor/BannerlordModEditor.Common/BannerlordModEditor.Common.csproj]
         /root/WorkSpace/CSharp/BannerlordModEditor/BannerlordModEditor.Common/Models/DO/LooknfeelDO.cs(265,23): warning CS8618: 在退出构造函数时，不可为 null 的 属性 "Tiling" 必须包含非 null 值。请考虑添加 "required" 修饰符或将该 属性 声明为可为 null。 [/root/WorkSpace/CSharp/BannerlordModEditor/BannerlordModEditor.Common/BannerlordModEditor.Common.csproj]
         /root/WorkSpace/CSharp/BannerlordModEditor/BannerlordModEditor.Common/Models/DO/LooknfeelDO.cs(268,23): warning CS8618: 在退出构造函数时，不可为 null 的 属性 "MainMesh" 必须包含非 null 值。请考虑添加 "required" 修饰符或将该 属性 声明为可为 null。 [/root/WorkSpace/CSharp/BannerlordModEditor/BannerlordModEditor.Common/BannerlordModEditor.Common.csproj]
         /root/WorkSpace/CSharp/BannerlordModEditor/BannerlordModEditor.Common/Models/DO/LooknfeelDO.cs(271,23): warning CS8618: 在退出构造函数时，不可为 null 的 属性 "Position" 必须包含非 null 值。请考虑添加 "required" 修饰符或将该 属性 声明为可为 null。 [/root/WorkSpace/CSharp/BannerlordModEditor/BannerlordModEditor.Common/BannerlordModEditor.Common.csproj]
         /root/WorkSpace/CSharp/BannerlordModEditor/BannerlordModEditor.Common/Models/DO/LooknfeelDO.cs(282,34): warning CS8618: 在退出构造函数时，不可为 null 的 属性 "SubWidgetList" 必须包含非 null 值。请考虑添加 "required" 修饰符或将该 属性 声明为可为 null。 [/root/WorkSpace/CSharp/BannerlordModEditor/BannerlordModEditor.Common/BannerlordModEditor.Common.csproj]
         /root/WorkSpace/CSharp/BannerlordModEditor/BannerlordModEditor.Common/Mappers/MpCraftingPiecesMapper.cs(14,24): warning CS8603: 可能返回 null 引用。 [/root/WorkSpace/CSharp/BannerlordModEditor/BannerlordModEditor.Common/BannerlordModEditor.Common.csproj]
         /root/WorkSpace/CSharp/BannerlordModEditor/BannerlordModEditor.Common/Mappers/CreditsMapper.cs(70,40): warning CS8603: 可能返回 null 引用。 [/root/WorkSpace/CSharp/BannerlordModEditor/BannerlordModEditor.Common/BannerlordModEditor.Common.csproj]
         /root/WorkSpace/CSharp/BannerlordModEditor/BannerlordModEditor.Common/Mappers/CreditsMapper.cs(82,40): warning CS8603: 可能返回 null 引用。 [/root/WorkSpace/CSharp/BannerlordModEditor/BannerlordModEditor.Common/BannerlordModEditor.Common.csproj]
         /root/WorkSpace/CSharp/BannerlordModEditor/BannerlordModEditor.Common/Mappers/MPClassDivisionsMapper.cs(85,36): warning CS8603: 可能返回 null 引用。 [/root/WorkSpace/CSharp/BannerlordModEditor/BannerlordModEditor.Common/BannerlordModEditor.Common.csproj]
         /root/WorkSpace/CSharp/BannerlordModEditor/BannerlordModEditor.Common/Models/DO/LooknfeelDO.cs(215,38): warning CS8618: 在退出构造函数时，不可为 null 的 属性 "BackgroundMeshes" 必须包含非 null 值。请考虑添加 "required" 修饰符或将该 属性 声明为可为 null。 [/root/WorkSpace/CSharp/BannerlordModEditor/BannerlordModEditor.Common/BannerlordModEditor.Common.csproj]
         /root/WorkSpace/CSharp/BannerlordModEditor/BannerlordModEditor.Common/Models/DO/LooknfeelDO.cs(218,38): warning CS8618: 在退出构造函数时，不可为 null 的 属性 "ButtonMeshes" 必须包含非 null 值。请考虑添加 "required" 修饰符或将该 属性 声明为可为 null。 [/root/WorkSpace/CSharp/BannerlordModEditor/BannerlordModEditor.Common/BannerlordModEditor.Common.csproj]
         /root/WorkSpace/CSharp/BannerlordModEditor/BannerlordModEditor.Common/Models/DO/LooknfeelDO.cs(221,38): warning CS8618: 在退出构造函数时，不可为 null 的 属性 "ButtonPressedMeshes" 必须包含非 null 值。请考虑添加 "required" 修饰符或将该 属性 声明为可为 null。 [/root/WorkSpace/CSharp/BannerlordModEditor/BannerlordModEditor.Common/BannerlordModEditor.Common.csproj]
         /root/WorkSpace/CSharp/BannerlordModEditor/BannerlordModEditor.Common/Models/DO/LooknfeelDO.cs(224,38): warning CS8618: 在退出构造函数时，不可为 null 的 属性 "HighlightMeshes" 必须包含非 null 值。请考虑添加 "required" 修饰符或将该 属性 声明为可为 null。 [/root/WorkSpace/CSharp/BannerlordModEditor/BannerlordModEditor.Common/BannerlordModEditor.Common.csproj]
         /root/WorkSpace/CSharp/BannerlordModEditor/BannerlordModEditor.Common/Models/DO/LooknfeelDO.cs(227,38): warning CS8618: 在退出构造函数时，不可为 null 的 属性 "CursorMeshes" 必须包含非 null 值。请考虑添加 "required" 修饰符或将该 属性 声明为可为 null。 [/root/WorkSpace/CSharp/BannerlordModEditor/BannerlordModEditor.Common/BannerlordModEditor.Common.csproj]
         /root/WorkSpace/CSharp/BannerlordModEditor/BannerlordModEditor.Common/Models/DO/LooknfeelDO.cs(230,38): warning CS8618: 在退出构造函数时，不可为 null 的 属性 "LeftBorderMeshes" 必须包含非 null 值。请考虑添加 "required" 修饰符或将该 属性 声明为可为 null。 [/root/WorkSpace/CSharp/BannerlordModEditor/BannerlordModEditor.Common/BannerlordModEditor.Common.csproj]
         /root/WorkSpace/CSharp/BannerlordModEditor/BannerlordModEditor.Common/Models/DO/LooknfeelDO.cs(233,38): warning CS8618: 在退出构造函数时，不可为 null 的 属性 "RightBorderMeshes" 必须包含非 null 值。请考虑添加 "required" 修饰符或将该 属性 声明为可为 null。 [/root/WorkSpace/CSharp/BannerlordModEditor/BannerlordModEditor.Common/BannerlordModEditor.Common.csproj]
         /root/WorkSpace/CSharp/BannerlordModEditor/BannerlordModEditor.Common/Mappers/CreditsMapper.cs(96,40): warning CS8603: 可能返回 null 引用。 [/root/WorkSpace/CSharp/BannerlordModEditor/BannerlordModEditor.Common/BannerlordModEditor.Common.csproj]
         /root/WorkSpace/CSharp/BannerlordModEditor/BannerlordModEditor.Common/Mappers/MPClassDivisionsMapper.cs(97,36): warning CS8603: 可能返回 null 引用。 [/root/WorkSpace/CSharp/BannerlordModEditor/BannerlordModEditor.Common/BannerlordModEditor.Common.csproj]
         /root/WorkSpace/CSharp/BannerlordModEditor/BannerlordModEditor.Common/Mappers/MpItemsMapper.cs(26,40): warning CS8603: 可能返回 null 引用。 [/root/WorkSpace/CSharp/BannerlordModEditor/BannerlordModEditor.Common/BannerlordModEditor.Common.csproj]
         /root/WorkSpace/CSharp/BannerlordModEditor/BannerlordModEditor.Common/Mappers/MpItemsMapper.cs(57,39): warning CS8604: “ItemComponentDTO MpItemsMapper.ToDTO(ItemComponentDO source)”中的形参“source”可能传入 null 引用实参。 [/root/WorkSpace/CSharp/BannerlordModEditor/BannerlordModEditor.Common/BannerlordModEditor.Common.csproj]
         /root/WorkSpace/CSharp/BannerlordModEditor/BannerlordModEditor.Common/Mappers/MpItemsMapper.cs(58,31): warning CS8604: “ItemFlagsDTO MpItemsMapper.ToDTO(ItemFlagsDO source)”中的形参“source”可能传入 null 引用实参。 [/root/WorkSpace/CSharp/BannerlordModEditor/BannerlordModEditor.Common/BannerlordModEditor.Common.csproj]
         /root/WorkSpace/CSharp/BannerlordModEditor/BannerlordModEditor.Common/Mappers/MpItemsMapper.cs(64,40): warning CS8603: 可能返回 null 引用。 [/root/WorkSpace/CSharp/BannerlordModEditor/BannerlordModEditor.Common/BannerlordModEditor.Common.csproj]
         /root/WorkSpace/CSharp/BannerlordModEditor/BannerlordModEditor.Common/Mappers/MpItemsMapper.cs(75,32): warning CS8604: “PiecesDTO MpItemsMapper.ToDTO(PiecesDO source)”中的形参“source”可能传入 null 引用实参。 [/root/WorkSpace/CSharp/BannerlordModEditor/BannerlordModEditor.Common/BannerlordModEditor.Common.csproj]
         /root/WorkSpace/CSharp/BannerlordModEditor/BannerlordModEditor.Common/Models/DO/MpCraftingPiecesDO.cs(175,23): warning CS8618: 在退出构造函数时，不可为 null 的 属性 "DamageType" 必须包含非 null 值。请考虑添加 "required" 修饰符或将该 属性 声明为可为 null。 [/root/WorkSpace/CSharp/BannerlordModEditor/BannerlordModEditor.Common/BannerlordModEditor.Common.csproj]
         /root/WorkSpace/CSharp/BannerlordModEditor/BannerlordModEditor.Common/Models/DO/MpCraftingPiecesDO.cs(178,23): warning CS8618: 在退出构造函数时，不可为 null 的 属性 "DamageFactor" 必须包含非 null 值。请考虑添加 "required" 修饰符或将该 属性 声明为可为 null。 [/root/WorkSpace/CSharp/BannerlordModEditor/BannerlordModEditor.Common/BannerlordModEditor.Common.csproj]
         /root/WorkSpace/CSharp/BannerlordModEditor/BannerlordModEditor.Common/Models/DO/MpCraftingPiecesDO.cs(103,23): warning CS8618: 在退出构造函数时，不可为 null 的 属性 "PieceOffset" 必须包含非 null 值。请考虑添加 "required" 修饰符或将该 属性 声明为可为 null。 [/root/WorkSpace/CSharp/BannerlordModEditor/BannerlordModEditor.Common/BannerlordModEditor.Common.csproj]
         /root/WorkSpace/CSharp/BannerlordModEditor/BannerlordModEditor.Common/Models/DO/MpCraftingPiecesDO.cs(106,23): warning CS8618: 在退出构造函数时，不可为 null 的 属性 "PreviousPieceOffset" 必须包含非 null 值。请考虑添加 "required" 修饰符或将该 属性 声明为可为 null。 [/root/WorkSpace/CSharp/BannerlordModEditor/BannerlordModEditor.Common/BannerlordModEditor.Common.csproj]
         /root/WorkSpace/CSharp/BannerlordModEditor/BannerlordModEditor.Common/Models/DO/MpCraftingPiecesDO.cs(109,23): warning CS8618: 在退出构造函数时，不可为 null 的 属性 "NextPieceOffset" 必须包含非 null 值。请考虑添加 "required" 修饰符或将该 属性 声明为可为 null。 [/root/WorkSpace/CSharp/BannerlordModEditor/BannerlordModEditor.Common/BannerlordModEditor.Common.csproj]
         /root/WorkSpace/CSharp/BannerlordModEditor/BannerlordModEditor.Common/Models/DO/MpCraftingPiecesDO.cs(163,23): warning CS8618: 在退出构造函数时，不可为 null 的 属性 "DamageType" 必须包含非 null 值。请考虑添加 "required" 修饰符或将该 属性 声明为可为 null。 [/root/WorkSpace/CSharp/BannerlordModEditor/BannerlordModEditor.Common/BannerlordModEditor.Common.csproj]
         /root/WorkSpace/CSharp/BannerlordModEditor/BannerlordModEditor.Common/Models/DO/MpCraftingPiecesDO.cs(166,23): warning CS8618: 在退出构造函数时，不可为 null 的 属性 "DamageFactor" 必须包含非 null 值。请考虑添加 "required" 修饰符或将该 属性 声明为可为 null。 [/root/WorkSpace/CSharp/BannerlordModEditor/BannerlordModEditor.Common/BannerlordModEditor.Common.csproj]
         /root/WorkSpace/CSharp/BannerlordModEditor/BannerlordModEditor.Common/Mappers/CreditsMapper.cs(107,40): warning CS8603: 可能返回 null 引用。 [/root/WorkSpace/CSharp/BannerlordModEditor/BannerlordModEditor.Common/BannerlordModEditor.Common.csproj]
         /root/WorkSpace/CSharp/BannerlordModEditor/BannerlordModEditor.Common/Models/Data/ActionTypesModel.cs(19,23): warning CS8618: 在退出构造函数时，不可为 null 的 属性 "Name" 必须包含非 null 值。请考虑添加 "required" 修饰符或将该 属性 声明为可为 null。 [/root/WorkSpace/CSharp/BannerlordModEditor/BannerlordModEditor.Common/BannerlordModEditor.Common.csproj]
         /root/WorkSpace/CSharp/BannerlordModEditor/BannerlordModEditor.Common/Models/Data/ActionTypesModel.cs(22,23): warning CS8618: 在退出构造函数时，不可为 null 的 属性 "Type" 必须包含非 null 值。请考虑添加 "required" 修饰符或将该 属性 声明为可为 null。 [/root/WorkSpace/CSharp/BannerlordModEditor/BannerlordModEditor.Common/BannerlordModEditor.Common.csproj]
         /root/WorkSpace/CSharp/BannerlordModEditor/BannerlordModEditor.Common/Models/Data/ActionTypesModel.cs(25,23): warning CS8618: 在退出构造函数时，不可为 null 的 属性 "UsageDirection" 必须包含非 null 值。请考虑添加 "required" 修饰符或将该 属性 声明为可为 null。 [/root/WorkSpace/CSharp/BannerlordModEditor/BannerlordModEditor.Common/BannerlordModEditor.Common.csproj]
         /root/WorkSpace/CSharp/BannerlordModEditor/BannerlordModEditor.Common/Models/DO/LooknfeelDO.cs(40,23): warning CS8618: 在退出构造函数时，不可为 null 的 属性 "Type" 必须包含非 null 值。请考虑添加 "required" 修饰符或将该 属性 声明为可为 null。 [/root/WorkSpace/CSharp/BannerlordModEditor/BannerlordModEditor.Common/BannerlordModEditor.Common.csproj]
         /root/WorkSpace/CSharp/BannerlordModEditor/BannerlordModEditor.Common/Models/DO/LooknfeelDO.cs(43,23): warning CS8618: 在退出构造函数时，不可为 null 的 属性 "Name" 必须包含非 null 值。请考虑添加 "required" 修饰符或将该 属性 声明为可为 null。 [/root/WorkSpace/CSharp/BannerlordModEditor/BannerlordModEditor.Common/BannerlordModEditor.Common.csproj]
         /root/WorkSpace/CSharp/BannerlordModEditor/BannerlordModEditor.Common/Models/DO/LooknfeelDO.cs(46,23): warning CS8618: 在退出构造函数时，不可为 null 的 属性 "TilingBorderSize" 必须包含非 null 值。请考虑添加 "required" 修饰符或将该 属性 声明为可为 null。 [/root/WorkSpace/CSharp/BannerlordModEditor/BannerlordModEditor.Common/BannerlordModEditor.Common.csproj]
         /root/WorkSpace/CSharp/BannerlordModEditor/BannerlordModEditor.Common/Models/DO/LooknfeelDO.cs(49,23): warning CS8618: 在退出构造函数时，不可为 null 的 属性 "TileBackgroundAccordingToBorder" 必须包含非 null 值。请考虑添加 "required" 修饰符或将该 属性 声明为可为 null。 [/root/WorkSpace/CSharp/BannerlordModEditor/BannerlordModEditor.Common/BannerlordModEditor.Common.csproj]
         /root/WorkSpace/CSharp/BannerlordModEditor/BannerlordModEditor.Common/Models/DO/LooknfeelDO.cs(52,23): warning CS8618: 在退出构造函数时，不可为 null 的 属性 "BackgroundTileSize" 必须包含非 null 值。请考虑添加 "required" 修饰符或将该 属性 声明为可为 null。 [/root/WorkSpace/CSharp/BannerlordModEditor/BannerlordModEditor.Common/BannerlordModEditor.Common.csproj]
         /root/WorkSpace/CSharp/BannerlordModEditor/BannerlordModEditor.Common/Models/DO/LooknfeelDO.cs(55,23): warning CS8618: 在退出构造函数时，不可为 null 的 属性 "Focusable" 必须包含非 null 值。请考虑添加 "required" 修饰符或将该 属性 声明为可为 null。 [/root/WorkSpace/CSharp/BannerlordModEditor/BannerlordModEditor.Common/BannerlordModEditor.Common.csproj]
         /root/WorkSpace/CSharp/BannerlordModEditor/BannerlordModEditor.Common/Models/DO/LooknfeelDO.cs(58,23): warning CS8618: 在退出构造函数时，不可为 null 的 属性 "Style" 必须包含非 null 值。请考虑添加 "required" 修饰符或将该 属性 声明为可为 null。 [/root/WorkSpace/CSharp/BannerlordModEditor/BannerlordModEditor.Common/BannerlordModEditor.Common.csproj]
         /root/WorkSpace/CSharp/BannerlordModEditor/BannerlordModEditor.Common/Models/DO/LooknfeelDO.cs(61,23): warning CS8618: 在退出构造函数时，不可为 null 的 属性 "TrackAreaInset" 必须包含非 null 值。请考虑添加 "required" 修饰符或将该 属性 声明为可为 null。 [/root/WorkSpace/CSharp/BannerlordModEditor/BannerlordModEditor.Common/BannerlordModEditor.Common.csproj]
         /root/WorkSpace/CSharp/BannerlordModEditor/BannerlordModEditor.Common/Models/DO/LooknfeelDO.cs(64,23): warning CS8618: 在退出构造函数时，不可为 null 的 属性 "Text" 必须包含非 null 值。请考虑添加 "required" 修饰符或将该 属性 声明为可为 null。 [/root/WorkSpace/CSharp/BannerlordModEditor/BannerlordModEditor.Common/BannerlordModEditor.Common.csproj]
         /root/WorkSpace/CSharp/BannerlordModEditor/BannerlordModEditor.Common/Models/DO/LooknfeelDO.cs(67,23): warning CS8618: 在退出构造函数时，不可为 null 的 属性 "InitialState" 必须包含非 null 值。请考虑添加 "required" 修饰符或将该 属性 声明为可为 null。 [/root/WorkSpace/CSharp/BannerlordModEditor/BannerlordModEditor.Common/BannerlordModEditor.Common.csproj]
         /root/WorkSpace/CSharp/BannerlordModEditor/BannerlordModEditor.Common/Models/DO/LooknfeelDO.cs(70,23): warning CS8618: 在退出构造函数时，不可为 null 的 属性 "NumOfCols" 必须包含非 null 值。请考虑添加 "required" 修饰符或将该 属性 声明为可为 null。 [/root/WorkSpace/CSharp/BannerlordModEditor/BannerlordModEditor.Common/BannerlordModEditor.Common.csproj]
         /root/WorkSpace/CSharp/BannerlordModEditor/BannerlordModEditor.Common/Models/DO/LooknfeelDO.cs(73,23): warning CS8618: 在退出构造函数时，不可为 null 的 属性 "NumOfRows" 必须包含非 null 值。请考虑添加 "required" 修饰符或将该 属性 声明为可为 null。 [/root/WorkSpace/CSharp/BannerlordModEditor/BannerlordModEditor.Common/BannerlordModEditor.Common.csproj]
         /root/WorkSpace/CSharp/BannerlordModEditor/BannerlordModEditor.Common/Models/DO/LooknfeelDO.cs(76,23): warning CS8618: 在退出构造函数时，不可为 null 的 属性 "MaxNumOfRows" 必须包含非 null 值。请考虑添加 "required" 修饰符或将该 属性 声明为可为 null。 [/root/WorkSpace/CSharp/BannerlordModEditor/BannerlordModEditor.Common/BannerlordModEditor.Common.csproj]
         /root/WorkSpace/CSharp/BannerlordModEditor/BannerlordModEditor.Common/Models/DO/LooknfeelDO.cs(79,23): warning CS8618: 在退出构造函数时，不可为 null 的 属性 "BorderSize" 必须包含非 null 值。请考虑添加 "required" 修饰符或将该 属性 声明为可为 null。 [/root/WorkSpace/CSharp/BannerlordModEditor/BannerlordModEditor.Common/BannerlordModEditor.Common.csproj]
         /root/WorkSpace/CSharp/BannerlordModEditor/BannerlordModEditor.Common/Models/DO/LooknfeelDO.cs(82,23): warning CS8618: 在退出构造函数时，不可为 null 的 属性 "ShowScrollBars" 必须包含非 null 值。请考虑添加 "required" 修饰符或将该 属性 声明为可为 null。 [/root/WorkSpace/CSharp/BannerlordModEditor/BannerlordModEditor.Common/BannerlordModEditor.Common.csproj]
         /root/WorkSpace/CSharp/BannerlordModEditor/BannerlordModEditor.Common/Models/DO/LooknfeelDO.cs(85,23): warning CS8618: 在退出构造函数时，不可为 null 的 属性 "ScrollAreaInset" 必须包含非 null 值。请考虑添加 "required" 修饰符或将该 属性 声明为可为 null。 [/root/WorkSpace/CSharp/BannerlordModEditor/BannerlordModEditor.Common/BannerlordModEditor.Common.csproj]
         /root/WorkSpace/CSharp/BannerlordModEditor/BannerlordModEditor.Common/Models/DO/LooknfeelDO.cs(88,23): warning CS8618: 在退出构造函数时，不可为 null 的 属性 "CellSize" 必须包含非 null 值。请考虑添加 "required" 修饰符或将该 属性 声明为可为 null。 [/root/WorkSpace/CSharp/BannerlordModEditor/BannerlordModEditor.Common/BannerlordModEditor.Common.csproj]
         /root/WorkSpace/CSharp/BannerlordModEditor/BannerlordModEditor.Common/Models/DO/LooknfeelDO.cs(91,23): warning CS8618: 在退出构造函数时，不可为 null 的 属性 "LayoutStyle" 必须包含非 null 值。请考虑添加 "required" 修饰符或将该 属性 声明为可为 null。 [/root/WorkSpace/CSharp/BannerlordModEditor/BannerlordModEditor.Common/BannerlordModEditor.Common.csproj]
         /root/WorkSpace/CSharp/BannerlordModEditor/BannerlordModEditor.Common/Models/DO/LooknfeelDO.cs(94,23): warning CS8618: 在退出构造函数时，不可为 null 的 属性 "LayoutAlignment" 必须包含非 null 值。请考虑添加 "required" 修饰符或将该 属性 声明为可为 null。 [/root/WorkSpace/CSharp/BannerlordModEditor/BannerlordModEditor.Common/BannerlordModEditor.Common.csproj]
         /root/WorkSpace/CSharp/BannerlordModEditor/BannerlordModEditor.Common/Models/DO/LooknfeelDO.cs(97,23): warning CS8618: 在退出构造函数时，不可为 null 的 属性 "AutoShowScrollBars" 必须包含非 null 值。请考虑添加 "required" 修饰符或将该 属性 声明为可为 null。 [/root/WorkSpace/CSharp/BannerlordModEditor/BannerlordModEditor.Common/BannerlordModEditor.Common.csproj]
         /root/WorkSpace/CSharp/BannerlordModEditor/BannerlordModEditor.Common/Models/DO/LooknfeelDO.cs(100,23): warning CS8618: 在退出构造函数时，不可为 null 的 属性 "IncrementVec" 必须包含非 null 值。请考虑添加 "required" 修饰符或将该 属性 声明为可为 null。 [/root/WorkSpace/CSharp/BannerlordModEditor/BannerlordModEditor.Common/BannerlordModEditor.Common.csproj]
         /root/WorkSpace/CSharp/BannerlordModEditor/BannerlordModEditor.Common/Models/DO/LooknfeelDO.cs(103,23): warning CS8618: 在退出构造函数时，不可为 null 的 属性 "InitialValue" 必须包含非 null 值。请考虑添加 "required" 修饰符或将该 属性 声明为可为 null。 [/root/WorkSpace/CSharp/BannerlordModEditor/BannerlordModEditor.Common/BannerlordModEditor.Common.csproj]
         /root/WorkSpace/CSharp/BannerlordModEditor/BannerlordModEditor.Common/Models/DO/LooknfeelDO.cs(106,23): warning CS8618: 在退出构造函数时，不可为 null 的 属性 "MaxAllowedDigit" 必须包含非 null 值。请考虑添加 "required" 修饰符或将该 属性 声明为可为 null。 [/root/WorkSpace/CSharp/BannerlordModEditor/BannerlordModEditor.Common/BannerlordModEditor.Common.csproj]
         /root/WorkSpace/CSharp/BannerlordModEditor/BannerlordModEditor.Common/Models/DO/LooknfeelDO.cs(109,23): warning CS8618: 在退出构造函数时，不可为 null 的 属性 "MinAllowedValue" 必须包含非 null 值。请考虑添加 "required" 修饰符或将该 属性 声明为可为 null。 [/root/WorkSpace/CSharp/BannerlordModEditor/BannerlordModEditor.Common/BannerlordModEditor.Common.csproj]
         /root/WorkSpace/CSharp/BannerlordModEditor/BannerlordModEditor.Common/Models/DO/LooknfeelDO.cs(112,23): warning CS8618: 在退出构造函数时，不可为 null 的 属性 "MaxAllowedValue" 必须包含非 null 值。请考虑添加 "required" 修饰符或将该 属性 声明为可为 null。 [/root/WorkSpace/CSharp/BannerlordModEditor/BannerlordModEditor.Common/BannerlordModEditor.Common.csproj]
         /root/WorkSpace/CSharp/BannerlordModEditor/BannerlordModEditor.Common/Models/DO/LooknfeelDO.cs(115,23): warning CS8618: 在退出构造函数时，不可为 null 的 属性 "StepValue" 必须包含非 null 值。请考虑添加 "required" 修饰符或将该 属性 声明为可为 null。 [/root/WorkSpace/CSharp/BannerlordModEditor/BannerlordModEditor.Common/BannerlordModEditor.Common.csproj]
         /root/WorkSpace/CSharp/BannerlordModEditor/BannerlordModEditor.Common/Models/DO/LooknfeelDO.cs(118,23): warning CS8618: 在退出构造函数时，不可为 null 的 属性 "MinValue" 必须包含非 null 值。请考虑添加 "required" 修饰符或将该 属性 声明为可为 null。 [/root/WorkSpace/CSharp/BannerlordModEditor/BannerlordModEditor.Common/BannerlordModEditor.Common.csproj]
         /root/WorkSpace/CSharp/BannerlordModEditor/BannerlordModEditor.Common/Models/DO/LooknfeelDO.cs(121,23): warning CS8618: 在退出构造函数时，不可为 null 的 属性 "MaxValue" 必须包含非 null 值。请考虑添加 "required" 修饰符或将该 属性 声明为可为 null。 [/root/WorkSpace/CSharp/BannerlordModEditor/BannerlordModEditor.Common/BannerlordModEditor.Common.csproj]
         /root/WorkSpace/CSharp/BannerlordModEditor/BannerlordModEditor.Common/Models/DO/LooknfeelDO.cs(124,23): warning CS8618: 在退出构造函数时，不可为 null 的 属性 "VerticalAlignment" 必须包含非 null 值。请考虑添加 "required" 修饰符或将该 属性 声明为可为 null。 [/root/WorkSpace/CSharp/BannerlordModEditor/BannerlordModEditor.Common/BannerlordModEditor.Common.csproj]
         /root/WorkSpace/CSharp/BannerlordModEditor/BannerlordModEditor.Common/Models/DO/LooknfeelDO.cs(127,23): warning CS8618: 在退出构造函数时，不可为 null 的 属性 "HorizontalAlignment" 必须包含非 null 值。请考虑添加 "required" 修饰符或将该 属性 声明为可为 null。 [/root/WorkSpace/CSharp/BannerlordModEditor/BannerlordModEditor.Common/BannerlordModEditor.Common.csproj]
         /root/WorkSpace/CSharp/BannerlordModEditor/BannerlordModEditor.Common/Models/DO/LooknfeelDO.cs(137,23): warning CS8618: 在退出构造函数时，不可为 null 的 属性 "TextHighlightColor" 必须包含非 null 值。请考虑添加 "required" 修饰符或将该 属性 声明为可为 null。 [/root/WorkSpace/CSharp/BannerlordModEditor/BannerlordModEditor.Common/BannerlordModEditor.Common.csproj]
         /root/WorkSpace/CSharp/BannerlordModEditor/BannerlordModEditor.Common/Models/DO/LooknfeelDO.cs(140,23): warning CS8618: 在退出构造函数时，不可为 null 的 属性 "TextColor" 必须包含非 null 值。请考虑添加 "required" 修饰符或将该 属性 声明为可为 null。 [/root/WorkSpace/CSharp/BannerlordModEditor/BannerlordModEditor.Common/BannerlordModEditor.Common.csproj]
         /root/WorkSpace/CSharp/BannerlordModEditor/BannerlordModEditor.Common/Models/DO/LooknfeelDO.cs(143,23): warning CS8618: 在退出构造函数时，不可为 null 的 属性 "FontSize" 必须包含非 null 值。请考虑添加 "required" 修饰符或将该 属性 声明为可为 null。 [/root/WorkSpace/CSharp/BannerlordModEditor/BannerlordModEditor.Common/BannerlordModEditor.Common.csproj]
         /root/WorkSpace/CSharp/BannerlordModEditor/BannerlordModEditor.Common/Models/DO/LooknfeelDO.cs(146,23): warning CS8618: 在退出构造函数时，不可为 null 的 属性 "Size" 必须包含非 null 值。请考虑添加 "required" 修饰符或将该 属性 声明为可为 null。 [/root/WorkSpace/CSharp/BannerlordModEditor/BannerlordModEditor.Common/BannerlordModEditor.Common.csproj]
         /root/WorkSpace/CSharp/BannerlordModEditor/BannerlordModEditor.Common/Models/DO/LooknfeelDO.cs(149,23): warning CS8618: 在退出构造函数时，不可为 null 的 属性 "Position" 必须包含非 null 值。请考虑添加 "required" 修饰符或将该 属性 声明为可为 null。 [/root/WorkSpace/CSharp/BannerlordModEditor/BannerlordModEditor.Common/BannerlordModEditor.Common.csproj]
         /root/WorkSpace/CSharp/BannerlordModEditor/BannerlordModEditor.Common/Models/DO/LooknfeelDO.cs(152,23): warning CS8618: 在退出构造函数时，不可为 null 的 属性 "ButtonMesh" 必须包含非 null 值。请考虑添加 "required" 修饰符或将该 属性 声明为可为 null。 [/root/WorkSpace/CSharp/BannerlordModEditor/BannerlordModEditor.Common/BannerlordModEditor.Common.csproj]
         /root/WorkSpace/CSharp/BannerlordModEditor/BannerlordModEditor.Common/Models/DO/LooknfeelDO.cs(156,43): warning CS8618: 在退出构造函数时，不可为 null 的 属性 "Meshes" 必须包含非 null 值。请考虑添加 "required" 修饰符或将该 属性 声明为可为 null。 [/root/WorkSpace/CSharp/BannerlordModEditor/BannerlordModEditor.Common/BannerlordModEditor.Common.csproj]
         /root/WorkSpace/CSharp/BannerlordModEditor/BannerlordModEditor.Common/Models/DO/LooknfeelDO.cs(159,44): warning CS8618: 在退出构造函数时，不可为 null 的 属性 "SubWidgetsList" 必须包含非 null 值。请考虑添加 "required" 修饰符或将该 属性 声明为可为 null。 [/root/WorkSpace/CSharp/BannerlordModEditor/BannerlordModEditor.Common/BannerlordModEditor.Common.csproj]
         /root/WorkSpace/CSharp/BannerlordModEditor/BannerlordModEditor.Common/Mappers/CreditsMapper.cs(141,40): warning CS8603: 可能返回 null 引用。 [/root/WorkSpace/CSharp/BannerlordModEditor/BannerlordModEditor.Common/BannerlordModEditor.Common.csproj]
         /root/WorkSpace/CSharp/BannerlordModEditor/BannerlordModEditor.Common/Mappers/CreditsMapper.cs(153,40): warning CS8603: 可能返回 null 引用。 [/root/WorkSpace/CSharp/BannerlordModEditor/BannerlordModEditor.Common/BannerlordModEditor.Common.csproj]
         /root/WorkSpace/CSharp/BannerlordModEditor/BannerlordModEditor.Common/Mappers/CreditsMapper.cs(164,40): warning CS8603: 可能返回 null 引用。 [/root/WorkSpace/CSharp/BannerlordModEditor/BannerlordModEditor.Common/BannerlordModEditor.Common.csproj]
         /root/WorkSpace/CSharp/BannerlordModEditor/BannerlordModEditor.Common/Mappers/CreditsMapper.cs(171,40): warning CS8603: 可能返回 null 引用。 [/root/WorkSpace/CSharp/BannerlordModEditor/BannerlordModEditor.Common/BannerlordModEditor.Common.csproj]
         /root/WorkSpace/CSharp/BannerlordModEditor/BannerlordModEditor.Common/Mappers/CreditsMapper.cs(183,40): warning CS8603: 可能返回 null 引用。 [/root/WorkSpace/CSharp/BannerlordModEditor/BannerlordModEditor.Common/BannerlordModEditor.Common.csproj]
         /root/WorkSpace/CSharp/BannerlordModEditor/BannerlordModEditor.Common/Models/DO/LooknfeelDO.cs(293,23): warning CS8618: 在退出构造函数时，不可为 null 的 属性 "Ref" 必须包含非 null 值。请考虑添加 "required" 修饰符或将该 属性 声明为可为 null。 [/root/WorkSpace/CSharp/BannerlordModEditor/BannerlordModEditor.Common/BannerlordModEditor.Common.csproj]
         /root/WorkSpace/CSharp/BannerlordModEditor/BannerlordModEditor.Common/Models/DO/LooknfeelDO.cs(296,23): warning CS8618: 在退出构造函数时，不可为 null 的 属性 "Name" 必须包含非 null 值。请考虑添加 "required" 修饰符或将该 属性 声明为可为 null。 [/root/WorkSpace/CSharp/BannerlordModEditor/BannerlordModEditor.Common/BannerlordModEditor.Common.csproj]
         /root/WorkSpace/CSharp/BannerlordModEditor/BannerlordModEditor.Common/Models/DO/LooknfeelDO.cs(299,23): warning CS8618: 在退出构造函数时，不可为 null 的 属性 "Size" 必须包含非 null 值。请考虑添加 "required" 修饰符或将该 属性 声明为可为 null。 [/root/WorkSpace/CSharp/BannerlordModEditor/BannerlordModEditor.Common/BannerlordModEditor.Common.csproj]
         /root/WorkSpace/CSharp/BannerlordModEditor/BannerlordModEditor.Common/Models/DO/LooknfeelDO.cs(302,23): warning CS8618: 在退出构造函数时，不可为 null 的 属性 "Position" 必须包含非 null 值。请考虑添加 "required" 修饰符或将该 属性 声明为可为 null。 [/root/WorkSpace/CSharp/BannerlordModEditor/BannerlordModEditor.Common/BannerlordModEditor.Common.csproj]
         /root/WorkSpace/CSharp/BannerlordModEditor/BannerlordModEditor.Common/Models/DO/LooknfeelDO.cs(305,23): warning CS8618: 在退出构造函数时，不可为 null 的 属性 "Style" 必须包含非 null 值。请考虑添加 "required" 修饰符或将该 属性 声明为可为 null。 [/root/WorkSpace/CSharp/BannerlordModEditor/BannerlordModEditor.Common/BannerlordModEditor.Common.csproj]
         /root/WorkSpace/CSharp/BannerlordModEditor/BannerlordModEditor.Common/Models/DO/LooknfeelDO.cs(308,23): warning CS8618: 在退出构造函数时，不可为 null 的 属性 "VerticalAlignment" 必须包含非 null 值。请考虑添加 "required" 修饰符或将该 属性 声明为可为 null。 [/root/WorkSpace/CSharp/BannerlordModEditor/BannerlordModEditor.Common/BannerlordModEditor.Common.csproj]
         /root/WorkSpace/CSharp/BannerlordModEditor/BannerlordModEditor.Common/Models/DO/LooknfeelDO.cs(311,23): warning CS8618: 在退出构造函数时，不可为 null 的 属性 "HorizontalAlignment" 必须包含非 null 值。请考虑添加 "required" 修饰符或将该 属性 声明为可为 null。 [/root/WorkSpace/CSharp/BannerlordModEditor/BannerlordModEditor.Common/BannerlordModEditor.Common.csproj]
         /root/WorkSpace/CSharp/BannerlordModEditor/BannerlordModEditor.Common/Models/DO/LooknfeelDO.cs(321,23): warning CS8618: 在退出构造函数时，不可为 null 的 属性 "ScrollSpeed" 必须包含非 null 值。请考虑添加 "required" 修饰符或将该 属性 声明为可为 null。 [/root/WorkSpace/CSharp/BannerlordModEditor/BannerlordModEditor.Common/BannerlordModEditor.Common.csproj]
         /root/WorkSpace/CSharp/BannerlordModEditor/BannerlordModEditor.Common/Models/DO/LooknfeelDO.cs(324,23): warning CS8618: 在退出构造函数时，不可为 null 的 属性 "CellSize" 必须包含非 null 值。请考虑添加 "required" 修饰符或将该 属性 声明为可为 null。 [/root/WorkSpace/CSharp/BannerlordModEditor/BannerlordModEditor.Common/BannerlordModEditor.Common.csproj]
         /root/WorkSpace/CSharp/BannerlordModEditor/BannerlordModEditor.Common/Models/DO/LooknfeelDO.cs(327,23): warning CS8618: 在退出构造函数时，不可为 null 的 属性 "LayoutStyle" 必须包含非 null 值。请考虑添加 "required" 修饰符或将该 属性 声明为可为 null。 [/root/WorkSpace/CSharp/BannerlordModEditor/BannerlordModEditor.Common/BannerlordModEditor.Common.csproj]
         /root/WorkSpace/CSharp/BannerlordModEditor/BannerlordModEditor.Common/Models/DO/LooknfeelDO.cs(330,23): warning CS8618: 在退出构造函数时，不可为 null 的 属性 "LayoutAlignment" 必须包含非 null 值。请考虑添加 "required" 修饰符或将该 属性 声明为可为 null。 [/root/WorkSpace/CSharp/BannerlordModEditor/BannerlordModEditor.Common/BannerlordModEditor.Common.csproj]
         /root/WorkSpace/CSharp/BannerlordModEditor/BannerlordModEditor.Common/Models/DO/LooknfeelDO.cs(333,23): warning CS8618: 在退出构造函数时，不可为 null 的 属性 "Text" 必须包含非 null 值。请考虑添加 "required" 修饰符或将该 属性 声明为可为 null。 [/root/WorkSpace/CSharp/BannerlordModEditor/BannerlordModEditor.Common/BannerlordModEditor.Common.csproj]
         /root/WorkSpace/CSharp/BannerlordModEditor/BannerlordModEditor.Common/Models/DO/LooknfeelDO.cs(336,23): warning CS8618: 在退出构造函数时，不可为 null 的 属性 "TextColor" 必须包含非 null 值。请考虑添加 "required" 修饰符或将该 属性 声明为可为 null。 [/root/WorkSpace/CSharp/BannerlordModEditor/BannerlordModEditor.Common/BannerlordModEditor.Common.csproj]
         /root/WorkSpace/CSharp/BannerlordModEditor/BannerlordModEditor.Common/Models/DO/LooknfeelDO.cs(339,23): warning CS8618: 在退出构造函数时，不可为 null 的 属性 "TextHighlightColor" 必须包含非 null 值。请考虑添加 "required" 修饰符或将该 属性 声明为可为 null。 [/root/WorkSpace/CSharp/BannerlordModEditor/BannerlordModEditor.Common/BannerlordModEditor.Common.csproj]
         /root/WorkSpace/CSharp/BannerlordModEditor/BannerlordModEditor.Common/Models/DO/LooknfeelDO.cs(342,23): warning CS8618: 在退出构造函数时，不可为 null 的 属性 "FontSize" 必须包含非 null 值。请考虑添加 "required" 修饰符或将该 属性 声明为可为 null。 [/root/WorkSpace/CSharp/BannerlordModEditor/BannerlordModEditor.Common/BannerlordModEditor.Common.csproj]
         /root/WorkSpace/CSharp/BannerlordModEditor/BannerlordModEditor.Common/Models/DO/LooknfeelDO.cs(346,43): warning CS8618: 在退出构造函数时，不可为 null 的 属性 "Meshes" 必须包含非 null 值。请考虑添加 "required" 修饰符或将该 属性 声明为可为 null。 [/root/WorkSpace/CSharp/BannerlordModEditor/BannerlordModEditor.Common/BannerlordModEditor.Common.csproj]
         /root/WorkSpace/CSharp/BannerlordModEditor/BannerlordModEditor.Common/Models/DO/LooknfeelDO.cs(349,44): warning CS8618: 在退出构造函数时，不可为 null 的 属性 "SubWidgetsList" 必须包含非 null 值。请考虑添加 "required" 修饰符或将该 属性 声明为可为 null。 [/root/WorkSpace/CSharp/BannerlordModEditor/BannerlordModEditor.Common/BannerlordModEditor.Common.csproj]
         /root/WorkSpace/CSharp/BannerlordModEditor/BannerlordModEditor.Common/Models/Data/Adjustables.cs(19,23): warning CS8618: 在退出构造函数时，不可为 null 的 属性 "Name" 必须包含非 null 值。请考虑添加 "required" 修饰符或将该 属性 声明为可为 null。 [/root/WorkSpace/CSharp/BannerlordModEditor/BannerlordModEditor.Common/BannerlordModEditor.Common.csproj]
         /root/WorkSpace/CSharp/BannerlordModEditor/BannerlordModEditor.Common/Models/Data/Adjustables.cs(22,23): warning CS8618: 在退出构造函数时，不可为 null 的 属性 "Value" 必须包含非 null 值。请考虑添加 "required" 修饰符或将该 属性 声明为可为 null。 [/root/WorkSpace/CSharp/BannerlordModEditor/BannerlordModEditor.Common/BannerlordModEditor.Common.csproj]
         /root/WorkSpace/CSharp/BannerlordModEditor/BannerlordModEditor.Common/Mappers/MPClassDivisionsMapper.cs(109,36): warning CS8603: 可能返回 null 引用。 [/root/WorkSpace/CSharp/BannerlordModEditor/BannerlordModEditor.Common/BannerlordModEditor.Common.csproj]
         /root/WorkSpace/CSharp/BannerlordModEditor/BannerlordModEditor.Common/Models/DO/MpCraftingPiecesDO.cs(195,23): warning CS8618: 在退出构造函数时，不可为 null 的 属性 "Name" 必须包含非 null 值。请考虑添加 "required" 修饰符或将该 属性 声明为可为 null。 [/root/WorkSpace/CSharp/BannerlordModEditor/BannerlordModEditor.Common/BannerlordModEditor.Common.csproj]
         /root/WorkSpace/CSharp/BannerlordModEditor/BannerlordModEditor.Common/Models/DO/MpCraftingPiecesDO.cs(198,23): warning CS8618: 在退出构造函数时，不可为 null 的 属性 "Type" 必须包含非 null 值。请考虑添加 "required" 修饰符或将该 属性 声明为可为 null。 [/root/WorkSpace/CSharp/BannerlordModEditor/BannerlordModEditor.Common/BannerlordModEditor.Common.csproj]
         /root/WorkSpace/CSharp/BannerlordModEditor/BannerlordModEditor.Common/Models/Data/BannerIconsModel.cs(11,23): warning CS8618: 在退出构造函数时，不可为 null 的 属性 "Type" 必须包含非 null 值。请考虑添加 "required" 修饰符或将该 属性 声明为可为 null。 [/root/WorkSpace/CSharp/BannerlordModEditor/BannerlordModEditor.Common/BannerlordModEditor.Common.csproj]
         /root/WorkSpace/CSharp/BannerlordModEditor/BannerlordModEditor.Common/Models/Data/BannerIconsModel.cs(14,31): warning CS8618: 在退出构造函数时，不可为 null 的 属性 "BannerIconData" 必须包含非 null 值。请考虑添加 "required" 修饰符或将该 属性 声明为可为 null。 [/root/WorkSpace/CSharp/BannerlordModEditor/BannerlordModEditor.Common/BannerlordModEditor.Common.csproj]
         /root/WorkSpace/CSharp/BannerlordModEditor/BannerlordModEditor.Common/Models/Data/BannerIconsModel.cs(19,16): warning CS8618: 在退出构造函数时，不可为 null 的 属性 "BannerColors" 必须包含非 null 值。请考虑添加 "required" 修饰符或将该 属性 声明为可为 null。 [/root/WorkSpace/CSharp/BannerlordModEditor/BannerlordModEditor.Common/BannerlordModEditor.Common.csproj]
         /root/WorkSpace/CSharp/BannerlordModEditor/BannerlordModEditor.Common/Models/Data/AttributesDataModel.cs(19,23): warning CS8618: 在退出构造函数时，不可为 null 的 属性 "Id" 必须包含非 null 值。请考虑添加 "required" 修饰符或将该 属性 声明为可为 null。 [/root/WorkSpace/CSharp/BannerlordModEditor/BannerlordModEditor.Common/BannerlordModEditor.Common.csproj]
         /root/WorkSpace/CSharp/BannerlordModEditor/BannerlordModEditor.Common/Models/Data/AttributesDataModel.cs(24,23): warning CS8618: 在退出构造函数时，不可为 null 的 属性 "Name" 必须包含非 null 值。请考虑添加 "required" 修饰符或将该 属性 声明为可为 null。 [/root/WorkSpace/CSharp/BannerlordModEditor/BannerlordModEditor.Common/BannerlordModEditor.Common.csproj]
         /root/WorkSpace/CSharp/BannerlordModEditor/BannerlordModEditor.Common/Models/Data/AttributesDataModel.cs(29,23): warning CS8618: 在退出构造函数时，不可为 null 的 属性 "Source" 必须包含非 null 值。请考虑添加 "required" 修饰符或将该 属性 声明为可为 null。 [/root/WorkSpace/CSharp/BannerlordModEditor/BannerlordModEditor.Common/BannerlordModEditor.Common.csproj]
         /root/WorkSpace/CSharp/BannerlordModEditor/BannerlordModEditor.Common/Models/Data/AttributesDataModel.cs(34,23): warning CS8618: 在退出构造函数时，不可为 null 的 属性 "Documentation" 必须包含非 null 值。请考虑添加 "required" 修饰符或将该 属性 声明为可为 null。 [/root/WorkSpace/CSharp/BannerlordModEditor/BannerlordModEditor.Common/BannerlordModEditor.Common.csproj]
         /root/WorkSpace/CSharp/BannerlordModEditor/BannerlordModEditor.Common/Models/Data/BannerIconsModel.cs(39,23): warning CS8618: 在退出构造函数时，不可为 null 的 属性 "Name" 必须包含非 null 值。请考虑添加 "required" 修饰符或将该 属性 声明为可为 null。 [/root/WorkSpace/CSharp/BannerlordModEditor/BannerlordModEditor.Common/BannerlordModEditor.Common.csproj]
         /root/WorkSpace/CSharp/BannerlordModEditor/BannerlordModEditor.Common/Models/Data/BannerIconsModel.cs(57,23): warning CS8618: 在退出构造函数时，不可为 null 的 属性 "MeshName" 必须包含非 null 值。请考虑添加 "required" 修饰符或将该 属性 声明为可为 null。 [/root/WorkSpace/CSharp/BannerlordModEditor/BannerlordModEditor.Common/BannerlordModEditor.Common.csproj]
         /root/WorkSpace/CSharp/BannerlordModEditor/BannerlordModEditor.Common/Models/Data/BannerIconsModel.cs(71,23): warning CS8618: 在退出构造函数时，不可为 null 的 属性 "MaterialName" 必须包含非 null 值。请考虑添加 "required" 修饰符或将该 属性 声明为可为 null。 [/root/WorkSpace/CSharp/BannerlordModEditor/BannerlordModEditor.Common/BannerlordModEditor.Common.csproj]
         /root/WorkSpace/CSharp/BannerlordModEditor/BannerlordModEditor.Common/Mappers/MPClassDivisionsMapper.cs(133,36): warning CS8603: 可能返回 null 引用。 [/root/WorkSpace/CSharp/BannerlordModEditor/BannerlordModEditor.Common/BannerlordModEditor.Common.csproj]
         /root/WorkSpace/CSharp/BannerlordModEditor/BannerlordModEditor.Common/Models/DO/MpCraftingPiecesDO.cs(119,23): warning CS8618: 在退出构造函数时，不可为 null 的 属性 "StackAmount" 必须包含非 null 值。请考虑添加 "required" 修饰符或将该 属性 声明为可为 null。 [/root/WorkSpace/CSharp/BannerlordModEditor/BannerlordModEditor.Common/BannerlordModEditor.Common.csproj]
         /root/WorkSpace/CSharp/BannerlordModEditor/BannerlordModEditor.Common/Models/DO/MpCraftingPiecesDO.cs(122,23): warning CS8618: 在退出构造函数时，不可为 null 的 属性 "BladeLength" 必须包含非 null 值。请考虑添加 "required" 修饰符或将该 属性 声明为可为 null。 [/root/WorkSpace/CSharp/BannerlordModEditor/BannerlordModEditor.Common/BannerlordModEditor.Common.csproj]
         /root/WorkSpace/CSharp/BannerlordModEditor/BannerlordModEditor.Common/Models/DO/MpCraftingPiecesDO.cs(125,23): warning CS8618: 在退出构造函数时，不可为 null 的 属性 "BladeWidth" 必须包含非 null 值。请考虑添加 "required" 修饰符或将该 属性 声明为可为 null。 [/root/WorkSpace/CSharp/BannerlordModEditor/BannerlordModEditor.Common/BannerlordModEditor.Common.csproj]
         /root/WorkSpace/CSharp/BannerlordModEditor/BannerlordModEditor.Common/Models/DO/MpCraftingPiecesDO.cs(128,23): warning CS8618: 在退出构造函数时，不可为 null 的 属性 "PhysicsMaterial" 必须包含非 null 值。请考虑添加 "required" 修饰符或将该 属性 声明为可为 null。 [/root/WorkSpace/CSharp/BannerlordModEditor/BannerlordModEditor.Common/BannerlordModEditor.Common.csproj]
         /root/WorkSpace/CSharp/BannerlordModEditor/BannerlordModEditor.Common/Models/DO/MpCraftingPiecesDO.cs(131,23): warning CS8618: 在退出构造函数时，不可为 null 的 属性 "BodyName" 必须包含非 null 值。请考虑添加 "required" 修饰符或将该 属性 声明为可为 null。 [/root/WorkSpace/CSharp/BannerlordModEditor/BannerlordModEditor.Common/BannerlordModEditor.Common.csproj]
         /root/WorkSpace/CSharp/BannerlordModEditor/BannerlordModEditor.Common/Models/DO/MpCraftingPiecesDO.cs(134,23): warning CS8618: 在退出构造函数时，不可为 null 的 属性 "HolsterMesh" 必须包含非 null 值。请考虑添加 "required" 修饰符或将该 属性 声明为可为 null。 [/root/WorkSpace/CSharp/BannerlordModEditor/BannerlordModEditor.Common/BannerlordModEditor.Common.csproj]
         /root/WorkSpace/CSharp/BannerlordModEditor/BannerlordModEditor.Common/Models/DO/MpCraftingPiecesDO.cs(137,23): warning CS8618: 在退出构造函数时，不可为 null 的 属性 "HolsterMeshLength" 必须包含非 null 值。请考虑添加 "required" 修饰符或将该 属性 声明为可为 null。 [/root/WorkSpace/CSharp/BannerlordModEditor/BannerlordModEditor.Common/BannerlordModEditor.Common.csproj]
         /root/WorkSpace/CSharp/BannerlordModEditor/BannerlordModEditor.Common/Models/DO/MpCraftingPiecesDO.cs(140,23): warning CS8618: 在退出构造函数时，不可为 null 的 属性 "HolsterBodyName" 必须包含非 null 值。请考虑添加 "required" 修饰符或将该 属性 声明为可为 null。 [/root/WorkSpace/CSharp/BannerlordModEditor/BannerlordModEditor.Common/BannerlordModEditor.Common.csproj]
         /root/WorkSpace/CSharp/BannerlordModEditor/BannerlordModEditor.Common/Models/DO/MpCraftingPiecesDO.cs(143,27): warning CS8618: 在退出构造函数时，不可为 null 的 属性 "Thrust" 必须包含非 null 值。请考虑添加 "required" 修饰符或将该 属性 声明为可为 null。 [/root/WorkSpace/CSharp/BannerlordModEditor/BannerlordModEditor.Common/BannerlordModEditor.Common.csproj]
         /root/WorkSpace/CSharp/BannerlordModEditor/BannerlordModEditor.Common/Models/DO/MpCraftingPiecesDO.cs(146,26): warning CS8618: 在退出构造函数时，不可为 null 的 属性 "Swing" 必须包含非 null 值。请考虑添加 "required" 修饰符或将该 属性 声明为可为 null。 [/root/WorkSpace/CSharp/BannerlordModEditor/BannerlordModEditor.Common/BannerlordModEditor.Common.csproj]
         /root/WorkSpace/CSharp/BannerlordModEditor/BannerlordModEditor.Common/Models/Data/BannerIconsModel.cs(94,23): warning CS8618: 在退出构造函数时，不可为 null 的 属性 "Hex" 必须包含非 null 值。请考虑添加 "required" 修饰符或将该 属性 声明为可为 null。 [/root/WorkSpace/CSharp/BannerlordModEditor/BannerlordModEditor.Common/BannerlordModEditor.Common.csproj]
         /root/WorkSpace/CSharp/BannerlordModEditor/BannerlordModEditor.Common/Models/Data/BeforeTransparentsGraph.cs(11,23): warning CS8618: 在退出构造函数时，不可为 null 的 属性 "Type" 必须包含非 null 值。请考虑添加 "required" 修饰符或将该 属性 声明为可为 null。 [/root/WorkSpace/CSharp/BannerlordModEditor/BannerlordModEditor.Common/BannerlordModEditor.Common.csproj]
         /root/WorkSpace/CSharp/BannerlordModEditor/BannerlordModEditor.Common/Models/Data/BeforeTransparentsGraph.cs(14,29): warning CS8618: 在退出构造函数时，不可为 null 的 属性 "PostfxGraphs" 必须包含非 null 值。请考虑添加 "required" 修饰符或将该 属性 声明为可为 null。 [/root/WorkSpace/CSharp/BannerlordModEditor/BannerlordModEditor.Common/BannerlordModEditor.Common.csproj]
         /root/WorkSpace/CSharp/BannerlordModEditor/BannerlordModEditor.Common/Mappers/MPClassDivisionsMapper.cs(157,36): warning CS8603: 可能返回 null 引用。 [/root/WorkSpace/CSharp/BannerlordModEditor/BannerlordModEditor.Common/BannerlordModEditor.Common.csproj]
         /root/WorkSpace/CSharp/BannerlordModEditor/BannerlordModEditor.Common/Models/Data/BeforeTransparentsGraph.cs(23,34): warning CS8618: 在退出构造函数时，不可为 null 的 属性 "PostfxGraphList" 必须包含非 null 值。请考虑添加 "required" 修饰符或将该 属性 声明为可为 null。 [/root/WorkSpace/CSharp/BannerlordModEditor/BannerlordModEditor.Common/BannerlordModEditor.Common.csproj]
         /root/WorkSpace/CSharp/BannerlordModEditor/BannerlordModEditor.Common/Models/Data/BeforeTransparentsGraph.cs(31,23): warning CS8618: 在退出构造函数时，不可为 null 的 属性 "Id" 必须包含非 null 值。请考虑添加 "required" 修饰符或将该 属性 声明为可为 null。 [/root/WorkSpace/CSharp/BannerlordModEditor/BannerlordModEditor.Common/BannerlordModEditor.Common.csproj]
         /root/WorkSpace/CSharp/BannerlordModEditor/BannerlordModEditor.Common/Models/Data/BeforeTransparentsGraph.cs(34,33): warning CS8618: 在退出构造函数时，不可为 null 的 属性 "PostfxNodes" 必须包含非 null 值。请考虑添加 "required" 修饰符或将该 属性 声明为可为 null。 [/root/WorkSpace/CSharp/BannerlordModEditor/BannerlordModEditor.Common/BannerlordModEditor.Common.csproj]
         /root/WorkSpace/CSharp/BannerlordModEditor/BannerlordModEditor.Common/Models/Data/BeforeTransparentsGraph.cs(87,23): warning CS8618: 在退出构造函数时，不可为 null 的 属性 "Index" 必须包含非 null 值。请考虑添加 "required" 修饰符或将该 属性 声明为可为 null。 [/root/WorkSpace/CSharp/BannerlordModEditor/BannerlordModEditor.Common/BannerlordModEditor.Common.csproj]
         /root/WorkSpace/CSharp/BannerlordModEditor/BannerlordModEditor.Common/Models/Data/BeforeTransparentsGraph.cs(90,23): warning CS8618: 在退出构造函数时，不可为 null 的 属性 "Type" 必须包含非 null 值。请考虑添加 "required" 修饰符或将该 属性 声明为可为 null。 [/root/WorkSpace/CSharp/BannerlordModEditor/BannerlordModEditor.Common/BannerlordModEditor.Common.csproj]
         /root/WorkSpace/CSharp/BannerlordModEditor/BannerlordModEditor.Common/Models/Data/BeforeTransparentsGraph.cs(93,23): warning CS8618: 在退出构造函数时，不可为 null 的 属性 "Source" 必须包含非 null 值。请考虑添加 "required" 修饰符或将该 属性 声明为可为 null。 [/root/WorkSpace/CSharp/BannerlordModEditor/BannerlordModEditor.Common/BannerlordModEditor.Common.csproj]
         /root/WorkSpace/CSharp/BannerlordModEditor/BannerlordModEditor.Common/Mappers/MPClassDivisionsMapper.cs(171,36): warning CS8603: 可能返回 null 引用。 [/root/WorkSpace/CSharp/BannerlordModEditor/BannerlordModEditor.Common/BannerlordModEditor.Common.csproj]
         /root/WorkSpace/CSharp/BannerlordModEditor/BannerlordModEditor.Common/Models/Data/BeforeTransparentsGraph.cs(103,23): warning CS8618: 在退出构造函数时，不可为 null 的 属性 "Index" 必须包含非 null 值。请考虑添加 "required" 修饰符或将该 属性 声明为可为 null。 [/root/WorkSpace/CSharp/BannerlordModEditor/BannerlordModEditor.Common/BannerlordModEditor.Common.csproj]
         /root/WorkSpace/CSharp/BannerlordModEditor/BannerlordModEditor.Common/Models/Data/BeforeTransparentsGraph.cs(106,23): warning CS8618: 在退出构造函数时，不可为 null 的 属性 "Type" 必须包含非 null 值。请考虑添加 "required" 修饰符或将该 属性 声明为可为 null。 [/root/WorkSpace/CSharp/BannerlordModEditor/BannerlordModEditor.Common/BannerlordModEditor.Common.csproj]
         /root/WorkSpace/CSharp/BannerlordModEditor/BannerlordModEditor.Common/Models/Data/BeforeTransparentsGraph.cs(109,23): warning CS8618: 在退出构造函数时，不可为 null 的 属性 "Name" 必须包含非 null 值。请考虑添加 "required" 修饰符或将该 属性 声明为可为 null。 [/root/WorkSpace/CSharp/BannerlordModEditor/BannerlordModEditor.Common/BannerlordModEditor.Common.csproj]
         /root/WorkSpace/CSharp/BannerlordModEditor/BannerlordModEditor.Common/Models/DO/MpCraftingPiecesDO.cs(19,23): warning CS8618: 在退出构造函数时，不可为 null 的 属性 "Id" 必须包含非 null 值。请考虑添加 "required" 修饰符或将该 属性 声明为可为 null。 [/root/WorkSpace/CSharp/BannerlordModEditor/BannerlordModEditor.Common/BannerlordModEditor.Common.csproj]
         /root/WorkSpace/CSharp/BannerlordModEditor/BannerlordModEditor.Common/Models/DO/MpCraftingPiecesDO.cs(22,23): warning CS8618: 在退出构造函数时，不可为 null 的 属性 "Name" 必须包含非 null 值。请考虑添加 "required" 修饰符或将该 属性 声明为可为 null。 [/root/WorkSpace/CSharp/BannerlordModEditor/BannerlordModEditor.Common/BannerlordModEditor.Common.csproj]
         /root/WorkSpace/CSharp/BannerlordModEditor/BannerlordModEditor.Common/Models/DO/MpCraftingPiecesDO.cs(25,23): warning CS8618: 在退出构造函数时，不可为 null 的 属性 "Tier" 必须包含非 null 值。请考虑添加 "required" 修饰符或将该 属性 声明为可为 null。 [/root/WorkSpace/CSharp/BannerlordModEditor/BannerlordModEditor.Common/BannerlordModEditor.Common.csproj]
         /root/WorkSpace/CSharp/BannerlordModEditor/BannerlordModEditor.Common/Models/DO/MpCraftingPiecesDO.cs(28,23): warning CS8618: 在退出构造函数时，不可为 null 的 属性 "PieceType" 必须包含非 null 值。请考虑添加 "required" 修饰符或将该 属性 声明为可为 null。 [/root/WorkSpace/CSharp/BannerlordModEditor/BannerlordModEditor.Common/BannerlordModEditor.Common.csproj]
         /root/WorkSpace/CSharp/BannerlordModEditor/BannerlordModEditor.Common/Models/DO/MpCraftingPiecesDO.cs(31,23): warning CS8618: 在退出构造函数时，不可为 null 的 属性 "Mesh" 必须包含非 null 值。请考虑添加 "required" 修饰符或将该 属性 声明为可为 null。 [/root/WorkSpace/CSharp/BannerlordModEditor/BannerlordModEditor.Common/BannerlordModEditor.Common.csproj]
         /root/WorkSpace/CSharp/BannerlordModEditor/BannerlordModEditor.Common/Models/DO/MpCraftingPiecesDO.cs(34,23): warning CS8618: 在退出构造函数时，不可为 null 的 属性 "DistanceToNextPiece" 必须包含非 null 值。请考虑添加 "required" 修饰符或将该 属性 声明为可为 null。 [/root/WorkSpace/CSharp/BannerlordModEditor/BannerlordModEditor.Common/BannerlordModEditor.Common.csproj]
         /root/WorkSpace/CSharp/BannerlordModEditor/BannerlordModEditor.Common/Models/DO/MpCraftingPiecesDO.cs(37,23): warning CS8618: 在退出构造函数时，不可为 null 的 属性 "DistanceToPreviousPiece" 必须包含非 null 值。请考虑添加 "required" 修饰符或将该 属性 声明为可为 null。 [/root/WorkSpace/CSharp/BannerlordModEditor/BannerlordModEditor.Common/BannerlordModEditor.Common.csproj]
         /root/WorkSpace/CSharp/BannerlordModEditor/BannerlordModEditor.Common/Models/DO/MpCraftingPiecesDO.cs(40,23): warning CS8618: 在退出构造函数时，不可为 null 的 属性 "Weight" 必须包含非 null 值。请考虑添加 "required" 修饰符或将该 属性 声明为可为 null。 [/root/WorkSpace/CSharp/BannerlordModEditor/BannerlordModEditor.Common/BannerlordModEditor.Common.csproj]
         /root/WorkSpace/CSharp/BannerlordModEditor/BannerlordModEditor.Common/Models/DO/MpCraftingPiecesDO.cs(43,23): warning CS8618: 在退出构造函数时，不可为 null 的 属性 "ExcludedItemUsageFeatures" 必须包含非 null 值。请考虑添加 "required" 修饰符或将该 属性 声明为可为 null。 [/root/WorkSpace/CSharp/BannerlordModEditor/BannerlordModEditor.Common/BannerlordModEditor.Common.csproj]
         /root/WorkSpace/CSharp/BannerlordModEditor/BannerlordModEditor.Common/Models/DO/MpCraftingPiecesDO.cs(46,23): warning CS8618: 在退出构造函数时，不可为 null 的 属性 "Length" 必须包含非 null 值。请考虑添加 "required" 修饰符或将该 属性 声明为可为 null。 [/root/WorkSpace/CSharp/BannerlordModEditor/BannerlordModEditor.Common/BannerlordModEditor.Common.csproj]
         /root/WorkSpace/CSharp/BannerlordModEditor/BannerlordModEditor.Common/Models/DO/MpCraftingPiecesDO.cs(49,23): warning CS8618: 在退出构造函数时，不可为 null 的 属性 "FullScale" 必须包含非 null 值。请考虑添加 "required" 修饰符或将该 属性 声明为可为 null。 [/root/WorkSpace/CSharp/BannerlordModEditor/BannerlordModEditor.Common/BannerlordModEditor.Common.csproj]
         /root/WorkSpace/CSharp/BannerlordModEditor/BannerlordModEditor.Common/Models/DO/MpCraftingPiecesDO.cs(52,23): warning CS8618: 在退出构造函数时，不可为 null 的 属性 "Culture" 必须包含非 null 值。请考虑添加 "required" 修饰符或将该 属性 声明为可为 null。 [/root/WorkSpace/CSharp/BannerlordModEditor/BannerlordModEditor.Common/BannerlordModEditor.Common.csproj]
         /root/WorkSpace/CSharp/BannerlordModEditor/BannerlordModEditor.Common/Models/DO/MpCraftingPiecesDO.cs(55,23): warning CS8618: 在退出构造函数时，不可为 null 的 属性 "Scale" 必须包含非 null 值。请考虑添加 "required" 修饰符或将该 属性 声明为可为 null。 [/root/WorkSpace/CSharp/BannerlordModEditor/BannerlordModEditor.Common/BannerlordModEditor.Common.csproj]
         /root/WorkSpace/CSharp/BannerlordModEditor/BannerlordModEditor.Common/Models/DO/MpCraftingPiecesDO.cs(58,23): warning CS8618: 在退出构造函数时，不可为 null 的 属性 "IsCraftable" 必须包含非 null 值。请考虑添加 "required" 修饰符或将该 属性 声明为可为 null。 [/root/WorkSpace/CSharp/BannerlordModEditor/BannerlordModEditor.Common/BannerlordModEditor.Common.csproj]
         /root/WorkSpace/CSharp/BannerlordModEditor/BannerlordModEditor.Common/Models/DO/MpCraftingPiecesDO.cs(61,23): warning CS8618: 在退出构造函数时，不可为 null 的 属性 "ItemHolsterPosShift" 必须包含非 null 值。请考虑添加 "required" 修饰符或将该 属性 声明为可为 null。 [/root/WorkSpace/CSharp/BannerlordModEditor/BannerlordModEditor.Common/BannerlordModEditor.Common.csproj]
         /root/WorkSpace/CSharp/BannerlordModEditor/BannerlordModEditor.Common/Models/DO/MpCraftingPiecesDO.cs(64,23): warning CS8618: 在退出构造函数时，不可为 null 的 属性 "CraftingCost" 必须包含非 null 值。请考虑添加 "required" 修饰符或将该 属性 声明为可为 null。 [/root/WorkSpace/CSharp/BannerlordModEditor/BannerlordModEditor.Common/BannerlordModEditor.Common.csproj]
         /root/WorkSpace/CSharp/BannerlordModEditor/BannerlordModEditor.Common/Models/DO/MpCraftingPiecesDO.cs(67,30): warning CS8618: 在退出构造函数时，不可为 null 的 属性 "BuildData" 必须包含非 null 值。请考虑添加 "required" 修饰符或将该 属性 声明为可为 null。 [/root/WorkSpace/CSharp/BannerlordModEditor/BannerlordModEditor.Common/BannerlordModEditor.Common.csproj]
         /root/WorkSpace/CSharp/BannerlordModEditor/BannerlordModEditor.Common/Models/DO/MpCraftingPiecesDO.cs(70,30): warning CS8618: 在退出构造函数时，不可为 null 的 属性 "BladeData" 必须包含非 null 值。请考虑添加 "required" 修饰符或将该 属性 声明为可为 null。 [/root/WorkSpace/CSharp/BannerlordModEditor/BannerlordModEditor.Common/BannerlordModEditor.Common.csproj]
         /root/WorkSpace/CSharp/BannerlordModEditor/BannerlordModEditor.Common/Models/DO/MpCraftingPiecesDO.cs(73,34): warning CS8618: 在退出构造函数时，不可为 null 的 属性 "Flags" 必须包含非 null 值。请考虑添加 "required" 修饰符或将该 属性 声明为可为 null。 [/root/WorkSpace/CSharp/BannerlordModEditor/BannerlordModEditor.Common/BannerlordModEditor.Common.csproj]
         /root/WorkSpace/CSharp/BannerlordModEditor/BannerlordModEditor.Common/Models/DO/MpCraftingPiecesDO.cs(76,38): warning CS8618: 在退出构造函数时，不可为 null 的 属性 "Materials" 必须包含非 null 值。请考虑添加 "required" 修饰符或将该 属性 声明为可为 null。 [/root/WorkSpace/CSharp/BannerlordModEditor/BannerlordModEditor.Common/BannerlordModEditor.Common.csproj]
         /root/WorkSpace/CSharp/BannerlordModEditor/BannerlordModEditor.Common/Models/Data/BeforeTransparentsGraph.cs(127,23): warning CS8618: 在退出构造函数时，不可为 null 的 属性 "Name" 必须包含非 null 值。请考虑添加 "required" 修饰符或将该 属性 声明为可为 null。 [/root/WorkSpace/CSharp/BannerlordModEditor/BannerlordModEditor.Common/BannerlordModEditor.Common.csproj]
         /root/WorkSpace/CSharp/BannerlordModEditor/BannerlordModEditor.Common/Models/Data/BeforeTransparentsGraph.cs(119,39): warning CS8618: 在退出构造函数时，不可为 null 的 属性 "Configs" 必须包含非 null 值。请考虑添加 "required" 修饰符或将该 属性 声明为可为 null。 [/root/WorkSpace/CSharp/BannerlordModEditor/BannerlordModEditor.Common/BannerlordModEditor.Common.csproj]
         /root/WorkSpace/CSharp/BannerlordModEditor/BannerlordModEditor.Common/Models/Data/AdjustablesDataModel.cs(19,23): warning CS8618: 在退出构造函数时，不可为 null 的 属性 "Name" 必须包含非 null 值。请考虑添加 "required" 修饰符或将该 属性 声明为可为 null。 [/root/WorkSpace/CSharp/BannerlordModEditor/BannerlordModEditor.Common/BannerlordModEditor.Common.csproj]
         /root/WorkSpace/CSharp/BannerlordModEditor/BannerlordModEditor.Common/Models/Data/AdjustablesDataModel.cs(22,23): warning CS8618: 在退出构造函数时，不可为 null 的 属性 "Value" 必须包含非 null 值。请考虑添加 "required" 修饰符或将该 属性 声明为可为 null。 [/root/WorkSpace/CSharp/BannerlordModEditor/BannerlordModEditor.Common/BannerlordModEditor.Common.csproj]
         /root/WorkSpace/CSharp/BannerlordModEditor/BannerlordModEditor.Common/Mappers/MpItemsMapper.cs(81,40): warning CS8603: 可能返回 null 引用。 [/root/WorkSpace/CSharp/BannerlordModEditor/BannerlordModEditor.Common/BannerlordModEditor.Common.csproj]
         /root/WorkSpace/CSharp/BannerlordModEditor/BannerlordModEditor.Common/Mappers/MPClassDivisionsMapper.cs(185,36): warning CS8603: 可能返回 null 引用。 [/root/WorkSpace/CSharp/BannerlordModEditor/BannerlordModEditor.Common/BannerlordModEditor.Common.csproj]
         /root/WorkSpace/CSharp/BannerlordModEditor/BannerlordModEditor.Common/Models/Data/BeforeTransparentsGraph.cs(43,23): warning CS8618: 在退出构造函数时，不可为 null 的 属性 "Id" 必须包含非 null 值。请考虑添加 "required" 修饰符或将该 属性 声明为可为 null。 [/root/WorkSpace/CSharp/BannerlordModEditor/BannerlordModEditor.Common/BannerlordModEditor.Common.csproj]
         /root/WorkSpace/CSharp/BannerlordModEditor/BannerlordModEditor.Common/Models/Data/BeforeTransparentsGraph.cs(46,23): warning CS8618: 在退出构造函数时，不可为 null 的 属性 "Class" 必须包含非 null 值。请考虑添加 "required" 修饰符或将该 属性 声明为可为 null。 [/root/WorkSpace/CSharp/BannerlordModEditor/BannerlordModEditor.Common/BannerlordModEditor.Common.csproj]
         /root/WorkSpace/CSharp/BannerlordModEditor/BannerlordModEditor.Common/Models/Data/BeforeTransparentsGraph.cs(49,23): warning CS8618: 在退出构造函数时，不可为 null 的 属性 "Shader" 必须包含非 null 值。请考虑添加 "required" 修饰符或将该 属性 声明为可为 null。 [/root/WorkSpace/CSharp/BannerlordModEditor/BannerlordModEditor.Common/BannerlordModEditor.Common.csproj]
         /root/WorkSpace/CSharp/BannerlordModEditor/BannerlordModEditor.Common/Models/Data/BeforeTransparentsGraph.cs(52,23): warning CS8618: 在退出构造函数时，不可为 null 的 属性 "Format" 必须包含非 null 值。请考虑添加 "required" 修饰符或将该 属性 声明为可为 null。 [/root/WorkSpace/CSharp/BannerlordModEditor/BannerlordModEditor.Common/BannerlordModEditor.Common.csproj]
         /root/WorkSpace/CSharp/BannerlordModEditor/BannerlordModEditor.Common/Models/Data/BeforeTransparentsGraph.cs(55,23): warning CS8618: 在退出构造函数时，不可为 null 的 属性 "Size" 必须包含非 null 值。请考虑添加 "required" 修饰符或将该 属性 声明为可为 null。 [/root/WorkSpace/CSharp/BannerlordModEditor/BannerlordModEditor.Common/BannerlordModEditor.Common.csproj]
         /root/WorkSpace/CSharp/BannerlordModEditor/BannerlordModEditor.Common/Models/Data/BeforeTransparentsGraph.cs(58,23): warning CS8618: 在退出构造函数时，不可为 null 的 属性 "Width" 必须包含非 null 值。请考虑添加 "required" 修饰符或将该 属性 声明为可为 null。 [/root/WorkSpace/CSharp/BannerlordModEditor/BannerlordModEditor.Common/BannerlordModEditor.Common.csproj]
         /root/WorkSpace/CSharp/BannerlordModEditor/BannerlordModEditor.Common/Models/Data/BeforeTransparentsGraph.cs(61,23): warning CS8618: 在退出构造函数时，不可为 null 的 属性 "Height" 必须包含非 null 值。请考虑添加 "required" 修饰符或将该 属性 声明为可为 null。 [/root/WorkSpace/CSharp/BannerlordModEditor/BannerlordModEditor.Common/BannerlordModEditor.Common.csproj]
         /root/WorkSpace/CSharp/BannerlordModEditor/BannerlordModEditor.Common/Models/Data/BeforeTransparentsGraph.cs(64,39): warning CS8618: 在退出构造函数时，不可为 null 的 属性 "Outputs" 必须包含非 null 值。请考虑添加 "required" 修饰符或将该 属性 声明为可为 null。 [/root/WorkSpace/CSharp/BannerlordModEditor/BannerlordModEditor.Common/BannerlordModEditor.Common.csproj]
         /root/WorkSpace/CSharp/BannerlordModEditor/BannerlordModEditor.Common/Models/Data/BeforeTransparentsGraph.cs(67,38): warning CS8618: 在退出构造函数时，不可为 null 的 属性 "Inputs" 必须包含非 null 值。请考虑添加 "required" 修饰符或将该 属性 声明为可为 null。 [/root/WorkSpace/CSharp/BannerlordModEditor/BannerlordModEditor.Common/BannerlordModEditor.Common.csproj]
         /root/WorkSpace/CSharp/BannerlordModEditor/BannerlordModEditor.Common/Models/Data/BeforeTransparentsGraph.cs(70,40): warning CS8618: 在退出构造函数时，不可为 null 的 属性 "Preconditions" 必须包含非 null 值。请考虑添加 "required" 修饰符或将该 属性 声明为可为 null。 [/root/WorkSpace/CSharp/BannerlordModEditor/BannerlordModEditor.Common/BannerlordModEditor.Common.csproj]
         /root/WorkSpace/CSharp/BannerlordModEditor/BannerlordModEditor.Common/Models/Data/ClothBodiesModel.cs(71,23): warning CS8618: 在退出构造函数时，不可为 null 的 属性 "Radius" 必须包含非 null 值。请考虑添加 "required" 修饰符或将该 属性 声明为可为 null。 [/root/WorkSpace/CSharp/BannerlordModEditor/BannerlordModEditor.Common/BannerlordModEditor.Common.csproj]
         /root/WorkSpace/CSharp/BannerlordModEditor/BannerlordModEditor.Common/Models/Data/ClothBodiesModel.cs(74,27): warning CS8618: 在退出构造函数时，不可为 null 的 属性 "Bones" 必须包含非 null 值。请考虑添加 "required" 修饰符或将该 属性 声明为可为 null。 [/root/WorkSpace/CSharp/BannerlordModEditor/BannerlordModEditor.Common/BannerlordModEditor.Common.csproj]
         /root/WorkSpace/CSharp/BannerlordModEditor/BannerlordModEditor.Common/Models/Data/ClothBodiesModel.cs(90,23): warning CS8618: 在退出构造函数时，不可为 null 的 属性 "Name" 必须包含非 null 值。请考虑添加 "required" 修饰符或将该 属性 声明为可为 null。 [/root/WorkSpace/CSharp/BannerlordModEditor/BannerlordModEditor.Common/BannerlordModEditor.Common.csproj]
         /root/WorkSpace/CSharp/BannerlordModEditor/BannerlordModEditor.Common/Models/Data/ClothBodiesModel.cs(93,23): warning CS8618: 在退出构造函数时，不可为 null 的 属性 "Weight" 必须包含非 null 值。请考虑添加 "required" 修饰符或将该 属性 声明为可为 null。 [/root/WorkSpace/CSharp/BannerlordModEditor/BannerlordModEditor.Common/BannerlordModEditor.Common.csproj]
         /root/WorkSpace/CSharp/BannerlordModEditor/BannerlordModEditor.Common/Models/Data/ClothBodiesModel.cs(19,23): warning CS8618: 在退出构造函数时，不可为 null 的 属性 "Name" 必须包含非 null 值。请考虑添加 "required" 修饰符或将该 属性 声明为可为 null。 [/root/WorkSpace/CSharp/BannerlordModEditor/BannerlordModEditor.Common/BannerlordModEditor.Common.csproj]
         /root/WorkSpace/CSharp/BannerlordModEditor/BannerlordModEditor.Common/Models/Data/ClothBodiesModel.cs(22,23): warning CS8618: 在退出构造函数时，不可为 null 的 属性 "OwnerSkeleton" 必须包含非 null 值。请考虑添加 "required" 修饰符或将该 属性 声明为可为 null。 [/root/WorkSpace/CSharp/BannerlordModEditor/BannerlordModEditor.Common/BannerlordModEditor.Common.csproj]
         /root/WorkSpace/CSharp/BannerlordModEditor/BannerlordModEditor.Common/Models/Data/ClothBodiesModel.cs(27,30): warning CS8618: 在退出构造函数时，不可为 null 的 属性 "Capsules" 必须包含非 null 值。请考虑添加 "required" 修饰符或将该 属性 声明为可为 null。 [/root/WorkSpace/CSharp/BannerlordModEditor/BannerlordModEditor.Common/BannerlordModEditor.Common.csproj]
         /root/WorkSpace/CSharp/BannerlordModEditor/BannerlordModEditor.Common/Mappers/MpItemsMapper.cs(91,40): warning CS8603: 可能返回 null 引用。 [/root/WorkSpace/CSharp/BannerlordModEditor/BannerlordModEditor.Common/BannerlordModEditor.Common.csproj]
         /root/WorkSpace/CSharp/BannerlordModEditor/BannerlordModEditor.Common/Models/Data/ClothMaterials.cs(11,31): warning CS8618: 在退出构造函数时，不可为 null 的 属性 "Materials" 必须包含非 null 值。请考虑添加 "required" 修饰符或将该 属性 声明为可为 null。 [/root/WorkSpace/CSharp/BannerlordModEditor/BannerlordModEditor.Common/BannerlordModEditor.Common.csproj]
         /root/WorkSpace/CSharp/BannerlordModEditor/BannerlordModEditor.Common/Models/Data/ClothMaterials.cs(19,36): warning CS8618: 在退出构造函数时，不可为 null 的 属性 "MaterialList" 必须包含非 null 值。请考虑添加 "required" 修饰符或将该 属性 声明为可为 null。 [/root/WorkSpace/CSharp/BannerlordModEditor/BannerlordModEditor.Common/BannerlordModEditor.Common.csproj]
         /root/WorkSpace/CSharp/BannerlordModEditor/BannerlordModEditor.Common/Models/Data/ClothMaterials.cs(27,23): warning CS8618: 在退出构造函数时，不可为 null 的 属性 "Name" 必须包含非 null 值。请考虑添加 "required" 修饰符或将该 属性 声明为可为 null。 [/root/WorkSpace/CSharp/BannerlordModEditor/BannerlordModEditor.Common/BannerlordModEditor.Common.csproj]
         /root/WorkSpace/CSharp/BannerlordModEditor/BannerlordModEditor.Common/Models/Data/ClothMaterials.cs(30,40): warning CS8618: 在退出构造函数时，不可为 null 的 属性 "Simulation" 必须包含非 null 值。请考虑添加 "required" 修饰符或将该 属性 声明为可为 null。 [/root/WorkSpace/CSharp/BannerlordModEditor/BannerlordModEditor.Common/BannerlordModEditor.Common.csproj]
         /root/WorkSpace/CSharp/BannerlordModEditor/BannerlordModEditor.Common/Models/Data/CollisionInfosModel.cs(23,40): warning CS8618: 在退出构造函数时，不可为 null 的 属性 "Materials" 必须包含非 null 值。请考虑添加 "required" 修饰符或将该 属性 声明为可为 null。 [/root/WorkSpace/CSharp/BannerlordModEditor/BannerlordModEditor.Common/BannerlordModEditor.Common.csproj]
         /root/WorkSpace/CSharp/BannerlordModEditor/BannerlordModEditor.Common/Models/Data/CollisionInfosModel.cs(43,23): warning CS8618: 在退出构造函数时，不可为 null 的 属性 "SecondMaterial" 必须包含非 null 值。请考虑添加 "required" 修饰符或将该 属性 声明为可为 null。 [/root/WorkSpace/CSharp/BannerlordModEditor/BannerlordModEditor.Common/BannerlordModEditor.Common.csproj]
         /root/WorkSpace/CSharp/BannerlordModEditor/BannerlordModEditor.Common/Models/Data/CollisionInfosModel.cs(46,32): warning CS8618: 在退出构造函数时，不可为 null 的 属性 "CollisionEffect" 必须包含非 null 值。请考虑添加 "required" 修饰符或将该 属性 声明为可为 null。 [/root/WorkSpace/CSharp/BannerlordModEditor/BannerlordModEditor.Common/BannerlordModEditor.Common.csproj]
         /root/WorkSpace/CSharp/BannerlordModEditor/BannerlordModEditor.Common/Models/Data/CollisionInfosModel.cs(55,23): warning CS8618: 在退出构造函数时，不可为 null 的 属性 "Particle" 必须包含非 null 值。请考虑添加 "required" 修饰符或将该 属性 声明为可为 null。 [/root/WorkSpace/CSharp/BannerlordModEditor/BannerlordModEditor.Common/BannerlordModEditor.Common.csproj]
         /root/WorkSpace/CSharp/BannerlordModEditor/BannerlordModEditor.Common/Models/Data/CollisionInfosModel.cs(58,23): warning CS8618: 在退出构造函数时，不可为 null 的 属性 "Decal" 必须包含非 null 值。请考虑添加 "required" 修饰符或将该 属性 声明为可为 null。 [/root/WorkSpace/CSharp/BannerlordModEditor/BannerlordModEditor.Common/BannerlordModEditor.Common.csproj]
         /root/WorkSpace/CSharp/BannerlordModEditor/BannerlordModEditor.Common/Models/Data/CollisionInfosModel.cs(11,23): warning CS8618: 在退出构造函数时，不可为 null 的 属性 "Type" 必须包含非 null 值。请考虑添加 "required" 修饰符或将该 属性 声明为可为 null。 [/root/WorkSpace/CSharp/BannerlordModEditor/BannerlordModEditor.Common/BannerlordModEditor.Common.csproj]
         /root/WorkSpace/CSharp/BannerlordModEditor/BannerlordModEditor.Common/Models/Data/CollisionInfosModel.cs(14,31): warning CS8618: 在退出构造函数时，不可为 null 的 属性 "CollisionInfos" 必须包含非 null 值。请考虑添加 "required" 修饰符或将该 属性 声明为可为 null。 [/root/WorkSpace/CSharp/BannerlordModEditor/BannerlordModEditor.Common/BannerlordModEditor.Common.csproj]
         /root/WorkSpace/CSharp/BannerlordModEditor/BannerlordModEditor.Common/Mappers/MPClassDivisionsMapper.cs(199,36): warning CS8603: 可能返回 null 引用。 [/root/WorkSpace/CSharp/BannerlordModEditor/BannerlordModEditor.Common/BannerlordModEditor.Common.csproj]
         /root/WorkSpace/CSharp/BannerlordModEditor/BannerlordModEditor.Common/Models/Data/CollisionInfosModel.cs(31,23): warning CS8618: 在退出构造函数时，不可为 null 的 属性 "Id" 必须包含非 null 值。请考虑添加 "required" 修饰符或将该 属性 声明为可为 null。 [/root/WorkSpace/CSharp/BannerlordModEditor/BannerlordModEditor.Common/BannerlordModEditor.Common.csproj]
         /root/WorkSpace/CSharp/BannerlordModEditor/BannerlordModEditor.Common/Models/Data/CollisionInfosModel.cs(34,36): warning CS8618: 在退出构造函数时，不可为 null 的 属性 "CollisionInfos" 必须包含非 null 值。请考虑添加 "required" 修饰符或将该 属性 声明为可为 null。 [/root/WorkSpace/CSharp/BannerlordModEditor/BannerlordModEditor.Common/BannerlordModEditor.Common.csproj]
         /root/WorkSpace/CSharp/BannerlordModEditor/BannerlordModEditor.Common/Models/Data/CombatParameters.cs(11,23): warning CS8618: 在退出构造函数时，不可为 null 的 属性 "Type" 必须包含非 null 值。请考虑添加 "required" 修饰符或将该 属性 声明为可为 null。 [/root/WorkSpace/CSharp/BannerlordModEditor/BannerlordModEditor.Common/BannerlordModEditor.Common.csproj]
         /root/WorkSpace/CSharp/BannerlordModEditor/BannerlordModEditor.Common/Models/Data/CombatParameters.cs(14,28): warning CS8618: 在退出构造函数时，不可为 null 的 属性 "Definitions" 必须包含非 null 值。请考虑添加 "required" 修饰符或将该 属性 声明为可为 null。 [/root/WorkSpace/CSharp/BannerlordModEditor/BannerlordModEditor.Common/BannerlordModEditor.Common.csproj]
         /root/WorkSpace/CSharp/BannerlordModEditor/BannerlordModEditor.Common/Models/Data/CombatParameters.cs(18,42): warning CS8618: 在退出构造函数时，不可为 null 的 属性 "CombatParametersList" 必须包含非 null 值。请考虑添加 "required" 修饰符或将该 属性 声明为可为 null。 [/root/WorkSpace/CSharp/BannerlordModEditor/BannerlordModEditor.Common/BannerlordModEditor.Common.csproj]
         /root/WorkSpace/CSharp/BannerlordModEditor/BannerlordModEditor.Common/Mappers/MPClassDivisionsMapper.cs(213,36): warning CS8603: 可能返回 null 引用。 [/root/WorkSpace/CSharp/BannerlordModEditor/BannerlordModEditor.Common/BannerlordModEditor.Common.csproj]
         /root/WorkSpace/CSharp/BannerlordModEditor/BannerlordModEditor.Common/Models/Data/CombatParameters.cs(27,26): warning CS8618: 在退出构造函数时，不可为 null 的 属性 "Defs" 必须包含非 null 值。请考虑添加 "required" 修饰符或将该 属性 声明为可为 null。 [/root/WorkSpace/CSharp/BannerlordModEditor/BannerlordModEditor.Common/BannerlordModEditor.Common.csproj]
         /root/WorkSpace/CSharp/BannerlordModEditor/BannerlordModEditor.Common/Models/Data/CombatParameters.cs(34,23): warning CS8618: 在退出构造函数时，不可为 null 的 属性 "Name" 必须包含非 null 值。请考虑添加 "required" 修饰符或将该 属性 声明为可为 null。 [/root/WorkSpace/CSharp/BannerlordModEditor/BannerlordModEditor.Common/BannerlordModEditor.Common.csproj]
         /root/WorkSpace/CSharp/BannerlordModEditor/BannerlordModEditor.Common/Models/Data/CombatParameters.cs(37,23): warning CS8618: 在退出构造函数时，不可为 null 的 属性 "Value" 必须包含非 null 值。请考虑添加 "required" 修饰符或将该 属性 声明为可为 null。 [/root/WorkSpace/CSharp/BannerlordModEditor/BannerlordModEditor.Common/BannerlordModEditor.Common.csproj]
         /root/WorkSpace/CSharp/BannerlordModEditor/BannerlordModEditor.Common/Models/Data/CombatParameters.cs(133,23): warning CS8618: 在退出构造函数时，不可为 null 的 属性 "P1" 必须包含非 null 值。请考虑添加 "required" 修饰符或将该 属性 声明为可为 null。 [/root/WorkSpace/CSharp/BannerlordModEditor/BannerlordModEditor.Common/BannerlordModEditor.Common.csproj]
         /root/WorkSpace/CSharp/BannerlordModEditor/BannerlordModEditor.Common/Models/Data/CombatParameters.cs(136,23): warning CS8618: 在退出构造函数时，不可为 null 的 属性 "P2" 必须包含非 null 值。请考虑添加 "required" 修饰符或将该 属性 声明为可为 null。 [/root/WorkSpace/CSharp/BannerlordModEditor/BannerlordModEditor.Common/BannerlordModEditor.Common.csproj]
         /root/WorkSpace/CSharp/BannerlordModEditor/BannerlordModEditor.Common/Models/Data/CombatParameters.cs(139,23): warning CS8618: 在退出构造函数时，不可为 null 的 属性 "R" 必须包含非 null 值。请考虑添加 "required" 修饰符或将该 属性 声明为可为 null。 [/root/WorkSpace/CSharp/BannerlordModEditor/BannerlordModEditor.Common/BannerlordModEditor.Common.csproj]
         /root/WorkSpace/CSharp/BannerlordModEditor/BannerlordModEditor.Common/Mappers/MpItemsMapper.cs(103,40): warning CS8603: 可能返回 null 引用。 [/root/WorkSpace/CSharp/BannerlordModEditor/BannerlordModEditor.Common/BannerlordModEditor.Common.csproj]
         /root/WorkSpace/CSharp/BannerlordModEditor/BannerlordModEditor.Common/Models/Data/CombatParametersModel.cs(27,32): warning CS8618: 在退出构造函数时，不可为 null 的 属性 "Defs" 必须包含非 null 值。请考虑添加 "required" 修饰符或将该 属性 声明为可为 null。 [/root/WorkSpace/CSharp/BannerlordModEditor/BannerlordModEditor.Common/BannerlordModEditor.Common.csproj]
         /root/WorkSpace/CSharp/BannerlordModEditor/BannerlordModEditor.Common/Mappers/MPClassDivisionsMapper.cs(224,36): warning CS8603: 可能返回 null 引用。 [/root/WorkSpace/CSharp/BannerlordModEditor/BannerlordModEditor.Common/BannerlordModEditor.Common.csproj]
         /root/WorkSpace/CSharp/BannerlordModEditor/BannerlordModEditor.Common/Models/Data/CombatParametersModel.cs(47,43): warning CS8618: 在退出构造函数时，不可为 null 的 属性 "Parameters" 必须包含非 null 值。请考虑添加 "required" 修饰符或将该 属性 声明为可为 null。 [/root/WorkSpace/CSharp/BannerlordModEditor/BannerlordModEditor.Common/BannerlordModEditor.Common.csproj]
         /root/WorkSpace/CSharp/BannerlordModEditor/BannerlordModEditor.Common/Models/Data/CombatParametersModel.cs(11,23): warning CS8618: 在退出构造函数时，不可为 null 的 属性 "Type" 必须包含非 null 值。请考虑添加 "required" 修饰符或将该 属性 声明为可为 null。 [/root/WorkSpace/CSharp/BannerlordModEditor/BannerlordModEditor.Common/BannerlordModEditor.Common.csproj]
         /root/WorkSpace/CSharp/BannerlordModEditor/BannerlordModEditor.Common/Models/Data/CombatParametersModel.cs(14,34): warning CS8618: 在退出构造函数时，不可为 null 的 属性 "Definitions" 必须包含非 null 值。请考虑添加 "required" 修饰符或将该 属性 声明为可为 null。 [/root/WorkSpace/CSharp/BannerlordModEditor/BannerlordModEditor.Common/BannerlordModEditor.Common.csproj]
         /root/WorkSpace/CSharp/BannerlordModEditor/BannerlordModEditor.Common/Models/Data/CombatParametersModel.cs(17,42): warning CS8618: 在退出构造函数时，不可为 null 的 属性 "CombatParameters" 必须包含非 null 值。请考虑添加 "required" 修饰符或将该 属性 声明为可为 null。 [/root/WorkSpace/CSharp/BannerlordModEditor/BannerlordModEditor.Common/BannerlordModEditor.Common.csproj]
         /root/WorkSpace/CSharp/BannerlordModEditor/BannerlordModEditor.Common/Models/Data/CombatParametersModel.cs(35,23): warning CS8618: 在退出构造函数时，不可为 null 的 属性 "Name" 必须包含非 null 值。请考虑添加 "required" 修饰符或将该 属性 声明为可为 null。 [/root/WorkSpace/CSharp/BannerlordModEditor/BannerlordModEditor.Common/BannerlordModEditor.Common.csproj]
         /root/WorkSpace/CSharp/BannerlordModEditor/BannerlordModEditor.Common/Models/Data/CombatParametersModel.cs(38,23): warning CS8618: 在退出构造函数时，不可为 null 的 属性 "Value" 必须包含非 null 值。请考虑添加 "required" 修饰符或将该 属性 声明为可为 null。 [/root/WorkSpace/CSharp/BannerlordModEditor/BannerlordModEditor.Common/BannerlordModEditor.Common.csproj]
         /root/WorkSpace/CSharp/BannerlordModEditor/BannerlordModEditor.Common/Models/Data/CombatParametersModel.cs(147,23): warning CS8618: 在退出构造函数时，不可为 null 的 属性 "P1" 必须包含非 null 值。请考虑添加 "required" 修饰符或将该 属性 声明为可为 null。 [/root/WorkSpace/CSharp/BannerlordModEditor/BannerlordModEditor.Common/BannerlordModEditor.Common.csproj]
         /root/WorkSpace/CSharp/BannerlordModEditor/BannerlordModEditor.Common/Models/Data/CombatParametersModel.cs(150,23): warning CS8618: 在退出构造函数时，不可为 null 的 属性 "P2" 必须包含非 null 值。请考虑添加 "required" 修饰符或将该 属性 声明为可为 null。 [/root/WorkSpace/CSharp/BannerlordModEditor/BannerlordModEditor.Common/BannerlordModEditor.Common.csproj]
         /root/WorkSpace/CSharp/BannerlordModEditor/BannerlordModEditor.Common/Models/Data/CombatParametersModel.cs(153,23): warning CS8618: 在退出构造函数时，不可为 null 的 属性 "R" 必须包含非 null 值。请考虑添加 "required" 修饰符或将该 属性 声明为可为 null。 [/root/WorkSpace/CSharp/BannerlordModEditor/BannerlordModEditor.Common/BannerlordModEditor.Common.csproj]
         /root/WorkSpace/CSharp/BannerlordModEditor/BannerlordModEditor.Common/Models/Data/ClothBodiesModel.cs(43,23): warning CS8618: 在退出构造函数时，不可为 null 的 属性 "Name" 必须包含非 null 值。请考虑添加 "required" 修饰符或将该 属性 声明为可为 null。 [/root/WorkSpace/CSharp/BannerlordModEditor/BannerlordModEditor.Common/BannerlordModEditor.Common.csproj]
         /root/WorkSpace/CSharp/BannerlordModEditor/BannerlordModEditor.Common/Models/Data/ClothBodiesModel.cs(46,23): warning CS8618: 在退出构造函数时，不可为 null 的 属性 "Length" 必须包含非 null 值。请考虑添加 "required" 修饰符或将该 属性 声明为可为 null。 [/root/WorkSpace/CSharp/BannerlordModEditor/BannerlordModEditor.Common/BannerlordModEditor.Common.csproj]
         /root/WorkSpace/CSharp/BannerlordModEditor/BannerlordModEditor.Common/Models/Data/ClothBodiesModel.cs(49,23): warning CS8618: 在退出构造函数时，不可为 null 的 属性 "Origin" 必须包含非 null 值。请考虑添加 "required" 修饰符或将该 属性 声明为可为 null。 [/root/WorkSpace/CSharp/BannerlordModEditor/BannerlordModEditor.Common/BannerlordModEditor.Common.csproj]
         /root/WorkSpace/CSharp/BannerlordModEditor/BannerlordModEditor.Common/Models/Data/ClothBodiesModel.cs(52,23): warning CS8618: 在退出构造函数时，不可为 null 的 属性 "Frame" 必须包含非 null 值。请考虑添加 "required" 修饰符或将该 属性 声明为可为 null。 [/root/WorkSpace/CSharp/BannerlordModEditor/BannerlordModEditor.Common/BannerlordModEditor.Common.csproj]
         /root/WorkSpace/CSharp/BannerlordModEditor/BannerlordModEditor.Common/Models/Data/ClothBodiesModel.cs(55,28): warning CS8618: 在退出构造函数时，不可为 null 的 属性 "Points" 必须包含非 null 值。请考虑添加 "required" 修饰符或将该 属性 声明为可为 null。 [/root/WorkSpace/CSharp/BannerlordModEditor/BannerlordModEditor.Common/BannerlordModEditor.Common.csproj]
         /root/WorkSpace/CSharp/BannerlordModEditor/BannerlordModEditor.Common/Mappers/MPClassDivisionsMapper.cs(235,36): warning CS8603: 可能返回 null 引用。 [/root/WorkSpace/CSharp/BannerlordModEditor/BannerlordModEditor.Common/BannerlordModEditor.Common.csproj]
         /root/WorkSpace/CSharp/BannerlordModEditor/BannerlordModEditor.Common/Mappers/MpItemsMapper.cs(120,40): warning CS8603: 可能返回 null 引用。 [/root/WorkSpace/CSharp/BannerlordModEditor/BannerlordModEditor.Common/BannerlordModEditor.Common.csproj]
         /root/WorkSpace/CSharp/BannerlordModEditor/BannerlordModEditor.Common/Models/Data/CraftingPieces.cs(154,23): warning CS8618: 在退出构造函数时，不可为 null 的 属性 "Id" 必须包含非 null 值。请考虑添加 "required" 修饰符或将该 属性 声明为可为 null。 [/root/WorkSpace/CSharp/BannerlordModEditor/BannerlordModEditor.Common/BannerlordModEditor.Common.csproj]
         /root/WorkSpace/CSharp/BannerlordModEditor/BannerlordModEditor.Common/Models/Data/CraftingPieces.cs(157,23): warning CS8618: 在退出构造函数时，不可为 null 的 属性 "Count" 必须包含非 null 值。请考虑添加 "required" 修饰符或将该 属性 声明为可为 null。 [/root/WorkSpace/CSharp/BannerlordModEditor/BannerlordModEditor.Common/BannerlordModEditor.Common.csproj]
         /root/WorkSpace/CSharp/BannerlordModEditor/BannerlordModEditor.Common/Models/Data/CraftingPieces.cs(161,23): warning CS8618: 在退出构造函数时，不可为 null 的 属性 "MaterialType" 必须包含非 null 值。请考虑添加 "required" 修饰符或将该 属性 声明为可为 null。 [/root/WorkSpace/CSharp/BannerlordModEditor/BannerlordModEditor.Common/BannerlordModEditor.Common.csproj]
         /root/WorkSpace/CSharp/BannerlordModEditor/BannerlordModEditor.Common/Models/Data/CraftingPieces.cs(176,23): warning CS8618: 在退出构造函数时，不可为 null 的 属性 "Attribute" 必须包含非 null 值。请考虑添加 "required" 修饰符或将该 属性 声明为可为 null。 [/root/WorkSpace/CSharp/BannerlordModEditor/BannerlordModEditor.Common/BannerlordModEditor.Common.csproj]
         /root/WorkSpace/CSharp/BannerlordModEditor/BannerlordModEditor.Common/Models/Data/CraftingPieces.cs(179,23): warning CS8618: 在退出构造函数时，不可为 null 的 属性 "Operation" 必须包含非 null 值。请考虑添加 "required" 修饰符或将该 属性 声明为可为 null。 [/root/WorkSpace/CSharp/BannerlordModEditor/BannerlordModEditor.Common/BannerlordModEditor.Common.csproj]
         /root/WorkSpace/CSharp/BannerlordModEditor/BannerlordModEditor.Common/Models/Data/CraftingPieces.cs(182,23): warning CS8618: 在退出构造函数时，不可为 null 的 属性 "Value" 必须包含非 null 值。请考虑添加 "required" 修饰符或将该 属性 声明为可为 null。 [/root/WorkSpace/CSharp/BannerlordModEditor/BannerlordModEditor.Common/BannerlordModEditor.Common.csproj]
         /root/WorkSpace/CSharp/BannerlordModEditor/BannerlordModEditor.Common/Models/Data/CraftingPieces.cs(185,23): warning CS8618: 在退出构造函数时，不可为 null 的 属性 "Condition" 必须包含非 null 值。请考虑添加 "required" 修饰符或将该 属性 声明为可为 null。 [/root/WorkSpace/CSharp/BannerlordModEditor/BannerlordModEditor.Common/BannerlordModEditor.Common.csproj]
         /root/WorkSpace/CSharp/BannerlordModEditor/BannerlordModEditor.Common/Models/Data/CraftingPieces.cs(217,23): warning CS8618: 在退出构造函数时，不可为 null 的 属性 "Type" 必须包含非 null 值。请考虑添加 "required" 修饰符或将该 属性 声明为可为 null。 [/root/WorkSpace/CSharp/BannerlordModEditor/BannerlordModEditor.Common/BannerlordModEditor.Common.csproj]
         /root/WorkSpace/CSharp/BannerlordModEditor/BannerlordModEditor.Common/Models/Data/CraftingPieces.cs(220,23): warning CS8618: 在退出构造函数时，不可为 null 的 属性 "Id" 必须包含非 null 值。请考虑添加 "required" 修饰符或将该 属性 声明为可为 null。 [/root/WorkSpace/CSharp/BannerlordModEditor/BannerlordModEditor.Common/BannerlordModEditor.Common.csproj]
         /root/WorkSpace/CSharp/BannerlordModEditor/BannerlordModEditor.Common/Models/Data/CraftingPieces.cs(223,23): warning CS8618: 在退出构造函数时，不可为 null 的 属性 "Level" 必须包含非 null 值。请考虑添加 "required" 修饰符或将该 属性 声明为可为 null。 [/root/WorkSpace/CSharp/BannerlordModEditor/BannerlordModEditor.Common/BannerlordModEditor.Common.csproj]
         /root/WorkSpace/CSharp/BannerlordModEditor/BannerlordModEditor.Common/Mappers/MPClassDivisionsMapper.cs(247,36): warning CS8603: 可能返回 null 引用。 [/root/WorkSpace/CSharp/BannerlordModEditor/BannerlordModEditor.Common/BannerlordModEditor.Common.csproj]
         /root/WorkSpace/CSharp/BannerlordModEditor/BannerlordModEditor.Common/Models/Data/CraftingTemplates.cs(11,39): warning CS8618: 在退出构造函数时，不可为 null 的 属性 "CraftingTemplateList" 必须包含非 null 值。请考虑添加 "required" 修饰符或将该 属性 声明为可为 null。 [/root/WorkSpace/CSharp/BannerlordModEditor/BannerlordModEditor.Common/BannerlordModEditor.Common.csproj]
         /root/WorkSpace/CSharp/BannerlordModEditor/BannerlordModEditor.Common/Mappers/MpItemsMapper.cs(149,40): warning CS8603: 可能返回 null 引用。 [/root/WorkSpace/CSharp/BannerlordModEditor/BannerlordModEditor.Common/BannerlordModEditor.Common.csproj]
         /root/WorkSpace/CSharp/BannerlordModEditor/BannerlordModEditor.Common/Mappers/MpItemsMapper.cs(182,37): warning CS8604: “WeaponFlagsDTO MpItemsMapper.ToDTO(WeaponFlagsDO source)”中的形参“source”可能传入 null 引用实参。 [/root/WorkSpace/CSharp/BannerlordModEditor/BannerlordModEditor.Common/BannerlordModEditor.Common.csproj]
         /root/WorkSpace/CSharp/BannerlordModEditor/BannerlordModEditor.Common/Mappers/MPClassDivisionsMapper.cs(259,36): warning CS8603: 可能返回 null 引用。 [/root/WorkSpace/CSharp/BannerlordModEditor/BannerlordModEditor.Common/BannerlordModEditor.Common.csproj]
         /root/WorkSpace/CSharp/BannerlordModEditor/BannerlordModEditor.Common/Models/Data/CraftingPieces.cs(28,23): warning CS8618: 在退出构造函数时，不可为 null 的 属性 "Id" 必须包含非 null 值。请考虑添加 "required" 修饰符或将该 属性 声明为可为 null。 [/root/WorkSpace/CSharp/BannerlordModEditor/BannerlordModEditor.Common/BannerlordModEditor.Common.csproj]
         /root/WorkSpace/CSharp/BannerlordModEditor/BannerlordModEditor.Common/Models/Data/CraftingPieces.cs(31,23): warning CS8618: 在退出构造函数时，不可为 null 的 属性 "Name" 必须包含非 null 值。请考虑添加 "required" 修饰符或将该 属性 声明为可为 null。 [/root/WorkSpace/CSharp/BannerlordModEditor/BannerlordModEditor.Common/BannerlordModEditor.Common.csproj]
         /root/WorkSpace/CSharp/BannerlordModEditor/BannerlordModEditor.Common/Models/Data/CraftingPieces.cs(34,23): warning CS8618: 在退出构造函数时，不可为 null 的 属性 "PieceType" 必须包含非 null 值。请考虑添加 "required" 修饰符或将该 属性 声明为可为 null。 [/root/WorkSpace/CSharp/BannerlordModEditor/BannerlordModEditor.Common/BannerlordModEditor.Common.csproj]
         /root/WorkSpace/CSharp/BannerlordModEditor/BannerlordModEditor.Common/Models/Data/CraftingPieces.cs(37,23): warning CS8618: 在退出构造函数时，不可为 null 的 属性 "Tier" 必须包含非 null 值。请考虑添加 "required" 修饰符或将该 属性 声明为可为 null。 [/root/WorkSpace/CSharp/BannerlordModEditor/BannerlordModEditor.Common/BannerlordModEditor.Common.csproj]
         /root/WorkSpace/CSharp/BannerlordModEditor/BannerlordModEditor.Common/Models/Data/CraftingPieces.cs(40,23): warning CS8618: 在退出构造函数时，不可为 null 的 属性 "PieceTier" 必须包含非 null 值。请考虑添加 "required" 修饰符或将该 属性 声明为可为 null。 [/root/WorkSpace/CSharp/BannerlordModEditor/BannerlordModEditor.Common/BannerlordModEditor.Common.csproj]
         /root/WorkSpace/CSharp/BannerlordModEditor/BannerlordModEditor.Common/Models/Data/CraftingPieces.cs(44,23): warning CS8618: 在退出构造函数时，不可为 null 的 属性 "Culture" 必须包含非 null 值。请考虑添加 "required" 修饰符或将该 属性 声明为可为 null。 [/root/WorkSpace/CSharp/BannerlordModEditor/BannerlordModEditor.Common/BannerlordModEditor.Common.csproj]
         /root/WorkSpace/CSharp/BannerlordModEditor/BannerlordModEditor.Common/Models/Data/CraftingPieces.cs(47,23): warning CS8618: 在退出构造函数时，不可为 null 的 属性 "Mesh" 必须包含非 null 值。请考虑添加 "required" 修饰符或将该 属性 声明为可为 null。 [/root/WorkSpace/CSharp/BannerlordModEditor/BannerlordModEditor.Common/BannerlordModEditor.Common.csproj]
         /root/WorkSpace/CSharp/BannerlordModEditor/BannerlordModEditor.Common/Models/Data/CraftingPieces.cs(50,23): warning CS8618: 在退出构造函数时，不可为 null 的 属性 "PhysicsMaterial" 必须包含非 null 值。请考虑添加 "required" 修饰符或将该 属性 声明为可为 null。 [/root/WorkSpace/CSharp/BannerlordModEditor/BannerlordModEditor.Common/BannerlordModEditor.Common.csproj]
         /root/WorkSpace/CSharp/BannerlordModEditor/BannerlordModEditor.Common/Models/Data/CraftingPieces.cs(53,23): warning CS8618: 在退出构造函数时，不可为 null 的 属性 "IsHidden" 必须包含非 null 值。请考虑添加 "required" 修饰符或将该 属性 声明为可为 null。 [/root/WorkSpace/CSharp/BannerlordModEditor/BannerlordModEditor.Common/BannerlordModEditor.Common.csproj]
         /root/WorkSpace/CSharp/BannerlordModEditor/BannerlordModEditor.Common/Models/Data/CraftingPieces.cs(56,23): warning CS8618: 在退出构造函数时，不可为 null 的 属性 "ScaleFactor" 必须包含非 null 值。请考虑添加 "required" 修饰符或将该 属性 声明为可为 null。 [/root/WorkSpace/CSharp/BannerlordModEditor/BannerlordModEditor.Common/BannerlordModEditor.Common.csproj]
         /root/WorkSpace/CSharp/BannerlordModEditor/BannerlordModEditor.Common/Models/Data/CraftingPieces.cs(60,23): warning CS8618: 在退出构造函数时，不可为 null 的 属性 "CraftingPieceType" 必须包含非 null 值。请考虑添加 "required" 修饰符或将该 属性 声明为可为 null。 [/root/WorkSpace/CSharp/BannerlordModEditor/BannerlordModEditor.Common/BannerlordModEditor.Common.csproj]
         /root/WorkSpace/CSharp/BannerlordModEditor/BannerlordModEditor.Common/Models/Data/CraftingPieces.cs(64,34): warning CS8618: 在退出构造函数时，不可为 null 的 属性 "PieceData" 必须包含非 null 值。请考虑添加 "required" 修饰符或将该 属性 声明为可为 null。 [/root/WorkSpace/CSharp/BannerlordModEditor/BannerlordModEditor.Common/BannerlordModEditor.Common.csproj]
         /root/WorkSpace/CSharp/BannerlordModEditor/BannerlordModEditor.Common/Models/Data/CraftingPieces.cs(68,26): warning CS8618: 在退出构造函数时，不可为 null 的 属性 "Materials" 必须包含非 null 值。请考虑添加 "required" 修饰符或将该 属性 声明为可为 null。 [/root/WorkSpace/CSharp/BannerlordModEditor/BannerlordModEditor.Common/BannerlordModEditor.Common.csproj]
         /root/WorkSpace/CSharp/BannerlordModEditor/BannerlordModEditor.Common/Models/Data/CraftingPieces.cs(72,34): warning CS8618: 在退出构造函数时，不可为 null 的 属性 "Modifiers" 必须包含非 null 值。请考虑添加 "required" 修饰符或将该 属性 声明为可为 null。 [/root/WorkSpace/CSharp/BannerlordModEditor/BannerlordModEditor.Common/BannerlordModEditor.Common.csproj]
         /root/WorkSpace/CSharp/BannerlordModEditor/BannerlordModEditor.Common/Models/Data/CraftingPieces.cs(76,22): warning CS8618: 在退出构造函数时，不可为 null 的 属性 "Flags" 必须包含非 null 值。请考虑添加 "required" 修饰符或将该 属性 声明为可为 null。 [/root/WorkSpace/CSharp/BannerlordModEditor/BannerlordModEditor.Common/BannerlordModEditor.Common.csproj]
         /root/WorkSpace/CSharp/BannerlordModEditor/BannerlordModEditor.Common/Models/Data/CraftingPieces.cs(80,29): warning CS8618: 在退出构造函数时，不可为 null 的 属性 "Availability" 必须包含非 null 值。请考虑添加 "required" 修饰符或将该 属性 声明为可为 null。 [/root/WorkSpace/CSharp/BannerlordModEditor/BannerlordModEditor.Common/BannerlordModEditor.Common.csproj]
         /root/WorkSpace/CSharp/BannerlordModEditor/BannerlordModEditor.Common/Models/Data/CraftingTemplates.cs(66,32): warning CS8618: 在退出构造函数时，不可为 null 的 属性 "PieceDataList" 必须包含非 null 值。请考虑添加 "required" 修饰符或将该 属性 声明为可为 null。 [/root/WorkSpace/CSharp/BannerlordModEditor/BannerlordModEditor.Common/BannerlordModEditor.Common.csproj]
         /root/WorkSpace/CSharp/BannerlordModEditor/BannerlordModEditor.Common/Mappers/MPClassDivisionsMapper.cs(270,36): warning CS8603: 可能返回 null 引用。 [/root/WorkSpace/CSharp/BannerlordModEditor/BannerlordModEditor.Common/BannerlordModEditor.Common.csproj]
         /root/WorkSpace/CSharp/BannerlordModEditor/BannerlordModEditor.Common/Mappers/MpCraftingPiecesMapper.cs(25,24): warning CS8603: 可能返回 null 引用。 [/root/WorkSpace/CSharp/BannerlordModEditor/BannerlordModEditor.Common/BannerlordModEditor.Common.csproj]
         /root/WorkSpace/CSharp/BannerlordModEditor/BannerlordModEditor.Common/Models/Data/CraftingTemplates.cs(89,23): warning CS8618: 在退出构造函数时，不可为 null 的 属性 "Id" 必须包含非 null 值。请考虑添加 "required" 修饰符或将该 属性 声明为可为 null。 [/root/WorkSpace/CSharp/BannerlordModEditor/BannerlordModEditor.Common/BannerlordModEditor.Common.csproj]
         /root/WorkSpace/CSharp/BannerlordModEditor/BannerlordModEditor.Common/Models/Data/CraftingTemplates.cs(73,23): warning CS8618: 在退出构造函数时，不可为 null 的 属性 "PieceType" 必须包含非 null 值。请考虑添加 "required" 修饰符或将该 属性 声明为可为 null。 [/root/WorkSpace/CSharp/BannerlordModEditor/BannerlordModEditor.Common/BannerlordModEditor.Common.csproj]
         /root/WorkSpace/CSharp/BannerlordModEditor/BannerlordModEditor.Common/Models/Data/CraftingTemplates.cs(76,23): warning CS8618: 在退出构造函数时，不可为 null 的 属性 "BuildOrder" 必须包含非 null 值。请考虑添加 "required" 修饰符或将该 属性 声明为可为 null。 [/root/WorkSpace/CSharp/BannerlordModEditor/BannerlordModEditor.Common/BannerlordModEditor.Common.csproj]
         /root/WorkSpace/CSharp/BannerlordModEditor/BannerlordModEditor.Common/Models/Data/CraftingTemplates.cs(82,48): warning CS8618: 在退出构造函数时，不可为 null 的 属性 "WeaponDescriptionList" 必须包含非 null 值。请考虑添加 "required" 修饰符或将该 属性 声明为可为 null。 [/root/WorkSpace/CSharp/BannerlordModEditor/BannerlordModEditor.Common/BannerlordModEditor.Common.csproj]
         /root/WorkSpace/CSharp/BannerlordModEditor/BannerlordModEditor.Common/Models/Data/BoneBodyTypes.cs(17,23): warning CS8618: 在退出构造函数时，不可为 null 的 属性 "Type" 必须包含非 null 值。请考虑添加 "required" 修饰符或将该 属性 声明为可为 null。 [/root/WorkSpace/CSharp/BannerlordModEditor/BannerlordModEditor.Common/BannerlordModEditor.Common.csproj]
         /root/WorkSpace/CSharp/BannerlordModEditor/BannerlordModEditor.Common/Models/Data/CraftingTemplates.cs(106,23): warning CS8618: 在退出构造函数时，不可为 null 的 属性 "StatType" 必须包含非 null 值。请考虑添加 "required" 修饰符或将该 属性 声明为可为 null。 [/root/WorkSpace/CSharp/BannerlordModEditor/BannerlordModEditor.Common/BannerlordModEditor.Common.csproj]
         /root/WorkSpace/CSharp/BannerlordModEditor/BannerlordModEditor.Common/Models/Data/CraftingTemplates.cs(109,23): warning CS8618: 在退出构造函数时，不可为 null 的 属性 "MaxValue" 必须包含非 null 值。请考虑添加 "required" 修饰符或将该 属性 声明为可为 null。 [/root/WorkSpace/CSharp/BannerlordModEditor/BannerlordModEditor.Common/BannerlordModEditor.Common.csproj]
         /root/WorkSpace/CSharp/BannerlordModEditor/BannerlordModEditor.Common/Models/Data/CraftingTemplates.cs(19,23): warning CS8618: 在退出构造函数时，不可为 null 的 属性 "Id" 必须包含非 null 值。请考虑添加 "required" 修饰符或将该 属性 声明为可为 null。 [/root/WorkSpace/CSharp/BannerlordModEditor/BannerlordModEditor.Common/BannerlordModEditor.Common.csproj]
         /root/WorkSpace/CSharp/BannerlordModEditor/BannerlordModEditor.Common/Models/Data/CraftingTemplates.cs(22,23): warning CS8618: 在退出构造函数时，不可为 null 的 属性 "ItemType" 必须包含非 null 值。请考虑添加 "required" 修饰符或将该 属性 声明为可为 null。 [/root/WorkSpace/CSharp/BannerlordModEditor/BannerlordModEditor.Common/BannerlordModEditor.Common.csproj]
         /root/WorkSpace/CSharp/BannerlordModEditor/BannerlordModEditor.Common/Models/Data/CraftingTemplates.cs(25,23): warning CS8618: 在退出构造函数时，不可为 null 的 属性 "ModifierGroup" 必须包含非 null 值。请考虑添加 "required" 修饰符或将该 属性 声明为可为 null。 [/root/WorkSpace/CSharp/BannerlordModEditor/BannerlordModEditor.Common/BannerlordModEditor.Common.csproj]
         /root/WorkSpace/CSharp/BannerlordModEditor/BannerlordModEditor.Common/Models/Data/CraftingTemplates.cs(28,23): warning CS8618: 在退出构造函数时，不可为 null 的 属性 "ItemHolsters" 必须包含非 null 值。请考虑添加 "required" 修饰符或将该 属性 声明为可为 null。 [/root/WorkSpace/CSharp/BannerlordModEditor/BannerlordModEditor.Common/BannerlordModEditor.Common.csproj]
         /root/WorkSpace/CSharp/BannerlordModEditor/BannerlordModEditor.Common/Models/Data/CraftingTemplates.cs(31,23): warning CS8618: 在退出构造函数时，不可为 null 的 属性 "PieceTypeToScaleHolsterWith" 必须包含非 null 值。请考虑添加 "required" 修饰符或将该 属性 声明为可为 null。 [/root/WorkSpace/CSharp/BannerlordModEditor/BannerlordModEditor.Common/BannerlordModEditor.Common.csproj]
         /root/WorkSpace/CSharp/BannerlordModEditor/BannerlordModEditor.Common/Models/Data/CraftingTemplates.cs(34,23): warning CS8618: 在退出构造函数时，不可为 null 的 属性 "HiddenPieceTypesOnHolster" 必须包含非 null 值。请考虑添加 "required" 修饰符或将该 属性 声明为可为 null。 [/root/WorkSpace/CSharp/BannerlordModEditor/BannerlordModEditor.Common/BannerlordModEditor.Common.csproj]
         /root/WorkSpace/CSharp/BannerlordModEditor/BannerlordModEditor.Common/Models/Data/CraftingTemplates.cs(37,23): warning CS8618: 在退出构造函数时，不可为 null 的 属性 "DefaultItemHolsterPositionOffset" 必须包含非 null 值。请考虑添加 "required" 修饰符或将该 属性 声明为可为 null。 [/root/WorkSpace/CSharp/BannerlordModEditor/BannerlordModEditor.Common/BannerlordModEditor.Common.csproj]
         /root/WorkSpace/CSharp/BannerlordModEditor/BannerlordModEditor.Common/Models/Data/CraftingTemplates.cs(40,23): warning CS8618: 在退出构造函数时，不可为 null 的 属性 "AlwaysShowHolsterWithWeapon" 必须包含非 null 值。请考虑添加 "required" 修饰符或将该 属性 声明为可为 null。 [/root/WorkSpace/CSharp/BannerlordModEditor/BannerlordModEditor.Common/BannerlordModEditor.Common.csproj]
         /root/WorkSpace/CSharp/BannerlordModEditor/BannerlordModEditor.Common/Models/Data/CraftingTemplates.cs(43,23): warning CS8618: 在退出构造函数时，不可为 null 的 属性 "UseWeaponAsHolsterMesh" 必须包含非 null 值。请考虑添加 "required" 修饰符或将该 属性 声明为可为 null。 [/root/WorkSpace/CSharp/BannerlordModEditor/BannerlordModEditor.Common/BannerlordModEditor.Common.csproj]
         /root/WorkSpace/CSharp/BannerlordModEditor/BannerlordModEditor.Common/Models/Data/CraftingTemplates.cs(46,27): warning CS8618: 在退出构造函数时，不可为 null 的 属性 "PieceDatas" 必须包含非 null 值。请考虑添加 "required" 修饰符或将该 属性 声明为可为 null。 [/root/WorkSpace/CSharp/BannerlordModEditor/BannerlordModEditor.Common/BannerlordModEditor.Common.csproj]
         /root/WorkSpace/CSharp/BannerlordModEditor/BannerlordModEditor.Common/Models/Data/CraftingTemplates.cs(49,43): warning CS8618: 在退出构造函数时，不可为 null 的 属性 "WeaponDescriptions" 必须包含非 null 值。请考虑添加 "required" 修饰符或将该 属性 声明为可为 null。 [/root/WorkSpace/CSharp/BannerlordModEditor/BannerlordModEditor.Common/BannerlordModEditor.Common.csproj]
         /root/WorkSpace/CSharp/BannerlordModEditor/BannerlordModEditor.Common/Models/Data/CraftingTemplates.cs(52,32): warning CS8618: 在退出构造函数时，不可为 null 的 属性 "StatsDataList" 必须包含非 null 值。请考虑添加 "required" 修饰符或将该 属性 声明为可为 null。 [/root/WorkSpace/CSharp/BannerlordModEditor/BannerlordModEditor.Common/BannerlordModEditor.Common.csproj]
         /root/WorkSpace/CSharp/BannerlordModEditor/BannerlordModEditor.Common/Models/Data/CraftingTemplates.cs(55,29): warning CS8618: 在退出构造函数时，不可为 null 的 属性 "UsablePieces" 必须包含非 null 值。请考虑添加 "required" 修饰符或将该 属性 声明为可为 null。 [/root/WorkSpace/CSharp/BannerlordModEditor/BannerlordModEditor.Common/BannerlordModEditor.Common.csproj]
         /root/WorkSpace/CSharp/BannerlordModEditor/BannerlordModEditor.Common/Models/Data/CraftingTemplates.cs(115,34): warning CS8618: 在退出构造函数时，不可为 null 的 属性 "UsablePieceList" 必须包含非 null 值。请考虑添加 "required" 修饰符或将该 属性 声明为可为 null。 [/root/WorkSpace/CSharp/BannerlordModEditor/BannerlordModEditor.Common/BannerlordModEditor.Common.csproj]
         /root/WorkSpace/CSharp/BannerlordModEditor/BannerlordModEditor.Common/Models/Data/CraftingTemplates.cs(122,23): warning CS8618: 在退出构造函数时，不可为 null 的 属性 "PieceId" 必须包含非 null 值。请考虑添加 "required" 修饰符或将该 属性 声明为可为 null。 [/root/WorkSpace/CSharp/BannerlordModEditor/BannerlordModEditor.Common/BannerlordModEditor.Common.csproj]
         /root/WorkSpace/CSharp/BannerlordModEditor/BannerlordModEditor.Common/Models/Data/CraftingTemplates.cs(125,23): warning CS8618: 在退出构造函数时，不可为 null 的 属性 "MpPiece" 必须包含非 null 值。请考虑添加 "required" 修饰符或将该 属性 声明为可为 null。 [/root/WorkSpace/CSharp/BannerlordModEditor/BannerlordModEditor.Common/BannerlordModEditor.Common.csproj]
         /root/WorkSpace/CSharp/BannerlordModEditor/BannerlordModEditor.Common/Models/Data/CombatParametersModel.cs(55,23): warning CS8618: 在退出构造函数时，不可为 null 的 属性 "Id" 必须包含非 null 值。请考虑添加 "required" 修饰符或将该 属性 声明为可为 null。 [/root/WorkSpace/CSharp/BannerlordModEditor/BannerlordModEditor.Common/BannerlordModEditor.Common.csproj]
         /root/WorkSpace/CSharp/BannerlordModEditor/BannerlordModEditor.Common/Models/Data/CombatParametersModel.cs(58,23): warning CS8618: 在退出构造函数时，不可为 null 的 属性 "WeaponOffset" 必须包含非 null 值。请考虑添加 "required" 修饰符或将该 属性 声明为可为 null。 [/root/WorkSpace/CSharp/BannerlordModEditor/BannerlordModEditor.Common/BannerlordModEditor.Common.csproj]
         /root/WorkSpace/CSharp/BannerlordModEditor/BannerlordModEditor.Common/Models/Data/CombatParametersModel.cs(61,23): warning CS8618: 在退出构造函数时，不可为 null 的 属性 "VerticalRotLimitMultiplierUp" 必须包含非 null 值。请考虑添加 "required" 修饰符或将该 属性 声明为可为 null。 [/root/WorkSpace/CSharp/BannerlordModEditor/BannerlordModEditor.Common/BannerlordModEditor.Common.csproj]
         /root/WorkSpace/CSharp/BannerlordModEditor/BannerlordModEditor.Common/Models/Data/CombatParametersModel.cs(64,23): warning CS8618: 在退出构造函数时，不可为 null 的 属性 "VerticalRotLimitMultiplierDown" 必须包含非 null 值。请考虑添加 "required" 修饰符或将该 属性 声明为可为 null。 [/root/WorkSpace/CSharp/BannerlordModEditor/BannerlordModEditor.Common/BannerlordModEditor.Common.csproj]
         /root/WorkSpace/CSharp/BannerlordModEditor/BannerlordModEditor.Common/Models/Data/CombatParametersModel.cs(67,23): warning CS8618: 在退出构造函数时，不可为 null 的 属性 "LeftRiderRotLimit" 必须包含非 null 值。请考虑添加 "required" 修饰符或将该 属性 声明为可为 null。 [/root/WorkSpace/CSharp/BannerlordModEditor/BannerlordModEditor.Common/BannerlordModEditor.Common.csproj]
         /root/WorkSpace/CSharp/BannerlordModEditor/BannerlordModEditor.Common/Models/Data/CombatParametersModel.cs(70,23): warning CS8618: 在退出构造函数时，不可为 null 的 属性 "RightRiderRotLimit" 必须包含非 null 值。请考虑添加 "required" 修饰符或将该 属性 声明为可为 null。 [/root/WorkSpace/CSharp/BannerlordModEditor/BannerlordModEditor.Common/BannerlordModEditor.Common.csproj]
         /root/WorkSpace/CSharp/BannerlordModEditor/BannerlordModEditor.Common/Models/Data/CombatParametersModel.cs(73,23): warning CS8618: 在退出构造函数时，不可为 null 的 属性 "LeftRiderMinRotLimit" 必须包含非 null 值。请考虑添加 "required" 修饰符或将该 属性 声明为可为 null。 [/root/WorkSpace/CSharp/BannerlordModEditor/BannerlordModEditor.Common/BannerlordModEditor.Common.csproj]
         /root/WorkSpace/CSharp/BannerlordModEditor/BannerlordModEditor.Common/Models/Data/CombatParametersModel.cs(76,23): warning CS8618: 在退出构造函数时，不可为 null 的 属性 "RightRiderMinRotLimit" 必须包含非 null 值。请考虑添加 "required" 修饰符或将该 属性 声明为可为 null。 [/root/WorkSpace/CSharp/BannerlordModEditor/BannerlordModEditor.Common/BannerlordModEditor.Common.csproj]
         /root/WorkSpace/CSharp/BannerlordModEditor/BannerlordModEditor.Common/Models/Data/CombatParametersModel.cs(79,23): warning CS8618: 在退出构造函数时，不可为 null 的 属性 "RiderLookDownLimit" 必须包含非 null 值。请考虑添加 "required" 修饰符或将该 属性 声明为可为 null。 [/root/WorkSpace/CSharp/BannerlordModEditor/BannerlordModEditor.Common/BannerlordModEditor.Common.csproj]
         /root/WorkSpace/CSharp/BannerlordModEditor/BannerlordModEditor.Common/Models/Data/CombatParametersModel.cs(82,23): warning CS8618: 在退出构造函数时，不可为 null 的 属性 "LeftLadderRotLimit" 必须包含非 null 值。请考虑添加 "required" 修饰符或将该 属性 声明为可为 null。 [/root/WorkSpace/CSharp/BannerlordModEditor/BannerlordModEditor.Common/BannerlordModEditor.Common.csproj]
         /root/WorkSpace/CSharp/BannerlordModEditor/BannerlordModEditor.Common/Models/Data/CombatParametersModel.cs(85,23): warning CS8618: 在退出构造函数时，不可为 null 的 属性 "RightLadderRotLimit" 必须包含非 null 值。请考虑添加 "required" 修饰符或将该 属性 声明为可为 null。 [/root/WorkSpace/CSharp/BannerlordModEditor/BannerlordModEditor.Common/BannerlordModEditor.Common.csproj]
         /root/WorkSpace/CSharp/BannerlordModEditor/BannerlordModEditor.Common/Models/Data/CombatParametersModel.cs(88,23): warning CS8618: 在退出构造函数时，不可为 null 的 属性 "CollisionCheckStartingPercent" 必须包含非 null 值。请考虑添加 "required" 修饰符或将该 属性 声明为可为 null。 [/root/WorkSpace/CSharp/BannerlordModEditor/BannerlordModEditor.Common/BannerlordModEditor.Common.csproj]
         /root/WorkSpace/CSharp/BannerlordModEditor/BannerlordModEditor.Common/Models/Data/CombatParametersModel.cs(91,23): warning CS8618: 在退出构造函数时，不可为 null 的 属性 "CollisionCheckEndingPercent" 必须包含非 null 值。请考虑添加 "required" 修饰符或将该 属性 声明为可为 null。 [/root/WorkSpace/CSharp/BannerlordModEditor/BannerlordModEditor.Common/BannerlordModEditor.Common.csproj]
         /root/WorkSpace/CSharp/BannerlordModEditor/BannerlordModEditor.Common/Models/Data/CombatParametersModel.cs(94,23): warning CS8618: 在退出构造函数时，不可为 null 的 属性 "CollisionDamageStartingPercent" 必须包含非 null 值。请考虑添加 "required" 修饰符或将该 属性 声明为可为 null。 [/root/WorkSpace/CSharp/BannerlordModEditor/BannerlordModEditor.Common/BannerlordModEditor.Common.csproj]
         /root/WorkSpace/CSharp/BannerlordModEditor/BannerlordModEditor.Common/Models/Data/CombatParametersModel.cs(97,23): warning CS8618: 在退出构造函数时，不可为 null 的 属性 "CollisionRadius" 必须包含非 null 值。请考虑添加 "required" 修饰符或将该 属性 声明为可为 null。 [/root/WorkSpace/CSharp/BannerlordModEditor/BannerlordModEditor.Common/BannerlordModEditor.Common.csproj]
         /root/WorkSpace/CSharp/BannerlordModEditor/BannerlordModEditor.Common/Models/Data/CombatParametersModel.cs(100,23): warning CS8618: 在退出构造函数时，不可为 null 的 属性 "AlternativeAttackCooldownPeriod" 必须包含非 null 值。请考虑添加 "required" 修饰符或将该 属性 声明为可为 null。 [/root/WorkSpace/CSharp/BannerlordModEditor/BannerlordModEditor.Common/BannerlordModEditor.Common.csproj]
         /root/WorkSpace/CSharp/BannerlordModEditor/BannerlordModEditor.Common/Models/Data/CombatParametersModel.cs(103,23): warning CS8618: 在退出构造函数时，不可为 null 的 属性 "HitBoneIndex" 必须包含非 null 值。请考虑添加 "required" 修饰符或将该 属性 声明为可为 null。 [/root/WorkSpace/CSharp/BannerlordModEditor/BannerlordModEditor.Common/BannerlordModEditor.Common.csproj]
         /root/WorkSpace/CSharp/BannerlordModEditor/BannerlordModEditor.Common/Models/Data/CombatParametersModel.cs(106,23): warning CS8618: 在退出构造函数时，不可为 null 的 属性 "ShoulderHitBoneIndex" 必须包含非 null 值。请考虑添加 "required" 修饰符或将该 属性 声明为可为 null。 [/root/WorkSpace/CSharp/BannerlordModEditor/BannerlordModEditor.Common/BannerlordModEditor.Common.csproj]
         /root/WorkSpace/CSharp/BannerlordModEditor/BannerlordModEditor.Common/Models/Data/CombatParametersModel.cs(109,23): warning CS8618: 在退出构造函数时，不可为 null 的 属性 "LookSlopeBlendFactorUpLimit" 必须包含非 null 值。请考虑添加 "required" 修饰符或将该 属性 声明为可为 null。 [/root/WorkSpace/CSharp/BannerlordModEditor/BannerlordModEditor.Common/BannerlordModEditor.Common.csproj]
         /root/WorkSpace/CSharp/BannerlordModEditor/BannerlordModEditor.Common/Models/Data/CombatParametersModel.cs(112,23): warning CS8618: 在退出构造函数时，不可为 null 的 属性 "LookSlopeBlendFactorDownLimit" 必须包含非 null 值。请考虑添加 "required" 修饰符或将该 属性 声明为可为 null。 [/root/WorkSpace/CSharp/BannerlordModEditor/BannerlordModEditor.Common/BannerlordModEditor.Common.csproj]
         /root/WorkSpace/CSharp/BannerlordModEditor/BannerlordModEditor.Common/Models/Data/CombatParametersModel.cs(115,23): warning CS8618: 在退出构造函数时，不可为 null 的 属性 "LookSlopeBlendSpeedFactor" 必须包含非 null 值。请考虑添加 "required" 修饰符或将该 属性 声明为可为 null。 [/root/WorkSpace/CSharp/BannerlordModEditor/BannerlordModEditor.Common/BannerlordModEditor.Common.csproj]
         /root/WorkSpace/CSharp/BannerlordModEditor/BannerlordModEditor.Common/Models/Data/CombatParametersModel.cs(118,44): warning CS8618: 在退出构造函数时，不可为 null 的 属性 "CustomCollisionCapsule" 必须包含非 null 值。请考虑添加 "required" 修饰符或将该 属性 声明为可为 null。 [/root/WorkSpace/CSharp/BannerlordModEditor/BannerlordModEditor.Common/BannerlordModEditor.Common.csproj]
         /root/WorkSpace/CSharp/BannerlordModEditor/BannerlordModEditor.Common/Models/Data/CraftingTemplates.cs(95,23): warning CS8618: 在退出构造函数时，不可为 null 的 属性 "WeaponDescription" 必须包含非 null 值。请考虑添加 "required" 修饰符或将该 属性 声明为可为 null。 [/root/WorkSpace/CSharp/BannerlordModEditor/BannerlordModEditor.Common/BannerlordModEditor.Common.csproj]
         /root/WorkSpace/CSharp/BannerlordModEditor/BannerlordModEditor.Common/Models/Data/CraftingTemplates.cs(98,31): warning CS8618: 在退出构造函数时，不可为 null 的 属性 "StatDataList" 必须包含非 null 值。请考虑添加 "required" 修饰符或将该 属性 声明为可为 null。 [/root/WorkSpace/CSharp/BannerlordModEditor/BannerlordModEditor.Common/BannerlordModEditor.Common.csproj]
         /root/WorkSpace/CSharp/BannerlordModEditor/BannerlordModEditor.Common/Models/Data/CraftingPieces.cs(87,23): warning CS8618: 在退出构造函数时，不可为 null 的 属性 "ThrustDamage" 必须包含非 null 值。请考虑添加 "required" 修饰符或将该 属性 声明为可为 null。 [/root/WorkSpace/CSharp/BannerlordModEditor/BannerlordModEditor.Common/BannerlordModEditor.Common.csproj]
         /root/WorkSpace/CSharp/BannerlordModEditor/BannerlordModEditor.Common/Models/Data/CraftingPieces.cs(91,23): warning CS8618: 在退出构造函数时，不可为 null 的 属性 "ThrustDamageType" 必须包含非 null 值。请考虑添加 "required" 修饰符或将该 属性 声明为可为 null。 [/root/WorkSpace/CSharp/BannerlordModEditor/BannerlordModEditor.Common/BannerlordModEditor.Common.csproj]
         /root/WorkSpace/CSharp/BannerlordModEditor/BannerlordModEditor.Common/Models/Data/CraftingPieces.cs(95,23): warning CS8618: 在退出构造函数时，不可为 null 的 属性 "SwingDamage" 必须包含非 null 值。请考虑添加 "required" 修饰符或将该 属性 声明为可为 null。 [/root/WorkSpace/CSharp/BannerlordModEditor/BannerlordModEditor.Common/BannerlordModEditor.Common.csproj]
         /root/WorkSpace/CSharp/BannerlordModEditor/BannerlordModEditor.Common/Models/Data/CraftingPieces.cs(99,23): warning CS8618: 在退出构造函数时，不可为 null 的 属性 "SwingDamageType" 必须包含非 null 值。请考虑添加 "required" 修饰符或将该 属性 声明为可为 null。 [/root/WorkSpace/CSharp/BannerlordModEditor/BannerlordModEditor.Common/BannerlordModEditor.Common.csproj]
         /root/WorkSpace/CSharp/BannerlordModEditor/BannerlordModEditor.Common/Models/Data/CraftingPieces.cs(103,23): warning CS8618: 在退出构造函数时，不可为 null 的 属性 "ThrustSpeed" 必须包含非 null 值。请考虑添加 "required" 修饰符或将该 属性 声明为可为 null。 [/root/WorkSpace/CSharp/BannerlordModEditor/BannerlordModEditor.Common/BannerlordModEditor.Common.csproj]
         /root/WorkSpace/CSharp/BannerlordModEditor/BannerlordModEditor.Common/Models/Data/CraftingPieces.cs(107,23): warning CS8618: 在退出构造函数时，不可为 null 的 属性 "SwingSpeed" 必须包含非 null 值。请考虑添加 "required" 修饰符或将该 属性 声明为可为 null。 [/root/WorkSpace/CSharp/BannerlordModEditor/BannerlordModEditor.Common/BannerlordModEditor.Common.csproj]
         /root/WorkSpace/CSharp/BannerlordModEditor/BannerlordModEditor.Common/Models/Data/CraftingPieces.cs(111,23): warning CS8618: 在退出构造函数时，不可为 null 的 属性 "WeaponLength" 必须包含非 null 值。请考虑添加 "required" 修饰符或将该 属性 声明为可为 null。 [/root/WorkSpace/CSharp/BannerlordModEditor/BannerlordModEditor.Common/BannerlordModEditor.Common.csproj]
         /root/WorkSpace/CSharp/BannerlordModEditor/BannerlordModEditor.Common/Models/Data/CraftingPieces.cs(115,23): warning CS8618: 在退出构造函数时，不可为 null 的 属性 "WeaponBalance" 必须包含非 null 值。请考虑添加 "required" 修饰符或将该 属性 声明为可为 null。 [/root/WorkSpace/CSharp/BannerlordModEditor/BannerlordModEditor.Common/BannerlordModEditor.Common.csproj]
         /root/WorkSpace/CSharp/BannerlordModEditor/BannerlordModEditor.Common/Models/Data/CraftingPieces.cs(119,23): warning CS8618: 在退出构造函数时，不可为 null 的 属性 "Weight" 必须包含非 null 值。请考虑添加 "required" 修饰符或将该 属性 声明为可为 null。 [/root/WorkSpace/CSharp/BannerlordModEditor/BannerlordModEditor.Common/BannerlordModEditor.Common.csproj]
         /root/WorkSpace/CSharp/BannerlordModEditor/BannerlordModEditor.Common/Models/Data/CraftingPieces.cs(123,23): warning CS8618: 在退出构造函数时，不可为 null 的 属性 "HitPoints" 必须包含非 null 值。请考虑添加 "required" 修饰符或将该 属性 声明为可为 null。 [/root/WorkSpace/CSharp/BannerlordModEditor/BannerlordModEditor.Common/BannerlordModEditor.Common.csproj]
         /root/WorkSpace/CSharp/BannerlordModEditor/BannerlordModEditor.Common/Models/Data/CraftingPieces.cs(127,23): warning CS8618: 在退出构造函数时，不可为 null 的 属性 "Handling" 必须包含非 null 值。请考虑添加 "required" 修饰符或将该 属性 声明为可为 null。 [/root/WorkSpace/CSharp/BannerlordModEditor/BannerlordModEditor.Common/BannerlordModEditor.Common.csproj]
         /root/WorkSpace/CSharp/BannerlordModEditor/BannerlordModEditor.Common/Models/Data/CraftingPieces.cs(131,23): warning CS8618: 在退出构造函数时，不可为 null 的 属性 "MissileSpeed" 必须包含非 null 值。请考虑添加 "required" 修饰符或将该 属性 声明为可为 null。 [/root/WorkSpace/CSharp/BannerlordModEditor/BannerlordModEditor.Common/BannerlordModEditor.Common.csproj]
         /root/WorkSpace/CSharp/BannerlordModEditor/BannerlordModEditor.Common/Models/Data/CraftingPieces.cs(135,23): warning CS8618: 在退出构造函数时，不可为 null 的 属性 "Accuracy" 必须包含非 null 值。请考虑添加 "required" 修饰符或将该 属性 声明为可为 null。 [/root/WorkSpace/CSharp/BannerlordModEditor/BannerlordModEditor.Common/BannerlordModEditor.Common.csproj]
         /root/WorkSpace/CSharp/BannerlordModEditor/BannerlordModEditor.Common/Models/Data/CraftingPieces.cs(139,23): warning CS8618: 在退出构造函数时，不可为 null 的 属性 "BodyArmor" 必须包含非 null 值。请考虑添加 "required" 修饰符或将该 属性 声明为可为 null。 [/root/WorkSpace/CSharp/BannerlordModEditor/BannerlordModEditor.Common/BannerlordModEditor.Common.csproj]
         /root/WorkSpace/CSharp/BannerlordModEditor/BannerlordModEditor.Common/Mappers/MpCraftingPiecesMapper.cs(42,24): warning CS8603: 可能返回 null 引用。 [/root/WorkSpace/CSharp/BannerlordModEditor/BannerlordModEditor.Common/BannerlordModEditor.Common.csproj]
         /root/WorkSpace/CSharp/BannerlordModEditor/BannerlordModEditor.Common/Models/DTO/CreditsDTO.cs(32,23): warning CS8618: 在退出构造函数时，不可为 null 的 属性 "Text" 必须包含非 null 值。请考虑添加 "required" 修饰符或将该 属性 声明为可为 null。 [/root/WorkSpace/CSharp/BannerlordModEditor/BannerlordModEditor.Common/BannerlordModEditor.Common.csproj]
         /root/WorkSpace/CSharp/BannerlordModEditor/BannerlordModEditor.Common/Mappers/MpCraftingPiecesMapper.cs(53,24): warning CS8603: 可能返回 null 引用。 [/root/WorkSpace/CSharp/BannerlordModEditor/BannerlordModEditor.Common/BannerlordModEditor.Common.csproj]
         /root/WorkSpace/CSharp/BannerlordModEditor/BannerlordModEditor.Common/Models/DTO/CreditsDTO.cs(42,23): warning CS8618: 在退出构造函数时，不可为 null 的 属性 "Text" 必须包含非 null 值。请考虑添加 "required" 修饰符或将该 属性 声明为可为 null。 [/root/WorkSpace/CSharp/BannerlordModEditor/BannerlordModEditor.Common/BannerlordModEditor.Common.csproj]
         /root/WorkSpace/CSharp/BannerlordModEditor/BannerlordModEditor.Common/Models/Data/CreditsLegalPC.cs(11,31): warning CS8618: 在退出构造函数时，不可为 null 的 属性 "Categories" 必须包含非 null 值。请考虑添加 "required" 修饰符或将该 属性 声明为可为 null。 [/root/WorkSpace/CSharp/BannerlordModEditor/BannerlordModEditor.Common/BannerlordModEditor.Common.csproj]
         /root/WorkSpace/CSharp/BannerlordModEditor/BannerlordModEditor.Common/Models/Data/CreditsLegalPC.cs(42,23): warning CS8618: 在退出构造函数时，不可为 null 的 属性 "Text" 必须包含非 null 值。请考虑添加 "required" 修饰符或将该 属性 声明为可为 null。 [/root/WorkSpace/CSharp/BannerlordModEditor/BannerlordModEditor.Common/BannerlordModEditor.Common.csproj]
         /root/WorkSpace/CSharp/BannerlordModEditor/BannerlordModEditor.Common/Models/Data/CreditsLegalPC.cs(45,28): warning CS8618: 在退出构造函数时，不可为 null 的 属性 "Entries" 必须包含非 null 值。请考虑添加 "required" 修饰符或将该 属性 声明为可为 null。 [/root/WorkSpace/CSharp/BannerlordModEditor/BannerlordModEditor.Common/BannerlordModEditor.Common.csproj]
         /root/WorkSpace/CSharp/BannerlordModEditor/BannerlordModEditor.Common/Models/DTO/CreditsDTO.cs(17,23): warning CS8618: 在退出构造函数时，不可为 null 的 属性 "Text" 必须包含非 null 值。请考虑添加 "required" 修饰符或将该 属性 声明为可为 null。 [/root/WorkSpace/CSharp/BannerlordModEditor/BannerlordModEditor.Common/BannerlordModEditor.Common.csproj]
         /root/WorkSpace/CSharp/BannerlordModEditor/BannerlordModEditor.Common/Models/DTO/CreditsDTO.cs(55,23): warning CS8618: 在退出构造函数时，不可为 null 的 属性 "Name" 必须包含非 null 值。请考虑添加 "required" 修饰符或将该 属性 声明为可为 null。 [/root/WorkSpace/CSharp/BannerlordModEditor/BannerlordModEditor.Common/BannerlordModEditor.Common.csproj]
         /root/WorkSpace/CSharp/BannerlordModEditor/BannerlordModEditor.Common/Models/Data/CreditsXmlModel.cs(61,23): warning CS8618: 在退出构造函数时，不可为 null 的 属性 "Text" 必须包含非 null 值。请考虑添加 "required" 修饰符或将该 属性 声明为可为 null。 [/root/WorkSpace/CSharp/BannerlordModEditor/BannerlordModEditor.Common/BannerlordModEditor.Common.csproj]
         /root/WorkSpace/CSharp/BannerlordModEditor/BannerlordModEditor.Common/Models/DTO/CreditsDTO.cs(56,23): warning CS8618: 在退出构造函数时，不可为 null 的 属性 "PlatformSpecific" 必须包含非 null 值。请考虑添加 "required" 修饰符或将该 属性 声明为可为 null。 [/root/WorkSpace/CSharp/BannerlordModEditor/BannerlordModEditor.Common/BannerlordModEditor.Common.csproj]
         /root/WorkSpace/CSharp/BannerlordModEditor/BannerlordModEditor.Common/Models/DTO/CreditsDTO.cs(57,23): warning CS8618: 在退出构造函数时，不可为 null 的 属性 "ConsoleSpecific" 必须包含非 null 值。请考虑添加 "required" 修饰符或将该 属性 声明为可为 null。 [/root/WorkSpace/CSharp/BannerlordModEditor/BannerlordModEditor.Common/BannerlordModEditor.Common.csproj]
         /root/WorkSpace/CSharp/BannerlordModEditor/BannerlordModEditor.Common/Models/Data/CreditsLegalPC.cs(53,23): warning CS8618: 在退出构造函数时，不可为 null 的 属性 "Text" 必须包含非 null 值。请考虑添加 "required" 修饰符或将该 属性 声明为可为 null。 [/root/WorkSpace/CSharp/BannerlordModEditor/BannerlordModEditor.Common/BannerlordModEditor.Common.csproj]
         /root/WorkSpace/CSharp/BannerlordModEditor/BannerlordModEditor.Common/Models/Data/CreditsLegalPC.cs(61,23): warning CS8618: 在退出构造函数时，不可为 null 的 属性 "Text" 必须包含非 null 值。请考虑添加 "required" 修饰符或将该 属性 声明为可为 null。 [/root/WorkSpace/CSharp/BannerlordModEditor/BannerlordModEditor.Common/BannerlordModEditor.Common.csproj]
         /root/WorkSpace/CSharp/BannerlordModEditor/BannerlordModEditor.Common/Models/Data/CreditsXmlModel.cs(72,23): warning CS8618: 在退出构造函数时，不可为 null 的 属性 "Name" 必须包含非 null 值。请考虑添加 "required" 修饰符或将该 属性 声明为可为 null。 [/root/WorkSpace/CSharp/BannerlordModEditor/BannerlordModEditor.Common/BannerlordModEditor.Common.csproj]
         /root/WorkSpace/CSharp/BannerlordModEditor/BannerlordModEditor.Common/Models/Data/CreditsXmlModel.cs(75,23): warning CS8618: 在退出构造函数时，不可为 null 的 属性 "PlatformSpecific" 必须包含非 null 值。请考虑添加 "required" 修饰符或将该 属性 声明为可为 null。 [/root/WorkSpace/CSharp/BannerlordModEditor/BannerlordModEditor.Common/BannerlordModEditor.Common.csproj]
         /root/WorkSpace/CSharp/BannerlordModEditor/BannerlordModEditor.Common/Models/Data/CreditsXmlModel.cs(78,23): warning CS8618: 在退出构造函数时，不可为 null 的 属性 "ConsoleSpecific" 必须包含非 null 值。请考虑添加 "required" 修饰符或将该 属性 声明为可为 null。 [/root/WorkSpace/CSharp/BannerlordModEditor/BannerlordModEditor.Common/BannerlordModEditor.Common.csproj]
         /root/WorkSpace/CSharp/BannerlordModEditor/BannerlordModEditor.Common/Models/Data/CreditsLegalPC.cs(19,23): warning CS8618: 在退出构造函数时，不可为 null 的 属性 "Text" 必须包含非 null 值。请考虑添加 "required" 修饰符或将该 属性 声明为可为 null。 [/root/WorkSpace/CSharp/BannerlordModEditor/BannerlordModEditor.Common/BannerlordModEditor.Common.csproj]
         /root/WorkSpace/CSharp/BannerlordModEditor/BannerlordModEditor.Common/Models/Data/CreditsLegalPC.cs(22,30): warning CS8618: 在退出构造函数时，不可为 null 的 属性 "Sections" 必须包含非 null 值。请考虑添加 "required" 修饰符或将该 属性 声明为可为 null。 [/root/WorkSpace/CSharp/BannerlordModEditor/BannerlordModEditor.Common/BannerlordModEditor.Common.csproj]
         /root/WorkSpace/CSharp/BannerlordModEditor/BannerlordModEditor.Common/Models/Data/CreditsLegalPC.cs(25,28): warning CS8618: 在退出构造函数时，不可为 null 的 属性 "Entries" 必须包含非 null 值。请考虑添加 "required" 修饰符或将该 属性 声明为可为 null。 [/root/WorkSpace/CSharp/BannerlordModEditor/BannerlordModEditor.Common/BannerlordModEditor.Common.csproj]
         /root/WorkSpace/CSharp/BannerlordModEditor/BannerlordModEditor.Common/Models/Data/CreditsLegalPC.cs(28,28): warning CS8618: 在退出构造函数时，不可为 null 的 属性 "Images" 必须包含非 null 值。请考虑添加 "required" 修饰符或将该 属性 声明为可为 null。 [/root/WorkSpace/CSharp/BannerlordModEditor/BannerlordModEditor.Common/BannerlordModEditor.Common.csproj]
         /root/WorkSpace/CSharp/BannerlordModEditor/BannerlordModEditor.Common/Models/Data/CreditsLegalPC.cs(31,46): warning CS8618: 在退出构造函数时，不可为 null 的 属性 "EmptyLines" 必须包含非 null 值。请考虑添加 "required" 修饰符或将该 属性 声明为可为 null。 [/root/WorkSpace/CSharp/BannerlordModEditor/BannerlordModEditor.Common/BannerlordModEditor.Common.csproj]
         /root/WorkSpace/CSharp/BannerlordModEditor/BannerlordModEditor.Common/Models/Data/DecalSets.cs(11,23): warning CS8618: 在退出构造函数时，不可为 null 的 属性 "Type" 必须包含非 null 值。请考虑添加 "required" 修饰符或将该 属性 声明为可为 null。 [/root/WorkSpace/CSharp/BannerlordModEditor/BannerlordModEditor.Common/BannerlordModEditor.Common.csproj]
         /root/WorkSpace/CSharp/BannerlordModEditor/BannerlordModEditor.Common/Models/Data/DecalSets.cs(14,26): warning CS8618: 在退出构造函数时，不可为 null 的 属性 "DecalSets" 必须包含非 null 值。请考虑添加 "required" 修饰符或将该 属性 声明为可为 null。 [/root/WorkSpace/CSharp/BannerlordModEditor/BannerlordModEditor.Common/BannerlordModEditor.Common.csproj]
         /root/WorkSpace/CSharp/BannerlordModEditor/BannerlordModEditor.Common/Models/Data/CreditsXmlModel.cs(11,38): warning CS8618: 在退出构造函数时，不可为 null 的 属性 "Categories" 必须包含非 null 值。请考虑添加 "required" 修饰符或将该 属性 声明为可为 null。 [/root/WorkSpace/CSharp/BannerlordModEditor/BannerlordModEditor.Common/BannerlordModEditor.Common.csproj]
         /root/WorkSpace/CSharp/BannerlordModEditor/BannerlordModEditor.Common/Models/Data/CreditsXmlModel.cs(14,42): warning CS8618: 在退出构造函数时，不可为 null 的 属性 "LoadFromFile" 必须包含非 null 值。请考虑添加 "required" 修饰符或将该 属性 声明为可为 null。 [/root/WorkSpace/CSharp/BannerlordModEditor/BannerlordModEditor.Common/BannerlordModEditor.Common.csproj]
         /root/WorkSpace/CSharp/BannerlordModEditor/BannerlordModEditor.Common/Models/Data/DecalSets.cs(23,31): warning CS8618: 在退出构造函数时，不可为 null 的 属性 "Items" 必须包含非 null 值。请考虑添加 "required" 修饰符或将该 属性 声明为可为 null。 [/root/WorkSpace/CSharp/BannerlordModEditor/BannerlordModEditor.Common/BannerlordModEditor.Common.csproj]
         /root/WorkSpace/CSharp/BannerlordModEditor/BannerlordModEditor.Common/Models/Data/DecalTexturesBattle.cs(11,23): warning CS8618: 在退出构造函数时，不可为 null 的 属性 "Type" 必须包含非 null 值。请考虑添加 "required" 修饰符或将该 属性 声明为可为 null。 [/root/WorkSpace/CSharp/BannerlordModEditor/BannerlordModEditor.Common/BannerlordModEditor.Common.csproj]
         /root/WorkSpace/CSharp/BannerlordModEditor/BannerlordModEditor.Common/Models/Data/DecalTexturesBattle.cs(14,39): warning CS8618: 在退出构造函数时，不可为 null 的 属性 "DecalTextures" 必须包含非 null 值。请考虑添加 "required" 修饰符或将该 属性 声明为可为 null。 [/root/WorkSpace/CSharp/BannerlordModEditor/BannerlordModEditor.Common/BannerlordModEditor.Common.csproj]
         /root/WorkSpace/CSharp/BannerlordModEditor/BannerlordModEditor.Common/Models/Data/CreditsXmlModel.cs(46,23): warning CS8618: 在退出构造函数时，不可为 null 的 属性 "Text" 必须包含非 null 值。请考虑添加 "required" 修饰符或将该 属性 声明为可为 null。 [/root/WorkSpace/CSharp/BannerlordModEditor/BannerlordModEditor.Common/BannerlordModEditor.Common.csproj]
         /root/WorkSpace/CSharp/BannerlordModEditor/BannerlordModEditor.Common/Models/Data/CreditsXmlModel.cs(49,35): warning CS8618: 在退出构造函数时，不可为 null 的 属性 "Entries" 必须包含非 null 值。请考虑添加 "required" 修饰符或将该 属性 声明为可为 null。 [/root/WorkSpace/CSharp/BannerlordModEditor/BannerlordModEditor.Common/BannerlordModEditor.Common.csproj]
         /root/WorkSpace/CSharp/BannerlordModEditor/BannerlordModEditor.Common/Models/Data/CreditsXmlModel.cs(52,39): warning CS8618: 在退出构造函数时，不可为 null 的 属性 "EmptyLines" 必须包含非 null 值。请考虑添加 "required" 修饰符或将该 属性 声明为可为 null。 [/root/WorkSpace/CSharp/BannerlordModEditor/BannerlordModEditor.Common/BannerlordModEditor.Common.csproj]
         /root/WorkSpace/CSharp/BannerlordModEditor/BannerlordModEditor.Common/Models/Data/CreditsXmlModel.cs(23,23): warning CS8618: 在退出构造函数时，不可为 null 的 属性 "Text" 必须包含非 null 值。请考虑添加 "required" 修饰符或将该 属性 声明为可为 null。 [/root/WorkSpace/CSharp/BannerlordModEditor/BannerlordModEditor.Common/BannerlordModEditor.Common.csproj]
         /root/WorkSpace/CSharp/BannerlordModEditor/BannerlordModEditor.Common/Models/Data/CreditsXmlModel.cs(26,37): warning CS8618: 在退出构造函数时，不可为 null 的 属性 "Sections" 必须包含非 null 值。请考虑添加 "required" 修饰符或将该 属性 声明为可为 null。 [/root/WorkSpace/CSharp/BannerlordModEditor/BannerlordModEditor.Common/BannerlordModEditor.Common.csproj]
         /root/WorkSpace/CSharp/BannerlordModEditor/BannerlordModEditor.Common/Models/Data/CreditsXmlModel.cs(29,35): warning CS8618: 在退出构造函数时，不可为 null 的 属性 "Entries" 必须包含非 null 值。请考虑添加 "required" 修饰符或将该 属性 声明为可为 null。 [/root/WorkSpace/CSharp/BannerlordModEditor/BannerlordModEditor.Common/BannerlordModEditor.Common.csproj]
         /root/WorkSpace/CSharp/BannerlordModEditor/BannerlordModEditor.Common/Models/Data/CreditsXmlModel.cs(32,39): warning CS8618: 在退出构造函数时，不可为 null 的 属性 "EmptyLines" 必须包含非 null 值。请考虑添加 "required" 修饰符或将该 属性 声明为可为 null。 [/root/WorkSpace/CSharp/BannerlordModEditor/BannerlordModEditor.Common/BannerlordModEditor.Common.csproj]
         /root/WorkSpace/CSharp/BannerlordModEditor/BannerlordModEditor.Common/Models/Data/CreditsXmlModel.cs(35,42): warning CS8618: 在退出构造函数时，不可为 null 的 属性 "LoadFromFile" 必须包含非 null 值。请考虑添加 "required" 修饰符或将该 属性 声明为可为 null。 [/root/WorkSpace/CSharp/BannerlordModEditor/BannerlordModEditor.Common/BannerlordModEditor.Common.csproj]
         /root/WorkSpace/CSharp/BannerlordModEditor/BannerlordModEditor.Common/Models/Data/DecalTexturesBattle.cs(23,35): warning CS8618: 在退出构造函数时，不可为 null 的 属性 "DecalTextureList" 必须包含非 null 值。请考虑添加 "required" 修饰符或将该 属性 声明为可为 null。 [/root/WorkSpace/CSharp/BannerlordModEditor/BannerlordModEditor.Common/BannerlordModEditor.Common.csproj]
         /root/WorkSpace/CSharp/BannerlordModEditor/BannerlordModEditor.Common/Mappers/MpcosmeticsMapper.cs(12,40): warning CS8603: 可能返回 null 引用。 [/root/WorkSpace/CSharp/BannerlordModEditor/BannerlordModEditor.Common/BannerlordModEditor.Common.csproj]
         /root/WorkSpace/CSharp/BannerlordModEditor/BannerlordModEditor.Common/Models/Data/DecalTexturesMultiplayer.cs(23,59): warning CS8618: 在退出构造函数时，不可为 null 的 属性 "Items" 必须包含非 null 值。请考虑添加 "required" 修饰符或将该 属性 声明为可为 null。 [/root/WorkSpace/CSharp/BannerlordModEditor/BannerlordModEditor.Common/BannerlordModEditor.Common.csproj]
         /root/WorkSpace/CSharp/BannerlordModEditor/BannerlordModEditor.Common/Models/Data/DecalTexturesTown.cs(11,23): warning CS8618: 在退出构造函数时，不可为 null 的 属性 "Type" 必须包含非 null 值。请考虑添加 "required" 修饰符或将该 属性 声明为可为 null。 [/root/WorkSpace/CSharp/BannerlordModEditor/BannerlordModEditor.Common/BannerlordModEditor.Common.csproj]
         /root/WorkSpace/CSharp/BannerlordModEditor/BannerlordModEditor.Common/Models/Data/DecalTexturesTown.cs(14,50): warning CS8618: 在退出构造函数时，不可为 null 的 属性 "DecalTextures" 必须包含非 null 值。请考虑添加 "required" 修饰符或将该 属性 声明为可为 null。 [/root/WorkSpace/CSharp/BannerlordModEditor/BannerlordModEditor.Common/BannerlordModEditor.Common.csproj]
         /root/WorkSpace/CSharp/BannerlordModEditor/BannerlordModEditor.Common/Mappers/MpItemsMapper.cs(188,40): warning CS8603: 可能返回 null 引用。 [/root/WorkSpace/CSharp/BannerlordModEditor/BannerlordModEditor.Common/BannerlordModEditor.Common.csproj]
         /root/WorkSpace/CSharp/BannerlordModEditor/BannerlordModEditor.Common/Models/Data/DecalTexturesBattle.cs(31,23): warning CS8618: 在退出构造函数时，不可为 null 的 属性 "Name" 必须包含非 null 值。请考虑添加 "required" 修饰符或将该 属性 声明为可为 null。 [/root/WorkSpace/CSharp/BannerlordModEditor/BannerlordModEditor.Common/BannerlordModEditor.Common.csproj]
         /root/WorkSpace/CSharp/BannerlordModEditor/BannerlordModEditor.Common/Models/Data/DecalTexturesBattle.cs(34,23): warning CS8618: 在退出构造函数时，不可为 null 的 属性 "AtlasPos" 必须包含非 null 值。请考虑添加 "required" 修饰符或将该 属性 声明为可为 null。 [/root/WorkSpace/CSharp/BannerlordModEditor/BannerlordModEditor.Common/BannerlordModEditor.Common.csproj]
         /root/WorkSpace/CSharp/BannerlordModEditor/BannerlordModEditor.Common/Models/Data/DecalTexturesBattle.cs(37,23): warning CS8618: 在退出构造函数时，不可为 null 的 属性 "IsDynamic" 必须包含非 null 值。请考虑添加 "required" 修饰符或将该 属性 声明为可为 null。 [/root/WorkSpace/CSharp/BannerlordModEditor/BannerlordModEditor.Common/BannerlordModEditor.Common.csproj]
         /root/WorkSpace/CSharp/BannerlordModEditor/BannerlordModEditor.Common/Models/Data/DecalSets.cs(31,23): warning CS8618: 在退出构造函数时，不可为 null 的 属性 "Name" 必须包含非 null 值。请考虑添加 "required" 修饰符或将该 属性 声明为可为 null。 [/root/WorkSpace/CSharp/BannerlordModEditor/BannerlordModEditor.Common/BannerlordModEditor.Common.csproj]
         /root/WorkSpace/CSharp/BannerlordModEditor/BannerlordModEditor.Common/Models/Data/DecalSets.cs(34,23): warning CS8618: 在退出构造函数时，不可为 null 的 属性 "TotalDecalLifeBase" 必须包含非 null 值。请考虑添加 "required" 修饰符或将该 属性 声明为可为 null。 [/root/WorkSpace/CSharp/BannerlordModEditor/BannerlordModEditor.Common/BannerlordModEditor.Common.csproj]
         /root/WorkSpace/CSharp/BannerlordModEditor/BannerlordModEditor.Common/Models/Data/DecalSets.cs(37,23): warning CS8618: 在退出构造函数时，不可为 null 的 属性 "VisibleDecalLifeBase" 必须包含非 null 值。请考虑添加 "required" 修饰符或将该 属性 声明为可为 null。 [/root/WorkSpace/CSharp/BannerlordModEditor/BannerlordModEditor.Common/BannerlordModEditor.Common.csproj]
         /root/WorkSpace/CSharp/BannerlordModEditor/BannerlordModEditor.Common/Models/Data/DecalSets.cs(43,23): warning CS8618: 在退出构造函数时，不可为 null 的 属性 "MinVisibilityArea" 必须包含非 null 值。请考虑添加 "required" 修饰符或将该 属性 声明为可为 null。 [/root/WorkSpace/CSharp/BannerlordModEditor/BannerlordModEditor.Common/BannerlordModEditor.Common.csproj]
         /root/WorkSpace/CSharp/BannerlordModEditor/BannerlordModEditor.Common/Mappers/MpcosmeticsMapper.cs(24,40): warning CS8603: 可能返回 null 引用。 [/root/WorkSpace/CSharp/BannerlordModEditor/BannerlordModEditor.Common/BannerlordModEditor.Common.csproj]
         /root/WorkSpace/CSharp/BannerlordModEditor/BannerlordModEditor.Common/Models/DTO/CreditsDTO.cs(66,23): warning CS8618: 在退出构造函数时，不可为 null 的 属性 "Text" 必须包含非 null 值。请考虑添加 "required" 修饰符或将该 属性 声明为可为 null。 [/root/WorkSpace/CSharp/BannerlordModEditor/BannerlordModEditor.Common/BannerlordModEditor.Common.csproj]
         /root/WorkSpace/CSharp/BannerlordModEditor/BannerlordModEditor.Common/Models/Data/DecalTexturesWorldmap.cs(31,23): warning CS8618: 在退出构造函数时，不可为 null 的 属性 "Name" 必须包含非 null 值。请考虑添加 "required" 修饰符或将该 属性 声明为可为 null。 [/root/WorkSpace/CSharp/BannerlordModEditor/BannerlordModEditor.Common/BannerlordModEditor.Common.csproj]
         /root/WorkSpace/CSharp/BannerlordModEditor/BannerlordModEditor.Common/Models/Data/DecalTexturesWorldmap.cs(34,23): warning CS8618: 在退出构造函数时，不可为 null 的 属性 "AtlasPos" 必须包含非 null 值。请考虑添加 "required" 修饰符或将该 属性 声明为可为 null。 [/root/WorkSpace/CSharp/BannerlordModEditor/BannerlordModEditor.Common/BannerlordModEditor.Common.csproj]
         /root/WorkSpace/CSharp/BannerlordModEditor/BannerlordModEditor.Common/Models/Data/DecalTexturesWorldmap.cs(37,23): warning CS8618: 在退出构造函数时，不可为 null 的 属性 "IsDynamic" 必须包含非 null 值。请考虑添加 "required" 修饰符或将该 属性 声明为可为 null。 [/root/WorkSpace/CSharp/BannerlordModEditor/BannerlordModEditor.Common/BannerlordModEditor.Common.csproj]
         /root/WorkSpace/CSharp/BannerlordModEditor/BannerlordModEditor.Common/Models/DO/MpCraftingPiecesDO.cs(215,23): warning CS8618: 在退出构造函数时，不可为 null 的 属性 "Id" 必须包含非 null 值。请考虑添加 "required" 修饰符或将该 属性 声明为可为 null。 [/root/WorkSpace/CSharp/BannerlordModEditor/BannerlordModEditor.Common/BannerlordModEditor.Common.csproj]
         /root/WorkSpace/CSharp/BannerlordModEditor/BannerlordModEditor.Common/Models/DO/MpCraftingPiecesDO.cs(218,23): warning CS8618: 在退出构造函数时，不可为 null 的 属性 "Count" 必须包含非 null 值。请考虑添加 "required" 修饰符或将该 属性 声明为可为 null。 [/root/WorkSpace/CSharp/BannerlordModEditor/BannerlordModEditor.Common/BannerlordModEditor.Common.csproj]
         /root/WorkSpace/CSharp/BannerlordModEditor/BannerlordModEditor.Common/Mappers/MpItemsMapper.cs(225,40): warning CS8603: 可能返回 null 引用。 [/root/WorkSpace/CSharp/BannerlordModEditor/BannerlordModEditor.Common/BannerlordModEditor.Common.csproj]
         /root/WorkSpace/CSharp/BannerlordModEditor/BannerlordModEditor.Common/Mappers/MpItemsMapper.cs(239,42): warning CS8604: “AdditionalMeshesDTO MpItemsMapper.ToDTO(AdditionalMeshesDO source)”中的形参“source”可能传入 null 引用实参。 [/root/WorkSpace/CSharp/BannerlordModEditor/BannerlordModEditor.Common/BannerlordModEditor.Common.csproj]
         /root/WorkSpace/CSharp/BannerlordModEditor/BannerlordModEditor.Common/Mappers/MpItemsMapper.cs(240,35): warning CS8604: “MpItemMaterialsDTO MpItemsMapper.ToDTO(MpItemMaterialsDO source)”中的形参“source”可能传入 null 引用实参。 [/root/WorkSpace/CSharp/BannerlordModEditor/BannerlordModEditor.Common/BannerlordModEditor.Common.csproj]
         /root/WorkSpace/CSharp/BannerlordModEditor/BannerlordModEditor.Common/Models/Data/FloraKinds.cs(29,20): warning CS8603: 可能返回 null 引用。 [/root/WorkSpace/CSharp/BannerlordModEditor/BannerlordModEditor.Common/BannerlordModEditor.Common.csproj]
         /root/WorkSpace/CSharp/BannerlordModEditor/BannerlordModEditor.Common/Models/Data/DecalTexturesWorldmap.cs(23,56): warning CS8618: 在退出构造函数时，不可为 null 的 属性 "DecalTextureList" 必须包含非 null 值。请考虑添加 "required" 修饰符或将该 属性 声明为可为 null。 [/root/WorkSpace/CSharp/BannerlordModEditor/BannerlordModEditor.Common/BannerlordModEditor.Common.csproj]
         /root/WorkSpace/CSharp/BannerlordModEditor/BannerlordModEditor.Common/Mappers/MpItemsMapper.cs(246,40): warning CS8603: 可能返回 null 引用。 [/root/WorkSpace/CSharp/BannerlordModEditor/BannerlordModEditor.Common/BannerlordModEditor.Common.csproj]
         /root/WorkSpace/CSharp/BannerlordModEditor/BannerlordModEditor.Common/Models/Data/FloraKinds.cs(56,23): warning CS8618: 在退出构造函数时，不可为 null 的 属性 "Name" 必须包含非 null 值。请考虑添加 "required" 修饰符或将该 属性 声明为可为 null。 [/root/WorkSpace/CSharp/BannerlordModEditor/BannerlordModEditor.Common/BannerlordModEditor.Common.csproj]
         /root/WorkSpace/CSharp/BannerlordModEditor/BannerlordModEditor.Common/Models/Data/FloraKinds.cs(59,23): warning CS8618: 在退出构造函数时，不可为 null 的 属性 "Value" 必须包含非 null 值。请考虑添加 "required" 修饰符或将该 属性 声明为可为 null。 [/root/WorkSpace/CSharp/BannerlordModEditor/BannerlordModEditor.Common/BannerlordModEditor.Common.csproj]
         /root/WorkSpace/CSharp/BannerlordModEditor/BannerlordModEditor.Common/Models/Data/FloraKinds.cs(24,23): warning CS8618: 在退出构造函数时，不可为 null 的 属性 "Name" 必须包含非 null 值。请考虑添加 "required" 修饰符或将该 属性 声明为可为 null。 [/root/WorkSpace/CSharp/BannerlordModEditor/BannerlordModEditor.Common/BannerlordModEditor.Common.csproj]
         /root/WorkSpace/CSharp/BannerlordModEditor/BannerlordModEditor.Common/Models/Data/FloraKinds.cs(36,27): warning CS8618: 在退出构造函数时，不可为 null 的 属性 "Flags" 必须包含非 null 值。请考虑添加 "required" 修饰符或将该 属性 声明为可为 null。 [/root/WorkSpace/CSharp/BannerlordModEditor/BannerlordModEditor.Common/BannerlordModEditor.Common.csproj]
         /root/WorkSpace/CSharp/BannerlordModEditor/BannerlordModEditor.Common/Mappers/MpItemsMapper.cs(256,40): warning CS8603: 可能返回 null 引用。 [/root/WorkSpace/CSharp/BannerlordModEditor/BannerlordModEditor.Common/BannerlordModEditor.Common.csproj]
         /root/WorkSpace/CSharp/BannerlordModEditor/BannerlordModEditor.Common/Models/Data/FloraKinds.cs(68,23): warning CS8618: 在退出构造函数时，不可为 null 的 属性 "Season" 必须包含非 null 值。请考虑添加 "required" 修饰符或将该 属性 声明为可为 null。 [/root/WorkSpace/CSharp/BannerlordModEditor/BannerlordModEditor.Common/BannerlordModEditor.Common.csproj]
         /root/WorkSpace/CSharp/BannerlordModEditor/BannerlordModEditor.Common/Models/Data/FloraKinds.cs(71,32): warning CS8618: 在退出构造函数时，不可为 null 的 属性 "FloraVariations" 必须包含非 null 值。请考虑添加 "required" 修饰符或将该 属性 声明为可为 null。 [/root/WorkSpace/CSharp/BannerlordModEditor/BannerlordModEditor.Common/BannerlordModEditor.Common.csproj]
         /root/WorkSpace/CSharp/BannerlordModEditor/BannerlordModEditor.Common/Models/Data/FloraKinds.cs(92,20): warning CS8603: 可能返回 null 引用。 [/root/WorkSpace/CSharp/BannerlordModEditor/BannerlordModEditor.Common/BannerlordModEditor.Common.csproj]
         /root/WorkSpace/CSharp/BannerlordModEditor/BannerlordModEditor.Common/Models/Data/FloraKinds.cs(126,23): warning CS8618: 在退出构造函数时，不可为 null 的 属性 "Name" 必须包含非 null 值。请考虑添加 "required" 修饰符或将该 属性 声明为可为 null。 [/root/WorkSpace/CSharp/BannerlordModEditor/BannerlordModEditor.Common/BannerlordModEditor.Common.csproj]
         /root/WorkSpace/CSharp/BannerlordModEditor/BannerlordModEditor.Common/Models/Data/FloraKinds.cs(129,23): warning CS8618: 在退出构造函数时，不可为 null 的 属性 "Material" 必须包含非 null 值。请考虑添加 "required" 修饰符或将该 属性 声明为可为 null。 [/root/WorkSpace/CSharp/BannerlordModEditor/BannerlordModEditor.Common/BannerlordModEditor.Common.csproj]
         /root/WorkSpace/CSharp/BannerlordModEditor/BannerlordModEditor.Common/Models/Data/FloraLayerSets.cs(19,23): warning CS8618: 在退出构造函数时，不可为 null 的 属性 "Name" 必须包含非 null 值。请考虑添加 "required" 修饰符或将该 属性 声明为可为 null。 [/root/WorkSpace/CSharp/BannerlordModEditor/BannerlordModEditor.Common/BannerlordModEditor.Common.csproj]
         /root/WorkSpace/CSharp/BannerlordModEditor/BannerlordModEditor.Common/Models/Data/FloraLayerSets.cs(30,31): warning CS8618: 在退出构造函数时，不可为 null 的 属性 "Mesh" 必须包含非 null 值。请考虑添加 "required" 修饰符或将该 属性 声明为可为 null。 [/root/WorkSpace/CSharp/BannerlordModEditor/BannerlordModEditor.Common/BannerlordModEditor.Common.csproj]
         /root/WorkSpace/CSharp/BannerlordModEditor/BannerlordModEditor.Common/Models/Data/DecalTexturesTown.cs(23,52): warning CS8618: 在退出构造函数时，不可为 null 的 属性 "Items" 必须包含非 null 值。请考虑添加 "required" 修饰符或将该 属性 声明为可为 null。 [/root/WorkSpace/CSharp/BannerlordModEditor/BannerlordModEditor.Common/BannerlordModEditor.Common.csproj]
         /root/WorkSpace/CSharp/BannerlordModEditor/BannerlordModEditor.Common/Models/Data/FloraKinds.cs(101,20): warning CS8603: 可能返回 null 引用。 [/root/WorkSpace/CSharp/BannerlordModEditor/BannerlordModEditor.Common/BannerlordModEditor.Common.csproj]
         /root/WorkSpace/CSharp/BannerlordModEditor/BannerlordModEditor.Common/Models/Data/GogAchievementData.cs(17,23): warning CS8618: 在退出构造函数时，不可为 null 的 属性 "Name" 必须包含非 null 值。请考虑添加 "required" 修饰符或将该 属性 声明为可为 null。 [/root/WorkSpace/CSharp/BannerlordModEditor/BannerlordModEditor.Common/BannerlordModEditor.Common.csproj]
         /root/WorkSpace/CSharp/BannerlordModEditor/BannerlordModEditor.Common/Models/Data/GogAchievementData.cs(20,43): warning CS8618: 在退出构造函数时，不可为 null 的 属性 "Requirements" 必须包含非 null 值。请考虑添加 "required" 修饰符或将该 属性 声明为可为 null。 [/root/WorkSpace/CSharp/BannerlordModEditor/BannerlordModEditor.Common/BannerlordModEditor.Common.csproj]
         /root/WorkSpace/CSharp/BannerlordModEditor/BannerlordModEditor.Common/Mappers/MpItemsMapper.cs(267,40): warning CS8603: 可能返回 null 引用。 [/root/WorkSpace/CSharp/BannerlordModEditor/BannerlordModEditor.Common/BannerlordModEditor.Common.csproj]
         /root/WorkSpace/CSharp/BannerlordModEditor/BannerlordModEditor.Common/Models/Data/GogAchievementData.cs(32,23): warning CS8618: 在退出构造函数时，不可为 null 的 属性 "StatName" 必须包含非 null 值。请考虑添加 "required" 修饰符或将该 属性 声明为可为 null。 [/root/WorkSpace/CSharp/BannerlordModEditor/BannerlordModEditor.Common/BannerlordModEditor.Common.csproj]
         /root/WorkSpace/CSharp/BannerlordModEditor/BannerlordModEditor.Common/Models/Data/ItemHolsters.cs(11,38): warning CS8618: 在退出构造函数时，不可为 null 的 属性 "ItemHolstersContainer" 必须包含非 null 值。请考虑添加 "required" 修饰符或将该 属性 声明为可为 null。 [/root/WorkSpace/CSharp/BannerlordModEditor/BannerlordModEditor.Common/BannerlordModEditor.Common.csproj]
         /root/WorkSpace/CSharp/BannerlordModEditor/BannerlordModEditor.Common/Mappers/MpItemsMapper.cs(277,40): warning CS8603: 可能返回 null 引用。 [/root/WorkSpace/CSharp/BannerlordModEditor/BannerlordModEditor.Common/BannerlordModEditor.Common.csproj]
         /root/WorkSpace/CSharp/BannerlordModEditor/BannerlordModEditor.Common/Mappers/MpItemsMapper.cs(282,41): warning CS8604: “MpItemMeshMultipliersDTO MpItemsMapper.ToDTO(MpItemMeshMultipliersDO source)”中的形参“source”可能传入 null 引用实参。 [/root/WorkSpace/CSharp/BannerlordModEditor/BannerlordModEditor.Common/BannerlordModEditor.Common.csproj]
         /root/WorkSpace/CSharp/BannerlordModEditor/BannerlordModEditor.Common/Models/Data/FloraLayerSets.cs(38,23): warning CS8618: 在退出构造函数时，不可为 null 的 属性 "Name" 必须包含非 null 值。请考虑添加 "required" 修饰符或将该 属性 声明为可为 null。 [/root/WorkSpace/CSharp/BannerlordModEditor/BannerlordModEditor.Common/BannerlordModEditor.Common.csproj]
         /root/WorkSpace/CSharp/BannerlordModEditor/BannerlordModEditor.Common/Models/Data/FloraLayerSets.cs(56,23): warning CS8618: 在退出构造函数时，不可为 null 的 属性 "SizeMin" 必须包含非 null 值。请考虑添加 "required" 修饰符或将该 属性 声明为可为 null。 [/root/WorkSpace/CSharp/BannerlordModEditor/BannerlordModEditor.Common/BannerlordModEditor.Common.csproj]
         /root/WorkSpace/CSharp/BannerlordModEditor/BannerlordModEditor.Common/Models/Data/FloraLayerSets.cs(59,23): warning CS8618: 在退出构造函数时，不可为 null 的 属性 "SizeMax" 必须包含非 null 值。请考虑添加 "required" 修饰符或将该 属性 声明为可为 null。 [/root/WorkSpace/CSharp/BannerlordModEditor/BannerlordModEditor.Common/BannerlordModEditor.Common.csproj]
         /root/WorkSpace/CSharp/BannerlordModEditor/BannerlordModEditor.Common/Models/Data/FloraLayerSets.cs(62,23): warning CS8618: 在退出构造函数时，不可为 null 的 属性 "AlbedoMultiplier" 必须包含非 null 值。请考虑添加 "required" 修饰符或将该 属性 声明为可为 null。 [/root/WorkSpace/CSharp/BannerlordModEditor/BannerlordModEditor.Common/BannerlordModEditor.Common.csproj]
         /root/WorkSpace/CSharp/BannerlordModEditor/BannerlordModEditor.Common/Models/Data/ItemModifiersGroups.cs(19,23): warning CS8618: 在退出构造函数时，不可为 null 的 属性 "Id" 必须包含非 null 值。请考虑添加 "required" 修饰符或将该 属性 声明为可为 null。 [/root/WorkSpace/CSharp/BannerlordModEditor/BannerlordModEditor.Common/BannerlordModEditor.Common.csproj]
         /root/WorkSpace/CSharp/BannerlordModEditor/BannerlordModEditor.Common/Models/Data/ItemModifiers.cs(31,20): warning CS8603: 可能返回 null 引用。 [/root/WorkSpace/CSharp/BannerlordModEditor/BannerlordModEditor.Common/BannerlordModEditor.Common.csproj]
         /root/WorkSpace/CSharp/BannerlordModEditor/BannerlordModEditor.Common/Models/Data/DecalTexturesMultiplayer.cs(11,23): warning CS8618: 在退出构造函数时，不可为 null 的 属性 "Type" 必须包含非 null 值。请考虑添加 "required" 修饰符或将该 属性 声明为可为 null。 [/root/WorkSpace/CSharp/BannerlordModEditor/BannerlordModEditor.Common/BannerlordModEditor.Common.csproj]
         /root/WorkSpace/CSharp/BannerlordModEditor/BannerlordModEditor.Common/Models/Data/DecalTexturesMultiplayer.cs(14,57): warning CS8618: 在退出构造函数时，不可为 null 的 属性 "DecalTextures" 必须包含非 null 值。请考虑添加 "required" 修饰符或将该 属性 声明为可为 null。 [/root/WorkSpace/CSharp/BannerlordModEditor/BannerlordModEditor.Common/BannerlordModEditor.Common.csproj]
         /root/WorkSpace/CSharp/BannerlordModEditor/BannerlordModEditor.Common/Mappers/MpItemsMapper.cs(288,40): warning CS8603: 可能返回 null 引用。 [/root/WorkSpace/CSharp/BannerlordModEditor/BannerlordModEditor.Common/BannerlordModEditor.Common.csproj]
         /root/WorkSpace/CSharp/BannerlordModEditor/BannerlordModEditor.Common/Models/Data/CraftingPieces.cs(200,23): warning CS8618: 在退出构造函数时，不可为 null 的 属性 "Name" 必须包含非 null 值。请考虑添加 "required" 修饰符或将该 属性 声明为可为 null。 [/root/WorkSpace/CSharp/BannerlordModEditor/BannerlordModEditor.Common/BannerlordModEditor.Common.csproj]
         /root/WorkSpace/CSharp/BannerlordModEditor/BannerlordModEditor.Common/Models/Data/CraftingPieces.cs(203,23): warning CS8618: 在退出构造函数时，不可为 null 的 属性 "Value" 必须包含非 null 值。请考虑添加 "required" 修饰符或将该 属性 声明为可为 null。 [/root/WorkSpace/CSharp/BannerlordModEditor/BannerlordModEditor.Common/BannerlordModEditor.Common.csproj]
         /root/WorkSpace/CSharp/BannerlordModEditor/BannerlordModEditor.Common/Mappers/CraftingTemplatesMapper.cs(155,40): warning CS8603: 可能返回 null 引用。 [/root/WorkSpace/CSharp/BannerlordModEditor/BannerlordModEditor.Common/BannerlordModEditor.Common.csproj]
         /root/WorkSpace/CSharp/BannerlordModEditor/BannerlordModEditor.Common/Mappers/MpItemsMapper.cs(298,40): warning CS8603: 可能返回 null 引用。 [/root/WorkSpace/CSharp/BannerlordModEditor/BannerlordModEditor.Common/BannerlordModEditor.Common.csproj]
         /root/WorkSpace/CSharp/BannerlordModEditor/BannerlordModEditor.Common/Mappers/CraftingTemplatesMapper.cs(165,40): warning CS8603: 可能返回 null 引用。 [/root/WorkSpace/CSharp/BannerlordModEditor/BannerlordModEditor.Common/BannerlordModEditor.Common.csproj]
         /root/WorkSpace/CSharp/BannerlordModEditor/BannerlordModEditor.Common/Models/DTO/ItemHolstersDTO.cs(11,41): warning CS8618: 在退出构造函数时，不可为 null 的 属性 "ItemHolstersContainer" 必须包含非 null 值。请考虑添加 "required" 修饰符或将该 属性 声明为可为 null。 [/root/WorkSpace/CSharp/BannerlordModEditor/BannerlordModEditor.Common/BannerlordModEditor.Common.csproj]
         /root/WorkSpace/CSharp/BannerlordModEditor/BannerlordModEditor.Common/Mappers/MpItemsMapper.cs(309,40): warning CS8603: 可能返回 null 引用。 [/root/WorkSpace/CSharp/BannerlordModEditor/BannerlordModEditor.Common/BannerlordModEditor.Common.csproj]
         /root/WorkSpace/CSharp/BannerlordModEditor/BannerlordModEditor.Common/Models/Data/Looknfeel.cs(27,29): warning CS8618: 在退出构造函数时，不可为 null 的 属性 "WidgetList" 必须包含非 null 值。请考虑添加 "required" 修饰符或将该 属性 声明为可为 null。 [/root/WorkSpace/CSharp/BannerlordModEditor/BannerlordModEditor.Common/BannerlordModEditor.Common.csproj]
         /root/WorkSpace/CSharp/BannerlordModEditor/BannerlordModEditor.Common/Models/Data/ItemModifiers.cs(41,20): warning CS8603: 可能返回 null 引用。 [/root/WorkSpace/CSharp/BannerlordModEditor/BannerlordModEditor.Common/BannerlordModEditor.Common.csproj]
         /root/WorkSpace/CSharp/BannerlordModEditor/BannerlordModEditor.Common/Models/Data/Looknfeel.cs(11,23): warning CS8618: 在退出构造函数时，不可为 null 的 属性 "Type" 必须包含非 null 值。请考虑添加 "required" 修饰符或将该 属性 声明为可为 null。 [/root/WorkSpace/CSharp/BannerlordModEditor/BannerlordModEditor.Common/BannerlordModEditor.Common.csproj]
         /root/WorkSpace/CSharp/BannerlordModEditor/BannerlordModEditor.Common/Models/Data/Looknfeel.cs(14,23): warning CS8618: 在退出构造函数时，不可为 null 的 属性 "VirtualResolution" 必须包含非 null 值。请考虑添加 "required" 修饰符或将该 属性 声明为可为 null。 [/root/WorkSpace/CSharp/BannerlordModEditor/BannerlordModEditor.Common/BannerlordModEditor.Common.csproj]
         /root/WorkSpace/CSharp/BannerlordModEditor/BannerlordModEditor.Common/Models/Data/Looknfeel.cs(17,33): warning CS8618: 在退出构造函数时，不可为 null 的 属性 "Widgets" 必须包含非 null 值。请考虑添加 "required" 修饰符或将该 属性 声明为可为 null。 [/root/WorkSpace/CSharp/BannerlordModEditor/BannerlordModEditor.Common/BannerlordModEditor.Common.csproj]
         /root/WorkSpace/CSharp/BannerlordModEditor/BannerlordModEditor.Common/Models/Data/Looknfeel.cs(247,32): warning CS8618: 在退出构造函数时，不可为 null 的 属性 "SubWidgetList" 必须包含非 null 值。请考虑添加 "required" 修饰符或将该 属性 声明为可为 null。 [/root/WorkSpace/CSharp/BannerlordModEditor/BannerlordModEditor.Common/BannerlordModEditor.Common.csproj]
         /root/WorkSpace/CSharp/BannerlordModEditor/BannerlordModEditor.Common/Models/Data/ManagedCampaignParameters.cs(23,47): warning CS8618: 在退出构造函数时，不可为 null 的 属性 "Parameters" 必须包含非 null 值。请考虑添加 "required" 修饰符或将该 属性 声明为可为 null。 [/root/WorkSpace/CSharp/BannerlordModEditor/BannerlordModEditor.Common/BannerlordModEditor.Common.csproj]
         /root/WorkSpace/CSharp/BannerlordModEditor/BannerlordModEditor.Common/Models/Data/ManagedCampaignParameters.cs(11,23): warning CS8618: 在退出构造函数时，不可为 null 的 属性 "Type" 必须包含非 null 值。请考虑添加 "required" 修饰符或将该 属性 声明为可为 null。 [/root/WorkSpace/CSharp/BannerlordModEditor/BannerlordModEditor.Common/BannerlordModEditor.Common.csproj]
         /root/WorkSpace/CSharp/BannerlordModEditor/BannerlordModEditor.Common/Models/Data/ManagedCampaignParameters.cs(14,51): warning CS8618: 在退出构造函数时，不可为 null 的 属性 "ParametersContainer" 必须包含非 null 值。请考虑添加 "required" 修饰符或将该 属性 声明为可为 null。 [/root/WorkSpace/CSharp/BannerlordModEditor/BannerlordModEditor.Common/BannerlordModEditor.Common.csproj]
         /root/WorkSpace/CSharp/BannerlordModEditor/BannerlordModEditor.Common/Mappers/CraftingTemplatesMapper.cs(175,40): warning CS8603: 可能返回 null 引用。 [/root/WorkSpace/CSharp/BannerlordModEditor/BannerlordModEditor.Common/BannerlordModEditor.Common.csproj]
         /root/WorkSpace/CSharp/BannerlordModEditor/BannerlordModEditor.Common/Models/Data/Looknfeel.cs(227,23): warning CS8618: 在退出构造函数时，不可为 null 的 属性 "Name" 必须包含非 null 值。请考虑添加 "required" 修饰符或将该 属性 声明为可为 null。 [/root/WorkSpace/CSharp/BannerlordModEditor/BannerlordModEditor.Common/BannerlordModEditor.Common.csproj]
         /root/WorkSpace/CSharp/BannerlordModEditor/BannerlordModEditor.Common/Models/Data/Looknfeel.cs(230,23): warning CS8618: 在退出构造函数时，不可为 null 的 属性 "Tiling" 必须包含非 null 值。请考虑添加 "required" 修饰符或将该 属性 声明为可为 null。 [/root/WorkSpace/CSharp/BannerlordModEditor/BannerlordModEditor.Common/BannerlordModEditor.Common.csproj]
         /root/WorkSpace/CSharp/BannerlordModEditor/BannerlordModEditor.Common/Models/Data/Looknfeel.cs(233,23): warning CS8618: 在退出构造函数时，不可为 null 的 属性 "MainMesh" 必须包含非 null 值。请考虑添加 "required" 修饰符或将该 属性 声明为可为 null。 [/root/WorkSpace/CSharp/BannerlordModEditor/BannerlordModEditor.Common/BannerlordModEditor.Common.csproj]
         /root/WorkSpace/CSharp/BannerlordModEditor/BannerlordModEditor.Common/Models/Data/Looknfeel.cs(236,23): warning CS8618: 在退出构造函数时，不可为 null 的 属性 "Position" 必须包含非 null 值。请考虑添加 "required" 修饰符或将该 属性 声明为可为 null。 [/root/WorkSpace/CSharp/BannerlordModEditor/BannerlordModEditor.Common/BannerlordModEditor.Common.csproj]
         /root/WorkSpace/CSharp/BannerlordModEditor/BannerlordModEditor.Common/Models/Data/ItemModifiers.cs(51,20): warning CS8603: 可能返回 null 引用。 [/root/WorkSpace/CSharp/BannerlordModEditor/BannerlordModEditor.Common/BannerlordModEditor.Common.csproj]
         /root/WorkSpace/CSharp/BannerlordModEditor/BannerlordModEditor.Common/Models/Data/ManagedCampaignParameters.cs(31,23): warning CS8618: 在退出构造函数时，不可为 null 的 属性 "Id" 必须包含非 null 值。请考虑添加 "required" 修饰符或将该 属性 声明为可为 null。 [/root/WorkSpace/CSharp/BannerlordModEditor/BannerlordModEditor.Common/BannerlordModEditor.Common.csproj]
         /root/WorkSpace/CSharp/BannerlordModEditor/BannerlordModEditor.Common/Models/Data/ManagedCampaignParameters.cs(34,23): warning CS8618: 在退出构造函数时，不可为 null 的 属性 "Value" 必须包含非 null 值。请考虑添加 "required" 修饰符或将该 属性 声明为可为 null。 [/root/WorkSpace/CSharp/BannerlordModEditor/BannerlordModEditor.Common/BannerlordModEditor.Common.csproj]
         /root/WorkSpace/CSharp/BannerlordModEditor/BannerlordModEditor.Common/Models/Data/MapIcons.cs(11,23): warning CS8618: 在退出构造函数时，不可为 null 的 属性 "Type" 必须包含非 null 值。请考虑添加 "required" 修饰符或将该 属性 声明为可为 null。 [/root/WorkSpace/CSharp/BannerlordModEditor/BannerlordModEditor.Common/BannerlordModEditor.Common.csproj]
         /root/WorkSpace/CSharp/BannerlordModEditor/BannerlordModEditor.Common/Models/Data/MapIcons.cs(14,34): warning CS8618: 在退出构造函数时，不可为 null 的 属性 "MapIconsContainer" 必须包含非 null 值。请考虑添加 "required" 修饰符或将该 属性 声明为可为 null。 [/root/WorkSpace/CSharp/BannerlordModEditor/BannerlordModEditor.Common/BannerlordModEditor.Common.csproj]
         /root/WorkSpace/CSharp/BannerlordModEditor/BannerlordModEditor.Common/Mappers/MpItemsMapper.cs(321,40): warning CS8603: 可能返回 null 引用。 [/root/WorkSpace/CSharp/BannerlordModEditor/BannerlordModEditor.Common/BannerlordModEditor.Common.csproj]
         /root/WorkSpace/CSharp/BannerlordModEditor/BannerlordModEditor.Common/Models/Data/ItemModifiers.cs(61,20): warning CS8603: 可能返回 null 引用。 [/root/WorkSpace/CSharp/BannerlordModEditor/BannerlordModEditor.Common/BannerlordModEditor.Common.csproj]
         /root/WorkSpace/CSharp/BannerlordModEditor/BannerlordModEditor.Common/Models/Data/DecalTexturesMultiplayer.cs(31,23): warning CS8618: 在退出构造函数时，不可为 null 的 属性 "Name" 必须包含非 null 值。请考虑添加 "required" 修饰符或将该 属性 声明为可为 null。 [/root/WorkSpace/CSharp/BannerlordModEditor/BannerlordModEditor.Common/BannerlordModEditor.Common.csproj]
         /root/WorkSpace/CSharp/BannerlordModEditor/BannerlordModEditor.Common/Models/Data/DecalTexturesMultiplayer.cs(34,23): warning CS8618: 在退出构造函数时，不可为 null 的 属性 "AtlasPos" 必须包含非 null 值。请考虑添加 "required" 修饰符或将该 属性 声明为可为 null。 [/root/WorkSpace/CSharp/BannerlordModEditor/BannerlordModEditor.Common/BannerlordModEditor.Common.csproj]
         /root/WorkSpace/CSharp/BannerlordModEditor/BannerlordModEditor.Common/Models/Data/DecalTexturesMultiplayer.cs(37,23): warning CS8618: 在退出构造函数时，不可为 null 的 属性 "IsDynamic" 必须包含非 null 值。请考虑添加 "required" 修饰符或将该 属性 声明为可为 null。 [/root/WorkSpace/CSharp/BannerlordModEditor/BannerlordModEditor.Common/BannerlordModEditor.Common.csproj]
         /root/WorkSpace/CSharp/BannerlordModEditor/BannerlordModEditor.Common/Mappers/CraftingTemplatesMapper.cs(188,40): warning CS8603: 可能返回 null 引用。 [/root/WorkSpace/CSharp/BannerlordModEditor/BannerlordModEditor.Common/BannerlordModEditor.Common.csproj]
         /root/WorkSpace/CSharp/BannerlordModEditor/BannerlordModEditor.Common/Models/Data/Looknfeel.cs(195,36): warning CS8618: 在退出构造函数时，不可为 null 的 属性 "BackgroundMeshes" 必须包含非 null 值。请考虑添加 "required" 修饰符或将该 属性 声明为可为 null。 [/root/WorkSpace/CSharp/BannerlordModEditor/BannerlordModEditor.Common/BannerlordModEditor.Common.csproj]
         /root/WorkSpace/CSharp/BannerlordModEditor/BannerlordModEditor.Common/Models/Data/Looknfeel.cs(198,36): warning CS8618: 在退出构造函数时，不可为 null 的 属性 "ButtonMeshes" 必须包含非 null 值。请考虑添加 "required" 修饰符或将该 属性 声明为可为 null。 [/root/WorkSpace/CSharp/BannerlordModEditor/BannerlordModEditor.Common/BannerlordModEditor.Common.csproj]
         /root/WorkSpace/CSharp/BannerlordModEditor/BannerlordModEditor.Common/Models/Data/Looknfeel.cs(201,36): warning CS8618: 在退出构造函数时，不可为 null 的 属性 "ButtonPressedMeshes" 必须包含非 null 值。请考虑添加 "required" 修饰符或将该 属性 声明为可为 null。 [/root/WorkSpace/CSharp/BannerlordModEditor/BannerlordModEditor.Common/BannerlordModEditor.Common.csproj]
         /root/WorkSpace/CSharp/BannerlordModEditor/BannerlordModEditor.Common/Models/Data/Looknfeel.cs(204,36): warning CS8618: 在退出构造函数时，不可为 null 的 属性 "HighlightMeshes" 必须包含非 null 值。请考虑添加 "required" 修饰符或将该 属性 声明为可为 null。 [/root/WorkSpace/CSharp/BannerlordModEditor/BannerlordModEditor.Common/BannerlordModEditor.Common.csproj]
         /root/WorkSpace/CSharp/BannerlordModEditor/BannerlordModEditor.Common/Models/Data/Looknfeel.cs(207,36): warning CS8618: 在退出构造函数时，不可为 null 的 属性 "CursorMeshes" 必须包含非 null 值。请考虑添加 "required" 修饰符或将该 属性 声明为可为 null。 [/root/WorkSpace/CSharp/BannerlordModEditor/BannerlordModEditor.Common/BannerlordModEditor.Common.csproj]
         /root/WorkSpace/CSharp/BannerlordModEditor/BannerlordModEditor.Common/Models/Data/Looknfeel.cs(210,36): warning CS8618: 在退出构造函数时，不可为 null 的 属性 "LeftBorderMeshes" 必须包含非 null 值。请考虑添加 "required" 修饰符或将该 属性 声明为可为 null。 [/root/WorkSpace/CSharp/BannerlordModEditor/BannerlordModEditor.Common/BannerlordModEditor.Common.csproj]
         /root/WorkSpace/CSharp/BannerlordModEditor/BannerlordModEditor.Common/Models/Data/Looknfeel.cs(213,36): warning CS8618: 在退出构造函数时，不可为 null 的 属性 "RightBorderMeshes" 必须包含非 null 值。请考虑添加 "required" 修饰符或将该 属性 声明为可为 null。 [/root/WorkSpace/CSharp/BannerlordModEditor/BannerlordModEditor.Common/BannerlordModEditor.Common.csproj]
         /root/WorkSpace/CSharp/BannerlordModEditor/BannerlordModEditor.Common/Models/Data/MapIcons.cs(28,23): warning CS8618: 在退出构造函数时，不可为 null 的 属性 "Id" 必须包含非 null 值。请考虑添加 "required" 修饰符或将该 属性 声明为可为 null。 [/root/WorkSpace/CSharp/BannerlordModEditor/BannerlordModEditor.Common/BannerlordModEditor.Common.csproj]
         /root/WorkSpace/CSharp/BannerlordModEditor/BannerlordModEditor.Common/Models/Data/MapIcons.cs(31,23): warning CS8618: 在退出构造函数时，不可为 null 的 属性 "IdStr" 必须包含非 null 值。请考虑添加 "required" 修饰符或将该 属性 声明为可为 null。 [/root/WorkSpace/CSharp/BannerlordModEditor/BannerlordModEditor.Common/BannerlordModEditor.Common.csproj]
         /root/WorkSpace/CSharp/BannerlordModEditor/BannerlordModEditor.Common/Models/Data/MapIcons.cs(34,23): warning CS8618: 在退出构造函数时，不可为 null 的 属性 "Flags" 必须包含非 null 值。请考虑添加 "required" 修饰符或将该 属性 声明为可为 null。 [/root/WorkSpace/CSharp/BannerlordModEditor/BannerlordModEditor.Common/BannerlordModEditor.Common.csproj]
         /root/WorkSpace/CSharp/BannerlordModEditor/BannerlordModEditor.Common/Models/Data/MapIcons.cs(37,23): warning CS8618: 在退出构造函数时，不可为 null 的 属性 "MeshName" 必须包含非 null 值。请考虑添加 "required" 修饰符或将该 属性 声明为可为 null。 [/root/WorkSpace/CSharp/BannerlordModEditor/BannerlordModEditor.Common/BannerlordModEditor.Common.csproj]
         /root/WorkSpace/CSharp/BannerlordModEditor/BannerlordModEditor.Common/Models/Data/MapIcons.cs(46,23): warning CS8618: 在退出构造函数时，不可为 null 的 属性 "OffsetPos" 必须包含非 null 值。请考虑添加 "required" 修饰符或将该 属性 声明为可为 null。 [/root/WorkSpace/CSharp/BannerlordModEditor/BannerlordModEditor.Common/BannerlordModEditor.Common.csproj]
         /root/WorkSpace/CSharp/BannerlordModEditor/BannerlordModEditor.Common/Mappers/CraftingTemplatesMapper.cs(201,40): warning CS8603: 可能返回 null 引用。 [/root/WorkSpace/CSharp/BannerlordModEditor/BannerlordModEditor.Common/BannerlordModEditor.Common.csproj]
         /root/WorkSpace/CSharp/BannerlordModEditor/BannerlordModEditor.Common/Mappers/CraftingTemplatesMapper.cs(212,40): warning CS8603: 可能返回 null 引用。 [/root/WorkSpace/CSharp/BannerlordModEditor/BannerlordModEditor.Common/BannerlordModEditor.Common.csproj]
         /root/WorkSpace/CSharp/BannerlordModEditor/BannerlordModEditor.Common/Models/Data/ItemModifiers.cs(71,20): warning CS8603: 可能返回 null 引用。 [/root/WorkSpace/CSharp/BannerlordModEditor/BannerlordModEditor.Common/BannerlordModEditor.Common.csproj]
         /root/WorkSpace/CSharp/BannerlordModEditor/BannerlordModEditor.Common/Mappers/MpItemsMapper.cs(346,40): warning CS8603: 可能返回 null 引用。 [/root/WorkSpace/CSharp/BannerlordModEditor/BannerlordModEditor.Common/BannerlordModEditor.Common.csproj]
         /root/WorkSpace/CSharp/BannerlordModEditor/BannerlordModEditor.Common/Models/Data/DecalTexturesWorldmap.cs(11,23): warning CS8618: 在退出构造函数时，不可为 null 的 属性 "Type" 必须包含非 null 值。请考虑添加 "required" 修饰符或将该 属性 声明为可为 null。 [/root/WorkSpace/CSharp/BannerlordModEditor/BannerlordModEditor.Common/BannerlordModEditor.Common.csproj]
         /root/WorkSpace/CSharp/BannerlordModEditor/BannerlordModEditor.Common/Models/Data/DecalTexturesWorldmap.cs(14,51): warning CS8618: 在退出构造函数时，不可为 null 的 属性 "DecalTextures" 必须包含非 null 值。请考虑添加 "required" 修饰符或将该 属性 声明为可为 null。 [/root/WorkSpace/CSharp/BannerlordModEditor/BannerlordModEditor.Common/BannerlordModEditor.Common.csproj]
         /root/WorkSpace/CSharp/BannerlordModEditor/BannerlordModEditor.Common/Models/DTO/ItemHolstersDTO.cs(27,23): warning CS8618: 在退出构造函数时，不可为 null 的 属性 "Id" 必须包含非 null 值。请考虑添加 "required" 修饰符或将该 属性 声明为可为 null。 [/root/WorkSpace/CSharp/BannerlordModEditor/BannerlordModEditor.Common/BannerlordModEditor.Common.csproj]
         /root/WorkSpace/CSharp/BannerlordModEditor/BannerlordModEditor.Common/Models/DTO/ItemHolstersDTO.cs(30,23): warning CS8618: 在退出构造函数时，不可为 null 的 属性 "EquipAction" 必须包含非 null 值。请考虑添加 "required" 修饰符或将该 属性 声明为可为 null。 [/root/WorkSpace/CSharp/BannerlordModEditor/BannerlordModEditor.Common/BannerlordModEditor.Common.csproj]
         /root/WorkSpace/CSharp/BannerlordModEditor/BannerlordModEditor.Common/Models/DTO/ItemHolstersDTO.cs(33,23): warning CS8618: 在退出构造函数时，不可为 null 的 属性 "EquipActionLeftStance" 必须包含非 null 值。请考虑添加 "required" 修饰符或将该 属性 声明为可为 null。 [/root/WorkSpace/CSharp/BannerlordModEditor/BannerlordModEditor.Common/BannerlordModEditor.Common.csproj]
         /root/WorkSpace/CSharp/BannerlordModEditor/BannerlordModEditor.Common/Models/DTO/ItemHolstersDTO.cs(36,23): warning CS8618: 在退出构造函数时，不可为 null 的 属性 "UnequipAction" 必须包含非 null 值。请考虑添加 "required" 修饰符或将该 属性 声明为可为 null。 [/root/WorkSpace/CSharp/BannerlordModEditor/BannerlordModEditor.Common/BannerlordModEditor.Common.csproj]
         /root/WorkSpace/CSharp/BannerlordModEditor/BannerlordModEditor.Common/Models/DTO/ItemHolstersDTO.cs(39,23): warning CS8618: 在退出构造函数时，不可为 null 的 属性 "UnequipActionLeftStance" 必须包含非 null 值。请考虑添加 "required" 修饰符或将该 属性 声明为可为 null。 [/root/WorkSpace/CSharp/BannerlordModEditor/BannerlordModEditor.Common/BannerlordModEditor.Common.csproj]
         /root/WorkSpace/CSharp/BannerlordModEditor/BannerlordModEditor.Common/Models/DTO/ItemHolstersDTO.cs(42,23): warning CS8618: 在退出构造函数时，不可为 null 的 属性 "ShowHolsterWhenDrawn" 必须包含非 null 值。请考虑添加 "required" 修饰符或将该 属性 声明为可为 null。 [/root/WorkSpace/CSharp/BannerlordModEditor/BannerlordModEditor.Common/BannerlordModEditor.Common.csproj]
         /root/WorkSpace/CSharp/BannerlordModEditor/BannerlordModEditor.Common/Models/DTO/ItemHolstersDTO.cs(45,23): warning CS8618: 在退出构造函数时，不可为 null 的 属性 "GroupName" 必须包含非 null 值。请考虑添加 "required" 修饰符或将该 属性 声明为可为 null。 [/root/WorkSpace/CSharp/BannerlordModEditor/BannerlordModEditor.Common/BannerlordModEditor.Common.csproj]
         /root/WorkSpace/CSharp/BannerlordModEditor/BannerlordModEditor.Common/Models/DTO/ItemHolstersDTO.cs(48,23): warning CS8618: 在退出构造函数时，不可为 null 的 属性 "HolsterSkeleton" 必须包含非 null 值。请考虑添加 "required" 修饰符或将该 属性 声明为可为 null。 [/root/WorkSpace/CSharp/BannerlordModEditor/BannerlordModEditor.Common/BannerlordModEditor.Common.csproj]
         /root/WorkSpace/CSharp/BannerlordModEditor/BannerlordModEditor.Common/Models/DTO/ItemHolstersDTO.cs(51,23): warning CS8618: 在退出构造函数时，不可为 null 的 属性 "HolsterBone" 必须包含非 null 值。请考虑添加 "required" 修饰符或将该 属性 声明为可为 null。 [/root/WorkSpace/CSharp/BannerlordModEditor/BannerlordModEditor.Common/BannerlordModEditor.Common.csproj]
         /root/WorkSpace/CSharp/BannerlordModEditor/BannerlordModEditor.Common/Models/DTO/ItemHolstersDTO.cs(54,23): warning CS8618: 在退出构造函数时，不可为 null 的 属性 "BaseSet" 必须包含非 null 值。请考虑添加 "required" 修饰符或将该 属性 声明为可为 null。 [/root/WorkSpace/CSharp/BannerlordModEditor/BannerlordModEditor.Common/BannerlordModEditor.Common.csproj]
         /root/WorkSpace/CSharp/BannerlordModEditor/BannerlordModEditor.Common/Models/DTO/ItemHolstersDTO.cs(57,23): warning CS8618: 在退出构造函数时，不可为 null 的 属性 "HolsterPosition" 必须包含非 null 值。请考虑添加 "required" 修饰符或将该 属性 声明为可为 null。 [/root/WorkSpace/CSharp/BannerlordModEditor/BannerlordModEditor.Common/BannerlordModEditor.Common.csproj]
         /root/WorkSpace/CSharp/BannerlordModEditor/BannerlordModEditor.Common/Models/DTO/ItemHolstersDTO.cs(60,23): warning CS8618: 在退出构造函数时，不可为 null 的 属性 "HolsterRotationYawPitchRoll" 必须包含非 null 值。请考虑添加 "required" 修饰符或将该 属性 声明为可为 null。 [/root/WorkSpace/CSharp/BannerlordModEditor/BannerlordModEditor.Common/BannerlordModEditor.Common.csproj]
         /root/WorkSpace/CSharp/BannerlordModEditor/BannerlordModEditor.Common/Models/Data/DecalTexturesTown.cs(31,23): warning CS8618: 在退出构造函数时，不可为 null 的 属性 "Name" 必须包含非 null 值。请考虑添加 "required" 修饰符或将该 属性 声明为可为 null。 [/root/WorkSpace/CSharp/BannerlordModEditor/BannerlordModEditor.Common/BannerlordModEditor.Common.csproj]
         /root/WorkSpace/CSharp/BannerlordModEditor/BannerlordModEditor.Common/Models/Data/DecalTexturesTown.cs(34,23): warning CS8618: 在退出构造函数时，不可为 null 的 属性 "AtlasPos" 必须包含非 null 值。请考虑添加 "required" 修饰符或将该 属性 声明为可为 null。 [/root/WorkSpace/CSharp/BannerlordModEditor/BannerlordModEditor.Common/BannerlordModEditor.Common.csproj]
         /root/WorkSpace/CSharp/BannerlordModEditor/BannerlordModEditor.Common/Models/Data/DecalTexturesTown.cs(37,23): warning CS8618: 在退出构造函数时，不可为 null 的 属性 "IsDynamic" 必须包含非 null 值。请考虑添加 "required" 修饰符或将该 属性 声明为可为 null。 [/root/WorkSpace/CSharp/BannerlordModEditor/BannerlordModEditor.Common/BannerlordModEditor.Common.csproj]
         /root/WorkSpace/CSharp/BannerlordModEditor/BannerlordModEditor.Common/Models/Data/ItemModifiers.cs(81,20): warning CS8603: 可能返回 null 引用。 [/root/WorkSpace/CSharp/BannerlordModEditor/BannerlordModEditor.Common/BannerlordModEditor.Common.csproj]
         /root/WorkSpace/CSharp/BannerlordModEditor/BannerlordModEditor.Common/Mappers/MpItemsMapper.cs(357,40): warning CS8603: 可能返回 null 引用。 [/root/WorkSpace/CSharp/BannerlordModEditor/BannerlordModEditor.Common/BannerlordModEditor.Common.csproj]
         /root/WorkSpace/CSharp/BannerlordModEditor/BannerlordModEditor.Common/Mappers/MpItemsMapper.cs(388,38): warning CS8604: “ItemComponentDO MpItemsMapper.ToDO(ItemComponentDTO source)”中的形参“source”可能传入 null 引用实参。 [/root/WorkSpace/CSharp/BannerlordModEditor/BannerlordModEditor.Common/BannerlordModEditor.Common.csproj]
         /root/WorkSpace/CSharp/BannerlordModEditor/BannerlordModEditor.Common/Mappers/MpItemsMapper.cs(389,30): warning CS8604: “ItemFlagsDO MpItemsMapper.ToDO(ItemFlagsDTO source)”中的形参“source”可能传入 null 引用实参。 [/root/WorkSpace/CSharp/BannerlordModEditor/BannerlordModEditor.Common/BannerlordModEditor.Common.csproj]
         /root/WorkSpace/CSharp/BannerlordModEditor/BannerlordModEditor.Common/Models/Data/ItemModifiers.cs(97,20): warning CS8603: 可能返回 null 引用。 [/root/WorkSpace/CSharp/BannerlordModEditor/BannerlordModEditor.Common/BannerlordModEditor.Common.csproj]
         /root/WorkSpace/CSharp/BannerlordModEditor/BannerlordModEditor.Common/Mappers/MpItemsMapper.cs(395,40): warning CS8603: 可能返回 null 引用。 [/root/WorkSpace/CSharp/BannerlordModEditor/BannerlordModEditor.Common/BannerlordModEditor.Common.csproj]
         /root/WorkSpace/CSharp/BannerlordModEditor/BannerlordModEditor.Common/Mappers/MpItemsMapper.cs(406,31): warning CS8604: “PiecesDO MpItemsMapper.ToDO(PiecesDTO source)”中的形参“source”可能传入 null 引用实参。 [/root/WorkSpace/CSharp/BannerlordModEditor/BannerlordModEditor.Common/BannerlordModEditor.Common.csproj]
         /root/WorkSpace/CSharp/BannerlordModEditor/BannerlordModEditor.Common/Models/Data/Mpcosmetics.cs(70,23): warning CS8618: 在退出构造函数时，不可为 null 的 属性 "Troop" 必须包含非 null 值。请考虑添加 "required" 修饰符或将该 属性 声明为可为 null。 [/root/WorkSpace/CSharp/BannerlordModEditor/BannerlordModEditor.Common/BannerlordModEditor.Common.csproj]
         /root/WorkSpace/CSharp/BannerlordModEditor/BannerlordModEditor.Common/Models/Data/Mpcosmetics.cs(73,23): warning CS8618: 在退出构造函数时，不可为 null 的 属性 "Slot" 必须包含非 null 值。请考虑添加 "required" 修饰符或将该 属性 声明为可为 null。 [/root/WorkSpace/CSharp/BannerlordModEditor/BannerlordModEditor.Common/BannerlordModEditor.Common.csproj]
         /root/WorkSpace/CSharp/BannerlordModEditor/BannerlordModEditor.Common/Models/Data/Mpcosmetics.cs(19,23): warning CS8618: 在退出构造函数时，不可为 null 的 属性 "Type" 必须包含非 null 值。请考虑添加 "required" 修饰符或将该 属性 声明为可为 null。 [/root/WorkSpace/CSharp/BannerlordModEditor/BannerlordModEditor.Common/BannerlordModEditor.Common.csproj]
         /root/WorkSpace/CSharp/BannerlordModEditor/BannerlordModEditor.Common/Models/Data/Mpcosmetics.cs(22,23): warning CS8618: 在退出构造函数时，不可为 null 的 属性 "Id" 必须包含非 null 值。请考虑添加 "required" 修饰符或将该 属性 声明为可为 null。 [/root/WorkSpace/CSharp/BannerlordModEditor/BannerlordModEditor.Common/BannerlordModEditor.Common.csproj]
         /root/WorkSpace/CSharp/BannerlordModEditor/BannerlordModEditor.Common/Models/Data/Mpcosmetics.cs(25,23): warning CS8618: 在退出构造函数时，不可为 null 的 属性 "Rarity" 必须包含非 null 值。请考虑添加 "required" 修饰符或将该 属性 声明为可为 null。 [/root/WorkSpace/CSharp/BannerlordModEditor/BannerlordModEditor.Common/BannerlordModEditor.Common.csproj]
         /root/WorkSpace/CSharp/BannerlordModEditor/BannerlordModEditor.Common/Models/Data/Mpcosmetics.cs(28,23): warning CS8618: 在退出构造函数时，不可为 null 的 属性 "Cost" 必须包含非 null 值。请考虑添加 "required" 修饰符或将该 属性 声明为可为 null。 [/root/WorkSpace/CSharp/BannerlordModEditor/BannerlordModEditor.Common/BannerlordModEditor.Common.csproj]
         /root/WorkSpace/CSharp/BannerlordModEditor/BannerlordModEditor.Common/Models/Data/Mpcosmetics.cs(31,24): warning CS8618: 在退出构造函数时，不可为 null 的 属性 "Replace" 必须包含非 null 值。请考虑添加 "required" 修饰符或将该 属性 声明为可为 null。 [/root/WorkSpace/CSharp/BannerlordModEditor/BannerlordModEditor.Common/BannerlordModEditor.Common.csproj]
         /root/WorkSpace/CSharp/BannerlordModEditor/BannerlordModEditor.Common/Models/Data/MpCraftingPieces.cs(78,23): warning CS8618: 在退出构造函数时，不可为 null 的 属性 "PieceOffset" 必须包含非 null 值。请考虑添加 "required" 修饰符或将该 属性 声明为可为 null。 [/root/WorkSpace/CSharp/BannerlordModEditor/BannerlordModEditor.Common/BannerlordModEditor.Common.csproj]
         /root/WorkSpace/CSharp/BannerlordModEditor/BannerlordModEditor.Common/Models/Data/MpCraftingPieces.cs(81,23): warning CS8618: 在退出构造函数时，不可为 null 的 属性 "PreviousPieceOffset" 必须包含非 null 值。请考虑添加 "required" 修饰符或将该 属性 声明为可为 null。 [/root/WorkSpace/CSharp/BannerlordModEditor/BannerlordModEditor.Common/BannerlordModEditor.Common.csproj]
         /root/WorkSpace/CSharp/BannerlordModEditor/BannerlordModEditor.Common/Models/Data/MpCraftingPieces.cs(126,23): warning CS8618: 在退出构造函数时，不可为 null 的 属性 "DamageType" 必须包含非 null 值。请考虑添加 "required" 修饰符或将该 属性 声明为可为 null。 [/root/WorkSpace/CSharp/BannerlordModEditor/BannerlordModEditor.Common/BannerlordModEditor.Common.csproj]
         /root/WorkSpace/CSharp/BannerlordModEditor/BannerlordModEditor.Common/Models/Data/MpCraftingPieces.cs(129,23): warning CS8618: 在退出构造函数时，不可为 null 的 属性 "DamageFactor" 必须包含非 null 值。请考虑添加 "required" 修饰符或将该 属性 声明为可为 null。 [/root/WorkSpace/CSharp/BannerlordModEditor/BannerlordModEditor.Common/BannerlordModEditor.Common.csproj]
         /root/WorkSpace/CSharp/BannerlordModEditor/BannerlordModEditor.Common/Mappers/MpItemsMapper.cs(412,40): warning CS8603: 可能返回 null 引用。 [/root/WorkSpace/CSharp/BannerlordModEditor/BannerlordModEditor.Common/BannerlordModEditor.Common.csproj]
         /root/WorkSpace/CSharp/BannerlordModEditor/BannerlordModEditor.Common/Models/Data/MpCraftingPieces.cs(138,23): warning CS8618: 在退出构造函数时，不可为 null 的 属性 "DamageType" 必须包含非 null 值。请考虑添加 "required" 修饰符或将该 属性 声明为可为 null。 [/root/WorkSpace/CSharp/BannerlordModEditor/BannerlordModEditor.Common/BannerlordModEditor.Common.csproj]
         /root/WorkSpace/CSharp/BannerlordModEditor/BannerlordModEditor.Common/Models/Data/MpCraftingPieces.cs(141,23): warning CS8618: 在退出构造函数时，不可为 null 的 属性 "DamageFactor" 必须包含非 null 值。请考虑添加 "required" 修饰符或将该 属性 声明为可为 null。 [/root/WorkSpace/CSharp/BannerlordModEditor/BannerlordModEditor.Common/BannerlordModEditor.Common.csproj]
         /root/WorkSpace/CSharp/BannerlordModEditor/BannerlordModEditor.Common/Mappers/MpItemsMapper.cs(422,40): warning CS8603: 可能返回 null 引用。 [/root/WorkSpace/CSharp/BannerlordModEditor/BannerlordModEditor.Common/BannerlordModEditor.Common.csproj]
         /root/WorkSpace/CSharp/BannerlordModEditor/BannerlordModEditor.Common/Models/Data/MpCraftingPieces.cs(158,23): warning CS8618: 在退出构造函数时，不可为 null 的 属性 "Name" 必须包含非 null 值。请考虑添加 "required" 修饰符或将该 属性 声明为可为 null。 [/root/WorkSpace/CSharp/BannerlordModEditor/BannerlordModEditor.Common/BannerlordModEditor.Common.csproj]
         /root/WorkSpace/CSharp/BannerlordModEditor/BannerlordModEditor.Common/Models/Data/MpCraftingPieces.cs(161,23): warning CS8618: 在退出构造函数时，不可为 null 的 属性 "Type" 必须包含非 null 值。请考虑添加 "required" 修饰符或将该 属性 声明为可为 null。 [/root/WorkSpace/CSharp/BannerlordModEditor/BannerlordModEditor.Common/BannerlordModEditor.Common.csproj]
         /root/WorkSpace/CSharp/BannerlordModEditor/BannerlordModEditor.Common/Models/Data/MpCraftingPieces.cs(19,23): warning CS8618: 在退出构造函数时，不可为 null 的 属性 "Id" 必须包含非 null 值。请考虑添加 "required" 修饰符或将该 属性 声明为可为 null。 [/root/WorkSpace/CSharp/BannerlordModEditor/BannerlordModEditor.Common/BannerlordModEditor.Common.csproj]
         /root/WorkSpace/CSharp/BannerlordModEditor/BannerlordModEditor.Common/Models/Data/MpCraftingPieces.cs(22,23): warning CS8618: 在退出构造函数时，不可为 null 的 属性 "Name" 必须包含非 null 值。请考虑添加 "required" 修饰符或将该 属性 声明为可为 null。 [/root/WorkSpace/CSharp/BannerlordModEditor/BannerlordModEditor.Common/BannerlordModEditor.Common.csproj]
         /root/WorkSpace/CSharp/BannerlordModEditor/BannerlordModEditor.Common/Models/Data/MpCraftingPieces.cs(25,23): warning CS8618: 在退出构造函数时，不可为 null 的 属性 "Tier" 必须包含非 null 值。请考虑添加 "required" 修饰符或将该 属性 声明为可为 null。 [/root/WorkSpace/CSharp/BannerlordModEditor/BannerlordModEditor.Common/BannerlordModEditor.Common.csproj]
         /root/WorkSpace/CSharp/BannerlordModEditor/BannerlordModEditor.Common/Models/Data/MpCraftingPieces.cs(28,23): warning CS8618: 在退出构造函数时，不可为 null 的 属性 "PieceType" 必须包含非 null 值。请考虑添加 "required" 修饰符或将该 属性 声明为可为 null。 [/root/WorkSpace/CSharp/BannerlordModEditor/BannerlordModEditor.Common/BannerlordModEditor.Common.csproj]
         /root/WorkSpace/CSharp/BannerlordModEditor/BannerlordModEditor.Common/Models/Data/MpCraftingPieces.cs(31,23): warning CS8618: 在退出构造函数时，不可为 null 的 属性 "Mesh" 必须包含非 null 值。请考虑添加 "required" 修饰符或将该 属性 声明为可为 null。 [/root/WorkSpace/CSharp/BannerlordModEditor/BannerlordModEditor.Common/BannerlordModEditor.Common.csproj]
         /root/WorkSpace/CSharp/BannerlordModEditor/BannerlordModEditor.Common/Models/Data/MpCraftingPieces.cs(34,23): warning CS8618: 在退出构造函数时，不可为 null 的 属性 "DistanceToNextPiece" 必须包含非 null 值。请考虑添加 "required" 修饰符或将该 属性 声明为可为 null。 [/root/WorkSpace/CSharp/BannerlordModEditor/BannerlordModEditor.Common/BannerlordModEditor.Common.csproj]
         /root/WorkSpace/CSharp/BannerlordModEditor/BannerlordModEditor.Common/Models/Data/MpCraftingPieces.cs(37,23): warning CS8618: 在退出构造函数时，不可为 null 的 属性 "DistanceToPreviousPiece" 必须包含非 null 值。请考虑添加 "required" 修饰符或将该 属性 声明为可为 null。 [/root/WorkSpace/CSharp/BannerlordModEditor/BannerlordModEditor.Common/BannerlordModEditor.Common.csproj]
         /root/WorkSpace/CSharp/BannerlordModEditor/BannerlordModEditor.Common/Models/Data/MpCraftingPieces.cs(40,23): warning CS8618: 在退出构造函数时，不可为 null 的 属性 "Weight" 必须包含非 null 值。请考虑添加 "required" 修饰符或将该 属性 声明为可为 null。 [/root/WorkSpace/CSharp/BannerlordModEditor/BannerlordModEditor.Common/BannerlordModEditor.Common.csproj]
         /root/WorkSpace/CSharp/BannerlordModEditor/BannerlordModEditor.Common/Models/Data/MpCraftingPieces.cs(43,23): warning CS8618: 在退出构造函数时，不可为 null 的 属性 "ExcludedItemUsageFeatures" 必须包含非 null 值。请考虑添加 "required" 修饰符或将该 属性 声明为可为 null。 [/root/WorkSpace/CSharp/BannerlordModEditor/BannerlordModEditor.Common/BannerlordModEditor.Common.csproj]
         /root/WorkSpace/CSharp/BannerlordModEditor/BannerlordModEditor.Common/Models/Data/MpCraftingPieces.cs(46,23): warning CS8618: 在退出构造函数时，不可为 null 的 属性 "Length" 必须包含非 null 值。请考虑添加 "required" 修饰符或将该 属性 声明为可为 null。 [/root/WorkSpace/CSharp/BannerlordModEditor/BannerlordModEditor.Common/BannerlordModEditor.Common.csproj]
         /root/WorkSpace/CSharp/BannerlordModEditor/BannerlordModEditor.Common/Models/Data/MpCraftingPieces.cs(49,23): warning CS8618: 在退出构造函数时，不可为 null 的 属性 "FullScale" 必须包含非 null 值。请考虑添加 "required" 修饰符或将该 属性 声明为可为 null。 [/root/WorkSpace/CSharp/BannerlordModEditor/BannerlordModEditor.Common/BannerlordModEditor.Common.csproj]
         /root/WorkSpace/CSharp/BannerlordModEditor/BannerlordModEditor.Common/Models/Data/MpCraftingPieces.cs(52,23): warning CS8618: 在退出构造函数时，不可为 null 的 属性 "Culture" 必须包含非 null 值。请考虑添加 "required" 修饰符或将该 属性 声明为可为 null。 [/root/WorkSpace/CSharp/BannerlordModEditor/BannerlordModEditor.Common/BannerlordModEditor.Common.csproj]
         /root/WorkSpace/CSharp/BannerlordModEditor/BannerlordModEditor.Common/Models/Data/MpCraftingPieces.cs(55,28): warning CS8618: 在退出构造函数时，不可为 null 的 属性 "BuildData" 必须包含非 null 值。请考虑添加 "required" 修饰符或将该 属性 声明为可为 null。 [/root/WorkSpace/CSharp/BannerlordModEditor/BannerlordModEditor.Common/BannerlordModEditor.Common.csproj]
         /root/WorkSpace/CSharp/BannerlordModEditor/BannerlordModEditor.Common/Models/Data/MpCraftingPieces.cs(58,28): warning CS8618: 在退出构造函数时，不可为 null 的 属性 "BladeData" 必须包含非 null 值。请考虑添加 "required" 修饰符或将该 属性 声明为可为 null。 [/root/WorkSpace/CSharp/BannerlordModEditor/BannerlordModEditor.Common/BannerlordModEditor.Common.csproj]
         /root/WorkSpace/CSharp/BannerlordModEditor/BannerlordModEditor.Common/Models/Data/MpCraftingPieces.cs(61,32): warning CS8618: 在退出构造函数时，不可为 null 的 属性 "Flags" 必须包含非 null 值。请考虑添加 "required" 修饰符或将该 属性 声明为可为 null。 [/root/WorkSpace/CSharp/BannerlordModEditor/BannerlordModEditor.Common/BannerlordModEditor.Common.csproj]
         /root/WorkSpace/CSharp/BannerlordModEditor/BannerlordModEditor.Common/Models/Data/MpCraftingPieces.cs(90,23): warning CS8618: 在退出构造函数时，不可为 null 的 属性 "StackAmount" 必须包含非 null 值。请考虑添加 "required" 修饰符或将该 属性 声明为可为 null。 [/root/WorkSpace/CSharp/BannerlordModEditor/BannerlordModEditor.Common/BannerlordModEditor.Common.csproj]
         /root/WorkSpace/CSharp/BannerlordModEditor/BannerlordModEditor.Common/Models/Data/MpCraftingPieces.cs(93,23): warning CS8618: 在退出构造函数时，不可为 null 的 属性 "BladeLength" 必须包含非 null 值。请考虑添加 "required" 修饰符或将该 属性 声明为可为 null。 [/root/WorkSpace/CSharp/BannerlordModEditor/BannerlordModEditor.Common/BannerlordModEditor.Common.csproj]
         /root/WorkSpace/CSharp/BannerlordModEditor/BannerlordModEditor.Common/Models/Data/MpCraftingPieces.cs(96,23): warning CS8618: 在退出构造函数时，不可为 null 的 属性 "BladeWidth" 必须包含非 null 值。请考虑添加 "required" 修饰符或将该 属性 声明为可为 null。 [/root/WorkSpace/CSharp/BannerlordModEditor/BannerlordModEditor.Common/BannerlordModEditor.Common.csproj]
         /root/WorkSpace/CSharp/BannerlordModEditor/BannerlordModEditor.Common/Models/Data/MpCraftingPieces.cs(99,23): warning CS8618: 在退出构造函数时，不可为 null 的 属性 "PhysicsMaterial" 必须包含非 null 值。请考虑添加 "required" 修饰符或将该 属性 声明为可为 null。 [/root/WorkSpace/CSharp/BannerlordModEditor/BannerlordModEditor.Common/BannerlordModEditor.Common.csproj]
         /root/WorkSpace/CSharp/BannerlordModEditor/BannerlordModEditor.Common/Models/Data/MpCraftingPieces.cs(102,23): warning CS8618: 在退出构造函数时，不可为 null 的 属性 "BodyName" 必须包含非 null 值。请考虑添加 "required" 修饰符或将该 属性 声明为可为 null。 [/root/WorkSpace/CSharp/BannerlordModEditor/BannerlordModEditor.Common/BannerlordModEditor.Common.csproj]
         /root/WorkSpace/CSharp/BannerlordModEditor/BannerlordModEditor.Common/Models/Data/MpCraftingPieces.cs(105,23): warning CS8618: 在退出构造函数时，不可为 null 的 属性 "HolsterMesh" 必须包含非 null 值。请考虑添加 "required" 修饰符或将该 属性 声明为可为 null。 [/root/WorkSpace/CSharp/BannerlordModEditor/BannerlordModEditor.Common/BannerlordModEditor.Common.csproj]
         /root/WorkSpace/CSharp/BannerlordModEditor/BannerlordModEditor.Common/Models/Data/MpCraftingPieces.cs(108,25): warning CS8618: 在退出构造函数时，不可为 null 的 属性 "Thrust" 必须包含非 null 值。请考虑添加 "required" 修饰符或将该 属性 声明为可为 null。 [/root/WorkSpace/CSharp/BannerlordModEditor/BannerlordModEditor.Common/BannerlordModEditor.Common.csproj]
         /root/WorkSpace/CSharp/BannerlordModEditor/BannerlordModEditor.Common/Models/Data/MpCraftingPieces.cs(111,24): warning CS8618: 在退出构造函数时，不可为 null 的 属性 "Swing" 必须包含非 null 值。请考虑添加 "required" 修饰符或将该 属性 声明为可为 null。 [/root/WorkSpace/CSharp/BannerlordModEditor/BannerlordModEditor.Common/BannerlordModEditor.Common.csproj]
         /root/WorkSpace/CSharp/BannerlordModEditor/BannerlordModEditor.Common/Models/Data/Mpitems.cs(76,29): warning CS8618: 在退出构造函数时，不可为 null 的 属性 "Armor" 必须包含非 null 值。请考虑添加 "required" 修饰符或将该 属性 声明为可为 null。 [/root/WorkSpace/CSharp/BannerlordModEditor/BannerlordModEditor.Common/BannerlordModEditor.Common.csproj]
         /root/WorkSpace/CSharp/BannerlordModEditor/BannerlordModEditor.Common/Models/Data/CombatParameters.cs(43,23): warning CS8618: 在退出构造函数时，不可为 null 的 属性 "Id" 必须包含非 null 值。请考虑添加 "required" 修饰符或将该 属性 声明为可为 null。 [/root/WorkSpace/CSharp/BannerlordModEditor/BannerlordModEditor.Common/BannerlordModEditor.Common.csproj]
         /root/WorkSpace/CSharp/BannerlordModEditor/BannerlordModEditor.Common/Models/Data/CombatParameters.cs(46,23): warning CS8618: 在退出构造函数时，不可为 null 的 属性 "CollisionCheckStartingPercent" 必须包含非 null 值。请考虑添加 "required" 修饰符或将该 属性 声明为可为 null。 [/root/WorkSpace/CSharp/BannerlordModEditor/BannerlordModEditor.Common/BannerlordModEditor.Common.csproj]
         /root/WorkSpace/CSharp/BannerlordModEditor/BannerlordModEditor.Common/Models/Data/CombatParameters.cs(50,23): warning CS8618: 在退出构造函数时，不可为 null 的 属性 "CollisionDamageStartingPercent" 必须包含非 null 值。请考虑添加 "required" 修饰符或将该 属性 声明为可为 null。 [/root/WorkSpace/CSharp/BannerlordModEditor/BannerlordModEditor.Common/BannerlordModEditor.Common.csproj]
         /root/WorkSpace/CSharp/BannerlordModEditor/BannerlordModEditor.Common/Models/Data/CombatParameters.cs(54,23): warning CS8618: 在退出构造函数时，不可为 null 的 属性 "CollisionCheckEndingPercent" 必须包含非 null 值。请考虑添加 "required" 修饰符或将该 属性 声明为可为 null。 [/root/WorkSpace/CSharp/BannerlordModEditor/BannerlordModEditor.Common/BannerlordModEditor.Common.csproj]
         /root/WorkSpace/CSharp/BannerlordModEditor/BannerlordModEditor.Common/Models/Data/CombatParameters.cs(58,23): warning CS8618: 在退出构造函数时，不可为 null 的 属性 "VerticalRotLimitMultiplierUp" 必须包含非 null 值。请考虑添加 "required" 修饰符或将该 属性 声明为可为 null。 [/root/WorkSpace/CSharp/BannerlordModEditor/BannerlordModEditor.Common/BannerlordModEditor.Common.csproj]
         /root/WorkSpace/CSharp/BannerlordModEditor/BannerlordModEditor.Common/Models/Data/CombatParameters.cs(62,23): warning CS8618: 在退出构造函数时，不可为 null 的 属性 "VerticalRotLimitMultiplierDown" 必须包含非 null 值。请考虑添加 "required" 修饰符或将该 属性 声明为可为 null。 [/root/WorkSpace/CSharp/BannerlordModEditor/BannerlordModEditor.Common/BannerlordModEditor.Common.csproj]
         /root/WorkSpace/CSharp/BannerlordModEditor/BannerlordModEditor.Common/Models/Data/CombatParameters.cs(66,23): warning CS8618: 在退出构造函数时，不可为 null 的 属性 "LeftRiderRotLimit" 必须包含非 null 值。请考虑添加 "required" 修饰符或将该 属性 声明为可为 null。 [/root/WorkSpace/CSharp/BannerlordModEditor/BannerlordModEditor.Common/BannerlordModEditor.Common.csproj]
         /root/WorkSpace/CSharp/BannerlordModEditor/BannerlordModEditor.Common/Models/Data/CombatParameters.cs(70,23): warning CS8618: 在退出构造函数时，不可为 null 的 属性 "LeftRiderMinRotLimit" 必须包含非 null 值。请考虑添加 "required" 修饰符或将该 属性 声明为可为 null。 [/root/WorkSpace/CSharp/BannerlordModEditor/BannerlordModEditor.Common/BannerlordModEditor.Common.csproj]
         /root/WorkSpace/CSharp/BannerlordModEditor/BannerlordModEditor.Common/Models/Data/CombatParameters.cs(74,23): warning CS8618: 在退出构造函数时，不可为 null 的 属性 "RightRiderRotLimit" 必须包含非 null 值。请考虑添加 "required" 修饰符或将该 属性 声明为可为 null。 [/root/WorkSpace/CSharp/BannerlordModEditor/BannerlordModEditor.Common/BannerlordModEditor.Common.csproj]
         /root/WorkSpace/CSharp/BannerlordModEditor/BannerlordModEditor.Common/Models/Data/CombatParameters.cs(78,23): warning CS8618: 在退出构造函数时，不可为 null 的 属性 "RightRiderMinRotLimit" 必须包含非 null 值。请考虑添加 "required" 修饰符或将该 属性 声明为可为 null。 [/root/WorkSpace/CSharp/BannerlordModEditor/BannerlordModEditor.Common/BannerlordModEditor.Common.csproj]
         /root/WorkSpace/CSharp/BannerlordModEditor/BannerlordModEditor.Common/Models/Data/CombatParameters.cs(82,23): warning CS8618: 在退出构造函数时，不可为 null 的 属性 "RiderLookDownLimit" 必须包含非 null 值。请考虑添加 "required" 修饰符或将该 属性 声明为可为 null。 [/root/WorkSpace/CSharp/BannerlordModEditor/BannerlordModEditor.Common/BannerlordModEditor.Common.csproj]
         /root/WorkSpace/CSharp/BannerlordModEditor/BannerlordModEditor.Common/Models/Data/CombatParameters.cs(86,23): warning CS8618: 在退出构造函数时，不可为 null 的 属性 "LeftLadderRotLimit" 必须包含非 null 值。请考虑添加 "required" 修饰符或将该 属性 声明为可为 null。 [/root/WorkSpace/CSharp/BannerlordModEditor/BannerlordModEditor.Common/BannerlordModEditor.Common.csproj]
         /root/WorkSpace/CSharp/BannerlordModEditor/BannerlordModEditor.Common/Models/Data/CombatParameters.cs(90,23): warning CS8618: 在退出构造函数时，不可为 null 的 属性 "RightLadderRotLimit" 必须包含非 null 值。请考虑添加 "required" 修饰符或将该 属性 声明为可为 null。 [/root/WorkSpace/CSharp/BannerlordModEditor/BannerlordModEditor.Common/BannerlordModEditor.Common.csproj]
         /root/WorkSpace/CSharp/BannerlordModEditor/BannerlordModEditor.Common/Models/Data/CombatParameters.cs(94,23): warning CS8618: 在退出构造函数时，不可为 null 的 属性 "WeaponOffset" 必须包含非 null 值。请考虑添加 "required" 修饰符或将该 属性 声明为可为 null。 [/root/WorkSpace/CSharp/BannerlordModEditor/BannerlordModEditor.Common/BannerlordModEditor.Common.csproj]
         /root/WorkSpace/CSharp/BannerlordModEditor/BannerlordModEditor.Common/Models/Data/CombatParameters.cs(98,23): warning CS8618: 在退出构造函数时，不可为 null 的 属性 "CollisionRadius" 必须包含非 null 值。请考虑添加 "required" 修饰符或将该 属性 声明为可为 null。 [/root/WorkSpace/CSharp/BannerlordModEditor/BannerlordModEditor.Common/BannerlordModEditor.Common.csproj]
         /root/WorkSpace/CSharp/BannerlordModEditor/BannerlordModEditor.Common/Models/Data/CombatParameters.cs(102,23): warning CS8618: 在退出构造函数时，不可为 null 的 属性 "AlternativeAttackCooldownPeriod" 必须包含非 null 值。请考虑添加 "required" 修饰符或将该 属性 声明为可为 null。 [/root/WorkSpace/CSharp/BannerlordModEditor/BannerlordModEditor.Common/BannerlordModEditor.Common.csproj]
         /root/WorkSpace/CSharp/BannerlordModEditor/BannerlordModEditor.Common/Models/Data/CombatParameters.cs(106,23): warning CS8618: 在退出构造函数时，不可为 null 的 属性 "HitBoneIndex" 必须包含非 null 值。请考虑添加 "required" 修饰符或将该 属性 声明为可为 null。 [/root/WorkSpace/CSharp/BannerlordModEditor/BannerlordModEditor.Common/BannerlordModEditor.Common.csproj]
         /root/WorkSpace/CSharp/BannerlordModEditor/BannerlordModEditor.Common/Models/Data/CombatParameters.cs(110,23): warning CS8618: 在退出构造函数时，不可为 null 的 属性 "ShoulderHitBoneIndex" 必须包含非 null 值。请考虑添加 "required" 修饰符或将该 属性 声明为可为 null。 [/root/WorkSpace/CSharp/BannerlordModEditor/BannerlordModEditor.Common/BannerlordModEditor.Common.csproj]
         /root/WorkSpace/CSharp/BannerlordModEditor/BannerlordModEditor.Common/Models/Data/CombatParameters.cs(114,23): warning CS8618: 在退出构造函数时，不可为 null 的 属性 "LookSlopeBlendFactorUpLimit" 必须包含非 null 值。请考虑添加 "required" 修饰符或将该 属性 声明为可为 null。 [/root/WorkSpace/CSharp/BannerlordModEditor/BannerlordModEditor.Common/BannerlordModEditor.Common.csproj]
         /root/WorkSpace/CSharp/BannerlordModEditor/BannerlordModEditor.Common/Models/Data/CombatParameters.cs(118,23): warning CS8618: 在退出构造函数时，不可为 null 的 属性 "LookSlopeBlendFactorDownLimit" 必须包含非 null 值。请考虑添加 "required" 修饰符或将该 属性 声明为可为 null。 [/root/WorkSpace/CSharp/BannerlordModEditor/BannerlordModEditor.Common/BannerlordModEditor.Common.csproj]
         /root/WorkSpace/CSharp/BannerlordModEditor/BannerlordModEditor.Common/Models/Data/CombatParameters.cs(122,23): warning CS8618: 在退出构造函数时，不可为 null 的 属性 "LookSlopeBlendSpeedFactor" 必须包含非 null 值。请考虑添加 "required" 修饰符或将该 属性 声明为可为 null。 [/root/WorkSpace/CSharp/BannerlordModEditor/BannerlordModEditor.Common/BannerlordModEditor.Common.csproj]
         /root/WorkSpace/CSharp/BannerlordModEditor/BannerlordModEditor.Common/Models/Data/CombatParameters.cs(126,39): warning CS8618: 在退出构造函数时，不可为 null 的 属性 "CustomCollisionCapsule" 必须包含非 null 值。请考虑添加 "required" 修饰符或将该 属性 声明为可为 null。 [/root/WorkSpace/CSharp/BannerlordModEditor/BannerlordModEditor.Common/BannerlordModEditor.Common.csproj]
         /root/WorkSpace/CSharp/BannerlordModEditor/BannerlordModEditor.Common/Mappers/MpItemsMapper.cs(434,40): warning CS8603: 可能返回 null 引用。 [/root/WorkSpace/CSharp/BannerlordModEditor/BannerlordModEditor.Common/BannerlordModEditor.Common.csproj]
         /root/WorkSpace/CSharp/BannerlordModEditor/BannerlordModEditor.Common/Models/Data/MultiplayerScenes.cs(40,23): warning CS8618: 在退出构造函数时，不可为 null 的 属性 "Name" 必须包含非 null 值。请考虑添加 "required" 修饰符或将该 属性 声明为可为 null。 [/root/WorkSpace/CSharp/BannerlordModEditor/BannerlordModEditor.Common/BannerlordModEditor.Common.csproj]
         /root/WorkSpace/CSharp/BannerlordModEditor/BannerlordModEditor.Common/Models/Data/MultiplayerScenes.cs(25,23): warning CS8618: 在退出构造函数时，不可为 null 的 属性 "Name" 必须包含非 null 值。请考虑添加 "required" 修饰符或将该 属性 声明为可为 null。 [/root/WorkSpace/CSharp/BannerlordModEditor/BannerlordModEditor.Common/BannerlordModEditor.Common.csproj]
         /root/WorkSpace/CSharp/BannerlordModEditor/BannerlordModEditor.Common/Models/Data/FloraKinds.cs(87,23): warning CS8618: 在退出构造函数时，不可为 null 的 属性 "Name" 必须包含非 null 值。请考虑添加 "required" 修饰符或将该 属性 声明为可为 null。 [/root/WorkSpace/CSharp/BannerlordModEditor/BannerlordModEditor.Common/BannerlordModEditor.Common.csproj]
         /root/WorkSpace/CSharp/BannerlordModEditor/BannerlordModEditor.Common/Models/Data/FloraKinds.cs(111,23): warning CS8618: 在退出构造函数时，不可为 null 的 属性 "BodyName" 必须包含非 null 值。请考虑添加 "required" 修饰符或将该 属性 声明为可为 null。 [/root/WorkSpace/CSharp/BannerlordModEditor/BannerlordModEditor.Common/BannerlordModEditor.Common.csproj]
         /root/WorkSpace/CSharp/BannerlordModEditor/BannerlordModEditor.Common/Mappers/MpItemsMapper.cs(451,40): warning CS8603: 可能返回 null 引用。 [/root/WorkSpace/CSharp/BannerlordModEditor/BannerlordModEditor.Common/BannerlordModEditor.Common.csproj]
         /root/WorkSpace/CSharp/BannerlordModEditor/BannerlordModEditor.Common/Models/Data/Mpcultures.cs(17,23): warning CS8618: 在退出构造函数时，不可为 null 的 属性 "Id" 必须包含非 null 值。请考虑添加 "required" 修饰符或将该 属性 声明为可为 null。 [/root/WorkSpace/CSharp/BannerlordModEditor/BannerlordModEditor.Common/BannerlordModEditor.Common.csproj]
         /root/WorkSpace/CSharp/BannerlordModEditor/BannerlordModEditor.Common/Models/Data/Mpcultures.cs(20,23): warning CS8618: 在退出构造函数时，不可为 null 的 属性 "Name" 必须包含非 null 值。请考虑添加 "required" 修饰符或将该 属性 声明为可为 null。 [/root/WorkSpace/CSharp/BannerlordModEditor/BannerlordModEditor.Common/BannerlordModEditor.Common.csproj]
         /root/WorkSpace/CSharp/BannerlordModEditor/BannerlordModEditor.Common/Models/Data/Mpcultures.cs(27,23): warning CS8618: 在退出构造函数时，不可为 null 的 属性 "DefaultFaceKey" 必须包含非 null 值。请考虑添加 "required" 修饰符或将该 属性 声明为可为 null。 [/root/WorkSpace/CSharp/BannerlordModEditor/BannerlordModEditor.Common/BannerlordModEditor.Common.csproj]
         /root/WorkSpace/CSharp/BannerlordModEditor/BannerlordModEditor.Common/Models/Data/Mpcultures.cs(30,23): warning CS8618: 在退出构造函数时，不可为 null 的 属性 "Color" 必须包含非 null 值。请考虑添加 "required" 修饰符或将该 属性 声明为可为 null。 [/root/WorkSpace/CSharp/BannerlordModEditor/BannerlordModEditor.Common/BannerlordModEditor.Common.csproj]
         /root/WorkSpace/CSharp/BannerlordModEditor/BannerlordModEditor.Common/Models/Data/Mpcultures.cs(34,23): warning CS8618: 在退出构造函数时，不可为 null 的 属性 "Color2" 必须包含非 null 值。请考虑添加 "required" 修饰符或将该 属性 声明为可为 null。 [/root/WorkSpace/CSharp/BannerlordModEditor/BannerlordModEditor.Common/BannerlordModEditor.Common.csproj]
         /root/WorkSpace/CSharp/BannerlordModEditor/BannerlordModEditor.Common/Models/Data/Mpcultures.cs(38,23): warning CS8618: 在退出构造函数时，不可为 null 的 属性 "ClothAlternativeColor1" 必须包含非 null 值。请考虑添加 "required" 修饰符或将该 属性 声明为可为 null。 [/root/WorkSpace/CSharp/BannerlordModEditor/BannerlordModEditor.Common/BannerlordModEditor.Common.csproj]
         /root/WorkSpace/CSharp/BannerlordModEditor/BannerlordModEditor.Common/Models/Data/Mpcultures.cs(42,23): warning CS8618: 在退出构造函数时，不可为 null 的 属性 "ClothAlternativeColor2" 必须包含非 null 值。请考虑添加 "required" 修饰符或将该 属性 声明为可为 null。 [/root/WorkSpace/CSharp/BannerlordModEditor/BannerlordModEditor.Common/BannerlordModEditor.Common.csproj]
         /root/WorkSpace/CSharp/BannerlordModEditor/BannerlordModEditor.Common/Models/Data/Mpcultures.cs(46,23): warning CS8618: 在退出构造函数时，不可为 null 的 属性 "BannerBackgroundColor1" 必须包含非 null 值。请考虑添加 "required" 修饰符或将该 属性 声明为可为 null。 [/root/WorkSpace/CSharp/BannerlordModEditor/BannerlordModEditor.Common/BannerlordModEditor.Common.csproj]
         /root/WorkSpace/CSharp/BannerlordModEditor/BannerlordModEditor.Common/Models/Data/Mpcultures.cs(50,23): warning CS8618: 在退出构造函数时，不可为 null 的 属性 "BannerForegroundColor1" 必须包含非 null 值。请考虑添加 "required" 修饰符或将该 属性 声明为可为 null。 [/root/WorkSpace/CSharp/BannerlordModEditor/BannerlordModEditor.Common/BannerlordModEditor.Common.csproj]
         /root/WorkSpace/CSharp/BannerlordModEditor/BannerlordModEditor.Common/Models/Data/Mpcultures.cs(54,23): warning CS8618: 在退出构造函数时，不可为 null 的 属性 "BannerBackgroundColor2" 必须包含非 null 值。请考虑添加 "required" 修饰符或将该 属性 声明为可为 null。 [/root/WorkSpace/CSharp/BannerlordModEditor/BannerlordModEditor.Common/BannerlordModEditor.Common.csproj]
         /root/WorkSpace/CSharp/BannerlordModEditor/BannerlordModEditor.Common/Models/Data/Mpcultures.cs(58,23): warning CS8618: 在退出构造函数时，不可为 null 的 属性 "BannerForegroundColor2" 必须包含非 null 值。请考虑添加 "required" 修饰符或将该 属性 声明为可为 null。 [/root/WorkSpace/CSharp/BannerlordModEditor/BannerlordModEditor.Common/BannerlordModEditor.Common.csproj]
         /root/WorkSpace/CSharp/BannerlordModEditor/BannerlordModEditor.Common/Models/Data/Mpcultures.cs(62,23): warning CS8618: 在退出构造函数时，不可为 null 的 属性 "FactionBannerKey" 必须包含非 null 值。请考虑添加 "required" 修饰符或将该 属性 声明为可为 null。 [/root/WorkSpace/CSharp/BannerlordModEditor/BannerlordModEditor.Common/BannerlordModEditor.Common.csproj]
         /root/WorkSpace/CSharp/BannerlordModEditor/BannerlordModEditor.Common/Mappers/MpItemsMapper.cs(480,40): warning CS8603: 可能返回 null 引用。 [/root/WorkSpace/CSharp/BannerlordModEditor/BannerlordModEditor.Common/BannerlordModEditor.Common.csproj]
         /root/WorkSpace/CSharp/BannerlordModEditor/BannerlordModEditor.Common/Mappers/MpItemsMapper.cs(513,36): warning CS8604: “WeaponFlagsDO MpItemsMapper.ToDO(WeaponFlagsDTO source)”中的形参“source”可能传入 null 引用实参。 [/root/WorkSpace/CSharp/BannerlordModEditor/BannerlordModEditor.Common/BannerlordModEditor.Common.csproj]
         /root/WorkSpace/CSharp/BannerlordModEditor/BannerlordModEditor.Common/Models/Data/ParticleSystems.cs(19,23): warning CS8618: 在退出构造函数时，不可为 null 的 属性 "Name" 必须包含非 null 值。请考虑添加 "required" 修饰符或将该 属性 声明为可为 null。 [/root/WorkSpace/CSharp/BannerlordModEditor/BannerlordModEditor.Common/BannerlordModEditor.Common.csproj]
         /root/WorkSpace/CSharp/BannerlordModEditor/BannerlordModEditor.Common/Models/Data/ParticleSystems.cs(22,23): warning CS8618: 在退出构造函数时，不可为 null 的 属性 "Guid" 必须包含非 null 值。请考虑添加 "required" 修饰符或将该 属性 声明为可为 null。 [/root/WorkSpace/CSharp/BannerlordModEditor/BannerlordModEditor.Common/BannerlordModEditor.Common.csproj]
         /root/WorkSpace/CSharp/BannerlordModEditor/BannerlordModEditor.Common/Models/Data/ParticleSystems.cs(25,23): warning CS8618: 在退出构造函数时，不可为 null 的 属性 "SoundCode" 必须包含非 null 值。请考虑添加 "required" 修饰符或将该 属性 声明为可为 null。 [/root/WorkSpace/CSharp/BannerlordModEditor/BannerlordModEditor.Common/BannerlordModEditor.Common.csproj]
         /root/WorkSpace/CSharp/BannerlordModEditor/BannerlordModEditor.Common/Models/Data/ParticleSystems.cs(28,25): warning CS8618: 在退出构造函数时，不可为 null 的 属性 "Emitters" 必须包含非 null 值。请考虑添加 "required" 修饰符或将该 属性 声明为可为 null。 [/root/WorkSpace/CSharp/BannerlordModEditor/BannerlordModEditor.Common/BannerlordModEditor.Common.csproj]
         /root/WorkSpace/CSharp/BannerlordModEditor/BannerlordModEditor.Common/Models/Data/ParticleSystems.cs(71,23): warning CS8618: 在退出构造函数时，不可为 null 的 属性 "Name" 必须包含非 null 值。请考虑添加 "required" 修饰符或将该 属性 声明为可为 null。 [/root/WorkSpace/CSharp/BannerlordModEditor/BannerlordModEditor.Common/BannerlordModEditor.Common.csproj]
         /root/WorkSpace/CSharp/BannerlordModEditor/BannerlordModEditor.Common/Models/Data/ParticleSystems.cs(74,23): warning CS8618: 在退出构造函数时，不可为 null 的 属性 "Value" 必须包含非 null 值。请考虑添加 "required" 修饰符或将该 属性 声明为可为 null。 [/root/WorkSpace/CSharp/BannerlordModEditor/BannerlordModEditor.Common/BannerlordModEditor.Common.csproj]
         /root/WorkSpace/CSharp/BannerlordModEditor/BannerlordModEditor.Common/Models/Data/ParticleSystems.cs(44,23): warning CS8618: 在退出构造函数时，不可为 null 的 属性 "Name" 必须包含非 null 值。请考虑添加 "required" 修饰符或将该 属性 声明为可为 null。 [/root/WorkSpace/CSharp/BannerlordModEditor/BannerlordModEditor.Common/BannerlordModEditor.Common.csproj]
         /root/WorkSpace/CSharp/BannerlordModEditor/BannerlordModEditor.Common/Models/Data/ParticleSystems.cs(50,30): warning CS8618: 在退出构造函数时，不可为 null 的 属性 "Flags" 必须包含非 null 值。请考虑添加 "required" 修饰符或将该 属性 声明为可为 null。 [/root/WorkSpace/CSharp/BannerlordModEditor/BannerlordModEditor.Common/BannerlordModEditor.Common.csproj]
         /root/WorkSpace/CSharp/BannerlordModEditor/BannerlordModEditor.Common/Models/Data/ParticleSystems.cs(53,27): warning CS8618: 在退出构造函数时，不可为 null 的 属性 "Parameters" 必须包含非 null 值。请考虑添加 "required" 修饰符或将该 属性 声明为可为 null。 [/root/WorkSpace/CSharp/BannerlordModEditor/BannerlordModEditor.Common/BannerlordModEditor.Common.csproj]
         /root/WorkSpace/CSharp/BannerlordModEditor/BannerlordModEditor.Common/Models/Data/ParticleSystems.cs(155,23): warning CS8618: 在退出构造函数时，不可为 null 的 属性 "Value" 必须包含非 null 值。请考虑添加 "required" 修饰符或将该 属性 声明为可为 null。 [/root/WorkSpace/CSharp/BannerlordModEditor/BannerlordModEditor.Common/BannerlordModEditor.Common.csproj]
         /root/WorkSpace/CSharp/BannerlordModEditor/BannerlordModEditor.Common/Models/Data/ParticleSystems.cs(158,23): warning CS8618: 在退出构造函数时，不可为 null 的 属性 "Position" 必须包含非 null 值。请考虑添加 "required" 修饰符或将该 属性 声明为可为 null。 [/root/WorkSpace/CSharp/BannerlordModEditor/BannerlordModEditor.Common/BannerlordModEditor.Common.csproj]
         /root/WorkSpace/CSharp/BannerlordModEditor/BannerlordModEditor.Common/Models/Data/ParticleSystems.cs(161,23): warning CS8618: 在退出构造函数时，不可为 null 的 属性 "Tangent" 必须包含非 null 值。请考虑添加 "required" 修饰符或将该 属性 声明为可为 null。 [/root/WorkSpace/CSharp/BannerlordModEditor/BannerlordModEditor.Common/BannerlordModEditor.Common.csproj]
         /root/WorkSpace/CSharp/BannerlordModEditor/BannerlordModEditor.Common/Models/Data/ParticleSystems.cs(123,23): warning CS8618: 在退出构造函数时，不可为 null 的 属性 "Name" 必须包含非 null 值。请考虑添加 "required" 修饰符或将该 属性 声明为可为 null。 [/root/WorkSpace/CSharp/BannerlordModEditor/BannerlordModEditor.Common/BannerlordModEditor.Common.csproj]
         /root/WorkSpace/CSharp/BannerlordModEditor/BannerlordModEditor.Common/Models/Data/ParticleSystems.cs(126,23): warning CS8618: 在退出构造函数时，不可为 null 的 属性 "Version" 必须包含非 null 值。请考虑添加 "required" 修饰符或将该 属性 声明为可为 null。 [/root/WorkSpace/CSharp/BannerlordModEditor/BannerlordModEditor.Common/BannerlordModEditor.Common.csproj]
         /root/WorkSpace/CSharp/BannerlordModEditor/BannerlordModEditor.Common/Models/Data/ParticleSystems.cs(129,23): warning CS8618: 在退出构造函数时，不可为 null 的 属性 "Default" 必须包含非 null 值。请考虑添加 "required" 修饰符或将该 属性 声明为可为 null。 [/root/WorkSpace/CSharp/BannerlordModEditor/BannerlordModEditor.Common/BannerlordModEditor.Common.csproj]
         /root/WorkSpace/CSharp/BannerlordModEditor/BannerlordModEditor.Common/Models/Data/ParticleSystems.cs(132,23): warning CS8618: 在退出构造函数时，不可为 null 的 属性 "CurveMultiplier" 必须包含非 null 值。请考虑添加 "required" 修饰符或将该 属性 声明为可为 null。 [/root/WorkSpace/CSharp/BannerlordModEditor/BannerlordModEditor.Common/BannerlordModEditor.Common.csproj]
         /root/WorkSpace/CSharp/BannerlordModEditor/BannerlordModEditor.Common/Models/Data/ParticleSystems.cs(135,21): warning CS8618: 在退出构造函数时，不可为 null 的 属性 "Keys" 必须包含非 null 值。请考虑添加 "required" 修饰符或将该 属性 声明为可为 null。 [/root/WorkSpace/CSharp/BannerlordModEditor/BannerlordModEditor.Common/BannerlordModEditor.Common.csproj]
         /root/WorkSpace/CSharp/BannerlordModEditor/BannerlordModEditor.Common/Mappers/MpItemsMapper.cs(519,40): warning CS8603: 可能返回 null 引用。 [/root/WorkSpace/CSharp/BannerlordModEditor/BannerlordModEditor.Common/BannerlordModEditor.Common.csproj]
         /root/WorkSpace/CSharp/BannerlordModEditor/BannerlordModEditor.Common/Models/Data/ParticleSystems.cs(91,23): warning CS8618: 在退出构造函数时，不可为 null 的 属性 "Name" 必须包含非 null 值。请考虑添加 "required" 修饰符或将该 属性 声明为可为 null。 [/root/WorkSpace/CSharp/BannerlordModEditor/BannerlordModEditor.Common/BannerlordModEditor.Common.csproj]
         /root/WorkSpace/CSharp/BannerlordModEditor/BannerlordModEditor.Common/Models/Data/ParticleSystems.cs(94,23): warning CS8618: 在退出构造函数时，不可为 null 的 属性 "Value" 必须包含非 null 值。请考虑添加 "required" 修饰符或将该 属性 声明为可为 null。 [/root/WorkSpace/CSharp/BannerlordModEditor/BannerlordModEditor.Common/BannerlordModEditor.Common.csproj]
         /root/WorkSpace/CSharp/BannerlordModEditor/BannerlordModEditor.Common/Models/Data/ParticleSystems.cs(97,23): warning CS8618: 在退出构造函数时，不可为 null 的 属性 "Bias" 必须包含非 null 值。请考虑添加 "required" 修饰符或将该 属性 声明为可为 null。 [/root/WorkSpace/CSharp/BannerlordModEditor/BannerlordModEditor.Common/BannerlordModEditor.Common.csproj]
         /root/WorkSpace/CSharp/BannerlordModEditor/BannerlordModEditor.Common/Models/Data/ParticleSystems.cs(100,23): warning CS8618: 在退出构造函数时，不可为 null 的 属性 "Curve" 必须包含非 null 值。请考虑添加 "required" 修饰符或将该 属性 声明为可为 null。 [/root/WorkSpace/CSharp/BannerlordModEditor/BannerlordModEditor.Common/BannerlordModEditor.Common.csproj]
         /root/WorkSpace/CSharp/BannerlordModEditor/BannerlordModEditor.Common/Models/Data/ParticleSystems.cs(103,23): warning CS8618: 在退出构造函数时，不可为 null 的 属性 "Color" 必须包含非 null 值。请考虑添加 "required" 修饰符或将该 属性 声明为可为 null。 [/root/WorkSpace/CSharp/BannerlordModEditor/BannerlordModEditor.Common/BannerlordModEditor.Common.csproj]
         /root/WorkSpace/CSharp/BannerlordModEditor/BannerlordModEditor.Common/Models/Data/ParticleSystems.cs(106,23): warning CS8618: 在退出构造函数时，不可为 null 的 属性 "Alpha" 必须包含非 null 值。请考虑添加 "required" 修饰符或将该 属性 声明为可为 null。 [/root/WorkSpace/CSharp/BannerlordModEditor/BannerlordModEditor.Common/BannerlordModEditor.Common.csproj]
         /root/WorkSpace/CSharp/BannerlordModEditor/BannerlordModEditor.Common/Models/Data/ParticleSystems.cs(109,22): warning CS8618: 在退出构造函数时，不可为 null 的 属性 "ParameterCurve" 必须包含非 null 值。请考虑添加 "required" 修饰符或将该 属性 声明为可为 null。 [/root/WorkSpace/CSharp/BannerlordModEditor/BannerlordModEditor.Common/BannerlordModEditor.Common.csproj]
         /root/WorkSpace/CSharp/BannerlordModEditor/BannerlordModEditor.Common/Mappers/MpItemsMapper.cs(556,40): warning CS8603: 可能返回 null 引用。 [/root/WorkSpace/CSharp/BannerlordModEditor/BannerlordModEditor.Common/BannerlordModEditor.Common.csproj]
         /root/WorkSpace/CSharp/BannerlordModEditor/BannerlordModEditor.Common/Mappers/MpItemsMapper.cs(570,41): warning CS8604: “AdditionalMeshesDO MpItemsMapper.ToDO(AdditionalMeshesDTO source)”中的形参“source”可能传入 null 引用实参。 [/root/WorkSpace/CSharp/BannerlordModEditor/BannerlordModEditor.Common/BannerlordModEditor.Common.csproj]
         /root/WorkSpace/CSharp/BannerlordModEditor/BannerlordModEditor.Common/Mappers/MpItemsMapper.cs(571,34): warning CS8604: “MpItemMaterialsDO MpItemsMapper.ToDO(MpItemMaterialsDTO source)”中的形参“source”可能传入 null 引用实参。 [/root/WorkSpace/CSharp/BannerlordModEditor/BannerlordModEditor.Common/BannerlordModEditor.Common.csproj]
         /root/WorkSpace/CSharp/BannerlordModEditor/BannerlordModEditor.Common/Models/Data/PrebakedAnimations.cs(11,23): warning CS8618: 在退出构造函数时，不可为 null 的 属性 "Type" 必须包含非 null 值。请考虑添加 "required" 修饰符或将该 属性 声明为可为 null。 [/root/WorkSpace/CSharp/BannerlordModEditor/BannerlordModEditor.Common/BannerlordModEditor.Common.csproj]
         /root/WorkSpace/CSharp/BannerlordModEditor/BannerlordModEditor.Common/Models/Data/PrebakedAnimations.cs(14,39): warning CS8618: 在退出构造函数时，不可为 null 的 属性 "PrebakedAnimationsList" 必须包含非 null 值。请考虑添加 "required" 修饰符或将该 属性 声明为可为 null。 [/root/WorkSpace/CSharp/BannerlordModEditor/BannerlordModEditor.Common/BannerlordModEditor.Common.csproj]
         /root/WorkSpace/CSharp/BannerlordModEditor/BannerlordModEditor.Common/Models/DTO/LooknfeelDTO.cs(10,23): warning CS8618: 在退出构造函数时，不可为 null 的 属性 "Type" 必须包含非 null 值。请考虑添加 "required" 修饰符或将该 属性 声明为可为 null。 [/root/WorkSpace/CSharp/BannerlordModEditor/BannerlordModEditor.Common/BannerlordModEditor.Common.csproj]
         /root/WorkSpace/CSharp/BannerlordModEditor/BannerlordModEditor.Common/Models/DTO/LooknfeelDTO.cs(13,23): warning CS8618: 在退出构造函数时，不可为 null 的 属性 "VirtualResolution" 必须包含非 null 值。请考虑添加 "required" 修饰符或将该 属性 声明为可为 null。 [/root/WorkSpace/CSharp/BannerlordModEditor/BannerlordModEditor.Common/BannerlordModEditor.Common.csproj]
         /root/WorkSpace/CSharp/BannerlordModEditor/BannerlordModEditor.Common/Models/DTO/LooknfeelDTO.cs(16,36): warning CS8618: 在退出构造函数时，不可为 null 的 属性 "Widgets" 必须包含非 null 值。请考虑添加 "required" 修饰符或将该 属性 声明为可为 null。 [/root/WorkSpace/CSharp/BannerlordModEditor/BannerlordModEditor.Common/BannerlordModEditor.Common.csproj]
         /root/WorkSpace/CSharp/BannerlordModEditor/BannerlordModEditor.Common/Models/Data/PrebakedAnimations.cs(23,32): warning CS8618: 在退出构造函数时，不可为 null 的 属性 "Animations" 必须包含非 null 值。请考虑添加 "required" 修饰符或将该 属性 声明为可为 null。 [/root/WorkSpace/CSharp/BannerlordModEditor/BannerlordModEditor.Common/BannerlordModEditor.Common.csproj]
         /root/WorkSpace/CSharp/BannerlordModEditor/BannerlordModEditor.Common/Models/Data/ItemModifiers.cs(105,20): warning CS8603: 可能返回 null 引用。 [/root/WorkSpace/CSharp/BannerlordModEditor/BannerlordModEditor.Common/BannerlordModEditor.Common.csproj]
         /root/WorkSpace/CSharp/BannerlordModEditor/BannerlordModEditor.Common/Models/Data/PrebakedAnimations.cs(50,23): warning CS8618: 在退出构造函数时，不可为 null 的 属性 "KeyList" 必须包含非 null 值。请考虑添加 "required" 修饰符或将该 属性 声明为可为 null。 [/root/WorkSpace/CSharp/BannerlordModEditor/BannerlordModEditor.Common/BannerlordModEditor.Common.csproj]
         /root/WorkSpace/CSharp/BannerlordModEditor/BannerlordModEditor.Common/Models/Data/Prerender.cs(23,43): warning CS8618: 在退出构造函数时，不可为 null 的 属性 "PostfxGraphList" 必须包含非 null 值。请考虑添加 "required" 修饰符或将该 属性 声明为可为 null。 [/root/WorkSpace/CSharp/BannerlordModEditor/BannerlordModEditor.Common/BannerlordModEditor.Common.csproj]
         /root/WorkSpace/CSharp/BannerlordModEditor/BannerlordModEditor.Common/Models/Data/Prerender.cs(11,23): warning CS8618: 在退出构造函数时，不可为 null 的 属性 "Type" 必须包含非 null 值。请考虑添加 "required" 修饰符或将该 属性 声明为可为 null。 [/root/WorkSpace/CSharp/BannerlordModEditor/BannerlordModEditor.Common/BannerlordModEditor.Common.csproj]
         /root/WorkSpace/CSharp/BannerlordModEditor/BannerlordModEditor.Common/Models/Data/Prerender.cs(14,38): warning CS8618: 在退出构造函数时，不可为 null 的 属性 "PostfxGraphs" 必须包含非 null 值。请考虑添加 "required" 修饰符或将该 属性 声明为可为 null。 [/root/WorkSpace/CSharp/BannerlordModEditor/BannerlordModEditor.Common/BannerlordModEditor.Common.csproj]
         /root/WorkSpace/CSharp/BannerlordModEditor/BannerlordModEditor.Common/Mappers/MpItemsMapper.cs(577,40): warning CS8603: 可能返回 null 引用。 [/root/WorkSpace/CSharp/BannerlordModEditor/BannerlordModEditor.Common/BannerlordModEditor.Common.csproj]
         /root/WorkSpace/CSharp/BannerlordModEditor/BannerlordModEditor.Common/Models/Data/PrebakedAnimations.cs(31,23): warning CS8618: 在退出构造函数时，不可为 null 的 属性 "Id" 必须包含非 null 值。请考虑添加 "required" 修饰符或将该 属性 声明为可为 null。 [/root/WorkSpace/CSharp/BannerlordModEditor/BannerlordModEditor.Common/BannerlordModEditor.Common.csproj]
         /root/WorkSpace/CSharp/BannerlordModEditor/BannerlordModEditor.Common/Models/Data/PrebakedAnimations.cs(34,23): warning CS8618: 在退出构造函数时，不可为 null 的 属性 "SkeletonName" 必须包含非 null 值。请考虑添加 "required" 修饰符或将该 属性 声明为可为 null。 [/root/WorkSpace/CSharp/BannerlordModEditor/BannerlordModEditor.Common/BannerlordModEditor.Common.csproj]
         /root/WorkSpace/CSharp/BannerlordModEditor/BannerlordModEditor.Common/Models/Data/PrebakedAnimations.cs(37,27): warning CS8618: 在退出构造函数时，不可为 null 的 属性 "Bones" 必须包含非 null 值。请考虑添加 "required" 修饰符或将该 属性 声明为可为 null。 [/root/WorkSpace/CSharp/BannerlordModEditor/BannerlordModEditor.Common/BannerlordModEditor.Common.csproj]
         /root/WorkSpace/CSharp/BannerlordModEditor/BannerlordModEditor.Common/Models/Data/Prerender.cs(31,23): warning CS8618: 在退出构造函数时，不可为 null 的 属性 "Id" 必须包含非 null 值。请考虑添加 "required" 修饰符或将该 属性 声明为可为 null。 [/root/WorkSpace/CSharp/BannerlordModEditor/BannerlordModEditor.Common/BannerlordModEditor.Common.csproj]
         /root/WorkSpace/CSharp/BannerlordModEditor/BannerlordModEditor.Common/Models/Data/Prerender.cs(34,42): warning CS8618: 在退出构造函数时，不可为 null 的 属性 "PostfxNodes" 必须包含非 null 值。请考虑添加 "required" 修饰符或将该 属性 声明为可为 null。 [/root/WorkSpace/CSharp/BannerlordModEditor/BannerlordModEditor.Common/BannerlordModEditor.Common.csproj]
         /root/WorkSpace/CSharp/BannerlordModEditor/BannerlordModEditor.Common/Mappers/MpItemsMapper.cs(587,40): warning CS8603: 可能返回 null 引用。 [/root/WorkSpace/CSharp/BannerlordModEditor/BannerlordModEditor.Common/BannerlordModEditor.Common.csproj]
         /root/WorkSpace/CSharp/BannerlordModEditor/BannerlordModEditor.Common/Models/Data/ItemModifiers.cs(113,20): warning CS8603: 可能返回 null 引用。 [/root/WorkSpace/CSharp/BannerlordModEditor/BannerlordModEditor.Common/BannerlordModEditor.Common.csproj]
         /root/WorkSpace/CSharp/BannerlordModEditor/BannerlordModEditor.Common/Models/Data/Prerender.cs(111,29): warning CS8618: 在退出构造函数时，不可为 null 的 属性 "Configs" 必须包含非 null 值。请考虑添加 "required" 修饰符或将该 属性 声明为可为 null。 [/root/WorkSpace/CSharp/BannerlordModEditor/BannerlordModEditor.Common/BannerlordModEditor.Common.csproj]
         /root/WorkSpace/CSharp/BannerlordModEditor/BannerlordModEditor.Common/Models/Data/Prerender.cs(119,23): warning CS8618: 在退出构造函数时，不可为 null 的 属性 "Name" 必须包含非 null 值。请考虑添加 "required" 修饰符或将该 属性 声明为可为 null。 [/root/WorkSpace/CSharp/BannerlordModEditor/BannerlordModEditor.Common/BannerlordModEditor.Common.csproj]
         /root/WorkSpace/CSharp/BannerlordModEditor/BannerlordModEditor.Common/Models/Data/Prerender.cs(95,23): warning CS8618: 在退出构造函数时，不可为 null 的 属性 "Index" 必须包含非 null 值。请考虑添加 "required" 修饰符或将该 属性 声明为可为 null。 [/root/WorkSpace/CSharp/BannerlordModEditor/BannerlordModEditor.Common/BannerlordModEditor.Common.csproj]
         /root/WorkSpace/CSharp/BannerlordModEditor/BannerlordModEditor.Common/Models/Data/Prerender.cs(98,23): warning CS8618: 在退出构造函数时，不可为 null 的 属性 "Type" 必须包含非 null 值。请考虑添加 "required" 修饰符或将该 属性 声明为可为 null。 [/root/WorkSpace/CSharp/BannerlordModEditor/BannerlordModEditor.Common/BannerlordModEditor.Common.csproj]
         /root/WorkSpace/CSharp/BannerlordModEditor/BannerlordModEditor.Common/Models/Data/Prerender.cs(101,23): warning CS8618: 在退出构造函数时，不可为 null 的 属性 "Source" 必须包含非 null 值。请考虑添加 "required" 修饰符或将该 属性 声明为可为 null。 [/root/WorkSpace/CSharp/BannerlordModEditor/BannerlordModEditor.Common/BannerlordModEditor.Common.csproj]
         /root/WorkSpace/CSharp/BannerlordModEditor/BannerlordModEditor.Common/Models/Data/Looknfeel.cs(255,23): warning CS8618: 在退出构造函数时，不可为 null 的 属性 "Ref" 必须包含非 null 值。请考虑添加 "required" 修饰符或将该 属性 声明为可为 null。 [/root/WorkSpace/CSharp/BannerlordModEditor/BannerlordModEditor.Common/BannerlordModEditor.Common.csproj]
         /root/WorkSpace/CSharp/BannerlordModEditor/BannerlordModEditor.Common/Models/Data/Looknfeel.cs(258,23): warning CS8618: 在退出构造函数时，不可为 null 的 属性 "Name" 必须包含非 null 值。请考虑添加 "required" 修饰符或将该 属性 声明为可为 null。 [/root/WorkSpace/CSharp/BannerlordModEditor/BannerlordModEditor.Common/BannerlordModEditor.Common.csproj]
         /root/WorkSpace/CSharp/BannerlordModEditor/BannerlordModEditor.Common/Models/Data/Looknfeel.cs(261,23): warning CS8618: 在退出构造函数时，不可为 null 的 属性 "Size" 必须包含非 null 值。请考虑添加 "required" 修饰符或将该 属性 声明为可为 null。 [/root/WorkSpace/CSharp/BannerlordModEditor/BannerlordModEditor.Common/BannerlordModEditor.Common.csproj]
         /root/WorkSpace/CSharp/BannerlordModEditor/BannerlordModEditor.Common/Models/Data/Looknfeel.cs(264,23): warning CS8618: 在退出构造函数时，不可为 null 的 属性 "Position" 必须包含非 null 值。请考虑添加 "required" 修饰符或将该 属性 声明为可为 null。 [/root/WorkSpace/CSharp/BannerlordModEditor/BannerlordModEditor.Common/BannerlordModEditor.Common.csproj]
         /root/WorkSpace/CSharp/BannerlordModEditor/BannerlordModEditor.Common/Models/Data/Looknfeel.cs(267,23): warning CS8618: 在退出构造函数时，不可为 null 的 属性 "Style" 必须包含非 null 值。请考虑添加 "required" 修饰符或将该 属性 声明为可为 null。 [/root/WorkSpace/CSharp/BannerlordModEditor/BannerlordModEditor.Common/BannerlordModEditor.Common.csproj]
         /root/WorkSpace/CSharp/BannerlordModEditor/BannerlordModEditor.Common/Models/Data/Looknfeel.cs(270,23): warning CS8618: 在退出构造函数时，不可为 null 的 属性 "VerticalAlignment" 必须包含非 null 值。请考虑添加 "required" 修饰符或将该 属性 声明为可为 null。 [/root/WorkSpace/CSharp/BannerlordModEditor/BannerlordModEditor.Common/BannerlordModEditor.Common.csproj]
         /root/WorkSpace/CSharp/BannerlordModEditor/BannerlordModEditor.Common/Models/Data/Looknfeel.cs(273,23): warning CS8618: 在退出构造函数时，不可为 null 的 属性 "HorizontalAlignment" 必须包含非 null 值。请考虑添加 "required" 修饰符或将该 属性 声明为可为 null。 [/root/WorkSpace/CSharp/BannerlordModEditor/BannerlordModEditor.Common/BannerlordModEditor.Common.csproj]
         /root/WorkSpace/CSharp/BannerlordModEditor/BannerlordModEditor.Common/Models/Data/Looknfeel.cs(276,23): warning CS8618: 在退出构造函数时，不可为 null 的 属性 "HorizontalAligment" 必须包含非 null 值。请考虑添加 "required" 修饰符或将该 属性 声明为可为 null。 [/root/WorkSpace/CSharp/BannerlordModEditor/BannerlordModEditor.Common/BannerlordModEditor.Common.csproj]
         /root/WorkSpace/CSharp/BannerlordModEditor/BannerlordModEditor.Common/Models/Data/Looknfeel.cs(279,23): warning CS8618: 在退出构造函数时，不可为 null 的 属性 "ScrollSpeed" 必须包含非 null 值。请考虑添加 "required" 修饰符或将该 属性 声明为可为 null。 [/root/WorkSpace/CSharp/BannerlordModEditor/BannerlordModEditor.Common/BannerlordModEditor.Common.csproj]
         /root/WorkSpace/CSharp/BannerlordModEditor/BannerlordModEditor.Common/Models/Data/Looknfeel.cs(282,23): warning CS8618: 在退出构造函数时，不可为 null 的 属性 "CellSize" 必须包含非 null 值。请考虑添加 "required" 修饰符或将该 属性 声明为可为 null。 [/root/WorkSpace/CSharp/BannerlordModEditor/BannerlordModEditor.Common/BannerlordModEditor.Common.csproj]
         /root/WorkSpace/CSharp/BannerlordModEditor/BannerlordModEditor.Common/Models/Data/Looknfeel.cs(285,23): warning CS8618: 在退出构造函数时，不可为 null 的 属性 "LayoutStyle" 必须包含非 null 值。请考虑添加 "required" 修饰符或将该 属性 声明为可为 null。 [/root/WorkSpace/CSharp/BannerlordModEditor/BannerlordModEditor.Common/BannerlordModEditor.Common.csproj]
         /root/WorkSpace/CSharp/BannerlordModEditor/BannerlordModEditor.Common/Models/Data/Looknfeel.cs(288,23): warning CS8618: 在退出构造函数时，不可为 null 的 属性 "LayoutAlignment" 必须包含非 null 值。请考虑添加 "required" 修饰符或将该 属性 声明为可为 null。 [/root/WorkSpace/CSharp/BannerlordModEditor/BannerlordModEditor.Common/BannerlordModEditor.Common.csproj]
         /root/WorkSpace/CSharp/BannerlordModEditor/BannerlordModEditor.Common/Models/Data/Looknfeel.cs(291,23): warning CS8618: 在退出构造函数时，不可为 null 的 属性 "Text" 必须包含非 null 值。请考虑添加 "required" 修饰符或将该 属性 声明为可为 null。 [/root/WorkSpace/CSharp/BannerlordModEditor/BannerlordModEditor.Common/BannerlordModEditor.Common.csproj]
         /root/WorkSpace/CSharp/BannerlordModEditor/BannerlordModEditor.Common/Models/Data/Looknfeel.cs(294,23): warning CS8618: 在退出构造函数时，不可为 null 的 属性 "TextColor" 必须包含非 null 值。请考虑添加 "required" 修饰符或将该 属性 声明为可为 null。 [/root/WorkSpace/CSharp/BannerlordModEditor/BannerlordModEditor.Common/BannerlordModEditor.Common.csproj]
         /root/WorkSpace/CSharp/BannerlordModEditor/BannerlordModEditor.Common/Models/Data/Looknfeel.cs(297,23): warning CS8618: 在退出构造函数时，不可为 null 的 属性 "TextHighlightColor" 必须包含非 null 值。请考虑添加 "required" 修饰符或将该 属性 声明为可为 null。 [/root/WorkSpace/CSharp/BannerlordModEditor/BannerlordModEditor.Common/BannerlordModEditor.Common.csproj]
         /root/WorkSpace/CSharp/BannerlordModEditor/BannerlordModEditor.Common/Models/Data/Looknfeel.cs(300,23): warning CS8618: 在退出构造函数时，不可为 null 的 属性 "FontSize" 必须包含非 null 值。请考虑添加 "required" 修饰符或将该 属性 声明为可为 null。 [/root/WorkSpace/CSharp/BannerlordModEditor/BannerlordModEditor.Common/BannerlordModEditor.Common.csproj]
         /root/WorkSpace/CSharp/BannerlordModEditor/BannerlordModEditor.Common/Models/Data/Looknfeel.cs(303,41): warning CS8618: 在退出构造函数时，不可为 null 的 属性 "Meshes" 必须包含非 null 值。请考虑添加 "required" 修饰符或将该 属性 声明为可为 null。 [/root/WorkSpace/CSharp/BannerlordModEditor/BannerlordModEditor.Common/BannerlordModEditor.Common.csproj]
         /root/WorkSpace/CSharp/BannerlordModEditor/BannerlordModEditor.Common/Models/Data/Looknfeel.cs(306,36): warning CS8618: 在退出构造函数时，不可为 null 的 属性 "SubWidgets" 必须包含非 null 值。请考虑添加 "required" 修饰符或将该 属性 声明为可为 null。 [/root/WorkSpace/CSharp/BannerlordModEditor/BannerlordModEditor.Common/BannerlordModEditor.Common.csproj]
         /root/WorkSpace/CSharp/BannerlordModEditor/BannerlordModEditor.Common/Models/Data/ItemModifiers.cs(121,20): warning CS8603: 可能返回 null 引用。 [/root/WorkSpace/CSharp/BannerlordModEditor/BannerlordModEditor.Common/BannerlordModEditor.Common.csproj]
         /root/WorkSpace/CSharp/BannerlordModEditor/BannerlordModEditor.Common/Models/DTO/LooknfeelDTO.cs(26,32): warning CS8618: 在退出构造函数时，不可为 null 的 属性 "WidgetList" 必须包含非 null 值。请考虑添加 "required" 修饰符或将该 属性 声明为可为 null。 [/root/WorkSpace/CSharp/BannerlordModEditor/BannerlordModEditor.Common/BannerlordModEditor.Common.csproj]
         /root/WorkSpace/CSharp/BannerlordModEditor/BannerlordModEditor.Common/Models/Data/Mpcosmetics.cs(62,23): warning CS8618: 在退出构造函数时，不可为 null 的 属性 "Id" 必须包含非 null 值。请考虑添加 "required" 修饰符或将该 属性 声明为可为 null。 [/root/WorkSpace/CSharp/BannerlordModEditor/BannerlordModEditor.Common/BannerlordModEditor.Common.csproj]
         /root/WorkSpace/CSharp/BannerlordModEditor/BannerlordModEditor.Common/Mappers/MpItemsMapper.cs(598,40): warning CS8603: 可能返回 null 引用。 [/root/WorkSpace/CSharp/BannerlordModEditor/BannerlordModEditor.Common/BannerlordModEditor.Common.csproj]
         /root/WorkSpace/CSharp/BannerlordModEditor/BannerlordModEditor.Common/Mappers/MpItemsMapper.cs(608,40): warning CS8603: 可能返回 null 引用。 [/root/WorkSpace/CSharp/BannerlordModEditor/BannerlordModEditor.Common/BannerlordModEditor.Common.csproj]
         /root/WorkSpace/CSharp/BannerlordModEditor/BannerlordModEditor.Common/Mappers/MpItemsMapper.cs(613,40): warning CS8604: “MpItemMeshMultipliersDO MpItemsMapper.ToDO(MpItemMeshMultipliersDTO source)”中的形参“source”可能传入 null 引用实参。 [/root/WorkSpace/CSharp/BannerlordModEditor/BannerlordModEditor.Common/BannerlordModEditor.Common.csproj]
         /root/WorkSpace/CSharp/BannerlordModEditor/BannerlordModEditor.Common/Models/Data/ItemModifiers.cs(135,20): warning CS8603: 可能返回 null 引用。 [/root/WorkSpace/CSharp/BannerlordModEditor/BannerlordModEditor.Common/BannerlordModEditor.Common.csproj]
         /root/WorkSpace/CSharp/BannerlordModEditor/BannerlordModEditor.Common/Models/DTO/LooknfeelDTO.cs(255,35): warning CS8618: 在退出构造函数时，不可为 null 的 属性 "SubWidgetList" 必须包含非 null 值。请考虑添加 "required" 修饰符或将该 属性 声明为可为 null。 [/root/WorkSpace/CSharp/BannerlordModEditor/BannerlordModEditor.Common/BannerlordModEditor.Common.csproj]
         /root/WorkSpace/CSharp/BannerlordModEditor/BannerlordModEditor.Common/Models/DTO/LooknfeelDTO.cs(235,23): warning CS8618: 在退出构造函数时，不可为 null 的 属性 "Name" 必须包含非 null 值。请考虑添加 "required" 修饰符或将该 属性 声明为可为 null。 [/root/WorkSpace/CSharp/BannerlordModEditor/BannerlordModEditor.Common/BannerlordModEditor.Common.csproj]
         /root/WorkSpace/CSharp/BannerlordModEditor/BannerlordModEditor.Common/Models/DTO/LooknfeelDTO.cs(238,23): warning CS8618: 在退出构造函数时，不可为 null 的 属性 "Tiling" 必须包含非 null 值。请考虑添加 "required" 修饰符或将该 属性 声明为可为 null。 [/root/WorkSpace/CSharp/BannerlordModEditor/BannerlordModEditor.Common/BannerlordModEditor.Common.csproj]
         /root/WorkSpace/CSharp/BannerlordModEditor/BannerlordModEditor.Common/Models/DTO/LooknfeelDTO.cs(241,23): warning CS8618: 在退出构造函数时，不可为 null 的 属性 "MainMesh" 必须包含非 null 值。请考虑添加 "required" 修饰符或将该 属性 声明为可为 null。 [/root/WorkSpace/CSharp/BannerlordModEditor/BannerlordModEditor.Common/BannerlordModEditor.Common.csproj]
         /root/WorkSpace/CSharp/BannerlordModEditor/BannerlordModEditor.Common/Models/DTO/LooknfeelDTO.cs(244,23): warning CS8618: 在退出构造函数时，不可为 null 的 属性 "Position" 必须包含非 null 值。请考虑添加 "required" 修饰符或将该 属性 声明为可为 null。 [/root/WorkSpace/CSharp/BannerlordModEditor/BannerlordModEditor.Common/BannerlordModEditor.Common.csproj]
         /root/WorkSpace/CSharp/BannerlordModEditor/BannerlordModEditor.Common/Models/Data/Prerender.cs(43,23): warning CS8618: 在退出构造函数时，不可为 null 的 属性 "Id" 必须包含非 null 值。请考虑添加 "required" 修饰符或将该 属性 声明为可为 null。 [/root/WorkSpace/CSharp/BannerlordModEditor/BannerlordModEditor.Common/BannerlordModEditor.Common.csproj]
         /root/WorkSpace/CSharp/BannerlordModEditor/BannerlordModEditor.Common/Models/Data/Prerender.cs(46,23): warning CS8618: 在退出构造函数时，不可为 null 的 属性 "Class" 必须包含非 null 值。请考虑添加 "required" 修饰符或将该 属性 声明为可为 null。 [/root/WorkSpace/CSharp/BannerlordModEditor/BannerlordModEditor.Common/BannerlordModEditor.Common.csproj]
         /root/WorkSpace/CSharp/BannerlordModEditor/BannerlordModEditor.Common/Models/Data/Prerender.cs(49,23): warning CS8618: 在退出构造函数时，不可为 null 的 属性 "Shader" 必须包含非 null 值。请考虑添加 "required" 修饰符或将该 属性 声明为可为 null。 [/root/WorkSpace/CSharp/BannerlordModEditor/BannerlordModEditor.Common/BannerlordModEditor.Common.csproj]
         /root/WorkSpace/CSharp/BannerlordModEditor/BannerlordModEditor.Common/Models/Data/Prerender.cs(52,23): warning CS8618: 在退出构造函数时，不可为 null 的 属性 "Format" 必须包含非 null 值。请考虑添加 "required" 修饰符或将该 属性 声明为可为 null。 [/root/WorkSpace/CSharp/BannerlordModEditor/BannerlordModEditor.Common/BannerlordModEditor.Common.csproj]
         /root/WorkSpace/CSharp/BannerlordModEditor/BannerlordModEditor.Common/Models/Data/Prerender.cs(55,23): warning CS8618: 在退出构造函数时，不可为 null 的 属性 "Size" 必须包含非 null 值。请考虑添加 "required" 修饰符或将该 属性 声明为可为 null。 [/root/WorkSpace/CSharp/BannerlordModEditor/BannerlordModEditor.Common/BannerlordModEditor.Common.csproj]
         /root/WorkSpace/CSharp/BannerlordModEditor/BannerlordModEditor.Common/Models/Data/Prerender.cs(58,23): warning CS8618: 在退出构造函数时，不可为 null 的 属性 "Width" 必须包含非 null 值。请考虑添加 "required" 修饰符或将该 属性 声明为可为 null。 [/root/WorkSpace/CSharp/BannerlordModEditor/BannerlordModEditor.Common/BannerlordModEditor.Common.csproj]
         /root/WorkSpace/CSharp/BannerlordModEditor/BannerlordModEditor.Common/Models/Data/Prerender.cs(61,23): warning CS8618: 在退出构造函数时，不可为 null 的 属性 "Height" 必须包含非 null 值。请考虑添加 "required" 修饰符或将该 属性 声明为可为 null。 [/root/WorkSpace/CSharp/BannerlordModEditor/BannerlordModEditor.Common/BannerlordModEditor.Common.csproj]
         /root/WorkSpace/CSharp/BannerlordModEditor/BannerlordModEditor.Common/Models/Data/Prerender.cs(64,23): warning CS8618: 在退出构造函数时，不可为 null 的 属性 "Compute" 必须包含非 null 值。请考虑添加 "required" 修饰符或将该 属性 声明为可为 null。 [/root/WorkSpace/CSharp/BannerlordModEditor/BannerlordModEditor.Common/BannerlordModEditor.Common.csproj]
         /root/WorkSpace/CSharp/BannerlordModEditor/BannerlordModEditor.Common/Models/Data/Prerender.cs(67,23): warning CS8618: 在退出构造函数时，不可为 null 的 属性 "ComputeTgSizeX" 必须包含非 null 值。请考虑添加 "required" 修饰符或将该 属性 声明为可为 null。 [/root/WorkSpace/CSharp/BannerlordModEditor/BannerlordModEditor.Common/BannerlordModEditor.Common.csproj]
         /root/WorkSpace/CSharp/BannerlordModEditor/BannerlordModEditor.Common/Models/Data/Prerender.cs(70,23): warning CS8618: 在退出构造函数时，不可为 null 的 属性 "ComputeTgSizeY" 必须包含非 null 值。请考虑添加 "required" 修饰符或将该 属性 声明为可为 null。 [/root/WorkSpace/CSharp/BannerlordModEditor/BannerlordModEditor.Common/BannerlordModEditor.Common.csproj]
         /root/WorkSpace/CSharp/BannerlordModEditor/BannerlordModEditor.Common/Models/Data/Prerender.cs(73,28): warning CS8618: 在退出构造函数时，不可为 null 的 属性 "Inputs" 必须包含非 null 值。请考虑添加 "required" 修饰符或将该 属性 声明为可为 null。 [/root/WorkSpace/CSharp/BannerlordModEditor/BannerlordModEditor.Common/BannerlordModEditor.Common.csproj]
         /root/WorkSpace/CSharp/BannerlordModEditor/BannerlordModEditor.Common/Models/Data/Prerender.cs(76,30): warning CS8618: 在退出构造函数时，不可为 null 的 属性 "Preconditions" 必须包含非 null 值。请考虑添加 "required" 修饰符或将该 属性 声明为可为 null。 [/root/WorkSpace/CSharp/BannerlordModEditor/BannerlordModEditor.Common/BannerlordModEditor.Common.csproj]
         /root/WorkSpace/CSharp/BannerlordModEditor/BannerlordModEditor.Common/Models/Data/ItemModifiers.cs(145,20): warning CS8603: 可能返回 null 引用。 [/root/WorkSpace/CSharp/BannerlordModEditor/BannerlordModEditor.Common/BannerlordModEditor.Common.csproj]
         /root/WorkSpace/CSharp/BannerlordModEditor/BannerlordModEditor.Common/Models/DTO/LooknfeelDTO.cs(203,39): warning CS8618: 在退出构造函数时，不可为 null 的 属性 "BackgroundMeshes" 必须包含非 null 值。请考虑添加 "required" 修饰符或将该 属性 声明为可为 null。 [/root/WorkSpace/CSharp/BannerlordModEditor/BannerlordModEditor.Common/BannerlordModEditor.Common.csproj]
         /root/WorkSpace/CSharp/BannerlordModEditor/BannerlordModEditor.Common/Models/DTO/LooknfeelDTO.cs(206,39): warning CS8618: 在退出构造函数时，不可为 null 的 属性 "ButtonMeshes" 必须包含非 null 值。请考虑添加 "required" 修饰符或将该 属性 声明为可为 null。 [/root/WorkSpace/CSharp/BannerlordModEditor/BannerlordModEditor.Common/BannerlordModEditor.Common.csproj]
         /root/WorkSpace/CSharp/BannerlordModEditor/BannerlordModEditor.Common/Models/DTO/LooknfeelDTO.cs(209,39): warning CS8618: 在退出构造函数时，不可为 null 的 属性 "ButtonPressedMeshes" 必须包含非 null 值。请考虑添加 "required" 修饰符或将该 属性 声明为可为 null。 [/root/WorkSpace/CSharp/BannerlordModEditor/BannerlordModEditor.Common/BannerlordModEditor.Common.csproj]
         /root/WorkSpace/CSharp/BannerlordModEditor/BannerlordModEditor.Common/Models/DTO/LooknfeelDTO.cs(212,39): warning CS8618: 在退出构造函数时，不可为 null 的 属性 "HighlightMeshes" 必须包含非 null 值。请考虑添加 "required" 修饰符或将该 属性 声明为可为 null。 [/root/WorkSpace/CSharp/BannerlordModEditor/BannerlordModEditor.Common/BannerlordModEditor.Common.csproj]
         /root/WorkSpace/CSharp/BannerlordModEditor/BannerlordModEditor.Common/Models/DTO/LooknfeelDTO.cs(215,39): warning CS8618: 在退出构造函数时，不可为 null 的 属性 "CursorMeshes" 必须包含非 null 值。请考虑添加 "required" 修饰符或将该 属性 声明为可为 null。 [/root/WorkSpace/CSharp/BannerlordModEditor/BannerlordModEditor.Common/BannerlordModEditor.Common.csproj]
         /root/WorkSpace/CSharp/BannerlordModEditor/BannerlordModEditor.Common/Models/DTO/LooknfeelDTO.cs(218,39): warning CS8618: 在退出构造函数时，不可为 null 的 属性 "LeftBorderMeshes" 必须包含非 null 值。请考虑添加 "required" 修饰符或将该 属性 声明为可为 null。 [/root/WorkSpace/CSharp/BannerlordModEditor/BannerlordModEditor.Common/BannerlordModEditor.Common.csproj]
         /root/WorkSpace/CSharp/BannerlordModEditor/BannerlordModEditor.Common/Models/DTO/LooknfeelDTO.cs(221,39): warning CS8618: 在退出构造函数时，不可为 null 的 属性 "RightBorderMeshes" 必须包含非 null 值。请考虑添加 "required" 修饰符或将该 属性 声明为可为 null。 [/root/WorkSpace/CSharp/BannerlordModEditor/BannerlordModEditor.Common/BannerlordModEditor.Common.csproj]
         /root/WorkSpace/CSharp/BannerlordModEditor/BannerlordModEditor.Common/Mappers/MpItemsMapper.cs(619,40): warning CS8603: 可能返回 null 引用。 [/root/WorkSpace/CSharp/BannerlordModEditor/BannerlordModEditor.Common/BannerlordModEditor.Common.csproj]
         /root/WorkSpace/CSharp/BannerlordModEditor/BannerlordModEditor.Common/Mappers/MpItemsMapper.cs(629,40): warning CS8603: 可能返回 null 引用。 [/root/WorkSpace/CSharp/BannerlordModEditor/BannerlordModEditor.Common/BannerlordModEditor.Common.csproj]
         /root/WorkSpace/CSharp/BannerlordModEditor/BannerlordModEditor.Common/Models/Data/ItemModifiers.cs(155,20): warning CS8603: 可能返回 null 引用。 [/root/WorkSpace/CSharp/BannerlordModEditor/BannerlordModEditor.Common/BannerlordModEditor.Common.csproj]
         /root/WorkSpace/CSharp/BannerlordModEditor/BannerlordModEditor.Common/Mappers/MpItemsMapper.cs(640,40): warning CS8603: 可能返回 null 引用。 [/root/WorkSpace/CSharp/BannerlordModEditor/BannerlordModEditor.Common/BannerlordModEditor.Common.csproj]
         /root/WorkSpace/CSharp/BannerlordModEditor/BannerlordModEditor.Common/Models/Data/ItemModifiers.cs(17,23): warning CS8618: 在退出构造函数时，不可为 null 的 属性 "ModifierGroup" 必须包含非 null 值。请考虑添加 "required" 修饰符或将该 属性 声明为可为 null。 [/root/WorkSpace/CSharp/BannerlordModEditor/BannerlordModEditor.Common/BannerlordModEditor.Common.csproj]
         /root/WorkSpace/CSharp/BannerlordModEditor/BannerlordModEditor.Common/Models/Data/ItemModifiers.cs(21,23): warning CS8618: 在退出构造函数时，不可为 null 的 属性 "Id" 必须包含非 null 值。请考虑添加 "required" 修饰符或将该 属性 声明为可为 null。 [/root/WorkSpace/CSharp/BannerlordModEditor/BannerlordModEditor.Common/BannerlordModEditor.Common.csproj]
         /root/WorkSpace/CSharp/BannerlordModEditor/BannerlordModEditor.Common/Models/Data/ItemModifiers.cs(25,23): warning CS8618: 在退出构造函数时，不可为 null 的 属性 "Name" 必须包含非 null 值。请考虑添加 "required" 修饰符或将该 属性 声明为可为 null。 [/root/WorkSpace/CSharp/BannerlordModEditor/BannerlordModEditor.Common/BannerlordModEditor.Common.csproj]
         /root/WorkSpace/CSharp/BannerlordModEditor/BannerlordModEditor.Common/Models/Data/ItemModifiers.cs(89,23): warning CS8618: 在退出构造函数时，不可为 null 的 属性 "Quality" 必须包含非 null 值。请考虑添加 "required" 修饰符或将该 属性 声明为可为 null。 [/root/WorkSpace/CSharp/BannerlordModEditor/BannerlordModEditor.Common/BannerlordModEditor.Common.csproj]
         /root/WorkSpace/CSharp/BannerlordModEditor/BannerlordModEditor.Common/Mappers/MpItemsMapper.cs(652,40): warning CS8603: 可能返回 null 引用。 [/root/WorkSpace/CSharp/BannerlordModEditor/BannerlordModEditor.Common/BannerlordModEditor.Common.csproj]
         /root/WorkSpace/CSharp/BannerlordModEditor/BannerlordModEditor.Common/Models/DTO/MpCraftingPiecesDTO.cs(19,23): warning CS8618: 在退出构造函数时，不可为 null 的 属性 "Id" 必须包含非 null 值。请考虑添加 "required" 修饰符或将该 属性 声明为可为 null。 [/root/WorkSpace/CSharp/BannerlordModEditor/BannerlordModEditor.Common/BannerlordModEditor.Common.csproj]
         /root/WorkSpace/CSharp/BannerlordModEditor/BannerlordModEditor.Common/Models/DTO/MpCraftingPiecesDTO.cs(22,23): warning CS8618: 在退出构造函数时，不可为 null 的 属性 "Name" 必须包含非 null 值。请考虑添加 "required" 修饰符或将该 属性 声明为可为 null。 [/root/WorkSpace/CSharp/BannerlordModEditor/BannerlordModEditor.Common/BannerlordModEditor.Common.csproj]
         /root/WorkSpace/CSharp/BannerlordModEditor/BannerlordModEditor.Common/Models/DTO/MpCraftingPiecesDTO.cs(25,23): warning CS8618: 在退出构造函数时，不可为 null 的 属性 "Tier" 必须包含非 null 值。请考虑添加 "required" 修饰符或将该 属性 声明为可为 null。 [/root/WorkSpace/CSharp/BannerlordModEditor/BannerlordModEditor.Common/BannerlordModEditor.Common.csproj]
         /root/WorkSpace/CSharp/BannerlordModEditor/BannerlordModEditor.Common/Models/DTO/MpCraftingPiecesDTO.cs(28,23): warning CS8618: 在退出构造函数时，不可为 null 的 属性 "PieceType" 必须包含非 null 值。请考虑添加 "required" 修饰符或将该 属性 声明为可为 null。 [/root/WorkSpace/CSharp/BannerlordModEditor/BannerlordModEditor.Common/BannerlordModEditor.Common.csproj]
         /root/WorkSpace/CSharp/BannerlordModEditor/BannerlordModEditor.Common/Models/DTO/MpCraftingPiecesDTO.cs(31,23): warning CS8618: 在退出构造函数时，不可为 null 的 属性 "Mesh" 必须包含非 null 值。请考虑添加 "required" 修饰符或将该 属性 声明为可为 null。 [/root/WorkSpace/CSharp/BannerlordModEditor/BannerlordModEditor.Common/BannerlordModEditor.Common.csproj]
         /root/WorkSpace/CSharp/BannerlordModEditor/BannerlordModEditor.Common/Models/DTO/MpCraftingPiecesDTO.cs(34,23): warning CS8618: 在退出构造函数时，不可为 null 的 属性 "Scale" 必须包含非 null 值。请考虑添加 "required" 修饰符或将该 属性 声明为可为 null。 [/root/WorkSpace/CSharp/BannerlordModEditor/BannerlordModEditor.Common/BannerlordModEditor.Common.csproj]
         /root/WorkSpace/CSharp/BannerlordModEditor/BannerlordModEditor.Common/Models/DTO/MpCraftingPiecesDTO.cs(37,23): warning CS8618: 在退出构造函数时，不可为 null 的 属性 "IsCraftable" 必须包含非 null 值。请考虑添加 "required" 修饰符或将该 属性 声明为可为 null。 [/root/WorkSpace/CSharp/BannerlordModEditor/BannerlordModEditor.Common/BannerlordModEditor.Common.csproj]
         /root/WorkSpace/CSharp/BannerlordModEditor/BannerlordModEditor.Common/Mappers/CraftingTemplatesMapper.cs(247,40): warning CS8603: 可能返回 null 引用。 [/root/WorkSpace/CSharp/BannerlordModEditor/BannerlordModEditor.Common/BannerlordModEditor.Common.csproj]
         /root/WorkSpace/CSharp/BannerlordModEditor/BannerlordModEditor.Common/Mappers/CraftingTemplatesMapper.cs(258,40): warning CS8603: 可能返回 null 引用。 [/root/WorkSpace/CSharp/BannerlordModEditor/BannerlordModEditor.Common/BannerlordModEditor.Common.csproj]
         /root/WorkSpace/CSharp/BannerlordModEditor/BannerlordModEditor.Common/Models/Data/Mpitems.cs(103,23): warning CS8618: 在退出构造函数时，不可为 null 的 属性 "HairCoverType" 必须包含非 null 值。请考虑添加 "required" 修饰符或将该 属性 声明为可为 null。 [/root/WorkSpace/CSharp/BannerlordModEditor/BannerlordModEditor.Common/BannerlordModEditor.Common.csproj]
         /root/WorkSpace/CSharp/BannerlordModEditor/BannerlordModEditor.Common/Models/Data/Mpitems.cs(107,23): warning CS8618: 在退出构造函数时，不可为 null 的 属性 "BeardCoverType" 必须包含非 null 值。请考虑添加 "required" 修饰符或将该 属性 声明为可为 null。 [/root/WorkSpace/CSharp/BannerlordModEditor/BannerlordModEditor.Common/BannerlordModEditor.Common.csproj]
         /root/WorkSpace/CSharp/BannerlordModEditor/BannerlordModEditor.Common/Models/Data/Mpitems.cs(111,23): warning CS8618: 在退出构造函数时，不可为 null 的 属性 "ModifierGroup" 必须包含非 null 值。请考虑添加 "required" 修饰符或将该 属性 声明为可为 null。 [/root/WorkSpace/CSharp/BannerlordModEditor/BannerlordModEditor.Common/BannerlordModEditor.Common.csproj]
         /root/WorkSpace/CSharp/BannerlordModEditor/BannerlordModEditor.Common/Models/Data/Mpitems.cs(115,23): warning CS8618: 在退出构造函数时，不可为 null 的 属性 "MaterialType" 必须包含非 null 值。请考虑添加 "required" 修饰符或将该 属性 声明为可为 null。 [/root/WorkSpace/CSharp/BannerlordModEditor/BannerlordModEditor.Common/BannerlordModEditor.Common.csproj]
         /root/WorkSpace/CSharp/BannerlordModEditor/BannerlordModEditor.Common/Models/DTO/LooknfeelDTO.cs(263,23): warning CS8618: 在退出构造函数时，不可为 null 的 属性 "Ref" 必须包含非 null 值。请考虑添加 "required" 修饰符或将该 属性 声明为可为 null。 [/root/WorkSpace/CSharp/BannerlordModEditor/BannerlordModEditor.Common/BannerlordModEditor.Common.csproj]
         /root/WorkSpace/CSharp/BannerlordModEditor/BannerlordModEditor.Common/Models/DTO/LooknfeelDTO.cs(266,23): warning CS8618: 在退出构造函数时，不可为 null 的 属性 "Name" 必须包含非 null 值。请考虑添加 "required" 修饰符或将该 属性 声明为可为 null。 [/root/WorkSpace/CSharp/BannerlordModEditor/BannerlordModEditor.Common/BannerlordModEditor.Common.csproj]
         /root/WorkSpace/CSharp/BannerlordModEditor/BannerlordModEditor.Common/Models/DTO/LooknfeelDTO.cs(269,23): warning CS8618: 在退出构造函数时，不可为 null 的 属性 "Size" 必须包含非 null 值。请考虑添加 "required" 修饰符或将该 属性 声明为可为 null。 [/root/WorkSpace/CSharp/BannerlordModEditor/BannerlordModEditor.Common/BannerlordModEditor.Common.csproj]
         /root/WorkSpace/CSharp/BannerlordModEditor/BannerlordModEditor.Common/Models/DTO/LooknfeelDTO.cs(272,23): warning CS8618: 在退出构造函数时，不可为 null 的 属性 "Position" 必须包含非 null 值。请考虑添加 "required" 修饰符或将该 属性 声明为可为 null。 [/root/WorkSpace/CSharp/BannerlordModEditor/BannerlordModEditor.Common/BannerlordModEditor.Common.csproj]
         /root/WorkSpace/CSharp/BannerlordModEditor/BannerlordModEditor.Common/Models/DTO/LooknfeelDTO.cs(275,23): warning CS8618: 在退出构造函数时，不可为 null 的 属性 "Style" 必须包含非 null 值。请考虑添加 "required" 修饰符或将该 属性 声明为可为 null。 [/root/WorkSpace/CSharp/BannerlordModEditor/BannerlordModEditor.Common/BannerlordModEditor.Common.csproj]
         /root/WorkSpace/CSharp/BannerlordModEditor/BannerlordModEditor.Common/Models/DTO/LooknfeelDTO.cs(278,23): warning CS8618: 在退出构造函数时，不可为 null 的 属性 "VerticalAlignment" 必须包含非 null 值。请考虑添加 "required" 修饰符或将该 属性 声明为可为 null。 [/root/WorkSpace/CSharp/BannerlordModEditor/BannerlordModEditor.Common/BannerlordModEditor.Common.csproj]
         /root/WorkSpace/CSharp/BannerlordModEditor/BannerlordModEditor.Common/Models/DTO/LooknfeelDTO.cs(281,23): warning CS8618: 在退出构造函数时，不可为 null 的 属性 "HorizontalAlignment" 必须包含非 null 值。请考虑添加 "required" 修饰符或将该 属性 声明为可为 null。 [/root/WorkSpace/CSharp/BannerlordModEditor/BannerlordModEditor.Common/BannerlordModEditor.Common.csproj]
         /root/WorkSpace/CSharp/BannerlordModEditor/BannerlordModEditor.Common/Models/DTO/LooknfeelDTO.cs(291,23): warning CS8618: 在退出构造函数时，不可为 null 的 属性 "ScrollSpeed" 必须包含非 null 值。请考虑添加 "required" 修饰符或将该 属性 声明为可为 null。 [/root/WorkSpace/CSharp/BannerlordModEditor/BannerlordModEditor.Common/BannerlordModEditor.Common.csproj]
         /root/WorkSpace/CSharp/BannerlordModEditor/BannerlordModEditor.Common/Models/DTO/LooknfeelDTO.cs(294,23): warning CS8618: 在退出构造函数时，不可为 null 的 属性 "CellSize" 必须包含非 null 值。请考虑添加 "required" 修饰符或将该 属性 声明为可为 null。 [/root/WorkSpace/CSharp/BannerlordModEditor/BannerlordModEditor.Common/BannerlordModEditor.Common.csproj]
         /root/WorkSpace/CSharp/BannerlordModEditor/BannerlordModEditor.Common/Models/DTO/LooknfeelDTO.cs(297,23): warning CS8618: 在退出构造函数时，不可为 null 的 属性 "LayoutStyle" 必须包含非 null 值。请考虑添加 "required" 修饰符或将该 属性 声明为可为 null。 [/root/WorkSpace/CSharp/BannerlordModEditor/BannerlordModEditor.Common/BannerlordModEditor.Common.csproj]
         /root/WorkSpace/CSharp/BannerlordModEditor/BannerlordModEditor.Common/Models/DTO/LooknfeelDTO.cs(300,23): warning CS8618: 在退出构造函数时，不可为 null 的 属性 "LayoutAlignment" 必须包含非 null 值。请考虑添加 "required" 修饰符或将该 属性 声明为可为 null。 [/root/WorkSpace/CSharp/BannerlordModEditor/BannerlordModEditor.Common/BannerlordModEditor.Common.csproj]
         /root/WorkSpace/CSharp/BannerlordModEditor/BannerlordModEditor.Common/Models/DTO/LooknfeelDTO.cs(303,23): warning CS8618: 在退出构造函数时，不可为 null 的 属性 "Text" 必须包含非 null 值。请考虑添加 "required" 修饰符或将该 属性 声明为可为 null。 [/root/WorkSpace/CSharp/BannerlordModEditor/BannerlordModEditor.Common/BannerlordModEditor.Common.csproj]
         /root/WorkSpace/CSharp/BannerlordModEditor/BannerlordModEditor.Common/Models/DTO/LooknfeelDTO.cs(306,23): warning CS8618: 在退出构造函数时，不可为 null 的 属性 "TextColor" 必须包含非 null 值。请考虑添加 "required" 修饰符或将该 属性 声明为可为 null。 [/root/WorkSpace/CSharp/BannerlordModEditor/BannerlordModEditor.Common/BannerlordModEditor.Common.csproj]
         /root/WorkSpace/CSharp/BannerlordModEditor/BannerlordModEditor.Common/Models/DTO/LooknfeelDTO.cs(309,23): warning CS8618: 在退出构造函数时，不可为 null 的 属性 "TextHighlightColor" 必须包含非 null 值。请考虑添加 "required" 修饰符或将该 属性 声明为可为 null。 [/root/WorkSpace/CSharp/BannerlordModEditor/BannerlordModEditor.Common/BannerlordModEditor.Common.csproj]
         /root/WorkSpace/CSharp/BannerlordModEditor/BannerlordModEditor.Common/Models/DTO/LooknfeelDTO.cs(312,23): warning CS8618: 在退出构造函数时，不可为 null 的 属性 "FontSize" 必须包含非 null 值。请考虑添加 "required" 修饰符或将该 属性 声明为可为 null。 [/root/WorkSpace/CSharp/BannerlordModEditor/BannerlordModEditor.Common/BannerlordModEditor.Common.csproj]
         /root/WorkSpace/CSharp/BannerlordModEditor/BannerlordModEditor.Common/Models/DTO/LooknfeelDTO.cs(316,44): warning CS8618: 在退出构造函数时，不可为 null 的 属性 "Meshes" 必须包含非 null 值。请考虑添加 "required" 修饰符或将该 属性 声明为可为 null。 [/root/WorkSpace/CSharp/BannerlordModEditor/BannerlordModEditor.Common/BannerlordModEditor.Common.csproj]
         /root/WorkSpace/CSharp/BannerlordModEditor/BannerlordModEditor.Common/Models/DTO/LooknfeelDTO.cs(319,45): warning CS8618: 在退出构造函数时，不可为 null 的 属性 "SubWidgetsList" 必须包含非 null 值。请考虑添加 "required" 修饰符或将该 属性 声明为可为 null。 [/root/WorkSpace/CSharp/BannerlordModEditor/BannerlordModEditor.Common/BannerlordModEditor.Common.csproj]
         /root/WorkSpace/CSharp/BannerlordModEditor/BannerlordModEditor.Common/Models/DTO/LooknfeelDTO.cs(34,23): warning CS8618: 在退出构造函数时，不可为 null 的 属性 "Type" 必须包含非 null 值。请考虑添加 "required" 修饰符或将该 属性 声明为可为 null。 [/root/WorkSpace/CSharp/BannerlordModEditor/BannerlordModEditor.Common/BannerlordModEditor.Common.csproj]
         /root/WorkSpace/CSharp/BannerlordModEditor/BannerlordModEditor.Common/Models/DTO/LooknfeelDTO.cs(37,23): warning CS8618: 在退出构造函数时，不可为 null 的 属性 "Name" 必须包含非 null 值。请考虑添加 "required" 修饰符或将该 属性 声明为可为 null。 [/root/WorkSpace/CSharp/BannerlordModEditor/BannerlordModEditor.Common/BannerlordModEditor.Common.csproj]
         /root/WorkSpace/CSharp/BannerlordModEditor/BannerlordModEditor.Common/Models/DTO/LooknfeelDTO.cs(40,23): warning CS8618: 在退出构造函数时，不可为 null 的 属性 "TilingBorderSize" 必须包含非 null 值。请考虑添加 "required" 修饰符或将该 属性 声明为可为 null。 [/root/WorkSpace/CSharp/BannerlordModEditor/BannerlordModEditor.Common/BannerlordModEditor.Common.csproj]
         /root/WorkSpace/CSharp/BannerlordModEditor/BannerlordModEditor.Common/Models/DTO/LooknfeelDTO.cs(43,23): warning CS8618: 在退出构造函数时，不可为 null 的 属性 "TileBackgroundAccordingToBorder" 必须包含非 null 值。请考虑添加 "required" 修饰符或将该 属性 声明为可为 null。 [/root/WorkSpace/CSharp/BannerlordModEditor/BannerlordModEditor.Common/BannerlordModEditor.Common.csproj]
         /root/WorkSpace/CSharp/BannerlordModEditor/BannerlordModEditor.Common/Models/DTO/LooknfeelDTO.cs(46,23): warning CS8618: 在退出构造函数时，不可为 null 的 属性 "BackgroundTileSize" 必须包含非 null 值。请考虑添加 "required" 修饰符或将该 属性 声明为可为 null。 [/root/WorkSpace/CSharp/BannerlordModEditor/BannerlordModEditor.Common/BannerlordModEditor.Common.csproj]
         /root/WorkSpace/CSharp/BannerlordModEditor/BannerlordModEditor.Common/Models/DTO/LooknfeelDTO.cs(49,23): warning CS8618: 在退出构造函数时，不可为 null 的 属性 "Focusable" 必须包含非 null 值。请考虑添加 "required" 修饰符或将该 属性 声明为可为 null。 [/root/WorkSpace/CSharp/BannerlordModEditor/BannerlordModEditor.Common/BannerlordModEditor.Common.csproj]
         /root/WorkSpace/CSharp/BannerlordModEditor/BannerlordModEditor.Common/Models/DTO/LooknfeelDTO.cs(52,23): warning CS8618: 在退出构造函数时，不可为 null 的 属性 "Style" 必须包含非 null 值。请考虑添加 "required" 修饰符或将该 属性 声明为可为 null。 [/root/WorkSpace/CSharp/BannerlordModEditor/BannerlordModEditor.Common/BannerlordModEditor.Common.csproj]
         /root/WorkSpace/CSharp/BannerlordModEditor/BannerlordModEditor.Common/Models/DTO/LooknfeelDTO.cs(55,23): warning CS8618: 在退出构造函数时，不可为 null 的 属性 "TrackAreaInset" 必须包含非 null 值。请考虑添加 "required" 修饰符或将该 属性 声明为可为 null。 [/root/WorkSpace/CSharp/BannerlordModEditor/BannerlordModEditor.Common/BannerlordModEditor.Common.csproj]
         /root/WorkSpace/CSharp/BannerlordModEditor/BannerlordModEditor.Common/Models/DTO/LooknfeelDTO.cs(58,23): warning CS8618: 在退出构造函数时，不可为 null 的 属性 "Text" 必须包含非 null 值。请考虑添加 "required" 修饰符或将该 属性 声明为可为 null。 [/root/WorkSpace/CSharp/BannerlordModEditor/BannerlordModEditor.Common/BannerlordModEditor.Common.csproj]
         /root/WorkSpace/CSharp/BannerlordModEditor/BannerlordModEditor.Common/Models/DTO/LooknfeelDTO.cs(61,23): warning CS8618: 在退出构造函数时，不可为 null 的 属性 "InitialState" 必须包含非 null 值。请考虑添加 "required" 修饰符或将该 属性 声明为可为 null。 [/root/WorkSpace/CSharp/BannerlordModEditor/BannerlordModEditor.Common/BannerlordModEditor.Common.csproj]
         /root/WorkSpace/CSharp/BannerlordModEditor/BannerlordModEditor.Common/Models/DTO/LooknfeelDTO.cs(64,23): warning CS8618: 在退出构造函数时，不可为 null 的 属性 "NumOfCols" 必须包含非 null 值。请考虑添加 "required" 修饰符或将该 属性 声明为可为 null。 [/root/WorkSpace/CSharp/BannerlordModEditor/BannerlordModEditor.Common/BannerlordModEditor.Common.csproj]
         /root/WorkSpace/CSharp/BannerlordModEditor/BannerlordModEditor.Common/Models/DTO/LooknfeelDTO.cs(67,23): warning CS8618: 在退出构造函数时，不可为 null 的 属性 "NumOfRows" 必须包含非 null 值。请考虑添加 "required" 修饰符或将该 属性 声明为可为 null。 [/root/WorkSpace/CSharp/BannerlordModEditor/BannerlordModEditor.Common/BannerlordModEditor.Common.csproj]
         /root/WorkSpace/CSharp/BannerlordModEditor/BannerlordModEditor.Common/Models/DTO/LooknfeelDTO.cs(70,23): warning CS8618: 在退出构造函数时，不可为 null 的 属性 "MaxNumOfRows" 必须包含非 null 值。请考虑添加 "required" 修饰符或将该 属性 声明为可为 null。 [/root/WorkSpace/CSharp/BannerlordModEditor/BannerlordModEditor.Common/BannerlordModEditor.Common.csproj]
         /root/WorkSpace/CSharp/BannerlordModEditor/BannerlordModEditor.Common/Models/DTO/LooknfeelDTO.cs(73,23): warning CS8618: 在退出构造函数时，不可为 null 的 属性 "BorderSize" 必须包含非 null 值。请考虑添加 "required" 修饰符或将该 属性 声明为可为 null。 [/root/WorkSpace/CSharp/BannerlordModEditor/BannerlordModEditor.Common/BannerlordModEditor.Common.csproj]
         /root/WorkSpace/CSharp/BannerlordModEditor/BannerlordModEditor.Common/Models/DTO/LooknfeelDTO.cs(76,23): warning CS8618: 在退出构造函数时，不可为 null 的 属性 "ShowScrollBars" 必须包含非 null 值。请考虑添加 "required" 修饰符或将该 属性 声明为可为 null。 [/root/WorkSpace/CSharp/BannerlordModEditor/BannerlordModEditor.Common/BannerlordModEditor.Common.csproj]
         /root/WorkSpace/CSharp/BannerlordModEditor/BannerlordModEditor.Common/Models/DTO/LooknfeelDTO.cs(79,23): warning CS8618: 在退出构造函数时，不可为 null 的 属性 "ScrollAreaInset" 必须包含非 null 值。请考虑添加 "required" 修饰符或将该 属性 声明为可为 null。 [/root/WorkSpace/CSharp/BannerlordModEditor/BannerlordModEditor.Common/BannerlordModEditor.Common.csproj]
         /root/WorkSpace/CSharp/BannerlordModEditor/BannerlordModEditor.Common/Models/DTO/LooknfeelDTO.cs(82,23): warning CS8618: 在退出构造函数时，不可为 null 的 属性 "CellSize" 必须包含非 null 值。请考虑添加 "required" 修饰符或将该 属性 声明为可为 null。 [/root/WorkSpace/CSharp/BannerlordModEditor/BannerlordModEditor.Common/BannerlordModEditor.Common.csproj]
         /root/WorkSpace/CSharp/BannerlordModEditor/BannerlordModEditor.Common/Models/DTO/LooknfeelDTO.cs(85,23): warning CS8618: 在退出构造函数时，不可为 null 的 属性 "LayoutStyle" 必须包含非 null 值。请考虑添加 "required" 修饰符或将该 属性 声明为可为 null。 [/root/WorkSpace/CSharp/BannerlordModEditor/BannerlordModEditor.Common/BannerlordModEditor.Common.csproj]
         /root/WorkSpace/CSharp/BannerlordModEditor/BannerlordModEditor.Common/Models/DTO/LooknfeelDTO.cs(88,23): warning CS8618: 在退出构造函数时，不可为 null 的 属性 "LayoutAlignment" 必须包含非 null 值。请考虑添加 "required" 修饰符或将该 属性 声明为可为 null。 [/root/WorkSpace/CSharp/BannerlordModEditor/BannerlordModEditor.Common/BannerlordModEditor.Common.csproj]
         /root/WorkSpace/CSharp/BannerlordModEditor/BannerlordModEditor.Common/Models/DTO/LooknfeelDTO.cs(91,23): warning CS8618: 在退出构造函数时，不可为 null 的 属性 "AutoShowScrollBars" 必须包含非 null 值。请考虑添加 "required" 修饰符或将该 属性 声明为可为 null。 [/root/WorkSpace/CSharp/BannerlordModEditor/BannerlordModEditor.Common/BannerlordModEditor.Common.csproj]
         /root/WorkSpace/CSharp/BannerlordModEditor/BannerlordModEditor.Common/Models/DTO/LooknfeelDTO.cs(94,23): warning CS8618: 在退出构造函数时，不可为 null 的 属性 "IncrementVec" 必须包含非 null 值。请考虑添加 "required" 修饰符或将该 属性 声明为可为 null。 [/root/WorkSpace/CSharp/BannerlordModEditor/BannerlordModEditor.Common/BannerlordModEditor.Common.csproj]
         /root/WorkSpace/CSharp/BannerlordModEditor/BannerlordModEditor.Common/Models/DTO/LooknfeelDTO.cs(97,23): warning CS8618: 在退出构造函数时，不可为 null 的 属性 "InitialValue" 必须包含非 null 值。请考虑添加 "required" 修饰符或将该 属性 声明为可为 null。 [/root/WorkSpace/CSharp/BannerlordModEditor/BannerlordModEditor.Common/BannerlordModEditor.Common.csproj]
         /root/WorkSpace/CSharp/BannerlordModEditor/BannerlordModEditor.Common/Models/DTO/LooknfeelDTO.cs(100,23): warning CS8618: 在退出构造函数时，不可为 null 的 属性 "MaxAllowedDigit" 必须包含非 null 值。请考虑添加 "required" 修饰符或将该 属性 声明为可为 null。 [/root/WorkSpace/CSharp/BannerlordModEditor/BannerlordModEditor.Common/BannerlordModEditor.Common.csproj]
         /root/WorkSpace/CSharp/BannerlordModEditor/BannerlordModEditor.Common/Models/DTO/LooknfeelDTO.cs(103,23): warning CS8618: 在退出构造函数时，不可为 null 的 属性 "MinAllowedValue" 必须包含非 null 值。请考虑添加 "required" 修饰符或将该 属性 声明为可为 null。 [/root/WorkSpace/CSharp/BannerlordModEditor/BannerlordModEditor.Common/BannerlordModEditor.Common.csproj]
         /root/WorkSpace/CSharp/BannerlordModEditor/BannerlordModEditor.Common/Models/DTO/LooknfeelDTO.cs(106,23): warning CS8618: 在退出构造函数时，不可为 null 的 属性 "MaxAllowedValue" 必须包含非 null 值。请考虑添加 "required" 修饰符或将该 属性 声明为可为 null。 [/root/WorkSpace/CSharp/BannerlordModEditor/BannerlordModEditor.Common/BannerlordModEditor.Common.csproj]
         /root/WorkSpace/CSharp/BannerlordModEditor/BannerlordModEditor.Common/Models/DTO/LooknfeelDTO.cs(109,23): warning CS8618: 在退出构造函数时，不可为 null 的 属性 "StepValue" 必须包含非 null 值。请考虑添加 "required" 修饰符或将该 属性 声明为可为 null。 [/root/WorkSpace/CSharp/BannerlordModEditor/BannerlordModEditor.Common/BannerlordModEditor.Common.csproj]
         /root/WorkSpace/CSharp/BannerlordModEditor/BannerlordModEditor.Common/Models/DTO/LooknfeelDTO.cs(112,23): warning CS8618: 在退出构造函数时，不可为 null 的 属性 "MinValue" 必须包含非 null 值。请考虑添加 "required" 修饰符或将该 属性 声明为可为 null。 [/root/WorkSpace/CSharp/BannerlordModEditor/BannerlordModEditor.Common/BannerlordModEditor.Common.csproj]
         /root/WorkSpace/CSharp/BannerlordModEditor/BannerlordModEditor.Common/Models/DTO/LooknfeelDTO.cs(115,23): warning CS8618: 在退出构造函数时，不可为 null 的 属性 "MaxValue" 必须包含非 null 值。请考虑添加 "required" 修饰符或将该 属性 声明为可为 null。 [/root/WorkSpace/CSharp/BannerlordModEditor/BannerlordModEditor.Common/BannerlordModEditor.Common.csproj]
         /root/WorkSpace/CSharp/BannerlordModEditor/BannerlordModEditor.Common/Models/DTO/LooknfeelDTO.cs(118,23): warning CS8618: 在退出构造函数时，不可为 null 的 属性 "VerticalAlignment" 必须包含非 null 值。请考虑添加 "required" 修饰符或将该 属性 声明为可为 null。 [/root/WorkSpace/CSharp/BannerlordModEditor/BannerlordModEditor.Common/BannerlordModEditor.Common.csproj]
         /root/WorkSpace/CSharp/BannerlordModEditor/BannerlordModEditor.Common/Models/DTO/LooknfeelDTO.cs(121,23): warning CS8618: 在退出构造函数时，不可为 null 的 属性 "HorizontalAlignment" 必须包含非 null 值。请考虑添加 "required" 修饰符或将该 属性 声明为可为 null。 [/root/WorkSpace/CSharp/BannerlordModEditor/BannerlordModEditor.Common/BannerlordModEditor.Common.csproj]
         /root/WorkSpace/CSharp/BannerlordModEditor/BannerlordModEditor.Common/Models/DTO/LooknfeelDTO.cs(131,23): warning CS8618: 在退出构造函数时，不可为 null 的 属性 "TextHighlightColor" 必须包含非 null 值。请考虑添加 "required" 修饰符或将该 属性 声明为可为 null。 [/root/WorkSpace/CSharp/BannerlordModEditor/BannerlordModEditor.Common/BannerlordModEditor.Common.csproj]
         /root/WorkSpace/CSharp/BannerlordModEditor/BannerlordModEditor.Common/Models/DTO/LooknfeelDTO.cs(134,23): warning CS8618: 在退出构造函数时，不可为 null 的 属性 "TextColor" 必须包含非 null 值。请考虑添加 "required" 修饰符或将该 属性 声明为可为 null。 [/root/WorkSpace/CSharp/BannerlordModEditor/BannerlordModEditor.Common/BannerlordModEditor.Common.csproj]
         /root/WorkSpace/CSharp/BannerlordModEditor/BannerlordModEditor.Common/Models/DTO/LooknfeelDTO.cs(137,23): warning CS8618: 在退出构造函数时，不可为 null 的 属性 "FontSize" 必须包含非 null 值。请考虑添加 "required" 修饰符或将该 属性 声明为可为 null。 [/root/WorkSpace/CSharp/BannerlordModEditor/BannerlordModEditor.Common/BannerlordModEditor.Common.csproj]
         /root/WorkSpace/CSharp/BannerlordModEditor/BannerlordModEditor.Common/Models/DTO/LooknfeelDTO.cs(140,23): warning CS8618: 在退出构造函数时，不可为 null 的 属性 "Size" 必须包含非 null 值。请考虑添加 "required" 修饰符或将该 属性 声明为可为 null。 [/root/WorkSpace/CSharp/BannerlordModEditor/BannerlordModEditor.Common/BannerlordModEditor.Common.csproj]
         /root/WorkSpace/CSharp/BannerlordModEditor/BannerlordModEditor.Common/Models/DTO/LooknfeelDTO.cs(143,23): warning CS8618: 在退出构造函数时，不可为 null 的 属性 "Position" 必须包含非 null 值。请考虑添加 "required" 修饰符或将该 属性 声明为可为 null。 [/root/WorkSpace/CSharp/BannerlordModEditor/BannerlordModEditor.Common/BannerlordModEditor.Common.csproj]
         /root/WorkSpace/CSharp/BannerlordModEditor/BannerlordModEditor.Common/Models/DTO/LooknfeelDTO.cs(147,44): warning CS8618: 在退出构造函数时，不可为 null 的 属性 "Meshes" 必须包含非 null 值。请考虑添加 "required" 修饰符或将该 属性 声明为可为 null。 [/root/WorkSpace/CSharp/BannerlordModEditor/BannerlordModEditor.Common/BannerlordModEditor.Common.csproj]
         /root/WorkSpace/CSharp/BannerlordModEditor/BannerlordModEditor.Common/Models/DTO/LooknfeelDTO.cs(150,45): warning CS8618: 在退出构造函数时，不可为 null 的 属性 "SubWidgetsList" 必须包含非 null 值。请考虑添加 "required" 修饰符或将该 属性 声明为可为 null。 [/root/WorkSpace/CSharp/BannerlordModEditor/BannerlordModEditor.Common/BannerlordModEditor.Common.csproj]
         /root/WorkSpace/CSharp/BannerlordModEditor/BannerlordModEditor.Common/Models/DTO/LooknfeelDTO.cs(153,23): warning CS8618: 在退出构造函数时，不可为 null 的 属性 "ButtonMesh" 必须包含非 null 值。请考虑添加 "required" 修饰符或将该 属性 声明为可为 null。 [/root/WorkSpace/CSharp/BannerlordModEditor/BannerlordModEditor.Common/BannerlordModEditor.Common.csproj]
         /root/WorkSpace/CSharp/BannerlordModEditor/BannerlordModEditor.Common/Models/Data/ItemHolsters.cs(25,23): warning CS8618: 在退出构造函数时，不可为 null 的 属性 "Id" 必须包含非 null 值。请考虑添加 "required" 修饰符或将该 属性 声明为可为 null。 [/root/WorkSpace/CSharp/BannerlordModEditor/BannerlordModEditor.Common/BannerlordModEditor.Common.csproj]
         /root/WorkSpace/CSharp/BannerlordModEditor/BannerlordModEditor.Common/Models/Data/ItemHolsters.cs(28,23): warning CS8618: 在退出构造函数时，不可为 null 的 属性 "EquipAction" 必须包含非 null 值。请考虑添加 "required" 修饰符或将该 属性 声明为可为 null。 [/root/WorkSpace/CSharp/BannerlordModEditor/BannerlordModEditor.Common/BannerlordModEditor.Common.csproj]
         /root/WorkSpace/CSharp/BannerlordModEditor/BannerlordModEditor.Common/Models/Data/ItemHolsters.cs(31,23): warning CS8618: 在退出构造函数时，不可为 null 的 属性 "EquipActionLeftStance" 必须包含非 null 值。请考虑添加 "required" 修饰符或将该 属性 声明为可为 null。 [/root/WorkSpace/CSharp/BannerlordModEditor/BannerlordModEditor.Common/BannerlordModEditor.Common.csproj]
         /root/WorkSpace/CSharp/BannerlordModEditor/BannerlordModEditor.Common/Models/Data/ItemHolsters.cs(34,23): warning CS8618: 在退出构造函数时，不可为 null 的 属性 "UnequipAction" 必须包含非 null 值。请考虑添加 "required" 修饰符或将该 属性 声明为可为 null。 [/root/WorkSpace/CSharp/BannerlordModEditor/BannerlordModEditor.Common/BannerlordModEditor.Common.csproj]
         /root/WorkSpace/CSharp/BannerlordModEditor/BannerlordModEditor.Common/Models/Data/ItemHolsters.cs(37,23): warning CS8618: 在退出构造函数时，不可为 null 的 属性 "UnequipActionLeftStance" 必须包含非 null 值。请考虑添加 "required" 修饰符或将该 属性 声明为可为 null。 [/root/WorkSpace/CSharp/BannerlordModEditor/BannerlordModEditor.Common/BannerlordModEditor.Common.csproj]
         /root/WorkSpace/CSharp/BannerlordModEditor/BannerlordModEditor.Common/Models/Data/ItemHolsters.cs(40,23): warning CS8618: 在退出构造函数时，不可为 null 的 属性 "ShowHolsterWhenDrawn" 必须包含非 null 值。请考虑添加 "required" 修饰符或将该 属性 声明为可为 null。 [/root/WorkSpace/CSharp/BannerlordModEditor/BannerlordModEditor.Common/BannerlordModEditor.Common.csproj]
         /root/WorkSpace/CSharp/BannerlordModEditor/BannerlordModEditor.Common/Models/Data/ItemHolsters.cs(43,23): warning CS8618: 在退出构造函数时，不可为 null 的 属性 "GroupName" 必须包含非 null 值。请考虑添加 "required" 修饰符或将该 属性 声明为可为 null。 [/root/WorkSpace/CSharp/BannerlordModEditor/BannerlordModEditor.Common/BannerlordModEditor.Common.csproj]
         /root/WorkSpace/CSharp/BannerlordModEditor/BannerlordModEditor.Common/Models/Data/ItemHolsters.cs(46,23): warning CS8618: 在退出构造函数时，不可为 null 的 属性 "HolsterSkeleton" 必须包含非 null 值。请考虑添加 "required" 修饰符或将该 属性 声明为可为 null。 [/root/WorkSpace/CSharp/BannerlordModEditor/BannerlordModEditor.Common/BannerlordModEditor.Common.csproj]
         /root/WorkSpace/CSharp/BannerlordModEditor/BannerlordModEditor.Common/Models/Data/ItemHolsters.cs(49,23): warning CS8618: 在退出构造函数时，不可为 null 的 属性 "HolsterBone" 必须包含非 null 值。请考虑添加 "required" 修饰符或将该 属性 声明为可为 null。 [/root/WorkSpace/CSharp/BannerlordModEditor/BannerlordModEditor.Common/BannerlordModEditor.Common.csproj]
         /root/WorkSpace/CSharp/BannerlordModEditor/BannerlordModEditor.Common/Models/Data/ItemHolsters.cs(52,23): warning CS8618: 在退出构造函数时，不可为 null 的 属性 "BaseSet" 必须包含非 null 值。请考虑添加 "required" 修饰符或将该 属性 声明为可为 null。 [/root/WorkSpace/CSharp/BannerlordModEditor/BannerlordModEditor.Common/BannerlordModEditor.Common.csproj]
         /root/WorkSpace/CSharp/BannerlordModEditor/BannerlordModEditor.Common/Models/Data/ItemHolsters.cs(55,23): warning CS8618: 在退出构造函数时，不可为 null 的 属性 "HolsterPosition" 必须包含非 null 值。请考虑添加 "required" 修饰符或将该 属性 声明为可为 null。 [/root/WorkSpace/CSharp/BannerlordModEditor/BannerlordModEditor.Common/BannerlordModEditor.Common.csproj]
         /root/WorkSpace/CSharp/BannerlordModEditor/BannerlordModEditor.Common/Models/Data/ItemHolsters.cs(58,23): warning CS8618: 在退出构造函数时，不可为 null 的 属性 "HolsterRotationYawPitchRoll" 必须包含非 null 值。请考虑添加 "required" 修饰符或将该 属性 声明为可为 null。 [/root/WorkSpace/CSharp/BannerlordModEditor/BannerlordModEditor.Common/BannerlordModEditor.Common.csproj]
         /root/WorkSpace/CSharp/BannerlordModEditor/BannerlordModEditor.Common/Models/Data/Looknfeel.cs(35,23): warning CS8618: 在退出构造函数时，不可为 null 的 属性 "Type" 必须包含非 null 值。请考虑添加 "required" 修饰符或将该 属性 声明为可为 null。 [/root/WorkSpace/CSharp/BannerlordModEditor/BannerlordModEditor.Common/BannerlordModEditor.Common.csproj]
         /root/WorkSpace/CSharp/BannerlordModEditor/BannerlordModEditor.Common/Models/Data/Looknfeel.cs(38,23): warning CS8618: 在退出构造函数时，不可为 null 的 属性 "Name" 必须包含非 null 值。请考虑添加 "required" 修饰符或将该 属性 声明为可为 null。 [/root/WorkSpace/CSharp/BannerlordModEditor/BannerlordModEditor.Common/BannerlordModEditor.Common.csproj]
         /root/WorkSpace/CSharp/BannerlordModEditor/BannerlordModEditor.Common/Models/Data/Looknfeel.cs(41,23): warning CS8618: 在退出构造函数时，不可为 null 的 属性 "TilingBorderSize" 必须包含非 null 值。请考虑添加 "required" 修饰符或将该 属性 声明为可为 null。 [/root/WorkSpace/CSharp/BannerlordModEditor/BannerlordModEditor.Common/BannerlordModEditor.Common.csproj]
         /root/WorkSpace/CSharp/BannerlordModEditor/BannerlordModEditor.Common/Models/Data/Looknfeel.cs(44,23): warning CS8618: 在退出构造函数时，不可为 null 的 属性 "TileBackgroundAccordingToBorder" 必须包含非 null 值。请考虑添加 "required" 修饰符或将该 属性 声明为可为 null。 [/root/WorkSpace/CSharp/BannerlordModEditor/BannerlordModEditor.Common/BannerlordModEditor.Common.csproj]
         /root/WorkSpace/CSharp/BannerlordModEditor/BannerlordModEditor.Common/Models/Data/Looknfeel.cs(47,23): warning CS8618: 在退出构造函数时，不可为 null 的 属性 "BackgroundTileSize" 必须包含非 null 值。请考虑添加 "required" 修饰符或将该 属性 声明为可为 null。 [/root/WorkSpace/CSharp/BannerlordModEditor/BannerlordModEditor.Common/BannerlordModEditor.Common.csproj]
         /root/WorkSpace/CSharp/BannerlordModEditor/BannerlordModEditor.Common/Models/Data/Looknfeel.cs(50,23): warning CS8618: 在退出构造函数时，不可为 null 的 属性 "Focusable" 必须包含非 null 值。请考虑添加 "required" 修饰符或将该 属性 声明为可为 null。 [/root/WorkSpace/CSharp/BannerlordModEditor/BannerlordModEditor.Common/BannerlordModEditor.Common.csproj]
         /root/WorkSpace/CSharp/BannerlordModEditor/BannerlordModEditor.Common/Models/Data/Looknfeel.cs(53,23): warning CS8618: 在退出构造函数时，不可为 null 的 属性 "Style" 必须包含非 null 值。请考虑添加 "required" 修饰符或将该 属性 声明为可为 null。 [/root/WorkSpace/CSharp/BannerlordModEditor/BannerlordModEditor.Common/BannerlordModEditor.Common.csproj]
         /root/WorkSpace/CSharp/BannerlordModEditor/BannerlordModEditor.Common/Models/Data/Looknfeel.cs(56,23): warning CS8618: 在退出构造函数时，不可为 null 的 属性 "TrackAreaInset" 必须包含非 null 值。请考虑添加 "required" 修饰符或将该 属性 声明为可为 null。 [/root/WorkSpace/CSharp/BannerlordModEditor/BannerlordModEditor.Common/BannerlordModEditor.Common.csproj]
         /root/WorkSpace/CSharp/BannerlordModEditor/BannerlordModEditor.Common/Models/Data/Looknfeel.cs(59,23): warning CS8618: 在退出构造函数时，不可为 null 的 属性 "Text" 必须包含非 null 值。请考虑添加 "required" 修饰符或将该 属性 声明为可为 null。 [/root/WorkSpace/CSharp/BannerlordModEditor/BannerlordModEditor.Common/BannerlordModEditor.Common.csproj]
         /root/WorkSpace/CSharp/BannerlordModEditor/BannerlordModEditor.Common/Models/Data/Looknfeel.cs(62,23): warning CS8618: 在退出构造函数时，不可为 null 的 属性 "InitialState" 必须包含非 null 值。请考虑添加 "required" 修饰符或将该 属性 声明为可为 null。 [/root/WorkSpace/CSharp/BannerlordModEditor/BannerlordModEditor.Common/BannerlordModEditor.Common.csproj]
         /root/WorkSpace/CSharp/BannerlordModEditor/BannerlordModEditor.Common/Models/Data/Looknfeel.cs(65,23): warning CS8618: 在退出构造函数时，不可为 null 的 属性 "NumOfCols" 必须包含非 null 值。请考虑添加 "required" 修饰符或将该 属性 声明为可为 null。 [/root/WorkSpace/CSharp/BannerlordModEditor/BannerlordModEditor.Common/BannerlordModEditor.Common.csproj]
         /root/WorkSpace/CSharp/BannerlordModEditor/BannerlordModEditor.Common/Models/Data/Looknfeel.cs(68,23): warning CS8618: 在退出构造函数时，不可为 null 的 属性 "NumOfRows" 必须包含非 null 值。请考虑添加 "required" 修饰符或将该 属性 声明为可为 null。 [/root/WorkSpace/CSharp/BannerlordModEditor/BannerlordModEditor.Common/BannerlordModEditor.Common.csproj]
         /root/WorkSpace/CSharp/BannerlordModEditor/BannerlordModEditor.Common/Models/Data/Looknfeel.cs(71,23): warning CS8618: 在退出构造函数时，不可为 null 的 属性 "MaxNumOfRows" 必须包含非 null 值。请考虑添加 "required" 修饰符或将该 属性 声明为可为 null。 [/root/WorkSpace/CSharp/BannerlordModEditor/BannerlordModEditor.Common/BannerlordModEditor.Common.csproj]
         /root/WorkSpace/CSharp/BannerlordModEditor/BannerlordModEditor.Common/Models/Data/Looknfeel.cs(74,23): warning CS8618: 在退出构造函数时，不可为 null 的 属性 "BorderSize" 必须包含非 null 值。请考虑添加 "required" 修饰符或将该 属性 声明为可为 null。 [/root/WorkSpace/CSharp/BannerlordModEditor/BannerlordModEditor.Common/BannerlordModEditor.Common.csproj]
         /root/WorkSpace/CSharp/BannerlordModEditor/BannerlordModEditor.Common/Models/Data/Looknfeel.cs(77,23): warning CS8618: 在退出构造函数时，不可为 null 的 属性 "ShowScrollBars" 必须包含非 null 值。请考虑添加 "required" 修饰符或将该 属性 声明为可为 null。 [/root/WorkSpace/CSharp/BannerlordModEditor/BannerlordModEditor.Common/BannerlordModEditor.Common.csproj]
         /root/WorkSpace/CSharp/BannerlordModEditor/BannerlordModEditor.Common/Models/Data/Looknfeel.cs(80,23): warning CS8618: 在退出构造函数时，不可为 null 的 属性 "ScrollAreaInset" 必须包含非 null 值。请考虑添加 "required" 修饰符或将该 属性 声明为可为 null。 [/root/WorkSpace/CSharp/BannerlordModEditor/BannerlordModEditor.Common/BannerlordModEditor.Common.csproj]
         /root/WorkSpace/CSharp/BannerlordModEditor/BannerlordModEditor.Common/Models/Data/Looknfeel.cs(83,23): warning CS8618: 在退出构造函数时，不可为 null 的 属性 "CellSize" 必须包含非 null 值。请考虑添加 "required" 修饰符或将该 属性 声明为可为 null。 [/root/WorkSpace/CSharp/BannerlordModEditor/BannerlordModEditor.Common/BannerlordModEditor.Common.csproj]
         /root/WorkSpace/CSharp/BannerlordModEditor/BannerlordModEditor.Common/Models/Data/Looknfeel.cs(86,23): warning CS8618: 在退出构造函数时，不可为 null 的 属性 "LayoutStyle" 必须包含非 null 值。请考虑添加 "required" 修饰符或将该 属性 声明为可为 null。 [/root/WorkSpace/CSharp/BannerlordModEditor/BannerlordModEditor.Common/BannerlordModEditor.Common.csproj]
         /root/WorkSpace/CSharp/BannerlordModEditor/BannerlordModEditor.Common/Models/Data/Looknfeel.cs(89,23): warning CS8618: 在退出构造函数时，不可为 null 的 属性 "LayoutAlignment" 必须包含非 null 值。请考虑添加 "required" 修饰符或将该 属性 声明为可为 null。 [/root/WorkSpace/CSharp/BannerlordModEditor/BannerlordModEditor.Common/BannerlordModEditor.Common.csproj]
         /root/WorkSpace/CSharp/BannerlordModEditor/BannerlordModEditor.Common/Models/Data/Looknfeel.cs(92,23): warning CS8618: 在退出构造函数时，不可为 null 的 属性 "AutoShowScrollBars" 必须包含非 null 值。请考虑添加 "required" 修饰符或将该 属性 声明为可为 null。 [/root/WorkSpace/CSharp/BannerlordModEditor/BannerlordModEditor.Common/BannerlordModEditor.Common.csproj]
         /root/WorkSpace/CSharp/BannerlordModEditor/BannerlordModEditor.Common/Models/Data/Looknfeel.cs(95,23): warning CS8618: 在退出构造函数时，不可为 null 的 属性 "IncrementVec" 必须包含非 null 值。请考虑添加 "required" 修饰符或将该 属性 声明为可为 null。 [/root/WorkSpace/CSharp/BannerlordModEditor/BannerlordModEditor.Common/BannerlordModEditor.Common.csproj]
         /root/WorkSpace/CSharp/BannerlordModEditor/BannerlordModEditor.Common/Models/Data/Looknfeel.cs(98,23): warning CS8618: 在退出构造函数时，不可为 null 的 属性 "InitialValue" 必须包含非 null 值。请考虑添加 "required" 修饰符或将该 属性 声明为可为 null。 [/root/WorkSpace/CSharp/BannerlordModEditor/BannerlordModEditor.Common/BannerlordModEditor.Common.csproj]
         /root/WorkSpace/CSharp/BannerlordModEditor/BannerlordModEditor.Common/Models/Data/Looknfeel.cs(101,23): warning CS8618: 在退出构造函数时，不可为 null 的 属性 "MaxAllowedDigit" 必须包含非 null 值。请考虑添加 "required" 修饰符或将该 属性 声明为可为 null。 [/root/WorkSpace/CSharp/BannerlordModEditor/BannerlordModEditor.Common/BannerlordModEditor.Common.csproj]
         /root/WorkSpace/CSharp/BannerlordModEditor/BannerlordModEditor.Common/Models/Data/Looknfeel.cs(104,23): warning CS8618: 在退出构造函数时，不可为 null 的 属性 "MinAllowedValue" 必须包含非 null 值。请考虑添加 "required" 修饰符或将该 属性 声明为可为 null。 [/root/WorkSpace/CSharp/BannerlordModEditor/BannerlordModEditor.Common/BannerlordModEditor.Common.csproj]
         /root/WorkSpace/CSharp/BannerlordModEditor/BannerlordModEditor.Common/Models/Data/Looknfeel.cs(107,23): warning CS8618: 在退出构造函数时，不可为 null 的 属性 "MaxAllowedValue" 必须包含非 null 值。请考虑添加 "required" 修饰符或将该 属性 声明为可为 null。 [/root/WorkSpace/CSharp/BannerlordModEditor/BannerlordModEditor.Common/BannerlordModEditor.Common.csproj]
         /root/WorkSpace/CSharp/BannerlordModEditor/BannerlordModEditor.Common/Models/Data/Looknfeel.cs(110,23): warning CS8618: 在退出构造函数时，不可为 null 的 属性 "StepValue" 必须包含非 null 值。请考虑添加 "required" 修饰符或将该 属性 声明为可为 null。 [/root/WorkSpace/CSharp/BannerlordModEditor/BannerlordModEditor.Common/BannerlordModEditor.Common.csproj]
         /root/WorkSpace/CSharp/BannerlordModEditor/BannerlordModEditor.Common/Models/Data/Looknfeel.cs(113,23): warning CS8618: 在退出构造函数时，不可为 null 的 属性 "MinValue" 必须包含非 null 值。请考虑添加 "required" 修饰符或将该 属性 声明为可为 null。 [/root/WorkSpace/CSharp/BannerlordModEditor/BannerlordModEditor.Common/BannerlordModEditor.Common.csproj]
         /root/WorkSpace/CSharp/BannerlordModEditor/BannerlordModEditor.Common/Models/Data/Looknfeel.cs(116,23): warning CS8618: 在退出构造函数时，不可为 null 的 属性 "MaxValue" 必须包含非 null 值。请考虑添加 "required" 修饰符或将该 属性 声明为可为 null。 [/root/WorkSpace/CSharp/BannerlordModEditor/BannerlordModEditor.Common/BannerlordModEditor.Common.csproj]
         /root/WorkSpace/CSharp/BannerlordModEditor/BannerlordModEditor.Common/Models/Data/Looknfeel.cs(119,23): warning CS8618: 在退出构造函数时，不可为 null 的 属性 "VerticalAlignment" 必须包含非 null 值。请考虑添加 "required" 修饰符或将该 属性 声明为可为 null。 [/root/WorkSpace/CSharp/BannerlordModEditor/BannerlordModEditor.Common/BannerlordModEditor.Common.csproj]
         /root/WorkSpace/CSharp/BannerlordModEditor/BannerlordModEditor.Common/Models/Data/Looknfeel.cs(122,23): warning CS8618: 在退出构造函数时，不可为 null 的 属性 "HorizontalAlignment" 必须包含非 null 值。请考虑添加 "required" 修饰符或将该 属性 声明为可为 null。 [/root/WorkSpace/CSharp/BannerlordModEditor/BannerlordModEditor.Common/BannerlordModEditor.Common.csproj]
         /root/WorkSpace/CSharp/BannerlordModEditor/BannerlordModEditor.Common/Models/Data/Looknfeel.cs(125,23): warning CS8618: 在退出构造函数时，不可为 null 的 属性 "HorizontalAligment" 必须包含非 null 值。请考虑添加 "required" 修饰符或将该 属性 声明为可为 null。 [/root/WorkSpace/CSharp/BannerlordModEditor/BannerlordModEditor.Common/BannerlordModEditor.Common.csproj]
         /root/WorkSpace/CSharp/BannerlordModEditor/BannerlordModEditor.Common/Models/Data/Looknfeel.cs(128,23): warning CS8618: 在退出构造函数时，不可为 null 的 属性 "TextHighlightColor" 必须包含非 null 值。请考虑添加 "required" 修饰符或将该 属性 声明为可为 null。 [/root/WorkSpace/CSharp/BannerlordModEditor/BannerlordModEditor.Common/BannerlordModEditor.Common.csproj]
         /root/WorkSpace/CSharp/BannerlordModEditor/BannerlordModEditor.Common/Models/Data/Looknfeel.cs(131,23): warning CS8618: 在退出构造函数时，不可为 null 的 属性 "TextColor" 必须包含非 null 值。请考虑添加 "required" 修饰符或将该 属性 声明为可为 null。 [/root/WorkSpace/CSharp/BannerlordModEditor/BannerlordModEditor.Common/BannerlordModEditor.Common.csproj]
         /root/WorkSpace/CSharp/BannerlordModEditor/BannerlordModEditor.Common/Models/Data/Looknfeel.cs(134,23): warning CS8618: 在退出构造函数时，不可为 null 的 属性 "FontSize" 必须包含非 null 值。请考虑添加 "required" 修饰符或将该 属性 声明为可为 null。 [/root/WorkSpace/CSharp/BannerlordModEditor/BannerlordModEditor.Common/BannerlordModEditor.Common.csproj]
         /root/WorkSpace/CSharp/BannerlordModEditor/BannerlordModEditor.Common/Models/Data/Looknfeel.cs(137,23): warning CS8618: 在退出构造函数时，不可为 null 的 属性 "Size" 必须包含非 null 值。请考虑添加 "required" 修饰符或将该 属性 声明为可为 null。 [/root/WorkSpace/CSharp/BannerlordModEditor/BannerlordModEditor.Common/BannerlordModEditor.Common.csproj]
         /root/WorkSpace/CSharp/BannerlordModEditor/BannerlordModEditor.Common/Models/Data/Looknfeel.cs(140,23): warning CS8618: 在退出构造函数时，不可为 null 的 属性 "Position" 必须包含非 null 值。请考虑添加 "required" 修饰符或将该 属性 声明为可为 null。 [/root/WorkSpace/CSharp/BannerlordModEditor/BannerlordModEditor.Common/BannerlordModEditor.Common.csproj]
         /root/WorkSpace/CSharp/BannerlordModEditor/BannerlordModEditor.Common/Models/Data/Looknfeel.cs(143,41): warning CS8618: 在退出构造函数时，不可为 null 的 属性 "Meshes" 必须包含非 null 值。请考虑添加 "required" 修饰符或将该 属性 声明为可为 null。 [/root/WorkSpace/CSharp/BannerlordModEditor/BannerlordModEditor.Common/BannerlordModEditor.Common.csproj]
         /root/WorkSpace/CSharp/BannerlordModEditor/BannerlordModEditor.Common/Models/Data/Looknfeel.cs(146,23): warning CS8618: 在退出构造函数时，不可为 null 的 属性 "ButtonMesh" 必须包含非 null 值。请考虑添加 "required" 修饰符或将该 属性 声明为可为 null。 [/root/WorkSpace/CSharp/BannerlordModEditor/BannerlordModEditor.Common/BannerlordModEditor.Common.csproj]
         /root/WorkSpace/CSharp/BannerlordModEditor/BannerlordModEditor.Common/Models/Data/Looknfeel.cs(149,36): warning CS8618: 在退出构造函数时，不可为 null 的 属性 "SubWidgets" 必须包含非 null 值。请考虑添加 "required" 修饰符或将该 属性 声明为可为 null。 [/root/WorkSpace/CSharp/BannerlordModEditor/BannerlordModEditor.Common/BannerlordModEditor.Common.csproj]
         /root/WorkSpace/CSharp/BannerlordModEditor/BannerlordModEditor.Common/Models/Data/Mpitems.cs(21,23): warning CS8618: 在退出构造函数时，不可为 null 的 属性 "Id" 必须包含非 null 值。请考虑添加 "required" 修饰符或将该 属性 声明为可为 null。 [/root/WorkSpace/CSharp/BannerlordModEditor/BannerlordModEditor.Common/BannerlordModEditor.Common.csproj]
         /root/WorkSpace/CSharp/BannerlordModEditor/BannerlordModEditor.Common/Models/Data/Mpitems.cs(25,23): warning CS8618: 在退出构造函数时，不可为 null 的 属性 "Name" 必须包含非 null 值。请考虑添加 "required" 修饰符或将该 属性 声明为可为 null。 [/root/WorkSpace/CSharp/BannerlordModEditor/BannerlordModEditor.Common/BannerlordModEditor.Common.csproj]
         /root/WorkSpace/CSharp/BannerlordModEditor/BannerlordModEditor.Common/Models/Data/Mpitems.cs(29,23): warning CS8618: 在退出构造函数时，不可为 null 的 属性 "Subtype" 必须包含非 null 值。请考虑添加 "required" 修饰符或将该 属性 声明为可为 null。 [/root/WorkSpace/CSharp/BannerlordModEditor/BannerlordModEditor.Common/BannerlordModEditor.Common.csproj]
         /root/WorkSpace/CSharp/BannerlordModEditor/BannerlordModEditor.Common/Models/Data/Mpitems.cs(33,23): warning CS8618: 在退出构造函数时，不可为 null 的 属性 "Mesh" 必须包含非 null 值。请考虑添加 "required" 修饰符或将该 属性 声明为可为 null。 [/root/WorkSpace/CSharp/BannerlordModEditor/BannerlordModEditor.Common/BannerlordModEditor.Common.csproj]
         /root/WorkSpace/CSharp/BannerlordModEditor/BannerlordModEditor.Common/Models/Data/Mpitems.cs(37,23): warning CS8618: 在退出构造函数时，不可为 null 的 属性 "Culture" 必须包含非 null 值。请考虑添加 "required" 修饰符或将该 属性 声明为可为 null。 [/root/WorkSpace/CSharp/BannerlordModEditor/BannerlordModEditor.Common/BannerlordModEditor.Common.csproj]
         /root/WorkSpace/CSharp/BannerlordModEditor/BannerlordModEditor.Common/Models/Data/Mpitems.cs(61,23): warning CS8618: 在退出构造函数时，不可为 null 的 属性 "Type" 必须包含非 null 值。请考虑添加 "required" 修饰符或将该 属性 声明为可为 null。 [/root/WorkSpace/CSharp/BannerlordModEditor/BannerlordModEditor.Common/BannerlordModEditor.Common.csproj]
         /root/WorkSpace/CSharp/BannerlordModEditor/BannerlordModEditor.Common/Models/Data/Mpitems.cs(65,37): warning CS8618: 在退出构造函数时，不可为 null 的 属性 "ItemComponent" 必须包含非 null 值。请考虑添加 "required" 修饰符或将该 属性 声明为可为 null。 [/root/WorkSpace/CSharp/BannerlordModEditor/BannerlordModEditor.Common/BannerlordModEditor.Common.csproj]
         /root/WorkSpace/CSharp/BannerlordModEditor/BannerlordModEditor.Common/Models/Data/Mpitems.cs(69,29): warning CS8618: 在退出构造函数时，不可为 null 的 属性 "Flags" 必须包含非 null 值。请考虑添加 "required" 修饰符或将该 属性 声明为可为 null。 [/root/WorkSpace/CSharp/BannerlordModEditor/BannerlordModEditor.Common/BannerlordModEditor.Common.csproj]


       “/root/WorkSpace/CSharp/BannerlordModEditor/BannerlordModEditor.Common.Tests/BannerlordModEditor.Common.Tests.csproj”(VSTest 目标) (1:7) ->
       “/root/WorkSpace/CSharp/BannerlordModEditor/BannerlordModEditor.Common.Tests/BannerlordModEditor.Common.Tests.csproj”(默认目标) (1:8) ->
       “/root/WorkSpace/CSharp/BannerlordModEditor/BannerlordModEditor.Common/BannerlordModEditor.Common.csproj”(默认目标) (2:6) ->
       (CopyFilesToOutputDirectory 目标) -> 
         /usr/local/bin/sdk/9.0.303/Microsoft.Common.CurrentVersion.targets(4917,5): warning MSB3026: 无法将“obj/Debug/net9.0/BannerlordModEditor.Common.dll”复制到“bin/Debug/net9.0/BannerlordModEditor.Common.dll”。1000 毫秒后将开始第 1 次重试。The process cannot access the file '/root/WorkSpace/CSharp/BannerlordModEditor/BannerlordModEditor.Common/obj/Debug/net9.0/BannerlordModEditor.Common.dll' because it is being used by another process.  [/root/WorkSpace/CSharp/BannerlordModEditor/BannerlordModEditor.Common/BannerlordModEditor.Common.csproj]

    1124 个警告
    0 个错误

已用时间 00:00:03.98
